Linux 7.0.0-1010-aws (ip-172-31-31-224) 	08/11/26 	_x86_64_	(2 CPU)

06:38:09        CPU     %user     %nice   %system   %iowait    %steal     %idle
06:38:10        all     49.01      0.00      4.95      0.00      2.97     43.07
06:38:11        all     48.74      0.00      4.02      0.00      1.01     46.23
06:38:12        all     48.99      0.00      3.03      0.00      1.52     46.46
06:38:13        all     53.77      0.00      6.03      0.00      2.01     38.19
06:38:14        all     51.00      0.00      3.50      0.00      0.50     45.00
06:38:15        all     46.23      0.00      3.52      0.00      1.01     49.25
06:38:16        all     48.24      0.00      2.51      0.50      4.02     44.72
06:38:17        all     49.25      0.00      4.52      0.00      1.01     45.23
06:38:18        all     12.00      0.00      1.00      0.00      1.00     86.00
06:38:19        all      1.50      0.00      0.50      0.00      0.00     98.00
06:38:20        all      0.00      0.00      0.00      0.00      0.00    100.00
06:38:21        all      0.50      0.00      0.00      0.00      0.00     99.50
06:38:22        all      0.00      0.00      0.00      0.00      0.50     99.50
06:38:23        all      1.01      0.00      0.50      0.00      0.00     98.49
06:38:24        all      6.63      0.00      2.55      0.00      1.02     89.80
06:38:25        all      8.04      0.00      4.02      0.00      1.01     86.93
06:38:26        all      3.57      0.00      1.53      0.00      0.51     94.39
06:38:27        all      0.50      0.00      1.00      0.00      0.50     98.01
06:38:28        all      5.05      0.00      0.51      0.00      0.00     94.44
06:38:29        all      1.00      0.00      0.00      0.00      0.00     99.00
06:38:30        all      0.00      0.00      1.00      0.00      0.00     99.00
06:38:31        all      0.50      0.00      0.00      0.00      0.00     99.50
06:38:32        all      0.00      0.00      0.00      0.00      0.00    100.00
06:38:33        all      0.00      0.00      0.50      0.00      0.00     99.50
06:38:34        all      0.50      0.00      0.00      0.00      1.00     98.51
06:38:35        all      0.00      0.00      0.00      0.00      0.00    100.00


Average:        all     16.79      0.00      1.74      0.02      0.75     80.70
