Linux 7.0.0-1010-aws (ip-172-31-31-224) 	08/11/26 	_x86_64_	(2 CPU)

06:38:09        IFACE   rxpck/s   txpck/s    rxkB/s    txkB/s   rxcmp/s   txcmp/s  rxmcst/s   %ifutil
06:38:10         ens5     54.00     47.00      4.39      6.09      0.00      0.00      0.00      0.00

06:38:10        IFACE   rxpck/s   txpck/s    rxkB/s    txkB/s   rxcmp/s   txcmp/s  rxmcst/s   %ifutil
06:38:11         ens5      8.00      6.00      0.42      1.20      0.00      0.00      0.00      0.00

06:38:11        IFACE   rxpck/s   txpck/s    rxkB/s    txkB/s   rxcmp/s   txcmp/s  rxmcst/s   %ifutil
06:38:12         ens5      6.00      8.00      0.30      1.70      0.00      0.00      0.00      0.00

06:38:12        IFACE   rxpck/s   txpck/s    rxkB/s    txkB/s   rxcmp/s   txcmp/s  rxmcst/s   %ifutil
06:38:13         ens5      7.00      5.00      0.36      1.04      0.00      0.00      0.00      0.00

06:38:13        IFACE   rxpck/s   txpck/s    rxkB/s    txkB/s   rxcmp/s   txcmp/s  rxmcst/s   %ifutil
06:38:14         ens5      5.00      6.00      0.25      1.33      0.00      0.00      0.00      0.00

06:38:14        IFACE   rxpck/s   txpck/s    rxkB/s    txkB/s   rxcmp/s   txcmp/s  rxmcst/s   %ifutil
06:38:15         ens5     10.00     10.00      0.51      2.09      0.00      0.00      0.00      0.00

06:38:15        IFACE   rxpck/s   txpck/s    rxkB/s    txkB/s   rxcmp/s   txcmp/s  rxmcst/s   %ifutil
06:38:16         ens5      6.00      5.00      0.30      1.08      0.00      0.00      0.00      0.00

06:38:16        IFACE   rxpck/s   txpck/s    rxkB/s    txkB/s   rxcmp/s   txcmp/s  rxmcst/s   %ifutil
06:38:17         ens5      4.00      4.00      0.20      0.88      0.00      0.00      0.00      0.00

06:38:17        IFACE   rxpck/s   txpck/s    rxkB/s    txkB/s   rxcmp/s   txcmp/s  rxmcst/s   %ifutil
06:38:18         ens5      3.00      3.00      0.15      0.61      0.00      0.00      0.00      0.00

06:38:18        IFACE   rxpck/s   txpck/s    rxkB/s    txkB/s   rxcmp/s   txcmp/s  rxmcst/s   %ifutil
06:38:19         ens5     21.00     46.00      8.62     47.36      0.00      0.00      0.00      0.00

06:38:19        IFACE   rxpck/s   txpck/s    rxkB/s    txkB/s   rxcmp/s   txcmp/s  rxmcst/s   %ifutil
06:38:20         ens5      0.00      0.00      0.00      0.00      0.00      0.00      0.00      0.00

06:38:20        IFACE   rxpck/s   txpck/s    rxkB/s    txkB/s   rxcmp/s   txcmp/s  rxmcst/s   %ifutil
06:38:21         ens5      0.00      0.00      0.00      0.00      0.00      0.00      0.00      0.00

06:38:21        IFACE   rxpck/s   txpck/s    rxkB/s    txkB/s   rxcmp/s   txcmp/s  rxmcst/s   %ifutil
06:38:22         ens5      0.00      0.00      0.00      0.00      0.00      0.00      0.00      0.00

06:38:22        IFACE   rxpck/s   txpck/s    rxkB/s    txkB/s   rxcmp/s   txcmp/s  rxmcst/s   %ifutil
06:38:23         ens5     33.00     79.00     16.84     76.11      0.00      0.00      0.00      0.00

06:38:23        IFACE   rxpck/s   txpck/s    rxkB/s    txkB/s   rxcmp/s   txcmp/s  rxmcst/s   %ifutil
06:38:24         ens5    441.00   1238.00    268.85   1208.77      0.00      0.00      0.00      0.00

06:38:24        IFACE   rxpck/s   txpck/s    rxkB/s    txkB/s   rxcmp/s   txcmp/s  rxmcst/s   %ifutil
06:38:25         ens5    563.00   1572.00    355.30   1580.80      0.00      0.00      0.00      0.00

06:38:25        IFACE   rxpck/s   txpck/s    rxkB/s    txkB/s   rxcmp/s   txcmp/s  rxmcst/s   %ifutil
06:38:26         ens5    309.00    714.00    135.54    656.99      0.00      0.00      0.00      0.00

06:38:26        IFACE   rxpck/s   txpck/s    rxkB/s    txkB/s   rxcmp/s   txcmp/s  rxmcst/s   %ifutil
06:38:27         ens5      0.00      0.00      0.00      0.00      0.00      0.00      0.00      0.00

06:38:27        IFACE   rxpck/s   txpck/s    rxkB/s    txkB/s   rxcmp/s   txcmp/s  rxmcst/s   %ifutil
06:38:28         ens5      0.00      0.00      0.00      0.00      0.00      0.00      0.00      0.00

06:38:28        IFACE   rxpck/s   txpck/s    rxkB/s    txkB/s   rxcmp/s   txcmp/s  rxmcst/s   %ifutil
06:38:29         ens5      0.00      0.00      0.00      0.00      0.00      0.00      0.00      0.00

06:38:29        IFACE   rxpck/s   txpck/s    rxkB/s    txkB/s   rxcmp/s   txcmp/s  rxmcst/s   %ifutil
06:38:30         ens5      0.00      0.00      0.00      0.00      0.00      0.00      0.00      0.00

06:38:30        IFACE   rxpck/s   txpck/s    rxkB/s    txkB/s   rxcmp/s   txcmp/s  rxmcst/s   %ifutil
06:38:31         ens5      0.00      0.00      0.00      0.00      0.00      0.00      0.00      0.00

06:38:31        IFACE   rxpck/s   txpck/s    rxkB/s    txkB/s   rxcmp/s   txcmp/s  rxmcst/s   %ifutil
06:38:32         ens5      0.00      0.00      0.00      0.00      0.00      0.00      0.00      0.00

06:38:32        IFACE   rxpck/s   txpck/s    rxkB/s    txkB/s   rxcmp/s   txcmp/s  rxmcst/s   %ifutil
06:38:33         ens5      0.00      0.00      0.00      0.00      0.00      0.00      0.00      0.00

06:38:33        IFACE   rxpck/s   txpck/s    rxkB/s    txkB/s   rxcmp/s   txcmp/s  rxmcst/s   %ifutil
06:38:34         ens5      0.00      1.00      0.00      0.22      0.00      0.00      0.00      0.00

06:38:34        IFACE   rxpck/s   txpck/s    rxkB/s    txkB/s   rxcmp/s   txcmp/s  rxmcst/s   %ifutil
06:38:35         ens5      1.00      0.00      0.21      0.00      0.00      0.00      0.00      0.00


Average:        IFACE   rxpck/s   txpck/s    rxkB/s    txkB/s   rxcmp/s   txcmp/s  rxmcst/s   %ifutil
Average:         ens5     56.58    144.00     30.47    137.93      0.00      0.00      0.00      0.00
