Linux 7.0.0-1010-aws (ip-172-31-31-224) 	08/11/26 	_x86_64_	(2 CPU)

06:53:04        CPU     %user     %nice   %system   %iowait    %steal     %idle
06:53:05        all     46.97      0.00      5.05      0.00      4.04     43.94
06:53:06        all     50.00      0.00      4.04      0.00      1.52     44.44
06:53:07        all     49.50      0.00      3.47      0.00      0.99     46.04
06:53:08        all     48.99      0.00      3.03      0.00      1.01     46.97
06:53:09        all     48.74      0.00      3.02      0.00      1.51     46.73
06:53:10        all     49.00      0.00      3.50      0.00      1.50     46.00
06:53:11        all     48.99      0.00      3.54      0.00      2.02     45.45
06:53:12        all     47.00      0.00      5.00      0.00      0.50     47.50
06:53:13        all     11.68      0.00      0.51      0.00      0.00     87.82
06:53:14        all      5.50      0.00      1.50      0.00      0.00     93.00
06:53:15        all      0.00      0.00      0.50      0.00      0.50     98.99
06:53:16        all      0.00      0.00      0.00      0.00      0.00    100.00
06:53:17        all      0.51      0.00      0.51      0.00      0.00     98.99
06:53:18        all      0.50      0.00      0.50      0.00      0.00     99.00
06:53:19        all      0.00      0.00      0.50      0.50      0.00     98.99
06:53:20        all      0.50      0.00      0.00      0.00      1.00     98.51
06:53:21        all      1.01      0.00      1.51      0.00      0.00     97.49
06:53:22        all      3.08      0.00      1.54      0.00      1.03     94.36
06:53:23        all      2.02      0.00      3.03      0.00      0.00     94.95
06:53:24        all      0.00      0.00      0.00      0.00      1.01     98.99
06:53:25        all      0.50      0.00      0.00      0.00      0.00     99.50
06:53:26        all      0.51      0.00      0.00      0.00      0.00     99.49
06:53:27        all      0.50      0.00      0.00      0.00      0.00     99.50
06:53:28        all      0.00      0.00      0.00      0.00      0.00    100.00
06:53:29        all      5.50      0.00      1.50      0.00      0.00     93.00
06:53:30        all      1.51      0.00      0.00      0.00      1.01     97.49


Average:        all     16.26      0.00      1.62      0.02      0.68     81.42
