Linux 7.0.0-1010-aws (ip-172-31-31-224) 	08/11/26 	_x86_64_	(2 CPU)

06:53:04    kbmemfree   kbavail kbmemused  %memused kbbuffers  kbcached  kbcommit   %commit  kbactive   kbinact   kbdirty
06:53:05       709700   1309940    421488     21.60     15932    726468   1593536     81.68    387692    689388       764
06:53:06       621500   1221740    509688     26.13     15932    726468   1676888     85.95    469080    689388       764
06:53:07       548924   1149164    582264     29.85     15932    726468   1751392     89.77    544180    689388       764
06:53:08       452408   1052648    678780     34.79     15932    726468   1843640     94.50    635848    689388       764
06:53:09       388148    988388    743040     38.09     15932    726468   1914860     98.15    705820    689388       764
06:53:10       339764    940008    791420     40.57     15932    726472   1964908    100.72    760320    689392       768
06:53:11       235184    835428    896000     45.93     15932    726472   2061344    105.66    854732    689392       768
06:53:12       106160    706404   1025024     52.54     15932    726472   2194672    112.50    989140    689392       768
06:53:13       106160    706404   1025024     52.54     15932    726472   2198960    112.72    992000    689392       768
06:53:14       106160    706404   1025016     52.54     15932    726480   2198960    112.72    992204    689392       776
06:53:15       106160    706416   1025012     52.54     15932    726484   2198960    112.72    992204    689404       776
06:53:16       106160    706416   1025012     52.54     15932    726484   2198960    112.72    992204    689404       776
06:53:17       106160    706416   1024988     52.54     15956    726484   2198960    112.72    992204    689404       792
06:53:18       106160    706416   1024988     52.54     15956    726484   2198960    112.72    992260    689404       668
06:53:19       106160    706440   1024988     52.54     15956    726484   2198960    112.72    992260    689428       220
06:53:20       106160    706440   1024988     52.54     15956    726484   2198960    112.72    992260    689428       216
06:53:21       105404    705684   1025656     52.57     15956    726572   2198960    112.72    992848    689428       220
06:53:22       105404    705792   1025632     52.57     15956    726596   2198960    112.72    993004    689428       220
06:53:23       105180    705568   1025856     52.58     15956    726596   2198960    112.72    993004    689428       220
06:53:24       105180    705568   1025856     52.58     15956    726596   2198960    112.72    993004    689428       220
06:53:25       105180    705568   1025852     52.58     15956    726600   2198960    112.72    993004    689428       224
06:53:26       105180    705568   1025844     52.58     15956    726608   2198960    112.72    993004    689428       620
06:53:27       105180    705568   1025840     52.58     15956    726612   2198960    112.72    993004    689428       660
06:53:28       105180    705568   1025840     52.58     15956    726612   2198960    112.72    993004    689428       660
06:53:29       105180    705568   1025840     52.58     15956    726612   2198960    112.72    993004    689428       660
06:53:30       105180    705584   1025828     52.58     15956    726624   2198960    112.72    993080    689444       672

Average:       203974    804273    927145     47.52     15945    726525   2099328    107.61    892860    689410       596
