Linux 7.0.0-1010-aws (ip-172-31-31-224) 	08/11/26 	_x86_64_	(2 CPU)

06:53:04        IFACE   rxpck/s   txpck/s    rxkB/s    txkB/s   rxcmp/s   txcmp/s  rxmcst/s   %ifutil
06:53:05         ens5     63.00     60.00      4.99      7.04      0.00      0.00      0.00      0.00

06:53:05        IFACE   rxpck/s   txpck/s    rxkB/s    txkB/s   rxcmp/s   txcmp/s  rxmcst/s   %ifutil
06:53:06         ens5     57.00     56.00      4.69      6.18      0.00      0.00      0.00      0.00

06:53:06        IFACE   rxpck/s   txpck/s    rxkB/s    txkB/s   rxcmp/s   txcmp/s  rxmcst/s   %ifutil
06:53:07         ens5      7.00     10.00      0.46      1.79      0.00      0.00      0.00      0.00

06:53:07        IFACE   rxpck/s   txpck/s    rxkB/s    txkB/s   rxcmp/s   txcmp/s  rxmcst/s   %ifutil
06:53:08         ens5      7.00      6.00      0.36      1.25      0.00      0.00      0.00      0.00

06:53:08        IFACE   rxpck/s   txpck/s    rxkB/s    txkB/s   rxcmp/s   txcmp/s  rxmcst/s   %ifutil
06:53:09         ens5      6.00      7.00      0.30      1.54      0.00      0.00      0.00      0.00

06:53:09        IFACE   rxpck/s   txpck/s    rxkB/s    txkB/s   rxcmp/s   txcmp/s  rxmcst/s   %ifutil
06:53:10         ens5      9.00      8.00      0.46      1.66      0.00      0.00      0.00      0.00

06:53:10        IFACE   rxpck/s   txpck/s    rxkB/s    txkB/s   rxcmp/s   txcmp/s  rxmcst/s   %ifutil
06:53:11         ens5      6.00      6.00      0.30      1.29      0.00      0.00      0.00      0.00

06:53:11        IFACE   rxpck/s   txpck/s    rxkB/s    txkB/s   rxcmp/s   txcmp/s  rxmcst/s   %ifutil
06:53:12         ens5      4.00      4.00      0.20      0.88      0.00      0.00      0.00      0.00

06:53:12        IFACE   rxpck/s   txpck/s    rxkB/s    txkB/s   rxcmp/s   txcmp/s  rxmcst/s   %ifutil
06:53:13         ens5      3.00      3.00      0.15      0.61      0.00      0.00      0.00      0.00

06:53:13        IFACE   rxpck/s   txpck/s    rxkB/s    txkB/s   rxcmp/s   txcmp/s  rxmcst/s   %ifutil
06:53:14         ens5      0.00      0.00      0.00      0.00      0.00      0.00      0.00      0.00

06:53:14        IFACE   rxpck/s   txpck/s    rxkB/s    txkB/s   rxcmp/s   txcmp/s  rxmcst/s   %ifutil
06:53:15         ens5     31.00     40.00      1.79     42.71      0.00      0.00      0.00      0.00

06:53:15        IFACE   rxpck/s   txpck/s    rxkB/s    txkB/s   rxcmp/s   txcmp/s  rxmcst/s   %ifutil
06:53:16         ens5      1.00      1.00      0.07      0.09      0.00      0.00      0.00      0.00

06:53:16        IFACE   rxpck/s   txpck/s    rxkB/s    txkB/s   rxcmp/s   txcmp/s  rxmcst/s   %ifutil
06:53:17         ens5      0.00      0.00      0.00      0.00      0.00      0.00      0.00      0.00

06:53:17        IFACE   rxpck/s   txpck/s    rxkB/s    txkB/s   rxcmp/s   txcmp/s  rxmcst/s   %ifutil
06:53:18         ens5      0.00      0.00      0.00      0.00      0.00      0.00      0.00      0.00

06:53:18        IFACE   rxpck/s   txpck/s    rxkB/s    txkB/s   rxcmp/s   txcmp/s  rxmcst/s   %ifutil
06:53:19         ens5      0.00      0.00      0.00      0.00      0.00      0.00      0.00      0.00

06:53:19        IFACE   rxpck/s   txpck/s    rxkB/s    txkB/s   rxcmp/s   txcmp/s  rxmcst/s   %ifutil
06:53:20         ens5      0.00      0.00      0.00      0.00      0.00      0.00      0.00      0.00

06:53:20        IFACE   rxpck/s   txpck/s    rxkB/s    txkB/s   rxcmp/s   txcmp/s  rxmcst/s   %ifutil
06:53:21         ens5    252.00    339.00     15.04    325.41      0.00      0.00      0.00      0.00

06:53:21        IFACE   rxpck/s   txpck/s    rxkB/s    txkB/s   rxcmp/s   txcmp/s  rxmcst/s   %ifutil
06:53:22         ens5   1189.00   1522.00     70.56   1469.93      0.00      0.00      0.00      0.00

06:53:22        IFACE   rxpck/s   txpck/s    rxkB/s    txkB/s   rxcmp/s   txcmp/s  rxmcst/s   %ifutil
06:53:23         ens5    963.00   1229.00     56.57   1222.22      0.00      0.00      0.00      0.00

06:53:23        IFACE   rxpck/s   txpck/s    rxkB/s    txkB/s   rxcmp/s   txcmp/s  rxmcst/s   %ifutil
06:53:24         ens5     97.00    116.00      5.49    120.69      0.00      0.00      0.00      0.00

06:53:24        IFACE   rxpck/s   txpck/s    rxkB/s    txkB/s   rxcmp/s   txcmp/s  rxmcst/s   %ifutil
06:53:25         ens5      0.00      0.00      0.00      0.00      0.00      0.00      0.00      0.00

06:53:25        IFACE   rxpck/s   txpck/s    rxkB/s    txkB/s   rxcmp/s   txcmp/s  rxmcst/s   %ifutil
06:53:26         ens5     27.00     28.00      9.96      6.37      0.00      0.00      0.00      0.00

06:53:26        IFACE   rxpck/s   txpck/s    rxkB/s    txkB/s   rxcmp/s   txcmp/s  rxmcst/s   %ifutil
06:53:27         ens5      0.00      0.00      0.00      0.00      0.00      0.00      0.00      0.00

06:53:27        IFACE   rxpck/s   txpck/s    rxkB/s    txkB/s   rxcmp/s   txcmp/s  rxmcst/s   %ifutil
06:53:28         ens5      0.00      0.00      0.00      0.00      0.00      0.00      0.00      0.00

06:53:28        IFACE   rxpck/s   txpck/s    rxkB/s    txkB/s   rxcmp/s   txcmp/s  rxmcst/s   %ifutil
06:53:29         ens5      0.00      0.00      0.00      0.00      0.00      0.00      0.00      0.00

06:53:29        IFACE   rxpck/s   txpck/s    rxkB/s    txkB/s   rxcmp/s   txcmp/s  rxmcst/s   %ifutil
06:53:30         ens5      0.00      0.00      0.00      0.00      0.00      0.00      0.00      0.00


Average:        IFACE   rxpck/s   txpck/s    rxkB/s    txkB/s   rxcmp/s   txcmp/s  rxmcst/s   %ifutil
Average:         ens5    104.69    132.12      6.59    123.45      0.00      0.00      0.00      0.00
