Linux 7.0.0-1010-aws (ip-172-31-31-224) 	08/11/26 	_x86_64_	(2 CPU)

06:37:03        CPU     %user     %nice   %system   %iowait    %steal     %idle
06:37:04        all     36.59      0.00      3.90      0.00     16.10     43.41
06:37:05        all     45.45      0.00      3.03      0.00      6.57     44.95
06:37:06        all     48.00      0.00      4.50      0.00      3.00     44.50
06:37:07        all     46.53      0.00      2.97      0.00      2.97     47.52
06:37:08        all     45.45      0.00      3.54      0.00      4.04     46.97
06:37:09        all     46.73      0.00      4.02      0.00      3.02     46.23
06:37:10        all     47.26      0.00      1.99      0.00      4.48     46.27
06:37:11        all     49.00      0.00      4.00      0.00      2.00     45.00
06:37:12        all     48.99      0.00      5.05      0.00      0.00     45.96
06:37:13        all      3.00      0.00      0.50      0.00      0.50     96.00
06:37:14        all      3.03      0.00      1.01      0.00      0.51     95.45
06:37:15        all      0.00      0.00      0.00      0.00      0.00    100.00
06:37:16        all      1.00      0.00      0.00      0.00      0.00     99.00
06:37:17        all      0.00      0.00      0.51      0.00      0.00     99.49
06:37:18        all      0.00      0.00      0.00      0.00      0.00    100.00
06:37:19        all      6.09      0.00      3.05      0.00      1.02     89.85
06:37:20        all      9.45      0.00      4.48      0.00      2.49     83.58
06:37:21        all      3.54      0.00      2.02      0.00      1.01     93.43
06:37:22        all      0.50      0.00      0.50      0.00      0.50     98.49
06:37:23        all      0.50      0.00      0.00      0.00      0.00     99.50
06:37:24        all      0.51      0.00      0.00      0.00      0.00     99.49
06:37:25        all      0.00      0.00      0.00      0.00      0.00    100.00
06:37:26        all      0.50      0.00      1.01      0.00      0.00     98.49
06:37:27        all      1.00      0.00      0.00      0.00      0.00     99.00
06:37:28        all      2.51      0.00      1.51      0.00      0.00     95.98
06:37:29        all      3.02      0.00      0.00      0.00      0.50     96.48
06:37:30        all      0.00      0.00      0.50      0.00      0.50     99.00
06:37:31        all      0.00      0.00      0.00      0.00      0.00    100.00

Average:        all     16.06      0.00      1.72      0.00      1.77     80.44
