Linux 7.0.0-1010-aws (ip-172-31-31-224) 	08/11/26 	_x86_64_	(2 CPU)

06:37:03        IFACE   rxpck/s   txpck/s    rxkB/s    txkB/s   rxcmp/s   txcmp/s  rxmcst/s   %ifutil
06:37:04         ens5     51.00     48.00      4.22      5.98      0.00      0.00      0.00      0.00

06:37:04        IFACE   rxpck/s   txpck/s    rxkB/s    txkB/s   rxcmp/s   txcmp/s  rxmcst/s   %ifutil
06:37:05         ens5     55.00     47.00      4.67      5.56      0.00      0.00      0.00      0.00

06:37:05        IFACE   rxpck/s   txpck/s    rxkB/s    txkB/s   rxcmp/s   txcmp/s  rxmcst/s   %ifutil
06:37:06         ens5     15.00     14.00      1.18      1.95      0.00      0.00      0.00      0.00

06:37:06        IFACE   rxpck/s   txpck/s    rxkB/s    txkB/s   rxcmp/s   txcmp/s  rxmcst/s   %ifutil
06:37:07         ens5      7.00     10.00      0.36      2.09      0.00      0.00      0.00      0.00

06:37:07        IFACE   rxpck/s   txpck/s    rxkB/s    txkB/s   rxcmp/s   txcmp/s  rxmcst/s   %ifutil
06:37:08         ens5      5.00      5.00      0.25      1.09      0.00      0.00      0.00      0.00

06:37:08        IFACE   rxpck/s   txpck/s    rxkB/s    txkB/s   rxcmp/s   txcmp/s  rxmcst/s   %ifutil
06:37:09         ens5      3.00      3.00      0.15      0.66      0.00      0.00      0.00      0.00

06:37:09        IFACE   rxpck/s   txpck/s    rxkB/s    txkB/s   rxcmp/s   txcmp/s  rxmcst/s   %ifutil
06:37:10         ens5     11.00     11.00      0.56      2.19      0.00      0.00      0.00      0.00

06:37:10        IFACE   rxpck/s   txpck/s    rxkB/s    txkB/s   rxcmp/s   txcmp/s  rxmcst/s   %ifutil
06:37:11         ens5      5.00      6.00      0.25      1.31      0.00      0.00      0.00      0.00

06:37:11        IFACE   rxpck/s   txpck/s    rxkB/s    txkB/s   rxcmp/s   txcmp/s  rxmcst/s   %ifutil
06:37:12         ens5      5.00      5.00      0.25      1.05      0.00      0.00      0.00      0.00

06:37:12        IFACE   rxpck/s   txpck/s    rxkB/s    txkB/s   rxcmp/s   txcmp/s  rxmcst/s   %ifutil
06:37:13         ens5      1.00      0.00      0.05      0.00      0.00      0.00      0.00      0.00

06:37:13        IFACE   rxpck/s   txpck/s    rxkB/s    txkB/s   rxcmp/s   txcmp/s  rxmcst/s   %ifutil
06:37:14         ens5     19.00     46.00      8.51     47.46      0.00      0.00      0.00      0.00

06:37:14        IFACE   rxpck/s   txpck/s    rxkB/s    txkB/s   rxcmp/s   txcmp/s  rxmcst/s   %ifutil
06:37:15         ens5      0.00      0.00      0.00      0.00      0.00      0.00      0.00      0.00

06:37:15        IFACE   rxpck/s   txpck/s    rxkB/s    txkB/s   rxcmp/s   txcmp/s  rxmcst/s   %ifutil
06:37:16         ens5      0.00      0.00      0.00      0.00      0.00      0.00      0.00      0.00

06:37:16        IFACE   rxpck/s   txpck/s    rxkB/s    txkB/s   rxcmp/s   txcmp/s  rxmcst/s   %ifutil
06:37:17         ens5      0.00      1.00      0.00      0.22      0.00      0.00      0.00      0.00

06:37:17        IFACE   rxpck/s   txpck/s    rxkB/s    txkB/s   rxcmp/s   txcmp/s  rxmcst/s   %ifutil
06:37:18         ens5     10.00     20.00      4.47     19.04      0.00      0.00      0.00      0.00

06:37:18        IFACE   rxpck/s   txpck/s    rxkB/s    txkB/s   rxcmp/s   txcmp/s  rxmcst/s   %ifutil
06:37:19         ens5    432.00   1163.00    250.93   1139.15      0.00      0.00      0.00      0.00

06:37:19        IFACE   rxpck/s   txpck/s    rxkB/s    txkB/s   rxcmp/s   txcmp/s  rxmcst/s   %ifutil
06:37:20         ens5    644.00   1677.00    384.68   1618.81      0.00      0.00      0.00      0.00

06:37:20        IFACE   rxpck/s   txpck/s    rxkB/s    txkB/s   rxcmp/s   txcmp/s  rxmcst/s   %ifutil
06:37:21         ens5    301.00    756.00    133.52    743.30      0.00      0.00      0.00      0.00

06:37:21        IFACE   rxpck/s   txpck/s    rxkB/s    txkB/s   rxcmp/s   txcmp/s  rxmcst/s   %ifutil
06:37:22         ens5      9.00     20.00      4.27     19.04      0.00      0.00      0.00      0.00

06:37:22        IFACE   rxpck/s   txpck/s    rxkB/s    txkB/s   rxcmp/s   txcmp/s  rxmcst/s   %ifutil
06:37:23         ens5      0.00      0.00      0.00      0.00      0.00      0.00      0.00      0.00

06:37:23        IFACE   rxpck/s   txpck/s    rxkB/s    txkB/s   rxcmp/s   txcmp/s  rxmcst/s   %ifutil
06:37:24         ens5      0.00      0.00      0.00      0.00      0.00      0.00      0.00      0.00

06:37:24        IFACE   rxpck/s   txpck/s    rxkB/s    txkB/s   rxcmp/s   txcmp/s  rxmcst/s   %ifutil
06:37:25         ens5      1.00      1.00      0.03      0.04      0.00      0.00      0.00      0.00

06:37:25        IFACE   rxpck/s   txpck/s    rxkB/s    txkB/s   rxcmp/s   txcmp/s  rxmcst/s   %ifutil
06:37:26         ens5      0.00      0.00      0.00      0.00      0.00      0.00      0.00      0.00

06:37:26        IFACE   rxpck/s   txpck/s    rxkB/s    txkB/s   rxcmp/s   txcmp/s  rxmcst/s   %ifutil
06:37:27         ens5      0.00      0.00      0.00      0.00      0.00      0.00      0.00      0.00

06:37:27        IFACE   rxpck/s   txpck/s    rxkB/s    txkB/s   rxcmp/s   txcmp/s  rxmcst/s   %ifutil
06:37:28         ens5      0.00      0.00      0.00      0.00      0.00      0.00      0.00      0.00

06:37:28        IFACE   rxpck/s   txpck/s    rxkB/s    txkB/s   rxcmp/s   txcmp/s  rxmcst/s   %ifutil
06:37:29         ens5      0.00      0.00      0.00      0.00      0.00      0.00      0.00      0.00

06:37:29        IFACE   rxpck/s   txpck/s    rxkB/s    txkB/s   rxcmp/s   txcmp/s  rxmcst/s   %ifutil
06:37:30         ens5      0.00      0.00      0.00      0.00      0.00      0.00      0.00      0.00

06:37:30        IFACE   rxpck/s   txpck/s    rxkB/s    txkB/s   rxcmp/s   txcmp/s  rxmcst/s   %ifutil
06:37:31         ens5      0.00      0.00      0.00      0.00      0.00      0.00      0.00      0.00


Average:        IFACE   rxpck/s   txpck/s    rxkB/s    txkB/s   rxcmp/s   txcmp/s  rxmcst/s   %ifutil
Average:         ens5     56.21    136.89     28.51    128.89      0.00      0.00      0.00      0.00
