Linux 7.0.0-1010-aws (ip-172-31-20-134) 	08/11/26 	_x86_64_	(2 CPU)

17:22:19        CPU     %user     %nice   %system   %iowait    %steal     %idle
17:22:20        all      2.01      0.00      1.01      0.00      0.00     96.98
17:22:21        all      0.50      0.00      1.00      0.00      0.00     98.50
17:22:22        all      0.00      0.00      0.00      0.00      1.01     98.99
17:22:23        all      0.00      0.00      0.00      0.00      0.00    100.00
17:22:24        all      1.01      0.00      0.00      0.50      0.00     98.49
17:22:25        all      0.00      0.00      0.00      0.00      0.00    100.00
17:22:27        all      0.50      0.00      0.00      0.00      0.00     99.50
17:22:28        all      0.00      0.00      0.50      0.00      0.00     99.50
17:22:29        all      5.53      0.00      1.01      0.00      0.00     93.47
17:22:29        all      0.00      0.00      0.00      0.00      0.00    100.00
17:22:31        all      0.50      0.00      0.00      0.00      0.00     99.50
17:22:32        all      0.00      0.00      0.00      0.00      0.00    100.00
17:22:33        all      1.01      0.00      0.50      0.00      0.00     98.49
17:22:34        all      0.00      0.00      0.50      0.00      0.00     99.50
17:22:35        all      0.00      0.00      0.00      0.00      0.00    100.00
17:22:36        all      0.50      0.00      0.00      0.00      0.00     99.50
17:22:37        all      0.50      0.00      0.00      0.00      0.00     99.50
17:22:38        all     12.63      0.00      2.53      0.00      0.00     84.85
17:22:39        all     59.69      0.00      7.65      0.00      0.00     32.65
17:22:40        all     59.39      0.00      6.60      0.00      0.00     34.01
17:22:41        all      8.59      0.00      0.51      0.00      0.00     90.91
17:22:42        all      0.00      0.00      1.00      0.00      0.00     99.00
17:22:43        all      0.00      0.00      0.00      0.00      0.50     99.50


Average:        all      6.56      0.00      0.98      0.02      0.07     92.37
