Linux 7.0.0-1010-aws (ip-172-31-20-134) 	08/11/26 	_x86_64_	(2 CPU)

17:22:20    kbmemfree   kbavail kbmemused  %memused kbbuffers  kbcached  kbcommit   %commit  kbactive   kbinact   kbdirty
17:22:21        94656   1319368    374000     19.17     31328   1304408   1465828     75.14   1000592    605092       484
17:22:22        94656   1319368    373996     19.17     31328   1304412   1465828     75.14   1000592    605092       488
17:22:23        94656   1319368    373996     19.17     31328   1304412   1465828     75.14   1000592    605092       488
17:22:24        94656   1319368    373996     19.17     31328   1304412   1465828     75.14   1000592    605092       488
17:22:25        94416   1319252    374084     19.17     31352   1304536   1465828     75.14   1000760    605092       500
17:22:26        94416   1319252    374084     19.17     31352   1304536   1465828     75.14   1000760    605092       500
17:22:27        94416   1319252    374080     19.17     31352   1304540   1465828     75.14   1000760    605092       504
17:22:28        94416   1319284    374080     19.17     31352   1304540   1465828     75.14   1000832    605124       376
17:22:29        94416   1319284    374072     19.17     31352   1304548   1465828     75.14   1000588    605124       384
17:22:30        94416   1319292    374072     19.17     31352   1304548   1465828     75.14   1000588    605132       332
17:22:31        94416   1319292    374072     19.17     31352   1304548   1465828     75.14   1000588    605132       332
17:22:32        94416   1319292    374068     19.17     31352   1304552   1465828     75.14   1000588    605132       340
17:22:33        94164   1319044    374320     19.19     31352   1304552   1467068     75.20   1002172    605136       340
17:22:34        94164   1319084    374280     19.18     31352   1304592   1471164     75.41   1003024    605176       380
17:22:35        94164   1319084    374280     19.18     31352   1304592   1471164     75.41   1003024    605176       380
17:22:36        94164   1319084    374280     19.18     31352   1304592   1471164     75.41   1003024    605176       380
17:22:37        94164   1319084    374276     19.18     31352   1304596   1471164     75.41   1003024    605176       384
17:22:38        91416   1316460    376904     19.32     31352   1304716   1514160     77.61   1008604    605300       504
17:22:39        86136   1311656    381700     19.57     31352   1305188   1705124     87.40   1016316    605768       976
17:22:40        85128   1311192    382152     19.59     31352   1305728   1763364     90.39   1015300    606304      1516
17:22:41        85128   1311332    382000     19.58     31352   1305872   1763436     90.39   1015360    606440      1660
17:22:42        85128   1311332    381996     19.58     31352   1305876   1763436     90.39   1015360    606440      1664
17:22:43        85128   1311332    381996     19.58     31352   1305876   1763436     90.39   1015360    606440      1664

Average:        92297   1317407    375947     19.27     31348   1304790   1531070     78.48   1004713    605383       655
