Linux 7.0.0-1010-aws (ip-172-31-20-134) 	08/11/26 	_x86_64_	(2 CPU)

17:03:12        CPU     %user     %nice   %system   %iowait    %steal     %idle
17:03:13        all      2.01      0.00      1.51      0.00      0.00     96.48
17:03:14        all      5.03      0.00      0.50      0.00      0.50     93.97
17:03:15        all      0.00      0.00      0.51      0.00      0.00     99.49
17:03:16        all      0.50      0.00      0.00      0.00      0.00     99.50
17:03:17        all      1.01      0.00      0.50      0.00      0.00     98.49
17:03:18        all      0.00      0.00      0.00      0.00      0.00    100.00
17:03:19        all      0.50      0.00      0.50      0.00      0.00     99.00
17:03:20        all      0.00      0.00      0.00      0.51      0.00     99.49
17:03:21        all      0.00      0.00      0.00      0.00      0.00    100.00
17:03:22        all      5.00      0.00      1.00      0.00      0.00     94.00
17:03:23        all     72.45      0.00      9.18      0.00      0.00     18.37
17:03:24        all     83.42      0.00     12.56      0.00      0.00      4.02
17:03:25        all     36.36      0.00      4.04      0.51      0.00     59.09
17:03:26        all      0.50      0.00      0.50      0.00      0.00     99.00
17:03:27        all      0.00      0.00      0.00      0.00      0.00    100.00
17:03:28        all      0.50      0.00      0.50      0.00      0.00     99.00
17:03:29        all      4.57      0.00      1.02      0.00      0.00     94.42
17:03:30        all      0.50      0.00      0.00      0.00      0.00     99.50
17:03:31        all      0.00      0.00      0.51      0.00      0.00     99.49
17:03:32        all      0.50      0.00      0.50      0.00      0.00     99.00
17:03:33        all      0.00      0.00      0.00      0.00      0.00    100.00
17:03:34        all      0.50      0.00      0.00      0.00      0.00     99.50

Average:        all      9.64      0.00      1.51      0.05      0.02     88.78
