Linux 7.0.0-1010-aws (ip-172-31-20-134) 	08/11/26 	_x86_64_	(2 CPU)

17:03:12    kbmemfree   kbavail kbmemused  %memused kbbuffers  kbcached  kbcommit   %commit  kbactive   kbinact   kbdirty
17:03:13       101140   1301252    392796     20.13     31380   1280432   1478200     75.77   1025260    585460      1644
17:03:14       101140   1301252    392796     20.13     31380   1280432   1478200     75.77   1025708    585460      1644
17:03:15       101140   1301264    392784     20.13     31380   1280444   1478200     75.77   1025804    585472      1452
17:03:16       101140   1301264    392784     20.13     31380   1280444   1478200     75.77   1025804    585472      1452
17:03:17       101140   1301264    392780     20.13     31380   1280448   1479380     75.83   1026728    585472      1456
17:03:18       101140   1301264    392764     20.13     31380   1280464   1479380     75.83   1026796    585472      1472
17:03:19       100384   1300528    393520     20.17     31380   1280464   1479380     75.83   1027520    585492      1472
17:03:20       100384   1300528    393520     20.17     31380   1280464   1479380     75.83   1027704    585492       200
17:03:21       100384   1300528    393520     20.17     31380   1280464   1479380     75.83   1027704    585492       200
17:03:22        98620   1298768    395280     20.26     31380   1280468   1492592     76.51   1030120    585496       204
17:03:23        86056   1286516    407448     20.89     31380   1280860   1821168     93.35   1041916    585800       596
17:03:24        76564   1277512    416104     21.33     31380   1281344   2247028    115.18   1049512    586280      1080
17:03:25        74216   1275340    418184     21.44     31404   1281412   2247504    115.20   1051100    586440      1168
17:03:26        74212   1275340    418124     21.43     31404   1281468   2247504    115.20   1051100    586440      1224
17:03:27        74212   1275340    418124     21.43     31404   1281468   2247504    115.20   1051100    586440      1224
17:03:28        74212   1275364    418124     21.43     31404   1281468   2247504    115.20   1051168    586464      1180
17:03:29        73896   1275104    418428     21.45     31404   1281480   2247504    115.20   1050704    586520      1196
17:03:30        73896   1275104    418428     21.45     31404   1281480   2247504    115.20   1050784    586520      1048
17:03:31        73896   1275104    418428     21.45     31404   1281480   2247504    115.20   1050784    586520      1048
17:03:32        73896   1275104    418424     21.45     31404   1281484   2247504    115.20   1050784    586520      1052
17:03:33        73896   1275104    418420     21.45     31404   1281488   2247504    115.20   1050784    586520      1056
17:03:34        73392   1274604    418924     21.47     31404   1281488   2251600    115.41   1051276    586524      1056

Average:        86771   1287429    406350     20.83     31391   1280975   1879528     96.34   1039553    585989      1097
