Linux 7.0.0-1010-aws (ip-172-31-20-134) 	08/11/26 	_x86_64_	(2 CPU)

17:03:12        IFACE   rxpck/s   txpck/s    rxkB/s    txkB/s   rxcmp/s   txcmp/s  rxmcst/s   %ifutil
17:03:13         ens5     48.00     43.00      4.05      4.92      0.00      0.00      0.00      0.00

17:03:13        IFACE   rxpck/s   txpck/s    rxkB/s    txkB/s   rxcmp/s   txcmp/s  rxmcst/s   %ifutil
17:03:14         ens5     32.00     26.00      2.79      2.84      0.00      0.00      0.00      0.00

17:03:14        IFACE   rxpck/s   txpck/s    rxkB/s    txkB/s   rxcmp/s   txcmp/s  rxmcst/s   %ifutil
17:03:15         ens5      0.00      0.00      0.00      0.00      0.00      0.00      0.00      0.00

17:03:15        IFACE   rxpck/s   txpck/s    rxkB/s    txkB/s   rxcmp/s   txcmp/s  rxmcst/s   %ifutil
17:03:16         ens5      0.00      0.00      0.00      0.00      0.00      0.00      0.00      0.00

17:03:16        IFACE   rxpck/s   txpck/s    rxkB/s    txkB/s   rxcmp/s   txcmp/s  rxmcst/s   %ifutil
17:03:17         ens5     26.00     27.00     13.96      2.13      0.00      0.00      0.00      0.00

17:03:17        IFACE   rxpck/s   txpck/s    rxkB/s    txkB/s   rxcmp/s   txcmp/s  rxmcst/s   %ifutil
17:03:18         ens5      0.00      0.00      0.00      0.00      0.00      0.00      0.00      0.00

17:03:18        IFACE   rxpck/s   txpck/s    rxkB/s    txkB/s   rxcmp/s   txcmp/s  rxmcst/s   %ifutil
17:03:19         ens5      0.00      0.00      0.00      0.00      0.00      0.00      0.00      0.00

17:03:19        IFACE   rxpck/s   txpck/s    rxkB/s    txkB/s   rxcmp/s   txcmp/s  rxmcst/s   %ifutil
17:03:20         ens5      0.00      0.00      0.00      0.00      0.00      0.00      0.00      0.00

17:03:20        IFACE   rxpck/s   txpck/s    rxkB/s    txkB/s   rxcmp/s   txcmp/s  rxmcst/s   %ifutil
17:03:21         ens5      0.00      0.00      0.00      0.00      0.00      0.00      0.00      0.00

17:03:21        IFACE   rxpck/s   txpck/s    rxkB/s    txkB/s   rxcmp/s   txcmp/s  rxmcst/s   %ifutil
17:03:22         ens5     50.00     55.00     22.81      5.04      0.00      0.00      0.00      0.00

17:03:22        IFACE   rxpck/s   txpck/s    rxkB/s    txkB/s   rxcmp/s   txcmp/s  rxmcst/s   %ifutil
17:03:23         ens5    629.00    657.00    246.29     61.88      0.00      0.00      0.00      0.00

17:03:23        IFACE   rxpck/s   txpck/s    rxkB/s    txkB/s   rxcmp/s   txcmp/s  rxmcst/s   %ifutil
17:03:24         ens5    711.88    765.35    286.86     71.21      0.00      0.00      0.00      0.00

17:03:24        IFACE   rxpck/s   txpck/s    rxkB/s    txkB/s   rxcmp/s   txcmp/s  rxmcst/s   %ifutil
17:03:25         ens5     74.00    171.00     29.64     21.42      0.00      0.00      0.00      0.00

17:03:25        IFACE   rxpck/s   txpck/s    rxkB/s    txkB/s   rxcmp/s   txcmp/s  rxmcst/s   %ifutil
17:03:26         ens5      0.00      0.00      0.00      0.00      0.00      0.00      0.00      0.00

17:03:26        IFACE   rxpck/s   txpck/s    rxkB/s    txkB/s   rxcmp/s   txcmp/s  rxmcst/s   %ifutil
17:03:27         ens5      0.00      0.00      0.00      0.00      0.00      0.00      0.00      0.00

17:03:27        IFACE   rxpck/s   txpck/s    rxkB/s    txkB/s   rxcmp/s   txcmp/s  rxmcst/s   %ifutil
17:03:28         ens5      0.00      1.00      0.00      0.11      0.00      0.00      0.00      0.00

17:03:28        IFACE   rxpck/s   txpck/s    rxkB/s    txkB/s   rxcmp/s   txcmp/s  rxmcst/s   %ifutil
17:03:29         ens5      0.00      0.00      0.00      0.00      0.00      0.00      0.00      0.00

17:03:29        IFACE   rxpck/s   txpck/s    rxkB/s    txkB/s   rxcmp/s   txcmp/s  rxmcst/s   %ifutil
17:03:30         ens5      0.00      0.00      0.00      0.00      0.00      0.00      0.00      0.00

17:03:30        IFACE   rxpck/s   txpck/s    rxkB/s    txkB/s   rxcmp/s   txcmp/s  rxmcst/s   %ifutil
17:03:31         ens5      0.00      0.00      0.00      0.00      0.00      0.00      0.00      0.00

17:03:31        IFACE   rxpck/s   txpck/s    rxkB/s    txkB/s   rxcmp/s   txcmp/s  rxmcst/s   %ifutil
17:03:32         ens5      0.00      0.00      0.00      0.00      0.00      0.00      0.00      0.00

17:03:32        IFACE   rxpck/s   txpck/s    rxkB/s    txkB/s   rxcmp/s   txcmp/s  rxmcst/s   %ifutil
17:03:33         ens5      0.00      0.00      0.00      0.00      0.00      0.00      0.00      0.00

17:03:33        IFACE   rxpck/s   txpck/s    rxkB/s    txkB/s   rxcmp/s   txcmp/s  rxmcst/s   %ifutil
17:03:34         ens5      0.00      0.00      0.00      0.00      0.00      0.00      0.00      0.00


Average:        IFACE   rxpck/s   txpck/s    rxkB/s    txkB/s   rxcmp/s   txcmp/s  rxmcst/s   %ifutil
Average:         ens5     71.69     79.65     27.68      7.74      0.00      0.00      0.00      0.00
