Linux 7.0.0-1008-aws (ip-172-31-20-134) 	08/07/26 	_x86_64_	(2 CPU)

17:10:07        CPU     %user     %nice   %system   %iowait    %steal     %idle
17:10:08        all      2.49      0.00      1.49      0.00      0.00     96.02
17:10:09        all      0.00      0.00      0.00      0.00      0.00    100.00
17:10:10        all      0.50      0.00      0.50      0.00      0.00     99.00
17:10:11        all      1.01      0.00      0.00      0.00      0.00     98.99
17:10:12        all      0.00      0.00      0.51      0.00      0.00     99.49
17:10:13        all      0.00      0.00      0.00      0.00      0.00    100.00
17:10:14        all     11.11      0.00      1.52      0.00      0.00     87.37
17:10:15        all      6.12      0.00      1.02      0.00      0.00     92.86
17:10:16        all      7.07      0.00      1.52      0.00      0.00     91.41
17:10:17        all      7.65      0.00      0.51      0.00      0.00     91.84
17:10:18        all      7.14      0.00      0.51      0.00      0.00     92.35
17:10:19        all      7.07      0.00      1.01      0.00      0.00     91.92
17:10:20        all      6.60      0.00      1.02      0.00      0.00     92.39
17:10:21        all      6.57      0.00      1.01      0.00      0.00     92.42
17:10:22        all      7.65      0.00      0.51      0.00      0.00     91.84
17:10:23        all      6.63      0.00      1.02      0.00      0.00     92.35
17:10:24        all      7.07      0.00      0.51      0.00      0.51     91.92
17:10:25        all      7.14      0.00      0.00      0.00      0.00     92.86
17:10:26        all      6.12      0.00      1.02      0.00      0.00     92.86
17:10:27        all      7.14      0.00      0.00      0.00      0.00     92.86
17:10:28        all      7.54      0.00      1.51      0.00      0.00     90.95
17:10:29        all     11.68      0.00      2.54      0.00      0.00     85.79
17:10:30        all      7.07      0.00      0.51      0.00      0.00     92.42
17:10:31        all      6.60      0.00      1.02      0.00      0.51     91.88
17:10:32        all      7.07      0.00      1.52      0.00      0.00     91.41
17:10:33        all      7.61      0.00      0.51      1.02      0.00     90.86
17:10:34        all      7.07      0.00      1.01      0.00      0.00     91.92
17:10:35        all      5.67      0.00      0.52      0.00      0.00     93.81
17:10:36        all      7.61      0.00      0.51      0.00      0.00     91.88
17:10:37        all      7.07      0.00      1.01      0.00      0.00     91.92
17:10:38        all      7.11      0.00      0.51      0.00      0.00     92.39
17:10:39        all      7.07      0.00      1.01      0.00      0.00     91.92
17:10:40        all      6.57      0.00      1.52      0.00      0.00     91.92
17:10:41        all      6.57      0.00      1.01      0.00      0.00     92.42
17:10:42        all      8.63      0.00      1.02      0.00      0.00     90.36
17:10:43        all      6.63      0.00      0.51      0.00      0.00     92.86
17:10:44        all     12.31      0.00      2.05      0.00      0.00     85.64
17:10:45        all      6.15      0.00      0.51      0.00      0.00     93.33
17:10:46        all      6.09      0.00      1.02      0.00      0.00     92.89
17:10:47        all      7.58      0.00      1.01      0.00      0.00     91.41
17:10:48        all      7.07      0.00      1.52      0.00      0.00     91.41
17:10:49        all      6.60      0.00      1.02      0.00      0.00     92.39
17:10:50        all      7.14      0.00      0.51      0.00      0.00     92.35
17:10:51        all      6.60      0.00      0.51      0.00      0.00     92.89
17:10:52        all      7.69      0.00      0.51      0.00      0.00     91.79
17:10:53        all      7.50      0.00      1.50      0.00      0.00     91.00
17:10:54        all      6.63      0.00      0.00      0.00      0.00     93.37
17:10:55        all      6.60      0.00      1.52      0.00      0.00     91.88
17:10:56        all      7.07      0.00      0.51      0.00      0.00     92.42
17:10:57        all      7.58      0.00      0.51      0.00      0.51     91.41
17:10:58        all      6.57      0.00      1.01      0.00      0.51     91.92
17:10:59        all     13.13      0.00      2.53      0.00      0.00     84.34
17:11:00        all      6.60      0.00      1.02      0.00      0.00     92.39
17:11:01        all      7.04      0.00      1.51      0.00      0.50     90.95
17:11:02        all      4.04      0.00      0.51      0.00      0.00     95.45
17:11:03        all      8.21      0.00      0.51      0.51      0.00     90.77
17:11:04        all      7.54      0.00      0.50      0.00      0.50     91.46
17:11:05        all      6.15      0.00      0.51      0.00      0.00     93.33
17:11:06        all      7.50      0.00      1.50      0.00      0.00     91.00
17:11:07        all      6.63      0.00      1.02      0.00      0.00     92.35
17:11:08        all      7.11      0.00      0.51      0.00      0.00     92.39
17:11:09        all      6.12      0.00      0.51      0.00      0.00     93.37
17:11:10        all      8.12      0.00      1.02      0.00      0.00     90.86
17:11:11        all      7.04      0.00      1.01      0.00      0.00     91.96
17:11:12        all      6.67      0.00      0.51      0.00      0.00     92.82
17:11:13        all      7.54      0.00      1.01      0.50      0.00     90.95
17:11:14        all     12.69      0.00      2.03      0.00      0.00     85.28
17:11:15        all      7.07      0.00      1.01      0.00      0.00     91.92
17:11:16        all     10.66      0.00      0.51      0.00      0.00     88.83
17:11:17        all      7.04      0.00      2.01      0.00      0.00     90.95
17:11:18        all      7.07      0.00      1.01      0.51      0.00     91.41
17:11:19        all      1.52      0.00      0.00      0.00      0.00     98.48
17:11:20        all      1.00      0.00      0.50      0.00      0.00     98.51
17:11:21        all      0.00      0.00      0.00      0.00      0.00    100.00
17:11:22        all      0.50      0.00      0.50      0.00      0.00     99.00

Average:        all      6.51      0.00      0.87      0.03      0.04     92.54
