Linux 7.0.0-1008-aws (ip-172-31-20-134) 	08/07/26 	_x86_64_	(2 CPU)

17:10:07    kbmemfree   kbavail kbmemused  %memused kbbuffers  kbcached  kbcommit   %commit  kbactive   kbinact   kbdirty
17:10:08        86448   1293600    375136     19.23     13820   1284100   1627712     83.44    733464    841324       760
17:10:09        86448   1293600    375136     19.23     13820   1284100   1627712     83.44    733464    841324       760
17:10:10        86448   1293600    375136     19.23     13820   1284100   1627712     83.44    733464    841324       760
17:10:11        86448   1293600    375136     19.23     13820   1284100   1627712     83.44    733552    841324       612
17:10:12        86448   1293600    375132     19.23     13820   1284104   1627712     83.44    733552    841324       448
17:10:13        86448   1293600    375132     19.23     13820   1284104   1627712     83.44    733552    841324       448
17:10:14        86448   1293688    374992     19.22     13820   1284244   1629636     83.54    737300    841412       588
17:10:15        86448   1293832    374904     19.22     13820   1284332   1646748     84.41    739184    841556       592
17:10:16        86448   1293952    374664     19.21     13820   1284572   1646808     84.42    739336    841676       528
17:10:17        86448   1294160    374572     19.20     13820   1284664   1647000     84.43    739668    841884       620
17:10:18        86448   1294396    374336     19.19     13820   1284900   1651388     84.65    741000    842120       856
17:10:19        86448   1294396    374244     19.18     13820   1284992   1651416     84.65    741620    842120       948
17:10:20        85692   1293848    374768     19.21     13820   1285224   1651736     84.67    743272    842328      1180
17:10:21        85692   1294052    374676     19.21     13820   1285316   1651840     84.68    743484    842532      1272
17:10:22        84684   1293244    375444     19.25     13820   1285556   1651908     84.68    743400    842732      1512
17:10:23        84684   1293296    375352     19.24     13820   1285648   1651944     84.68    743080    842784      1552
17:10:24        84684   1293596    375116     19.23     13820   1285884   1652004     84.68    744144    843084      1788
17:10:25        84684   1293680    375024     19.22     13820   1285976   1652008     84.68    743888    843168      1880
17:10:26        84684   1293932    374788     19.21     13820   1286212   1652008     84.68    743924    843420      2116
17:10:27        84684   1294028    374692     19.21     13820   1286308   1652048     84.69    744036    843516      2216
17:10:28        84684   1294212    374520     19.20     13820   1286480   1652304     84.70    744184    843700      2388
17:10:29        84684   1294292    374356     19.19     13820   1286644   1652304     84.70    744268    843780      2552
17:10:30        84684   1294504    374192     19.18     13820   1286808   1652304     84.70    744268    843992      2716
17:10:31        84684   1294664    374020     19.17     13820   1286980   1652308     84.70    744272    844152      2888
17:10:32        84684   1294820    373788     19.16     13820   1287212   1652308     84.70    744280    844308      3120
17:10:33        84684   1294956    373676     19.16     13844   1287300   1652372     84.70    744364    844444      3332
17:10:34        84684   1295208    373444     19.14     13844   1287532   1652372     84.70    744856    844696      3564
17:10:35        81320   1292020    376716     19.31     13844   1287624   1652372     84.70    744800    844872      3656
17:10:36        81320   1292188    376548     19.30     13844   1287792   1656676     84.92    746932    845040      3816
17:10:37        81320   1292372    376308     19.29     13844   1288032   1656676     84.92    746952    845224      4056
17:10:38        81320   1292464    376216     19.29     13844   1288124   1656676     84.92    746084    845316      4140
17:10:39        81320   1292588    376056     19.28     13844   1288284   1656676     84.92    746084    845440      4304
17:10:40        81320   1292832    375888     19.27     13844   1288452   1656792     84.93    746088    845684      4472
17:10:41        81320   1292924    375724     19.26     13844   1288616   1656848     84.93    746184    845776      4636
17:10:42        81068   1292924    375796     19.26     13844   1288796   1657268     84.95    746548    846028      5048
17:10:43        81068   1293140    375544     19.25     13848   1289036   1657268     84.95    746564    846236       584
17:10:44        81068   1293196    375456     19.25     13848   1289124   1657268     84.95    746556    846292       672
17:10:45        81068   1293444    375196     19.23     13848   1289372   1657268     84.95    746620    846528       920
17:10:46        81068   1293528    375108     19.23     13848   1289460   1657268     84.95    746620    846612      1008
17:10:47        81068   1293684    374936     19.22     13848   1289632   1657336     84.96    746628    846768      1180
17:10:48        80816   1293720    375016     19.22     13848   1289796   1657720     84.98    747176    847048      1344
17:10:49        80312   1293376    375352     19.24     13848   1289960   1657720     84.98    748096    847204      1508
17:10:50        80312   1293524    375184     19.23     13848   1290128   1657720     84.98    748112    847352      1676
17:10:51        79304   1292772    375940     19.27     13848   1290360   1657764     84.98    748660    847588      1908
17:10:52        79304   1292888    375844     19.27     13848   1290456   1657764     84.98    749304    847704      2004
17:10:53        79304   1293056    375604     19.25     13848   1290692   1657764     84.98    749108    847868      2240
17:10:54        79304   1293140    375512     19.25     13848   1290784   1657764     84.98    749108    847952      2332
17:10:55        78800   1292896    375840     19.27     13848   1290952   1657764     84.98    749600    848204      2500
17:10:56        78548   1292736    375932     19.27     13848   1291112   1657764     84.98    749632    848296      2660
17:10:57        78548   1292980    375752     19.26     13848   1291288   1657764     84.98    749716    848536      2784
17:10:58        78296   1292856    375836     19.27     13848   1291448   1657832     84.98    749720    848656      2944
17:10:59        76532   1291296    377428     19.35     13848   1291620   1657832     84.98    749740    848860      3120
17:11:00        76532   1291412    377268     19.34     13848   1291776   1657832     84.98    749752    848972      3276
17:11:01        76532   1291696    377020     19.33     13848   1292016   1657832     84.98    749764    849248      3516
17:11:02        76532   1291696    376928     19.32     13848   1292108   1657832     84.98    749764    849248      3608
17:11:03        76532   1291952    376716     19.31     13872   1292284   1657940     84.99    749996    849492      3800
17:11:04        76532   1292104    376624     19.31     13872   1292376   1657940     84.99    750240    849644      3752
17:11:05        76280   1291972    376712     19.31     13872   1292540   1657940     84.99    750244    849764      3916
17:11:06        75776   1291684    377052     19.33     13872   1292696   1662252     85.21    751524    849972      4072
17:11:07        73792   1289868    378788     19.42     13872   1292940   1662252     85.21    751688    850136      4316
17:11:08        73792   1289964    378696     19.41     13872   1293032   1662268     85.21    751760    850232      4400
17:11:09        73792   1290264    378448     19.40     13872   1293268   1662252     85.21    751760    850520      4640
17:11:10        73792   1290384    378356     19.40     13872   1293360   1664708     85.34    753508    850636      4732
17:11:11        73792   1290524    378116     19.38     13872   1293592   1664708     85.34    753540    850768      4964
17:11:12        73792   1290692    378020     19.38     13872   1293688   1664744     85.34    753540    850936      5060
17:11:13        73792   1290932    377780     19.37     13872   1293924   1664744     85.34    753636    851172      4808
17:11:14        73792   1291124    377592     19.36     13872   1294104   1664944     85.35    753604    851356      4984
17:11:15        73792   1291208    377500     19.35     13872   1294196   1664944     85.35    753604    851440      5076
17:11:16        73792   1291372    377260     19.34     13872   1294432   1664944     85.35    753548    851600      5312
17:11:17        73792   1291540    377164     19.33     13872   1294528   1664944     85.35    753548    851768      5408
17:11:18        73792   1291748    376920     19.32     13872   1294760   1665124     85.36    753684    851964       252
17:11:19        73540   1291568    377168     19.33     13872   1294764   1665124     85.36    753984    852036       256
17:11:20        73288   1291356    377380     19.35     13872   1294804   1662908     85.24    752360    852080       472
17:11:21        73288   1291356    377380     19.35     13872   1294804   1662908     85.24    752360    852080       472
17:11:22        73288   1291356    377376     19.34     13872   1294808   1662908     85.24    752360    852080       476

Average:        80377   1292782    375912     19.27     13845   1289322   1654461     84.81    746524    846528      2521
