Linux 7.0.0-1008-aws (ip-172-31-20-134) 	08/07/26 	_x86_64_	(2 CPU)

17:10:07        IFACE   rxpck/s   txpck/s    rxkB/s    txkB/s   rxcmp/s   txcmp/s  rxmcst/s   %ifutil
17:10:08         ens5     52.00     54.00      4.36      5.69      0.00      0.00      0.00      0.00

17:10:08        IFACE   rxpck/s   txpck/s    rxkB/s    txkB/s   rxcmp/s   txcmp/s  rxmcst/s   %ifutil
17:10:09         ens5     37.00     36.00      3.11      3.55      0.00      0.00      0.00      0.00

17:10:09        IFACE   rxpck/s   txpck/s    rxkB/s    txkB/s   rxcmp/s   txcmp/s  rxmcst/s   %ifutil
17:10:10         ens5      0.00      0.00      0.00      0.00      0.00      0.00      0.00      0.00

17:10:10        IFACE   rxpck/s   txpck/s    rxkB/s    txkB/s   rxcmp/s   txcmp/s  rxmcst/s   %ifutil
17:10:11         ens5      0.00      0.00      0.00      0.00      0.00      0.00      0.00      0.00

17:10:11        IFACE   rxpck/s   txpck/s    rxkB/s    txkB/s   rxcmp/s   txcmp/s  rxmcst/s   %ifutil
17:10:12         ens5      0.00      0.00      0.00      0.00      0.00      0.00      0.00      0.00

17:10:12        IFACE   rxpck/s   txpck/s    rxkB/s    txkB/s   rxcmp/s   txcmp/s  rxmcst/s   %ifutil
17:10:13         ens5      0.00      0.00      0.00      0.00      0.00      0.00      0.00      0.00

17:10:13        IFACE   rxpck/s   txpck/s    rxkB/s    txkB/s   rxcmp/s   txcmp/s  rxmcst/s   %ifutil
17:10:14         ens5    161.00    155.00     82.30     37.47      0.00      0.00      0.00      0.00

17:10:14        IFACE   rxpck/s   txpck/s    rxkB/s    txkB/s   rxcmp/s   txcmp/s  rxmcst/s   %ifutil
17:10:15         ens5    197.00    181.00     89.79     52.53      0.00      0.00      0.00      0.00

17:10:15        IFACE   rxpck/s   txpck/s    rxkB/s    txkB/s   rxcmp/s   txcmp/s  rxmcst/s   %ifutil
17:10:16         ens5    198.00    184.00     89.90     52.79      0.00      0.00      0.00      0.00

17:10:16        IFACE   rxpck/s   txpck/s    rxkB/s    txkB/s   rxcmp/s   txcmp/s  rxmcst/s   %ifutil
17:10:17         ens5    209.00    193.00     95.73     56.04      0.00      0.00      0.00      0.00

17:10:17        IFACE   rxpck/s   txpck/s    rxkB/s    txkB/s   rxcmp/s   txcmp/s  rxmcst/s   %ifutil
17:10:18         ens5    205.00    189.00     95.43     55.69      0.00      0.00      0.00      0.00

17:10:18        IFACE   rxpck/s   txpck/s    rxkB/s    txkB/s   rxcmp/s   txcmp/s  rxmcst/s   %ifutil
17:10:19         ens5    203.00    189.00     95.40     55.75      0.00      0.00      0.00      0.00

17:10:19        IFACE   rxpck/s   txpck/s    rxkB/s    txkB/s   rxcmp/s   txcmp/s  rxmcst/s   %ifutil
17:10:20         ens5    199.00    184.00     89.89     52.73      0.00      0.00      0.00      0.00

17:10:20        IFACE   rxpck/s   txpck/s    rxkB/s    txkB/s   rxcmp/s   txcmp/s  rxmcst/s   %ifutil
17:10:21         ens5    199.00    184.00     90.01     52.85      0.00      0.00      0.00      0.00

17:10:21        IFACE   rxpck/s   txpck/s    rxkB/s    txkB/s   rxcmp/s   txcmp/s  rxmcst/s   %ifutil
17:10:22         ens5    207.00    191.00     95.66     55.88      0.00      0.00      0.00      0.00

17:10:22        IFACE   rxpck/s   txpck/s    rxkB/s    txkB/s   rxcmp/s   txcmp/s  rxmcst/s   %ifutil
17:10:23         ens5    202.00    188.00     95.34     55.74      0.00      0.00      0.00      0.00

17:10:23        IFACE   rxpck/s   txpck/s    rxkB/s    txkB/s   rxcmp/s   txcmp/s  rxmcst/s   %ifutil
17:10:24         ens5    202.00    186.00     90.17     52.98      0.00      0.00      0.00      0.00

17:10:24        IFACE   rxpck/s   txpck/s    rxkB/s    txkB/s   rxcmp/s   txcmp/s  rxmcst/s   %ifutil
17:10:25         ens5    200.00    185.00     95.23     55.48      0.00      0.00      0.00      0.00

17:10:25        IFACE   rxpck/s   txpck/s    rxkB/s    txkB/s   rxcmp/s   txcmp/s  rxmcst/s   %ifutil
17:10:26         ens5    203.00    187.00     90.22     53.04      0.00      0.00      0.00      0.00

17:10:26        IFACE   rxpck/s   txpck/s    rxkB/s    txkB/s   rxcmp/s   txcmp/s  rxmcst/s   %ifutil
17:10:27         ens5    207.00    190.00     95.66     55.82      0.00      0.00      0.00      0.00

17:10:27        IFACE   rxpck/s   txpck/s    rxkB/s    txkB/s   rxcmp/s   txcmp/s  rxmcst/s   %ifutil
17:10:28         ens5    201.00    187.00     95.29     55.68      0.00      0.00      0.00      0.00

17:10:28        IFACE   rxpck/s   txpck/s    rxkB/s    txkB/s   rxcmp/s   txcmp/s  rxmcst/s   %ifutil
17:10:29         ens5    200.00    183.00     90.00     52.72      0.00      0.00      0.00      0.00

17:10:29        IFACE   rxpck/s   txpck/s    rxkB/s    txkB/s   rxcmp/s   txcmp/s  rxmcst/s   %ifutil
17:10:30         ens5    206.00    190.00     95.61     55.88      0.00      0.00      0.00      0.00

17:10:30        IFACE   rxpck/s   txpck/s    rxkB/s    txkB/s   rxcmp/s   txcmp/s  rxmcst/s   %ifutil
17:10:31         ens5    195.00    181.00     89.73     52.58      0.00      0.00      0.00      0.00

17:10:31        IFACE   rxpck/s   txpck/s    rxkB/s    txkB/s   rxcmp/s   txcmp/s  rxmcst/s   %ifutil
17:10:32         ens5    199.00    183.00     90.01     52.72      0.00      0.00      0.00      0.00

17:10:32        IFACE   rxpck/s   txpck/s    rxkB/s    txkB/s   rxcmp/s   txcmp/s  rxmcst/s   %ifutil
17:10:33         ens5    205.00    192.00     95.50     56.03      0.00      0.00      0.00      0.00

17:10:33        IFACE   rxpck/s   txpck/s    rxkB/s    txkB/s   rxcmp/s   txcmp/s  rxmcst/s   %ifutil
17:10:34         ens5    201.00    186.00     90.15     53.01      0.00      0.00      0.00      0.00

17:10:34        IFACE   rxpck/s   txpck/s    rxkB/s    txkB/s   rxcmp/s   txcmp/s  rxmcst/s   %ifutil
17:10:35         ens5    203.00    187.00     95.38     55.61      0.00      0.00      0.00      0.00

17:10:35        IFACE   rxpck/s   txpck/s    rxkB/s    txkB/s   rxcmp/s   txcmp/s  rxmcst/s   %ifutil
17:10:36         ens5    201.00    186.00     90.12     52.98      0.00      0.00      0.00      0.00

17:10:36        IFACE   rxpck/s   txpck/s    rxkB/s    txkB/s   rxcmp/s   txcmp/s  rxmcst/s   %ifutil
17:10:37         ens5    202.00    188.00     95.33     55.68      0.00      0.00      0.00      0.00

17:10:37        IFACE   rxpck/s   txpck/s    rxkB/s    txkB/s   rxcmp/s   txcmp/s  rxmcst/s   %ifutil
17:10:38         ens5    199.00    183.00     90.01     52.72      0.00      0.00      0.00      0.00

17:10:38        IFACE   rxpck/s   txpck/s    rxkB/s    txkB/s   rxcmp/s   txcmp/s  rxmcst/s   %ifutil
17:10:39         ens5    203.00    190.00     95.37     55.85      0.00      0.00      0.00      0.00

17:10:39        IFACE   rxpck/s   txpck/s    rxkB/s    txkB/s   rxcmp/s   txcmp/s  rxmcst/s   %ifutil
17:10:40         ens5    202.00    186.00     90.17     52.98      0.00      0.00      0.00      0.00

17:10:40        IFACE   rxpck/s   txpck/s    rxkB/s    txkB/s   rxcmp/s   txcmp/s  rxmcst/s   %ifutil
17:10:41         ens5    205.00    189.00     95.49     55.75      0.00      0.00      0.00      0.00

17:10:41        IFACE   rxpck/s   txpck/s    rxkB/s    txkB/s   rxcmp/s   txcmp/s  rxmcst/s   %ifutil
17:10:42         ens5    198.00    184.00     89.96     52.85      0.00      0.00      0.00      0.00

17:10:42        IFACE   rxpck/s   txpck/s    rxkB/s    txkB/s   rxcmp/s   txcmp/s  rxmcst/s   %ifutil
17:10:43         ens5    203.00    187.00     95.38     55.61      0.00      0.00      0.00      0.00

17:10:43        IFACE   rxpck/s   txpck/s    rxkB/s    txkB/s   rxcmp/s   txcmp/s  rxmcst/s   %ifutil
17:10:44         ens5    200.00    185.00     90.07     52.92      0.00      0.00      0.00      0.00

17:10:44        IFACE   rxpck/s   txpck/s    rxkB/s    txkB/s   rxcmp/s   txcmp/s  rxmcst/s   %ifutil
17:10:45         ens5    203.00    188.00     95.38     55.68      0.00      0.00      0.00      0.00

17:10:45        IFACE   rxpck/s   txpck/s    rxkB/s    txkB/s   rxcmp/s   txcmp/s  rxmcst/s   %ifutil
17:10:46         ens5    200.00    185.00     90.07     52.91      0.00      0.00      0.00      0.00

17:10:46        IFACE   rxpck/s   txpck/s    rxkB/s    txkB/s   rxcmp/s   txcmp/s  rxmcst/s   %ifutil
17:10:47         ens5    203.00    187.00     95.38     55.61      0.00      0.00      0.00      0.00

17:10:47        IFACE   rxpck/s   txpck/s    rxkB/s    txkB/s   rxcmp/s   txcmp/s  rxmcst/s   %ifutil
17:10:48         ens5    199.00    184.00     90.01     52.79      0.00      0.00      0.00      0.00

17:10:48        IFACE   rxpck/s   txpck/s    rxkB/s    txkB/s   rxcmp/s   txcmp/s  rxmcst/s   %ifutil
17:10:49         ens5    206.00    191.00     95.55     55.94      0.00      0.00      0.00      0.00

17:10:49        IFACE   rxpck/s   txpck/s    rxkB/s    txkB/s   rxcmp/s   txcmp/s  rxmcst/s   %ifutil
17:10:50         ens5    207.00    192.00     95.68     56.03      0.00      0.00      0.00      0.00

17:10:50        IFACE   rxpck/s   txpck/s    rxkB/s    txkB/s   rxcmp/s   txcmp/s  rxmcst/s   %ifutil
17:10:51         ens5    199.00    183.00     90.01     52.72      0.00      0.00      0.00      0.00

17:10:51        IFACE   rxpck/s   txpck/s    rxkB/s    txkB/s   rxcmp/s   txcmp/s  rxmcst/s   %ifutil
17:10:52         ens5    202.00    188.00     95.34     55.74      0.00      0.00      0.00      0.00

17:10:52        IFACE   rxpck/s   txpck/s    rxkB/s    txkB/s   rxcmp/s   txcmp/s  rxmcst/s   %ifutil
17:10:53         ens5    201.00    184.00     90.12     52.79      0.00      0.00      0.00      0.00

17:10:53        IFACE   rxpck/s   txpck/s    rxkB/s    txkB/s   rxcmp/s   txcmp/s  rxmcst/s   %ifutil
17:10:54         ens5    203.00    189.00     95.39     55.81      0.00      0.00      0.00      0.00

17:10:54        IFACE   rxpck/s   txpck/s    rxkB/s    txkB/s   rxcmp/s   txcmp/s  rxmcst/s   %ifutil
17:10:55         ens5    202.00    185.00     90.16     52.85      0.00      0.00      0.00      0.00

17:10:55        IFACE   rxpck/s   txpck/s    rxkB/s    txkB/s   rxcmp/s   txcmp/s  rxmcst/s   %ifutil
17:10:56         ens5    204.00    189.00     95.44     55.80      0.00      0.00      0.00      0.00

17:10:56        IFACE   rxpck/s   txpck/s    rxkB/s    txkB/s   rxcmp/s   txcmp/s  rxmcst/s   %ifutil
17:10:57         ens5    200.00    185.00     90.07     52.92      0.00      0.00      0.00      0.00

17:10:57        IFACE   rxpck/s   txpck/s    rxkB/s    txkB/s   rxcmp/s   txcmp/s  rxmcst/s   %ifutil
17:10:58         ens5    203.00    187.00     95.38     55.61      0.00      0.00      0.00      0.00

17:10:58        IFACE   rxpck/s   txpck/s    rxkB/s    txkB/s   rxcmp/s   txcmp/s  rxmcst/s   %ifutil
17:10:59         ens5    200.00    185.00     90.07     52.92      0.00      0.00      0.00      0.00

17:10:59        IFACE   rxpck/s   txpck/s    rxkB/s    txkB/s   rxcmp/s   txcmp/s  rxmcst/s   %ifutil
17:11:00         ens5    205.00    188.00     95.49     55.68      0.00      0.00      0.00      0.00

17:11:00        IFACE   rxpck/s   txpck/s    rxkB/s    txkB/s   rxcmp/s   txcmp/s  rxmcst/s   %ifutil
17:11:01         ens5    197.00    183.00     89.90     52.71      0.00      0.00      0.00      0.00

17:11:01        IFACE   rxpck/s   txpck/s    rxkB/s    txkB/s   rxcmp/s   txcmp/s  rxmcst/s   %ifutil
17:11:02         ens5    128.00    118.00     59.66     34.87      0.00      0.00      0.00      0.00

17:11:02        IFACE   rxpck/s   txpck/s    rxkB/s    txkB/s   rxcmp/s   txcmp/s  rxmcst/s   %ifutil
17:11:03         ens5    198.00    184.00     89.96     52.85      0.00      0.00      0.00      0.00

17:11:03        IFACE   rxpck/s   txpck/s    rxkB/s    txkB/s   rxcmp/s   txcmp/s  rxmcst/s   %ifutil
17:11:04         ens5    203.00    187.00     95.38     55.61      0.00      0.00      0.00      0.00

17:11:04        IFACE   rxpck/s   txpck/s    rxkB/s    txkB/s   rxcmp/s   txcmp/s  rxmcst/s   %ifutil
17:11:05         ens5    200.00    185.00     90.07     52.92      0.00      0.00      0.00      0.00

17:11:05        IFACE   rxpck/s   txpck/s    rxkB/s    txkB/s   rxcmp/s   txcmp/s  rxmcst/s   %ifutil
17:11:06         ens5    204.00    188.00     95.45     55.69      0.00      0.00      0.00      0.00

17:11:06        IFACE   rxpck/s   txpck/s    rxkB/s    txkB/s   rxcmp/s   txcmp/s  rxmcst/s   %ifutil
17:11:07         ens5    199.00    183.00     90.01     52.72      0.00      0.00      0.00      0.00

17:11:07        IFACE   rxpck/s   txpck/s    rxkB/s    txkB/s   rxcmp/s   txcmp/s  rxmcst/s   %ifutil
17:11:08         ens5    201.00    188.00     95.29     55.74      0.00      0.00      0.00      0.00

17:11:08        IFACE   rxpck/s   txpck/s    rxkB/s    txkB/s   rxcmp/s   txcmp/s  rxmcst/s   %ifutil
17:11:09         ens5    200.00    183.00     90.00     52.72      0.00      0.00      0.00      0.00

17:11:09        IFACE   rxpck/s   txpck/s    rxkB/s    txkB/s   rxcmp/s   txcmp/s  rxmcst/s   %ifutil
17:11:10         ens5    206.00    191.00     95.62     55.99      0.00      0.00      0.00      0.00

17:11:10        IFACE   rxpck/s   txpck/s    rxkB/s    txkB/s   rxcmp/s   txcmp/s  rxmcst/s   %ifutil
17:11:11         ens5    202.00    185.00     90.16     52.85      0.00      0.00      0.00      0.00

17:11:11        IFACE   rxpck/s   txpck/s    rxkB/s    txkB/s   rxcmp/s   txcmp/s  rxmcst/s   %ifutil
17:11:12         ens5    204.00    189.00     95.44     55.80      0.00      0.00      0.00      0.00

17:11:12        IFACE   rxpck/s   txpck/s    rxkB/s    txkB/s   rxcmp/s   txcmp/s  rxmcst/s   %ifutil
17:11:13         ens5    199.00    183.00     90.02     52.73      0.00      0.00      0.00      0.00

17:11:13        IFACE   rxpck/s   txpck/s    rxkB/s    txkB/s   rxcmp/s   txcmp/s  rxmcst/s   %ifutil
17:11:14         ens5    206.00    190.00     95.55     55.88      0.00      0.00      0.00      0.00

17:11:14        IFACE   rxpck/s   txpck/s    rxkB/s    txkB/s   rxcmp/s   txcmp/s  rxmcst/s   %ifutil
17:11:15         ens5    198.00    184.00     89.96     52.84      0.00      0.00      0.00      0.00

17:11:15        IFACE   rxpck/s   txpck/s    rxkB/s    txkB/s   rxcmp/s   txcmp/s  rxmcst/s   %ifutil
17:11:16         ens5    201.00    186.00     95.28     55.55      0.00      0.00      0.00      0.00

17:11:16        IFACE   rxpck/s   txpck/s    rxkB/s    txkB/s   rxcmp/s   txcmp/s  rxmcst/s   %ifutil
17:11:17         ens5    201.00    184.00     90.11     52.79      0.00      0.00      0.00      0.00

17:11:17        IFACE   rxpck/s   txpck/s    rxkB/s    txkB/s   rxcmp/s   txcmp/s  rxmcst/s   %ifutil
17:11:18         ens5    203.00    188.00     95.40     55.75      0.00      0.00      0.00      0.00

17:11:18        IFACE   rxpck/s   txpck/s    rxkB/s    txkB/s   rxcmp/s   txcmp/s  rxmcst/s   %ifutil
17:11:19         ens5     54.00     49.00     24.03     14.07      0.00      0.00      0.00      0.00

17:11:19        IFACE   rxpck/s   txpck/s    rxkB/s    txkB/s   rxcmp/s   txcmp/s  rxmcst/s   %ifutil
17:11:20         ens5      8.00      8.00      0.44      0.60      0.00      0.00      0.00      0.00

17:11:20        IFACE   rxpck/s   txpck/s    rxkB/s    txkB/s   rxcmp/s   txcmp/s  rxmcst/s   %ifutil
17:11:21         ens5      0.00      0.00      0.00      0.00      0.00      0.00      0.00      0.00

17:11:21        IFACE   rxpck/s   txpck/s    rxkB/s    txkB/s   rxcmp/s   txcmp/s  rxmcst/s   %ifutil
17:11:22         ens5      1.00      1.00      0.07      0.09      0.00      0.00      0.00      0.00


Average:        IFACE   rxpck/s   txpck/s    rxkB/s    txkB/s   rxcmp/s   txcmp/s  rxmcst/s   %ifutil
Average:         ens5    175.39    162.27     80.26     46.91      0.00      0.00      0.00      0.00
