Linux 7.0.0-1008-aws (ip-172-31-20-134) 	08/07/26 	_x86_64_	(2 CPU)

10:58:23        IFACE   rxpck/s   txpck/s    rxkB/s    txkB/s   rxcmp/s   txcmp/s  rxmcst/s   %ifutil
10:58:24         ens5     51.00     53.00      4.35      5.62      0.00      0.00      0.00      0.00

10:58:24        IFACE   rxpck/s   txpck/s    rxkB/s    txkB/s   rxcmp/s   txcmp/s  rxmcst/s   %ifutil
10:58:25         ens5     39.00     34.00      3.21      3.42      0.00      0.00      0.00      0.00

10:58:25        IFACE   rxpck/s   txpck/s    rxkB/s    txkB/s   rxcmp/s   txcmp/s  rxmcst/s   %ifutil
10:58:26         ens5      0.00      0.00      0.00      0.00      0.00      0.00      0.00      0.00

10:58:26        IFACE   rxpck/s   txpck/s    rxkB/s    txkB/s   rxcmp/s   txcmp/s  rxmcst/s   %ifutil
10:58:27         ens5      0.00      0.00      0.00      0.00      0.00      0.00      0.00      0.00

10:58:27        IFACE   rxpck/s   txpck/s    rxkB/s    txkB/s   rxcmp/s   txcmp/s  rxmcst/s   %ifutil
10:58:28         ens5      0.00      0.00      0.00      0.00      0.00      0.00      0.00      0.00

10:58:28        IFACE   rxpck/s   txpck/s    rxkB/s    txkB/s   rxcmp/s   txcmp/s  rxmcst/s   %ifutil
10:58:29         ens5      0.00      0.00      0.00      0.00      0.00      0.00      0.00      0.00

10:58:29        IFACE   rxpck/s   txpck/s    rxkB/s    txkB/s   rxcmp/s   txcmp/s  rxmcst/s   %ifutil
10:58:30         ens5      0.00      0.00      0.00      0.00      0.00      0.00      0.00      0.00

10:58:30        IFACE   rxpck/s   txpck/s    rxkB/s    txkB/s   rxcmp/s   txcmp/s  rxmcst/s   %ifutil
10:58:31         ens5      0.00      0.00      0.00      0.00      0.00      0.00      0.00      0.00

10:58:31        IFACE   rxpck/s   txpck/s    rxkB/s    txkB/s   rxcmp/s   txcmp/s  rxmcst/s   %ifutil
10:58:32         ens5      0.00      0.00      0.00      0.00      0.00      0.00      0.00      0.00

10:58:32        IFACE   rxpck/s   txpck/s    rxkB/s    txkB/s   rxcmp/s   txcmp/s  rxmcst/s   %ifutil
10:58:33         ens5      1.00      1.00      0.07      0.09      0.00      0.00      0.00      0.00

10:58:33        IFACE   rxpck/s   txpck/s    rxkB/s    txkB/s   rxcmp/s   txcmp/s  rxmcst/s   %ifutil
10:58:34         ens5      0.00      0.00      0.00      0.00      0.00      0.00      0.00      0.00

10:58:34        IFACE   rxpck/s   txpck/s    rxkB/s    txkB/s   rxcmp/s   txcmp/s  rxmcst/s   %ifutil
10:58:35         ens5      0.00      0.00      0.00      0.00      0.00      0.00      0.00      0.00

10:58:35        IFACE   rxpck/s   txpck/s    rxkB/s    txkB/s   rxcmp/s   txcmp/s  rxmcst/s   %ifutil
10:58:36         ens5      0.00      0.00      0.00      0.00      0.00      0.00      0.00      0.00

10:58:36        IFACE   rxpck/s   txpck/s    rxkB/s    txkB/s   rxcmp/s   txcmp/s  rxmcst/s   %ifutil
10:58:37         ens5      0.00      0.00      0.00      0.00      0.00      0.00      0.00      0.00

10:58:37        IFACE   rxpck/s   txpck/s    rxkB/s    txkB/s   rxcmp/s   txcmp/s  rxmcst/s   %ifutil
10:58:38         ens5      0.00      0.00      0.00      0.00      0.00      0.00      0.00      0.00

10:58:38        IFACE   rxpck/s   txpck/s    rxkB/s    txkB/s   rxcmp/s   txcmp/s  rxmcst/s   %ifutil
10:58:39         ens5      0.00      0.00      0.00      0.00      0.00      0.00      0.00      0.00

10:58:39        IFACE   rxpck/s   txpck/s    rxkB/s    txkB/s   rxcmp/s   txcmp/s  rxmcst/s   %ifutil
10:58:40         ens5      0.00      0.00      0.00      0.00      0.00      0.00      0.00      0.00

10:58:40        IFACE   rxpck/s   txpck/s    rxkB/s    txkB/s   rxcmp/s   txcmp/s  rxmcst/s   %ifutil
10:58:41         ens5      0.00      0.00      0.00      0.00      0.00      0.00      0.00      0.00

10:58:41        IFACE   rxpck/s   txpck/s    rxkB/s    txkB/s   rxcmp/s   txcmp/s  rxmcst/s   %ifutil
10:58:42         ens5      0.00      0.00      0.00      0.00      0.00      0.00      0.00      0.00

10:58:42        IFACE   rxpck/s   txpck/s    rxkB/s    txkB/s   rxcmp/s   txcmp/s  rxmcst/s   %ifutil
10:58:43         ens5      0.00      0.00      0.00      0.00      0.00      0.00      0.00      0.00

10:58:43        IFACE   rxpck/s   txpck/s    rxkB/s    txkB/s   rxcmp/s   txcmp/s  rxmcst/s   %ifutil
10:58:44         ens5      0.00      0.00      0.00      0.00      0.00      0.00      0.00      0.00

10:58:44        IFACE   rxpck/s   txpck/s    rxkB/s    txkB/s   rxcmp/s   txcmp/s  rxmcst/s   %ifutil
10:58:45         ens5    119.00    109.00     96.37     77.49      0.00      0.00      0.00      0.00

10:58:45        IFACE   rxpck/s   txpck/s    rxkB/s    txkB/s   rxcmp/s   txcmp/s  rxmcst/s   %ifutil
10:58:46         ens5    169.00    151.00    136.62    112.38      0.00      0.00      0.00      0.00

10:58:46        IFACE   rxpck/s   txpck/s    rxkB/s    txkB/s   rxcmp/s   txcmp/s  rxmcst/s   %ifutil
10:58:47         ens5    163.00    145.00    130.68    107.76      0.00      0.00      0.00      0.00

10:58:47        IFACE   rxpck/s   txpck/s    rxkB/s    txkB/s   rxcmp/s   txcmp/s  rxmcst/s   %ifutil
10:58:48         ens5    165.00    149.00    134.44    112.01      0.00      0.00      0.00      0.00

10:58:48        IFACE   rxpck/s   txpck/s    rxkB/s    txkB/s   rxcmp/s   txcmp/s  rxmcst/s   %ifutil
10:58:49         ens5    168.00    150.00    134.08    109.45      0.00      0.00      0.00      0.00

10:58:49        IFACE   rxpck/s   txpck/s    rxkB/s    txkB/s   rxcmp/s   txcmp/s  rxmcst/s   %ifutil
10:58:50         ens5    164.00    145.00    131.88    108.97      0.00      0.00      0.00      0.00

10:58:50        IFACE   rxpck/s   txpck/s    rxkB/s    txkB/s   rxcmp/s   txcmp/s  rxmcst/s   %ifutil
10:58:51         ens5    164.00    148.00    133.21    110.84      0.00      0.00      0.00      0.00

10:58:51        IFACE   rxpck/s   txpck/s    rxkB/s    txkB/s   rxcmp/s   txcmp/s  rxmcst/s   %ifutil
10:58:52         ens5    167.00    148.00    134.08    109.35      0.00      0.00      0.00      0.00

10:58:52        IFACE   rxpck/s   txpck/s    rxkB/s    txkB/s   rxcmp/s   txcmp/s  rxmcst/s   %ifutil
10:58:53         ens5    166.00    149.00    132.61    109.94      0.00      0.00      0.00      0.00

10:58:53        IFACE   rxpck/s   txpck/s    rxkB/s    txkB/s   rxcmp/s   txcmp/s  rxmcst/s   %ifutil
10:58:54         ens5    164.00    147.00    133.29    110.70      0.00      0.00      0.00      0.00

10:58:54        IFACE   rxpck/s   txpck/s    rxkB/s    txkB/s   rxcmp/s   txcmp/s  rxmcst/s   %ifutil
10:58:55         ens5    168.00    148.00    134.12    109.33      0.00      0.00      0.00      0.00

10:58:55        IFACE   rxpck/s   txpck/s    rxkB/s    txkB/s   rxcmp/s   txcmp/s  rxmcst/s   %ifutil
10:58:56         ens5    164.00    146.00    131.90    109.10      0.00      0.00      0.00      0.00

10:58:56        IFACE   rxpck/s   txpck/s    rxkB/s    txkB/s   rxcmp/s   txcmp/s  rxmcst/s   %ifutil
10:58:57         ens5    171.00    148.00    137.07    111.07      0.00      0.00      0.00      0.00

10:58:57        IFACE   rxpck/s   txpck/s    rxkB/s    txkB/s   rxcmp/s   txcmp/s  rxmcst/s   %ifutil
10:58:58         ens5    163.00    147.00    130.74    109.26      0.00      0.00      0.00      0.00

10:58:58        IFACE   rxpck/s   txpck/s    rxkB/s    txkB/s   rxcmp/s   txcmp/s  rxmcst/s   %ifutil
10:58:59         ens5    164.00    148.00    132.21    109.56      0.00      0.00      0.00      0.00

10:58:59        IFACE   rxpck/s   txpck/s    rxkB/s    txkB/s   rxcmp/s   txcmp/s  rxmcst/s   %ifutil
10:59:00         ens5    152.00    136.00    123.58    100.42      0.00      0.00      0.00      0.00

10:59:00        IFACE   rxpck/s   txpck/s    rxkB/s    txkB/s   rxcmp/s   txcmp/s  rxmcst/s   %ifutil
10:59:01         ens5    164.00    147.00    131.11    108.34      0.00      0.00      0.00      0.00

10:59:01        IFACE   rxpck/s   txpck/s    rxkB/s    txkB/s   rxcmp/s   txcmp/s  rxmcst/s   %ifutil
10:59:02         ens5    137.00    123.00    109.85     90.93      0.00      0.00      0.00      0.00

10:59:02        IFACE   rxpck/s   txpck/s    rxkB/s    txkB/s   rxcmp/s   txcmp/s  rxmcst/s   %ifutil
10:59:03         ens5    176.00    155.00    136.60    110.83      0.00      0.00      0.00      0.00

10:59:03        IFACE   rxpck/s   txpck/s    rxkB/s    txkB/s   rxcmp/s   txcmp/s  rxmcst/s   %ifutil
10:59:04         ens5    165.00    149.00    134.49    112.17      0.00      0.00      0.00      0.00

10:59:04        IFACE   rxpck/s   txpck/s    rxkB/s    txkB/s   rxcmp/s   txcmp/s  rxmcst/s   %ifutil
10:59:05         ens5    162.00    145.00    131.01    108.14      0.00      0.00      0.00      0.00

10:59:05        IFACE   rxpck/s   txpck/s    rxkB/s    txkB/s   rxcmp/s   txcmp/s  rxmcst/s   %ifutil
10:59:06         ens5    169.00    149.00    134.48    109.82      0.00      0.00      0.00      0.00

10:59:06        IFACE   rxpck/s   txpck/s    rxkB/s    txkB/s   rxcmp/s   txcmp/s  rxmcst/s   %ifutil
10:59:07         ens5    167.00    149.00    134.89    112.39      0.00      0.00      0.00      0.00

10:59:07        IFACE   rxpck/s   txpck/s    rxkB/s    txkB/s   rxcmp/s   txcmp/s  rxmcst/s   %ifutil
10:59:08         ens5    167.00    149.00    134.07    109.50      0.00      0.00      0.00      0.00

10:59:08        IFACE   rxpck/s   txpck/s    rxkB/s    txkB/s   rxcmp/s   txcmp/s  rxmcst/s   %ifutil
10:59:09         ens5    167.00    146.00    132.12    109.00      0.00      0.00      0.00      0.00

10:59:09        IFACE   rxpck/s   txpck/s    rxkB/s    txkB/s   rxcmp/s   txcmp/s  rxmcst/s   %ifutil
10:59:10         ens5    164.00    146.00    132.24    109.43      0.00      0.00      0.00      0.00

10:59:10        IFACE   rxpck/s   txpck/s    rxkB/s    txkB/s   rxcmp/s   txcmp/s  rxmcst/s   %ifutil
10:59:11         ens5    165.00    149.00    133.38    110.87      0.00      0.00      0.00      0.00

10:59:11        IFACE   rxpck/s   txpck/s    rxkB/s    txkB/s   rxcmp/s   txcmp/s  rxmcst/s   %ifutil
10:59:12         ens5    163.00    144.00    131.04    108.01      0.00      0.00      0.00      0.00

10:59:12        IFACE   rxpck/s   txpck/s    rxkB/s    txkB/s   rxcmp/s   txcmp/s  rxmcst/s   %ifutil
10:59:13         ens5    167.00    144.00    134.11    108.92      0.00      0.00      0.00      0.00

10:59:13        IFACE   rxpck/s   txpck/s    rxkB/s    txkB/s   rxcmp/s   txcmp/s  rxmcst/s   %ifutil
10:59:14         ens5    164.00    147.00    131.94    109.19      0.00      0.00      0.00      0.00

10:59:14        IFACE   rxpck/s   txpck/s    rxkB/s    txkB/s   rxcmp/s   txcmp/s  rxmcst/s   %ifutil
10:59:15         ens5    170.00    153.00    137.01    112.87      0.00      0.00      0.00      0.00

10:59:15        IFACE   rxpck/s   txpck/s    rxkB/s    txkB/s   rxcmp/s   txcmp/s  rxmcst/s   %ifutil
10:59:16         ens5    164.00    146.00    131.07    108.22      0.00      0.00      0.00      0.00

10:59:16        IFACE   rxpck/s   txpck/s    rxkB/s    txkB/s   rxcmp/s   txcmp/s  rxmcst/s   %ifutil
10:59:17         ens5    166.00    148.00    132.92    110.19      0.00      0.00      0.00      0.00

10:59:17        IFACE   rxpck/s   txpck/s    rxkB/s    txkB/s   rxcmp/s   txcmp/s  rxmcst/s   %ifutil
10:59:18         ens5    162.00    142.00    130.70    107.47      0.00      0.00      0.00      0.00

10:59:18        IFACE   rxpck/s   txpck/s    rxkB/s    txkB/s   rxcmp/s   txcmp/s  rxmcst/s   %ifutil
10:59:19         ens5    165.00    147.00    133.29    110.70      0.00      0.00      0.00      0.00

10:59:19        IFACE   rxpck/s   txpck/s    rxkB/s    txkB/s   rxcmp/s   txcmp/s  rxmcst/s   %ifutil
10:59:20         ens5    168.00    145.00    135.29    109.04      0.00      0.00      0.00      0.00

10:59:20        IFACE   rxpck/s   txpck/s    rxkB/s    txkB/s   rxcmp/s   txcmp/s  rxmcst/s   %ifutil
10:59:21         ens5    162.00    145.00    131.81    109.05      0.00      0.00      0.00      0.00

10:59:21        IFACE   rxpck/s   txpck/s    rxkB/s    txkB/s   rxcmp/s   txcmp/s  rxmcst/s   %ifutil
10:59:22         ens5    169.00    152.00    135.55    112.51      0.00      0.00      0.00      0.00

10:59:22        IFACE   rxpck/s   txpck/s    rxkB/s    txkB/s   rxcmp/s   txcmp/s  rxmcst/s   %ifutil
10:59:23         ens5    165.00    150.00    134.78    112.53      0.00      0.00      0.00      0.00

10:59:23        IFACE   rxpck/s   txpck/s    rxkB/s    txkB/s   rxcmp/s   txcmp/s  rxmcst/s   %ifutil
10:59:24         ens5    167.00    145.00    134.06    109.00      0.00      0.00      0.00      0.00

10:59:24        IFACE   rxpck/s   txpck/s    rxkB/s    txkB/s   rxcmp/s   txcmp/s  rxmcst/s   %ifutil
10:59:25         ens5    162.00    146.00    130.72    108.03      0.00      0.00      0.00      0.00

10:59:25        IFACE   rxpck/s   txpck/s    rxkB/s    txkB/s   rxcmp/s   txcmp/s  rxmcst/s   %ifutil
10:59:26         ens5    164.00    144.00    131.94    108.88      0.00      0.00      0.00      0.00

10:59:26        IFACE   rxpck/s   txpck/s    rxkB/s    txkB/s   rxcmp/s   txcmp/s  rxmcst/s   %ifutil
10:59:27         ens5    169.00    151.00    136.99    112.65      0.00      0.00      0.00      0.00

10:59:27        IFACE   rxpck/s   txpck/s    rxkB/s    txkB/s   rxcmp/s   txcmp/s  rxmcst/s   %ifutil
10:59:28         ens5    164.00    146.00    131.94    109.25      0.00      0.00      0.00      0.00

10:59:28        IFACE   rxpck/s   txpck/s    rxkB/s    txkB/s   rxcmp/s   txcmp/s  rxmcst/s   %ifutil
10:59:29         ens5    168.00    154.00    134.94    112.86      0.00      0.00      0.00      0.00

10:59:29        IFACE   rxpck/s   txpck/s    rxkB/s    txkB/s   rxcmp/s   txcmp/s  rxmcst/s   %ifutil
10:59:30         ens5    170.00    148.00    134.83    109.96      0.00      0.00      0.00      0.00

10:59:30        IFACE   rxpck/s   txpck/s    rxkB/s    txkB/s   rxcmp/s   txcmp/s  rxmcst/s   %ifutil
10:59:31         ens5    165.00    144.00    132.56    108.90      0.00      0.00      0.00      0.00

10:59:31        IFACE   rxpck/s   txpck/s    rxkB/s    txkB/s   rxcmp/s   txcmp/s  rxmcst/s   %ifutil
10:59:32         ens5    169.00    147.00    133.61    108.57      0.00      0.00      0.00      0.00

10:59:32        IFACE   rxpck/s   txpck/s    rxkB/s    txkB/s   rxcmp/s   txcmp/s  rxmcst/s   %ifutil
10:59:33         ens5    169.00    151.00    133.83    111.37      0.00      0.00      0.00      0.00

10:59:33        IFACE   rxpck/s   txpck/s    rxkB/s    txkB/s   rxcmp/s   txcmp/s  rxmcst/s   %ifutil
10:59:34         ens5    169.00    149.00    134.75    109.81      0.00      0.00      0.00      0.00

10:59:34        IFACE   rxpck/s   txpck/s    rxkB/s    txkB/s   rxcmp/s   txcmp/s  rxmcst/s   %ifutil
10:59:35         ens5    169.00    146.00    133.64    109.36      0.00      0.00      0.00      0.00

10:59:35        IFACE   rxpck/s   txpck/s    rxkB/s    txkB/s   rxcmp/s   txcmp/s  rxmcst/s   %ifutil
10:59:36         ens5    171.00    151.00    137.38    112.63      0.00      0.00      0.00      0.00

10:59:36        IFACE   rxpck/s   txpck/s    rxkB/s    txkB/s   rxcmp/s   txcmp/s  rxmcst/s   %ifutil
10:59:37         ens5    165.00    146.00    131.39    108.32      0.00      0.00      0.00      0.00

10:59:37        IFACE   rxpck/s   txpck/s    rxkB/s    txkB/s   rxcmp/s   txcmp/s  rxmcst/s   %ifutil
10:59:38         ens5    165.00    148.00    133.21    109.60      0.00      0.00      0.00      0.00

10:59:38        IFACE   rxpck/s   txpck/s    rxkB/s    txkB/s   rxcmp/s   txcmp/s  rxmcst/s   %ifutil
10:59:39         ens5    166.00    151.00    133.09    111.39      0.00      0.00      0.00      0.00

10:59:39        IFACE   rxpck/s   txpck/s    rxkB/s    txkB/s   rxcmp/s   txcmp/s  rxmcst/s   %ifutil
10:59:40         ens5     71.00     59.00     54.97     43.50      0.00      0.00      0.00      0.00

10:59:40        IFACE   rxpck/s   txpck/s    rxkB/s    txkB/s   rxcmp/s   txcmp/s  rxmcst/s   %ifutil
10:59:41         ens5      0.00      0.00      0.00      0.00      0.00      0.00      0.00      0.00

10:59:41        IFACE   rxpck/s   txpck/s    rxkB/s    txkB/s   rxcmp/s   txcmp/s  rxmcst/s   %ifutil
10:59:42         ens5      0.00      0.00      0.00      0.00      0.00      0.00      0.00      0.00


Average:        IFACE   rxpck/s   txpck/s    rxkB/s    txkB/s   rxcmp/s   txcmp/s  rxmcst/s   %ifutil
Average:         ens5    116.62    103.77     92.81     76.47      0.00      0.00      0.00      0.00
