Linux 7.0.0-1010-aws (ip-172-31-20-134) 	08/11/26 	_x86_64_	(2 CPU)

17:00:55    kbmemfree   kbavail kbmemused  %memused kbbuffers  kbcached  kbcommit   %commit  kbactive   kbinact   kbdirty
17:00:56        93676   1288040    405988     20.81     31260   1274916   1474352     75.57   1033748    580148       568
17:00:57        93676   1288040    405988     20.81     31260   1274916   1474352     75.57   1033788    580148       568
17:00:58        93676   1288040    405988     20.81     31260   1274916   1474352     75.57   1033788    580148       568
17:00:59        93676   1288044    405980     20.81     31260   1274924   1474352     75.57   1033756    580152       576
17:01:00        93676   1288044    405980     20.81     31260   1274924   1474352     75.57   1033756    580152       576
17:01:01        93676   1288044    405980     20.81     31260   1274924   1474352     75.57   1034008    580152       576
17:01:02        93676   1288060    405948     20.81     31260   1274952   1475532     75.63   1035604    580164       604
17:01:03        93676   1288060    405948     20.81     31260   1274952   1479628     75.84   1036360    580164       604
17:01:04        92780   1288168    405824     20.80     31284   1275920   1479628     75.84   1036728    581156       664
17:01:05        92780   1288168    405824     20.80     31284   1275920   1479628     75.84   1036728    581156       664
17:01:06        92780   1288168    405824     20.80     31284   1275920   1479628     75.84   1036980    581156       664
17:01:07        90512   1285936    408080     20.92     31284   1275932   1505440     77.17   1040960    581192       676
17:01:08        84488   1280320    413704     21.21     31284   1276328   1833312     93.97   1051664    581592      1072
17:01:09        81740   1277848    416048     21.33     31284   1276720   1961996    100.57   1055388    581860      1464
17:01:10        81740   1278032    415976     21.32     31284   1276792   1962080    100.57   1052240    582044      1536
17:01:11        81488   1277848    416164     21.33     31284   1276856   1962080    100.57   1052612    582112      1600
17:01:12        81488   1277848    416164     21.33     31284   1276856   1962080    100.57   1052612    582112      1600
17:01:13        81488   1277848    416164     21.33     31284   1276856   1962080    100.57   1052628    582112      1552
17:01:14        80984   1277348    416668     21.36     31284   1276856   1962080    100.57   1052704    582116      1552
17:01:15        80984   1277348    416660     21.36     31284   1276864   1962080    100.57   1052672    582116      1564
17:01:16        80984   1277356    416648     21.36     31284   1276868   1962080    100.57   1052876    582120      1568
17:01:17        80984   1277364    416644     21.36     31284   1276872   1962080    100.57   1052908    582128      1572

Average:        87938   1283362    410645     21.05     31275   1275954   1692616     86.76   1043387    581191      1018
