Linux 7.0.0-1010-aws (ip-172-31-20-134) 	08/11/26 	_x86_64_	(2 CPU)

17:00:55        IFACE   rxpck/s   txpck/s    rxkB/s    txkB/s   rxcmp/s   txcmp/s  rxmcst/s   %ifutil
17:00:56         ens5     50.00     42.00      4.38      4.95      0.00      0.00      0.00      0.00

17:00:56        IFACE   rxpck/s   txpck/s    rxkB/s    txkB/s   rxcmp/s   txcmp/s  rxmcst/s   %ifutil
17:00:57         ens5     24.00     19.00      2.07      2.10      0.00      0.00      0.00      0.00

17:00:57        IFACE   rxpck/s   txpck/s    rxkB/s    txkB/s   rxcmp/s   txcmp/s  rxmcst/s   %ifutil
17:00:58         ens5      1.00      1.00      0.07      0.09      0.00      0.00      0.00      0.00

17:00:58        IFACE   rxpck/s   txpck/s    rxkB/s    txkB/s   rxcmp/s   txcmp/s  rxmcst/s   %ifutil
17:00:59         ens5      0.00      0.00      0.00      0.00      0.00      0.00      0.00      0.00

17:00:59        IFACE   rxpck/s   txpck/s    rxkB/s    txkB/s   rxcmp/s   txcmp/s  rxmcst/s   %ifutil
17:01:00         ens5      0.00      0.00      0.00      0.00      0.00      0.00      0.00      0.00

17:01:00        IFACE   rxpck/s   txpck/s    rxkB/s    txkB/s   rxcmp/s   txcmp/s  rxmcst/s   %ifutil
17:01:01         ens5      0.00      0.00      0.00      0.00      0.00      0.00      0.00      0.00

17:01:01        IFACE   rxpck/s   txpck/s    rxkB/s    txkB/s   rxcmp/s   txcmp/s  rxmcst/s   %ifutil
17:01:02         ens5     31.00     34.00     21.44      2.62      0.00      0.00      0.00      0.00

17:01:02        IFACE   rxpck/s   txpck/s    rxkB/s    txkB/s   rxcmp/s   txcmp/s  rxmcst/s   %ifutil
17:01:03         ens5      0.00      0.00      0.00      0.00      0.00      0.00      0.00      0.00

17:01:03        IFACE   rxpck/s   txpck/s    rxkB/s    txkB/s   rxcmp/s   txcmp/s  rxmcst/s   %ifutil
17:01:04         ens5      0.00      0.00      0.00      0.00      0.00      0.00      0.00      0.00

17:01:04        IFACE   rxpck/s   txpck/s    rxkB/s    txkB/s   rxcmp/s   txcmp/s  rxmcst/s   %ifutil
17:01:05         ens5      0.00      0.00      0.00      0.00      0.00      0.00      0.00      0.00

17:01:05        IFACE   rxpck/s   txpck/s    rxkB/s    txkB/s   rxcmp/s   txcmp/s  rxmcst/s   %ifutil
17:01:06         ens5      0.00      0.00      0.00      0.00      0.00      0.00      0.00      0.00

17:01:06        IFACE   rxpck/s   txpck/s    rxkB/s    txkB/s   rxcmp/s   txcmp/s  rxmcst/s   %ifutil
17:01:07         ens5     93.00    103.00     33.14      9.70      0.00      0.00      0.00      0.00

17:01:07        IFACE   rxpck/s   txpck/s    rxkB/s    txkB/s   rxcmp/s   txcmp/s  rxmcst/s   %ifutil
17:01:08         ens5    686.00    730.00    247.47     66.74      0.00      0.00      0.00      0.00

17:01:08        IFACE   rxpck/s   txpck/s    rxkB/s    txkB/s   rxcmp/s   txcmp/s  rxmcst/s   %ifutil
17:01:09         ens5    570.00    683.00    208.67     65.71      0.00      0.00      0.00      0.00

17:01:09        IFACE   rxpck/s   txpck/s    rxkB/s    txkB/s   rxcmp/s   txcmp/s  rxmcst/s   %ifutil
17:01:10         ens5    107.00    122.00     39.48     11.42      0.00      0.00      0.00      0.00

17:01:10        IFACE   rxpck/s   txpck/s    rxkB/s    txkB/s   rxcmp/s   txcmp/s  rxmcst/s   %ifutil
17:01:11         ens5      0.00      0.00      0.00      0.00      0.00      0.00      0.00      0.00

17:01:11        IFACE   rxpck/s   txpck/s    rxkB/s    txkB/s   rxcmp/s   txcmp/s  rxmcst/s   %ifutil
17:01:12         ens5      0.00      0.00      0.00      0.00      0.00      0.00      0.00      0.00

17:01:12        IFACE   rxpck/s   txpck/s    rxkB/s    txkB/s   rxcmp/s   txcmp/s  rxmcst/s   %ifutil
17:01:13         ens5      0.00      0.00      0.00      0.00      0.00      0.00      0.00      0.00

17:01:13        IFACE   rxpck/s   txpck/s    rxkB/s    txkB/s   rxcmp/s   txcmp/s  rxmcst/s   %ifutil
17:01:14         ens5      1.00      1.00      0.07      0.09      0.00      0.00      0.00      0.00

17:01:14        IFACE   rxpck/s   txpck/s    rxkB/s    txkB/s   rxcmp/s   txcmp/s  rxmcst/s   %ifutil
17:01:15         ens5      0.00      0.00      0.00      0.00      0.00      0.00      0.00      0.00

17:01:15        IFACE   rxpck/s   txpck/s    rxkB/s    txkB/s   rxcmp/s   txcmp/s  rxmcst/s   %ifutil
17:01:16         ens5      0.00      0.00      0.00      0.00      0.00      0.00      0.00      0.00

17:01:16        IFACE   rxpck/s   txpck/s    rxkB/s    txkB/s   rxcmp/s   txcmp/s  rxmcst/s   %ifutil
17:01:17         ens5      0.00      0.00      0.00      0.00      0.00      0.00      0.00      0.00


Average:        IFACE   rxpck/s   txpck/s    rxkB/s    txkB/s   rxcmp/s   txcmp/s  rxmcst/s   %ifutil
Average:         ens5     71.05     78.86     25.31      7.43      0.00      0.00      0.00      0.00
