Linux 7.0.0-1008-aws (ip-172-31-20-134) 	08/07/26 	_x86_64_	(2 CPU)

15:06:41        CPU     %user     %nice   %system   %iowait    %steal     %idle
15:06:42        all      2.53      0.00      1.01      0.00      0.00     96.46
15:06:43        all      0.00      0.00      0.00      0.00      0.00    100.00
15:06:44        all      4.52      0.00      2.01      0.00      0.00     93.47
15:06:45        all      0.00      0.00      0.00      0.00      0.00    100.00
15:06:46        all      0.50      0.00      0.00      0.00      0.00     99.50
15:06:47        all      0.50      0.00      0.50      0.00      0.00     99.00
15:06:48        all      0.00      0.00      0.00      0.00      0.00    100.00
15:06:49        all      7.07      0.00      1.01      0.00      0.00     91.92
15:06:50        all      6.57      0.00      1.01      0.00      0.00     92.42
15:06:51        all      6.12      0.00      0.51      0.00      1.53     91.84
15:06:52        all      7.58      0.00      0.51      0.00      0.51     91.41
15:06:53        all      6.57      0.00      1.01      0.00      0.00     92.42
15:06:54        all      6.60      0.00      1.02      0.00      0.00     92.39
15:06:55        all      6.06      0.00      1.01      0.00      0.00     92.93
15:06:56        all      6.60      0.00      1.02      0.00      0.00     92.39
15:06:57        all      7.58      0.00      1.01      0.00      0.00     91.41
15:06:58        all      6.03      0.00      1.01      0.00      0.50     92.46
15:06:59        all     12.76      0.00      1.53      0.00      0.00     85.71
15:07:00        all      6.12      0.00      0.00      0.00      0.00     93.88
15:07:01        all      6.44      0.00      1.98      0.00      1.98     89.60
15:07:02        all      5.64      0.00      0.00      0.00      0.00     94.36
15:07:03        all      7.04      0.00      1.01      1.01      0.00     90.95
15:07:04        all      6.60      0.00      1.52      0.00      0.00     91.88
15:07:05        all      6.03      0.00      1.01      0.00      0.00     92.96
15:07:06        all      6.15      0.00      0.51      0.00      0.00     93.33
15:07:07        all      7.54      0.00      1.01      0.00      0.00     91.46
15:07:08        all      6.53      0.00      1.01      0.00      0.00     92.46
15:07:09        all      6.15      0.00      1.03      0.00      0.00     92.82
15:07:10        all      6.60      0.00      0.51      0.00      0.00     92.89
15:07:11        all      9.69      0.00      0.00      0.00      0.00     90.31
15:07:12        all      6.57      0.00      1.52      0.00      0.00     91.92
15:07:13        all      6.67      0.00      0.00      0.00      0.00     93.33
15:07:14        all     11.68      0.00      2.54      0.00      0.00     85.79
15:07:15        all      6.60      0.00      0.51      0.00      0.00     92.89
15:07:16        all      6.63      0.00      0.51      0.00      0.00     92.86
15:07:17        all      6.12      0.00      0.51      0.00      0.00     93.37
15:07:18        all      6.09      0.00      0.51      0.00      0.00     93.40
15:07:19        all      6.60      0.00      1.02      0.00      0.00     92.39
15:07:20        all      5.64      0.00      0.51      0.00      0.00     93.85
15:07:21        all      7.00      0.00      1.00      0.00      0.00     92.00
15:07:22        all      6.67      0.00      0.51      0.00      0.00     92.82
15:07:23        all      6.53      0.00      1.01      0.00      0.00     92.46
15:07:24        all      6.50      0.00      1.50      0.00      0.50     91.50
15:07:25        all      6.12      0.00      0.51      0.00      0.00     93.37
15:07:26        all      6.53      0.00      1.01      0.00      0.00     92.46
15:07:27        all      6.67      0.00      0.00      0.00      0.51     92.82
15:07:28        all      6.06      0.00      1.01      0.00      0.00     92.93
15:07:29        all     11.62      0.00      3.03      0.00      0.00     85.35
15:07:30        all      6.15      0.00      0.51      0.00      0.00     93.33
15:07:31        all      6.12      0.00      0.51      0.00      0.00     93.37
15:07:32        all      7.00      0.00      1.50      0.00      0.00     91.50
15:07:33        all      6.67      0.00      0.51      0.00      0.00     92.82
15:07:34        all      7.54      0.00      1.01      0.00      0.00     91.46
15:07:35        all      6.12      0.00      0.51      0.00      0.00     93.37
15:07:36        all      6.12      0.00      0.00      0.00      0.00     93.88
15:07:37        all      8.04      0.00      1.01      0.00      0.00     90.95
15:07:38        all      6.12      0.00      0.51      0.00      0.00     93.37
15:07:39        all      6.06      0.00      1.01      0.00      0.00     92.93
15:07:40        all      7.07      0.00      1.01      0.00      0.00     91.92
15:07:41        all      5.64      0.00      0.51      0.00      0.00     93.85
15:07:42        all      7.54      0.00      1.01      0.00      0.00     91.46
15:07:43        all      5.61      0.00      0.51      0.00      0.51     93.37
15:07:44        all     12.76      0.00      1.53      0.00      0.00     85.71
15:07:45        all      6.47      0.00      1.49      0.00      0.50     91.54
15:07:46        all      6.19      0.00      0.00      0.00      0.00     93.81
15:07:47        all      7.07      0.00      1.01      0.00      0.00     91.92
15:07:48        all      6.57      0.00      1.01      0.00      0.00     92.42
15:07:49        all      6.12      0.00      0.51      0.00      0.00     93.37
15:07:50        all      6.57      0.00      1.52      0.00      0.00     91.92
15:07:51        all      6.53      0.00      1.01      0.00      0.00     92.46
15:07:52        all      2.55      0.00      0.00      0.00      0.51     96.94
15:07:53        all      0.50      0.00      0.00      0.00      0.00     99.50
15:07:54        all      0.50      0.00      0.50      0.00      0.00     99.00
15:07:55        all      0.00      0.00      0.50      0.00      0.00     99.50
15:07:56        all      0.50      0.00      0.00      0.00      0.00     99.50

Average:        all      5.97      0.00      0.80      0.01      0.09     93.12
