Linux 7.0.0-1010-aws (ip-172-31-20-134) 	08/11/26 	_x86_64_	(2 CPU)

16:51:28    kbmemfree   kbavail kbmemused  %memused kbbuffers  kbcached  kbcommit   %commit  kbactive   kbinact   kbdirty
16:51:29       149548   1328116    367300     18.83     34220   1256648   1465884     75.14    997864    562684       336
16:51:30       149548   1328116    367300     18.83     34220   1256648   1465884     75.14    997864    562684       336
16:51:31       149548   1328116    367300     18.83     34220   1256648   1465884     75.14    997864    562684       336
16:51:32       149548   1328116    367300     18.83     34220   1256648   1465884     75.14    997864    562684       336
16:51:33       148792   1327360    368056     18.87     34220   1256648   1469980     75.35    998536    562684       336
16:51:34       148792   1327364    368052     18.87     34220   1256652   1469980     75.35    998604    562688       340
16:51:35       148792   1327364    368052     18.87     34220   1256652   1469980     75.35    998604    562688       340
16:51:36       147784   1326356    369060     18.92     34220   1256652   1469980     75.35    998604    562688       340
16:51:37       147532   1326108    369312     18.93     34220   1256652   1471220     75.41    999840    562692       340
16:51:38       147532   1326108    369292     18.93     34220   1256672   1471220     75.41    999840    562692       360
16:51:39       147532   1326108    369292     18.93     34220   1256672   1471220     75.41    999840    562692       360
16:51:40       146020   1324596    370804     19.01     34220   1256672   1496476     76.71   1002276    562692       360
16:51:41       141988   1320636    374784     19.21     34220   1256724   1530900     78.47   1005552    562764       412
16:51:42       138220   1317012    378396     19.40     34220   1256880   1586488     81.32   1009520    562908       520
16:51:43       137968   1316936    378456     19.40     34220   1257068   1586780     81.34   1009484    563080       708
16:51:44       137968   1317016    378372     19.39     34220   1257152   1586780     81.34   1009156    563160       796
16:51:45       137968   1317016    378372     19.39     34220   1257152   1586780     81.34   1009156    563160       796
16:51:46       137968   1317016    378372     19.39     34220   1257152   1586780     81.34   1009156    563160       796
16:51:47       137968   1317016    378372     19.39     34220   1257152   1586780     81.34   1009156    563160       796
16:51:48       137968   1317016    378372     19.39     34220   1257152   1586780     81.34   1009744    563160       796
16:51:49       137968   1317016    378364     19.39     34220   1257160   1586780     81.34   1009776    563160       804
16:51:50       137968   1317016    378364     19.39     34220   1257160   1586780     81.34   1009776    563160       804
16:51:51       137968   1317016    378364     19.39     34220   1257160   1586780     81.34   1009860    563160       804

Average:       143604   1322371    373031     19.12     34220   1256860   1524000     78.12   1003823    562882       528
