Linux 7.0.0-1010-aws (ip-172-31-20-134) 	08/11/26 	_x86_64_	(2 CPU)

16:51:28        IFACE   rxpck/s   txpck/s    rxkB/s    txkB/s   rxcmp/s   txcmp/s  rxmcst/s   %ifutil
16:51:29         ens5     54.00     55.00      4.57      5.80      0.00      0.00      0.00      0.00

16:51:29        IFACE   rxpck/s   txpck/s    rxkB/s    txkB/s   rxcmp/s   txcmp/s  rxmcst/s   %ifutil
16:51:30         ens5     52.00     52.00      4.47      5.18      0.00      0.00      0.00      0.00

16:51:30        IFACE   rxpck/s   txpck/s    rxkB/s    txkB/s   rxcmp/s   txcmp/s  rxmcst/s   %ifutil
16:51:31         ens5     12.00     11.00      0.98      1.08      0.00      0.00      0.00      0.00

16:51:31        IFACE   rxpck/s   txpck/s    rxkB/s    txkB/s   rxcmp/s   txcmp/s  rxmcst/s   %ifutil
16:51:32         ens5      0.00      0.00      0.00      0.00      0.00      0.00      0.00      0.00

16:51:32        IFACE   rxpck/s   txpck/s    rxkB/s    txkB/s   rxcmp/s   txcmp/s  rxmcst/s   %ifutil
16:51:33         ens5      0.00      0.00      0.00      0.00      0.00      0.00      0.00      0.00

16:51:33        IFACE   rxpck/s   txpck/s    rxkB/s    txkB/s   rxcmp/s   txcmp/s  rxmcst/s   %ifutil
16:51:34         ens5      0.00      0.00      0.00      0.00      0.00      0.00      0.00      0.00

16:51:34        IFACE   rxpck/s   txpck/s    rxkB/s    txkB/s   rxcmp/s   txcmp/s  rxmcst/s   %ifutil
16:51:35         ens5      0.00      0.00      0.00      0.00      0.00      0.00      0.00      0.00

16:51:35        IFACE   rxpck/s   txpck/s    rxkB/s    txkB/s   rxcmp/s   txcmp/s  rxmcst/s   %ifutil
16:51:36         ens5      0.00      0.00      0.00      0.00      0.00      0.00      0.00      0.00

16:51:36        IFACE   rxpck/s   txpck/s    rxkB/s    txkB/s   rxcmp/s   txcmp/s  rxmcst/s   %ifutil
16:51:37         ens5     25.00     27.00     17.03      2.11      0.00      0.00      0.00      0.00

16:51:37        IFACE   rxpck/s   txpck/s    rxkB/s    txkB/s   rxcmp/s   txcmp/s  rxmcst/s   %ifutil
16:51:38         ens5      0.00      0.00      0.00      0.00      0.00      0.00      0.00      0.00

16:51:38        IFACE   rxpck/s   txpck/s    rxkB/s    txkB/s   rxcmp/s   txcmp/s  rxmcst/s   %ifutil
16:51:39         ens5      0.00      0.00      0.00      0.00      0.00      0.00      0.00      0.00

16:51:39        IFACE   rxpck/s   txpck/s    rxkB/s    txkB/s   rxcmp/s   txcmp/s  rxmcst/s   %ifutil
16:51:40         ens5     18.00     18.00      6.26      2.33      0.00      0.00      0.00      0.00

16:51:40        IFACE   rxpck/s   txpck/s    rxkB/s    txkB/s   rxcmp/s   txcmp/s  rxmcst/s   %ifutil
16:51:41         ens5    111.00    111.00     38.59     14.38      0.00      0.00      0.00      0.00

16:51:41        IFACE   rxpck/s   txpck/s    rxkB/s    txkB/s   rxcmp/s   txcmp/s  rxmcst/s   %ifutil
16:51:42         ens5    298.00    296.00    102.57     38.29      0.00      0.00      0.00      0.00

16:51:42        IFACE   rxpck/s   txpck/s    rxkB/s    txkB/s   rxcmp/s   txcmp/s  rxmcst/s   %ifutil
16:51:43         ens5    119.00    121.00     42.40     15.74      0.00      0.00      0.00      0.00

16:51:43        IFACE   rxpck/s   txpck/s    rxkB/s    txkB/s   rxcmp/s   txcmp/s  rxmcst/s   %ifutil
16:51:44         ens5      0.00      0.00      0.00      0.00      0.00      0.00      0.00      0.00

16:51:44        IFACE   rxpck/s   txpck/s    rxkB/s    txkB/s   rxcmp/s   txcmp/s  rxmcst/s   %ifutil
16:51:45         ens5      0.00      0.00      0.00      0.00      0.00      0.00      0.00      0.00

16:51:45        IFACE   rxpck/s   txpck/s    rxkB/s    txkB/s   rxcmp/s   txcmp/s  rxmcst/s   %ifutil
16:51:46         ens5      0.00      0.00      0.00      0.00      0.00      0.00      0.00      0.00

16:51:46        IFACE   rxpck/s   txpck/s    rxkB/s    txkB/s   rxcmp/s   txcmp/s  rxmcst/s   %ifutil
16:51:47         ens5      1.00      1.00      0.07      0.09      0.00      0.00      0.00      0.00

16:51:47        IFACE   rxpck/s   txpck/s    rxkB/s    txkB/s   rxcmp/s   txcmp/s  rxmcst/s   %ifutil
16:51:48         ens5      0.00      0.00      0.00      0.00      0.00      0.00      0.00      0.00

16:51:48        IFACE   rxpck/s   txpck/s    rxkB/s    txkB/s   rxcmp/s   txcmp/s  rxmcst/s   %ifutil
16:51:49         ens5      0.00      0.00      0.00      0.00      0.00      0.00      0.00      0.00

16:51:49        IFACE   rxpck/s   txpck/s    rxkB/s    txkB/s   rxcmp/s   txcmp/s  rxmcst/s   %ifutil
16:51:50         ens5      0.00      0.00      0.00      0.00      0.00      0.00      0.00      0.00

16:51:50        IFACE   rxpck/s   txpck/s    rxkB/s    txkB/s   rxcmp/s   txcmp/s  rxmcst/s   %ifutil
16:51:51         ens5      0.00      0.00      0.00      0.00      0.00      0.00      0.00      0.00


Average:        IFACE   rxpck/s   txpck/s    rxkB/s    txkB/s   rxcmp/s   txcmp/s  rxmcst/s   %ifutil
Average:         ens5     30.00     30.09      9.43      3.70      0.00      0.00      0.00      0.00
