Linux 7.0.0-1010-aws (ip-172-31-20-134) 	08/11/26 	_x86_64_	(2 CPU)

17:27:11    kbmemfree   kbavail kbmemused  %memused kbbuffers  kbcached  kbcommit   %commit  kbactive   kbinact   kbdirty
17:27:12       108980   1325092    367736     18.85     29584   1297196   1478388     75.78    923288    673396      4852
17:27:13       108980   1325092    367728     18.85     29584   1297204   1478388     75.78    922992    673396      4860
17:27:14       108980   1325092    367728     18.85     29584   1297204   1478388     75.78    923064    673396      4608
17:27:15       108980   1325092    367728     18.85     29584   1297204   1478388     75.78    923064    673396      4608
17:27:16       108980   1325092    367724     18.85     29584   1297208   1478388     75.78    923064    673396      4612
17:27:17       107720   1323844    368904     18.91     29584   1297288   1479544     75.84    924900    673408      4692
17:27:18       107216   1323420    369408     18.94     29584   1297288   1479544     75.84    925688    673488      4692
17:27:19       107216   1323420    369408     18.94     29584   1297288   1479544     75.84    925772    673488      4576
17:27:20       107216   1323420    369408     18.94     29584   1297288   1479544     75.84    925772    673488      4576
17:27:21       107216   1323424    369404     18.94     29584   1297292   1479544     75.84    925772    673492       276
17:27:22       105200   1321500    371244     19.03     29584   1297468   1501152     76.95    928544    673584       452
17:27:23        99416   1317408    375316     19.24     29584   1299132   1713080     87.81    939672    675248      2116
17:27:24        96276   1316004    376680     19.31     29616   1300816   1775900     91.03    945016    676956      3812
17:27:25        96276   1316616    375992     19.27     29616   1301484   1775908     91.03    939408    677560      4480
17:27:26        96276   1316776    375952     19.27     29616   1301516   1775908     91.03    939288    677716      4512
17:27:27        96276   1316808    375952     19.27     29616   1301516   1775908     91.03    939312    677748      4324
17:27:28        96276   1316808    375944     19.27     29616   1301524   1775908     91.03    939280    677748      4336
17:27:29        96276   1316808    375944     19.27     29616   1301524   1775908     91.03    939352    677748      4336


Average:       103542   1321206    371567     19.05     29595   1298747   1592185     81.61    930736    674925      3929
