Linux 7.0.0-1010-aws (ip-172-31-20-134) 	08/11/26 	_x86_64_	(2 CPU)

17:27:11        IFACE   rxpck/s   txpck/s    rxkB/s    txkB/s   rxcmp/s   txcmp/s  rxmcst/s   %ifutil
17:27:12         ens5     47.00     43.00      3.98      4.71      0.00      0.00      0.00      0.00

17:27:12        IFACE   rxpck/s   txpck/s    rxkB/s    txkB/s   rxcmp/s   txcmp/s  rxmcst/s   %ifutil
17:27:13         ens5     51.00     43.00      4.39      4.60      0.00      0.00      0.00      0.00

17:27:13        IFACE   rxpck/s   txpck/s    rxkB/s    txkB/s   rxcmp/s   txcmp/s  rxmcst/s   %ifutil
17:27:14         ens5     40.00     32.00      3.40      3.43      0.00      0.00      0.00      0.00

17:27:14        IFACE   rxpck/s   txpck/s    rxkB/s    txkB/s   rxcmp/s   txcmp/s  rxmcst/s   %ifutil
17:27:15         ens5      0.00      0.00      0.00      0.00      0.00      0.00      0.00      0.00

17:27:15        IFACE   rxpck/s   txpck/s    rxkB/s    txkB/s   rxcmp/s   txcmp/s  rxmcst/s   %ifutil
17:27:16         ens5      0.00      0.00      0.00      0.00      0.00      0.00      0.00      0.00

17:27:16        IFACE   rxpck/s   txpck/s    rxkB/s    txkB/s   rxcmp/s   txcmp/s  rxmcst/s   %ifutil
17:27:17         ens5     83.00     73.00     66.38     14.21      0.00      0.00      0.00      0.00

17:27:17        IFACE   rxpck/s   txpck/s    rxkB/s    txkB/s   rxcmp/s   txcmp/s  rxmcst/s   %ifutil
17:27:18         ens5      0.00      0.00      0.00      0.00      0.00      0.00      0.00      0.00

17:27:18        IFACE   rxpck/s   txpck/s    rxkB/s    txkB/s   rxcmp/s   txcmp/s  rxmcst/s   %ifutil
17:27:19         ens5      0.00      0.00      0.00      0.00      0.00      0.00      0.00      0.00

17:27:19        IFACE   rxpck/s   txpck/s    rxkB/s    txkB/s   rxcmp/s   txcmp/s  rxmcst/s   %ifutil
17:27:20         ens5      0.00      0.00      0.00      0.00      0.00      0.00      0.00      0.00

17:27:20        IFACE   rxpck/s   txpck/s    rxkB/s    txkB/s   rxcmp/s   txcmp/s  rxmcst/s   %ifutil
17:27:21         ens5      0.00      0.00      0.00      0.00      0.00      0.00      0.00      0.00

17:27:21        IFACE   rxpck/s   txpck/s    rxkB/s    txkB/s   rxcmp/s   txcmp/s  rxmcst/s   %ifutil
17:27:22         ens5    196.00    154.00    168.20     29.47      0.00      0.00      0.00      0.00

17:27:22        IFACE   rxpck/s   txpck/s    rxkB/s    txkB/s   rxcmp/s   txcmp/s  rxmcst/s   %ifutil
17:27:23         ens5   1580.00   1169.00   1367.08    224.59      0.00      0.00      0.00      0.00

17:27:23        IFACE   rxpck/s   txpck/s    rxkB/s    txkB/s   rxcmp/s   txcmp/s  rxmcst/s   %ifutil
17:27:24         ens5   1471.00   1339.00   1271.12    225.44      0.00      0.00      0.00      0.00

17:27:24        IFACE   rxpck/s   txpck/s    rxkB/s    txkB/s   rxcmp/s   txcmp/s  rxmcst/s   %ifutil
17:27:25         ens5    593.00    528.00    556.67     82.44      0.00      0.00      0.00      0.00

17:27:25        IFACE   rxpck/s   txpck/s    rxkB/s    txkB/s   rxcmp/s   txcmp/s  rxmcst/s   %ifutil
17:27:26         ens5      0.00      0.00      0.00      0.00      0.00      0.00      0.00      0.00

17:27:26        IFACE   rxpck/s   txpck/s    rxkB/s    txkB/s   rxcmp/s   txcmp/s  rxmcst/s   %ifutil
17:27:27         ens5      0.00      0.00      0.00      0.00      0.00      0.00      0.00      0.00

17:27:27        IFACE   rxpck/s   txpck/s    rxkB/s    txkB/s   rxcmp/s   txcmp/s  rxmcst/s   %ifutil
17:27:28         ens5      0.00      0.00      0.00      0.00      0.00      0.00      0.00      0.00

17:27:28        IFACE   rxpck/s   txpck/s    rxkB/s    txkB/s   rxcmp/s   txcmp/s  rxmcst/s   %ifutil
17:27:29         ens5      0.00      0.00      0.00      0.00      0.00      0.00      0.00      0.00


Average:        IFACE   rxpck/s   txpck/s    rxkB/s    txkB/s   rxcmp/s   txcmp/s  rxmcst/s   %ifutil
Average:         ens5    225.61    187.83    191.18     32.72      0.00      0.00      0.00      0.00
