Linux 7.0.0-1010-aws (ip-172-31-20-134) 	08/11/26 	_x86_64_	(2 CPU)

16:41:11        CPU     %user     %nice   %system   %iowait    %steal     %idle
16:41:12        all      2.51      0.00      1.01      1.51      0.00     94.97
16:41:13        all      0.00      0.00      0.00      0.00      0.00    100.00
16:41:14        all      5.53      0.00      1.51      0.00      0.00     92.96
16:41:15        all      0.00      0.00      0.00      0.00      0.50     99.50
16:41:16        all      0.00      0.00      0.50      0.00      0.00     99.50
16:41:17        all      0.50      0.00      0.00      0.00      0.00     99.50
16:41:18        all      2.01      0.00      1.01      0.00      0.00     96.98
16:41:19        all      0.00      0.00      0.00      0.00      0.00    100.00
16:41:20        all      1.00      0.00      0.50      0.00      0.00     98.51
16:41:21        all      0.00      0.00      0.00      0.00      0.00    100.00
16:41:22        all      0.50      0.00      0.50      0.00      0.00     99.00
16:41:23        all     39.90      0.00      5.05      0.00      0.00     55.05
16:41:24        all     86.87      0.00      9.60      0.00      0.51      3.03
16:41:25        all     86.36      0.00     11.11      0.00      0.00      2.53
16:41:26        all     24.75      0.00      1.52      0.00      0.00     73.74
16:41:27        all      0.50      0.00      0.00      0.00      0.00     99.50
16:41:28        all      1.00      0.00      0.00      0.00      0.50     98.50
16:41:29        all      5.03      0.00      2.01      0.00      0.00     92.96
16:41:30        all      0.50      0.00      0.00      0.00      0.50     99.00
16:41:31        all      0.00      0.00      0.00      0.00      0.00    100.00
16:41:32        all      0.50      0.00      0.00      0.00      0.00     99.50
16:41:33        all      0.00      0.00      0.50      0.00      0.00     99.50
16:41:34        all      0.50      0.00      0.50      0.00      0.00     99.00
16:41:35        all      0.50      0.00      0.50      0.00      0.00     99.00

Average:        all     10.71      0.00      1.49      0.06      0.08     87.65
