Linux 7.0.0-1010-aws (ip-172-31-20-134) 	08/11/26 	_x86_64_	(2 CPU)

16:41:11    kbmemfree   kbavail kbmemused  %memused kbbuffers  kbcached  kbcommit   %commit  kbactive   kbinact   kbdirty
16:41:12       161588   1321144    374588     19.20     33548   1238620   1469868     75.34    996856    544152       220
16:41:13       161588   1321144    374588     19.20     33548   1238620   1469868     75.34    996892    544152       212
16:41:14       161588   1321144    374588     19.20     33548   1238620   1469868     75.34    997320    544152       160
16:41:15       161588   1321144    374580     19.20     33548   1238628   1469868     75.34    997284    544152       168
16:41:16       161588   1321144    374580     19.20     33548   1238628   1469868     75.34    997284    544152       168
16:41:17       161588   1321152    374576     19.20     33548   1238632   1469868     75.34    997336    544160       176
16:41:18       161396   1320960    374684     19.21     33548   1238716   1483764     76.06   1000612    544160       260
16:41:19       161364   1320932    374708     19.21     33548   1238724   1483764     76.06   1000680    544164       268
16:41:20       161364   1320932    374708     19.21     33548   1238724   1483764     76.06   1000680    544164       268
16:41:21       161364   1320932    374708     19.21     33548   1238724   1483764     76.06   1000764    544164       268
16:41:22       161112   1320768    374956     19.22     33548   1238728   1483764     76.06   1000824    544252       436
16:41:23       154692   1315104    380616     19.51     33548   1239468   1695952     86.93   1010056    545000      1176
16:41:24       138764   1301288    394424     20.22     33548   1241560   1802016     92.37   1025976    547092      3268
16:41:25       131516   1295660    400012     20.50     33572   1243136   1828956     93.75   1031204    548688      5004
16:41:26       131468   1295852    399776     20.49     33572   1243380   1878248     96.28   1019780    548904      5240
16:41:27       131468   1295852    399776     20.49     33572   1243380   1878248     96.28   1019780    548904      5240
16:41:28       131468   1295852    399776     20.49     33572   1243380   1878248     96.28   1019780    548904      5240
16:41:29       131468   1295884    399768     20.49     33572   1243388   1878248     96.28   1019100    548936      5248
16:41:30       131468   1295884    399768     20.49     33572   1243388   1878248     96.28   1019100    548936      5248
16:41:31       131468   1295884    399764     20.49     33572   1243392   1878248     96.28   1019036    548936      5252
16:41:32       131468   1295884    399760     20.49     33572   1243396   1878248     96.28   1019036    548936      5256
16:41:33       131468   1295884    399760     20.49     33572   1243396   1882344     96.49   1019540    548936      5256
16:41:34       131468   1295896    399760     20.49     33572   1243396   1882344     96.49   1019612    548948      5256
16:41:35       131468   1295896    399760     20.49     33572   1243396   1882344     96.49   1019612    548948      5256

Average:       146491   1308426    387249     19.85     33559   1240976   1681655     86.20   1010339    546496      2689
