Linux 7.0.0-1010-aws (ip-172-31-20-134) 	08/11/26 	_x86_64_	(2 CPU)

16:41:11        IFACE   rxpck/s   txpck/s    rxkB/s    txkB/s   rxcmp/s   txcmp/s  rxmcst/s   %ifutil
16:41:12         ens5     51.00     46.00      4.39      5.23      0.00      0.00      0.00      0.00

16:41:12        IFACE   rxpck/s   txpck/s    rxkB/s    txkB/s   rxcmp/s   txcmp/s  rxmcst/s   %ifutil
16:41:13         ens5     29.00     24.00      2.43      2.53      0.00      0.00      0.00      0.00

16:41:13        IFACE   rxpck/s   txpck/s    rxkB/s    txkB/s   rxcmp/s   txcmp/s  rxmcst/s   %ifutil
16:41:14         ens5      0.00      0.00      0.00      0.00      0.00      0.00      0.00      0.00

16:41:14        IFACE   rxpck/s   txpck/s    rxkB/s    txkB/s   rxcmp/s   txcmp/s  rxmcst/s   %ifutil
16:41:15         ens5      0.00      0.00      0.00      0.00      0.00      0.00      0.00      0.00

16:41:15        IFACE   rxpck/s   txpck/s    rxkB/s    txkB/s   rxcmp/s   txcmp/s  rxmcst/s   %ifutil
16:41:16         ens5      1.00      1.00      0.07      0.09      0.00      0.00      0.00      0.00

16:41:16        IFACE   rxpck/s   txpck/s    rxkB/s    txkB/s   rxcmp/s   txcmp/s  rxmcst/s   %ifutil
16:41:17         ens5      0.00      0.00      0.00      0.00      0.00      0.00      0.00      0.00

16:41:17        IFACE   rxpck/s   txpck/s    rxkB/s    txkB/s   rxcmp/s   txcmp/s  rxmcst/s   %ifutil
16:41:18         ens5     69.00     44.00     67.38     25.51      0.00      0.00      0.00      0.00

16:41:18        IFACE   rxpck/s   txpck/s    rxkB/s    txkB/s   rxcmp/s   txcmp/s  rxmcst/s   %ifutil
16:41:19         ens5      0.00      0.00      0.00      0.00      0.00      0.00      0.00      0.00

16:41:19        IFACE   rxpck/s   txpck/s    rxkB/s    txkB/s   rxcmp/s   txcmp/s  rxmcst/s   %ifutil
16:41:20         ens5      0.00      0.00      0.00      0.00      0.00      0.00      0.00      0.00

16:41:20        IFACE   rxpck/s   txpck/s    rxkB/s    txkB/s   rxcmp/s   txcmp/s  rxmcst/s   %ifutil
16:41:21         ens5      1.00      1.00      0.06      0.07      0.00      0.00      0.00      0.00

16:41:21        IFACE   rxpck/s   txpck/s    rxkB/s    txkB/s   rxcmp/s   txcmp/s  rxmcst/s   %ifutil
16:41:22         ens5      4.00      3.00      0.19      0.23      0.00      0.00      0.00      0.00

16:41:22        IFACE   rxpck/s   txpck/s    rxkB/s    txkB/s   rxcmp/s   txcmp/s  rxmcst/s   %ifutil
16:41:23         ens5    731.00    303.00    695.15    173.75      0.00      0.00      0.00      0.00

16:41:23        IFACE   rxpck/s   txpck/s    rxkB/s    txkB/s   rxcmp/s   txcmp/s  rxmcst/s   %ifutil
16:41:24         ens5   1638.61    579.21   1530.41    350.75      0.00      0.00      0.00      0.00

16:41:24        IFACE   rxpck/s   txpck/s    rxkB/s    txkB/s   rxcmp/s   txcmp/s  rxmcst/s   %ifutil
16:41:25         ens5   1146.00    536.00   1114.48    266.02      0.00      0.00      0.00      0.00

16:41:25        IFACE   rxpck/s   txpck/s    rxkB/s    txkB/s   rxcmp/s   txcmp/s  rxmcst/s   %ifutil
16:41:26         ens5    112.00    117.00    112.13     38.13      0.00      0.00      0.00      0.00

16:41:26        IFACE   rxpck/s   txpck/s    rxkB/s    txkB/s   rxcmp/s   txcmp/s  rxmcst/s   %ifutil
16:41:27         ens5      0.00      0.00      0.00      0.00      0.00      0.00      0.00      0.00

16:41:27        IFACE   rxpck/s   txpck/s    rxkB/s    txkB/s   rxcmp/s   txcmp/s  rxmcst/s   %ifutil
16:41:28         ens5      0.00      0.00      0.00      0.00      0.00      0.00      0.00      0.00

16:41:28        IFACE   rxpck/s   txpck/s    rxkB/s    txkB/s   rxcmp/s   txcmp/s  rxmcst/s   %ifutil
16:41:29         ens5      0.00      0.00      0.00      0.00      0.00      0.00      0.00      0.00

16:41:29        IFACE   rxpck/s   txpck/s    rxkB/s    txkB/s   rxcmp/s   txcmp/s  rxmcst/s   %ifutil
16:41:30         ens5      0.00      0.00      0.00      0.00      0.00      0.00      0.00      0.00

16:41:30        IFACE   rxpck/s   txpck/s    rxkB/s    txkB/s   rxcmp/s   txcmp/s  rxmcst/s   %ifutil
16:41:31         ens5      0.00      0.00      0.00      0.00      0.00      0.00      0.00      0.00

16:41:31        IFACE   rxpck/s   txpck/s    rxkB/s    txkB/s   rxcmp/s   txcmp/s  rxmcst/s   %ifutil
16:41:32         ens5      1.00      1.00      0.07      0.09      0.00      0.00      0.00      0.00

16:41:32        IFACE   rxpck/s   txpck/s    rxkB/s    txkB/s   rxcmp/s   txcmp/s  rxmcst/s   %ifutil
16:41:33         ens5      0.00      0.00      0.00      0.00      0.00      0.00      0.00      0.00

16:41:33        IFACE   rxpck/s   txpck/s    rxkB/s    txkB/s   rxcmp/s   txcmp/s  rxmcst/s   %ifutil
16:41:34         ens5      0.00      0.00      0.00      0.00      0.00      0.00      0.00      0.00

16:41:34        IFACE   rxpck/s   txpck/s    rxkB/s    txkB/s   rxcmp/s   txcmp/s  rxmcst/s   %ifutil
16:41:35         ens5      0.00      0.00      0.00      0.00      0.00      0.00      0.00      0.00


Average:        IFACE   rxpck/s   txpck/s    rxkB/s    txkB/s   rxcmp/s   txcmp/s  rxmcst/s   %ifutil
Average:         ens5    158.27     69.18    147.53     36.06      0.00      0.00      0.00      0.00
