Linux 7.0.0-1008-aws (ip-172-31-31-224) 	08/07/26 	_x86_64_	(2 CPU)

06:09:11    kbmemfree   kbavail kbmemused  %memused kbbuffers  kbcached  kbcommit   %commit  kbactive   kbinact   kbdirty
06:09:12       727440   1254636    398776     20.44     11444    658476   1457036     74.69    248176    728652        16
06:09:13       639240   1166436    486976     24.96     11444    658476   1548516     79.38    337048    728652        16
06:09:14       581028   1108224    545188     27.95     11444    658476   1607348     82.39    397832    728652        16
06:09:15       454272    981468    671944     34.44     11444    658476   1728432     88.60    518336    728652        16
06:09:16       373632    900828    752584     38.58     11444    658476   1811640     92.87    600932    728652        16
06:09:17       289464    816684    836728     42.89     11468    658476   1900004     97.40    687920    728676        88
06:09:18       237048    764268    889144     45.58     11468    658476   1949996     99.96    740728    728676        88
06:09:19       140280    667500    985912     50.54     11468    658476   2045692    104.86    834156    728676        88
06:09:20       140280    667500    985912     50.54     11468    658476   2045692    104.86    834156    728676        88
06:09:21       140280    667500    985912     50.54     11468    658476   2045692    104.86    834156    728676        88
06:09:22       140280    667500    985912     50.54     11468    658476   2045692    104.86    834280    728676        88
06:09:23       140280    667500    985912     50.54     11468    658476   2045692    104.86    834280    728676        88
06:09:24       140280    667500    985912     50.54     11468    658476   2045692    104.86    834280    728676        88
06:09:25       140280    667500    985912     50.54     11468    658476   2045756    104.87    834280    728676        88
06:09:26       140280    667500    985912     50.54     11468    658476   2045756    104.87    834404    728676        88
06:09:27       140280    667500    985912     50.54     11468    658476   2045756    104.87    834404    728676        88
06:09:28       140280    667500    985912     50.54     11468    658476   2045756    104.87    834404    728676        88
06:09:29       140280    667500    985912     50.54     11468    658476   2045756    104.87    834404    728676        88
06:09:30       140280    667500    985912     50.54     11468    658476   2045756    104.87    834404    728676        88
06:09:31       140280    667500    985912     50.54     11468    658476   2045756    104.87    834528    728676        88
06:09:32       140280    667500    985908     50.54     11468    658480   2045756    104.87    834528    728676        92
06:09:33       140280    667500    985908     50.54     11468    658480   2045756    104.87    834528    728676        92
06:09:34       140280    667500    985908     50.54     11468    658480   2045820    104.87    834528    728676        92
06:09:35       140280    667500    985908     50.54     11468    658480   2045820    104.87    834528    728676        92
06:09:36       140280    667500    985908     50.54     11468    658480   2045820    104.87    834528    728676        92
06:09:37       140280    667500    985908     50.54     11468    658480   2045820    104.87    834528    728676        92
06:09:38       140280    667500    985908     50.54     11468    658480   2045820    104.87    834528    728676        92
06:09:39       140280    667500    985908     50.54     11468    658480   2045820    104.87    834528    728676        92
06:09:40       140280    667500    985908     50.54     11468    658480   2045820    104.87    834528    728676        92
06:09:41       140280    667504    985908     50.54     11468    658480   2045820    104.87    834596    728680        88
06:09:42       140280    667504    985908     50.54     11468    658480   2045820    104.87    834596    728680        88
06:09:43       140280    667504    985908     50.54     11468    658480   2045884    104.87    834596    728680        84
06:09:44       140280    667504    985908     50.54     11468    658480   2045884    104.87    834596    728680        84
06:09:45       140280    667504    985904     50.54     11468    658484   2045884    104.87    834596    728680        88
06:09:46       140280    667504    985904     50.54     11468    658484   2045884    104.87    834596    728680        88
06:09:47       140280    667508    985904     50.54     11492    658460   2045884    104.87    834732    728684        88
06:09:48       140280    667532    985880     50.54     11492    658484   2045884    104.87    834752    728708        16
06:09:49       140280    667532    985880     50.54     11492    658484   2045884    104.87    834752    728708        16
06:09:50       140280    667532    985880     50.54     11492    658484   2045884    104.87    834752    728708        16
06:09:51       140280    667532    985876     50.54     11492    658488   2045948    104.88    834752    728708        20
06:09:52       140280    667532    985876     50.54     11492    658488   2045948    104.88    834752    728708        20
06:09:53       140280    667532    985876     50.54     11492    658488   2045948    104.88    834752    728708        20
06:09:54       140280    667532    985876     50.54     11492    658488   2046204    104.89    834752    728708        20
06:09:55       140280    667536    985876     50.54     11492    658488   2046460    104.90    834872    728712        20
06:09:56       140280    667536    985876     50.54     11492    658488   2046460    104.90    834956    728712        20
06:09:57       140280    667536    985876     50.54     11492    658488   2046460    104.90    834996    728712        20
06:09:58       140280    667536    985876     50.54     11492    658488   2046460    104.90    835080    728712        20
06:09:59       140280    667536    985876     50.54     11492    658488   2046460    104.90    835120    728712        20
06:10:00       140280    667536    985876     50.54     11492    658488   2046524    104.91    835120    728712        20
06:10:01       140280    667536    985872     50.54     11492    658492   2046524    104.91    835244    728712        24
06:10:02       140280    667540    985872     50.54     11492    658492   2046524    104.91    835364    728716        24
06:10:03       140280    667540    985872     50.54     11492    658492   2046780    104.92    835364    728716        24
06:10:04       140280    667540    985872     50.54     11492    658492   2046780    104.92    835364    728716        24
06:10:05       139776    667040    986372     50.56     11492    658496   2047036    104.93    835532    728712        36
06:10:06       139776    667040    986372     50.56     11492    658496   2047036    104.93    835532    728712        36
06:10:07       139776    667040    986372     50.56     11492    658496   2047036    104.93    835656    728712        36
06:10:08       139776    667040    986372     50.56     11492    658496   2047036    104.93    835656    728712        36
06:10:09       139776    667040    986372     50.56     11492    658496   2047100    104.94    835776    728712        36
06:10:10       139776    667040    986372     50.56     11492    658496   2047100    104.94    835860    728712        36
06:10:11       139776    667040    986368     50.56     11492    658500   2047100    104.94    838256    728712        40
06:10:12       138012    665280    988132     50.65     11492    658500   2051196    105.15    841076    728716        40
06:10:13       137256    664524    988888     50.69     11492    658500   2055548    105.37    843904    728716        16
06:10:14       135996    663264    990148     50.76     11492    658500   2055804    105.38    846632    728716        24
06:10:15       132972    660240    993172     50.91     11492    658500   2059900    105.59    849488    728716        24
06:10:16       130200    657468    995944     51.05     11492    658500   2063996    105.80    852368    728716        24
06:10:17       127680    654948    998464     51.18     11516    658476   2063996    105.80    854772    728716        24
06:10:18       127680    654948    998436     51.18     11516    658504   2063996    105.80    854808    728716        72
06:10:19       127680    654948    998436     51.18     11516    658504   2063996    105.80    854892    728716        72

Average:       173396    700633    952777     48.84     11479    658485   2013614    103.22    802575    728692        55
