Linux 7.0.0-1008-aws (ip-172-31-31-224) 	08/07/26 	_x86_64_	(2 CPU)

06:09:11        IFACE   rxpck/s   txpck/s    rxkB/s    txkB/s   rxcmp/s   txcmp/s  rxmcst/s   %ifutil
06:09:12         ens5     44.00     42.00      3.99      5.85      0.00      0.00      0.00      0.00

06:09:12        IFACE   rxpck/s   txpck/s    rxkB/s    txkB/s   rxcmp/s   txcmp/s  rxmcst/s   %ifutil
06:09:13         ens5      9.00      7.00      0.56      1.33      0.00      0.00      0.00      0.00

06:09:13        IFACE   rxpck/s   txpck/s    rxkB/s    txkB/s   rxcmp/s   txcmp/s  rxmcst/s   %ifutil
06:09:14         ens5     11.00     11.00      0.58      2.19      0.00      0.00      0.00      0.00

06:09:14        IFACE   rxpck/s   txpck/s    rxkB/s    txkB/s   rxcmp/s   txcmp/s  rxmcst/s   %ifutil
06:09:15         ens5      7.00      7.00      0.36      1.52      0.00      0.00      0.00      0.00

06:09:15        IFACE   rxpck/s   txpck/s    rxkB/s    txkB/s   rxcmp/s   txcmp/s  rxmcst/s   %ifutil
06:09:16         ens5      3.00      4.00      0.15      0.71      0.00      0.00      0.00      0.00

06:09:16        IFACE   rxpck/s   txpck/s    rxkB/s    txkB/s   rxcmp/s   txcmp/s  rxmcst/s   %ifutil
06:09:17         ens5     11.00     11.00      0.56      2.30      0.00      0.00      0.00      0.00

06:09:17        IFACE   rxpck/s   txpck/s    rxkB/s    txkB/s   rxcmp/s   txcmp/s  rxmcst/s   %ifutil
06:09:18         ens5      5.00      5.00      0.25      1.10      0.00      0.00      0.00      0.00

06:09:18        IFACE   rxpck/s   txpck/s    rxkB/s    txkB/s   rxcmp/s   txcmp/s  rxmcst/s   %ifutil
06:09:19         ens5      5.00      5.00      0.25      1.05      0.00      0.00      0.00      0.00

06:09:19        IFACE   rxpck/s   txpck/s    rxkB/s    txkB/s   rxcmp/s   txcmp/s  rxmcst/s   %ifutil
06:09:20         ens5      0.00      0.00      0.00      0.00      0.00      0.00      0.00      0.00

06:09:20        IFACE   rxpck/s   txpck/s    rxkB/s    txkB/s   rxcmp/s   txcmp/s  rxmcst/s   %ifutil
06:09:21         ens5     35.00     40.00     19.73     23.82      0.00      0.00      0.00      0.00

06:09:21        IFACE   rxpck/s   txpck/s    rxkB/s    txkB/s   rxcmp/s   txcmp/s  rxmcst/s   %ifutil
06:09:22         ens5    128.00    128.00     75.46     69.77      0.00      0.00      0.00      0.00

06:09:22        IFACE   rxpck/s   txpck/s    rxkB/s    txkB/s   rxcmp/s   txcmp/s  rxmcst/s   %ifutil
06:09:23         ens5    132.00    130.00     77.16     70.27      0.00      0.00      0.00      0.00

06:09:23        IFACE   rxpck/s   txpck/s    rxkB/s    txkB/s   rxcmp/s   txcmp/s  rxmcst/s   %ifutil
06:09:24         ens5    128.00    129.00     75.13     69.85      0.00      0.00      0.00      0.00

06:09:24        IFACE   rxpck/s   txpck/s    rxkB/s    txkB/s   rxcmp/s   txcmp/s  rxmcst/s   %ifutil
06:09:25         ens5    127.00    127.00     75.02     69.43      0.00      0.00      0.00      0.00

06:09:25        IFACE   rxpck/s   txpck/s    rxkB/s    txkB/s   rxcmp/s   txcmp/s  rxmcst/s   %ifutil
06:09:26         ens5    126.00    128.00     74.99     69.81      0.00      0.00      0.00      0.00

06:09:26        IFACE   rxpck/s   txpck/s    rxkB/s    txkB/s   rxcmp/s   txcmp/s  rxmcst/s   %ifutil
06:09:27         ens5    127.00    127.00     75.05     69.46      0.00      0.00      0.00      0.00

06:09:27        IFACE   rxpck/s   txpck/s    rxkB/s    txkB/s   rxcmp/s   txcmp/s  rxmcst/s   %ifutil
06:09:28         ens5    127.00    132.00     75.08     70.93      0.00      0.00      0.00      0.00

06:09:28        IFACE   rxpck/s   txpck/s    rxkB/s    txkB/s   rxcmp/s   txcmp/s  rxmcst/s   %ifutil
06:09:29         ens5    128.00    128.00     75.39     69.84      0.00      0.00      0.00      0.00

06:09:29        IFACE   rxpck/s   txpck/s    rxkB/s    txkB/s   rxcmp/s   txcmp/s  rxmcst/s   %ifutil
06:09:30         ens5    126.00    128.00     74.68     69.58      0.00      0.00      0.00      0.00

06:09:30        IFACE   rxpck/s   txpck/s    rxkB/s    txkB/s   rxcmp/s   txcmp/s  rxmcst/s   %ifutil
06:09:31         ens5    114.00    133.00     77.02     73.18      0.00      0.00      0.00      0.00

06:09:31        IFACE   rxpck/s   txpck/s    rxkB/s    txkB/s   rxcmp/s   txcmp/s  rxmcst/s   %ifutil
06:09:32         ens5    106.00    122.00     71.19     65.55      0.00      0.00      0.00      0.00

06:09:32        IFACE   rxpck/s   txpck/s    rxkB/s    txkB/s   rxcmp/s   txcmp/s  rxmcst/s   %ifutil
06:09:33         ens5    114.00    136.00     77.23     73.93      0.00      0.00      0.00      0.00

06:09:33        IFACE   rxpck/s   txpck/s    rxkB/s    txkB/s   rxcmp/s   txcmp/s  rxmcst/s   %ifutil
06:09:34         ens5    109.00    130.00     74.12     70.56      0.00      0.00      0.00      0.00

06:09:34        IFACE   rxpck/s   txpck/s    rxkB/s    txkB/s   rxcmp/s   txcmp/s  rxmcst/s   %ifutil
06:09:35         ens5    108.00    126.00     73.84     69.14      0.00      0.00      0.00      0.00

06:09:35        IFACE   rxpck/s   txpck/s    rxkB/s    txkB/s   rxcmp/s   txcmp/s  rxmcst/s   %ifutil
06:09:36         ens5    107.00    126.00     73.71     69.15      0.00      0.00      0.00      0.00

06:09:36        IFACE   rxpck/s   txpck/s    rxkB/s    txkB/s   rxcmp/s   txcmp/s  rxmcst/s   %ifutil
06:09:37         ens5    111.00    127.00     75.21     69.24      0.00      0.00      0.00      0.00

06:09:37        IFACE   rxpck/s   txpck/s    rxkB/s    txkB/s   rxcmp/s   txcmp/s  rxmcst/s   %ifutil
06:09:38         ens5    108.00    126.00     73.83     69.10      0.00      0.00      0.00      0.00

06:09:38        IFACE   rxpck/s   txpck/s    rxkB/s    txkB/s   rxcmp/s   txcmp/s  rxmcst/s   %ifutil
06:09:39         ens5    108.00    126.00     73.82     69.12      0.00      0.00      0.00      0.00

06:09:39        IFACE   rxpck/s   txpck/s    rxkB/s    txkB/s   rxcmp/s   txcmp/s  rxmcst/s   %ifutil
06:09:40         ens5    108.00    126.00     73.81     69.13      0.00      0.00      0.00      0.00

06:09:40        IFACE   rxpck/s   txpck/s    rxkB/s    txkB/s   rxcmp/s   txcmp/s  rxmcst/s   %ifutil
06:09:41         ens5    110.00    132.00     76.40     72.83      0.00      0.00      0.00      0.00

06:09:41        IFACE   rxpck/s   txpck/s    rxkB/s    txkB/s   rxcmp/s   txcmp/s  rxmcst/s   %ifutil
06:09:42         ens5    110.00    126.00     74.27     69.44      0.00      0.00      0.00      0.00

06:09:42        IFACE   rxpck/s   txpck/s    rxkB/s    txkB/s   rxcmp/s   txcmp/s  rxmcst/s   %ifutil
06:09:43         ens5    111.00    128.00     75.58     69.63      0.00      0.00      0.00      0.00

06:09:43        IFACE   rxpck/s   txpck/s    rxkB/s    txkB/s   rxcmp/s   txcmp/s  rxmcst/s   %ifutil
06:09:44         ens5    109.00    126.00     73.88     69.14      0.00      0.00      0.00      0.00

06:09:44        IFACE   rxpck/s   txpck/s    rxkB/s    txkB/s   rxcmp/s   txcmp/s  rxmcst/s   %ifutil
06:09:45         ens5    113.00    127.00     74.11     69.23      0.00      0.00      0.00      0.00

06:09:45        IFACE   rxpck/s   txpck/s    rxkB/s    txkB/s   rxcmp/s   txcmp/s  rxmcst/s   %ifutil
06:09:46         ens5    128.00    127.00     74.86     69.17      0.00      0.00      0.00      0.00

06:09:46        IFACE   rxpck/s   txpck/s    rxkB/s    txkB/s   rxcmp/s   txcmp/s  rxmcst/s   %ifutil
06:09:47         ens5    126.00    126.00     74.72     69.07      0.00      0.00      0.00      0.00

06:09:47        IFACE   rxpck/s   txpck/s    rxkB/s    txkB/s   rxcmp/s   txcmp/s  rxmcst/s   %ifutil
06:09:48         ens5    129.00    133.00     77.72     73.17      0.00      0.00      0.00      0.00

06:09:48        IFACE   rxpck/s   txpck/s    rxkB/s    txkB/s   rxcmp/s   txcmp/s  rxmcst/s   %ifutil
06:09:49         ens5    133.00    130.00     77.33     70.36      0.00      0.00      0.00      0.00

06:09:49        IFACE   rxpck/s   txpck/s    rxkB/s    txkB/s   rxcmp/s   txcmp/s  rxmcst/s   %ifutil
06:09:50         ens5    124.00    126.00     74.39     69.12      0.00      0.00      0.00      0.00

06:09:50        IFACE   rxpck/s   txpck/s    rxkB/s    txkB/s   rxcmp/s   txcmp/s  rxmcst/s   %ifutil
06:09:51         ens5    129.00    128.00     75.52     69.83      0.00      0.00      0.00      0.00

06:09:51        IFACE   rxpck/s   txpck/s    rxkB/s    txkB/s   rxcmp/s   txcmp/s  rxmcst/s   %ifutil
06:09:52         ens5    123.00    124.00     71.97     66.77      0.00      0.00      0.00      0.00

06:09:52        IFACE   rxpck/s   txpck/s    rxkB/s    txkB/s   rxcmp/s   txcmp/s  rxmcst/s   %ifutil
06:09:53         ens5    120.00    123.00     70.95     66.68      0.00      0.00      0.00      0.00

06:09:53        IFACE   rxpck/s   txpck/s    rxkB/s    txkB/s   rxcmp/s   txcmp/s  rxmcst/s   %ifutil
06:09:54         ens5    127.00    128.00     75.09     69.84      0.00      0.00      0.00      0.00

06:09:54        IFACE   rxpck/s   txpck/s    rxkB/s    txkB/s   rxcmp/s   txcmp/s  rxmcst/s   %ifutil
06:09:55         ens5    126.00    130.00     75.05     70.28      0.00      0.00      0.00      0.00

06:09:55        IFACE   rxpck/s   txpck/s    rxkB/s    txkB/s   rxcmp/s   txcmp/s  rxmcst/s   %ifutil
06:09:56         ens5    129.00    134.00     77.65     73.55      0.00      0.00      0.00      0.00

06:09:56        IFACE   rxpck/s   txpck/s    rxkB/s    txkB/s   rxcmp/s   txcmp/s  rxmcst/s   %ifutil
06:09:57         ens5    126.00    126.00     74.75     69.15      0.00      0.00      0.00      0.00

06:09:57        IFACE   rxpck/s   txpck/s    rxkB/s    txkB/s   rxcmp/s   txcmp/s  rxmcst/s   %ifutil
06:09:58         ens5    131.00    129.00     76.80     69.99      0.00      0.00      0.00      0.00

06:09:58        IFACE   rxpck/s   txpck/s    rxkB/s    txkB/s   rxcmp/s   txcmp/s  rxmcst/s   %ifutil
06:09:59         ens5    128.00    127.00     75.17     69.46      0.00      0.00      0.00      0.00

06:09:59        IFACE   rxpck/s   txpck/s    rxkB/s    txkB/s   rxcmp/s   txcmp/s  rxmcst/s   %ifutil
06:10:00         ens5    112.00    119.00     70.20     65.30      0.00      0.00      0.00      0.00

06:10:00        IFACE   rxpck/s   txpck/s    rxkB/s    txkB/s   rxcmp/s   txcmp/s  rxmcst/s   %ifutil
06:10:01         ens5    104.00    119.00     69.82     65.29      0.00      0.00      0.00      0.00

06:10:01        IFACE   rxpck/s   txpck/s    rxkB/s    txkB/s   rxcmp/s   txcmp/s  rxmcst/s   %ifutil
06:10:02         ens5     73.00     85.00     49.29     46.16      0.00      0.00      0.00      0.00

06:10:02        IFACE   rxpck/s   txpck/s    rxkB/s    txkB/s   rxcmp/s   txcmp/s  rxmcst/s   %ifutil
06:10:03         ens5     95.00    112.00     65.57     61.45      0.00      0.00      0.00      0.00

06:10:03        IFACE   rxpck/s   txpck/s    rxkB/s    txkB/s   rxcmp/s   txcmp/s  rxmcst/s   %ifutil
06:10:04         ens5    107.00    126.00     73.71     69.15      0.00      0.00      0.00      0.00

06:10:04        IFACE   rxpck/s   txpck/s    rxkB/s    txkB/s   rxcmp/s   txcmp/s  rxmcst/s   %ifutil
06:10:05         ens5    111.00    128.00     74.32     69.84      0.00      0.00      0.00      0.00

06:10:05        IFACE   rxpck/s   txpck/s    rxkB/s    txkB/s   rxcmp/s   txcmp/s  rxmcst/s   %ifutil
06:10:06         ens5    109.00    127.00     73.25     69.42      0.00      0.00      0.00      0.00

06:10:06        IFACE   rxpck/s   txpck/s    rxkB/s    txkB/s   rxcmp/s   txcmp/s  rxmcst/s   %ifutil
06:10:07         ens5    108.00    127.00     74.05     69.47      0.00      0.00      0.00      0.00

06:10:07        IFACE   rxpck/s   txpck/s    rxkB/s    txkB/s   rxcmp/s   txcmp/s  rxmcst/s   %ifutil
06:10:08         ens5    111.00    128.00     75.56     69.64      0.00      0.00      0.00      0.00

06:10:08        IFACE   rxpck/s   txpck/s    rxkB/s    txkB/s   rxcmp/s   txcmp/s  rxmcst/s   %ifutil
06:10:09         ens5    109.00    127.00     73.29     69.72      0.00      0.00      0.00      0.00

06:10:09        IFACE   rxpck/s   txpck/s    rxkB/s    txkB/s   rxcmp/s   txcmp/s  rxmcst/s   %ifutil
06:10:10         ens5    108.00    126.00     73.84     69.15      0.00      0.00      0.00      0.00

06:10:10        IFACE   rxpck/s   txpck/s    rxkB/s    txkB/s   rxcmp/s   txcmp/s  rxmcst/s   %ifutil
06:10:11         ens5    108.00    126.00     73.75     69.10      0.00      0.00      0.00      0.00

06:10:11        IFACE   rxpck/s   txpck/s    rxkB/s    txkB/s   rxcmp/s   txcmp/s  rxmcst/s   %ifutil
06:10:12         ens5    110.00    127.00     75.18     69.28      0.00      0.00      0.00      0.00

06:10:12        IFACE   rxpck/s   txpck/s    rxkB/s    txkB/s   rxcmp/s   txcmp/s  rxmcst/s   %ifutil
06:10:13         ens5    108.00    125.00     73.83     69.05      0.00      0.00      0.00      0.00

06:10:13        IFACE   rxpck/s   txpck/s    rxkB/s    txkB/s   rxcmp/s   txcmp/s  rxmcst/s   %ifutil
06:10:14         ens5    112.00    127.00     74.37     69.46      0.00      0.00      0.00      0.00

06:10:14        IFACE   rxpck/s   txpck/s    rxkB/s    txkB/s   rxcmp/s   txcmp/s  rxmcst/s   %ifutil
06:10:15         ens5    110.00    126.00     73.98     69.13      0.00      0.00      0.00      0.00

06:10:15        IFACE   rxpck/s   txpck/s    rxkB/s    txkB/s   rxcmp/s   txcmp/s  rxmcst/s   %ifutil
06:10:16         ens5    111.00    132.00     76.50     72.77      0.00      0.00      0.00      0.00

06:10:16        IFACE   rxpck/s   txpck/s    rxkB/s    txkB/s   rxcmp/s   txcmp/s  rxmcst/s   %ifutil
06:10:17         ens5     87.00    100.00     59.05     54.29      0.00      0.00      0.00      0.00

06:10:17        IFACE   rxpck/s   txpck/s    rxkB/s    txkB/s   rxcmp/s   txcmp/s  rxmcst/s   %ifutil
06:10:18         ens5      0.00      0.00      0.00      0.00      0.00      0.00      0.00      0.00

06:10:18        IFACE   rxpck/s   txpck/s    rxkB/s    txkB/s   rxcmp/s   txcmp/s  rxmcst/s   %ifutil
06:10:19         ens5      1.00      1.00      0.07      0.09      0.00      0.00      0.00      0.00


Average:        IFACE   rxpck/s   txpck/s    rxkB/s    txkB/s   rxcmp/s   txcmp/s  rxmcst/s   %ifutil
Average:         ens5     97.03    105.66     61.09     57.23      0.00      0.00      0.00      0.00
