Linux 7.0.0-1010-aws (ip-172-31-20-134) 	08/11/26 	_x86_64_	(2 CPU)

18:58:50        CPU     %user     %nice   %system   %iowait    %steal     %idle
18:58:51        all      1.52      0.00      1.52      0.00      0.00     96.95
18:58:52        all      1.00      0.00      0.00      0.00      0.00     99.00
18:58:53        all      0.00      0.00      0.00      0.00      0.00    100.00
18:58:54        all      0.00      0.00      0.50      0.00      0.00     99.50
18:58:55        all      0.51      0.00      0.00      0.51      0.00     98.99
18:58:56        all      0.50      0.00      0.50      0.00      0.00     99.00
18:58:57        all      0.00      0.00      0.00      0.00      0.00    100.00
18:58:58        all      0.50      0.00      0.00      0.00      0.00     99.50
18:58:59        all      5.50      0.00      1.00      0.00      1.00     92.50
18:59:00        all      1.50      0.00      0.50      0.00      0.00     98.00
18:59:01        all      0.50      0.00      0.00      0.00      0.00     99.50
18:59:02        all      0.00      0.00      0.49      0.00      3.41     96.10
18:59:03        all      1.52      0.00      0.00      0.00      0.00     98.48
18:59:04        all     22.84      0.00      4.06      0.00      0.00     73.10
18:59:05        all     82.41      0.00     12.06      0.00      0.00      5.53
18:59:06        all     85.71      0.00     11.73      0.00      0.00      2.55
18:59:07        all     20.20      0.00      2.53      0.00      0.00     77.27
18:59:08        all      0.00      0.00      0.50      0.00      0.00     99.50
18:59:09        all      0.50      0.00      0.00      0.00      0.00     99.50
18:59:10        all      0.50      0.00      0.00      0.00      0.00     99.50
18:59:11        all      0.00      0.00      0.00      0.00      0.00    100.00
18:59:12        all      0.00      0.00      0.00      0.00      0.00    100.00

Average:        all     10.16      0.00      1.60      0.02      0.21     88.01
