Linux 7.0.0-1010-aws (ip-172-31-20-134) 	08/11/26 	_x86_64_	(2 CPU)

18:58:50        IFACE   rxpck/s   txpck/s    rxkB/s    txkB/s   rxcmp/s   txcmp/s  rxmcst/s   %ifutil
18:58:51         ens5     53.00     55.00      4.41      5.69      0.00      0.00      0.00      0.00

18:58:51        IFACE   rxpck/s   txpck/s    rxkB/s    txkB/s   rxcmp/s   txcmp/s  rxmcst/s   %ifutil
18:58:52         ens5     49.00     49.00      4.21      4.88      0.00      0.00      0.00      0.00

18:58:52        IFACE   rxpck/s   txpck/s    rxkB/s    txkB/s   rxcmp/s   txcmp/s  rxmcst/s   %ifutil
18:58:53         ens5      4.00      3.00      0.31      0.30      0.00      0.00      0.00      0.00

18:58:53        IFACE   rxpck/s   txpck/s    rxkB/s    txkB/s   rxcmp/s   txcmp/s  rxmcst/s   %ifutil
18:58:54         ens5      0.00      0.00      0.00      0.00      0.00      0.00      0.00      0.00

18:58:54        IFACE   rxpck/s   txpck/s    rxkB/s    txkB/s   rxcmp/s   txcmp/s  rxmcst/s   %ifutil
18:58:55         ens5      0.00      0.00      0.00      0.00      0.00      0.00      0.00      0.00

18:58:55        IFACE   rxpck/s   txpck/s    rxkB/s    txkB/s   rxcmp/s   txcmp/s  rxmcst/s   %ifutil
18:58:56         ens5      0.00      0.00      0.00      0.00      0.00      0.00      0.00      0.00

18:58:56        IFACE   rxpck/s   txpck/s    rxkB/s    txkB/s   rxcmp/s   txcmp/s  rxmcst/s   %ifutil
18:58:57         ens5      0.00      0.00      0.00      0.00      0.00      0.00      0.00      0.00

18:58:57        IFACE   rxpck/s   txpck/s    rxkB/s    txkB/s   rxcmp/s   txcmp/s  rxmcst/s   %ifutil
18:58:58         ens5      0.00      0.00      0.00      0.00      0.00      0.00      0.00      0.00

18:58:58        IFACE   rxpck/s   txpck/s    rxkB/s    txkB/s   rxcmp/s   txcmp/s  rxmcst/s   %ifutil
18:58:59         ens5     18.00     21.00     10.06      4.50      0.00      0.00      0.00      0.00

18:58:59        IFACE   rxpck/s   txpck/s    rxkB/s    txkB/s   rxcmp/s   txcmp/s  rxmcst/s   %ifutil
18:59:00         ens5     48.00     46.00     31.77      9.31      0.00      0.00      0.00      0.00

18:59:00        IFACE   rxpck/s   txpck/s    rxkB/s    txkB/s   rxcmp/s   txcmp/s  rxmcst/s   %ifutil
18:59:01         ens5      0.00      0.00      0.00      0.00      0.00      0.00      0.00      0.00

18:59:01        IFACE   rxpck/s   txpck/s    rxkB/s    txkB/s   rxcmp/s   txcmp/s  rxmcst/s   %ifutil
18:59:02         ens5      0.00      0.00      0.00      0.00      0.00      0.00      0.00      0.00

18:59:02        IFACE   rxpck/s   txpck/s    rxkB/s    txkB/s   rxcmp/s   txcmp/s  rxmcst/s   %ifutil
18:59:03         ens5     21.00     24.00      9.50      5.38      0.00      0.00      0.00      0.00

18:59:03        IFACE   rxpck/s   txpck/s    rxkB/s    txkB/s   rxcmp/s   txcmp/s  rxmcst/s   %ifutil
18:59:04         ens5    307.00    308.00    165.35     60.83      0.00      0.00      0.00      0.00

18:59:04        IFACE   rxpck/s   txpck/s    rxkB/s    txkB/s   rxcmp/s   txcmp/s  rxmcst/s   %ifutil
18:59:05         ens5   1345.00   1238.00    709.77    254.03      0.00      0.00      0.00      0.00

18:59:05        IFACE   rxpck/s   txpck/s    rxkB/s    txkB/s   rxcmp/s   txcmp/s  rxmcst/s   %ifutil
18:59:06         ens5    879.00   1084.00    478.65    196.86      0.00      0.00      0.00      0.00

18:59:06        IFACE   rxpck/s   txpck/s    rxkB/s    txkB/s   rxcmp/s   txcmp/s  rxmcst/s   %ifutil
18:59:07         ens5     65.00    133.00     40.11     19.11      0.00      0.00      0.00      0.00

18:59:07        IFACE   rxpck/s   txpck/s    rxkB/s    txkB/s   rxcmp/s   txcmp/s  rxmcst/s   %ifutil
18:59:08         ens5      0.00      0.00      0.00      0.00      0.00      0.00      0.00      0.00

18:59:08        IFACE   rxpck/s   txpck/s    rxkB/s    txkB/s   rxcmp/s   txcmp/s  rxmcst/s   %ifutil
18:59:09         ens5      0.00      0.00      0.00      0.00      0.00      0.00      0.00      0.00

18:59:09        IFACE   rxpck/s   txpck/s    rxkB/s    txkB/s   rxcmp/s   txcmp/s  rxmcst/s   %ifutil
18:59:10         ens5      0.00      0.00      0.00      0.00      0.00      0.00      0.00      0.00

18:59:10        IFACE   rxpck/s   txpck/s    rxkB/s    txkB/s   rxcmp/s   txcmp/s  rxmcst/s   %ifutil
18:59:11         ens5      0.00      0.00      0.00      0.00      0.00      0.00      0.00      0.00

18:59:11        IFACE   rxpck/s   txpck/s    rxkB/s    txkB/s   rxcmp/s   txcmp/s  rxmcst/s   %ifutil
18:59:12         ens5      0.00      0.00      0.00      0.00      0.00      0.00      0.00      0.00


Average:        IFACE   rxpck/s   txpck/s    rxkB/s    txkB/s   rxcmp/s   txcmp/s  rxmcst/s   %ifutil
Average:         ens5    126.77    134.59     66.10     25.49      0.00      0.00      0.00      0.00
