Linux 7.0.0-1008-aws (ip-172-31-20-134) 	08/07/26 	_x86_64_	(2 CPU)

17:58:48        CPU     %user     %nice   %system   %iowait    %steal     %idle
17:58:49        all      1.52      0.00      1.01      0.00      0.00     97.47
17:58:50        all      0.00      0.00      0.50      0.00      0.00     99.50
17:58:51        all      1.00      0.00      0.00      0.00      0.00     99.00
17:58:52        all      0.00      0.00      0.00      0.00      0.00    100.00
17:58:53        all      0.00      0.00      0.50      0.00      0.00     99.50
17:58:54        all      1.02      0.00      0.00      0.00      0.00     98.98
17:58:55        all      1.49      0.00      1.00      0.00      0.00     97.51
17:58:56        all      0.51      0.00      0.00      0.00      0.00     99.49
17:58:57        all      1.00      0.00      1.00      0.00      0.00     98.00
17:58:58        all      0.51      0.00      0.00      0.00      0.00     99.49
17:58:59        all      6.53      0.00      2.01      0.00      0.00     91.46
17:59:00        all      0.50      0.00      0.00      0.00      1.01     98.49
17:59:01        all      1.01      0.00      1.01      0.00      0.00     97.98
17:59:02        all      1.51      0.00      0.50      1.01      0.00     96.98
17:59:03        all      1.02      0.00      0.51      0.00      0.00     98.48
17:59:04        all      0.00      0.00      0.51      0.00      0.00     99.49
17:59:05        all      1.01      0.00      0.00      0.00      0.00     98.99
17:59:06        all      2.00      0.00      1.00      0.00      0.00     97.00
17:59:07        all      0.00      0.00      0.51      0.00      0.00     99.49
17:59:08        all      1.01      0.00      0.50      0.00      0.00     98.49
17:59:09        all      1.01      0.00      0.51      0.00      0.00     98.48
17:59:10        all      0.51      0.00      0.51      0.00      0.00     98.98
17:59:11        all      2.00      0.00      0.50      0.00      0.00     97.50
17:59:12        all      1.01      0.00      0.50      0.00      0.00     98.49
17:59:13        all      0.51      0.00      0.51      0.00      0.00     98.99
17:59:14        all      5.56      0.00      2.02      0.51      0.00     91.92
17:59:15        all      1.00      0.00      1.00      0.00      0.50     97.50
17:59:16        all      1.01      0.00      0.50      0.00      0.00     98.49
17:59:17        all      2.02      0.00      0.51      0.00      0.00     97.47
17:59:18        all      3.54      0.00      0.51      0.00      0.00     95.96
17:59:19        all      1.01      0.00      0.51      0.00      0.00     98.48
17:59:20        all      1.00      0.00      1.00      0.00      0.00     98.00
17:59:21        all      1.00      0.00      1.00      0.00      0.50     97.50
17:59:22        all      0.51      0.00      0.00      0.00      0.00     99.49
17:59:23        all      1.01      0.00      0.00      0.51      0.00     98.48
17:59:24        all      0.51      0.00      0.51      0.00      0.00     98.99
17:59:25        all      1.99      0.00      0.50      0.00      0.00     97.51
17:59:26        all      1.02      0.00      0.51      0.00      0.00     98.48
17:59:27        all      1.01      0.00      0.50      0.00      0.00     98.49
17:59:28        all      0.00      0.00      1.01      0.00      0.00     98.99
17:59:29        all      6.09      0.00      1.02      0.00      0.00     92.89
17:59:30        all      0.00      0.00      0.50      0.00      0.00     99.50
17:59:31        all      0.00      0.00      0.51      0.00      0.00     99.49

Average:        all      1.28      0.00      0.59      0.05      0.05     98.04
