Linux 7.0.0-1008-aws (ip-172-31-20-134) 	08/07/26 	_x86_64_	(2 CPU)

17:58:48        IFACE   rxpck/s   txpck/s    rxkB/s    txkB/s   rxcmp/s   txcmp/s  rxmcst/s   %ifutil
17:58:49         ens5     43.00     33.00      4.04      4.27      0.00      0.00      0.00      0.00

17:58:49        IFACE   rxpck/s   txpck/s    rxkB/s    txkB/s   rxcmp/s   txcmp/s  rxmcst/s   %ifutil
17:58:50         ens5     44.00     29.00      4.06      3.70      0.00      0.00      0.00      0.00

17:58:50        IFACE   rxpck/s   txpck/s    rxkB/s    txkB/s   rxcmp/s   txcmp/s  rxmcst/s   %ifutil
17:58:51         ens5     21.00     14.00      2.02      1.85      0.00      0.00      0.00      0.00

17:58:51        IFACE   rxpck/s   txpck/s    rxkB/s    txkB/s   rxcmp/s   txcmp/s  rxmcst/s   %ifutil
17:58:52         ens5      0.00      0.00      0.00      0.00      0.00      0.00      0.00      0.00

17:58:52        IFACE   rxpck/s   txpck/s    rxkB/s    txkB/s   rxcmp/s   txcmp/s  rxmcst/s   %ifutil
17:58:53         ens5      0.00      0.00      0.00      0.00      0.00      0.00      0.00      0.00

17:58:53        IFACE   rxpck/s   txpck/s    rxkB/s    txkB/s   rxcmp/s   txcmp/s  rxmcst/s   %ifutil
17:58:54         ens5     42.00     42.00      6.55      5.43      0.00      0.00      0.00      0.00

17:58:54        IFACE   rxpck/s   txpck/s    rxkB/s    txkB/s   rxcmp/s   txcmp/s  rxmcst/s   %ifutil
17:58:55         ens5     58.00     58.00      9.03      7.62      0.00      0.00      0.00      0.00

17:58:55        IFACE   rxpck/s   txpck/s    rxkB/s    txkB/s   rxcmp/s   txcmp/s  rxmcst/s   %ifutil
17:58:56         ens5     57.00     57.00      8.81      7.46      0.00      0.00      0.00      0.00

17:58:56        IFACE   rxpck/s   txpck/s    rxkB/s    txkB/s   rxcmp/s   txcmp/s  rxmcst/s   %ifutil
17:58:57         ens5     58.00     58.00      9.01      7.59      0.00      0.00      0.00      0.00

17:58:57        IFACE   rxpck/s   txpck/s    rxkB/s    txkB/s   rxcmp/s   txcmp/s  rxmcst/s   %ifutil
17:58:58         ens5     56.00     56.00      8.80      7.44      0.00      0.00      0.00      0.00

17:58:58        IFACE   rxpck/s   txpck/s    rxkB/s    txkB/s   rxcmp/s   txcmp/s  rxmcst/s   %ifutil
17:58:59         ens5     58.00     58.00      9.12      7.70      0.00      0.00      0.00      0.00

17:58:59        IFACE   rxpck/s   txpck/s    rxkB/s    txkB/s   rxcmp/s   txcmp/s  rxmcst/s   %ifutil
17:59:00         ens5     53.00     53.00      8.27      7.01      0.00      0.00      0.00      0.00

17:59:00        IFACE   rxpck/s   txpck/s    rxkB/s    txkB/s   rxcmp/s   txcmp/s  rxmcst/s   %ifutil
17:59:01         ens5     55.00     55.00      8.71      7.33      0.00      0.00      0.00      0.00

17:59:01        IFACE   rxpck/s   txpck/s    rxkB/s    txkB/s   rxcmp/s   txcmp/s  rxmcst/s   %ifutil
17:59:02         ens5     36.00     36.00      5.66      4.78      0.00      0.00      0.00      0.00

17:59:02        IFACE   rxpck/s   txpck/s    rxkB/s    txkB/s   rxcmp/s   txcmp/s  rxmcst/s   %ifutil
17:59:03         ens5     68.00     67.00     13.97     10.03      0.00      0.00      0.00      0.00

17:59:03        IFACE   rxpck/s   txpck/s    rxkB/s    txkB/s   rxcmp/s   txcmp/s  rxmcst/s   %ifutil
17:59:04         ens5     56.00     56.00      8.80      7.44      0.00      0.00      0.00      0.00

17:59:04        IFACE   rxpck/s   txpck/s    rxkB/s    txkB/s   rxcmp/s   txcmp/s  rxmcst/s   %ifutil
17:59:05         ens5     59.00     59.00      9.19      7.79      0.00      0.00      0.00      0.00

17:59:05        IFACE   rxpck/s   txpck/s    rxkB/s    txkB/s   rxcmp/s   txcmp/s  rxmcst/s   %ifutil
17:59:06         ens5     57.00     57.00      9.03      7.60      0.00      0.00      0.00      0.00

17:59:06        IFACE   rxpck/s   txpck/s    rxkB/s    txkB/s   rxcmp/s   txcmp/s  rxmcst/s   %ifutil
17:59:07         ens5     57.00     57.00      8.90      7.54      0.00      0.00      0.00      0.00

17:59:07        IFACE   rxpck/s   txpck/s    rxkB/s    txkB/s   rxcmp/s   txcmp/s  rxmcst/s   %ifutil
17:59:08         ens5     57.00     57.00      9.03      7.60      0.00      0.00      0.00      0.00

17:59:08        IFACE   rxpck/s   txpck/s    rxkB/s    txkB/s   rxcmp/s   txcmp/s  rxmcst/s   %ifutil
17:59:09         ens5     57.00     56.00      8.90      7.44      0.00      0.00      0.00      0.00

17:59:09        IFACE   rxpck/s   txpck/s    rxkB/s    txkB/s   rxcmp/s   txcmp/s  rxmcst/s   %ifutil
17:59:10         ens5     57.00     58.00      9.03      7.70      0.00      0.00      0.00      0.00

17:59:10        IFACE   rxpck/s   txpck/s    rxkB/s    txkB/s   rxcmp/s   txcmp/s  rxmcst/s   %ifutil
17:59:11         ens5     56.00     56.00      8.80      7.44      0.00      0.00      0.00      0.00

17:59:11        IFACE   rxpck/s   txpck/s    rxkB/s    txkB/s   rxcmp/s   txcmp/s  rxmcst/s   %ifutil
17:59:12         ens5     58.00     58.00      9.12      7.70      0.00      0.00      0.00      0.00

17:59:12        IFACE   rxpck/s   txpck/s    rxkB/s    txkB/s   rxcmp/s   txcmp/s  rxmcst/s   %ifutil
17:59:13         ens5     57.00     57.00      8.90      7.54      0.00      0.00      0.00      0.00

17:59:13        IFACE   rxpck/s   txpck/s    rxkB/s    txkB/s   rxcmp/s   txcmp/s  rxmcst/s   %ifutil
17:59:14         ens5     57.00     57.00      9.03      7.60      0.00      0.00      0.00      0.00

17:59:14        IFACE   rxpck/s   txpck/s    rxkB/s    txkB/s   rxcmp/s   txcmp/s  rxmcst/s   %ifutil
17:59:15         ens5     57.00     57.00      8.90      7.54      0.00      0.00      0.00      0.00

17:59:15        IFACE   rxpck/s   txpck/s    rxkB/s    txkB/s   rxcmp/s   txcmp/s  rxmcst/s   %ifutil
17:59:16         ens5     57.00     57.00      9.03      7.60      0.00      0.00      0.00      0.00

17:59:16        IFACE   rxpck/s   txpck/s    rxkB/s    txkB/s   rxcmp/s   txcmp/s  rxmcst/s   %ifutil
17:59:17         ens5     58.00     58.00      9.12      7.70      0.00      0.00      0.00      0.00

17:59:17        IFACE   rxpck/s   txpck/s    rxkB/s    txkB/s   rxcmp/s   txcmp/s  rxmcst/s   %ifutil
17:59:18         ens5     57.00     57.00      8.90      7.54      0.00      0.00      0.00      0.00

17:59:18        IFACE   rxpck/s   txpck/s    rxkB/s    txkB/s   rxcmp/s   txcmp/s  rxmcst/s   %ifutil
17:59:19         ens5     57.00     57.00      9.03      7.60      0.00      0.00      0.00      0.00

17:59:19        IFACE   rxpck/s   txpck/s    rxkB/s    txkB/s   rxcmp/s   txcmp/s  rxmcst/s   %ifutil
17:59:20         ens5     57.00     57.00      8.90      7.54      0.00      0.00      0.00      0.00

17:59:20        IFACE   rxpck/s   txpck/s    rxkB/s    txkB/s   rxcmp/s   txcmp/s  rxmcst/s   %ifutil
17:59:21         ens5     56.00     57.00      8.80      7.66      0.00      0.00      0.00      0.00

17:59:21        IFACE   rxpck/s   txpck/s    rxkB/s    txkB/s   rxcmp/s   txcmp/s  rxmcst/s   %ifutil
17:59:22         ens5     59.00     58.00      9.31      7.68      0.00      0.00      0.00      0.00

17:59:22        IFACE   rxpck/s   txpck/s    rxkB/s    txkB/s   rxcmp/s   txcmp/s  rxmcst/s   %ifutil
17:59:23         ens5     57.00     57.00      8.90      7.54      0.00      0.00      0.00      0.00

17:59:23        IFACE   rxpck/s   txpck/s    rxkB/s    txkB/s   rxcmp/s   txcmp/s  rxmcst/s   %ifutil
17:59:24         ens5     57.00     57.00      9.03      7.60      0.00      0.00      0.00      0.00

17:59:24        IFACE   rxpck/s   txpck/s    rxkB/s    txkB/s   rxcmp/s   txcmp/s  rxmcst/s   %ifutil
17:59:25         ens5     57.00     57.00      8.90      7.54      0.00      0.00      0.00      0.00

17:59:25        IFACE   rxpck/s   txpck/s    rxkB/s    txkB/s   rxcmp/s   txcmp/s  rxmcst/s   %ifutil
17:59:26         ens5     57.00     57.00      9.03      7.60      0.00      0.00      0.00      0.00

17:59:26        IFACE   rxpck/s   txpck/s    rxkB/s    txkB/s   rxcmp/s   txcmp/s  rxmcst/s   %ifutil
17:59:27         ens5     58.00     58.00      9.12      7.70      0.00      0.00      0.00      0.00

17:59:27        IFACE   rxpck/s   txpck/s    rxkB/s    txkB/s   rxcmp/s   txcmp/s  rxmcst/s   %ifutil
17:59:28         ens5     57.00     57.00      8.90      7.54      0.00      0.00      0.00      0.00

17:59:28        IFACE   rxpck/s   txpck/s    rxkB/s    txkB/s   rxcmp/s   txcmp/s  rxmcst/s   %ifutil
17:59:29         ens5     49.00     49.00      7.77      6.53      0.00      0.00      0.00      0.00

17:59:29        IFACE   rxpck/s   txpck/s    rxkB/s    txkB/s   rxcmp/s   txcmp/s  rxmcst/s   %ifutil
17:59:30         ens5      0.00      0.00      0.00      0.00      0.00      0.00      0.00      0.00

17:59:30        IFACE   rxpck/s   txpck/s    rxkB/s    txkB/s   rxcmp/s   txcmp/s  rxmcst/s   %ifutil
17:59:31         ens5      0.00      0.00      0.00      0.00      0.00      0.00      0.00      0.00


Average:        IFACE   rxpck/s   txpck/s    rxkB/s    txkB/s   rxcmp/s   txcmp/s  rxmcst/s   %ifutil
Average:         ens5     49.47     48.70      7.68      6.48      0.00      0.00      0.00      0.00
