Linux 7.0.0-1010-aws (ip-172-31-31-224) 	08/11/26 	_x86_64_	(2 CPU)

08:59:43        IFACE   rxpck/s   txpck/s    rxkB/s    txkB/s   rxcmp/s   txcmp/s  rxmcst/s   %ifutil
08:59:44         ens5     62.00     59.00      4.87      6.91      0.00      0.00      0.00      0.00

08:59:44        IFACE   rxpck/s   txpck/s    rxkB/s    txkB/s   rxcmp/s   txcmp/s  rxmcst/s   %ifutil
08:59:45         ens5     54.00     55.00      4.41      6.01      0.00      0.00      0.00      0.00

08:59:45        IFACE   rxpck/s   txpck/s    rxkB/s    txkB/s   rxcmp/s   txcmp/s  rxmcst/s   %ifutil
08:59:46         ens5     38.00     39.00      3.09      4.57      0.00      0.00      0.00      0.00

08:59:46        IFACE   rxpck/s   txpck/s    rxkB/s    txkB/s   rxcmp/s   txcmp/s  rxmcst/s   %ifutil
08:59:47         ens5      7.00      7.00      0.36      1.46      0.00      0.00      0.00      0.00

08:59:47        IFACE   rxpck/s   txpck/s    rxkB/s    txkB/s   rxcmp/s   txcmp/s  rxmcst/s   %ifutil
08:59:48         ens5      5.00      5.00      0.25      1.10      0.00      0.00      0.00      0.00

08:59:48        IFACE   rxpck/s   txpck/s    rxkB/s    txkB/s   rxcmp/s   txcmp/s  rxmcst/s   %ifutil
08:59:49         ens5      9.00     10.00      0.46      2.11      0.00      0.00      0.00      0.00

08:59:49        IFACE   rxpck/s   txpck/s    rxkB/s    txkB/s   rxcmp/s   txcmp/s  rxmcst/s   %ifutil
08:59:50         ens5      7.00      7.00      0.36      1.52      0.00      0.00      0.00      0.00

08:59:50        IFACE   rxpck/s   txpck/s    rxkB/s    txkB/s   rxcmp/s   txcmp/s  rxmcst/s   %ifutil
08:59:51         ens5      4.00      3.00      0.20      0.66      0.00      0.00      0.00      0.00

08:59:51        IFACE   rxpck/s   txpck/s    rxkB/s    txkB/s   rxcmp/s   txcmp/s  rxmcst/s   %ifutil
08:59:52         ens5      3.00      3.00      0.15      0.61      0.00      0.00      0.00      0.00

08:59:52        IFACE   rxpck/s   txpck/s    rxkB/s    txkB/s   rxcmp/s   txcmp/s  rxmcst/s   %ifutil
08:59:53         ens5      0.00      0.00      0.00      0.00      0.00      0.00      0.00      0.00

08:59:53        IFACE   rxpck/s   txpck/s    rxkB/s    txkB/s   rxcmp/s   txcmp/s  rxmcst/s   %ifutil
08:59:54         ens5     28.00     30.00      4.62     22.25      0.00      0.00      0.00      0.00

08:59:54        IFACE   rxpck/s   txpck/s    rxkB/s    txkB/s   rxcmp/s   txcmp/s  rxmcst/s   %ifutil
08:59:55         ens5      0.00      0.00      0.00      0.00      0.00      0.00      0.00      0.00

08:59:55        IFACE   rxpck/s   txpck/s    rxkB/s    txkB/s   rxcmp/s   txcmp/s  rxmcst/s   %ifutil
08:59:56         ens5      0.00      0.00      0.00      0.00      0.00      0.00      0.00      0.00

08:59:56        IFACE   rxpck/s   txpck/s    rxkB/s    txkB/s   rxcmp/s   txcmp/s  rxmcst/s   %ifutil
08:59:57         ens5      0.00      0.00      0.00      0.00      0.00      0.00      0.00      0.00

08:59:57        IFACE   rxpck/s   txpck/s    rxkB/s    txkB/s   rxcmp/s   txcmp/s  rxmcst/s   %ifutil
08:59:58         ens5     53.00     53.00      9.86     31.24      0.00      0.00      0.00      0.00

08:59:58        IFACE   rxpck/s   txpck/s    rxkB/s    txkB/s   rxcmp/s   txcmp/s  rxmcst/s   %ifutil
08:59:59         ens5    689.00    693.00    132.74    412.39      0.00      0.00      0.00      0.00

08:59:59        IFACE   rxpck/s   txpck/s    rxkB/s    txkB/s   rxcmp/s   txcmp/s  rxmcst/s   %ifutil
09:00:00         ens5   1313.00   1188.00    229.39    707.19      0.00      0.00      0.00      0.00

09:00:00        IFACE   rxpck/s   txpck/s    rxkB/s    txkB/s   rxcmp/s   txcmp/s  rxmcst/s   %ifutil
09:00:01         ens5    497.06    424.51     80.24    265.51      0.00      0.00      0.00      0.00

09:00:01        IFACE   rxpck/s   txpck/s    rxkB/s    txkB/s   rxcmp/s   txcmp/s  rxmcst/s   %ifutil
09:00:02         ens5      0.00      0.00      0.00      0.00      0.00      0.00      0.00      0.00

09:00:02        IFACE   rxpck/s   txpck/s    rxkB/s    txkB/s   rxcmp/s   txcmp/s  rxmcst/s   %ifutil
09:00:03         ens5      0.00      0.00      0.00      0.00      0.00      0.00      0.00      0.00

09:00:03        IFACE   rxpck/s   txpck/s    rxkB/s    txkB/s   rxcmp/s   txcmp/s  rxmcst/s   %ifutil
09:00:04         ens5      0.00      0.00      0.00      0.00      0.00      0.00      0.00      0.00

09:00:04        IFACE   rxpck/s   txpck/s    rxkB/s    txkB/s   rxcmp/s   txcmp/s  rxmcst/s   %ifutil
09:00:05         ens5      0.00      0.00      0.00      0.00      0.00      0.00      0.00      0.00

09:00:05        IFACE   rxpck/s   txpck/s    rxkB/s    txkB/s   rxcmp/s   txcmp/s  rxmcst/s   %ifutil
09:00:06         ens5      0.00      0.00      0.00      0.00      0.00      0.00      0.00      0.00



Average:        IFACE   rxpck/s   txpck/s    rxkB/s    txkB/s   rxcmp/s   txcmp/s  rxmcst/s   %ifutil
Average:         ens5    120.72    112.29     20.53     63.81      0.00      0.00      0.00      0.00
