Linux 7.0.0-1010-aws (ip-172-31-31-224) 	08/11/26 	_x86_64_	(2 CPU)

06:31:13    kbmemfree   kbavail kbmemused  %memused kbbuffers  kbcached  kbcommit   %commit  kbactive   kbinact   kbdirty
06:31:14       701728   1300012    431740     22.13     14092    726352   1601848     82.11    338504    743440       760
06:31:15       629656   1227940    503812     25.82     14092    726352   1672976     85.75    412752    743440       760
06:31:16       558088   1156372    575380     29.49     14092    726352   1747736     89.59    487896    743440       760
06:31:17       461824   1060132    671620     34.43     14116    726352   1844008     94.52    581824    743464       796
06:31:18       381436    979744    752008     38.55     14116    726352   1919068     98.37    655636    743464       660
06:31:19       324988    923308    808444     41.44     14120    726360   1973348    101.15    711532    743476       100
06:31:20       236536    834856    896896     45.97     14120    726360   2069976    106.10    807184    743476       100
06:31:21       115576    713900   1017852     52.17     14120    726364   2190432    112.28    927784    743480       104
06:31:22        91384    689708   1042044     53.41     14120    726364   2211112    113.34    948168    743480       104
06:31:23        91320    689644   1042108     53.42     14120    726364   2211112    113.34    948168    743480       104
06:31:24        91320    689644   1042108     53.42     14120    726364   2211112    113.34    948168    743480       104
06:31:25        91320    689644   1042108     53.42     14120    726364   2211112    113.34    948168    743480       104
06:31:26        91320    689644   1042108     53.42     14120    726364   2211112    113.34    948168    743480       104
06:31:27        91320    689644   1042108     53.42     14120    726364   2211112    113.34    948168    743480       104
06:31:28        91128    689452   1042300     53.43     14120    726364   2211368    113.35    948336    743480       104
06:31:29        90568    688900   1042844     53.45     14120    726380   2211688    113.37    948436    743488       120
06:31:30        90416    688748   1042996     53.46     14120    726380   2211688    113.37    948436    743488       120
06:31:31        90416    688748   1042996     53.46     14120    726380   2211688    113.37    948436    743488       120
06:31:32        90416    688748   1042996     53.46     14120    726380   2211688    113.37    948436    743488       120
06:31:33        90416    688748   1042996     53.46     14120    726380   2211688    113.37    948436    743488       120
06:31:34        90416    688748   1042992     53.46     14120    726384   2211688    113.37    948436    743488       124
06:31:35        90416    688748   1042992     53.46     14120    726384   2211688    113.37    948436    743488       124
06:31:36        90416    688760   1042988     53.46     14120    726388   2211688    113.37    949168    743500       128
06:31:37        90416    688760   1042988     53.46     14120    726388   2211688    113.37    949168    743500       128
06:31:38        90416    688760   1042988     53.46     14120    726388   2211688    113.37    949168    743500       128

Average:       198130    796452    935296     47.94     14116    726369   2104572    107.88    841880    743478       240
