Linux 7.0.0-1010-aws (ip-172-31-31-224) 	08/11/26 	_x86_64_	(2 CPU)

06:31:13        IFACE   rxpck/s   txpck/s    rxkB/s    txkB/s   rxcmp/s   txcmp/s  rxmcst/s   %ifutil
06:31:14         ens5     58.00     52.00      4.68      6.49      0.00      0.00      0.00      0.00

06:31:14        IFACE   rxpck/s   txpck/s    rxkB/s    txkB/s   rxcmp/s   txcmp/s  rxmcst/s   %ifutil
06:31:15         ens5     36.00     31.00      2.95      3.90      0.00      0.00      0.00      0.00

06:31:15        IFACE   rxpck/s   txpck/s    rxkB/s    txkB/s   rxcmp/s   txcmp/s  rxmcst/s   %ifutil
06:31:16         ens5      9.00      9.00      0.43      1.74      0.00      0.00      0.00      0.00

06:31:16        IFACE   rxpck/s   txpck/s    rxkB/s    txkB/s   rxcmp/s   txcmp/s  rxmcst/s   %ifutil
06:31:17         ens5      6.00      8.00      0.30      1.54      0.00      0.00      0.00      0.00

06:31:17        IFACE   rxpck/s   txpck/s    rxkB/s    txkB/s   rxcmp/s   txcmp/s  rxmcst/s   %ifutil
06:31:18         ens5      7.00      5.00      0.36      1.10      0.00      0.00      0.00      0.00

06:31:18        IFACE   rxpck/s   txpck/s    rxkB/s    txkB/s   rxcmp/s   txcmp/s  rxmcst/s   %ifutil
06:31:19         ens5      8.00     10.00      0.41      2.09      0.00      0.00      0.00      0.00

06:31:19        IFACE   rxpck/s   txpck/s    rxkB/s    txkB/s   rxcmp/s   txcmp/s  rxmcst/s   %ifutil
06:31:20         ens5      7.00      5.00      0.36      1.09      0.00      0.00      0.00      0.00

06:31:20        IFACE   rxpck/s   txpck/s    rxkB/s    txkB/s   rxcmp/s   txcmp/s  rxmcst/s   %ifutil
06:31:21         ens5      3.00      3.00      0.15      0.66      0.00      0.00      0.00      0.00

06:31:21        IFACE   rxpck/s   txpck/s    rxkB/s    txkB/s   rxcmp/s   txcmp/s  rxmcst/s   %ifutil
06:31:22         ens5      3.00      3.00      0.15      0.61      0.00      0.00      0.00      0.00

06:31:22        IFACE   rxpck/s   txpck/s    rxkB/s    txkB/s   rxcmp/s   txcmp/s  rxmcst/s   %ifutil
06:31:23         ens5     15.00     25.00      8.26     22.41      0.00      0.00      0.00      0.00

06:31:23        IFACE   rxpck/s   txpck/s    rxkB/s    txkB/s   rxcmp/s   txcmp/s  rxmcst/s   %ifutil
06:31:24         ens5      0.00      0.00      0.00      0.00      0.00      0.00      0.00      0.00

06:31:24        IFACE   rxpck/s   txpck/s    rxkB/s    txkB/s   rxcmp/s   txcmp/s  rxmcst/s   %ifutil
06:31:25         ens5      1.00      1.00      0.07      0.09      0.00      0.00      0.00      0.00

06:31:25        IFACE   rxpck/s   txpck/s    rxkB/s    txkB/s   rxcmp/s   txcmp/s  rxmcst/s   %ifutil
06:31:26         ens5      0.00      0.00      0.00      0.00      0.00      0.00      0.00      0.00

06:31:26        IFACE   rxpck/s   txpck/s    rxkB/s    txkB/s   rxcmp/s   txcmp/s  rxmcst/s   %ifutil
06:31:27         ens5     25.00     34.00     13.32     23.70      0.00      0.00      0.00      0.00

06:31:27        IFACE   rxpck/s   txpck/s    rxkB/s    txkB/s   rxcmp/s   txcmp/s  rxmcst/s   %ifutil
06:31:28         ens5    292.00    483.00    193.23    356.27      0.00      0.00      0.00      0.00

06:31:28        IFACE   rxpck/s   txpck/s    rxkB/s    txkB/s   rxcmp/s   txcmp/s  rxmcst/s   %ifutil
06:31:29         ens5    519.00    910.00    336.22    669.75      0.00      0.00      0.00      0.00

06:31:29        IFACE   rxpck/s   txpck/s    rxkB/s    txkB/s   rxcmp/s   txcmp/s  rxmcst/s   %ifutil
06:31:30         ens5    348.00    595.00    232.78    424.77      0.00      0.00      0.00      0.00

06:31:30        IFACE   rxpck/s   txpck/s    rxkB/s    txkB/s   rxcmp/s   txcmp/s  rxmcst/s   %ifutil
06:31:31         ens5      4.00      0.00      0.20      0.00      0.00      0.00      0.00      0.00

06:31:31        IFACE   rxpck/s   txpck/s    rxkB/s    txkB/s   rxcmp/s   txcmp/s  rxmcst/s   %ifutil
06:31:32         ens5      0.00      0.00      0.00      0.00      0.00      0.00      0.00      0.00

06:31:32        IFACE   rxpck/s   txpck/s    rxkB/s    txkB/s   rxcmp/s   txcmp/s  rxmcst/s   %ifutil
06:31:33         ens5      0.00      0.00      0.00      0.00      0.00      0.00      0.00      0.00

06:31:33        IFACE   rxpck/s   txpck/s    rxkB/s    txkB/s   rxcmp/s   txcmp/s  rxmcst/s   %ifutil
06:31:34         ens5      0.00      0.00      0.00      0.00      0.00      0.00      0.00      0.00

06:31:34        IFACE   rxpck/s   txpck/s    rxkB/s    txkB/s   rxcmp/s   txcmp/s  rxmcst/s   %ifutil
06:31:35         ens5      0.00      0.00      0.00      0.00      0.00      0.00      0.00      0.00

06:31:35        IFACE   rxpck/s   txpck/s    rxkB/s    txkB/s   rxcmp/s   txcmp/s  rxmcst/s   %ifutil
06:31:36         ens5      0.00      0.00      0.00      0.00      0.00      0.00      0.00      0.00

06:31:36        IFACE   rxpck/s   txpck/s    rxkB/s    txkB/s   rxcmp/s   txcmp/s  rxmcst/s   %ifutil
06:31:37         ens5      0.00      0.00      0.00      0.00      0.00      0.00      0.00      0.00

06:31:37        IFACE   rxpck/s   txpck/s    rxkB/s    txkB/s   rxcmp/s   txcmp/s  rxmcst/s   %ifutil
06:31:38         ens5      0.00      0.00      0.00      0.00      0.00      0.00      0.00      0.00


Average:        IFACE   rxpck/s   txpck/s    rxkB/s    txkB/s   rxcmp/s   txcmp/s  rxmcst/s   %ifutil
Average:         ens5     53.64     86.96     31.75     60.65      0.00      0.00      0.00      0.00
