Linux 7.0.0-1010-aws (ip-172-31-20-134) 	08/11/26 	_x86_64_	(2 CPU)

19:18:57        CPU     %user     %nice   %system   %iowait    %steal     %idle
19:18:58        all      7.11      0.00      1.52      0.00      0.00     91.37
19:18:59        all      0.50      0.00      1.00      0.00      0.00     98.51
19:19:00        all      0.00      0.00      0.00      0.00      1.00     99.00
19:19:01        all      0.00      0.00      0.00      0.00      0.51     99.49
19:19:02        all      0.50      0.00      0.50      0.00      0.00     99.00
19:19:03        all      0.50      0.00      0.50      0.00      0.00     98.99
19:19:04        all      0.50      0.00      0.00      0.00      0.00     99.50
19:19:05        all      0.00      0.00      0.00      0.00      0.50     99.50
19:19:06        all      0.50      0.00      0.00      0.00      0.00     99.50
19:19:07        all      3.50      0.00      0.50      0.00      0.00     96.00
19:19:08        all      1.01      0.00      1.01      0.00      0.00     97.98
19:19:09        all      3.03      0.00      2.02      0.00      0.51     94.44
19:19:10        all      2.00      0.00      1.00      0.00      0.00     97.00
19:19:11        all      0.51      0.00      0.00      0.00      0.00     99.49
19:19:12        all      0.50      0.00      0.00      0.00      0.00     99.50
19:19:13        all      5.03      0.00      2.01      0.00      0.00     92.96
19:19:14        all      0.00      0.00      0.50      0.00      0.00     99.50
19:19:15        all      0.00      0.00      0.00      0.00      0.00    100.00
19:19:16        all      0.00      0.00      0.00      0.00      0.00    100.00

Average:        all      1.32      0.00      0.55      0.00      0.13     97.99
