Linux 7.0.0-1010-aws (ip-172-31-20-134) 	08/11/26 	_x86_64_	(2 CPU)

19:18:57    kbmemfree   kbavail kbmemused  %memused kbbuffers  kbcached  kbcommit   %commit  kbactive   kbinact   kbdirty
19:18:58       106300   1314716    376684     19.31     35356   1282736   1479164     75.82    756424    837088       436
19:18:59       106300   1314716    376684     19.31     35356   1282736   1479164     75.82    756424    837088       436
19:19:00       106300   1314716    376684     19.31     35356   1282736   1479164     75.82    756424    837088       436
19:19:01       106300   1314716    376680     19.31     35356   1282740   1479164     75.82    756424    837088       440
19:19:02       106300   1314716    376680     19.31     35356   1282740   1479164     75.82    756424    837088       440
19:19:03       106300   1314732    376680     19.31     35356   1282740   1479164     75.82    757496    837104       440
19:19:04       106300   1314732    376680     19.31     35356   1282740   1479164     75.82    757496    837104       440
19:19:05       106300   1314732    376680     19.31     35356   1282740   1479164     75.82    757496    837104       440
19:19:06       106300   1314732    376676     19.31     35356   1282744   1479164     75.82    757496    837104       444
19:19:07       106300   1314732    376676     19.31     35356   1282744   1479164     75.82    757496    837104       444
19:19:08       106300   1314752    376644     19.31     35356   1282776   1479164     75.82    757848    837124       476
19:19:09       105544   1314152    377256     19.34     35356   1282916   1479164     75.82    759928    837276       616
19:19:10       104536   1313280    378120     19.38     35356   1283060   1479164     75.82    760660    837412       760
19:19:11       104536   1313280    378080     19.38     35356   1283100   1479164     75.82    760660    837412       800
19:19:12       104536   1313288    378068     19.38     35356   1283104   1479164     75.82    760688    837416       760
19:19:13       104288   1313100    378304     19.39     35356   1283116   1479164     75.82    760852    837476       776
19:19:14       104288   1313100    378304     19.39     35356   1283116   1479164     75.82    760852    837476       776
19:19:15       104288   1313100    378304     19.39     35356   1283116   1479164     75.82    760852    837476       776
19:19:16       104288   1313100    378300     19.39     35356   1283120   1479164     75.82    760852    837476       780

Average:       105558   1314126    377273     19.34     35356   1282885   1479164     75.82    758568    837237       575
