Linux 7.0.0-1010-aws (ip-172-31-20-134) 	08/11/26 	_x86_64_	(2 CPU)

19:18:57        IFACE   rxpck/s   txpck/s    rxkB/s    txkB/s   rxcmp/s   txcmp/s  rxmcst/s   %ifutil
19:18:58         ens5     48.00     41.00      4.20      4.69      0.00      0.00      0.00      0.00

19:18:58        IFACE   rxpck/s   txpck/s    rxkB/s    txkB/s   rxcmp/s   txcmp/s  rxmcst/s   %ifutil
19:18:59         ens5     20.00     16.00      1.72      1.73      0.00      0.00      0.00      0.00

19:18:59        IFACE   rxpck/s   txpck/s    rxkB/s    txkB/s   rxcmp/s   txcmp/s  rxmcst/s   %ifutil
19:19:00         ens5      1.00      1.00      0.07      0.09      0.00      0.00      0.00      0.00

19:19:00        IFACE   rxpck/s   txpck/s    rxkB/s    txkB/s   rxcmp/s   txcmp/s  rxmcst/s   %ifutil
19:19:01         ens5      0.00      0.00      0.00      0.00      0.00      0.00      0.00      0.00

19:19:01        IFACE   rxpck/s   txpck/s    rxkB/s    txkB/s   rxcmp/s   txcmp/s  rxmcst/s   %ifutil
19:19:02         ens5      0.00      0.00      0.00      0.00      0.00      0.00      0.00      0.00

19:19:02        IFACE   rxpck/s   txpck/s    rxkB/s    txkB/s   rxcmp/s   txcmp/s  rxmcst/s   %ifutil
19:19:03         ens5      0.00      0.00      0.00      0.00      0.00      0.00      0.00      0.00

19:19:03        IFACE   rxpck/s   txpck/s    rxkB/s    txkB/s   rxcmp/s   txcmp/s  rxmcst/s   %ifutil
19:19:04         ens5      4.00      4.00      0.66      0.46      0.00      0.00      0.00      0.00

19:19:04        IFACE   rxpck/s   txpck/s    rxkB/s    txkB/s   rxcmp/s   txcmp/s  rxmcst/s   %ifutil
19:19:05         ens5      0.00      0.00      0.00      0.00      0.00      0.00      0.00      0.00

19:19:05        IFACE   rxpck/s   txpck/s    rxkB/s    txkB/s   rxcmp/s   txcmp/s  rxmcst/s   %ifutil
19:19:06         ens5      0.00      0.00      0.00      0.00      0.00      0.00      0.00      0.00

19:19:06        IFACE   rxpck/s   txpck/s    rxkB/s    txkB/s   rxcmp/s   txcmp/s  rxmcst/s   %ifutil
19:19:07         ens5      6.00      6.00      0.81      0.83      0.00      0.00      0.00      0.00

19:19:07        IFACE   rxpck/s   txpck/s    rxkB/s    txkB/s   rxcmp/s   txcmp/s  rxmcst/s   %ifutil
19:19:08         ens5     95.00     95.00     12.66     13.11      0.00      0.00      0.00      0.00

19:19:08        IFACE   rxpck/s   txpck/s    rxkB/s    txkB/s   rxcmp/s   txcmp/s  rxmcst/s   %ifutil
19:19:09         ens5    322.00    322.00     43.81     44.31      0.00      0.00      0.00      0.00

19:19:09        IFACE   rxpck/s   txpck/s    rxkB/s    txkB/s   rxcmp/s   txcmp/s  rxmcst/s   %ifutil
19:19:10         ens5    114.00    114.00     15.44     15.70      0.00      0.00      0.00      0.00

19:19:10        IFACE   rxpck/s   txpck/s    rxkB/s    txkB/s   rxcmp/s   txcmp/s  rxmcst/s   %ifutil
19:19:11         ens5      9.00      9.00      1.22      1.24      0.00      0.00      0.00      0.00

19:19:11        IFACE   rxpck/s   txpck/s    rxkB/s    txkB/s   rxcmp/s   txcmp/s  rxmcst/s   %ifutil
19:19:12         ens5      0.00      0.00      0.00      0.00      0.00      0.00      0.00      0.00

19:19:12        IFACE   rxpck/s   txpck/s    rxkB/s    txkB/s   rxcmp/s   txcmp/s  rxmcst/s   %ifutil
19:19:13         ens5      0.00      0.00      0.00      0.00      0.00      0.00      0.00      0.00

19:19:13        IFACE   rxpck/s   txpck/s    rxkB/s    txkB/s   rxcmp/s   txcmp/s  rxmcst/s   %ifutil
19:19:14         ens5      0.00      0.00      0.00      0.00      0.00      0.00      0.00      0.00

19:19:14        IFACE   rxpck/s   txpck/s    rxkB/s    txkB/s   rxcmp/s   txcmp/s  rxmcst/s   %ifutil
19:19:15         ens5      0.00      0.00      0.00      0.00      0.00      0.00      0.00      0.00

19:19:15        IFACE   rxpck/s   txpck/s    rxkB/s    txkB/s   rxcmp/s   txcmp/s  rxmcst/s   %ifutil
19:19:16         ens5      1.00      1.00      0.07      0.09      0.00      0.00      0.00      0.00


Average:        IFACE   rxpck/s   txpck/s    rxkB/s    txkB/s   rxcmp/s   txcmp/s  rxmcst/s   %ifutil
Average:         ens5     32.63     32.05      4.25      4.33      0.00      0.00      0.00      0.00
