Linux 7.0.0-1010-aws (ip-172-31-20-134) 	08/11/26 	_x86_64_	(2 CPU)

17:25:14    kbmemfree   kbavail kbmemused  %memused kbbuffers  kbcached  kbcommit   %commit  kbactive   kbinact   kbdirty
17:25:15       112172   1331720    361320     18.52     31352   1299036   1469932     75.35    925764    674336      4900
17:25:16       112172   1331720    361320     18.52     31352   1299036   1469932     75.35    925804    674336      4848
17:25:17       112172   1331720    361316     18.52     31352   1299040   1469932     75.35    925804    674336      4856
17:25:18       112172   1331720    361316     18.52     31352   1299040   1469932     75.35    925804    674336      4856
17:25:19       111164   1330716    362324     18.57     31352   1299040   1469932     75.35    926544    674340      4856
17:25:20       111164   1330716    362324     18.57     31352   1299040   1469932     75.35    926544    674340      4856
17:25:21       111164   1330716    362324     18.57     31352   1299040   1469932     75.35    926544    674340      4856
17:25:22       110912   1330468    362572     18.58     31352   1299044   1471256     75.41    928712    674344       464
17:25:23       110912   1330468    362492     18.58     31352   1299124   1471256     75.41    928712    674344       544
17:25:24       110912   1330468    362492     18.58     31352   1299124   1471256     75.41    928712    674344       544
17:25:25       110912   1330560    362460     18.58     31376   1299124   1471256     75.41    928764    674432       580
17:25:26       107888   1327536    365484     18.73     31376   1299124   1493032     76.53    931536    674432       580
17:25:27        95168   1316376    376636     19.31     31376   1300652   1722020     88.27    942452    675968      2108
17:25:28        83724   1306776    386196     19.80     31376   1302460   1748472     89.62    951952    677784      3764
17:25:29        77956   1301792    391164     20.05     31376   1303240   1893528     97.06    954660    678552      4544
17:25:30        77956   1301856    390984     20.04     31376   1303412   1893528     97.06    954724    678612      4716
17:25:31        77956   1301856    390984     20.04     31376   1303412   1893528     97.06    954724    678612      4716
17:25:32        77956   1301856    390980     20.04     31376   1303416   1893528     97.06    954724    678612      4720
17:25:33        77956   1301856    390980     20.04     31376   1303416   1893528     97.06    954724    678612      4720
17:25:34        77956   1301976    390980     20.04     31376   1303416   1893528     97.06    946292    678732      4720


Average:        99017   1320144    372832     19.11     31364   1300612   1624962     83.29    937175    675887      3537
