Linux 7.0.0-1008-aws (ip-172-31-31-224) 	08/07/26 	_x86_64_	(2 CPU)

07:54:21        CPU     %user     %nice   %system   %iowait    %steal     %idle
07:54:22        all     51.49      0.00      5.45      0.00      0.00     43.07
07:54:23        all     50.00      0.00      3.54      0.00      0.00     46.46
07:54:24        all     51.26      0.00      2.51      0.00      0.00     46.23
07:54:25        all     49.25      0.00      4.52      0.00      0.00     46.23
07:54:26        all     51.50      0.00      3.50      0.00      0.00     45.00
07:54:27        all     46.00      0.00      4.50      0.00      0.00     49.50
07:54:28        all     51.76      0.00      2.51      0.00      0.00     45.73
07:54:29        all     33.50      0.00      4.00      0.00      0.00     62.50
07:54:30        all      0.50      0.00      0.00      0.00      0.00     99.50
07:54:31        all      2.05      0.00      0.00      0.00      0.00     97.95
07:54:32        all      2.99      0.00      1.49      0.00      0.00     95.52
07:54:33        all      2.02      0.00      1.52      0.00      0.51     95.96
07:54:34        all      2.53      0.00      0.51      0.00      0.00     96.97
07:54:35        all      2.51      0.00      1.51      0.00      0.00     95.98
07:54:36        all      2.53      0.00      0.51      0.00      0.00     96.97
07:54:37        all      1.53      0.00      1.02      0.00      0.00     97.45
07:54:38        all      3.05      0.00      0.51      0.00      0.00     96.45
07:54:39        all      2.02      0.00      1.01      0.00      0.00     96.97
07:54:40        all      2.51      0.00      1.51      0.00      0.00     95.98
07:54:41        all      6.03      0.00      1.01      0.00      0.00     92.96
07:54:42        all      2.04      0.00      0.51      0.00      0.00     97.45
07:54:43        all      3.00      0.00      1.00      0.00      0.00     96.00
07:54:44        all      2.55      0.00      0.51      0.00      0.00     96.94
07:54:45        all      2.49      0.00      1.99      0.00      0.00     95.52
07:54:46        all      2.54      0.00      0.51      0.00      0.00     96.95
07:54:47        all      3.03      0.00      1.01      0.51      0.00     95.45
07:54:48        all      2.02      0.00      1.01      0.00      0.00     96.97
07:54:49        all      2.55      0.00      0.51      0.00      0.00     96.94
07:54:50        all      2.01      0.00      1.51      0.00      0.00     96.48
07:54:51        all      2.54      0.00      1.02      0.00      0.00     96.45
07:54:52        all      2.01      0.00      1.51      0.00      0.00     96.48
07:54:53        all      2.51      0.00      1.01      0.00      0.00     96.48
07:54:54        all      2.03      0.00      1.02      0.00      0.00     96.95
07:54:55        all      3.02      0.00      1.01      0.00      0.00     95.98
07:54:56        all      2.02      0.00      0.51      0.00      0.51     96.97
07:54:57        all      2.03      0.00      1.52      0.00      0.00     96.45
07:54:58        all      2.53      0.00      0.51      0.00      0.00     96.97
07:54:59        all      3.02      0.00      1.01      0.00      0.00     95.98
07:55:00        all      2.02      0.00      1.01      0.00      0.00     96.97
07:55:01        all      2.04      0.00      0.51      0.00      0.00     97.45
07:55:02        all      2.02      0.00      0.51      0.00      0.00     97.47
07:55:03        all      2.03      0.00      1.02      0.00      0.00     96.95
07:55:04        all      3.00      0.00      1.00      0.00      0.00     96.00
07:55:05        all      2.03      0.00      1.52      0.00      0.00     96.45
07:55:06        all      2.51      0.00      1.01      0.00      0.00     96.48
07:55:07        all      2.04      0.00      0.51      0.00      0.51     96.94
07:55:08        all      2.97      0.00      1.98      0.00      0.00     95.05
07:55:09        all      0.00      0.00      0.00      0.00      0.00    100.00
07:55:10        all      0.00      0.00      0.00      0.00      0.00    100.00
07:55:11        all      0.00      0.00      0.00      0.00      0.00    100.00
07:55:12        all      0.50      0.00      0.50      0.00      0.00     99.00

Average:        all      9.46      0.00      1.34      0.01      0.03     89.16
