Linux 7.0.0-1008-aws (ip-172-31-31-224) 	08/07/26 	_x86_64_	(2 CPU)

07:54:21    kbmemfree   kbavail kbmemused  %memused kbbuffers  kbcached  kbcommit   %commit  kbactive   kbinact   kbdirty
07:54:22       802000   1254760    400076     20.51     16460    580876   1475060     75.61    432016    467816        48
07:54:23       713800   1166560    488276     25.03     16460    580876   1562412     80.09    518144    467816        48
07:54:24       657352   1110112    544724     27.92     16460    580876   1621244     83.11    577684    467816        48
07:54:25       528832    981592    673244     34.51     16460    580876   1746296     89.52    704292    467816        48
07:54:26       440128    892888    761948     39.06     16460    580876   1833728     94.00    790508    467816        48
07:54:27       375868    828628    826208     42.35     16460    580876   1905388     97.67    864080    467816        48
07:54:28       319420    772180    882656     45.25     16460    580876   1959540    100.45    915384    467816        48
07:54:29       206524    659284    995552     51.03     16460    580876   2067788    106.00   1024412    467816        48
07:54:30       206524    659284    995552     51.03     16460    580876   2067788    106.00   1024412    467816        48
07:54:31       206524    659284    995552     51.03     16460    580876   2067788    106.00   1024412    467816        48
07:54:32       206524    659284    995552     51.03     16460    580876   2068044    106.01   1024536    467816        48
07:54:33       206524    659284    995552     51.03     16460    580876   2068108    106.01   1024660    467816        48
07:54:34       206524    659284    995552     51.03     16460    580876   2068108    106.01   1024660    467816        48
07:54:35       206524    659284    995552     51.03     16460    580876   2068108    106.01   1024660    467816        48
07:54:36       206524    659284    995552     51.03     16460    580876   2068108    106.01   1024660    467816        48
07:54:37       206524    659284    995552     51.03     16460    580876   2068108    106.01   1024660    467816        48
07:54:38       206524    659284    995552     51.03     16460    580876   2068108    106.01   1024660    467816        48
07:54:39       206524    659284    995552     51.03     16460    580876   2068172    106.02   1024784    467816        48
07:54:40       206524    659284    995552     51.03     16460    580876   2068172    106.02   1024784    467816        48
07:54:41       206524    659284    995548     51.03     16460    580880   2068172    106.02   1024784    467816        52
07:54:42       206524    659284    995548     51.03     16460    580880   2068172    106.02   1024784    467816        52
07:54:43       206524    659284    995548     51.03     16460    580880   2068172    106.02   1024908    467816        52
07:54:44       206524    659284    995548     51.03     16460    580880   2068172    106.02   1024908    467816        52
07:54:45       206524    659284    995548     51.03     16460    580880   2068172    106.02   1024908    467816        52
07:54:46       206524    659284    995548     51.03     16460    580880   2068236    106.02   1024908    467816        52
07:54:47       206524    659288    995524     51.03     16484    580880   2068236    106.02   1025012    467820        96
07:54:48       206524    659312    995524     51.03     16484    580880   2068236    106.02   1025068    467844        20
07:54:49       206524    659312    995524     51.03     16484    580880   2068236    106.02   1025068    467844        20
07:54:50       206524    659312    995524     51.03     16484    580880   2068236    106.02   1025068    467844        20
07:54:51       206524    659312    995524     51.03     16484    580880   2068236    106.02   1025100    467844        16
07:54:52       206524    659312    995524     51.03     16484    580880   2068300    106.02   1025100    467844        16
07:54:53       206524    659312    995524     51.03     16484    580880   2068300    106.02   1025108    467844        12
07:54:54       206524    659312    995524     51.03     16484    580880   2068300    106.02   1025108    467844        12
07:54:55       206524    659316    995520     51.03     16484    580884   2068300    106.02   1025228    467848        16
07:54:56       206524    659316    995520     51.03     16484    580884   2068556    106.04   1025228    467848        16
07:54:57       206524    659316    995520     51.03     16484    580884   2068556    106.04   1025352    467848        16
07:54:58       206524    659316    995520     51.03     16484    580884   2068620    106.04   1025352    467848        16
07:54:59       206524    659316    995520     51.03     16484    580884   2068876    106.05   1025600    467848        16
07:55:00       206524    659316    995520     51.03     16484    580884   2068876    106.05   1025600    467848        16
07:55:01       206524    659316    995516     51.03     16484    580888   2068876    106.05   1025600    467848        20
07:55:02       206524    659320    995516     51.03     16484    580888   2068876    106.05   1025804    467852        20
07:55:03       206524    659320    995516     51.03     16484    580888   2069132    106.07   1025844    467852        20
07:55:04       206524    659320    995516     51.03     16484    580888   2069196    106.07   1025928    467852        20
07:55:05       206524    659320    995516     51.03     16484    580888   2069452    106.08   1025968    467852        20
07:55:06       206524    659320    995516     51.03     16484    580888   2069452    106.08   1026092    467852        20
07:55:07       206524    659320    995516     51.03     16484    580888   2069452    106.08   1026216    467852        20
07:55:08       206524    659320    995516     51.03     16484    580888   2069452    106.08   1026216    467852        20
07:55:09       206524    659320    995516     51.03     16484    580888   2069452    106.08   1026216    467852        20
07:55:10       206524    659320    995516     51.03     16484    580888   2069452    106.08   1026216    467852        20
07:55:11       206524    659320    995516     51.03     16484    580888   2069452    106.08   1026216    467852        20
07:55:12       206524    659320    995512     51.03     16484    580892   2069452    106.08   1026216    467852        24

Average:       253421    706197    948638     48.63     16472    580881   2021936    103.65    978669    467832        35
