Linux 7.0.0-1008-aws (ip-172-31-31-224) 	08/07/26 	_x86_64_	(2 CPU)

07:54:21        IFACE   rxpck/s   txpck/s    rxkB/s    txkB/s   rxcmp/s   txcmp/s  rxmcst/s   %ifutil
07:54:22         ens5     39.00     35.00      3.67      5.33      0.00      0.00      0.00      0.00

07:54:22        IFACE   rxpck/s   txpck/s    rxkB/s    txkB/s   rxcmp/s   txcmp/s  rxmcst/s   %ifutil
07:54:23         ens5     29.00     23.00      2.88      3.63      0.00      0.00      0.00      0.00

07:54:23        IFACE   rxpck/s   txpck/s    rxkB/s    txkB/s   rxcmp/s   txcmp/s  rxmcst/s   %ifutil
07:54:24         ens5     10.00     10.00      0.51      2.11      0.00      0.00      0.00      0.00

07:54:24        IFACE   rxpck/s   txpck/s    rxkB/s    txkB/s   rxcmp/s   txcmp/s  rxmcst/s   %ifutil
07:54:25         ens5      7.00      7.00      0.36      1.52      0.00      0.00      0.00      0.00

07:54:25        IFACE   rxpck/s   txpck/s    rxkB/s    txkB/s   rxcmp/s   txcmp/s  rxmcst/s   %ifutil
07:54:26         ens5      3.00      3.00      0.15      0.66      0.00      0.00      0.00      0.00

07:54:26        IFACE   rxpck/s   txpck/s    rxkB/s    txkB/s   rxcmp/s   txcmp/s  rxmcst/s   %ifutil
07:54:27         ens5     11.00     11.00      0.56      2.30      0.00      0.00      0.00      0.00

07:54:27        IFACE   rxpck/s   txpck/s    rxkB/s    txkB/s   rxcmp/s   txcmp/s  rxmcst/s   %ifutil
07:54:28         ens5      5.00      5.00      0.25      1.10      0.00      0.00      0.00      0.00

07:54:28        IFACE   rxpck/s   txpck/s    rxkB/s    txkB/s   rxcmp/s   txcmp/s  rxmcst/s   %ifutil
07:54:29         ens5      5.00      5.00      0.25      1.05      0.00      0.00      0.00      0.00

07:54:29        IFACE   rxpck/s   txpck/s    rxkB/s    txkB/s   rxcmp/s   txcmp/s  rxmcst/s   %ifutil
07:54:30         ens5     13.00     11.00      8.13      5.41      0.00      0.00      0.00      0.00

07:54:30        IFACE   rxpck/s   txpck/s    rxkB/s    txkB/s   rxcmp/s   txcmp/s  rxmcst/s   %ifutil
07:54:31         ens5    168.00    136.00    109.60     61.62      0.00      0.00      0.00      0.00

07:54:31        IFACE   rxpck/s   txpck/s    rxkB/s    txkB/s   rxcmp/s   txcmp/s  rxmcst/s   %ifutil
07:54:32         ens5    174.00    139.00    111.33     62.93      0.00      0.00      0.00      0.00

07:54:32        IFACE   rxpck/s   txpck/s    rxkB/s    txkB/s   rxcmp/s   txcmp/s  rxmcst/s   %ifutil
07:54:33         ens5    171.00    136.00    109.69     61.42      0.00      0.00      0.00      0.00

07:54:33        IFACE   rxpck/s   txpck/s    rxkB/s    txkB/s   rxcmp/s   txcmp/s  rxmcst/s   %ifutil
07:54:34         ens5    162.00    135.00    107.78     61.49      0.00      0.00      0.00      0.00

07:54:34        IFACE   rxpck/s   txpck/s    rxkB/s    txkB/s   rxcmp/s   txcmp/s  rxmcst/s   %ifutil
07:54:35         ens5    169.00    135.00    109.51     61.33      0.00      0.00      0.00      0.00

07:54:35        IFACE   rxpck/s   txpck/s    rxkB/s    txkB/s   rxcmp/s   txcmp/s  rxmcst/s   %ifutil
07:54:36         ens5    170.00    136.00    109.86     61.65      0.00      0.00      0.00      0.00

07:54:36        IFACE   rxpck/s   txpck/s    rxkB/s    txkB/s   rxcmp/s   txcmp/s  rxmcst/s   %ifutil
07:54:37         ens5    164.00    132.00    106.48     59.28      0.00      0.00      0.00      0.00

07:54:37        IFACE   rxpck/s   txpck/s    rxkB/s    txkB/s   rxcmp/s   txcmp/s  rxmcst/s   %ifutil
07:54:38         ens5    166.00    135.00    109.17     61.33      0.00      0.00      0.00      0.00

07:54:38        IFACE   rxpck/s   txpck/s    rxkB/s    txkB/s   rxcmp/s   txcmp/s  rxmcst/s   %ifutil
07:54:39         ens5    163.00    137.00    110.01     62.23      0.00      0.00      0.00      0.00

07:54:39        IFACE   rxpck/s   txpck/s    rxkB/s    txkB/s   rxcmp/s   txcmp/s  rxmcst/s   %ifutil
07:54:40         ens5    145.00    138.00    108.13     62.38      0.00      0.00      0.00      0.00

07:54:40        IFACE   rxpck/s   txpck/s    rxkB/s    txkB/s   rxcmp/s   txcmp/s  rxmcst/s   %ifutil
07:54:41         ens5    143.00    134.00    108.27     61.26      0.00      0.00      0.00      0.00

07:54:41        IFACE   rxpck/s   txpck/s    rxkB/s    txkB/s   rxcmp/s   txcmp/s  rxmcst/s   %ifutil
07:54:42         ens5    137.00    131.00    105.11     59.18      0.00      0.00      0.00      0.00

07:54:42        IFACE   rxpck/s   txpck/s    rxkB/s    txkB/s   rxcmp/s   txcmp/s  rxmcst/s   %ifutil
07:54:43         ens5    139.00    135.00    107.72     61.34      0.00      0.00      0.00      0.00

07:54:43        IFACE   rxpck/s   txpck/s    rxkB/s    txkB/s   rxcmp/s   txcmp/s  rxmcst/s   %ifutil
07:54:44         ens5    142.00    135.00    108.15     61.34      0.00      0.00      0.00      0.00

07:54:44        IFACE   rxpck/s   txpck/s    rxkB/s    txkB/s   rxcmp/s   txcmp/s  rxmcst/s   %ifutil
07:54:45         ens5    139.00    135.00    107.79     61.33      0.00      0.00      0.00      0.00

07:54:45        IFACE   rxpck/s   txpck/s    rxkB/s    txkB/s   rxcmp/s   txcmp/s  rxmcst/s   %ifutil
07:54:46         ens5    142.00    135.00    108.12     61.33      0.00      0.00      0.00      0.00

07:54:46        IFACE   rxpck/s   txpck/s    rxkB/s    txkB/s   rxcmp/s   txcmp/s  rxmcst/s   %ifutil
07:54:47         ens5    143.00    137.00    108.74     62.09      0.00      0.00      0.00      0.00

07:54:47        IFACE   rxpck/s   txpck/s    rxkB/s    txkB/s   rxcmp/s   txcmp/s  rxmcst/s   %ifutil
07:54:48         ens5    146.00    136.00    108.05     61.89      0.00      0.00      0.00      0.00

07:54:48        IFACE   rxpck/s   txpck/s    rxkB/s    txkB/s   rxcmp/s   txcmp/s  rxmcst/s   %ifutil
07:54:49         ens5    144.00    136.00    108.60     61.76      0.00      0.00      0.00      0.00

07:54:49        IFACE   rxpck/s   txpck/s    rxkB/s    txkB/s   rxcmp/s   txcmp/s  rxmcst/s   %ifutil
07:54:50         ens5    143.00    132.00    106.23     59.55      0.00      0.00      0.00      0.00

07:54:50        IFACE   rxpck/s   txpck/s    rxkB/s    txkB/s   rxcmp/s   txcmp/s  rxmcst/s   %ifutil
07:54:51         ens5    138.00    136.00    107.03     61.86      0.00      0.00      0.00      0.00

07:54:51        IFACE   rxpck/s   txpck/s    rxkB/s    txkB/s   rxcmp/s   txcmp/s  rxmcst/s   %ifutil
07:54:52         ens5    128.00    122.00     94.79     53.71      0.00      0.00      0.00      0.00

07:54:52        IFACE   rxpck/s   txpck/s    rxkB/s    txkB/s   rxcmp/s   txcmp/s  rxmcst/s   %ifutil
07:54:53         ens5    133.00    131.00    100.53     58.38      0.00      0.00      0.00      0.00

07:54:53        IFACE   rxpck/s   txpck/s    rxkB/s    txkB/s   rxcmp/s   txcmp/s  rxmcst/s   %ifutil
07:54:54         ens5    136.00    132.00    104.18     59.80      0.00      0.00      0.00      0.00

07:54:54        IFACE   rxpck/s   txpck/s    rxkB/s    txkB/s   rxcmp/s   txcmp/s  rxmcst/s   %ifutil
07:54:55         ens5    140.00    139.00    108.18     62.72      0.00      0.00      0.00      0.00

07:54:55        IFACE   rxpck/s   txpck/s    rxkB/s    txkB/s   rxcmp/s   txcmp/s  rxmcst/s   %ifutil
07:54:56         ens5    137.00    140.00    106.59     63.09      0.00      0.00      0.00      0.00

07:54:56        IFACE   rxpck/s   txpck/s    rxkB/s    txkB/s   rxcmp/s   txcmp/s  rxmcst/s   %ifutil
07:54:57         ens5    140.00    140.00    108.09     63.10      0.00      0.00      0.00      0.00

07:54:57        IFACE   rxpck/s   txpck/s    rxkB/s    txkB/s   rxcmp/s   txcmp/s  rxmcst/s   %ifutil
07:54:58         ens5    141.00    136.00    105.96     60.98      0.00      0.00      0.00      0.00

07:54:58        IFACE   rxpck/s   txpck/s    rxkB/s    txkB/s   rxcmp/s   txcmp/s  rxmcst/s   %ifutil
07:54:59         ens5    146.00    138.00    109.02     62.29      0.00      0.00      0.00      0.00

07:54:59        IFACE   rxpck/s   txpck/s    rxkB/s    txkB/s   rxcmp/s   txcmp/s  rxmcst/s   %ifutil
07:55:00         ens5    139.00    134.00    100.53     59.71      0.00      0.00      0.00      0.00

07:55:00        IFACE   rxpck/s   txpck/s    rxkB/s    txkB/s   rxcmp/s   txcmp/s  rxmcst/s   %ifutil
07:55:01         ens5    146.00    120.00     93.59     53.63      0.00      0.00      0.00      0.00

07:55:01        IFACE   rxpck/s   txpck/s    rxkB/s    txkB/s   rxcmp/s   txcmp/s  rxmcst/s   %ifutil
07:55:02         ens5    132.00    109.00     85.58     48.94      0.00      0.00      0.00      0.00

07:55:02        IFACE   rxpck/s   txpck/s    rxkB/s    txkB/s   rxcmp/s   txcmp/s  rxmcst/s   %ifutil
07:55:03         ens5    168.00    137.00    108.62     62.30      0.00      0.00      0.00      0.00

07:55:03        IFACE   rxpck/s   txpck/s    rxkB/s    txkB/s   rxcmp/s   txcmp/s  rxmcst/s   %ifutil
07:55:04         ens5    169.00    140.00    109.74     63.10      0.00      0.00      0.00      0.00

07:55:04        IFACE   rxpck/s   txpck/s    rxkB/s    txkB/s   rxcmp/s   txcmp/s  rxmcst/s   %ifutil
07:55:05         ens5    165.00    134.00    106.99     60.33      0.00      0.00      0.00      0.00

07:55:05        IFACE   rxpck/s   txpck/s    rxkB/s    txkB/s   rxcmp/s   txcmp/s  rxmcst/s   %ifutil
07:55:06         ens5    165.00    139.00    108.09     62.70      0.00      0.00      0.00      0.00

07:55:06        IFACE   rxpck/s   txpck/s    rxkB/s    txkB/s   rxcmp/s   txcmp/s  rxmcst/s   %ifutil
07:55:07         ens5    168.00    136.00    109.60     61.68      0.00      0.00      0.00      0.00

07:55:07        IFACE   rxpck/s   txpck/s    rxkB/s    txkB/s   rxcmp/s   txcmp/s  rxmcst/s   %ifutil
07:55:08         ens5    156.00    126.00     99.19     56.20      0.00      0.00      0.00      0.00

07:55:08        IFACE   rxpck/s   txpck/s    rxkB/s    txkB/s   rxcmp/s   txcmp/s  rxmcst/s   %ifutil
07:55:09         ens5      1.00      1.00      0.07      0.09      0.00      0.00      0.00      0.00

07:55:09        IFACE   rxpck/s   txpck/s    rxkB/s    txkB/s   rxcmp/s   txcmp/s  rxmcst/s   %ifutil
07:55:10         ens5      0.00      0.00      0.00      0.00      0.00      0.00      0.00      0.00

07:55:10        IFACE   rxpck/s   txpck/s    rxkB/s    txkB/s   rxcmp/s   txcmp/s  rxmcst/s   %ifutil
07:55:11         ens5      5.00      3.00      0.50      0.44      0.00      0.00      0.00      0.00

07:55:11        IFACE   rxpck/s   txpck/s    rxkB/s    txkB/s   rxcmp/s   txcmp/s  rxmcst/s   %ifutil
07:55:12         ens5     33.00     22.00      3.33      3.07      0.00      0.00      0.00      0.00


Average:        IFACE   rxpck/s   txpck/s    rxkB/s    txkB/s   rxcmp/s   txcmp/s  rxmcst/s   %ifutil
Average:         ens5    115.25    102.55     79.52     45.65      0.00      0.00      0.00      0.00
