Linux 7.0.0-1008-aws (ip-172-31-20-134) 	08/07/26 	_x86_64_	(2 CPU)

10:55:47        IFACE   rxpck/s   txpck/s    rxkB/s    txkB/s   rxcmp/s   txcmp/s  rxmcst/s   %ifutil
10:55:48         ens5     51.00     52.00      4.31      5.48      0.00      0.00      0.00      0.00

10:55:48        IFACE   rxpck/s   txpck/s    rxkB/s    txkB/s   rxcmp/s   txcmp/s  rxmcst/s   %ifutil
10:55:49         ens5     15.00     14.00      1.25      1.39      0.00      0.00      0.00      0.00

10:55:49        IFACE   rxpck/s   txpck/s    rxkB/s    txkB/s   rxcmp/s   txcmp/s  rxmcst/s   %ifutil
10:55:50         ens5      0.00      0.00      0.00      0.00      0.00      0.00      0.00      0.00

10:55:50        IFACE   rxpck/s   txpck/s    rxkB/s    txkB/s   rxcmp/s   txcmp/s  rxmcst/s   %ifutil
10:55:51         ens5      2.00      2.00      0.10      0.13      0.00      0.00      0.00      0.00

10:55:51        IFACE   rxpck/s   txpck/s    rxkB/s    txkB/s   rxcmp/s   txcmp/s  rxmcst/s   %ifutil
10:55:52         ens5      0.00      0.00      0.00      0.00      0.00      0.00      0.00      0.00

10:55:52        IFACE   rxpck/s   txpck/s    rxkB/s    txkB/s   rxcmp/s   txcmp/s  rxmcst/s   %ifutil
10:55:53         ens5      0.00      0.00      0.00      0.00      0.00      0.00      0.00      0.00

10:55:53        IFACE   rxpck/s   txpck/s    rxkB/s    txkB/s   rxcmp/s   txcmp/s  rxmcst/s   %ifutil
10:55:54         ens5      0.00      0.00      0.00      0.00      0.00      0.00      0.00      0.00

10:55:54        IFACE   rxpck/s   txpck/s    rxkB/s    txkB/s   rxcmp/s   txcmp/s  rxmcst/s   %ifutil
10:55:55         ens5      0.00      0.00      0.00      0.00      0.00      0.00      0.00      0.00

10:55:55        IFACE   rxpck/s   txpck/s    rxkB/s    txkB/s   rxcmp/s   txcmp/s  rxmcst/s   %ifutil
10:55:56         ens5      0.00      0.00      0.00      0.00      0.00      0.00      0.00      0.00

10:55:56        IFACE   rxpck/s   txpck/s    rxkB/s    txkB/s   rxcmp/s   txcmp/s  rxmcst/s   %ifutil
10:55:57         ens5      0.00      0.00      0.00      0.00      0.00      0.00      0.00      0.00

10:55:57        IFACE   rxpck/s   txpck/s    rxkB/s    txkB/s   rxcmp/s   txcmp/s  rxmcst/s   %ifutil
10:55:58         ens5      0.00      0.00      0.00      0.00      0.00      0.00      0.00      0.00

10:55:58        IFACE   rxpck/s   txpck/s    rxkB/s    txkB/s   rxcmp/s   txcmp/s  rxmcst/s   %ifutil
10:55:59         ens5      0.00      0.00      0.00      0.00      0.00      0.00      0.00      0.00

10:55:59        IFACE   rxpck/s   txpck/s    rxkB/s    txkB/s   rxcmp/s   txcmp/s  rxmcst/s   %ifutil
10:56:00         ens5      0.00      0.00      0.00      0.00      0.00      0.00      0.00      0.00

10:56:00        IFACE   rxpck/s   txpck/s    rxkB/s    txkB/s   rxcmp/s   txcmp/s  rxmcst/s   %ifutil
10:56:01         ens5      0.00      0.00      0.00      0.00      0.00      0.00      0.00      0.00

10:56:01        IFACE   rxpck/s   txpck/s    rxkB/s    txkB/s   rxcmp/s   txcmp/s  rxmcst/s   %ifutil
10:56:02         ens5      0.00      0.00      0.00      0.00      0.00      0.00      0.00      0.00

10:56:02        IFACE   rxpck/s   txpck/s    rxkB/s    txkB/s   rxcmp/s   txcmp/s  rxmcst/s   %ifutil
10:56:03         ens5      0.00      0.00      0.00      0.00      0.00      0.00      0.00      0.00

10:56:03        IFACE   rxpck/s   txpck/s    rxkB/s    txkB/s   rxcmp/s   txcmp/s  rxmcst/s   %ifutil
10:56:04         ens5      0.00      0.00      0.00      0.00      0.00      0.00      0.00      0.00

10:56:04        IFACE   rxpck/s   txpck/s    rxkB/s    txkB/s   rxcmp/s   txcmp/s  rxmcst/s   %ifutil
10:56:05         ens5      0.00      0.00      0.00      0.00      0.00      0.00      0.00      0.00

10:56:05        IFACE   rxpck/s   txpck/s    rxkB/s    txkB/s   rxcmp/s   txcmp/s  rxmcst/s   %ifutil
10:56:06         ens5      0.00      0.00      0.00      0.00      0.00      0.00      0.00      0.00

10:56:06        IFACE   rxpck/s   txpck/s    rxkB/s    txkB/s   rxcmp/s   txcmp/s  rxmcst/s   %ifutil
10:56:07         ens5    126.00    143.00     59.06     12.19      0.00      0.00      0.00      0.00

10:56:07        IFACE   rxpck/s   txpck/s    rxkB/s    txkB/s   rxcmp/s   txcmp/s  rxmcst/s   %ifutil
10:56:08         ens5    112.00    128.00     45.08     11.27      0.00      0.00      0.00      0.00

10:56:08        IFACE   rxpck/s   txpck/s    rxkB/s    txkB/s   rxcmp/s   txcmp/s  rxmcst/s   %ifutil
10:56:09         ens5    112.00    128.00     45.08     11.27      0.00      0.00      0.00      0.00

10:56:09        IFACE   rxpck/s   txpck/s    rxkB/s    txkB/s   rxcmp/s   txcmp/s  rxmcst/s   %ifutil
10:56:10         ens5    112.00    128.00     45.08     11.27      0.00      0.00      0.00      0.00

10:56:10        IFACE   rxpck/s   txpck/s    rxkB/s    txkB/s   rxcmp/s   txcmp/s  rxmcst/s   %ifutil
10:56:11         ens5    112.00    128.00     45.08     11.27      0.00      0.00      0.00      0.00

10:56:11        IFACE   rxpck/s   txpck/s    rxkB/s    txkB/s   rxcmp/s   txcmp/s  rxmcst/s   %ifutil
10:56:12         ens5    115.00    130.00     46.87     11.39      0.00      0.00      0.00      0.00

10:56:12        IFACE   rxpck/s   txpck/s    rxkB/s    txkB/s   rxcmp/s   txcmp/s  rxmcst/s   %ifutil
10:56:13         ens5    109.00    126.00     43.33     11.17      0.00      0.00      0.00      0.00

10:56:13        IFACE   rxpck/s   txpck/s    rxkB/s    txkB/s   rxcmp/s   txcmp/s  rxmcst/s   %ifutil
10:56:14         ens5    111.00    126.00     45.10     11.14      0.00      0.00      0.00      0.00

10:56:14        IFACE   rxpck/s   txpck/s    rxkB/s    txkB/s   rxcmp/s   txcmp/s  rxmcst/s   %ifutil
10:56:15         ens5    112.00    128.00     45.16     11.33      0.00      0.00      0.00      0.00

10:56:15        IFACE   rxpck/s   txpck/s    rxkB/s    txkB/s   rxcmp/s   txcmp/s  rxmcst/s   %ifutil
10:56:16         ens5    111.00    127.00     44.33     11.26      0.00      0.00      0.00      0.00

10:56:16        IFACE   rxpck/s   txpck/s    rxkB/s    txkB/s   rxcmp/s   txcmp/s  rxmcst/s   %ifutil
10:56:17         ens5    112.00    128.00     45.16     11.33      0.00      0.00      0.00      0.00

10:56:17        IFACE   rxpck/s   txpck/s    rxkB/s    txkB/s   rxcmp/s   txcmp/s  rxmcst/s   %ifutil
10:56:18         ens5    113.00    129.00     45.98     11.40      0.00      0.00      0.00      0.00

10:56:18        IFACE   rxpck/s   txpck/s    rxkB/s    txkB/s   rxcmp/s   txcmp/s  rxmcst/s   %ifutil
10:56:19         ens5    111.00    127.00     44.33     11.26      0.00      0.00      0.00      0.00

10:56:19        IFACE   rxpck/s   txpck/s    rxkB/s    txkB/s   rxcmp/s   txcmp/s  rxmcst/s   %ifutil
10:56:20         ens5    112.00    128.00     45.16     11.33      0.00      0.00      0.00      0.00

10:56:20        IFACE   rxpck/s   txpck/s    rxkB/s    txkB/s   rxcmp/s   txcmp/s  rxmcst/s   %ifutil
10:56:21         ens5    112.00    128.00     45.16     11.33      0.00      0.00      0.00      0.00

10:56:21        IFACE   rxpck/s   txpck/s    rxkB/s    txkB/s   rxcmp/s   txcmp/s  rxmcst/s   %ifutil
10:56:22         ens5    112.00    128.00     45.16     11.33      0.00      0.00      0.00      0.00

10:56:22        IFACE   rxpck/s   txpck/s    rxkB/s    txkB/s   rxcmp/s   txcmp/s  rxmcst/s   %ifutil
10:56:23         ens5    114.00    131.00     46.06     11.55      0.00      0.00      0.00      0.00

10:56:23        IFACE   rxpck/s   txpck/s    rxkB/s    txkB/s   rxcmp/s   txcmp/s  rxmcst/s   %ifutil
10:56:24         ens5    112.00    128.00     45.16     11.33      0.00      0.00      0.00      0.00

10:56:24        IFACE   rxpck/s   txpck/s    rxkB/s    txkB/s   rxcmp/s   txcmp/s  rxmcst/s   %ifutil
10:56:25         ens5    112.00    128.00     45.16     11.33      0.00      0.00      0.00      0.00

10:56:25        IFACE   rxpck/s   txpck/s    rxkB/s    txkB/s   rxcmp/s   txcmp/s  rxmcst/s   %ifutil
10:56:26         ens5    111.00    127.00     44.33     11.26      0.00      0.00      0.00      0.00

10:56:26        IFACE   rxpck/s   txpck/s    rxkB/s    txkB/s   rxcmp/s   txcmp/s  rxmcst/s   %ifutil
10:56:27         ens5    112.00    128.00     45.16     11.33      0.00      0.00      0.00      0.00

10:56:27        IFACE   rxpck/s   txpck/s    rxkB/s    txkB/s   rxcmp/s   txcmp/s  rxmcst/s   %ifutil
10:56:28         ens5    112.00    128.00     45.16     11.33      0.00      0.00      0.00      0.00

10:56:28        IFACE   rxpck/s   txpck/s    rxkB/s    txkB/s   rxcmp/s   txcmp/s  rxmcst/s   %ifutil
10:56:29         ens5    113.00    129.00     45.98     11.40      0.00      0.00      0.00      0.00

10:56:29        IFACE   rxpck/s   txpck/s    rxkB/s    txkB/s   rxcmp/s   txcmp/s  rxmcst/s   %ifutil
10:56:30         ens5    112.00    128.00     45.16     11.33      0.00      0.00      0.00      0.00

10:56:30        IFACE   rxpck/s   txpck/s    rxkB/s    txkB/s   rxcmp/s   txcmp/s  rxmcst/s   %ifutil
10:56:31         ens5    112.00    128.00     44.38     11.32      0.00      0.00      0.00      0.00

10:56:31        IFACE   rxpck/s   txpck/s    rxkB/s    txkB/s   rxcmp/s   txcmp/s  rxmcst/s   %ifutil
10:56:32         ens5    113.00    129.00     45.98     11.40      0.00      0.00      0.00      0.00

10:56:32        IFACE   rxpck/s   txpck/s    rxkB/s    txkB/s   rxcmp/s   txcmp/s  rxmcst/s   %ifutil
10:56:33         ens5    112.00    128.00     45.16     11.33      0.00      0.00      0.00      0.00

10:56:33        IFACE   rxpck/s   txpck/s    rxkB/s    txkB/s   rxcmp/s   txcmp/s  rxmcst/s   %ifutil
10:56:34         ens5    111.00    127.00     44.33     11.26      0.00      0.00      0.00      0.00

10:56:34        IFACE   rxpck/s   txpck/s    rxkB/s    txkB/s   rxcmp/s   txcmp/s  rxmcst/s   %ifutil
10:56:35         ens5    113.00    129.00     45.21     11.39      0.00      0.00      0.00      0.00

10:56:35        IFACE   rxpck/s   txpck/s    rxkB/s    txkB/s   rxcmp/s   txcmp/s  rxmcst/s   %ifutil
10:56:36         ens5    112.00    128.00     45.16     11.33      0.00      0.00      0.00      0.00

10:56:36        IFACE   rxpck/s   txpck/s    rxkB/s    txkB/s   rxcmp/s   txcmp/s  rxmcst/s   %ifutil
10:56:37         ens5    112.00    128.00     45.16     11.33      0.00      0.00      0.00      0.00

10:56:37        IFACE   rxpck/s   txpck/s    rxkB/s    txkB/s   rxcmp/s   txcmp/s  rxmcst/s   %ifutil
10:56:38         ens5    112.00    128.00     45.16     11.33      0.00      0.00      0.00      0.00

10:56:38        IFACE   rxpck/s   txpck/s    rxkB/s    txkB/s   rxcmp/s   txcmp/s  rxmcst/s   %ifutil
10:56:39         ens5    113.00    129.00     45.23     11.42      0.00      0.00      0.00      0.00

10:56:39        IFACE   rxpck/s   txpck/s    rxkB/s    txkB/s   rxcmp/s   txcmp/s  rxmcst/s   %ifutil
10:56:40         ens5    112.00    128.00     45.16     11.33      0.00      0.00      0.00      0.00

10:56:40        IFACE   rxpck/s   txpck/s    rxkB/s    txkB/s   rxcmp/s   txcmp/s  rxmcst/s   %ifutil
10:56:41         ens5    113.00    129.00     45.20     11.38      0.00      0.00      0.00      0.00

10:56:41        IFACE   rxpck/s   txpck/s    rxkB/s    txkB/s   rxcmp/s   txcmp/s  rxmcst/s   %ifutil
10:56:42         ens5    112.00    129.00     45.16     11.38      0.00      0.00      0.00      0.00

10:56:42        IFACE   rxpck/s   txpck/s    rxkB/s    txkB/s   rxcmp/s   txcmp/s  rxmcst/s   %ifutil
10:56:43         ens5    112.00    128.00     45.16     11.33      0.00      0.00      0.00      0.00

10:56:43        IFACE   rxpck/s   txpck/s    rxkB/s    txkB/s   rxcmp/s   txcmp/s  rxmcst/s   %ifutil
10:56:44         ens5    111.00    128.00     45.07     11.28      0.00      0.00      0.00      0.00

10:56:44        IFACE   rxpck/s   txpck/s    rxkB/s    txkB/s   rxcmp/s   txcmp/s  rxmcst/s   %ifutil
10:56:45         ens5    112.00    128.00     45.16     11.33      0.00      0.00      0.00      0.00

10:56:45        IFACE   rxpck/s   txpck/s    rxkB/s    txkB/s   rxcmp/s   txcmp/s  rxmcst/s   %ifutil
10:56:46         ens5    112.00    128.00     45.16     11.33      0.00      0.00      0.00      0.00

10:56:46        IFACE   rxpck/s   txpck/s    rxkB/s    txkB/s   rxcmp/s   txcmp/s  rxmcst/s   %ifutil
10:56:47         ens5    112.00    128.00     45.16     11.33      0.00      0.00      0.00      0.00

10:56:47        IFACE   rxpck/s   txpck/s    rxkB/s    txkB/s   rxcmp/s   txcmp/s  rxmcst/s   %ifutil
10:56:48         ens5    112.00    129.00     45.16     11.38      0.00      0.00      0.00      0.00

10:56:48        IFACE   rxpck/s   txpck/s    rxkB/s    txkB/s   rxcmp/s   txcmp/s  rxmcst/s   %ifutil
10:56:49         ens5    112.00    128.00     45.16     11.33      0.00      0.00      0.00      0.00

10:56:49        IFACE   rxpck/s   txpck/s    rxkB/s    txkB/s   rxcmp/s   txcmp/s  rxmcst/s   %ifutil
10:56:50         ens5    112.00    128.00     45.16     11.33      0.00      0.00      0.00      0.00

10:56:50        IFACE   rxpck/s   txpck/s    rxkB/s    txkB/s   rxcmp/s   txcmp/s  rxmcst/s   %ifutil
10:56:51         ens5    111.00    127.00     45.11     11.26      0.00      0.00      0.00      0.00

10:56:51        IFACE   rxpck/s   txpck/s    rxkB/s    txkB/s   rxcmp/s   txcmp/s  rxmcst/s   %ifutil
10:56:52         ens5    113.00    129.00     45.18     11.37      0.00      0.00      0.00      0.00

10:56:52        IFACE   rxpck/s   txpck/s    rxkB/s    txkB/s   rxcmp/s   txcmp/s  rxmcst/s   %ifutil
10:56:53         ens5    112.00    128.00     45.16     11.33      0.00      0.00      0.00      0.00

10:56:53        IFACE   rxpck/s   txpck/s    rxkB/s    txkB/s   rxcmp/s   txcmp/s  rxmcst/s   %ifutil
10:56:54         ens5    109.00    125.00     43.36     11.05      0.00      0.00      0.00      0.00

10:56:54        IFACE   rxpck/s   txpck/s    rxkB/s    txkB/s   rxcmp/s   txcmp/s  rxmcst/s   %ifutil
10:56:55         ens5    113.00    129.00     45.23     11.42      0.00      0.00      0.00      0.00

10:56:55        IFACE   rxpck/s   txpck/s    rxkB/s    txkB/s   rxcmp/s   txcmp/s  rxmcst/s   %ifutil
10:56:56         ens5    115.00    131.00     46.95     11.51      0.00      0.00      0.00      0.00

10:56:56        IFACE   rxpck/s   txpck/s    rxkB/s    txkB/s   rxcmp/s   txcmp/s  rxmcst/s   %ifutil
10:56:57         ens5    112.00    129.00     45.16     11.48      0.00      0.00      0.00      0.00

10:56:57        IFACE   rxpck/s   txpck/s    rxkB/s    txkB/s   rxcmp/s   txcmp/s  rxmcst/s   %ifutil
10:56:58         ens5    112.00    127.00     45.16     11.18      0.00      0.00      0.00      0.00

10:56:58        IFACE   rxpck/s   txpck/s    rxkB/s    txkB/s   rxcmp/s   txcmp/s  rxmcst/s   %ifutil
10:56:59         ens5    112.00    129.00     45.16     11.48      0.00      0.00      0.00      0.00

10:56:59        IFACE   rxpck/s   txpck/s    rxkB/s    txkB/s   rxcmp/s   txcmp/s  rxmcst/s   %ifutil
10:57:00         ens5    102.00    117.00     40.54     10.34      0.00      0.00      0.00      0.00

10:57:00        IFACE   rxpck/s   txpck/s    rxkB/s    txkB/s   rxcmp/s   txcmp/s  rxmcst/s   %ifutil
10:57:01         ens5    102.00    116.00     41.36     10.25      0.00      0.00      0.00      0.00

10:57:01        IFACE   rxpck/s   txpck/s    rxkB/s    txkB/s   rxcmp/s   txcmp/s  rxmcst/s   %ifutil
10:57:02         ens5    107.00    122.00     43.25     10.79      0.00      0.00      0.00      0.00

10:57:02        IFACE   rxpck/s   txpck/s    rxkB/s    txkB/s   rxcmp/s   txcmp/s  rxmcst/s   %ifutil
10:57:03         ens5    112.00    128.00     45.16     11.33      0.00      0.00      0.00      0.00

10:57:03        IFACE   rxpck/s   txpck/s    rxkB/s    txkB/s   rxcmp/s   txcmp/s  rxmcst/s   %ifutil
10:57:04         ens5    112.00    128.00     45.16     11.33      0.00      0.00      0.00      0.00

10:57:04        IFACE   rxpck/s   txpck/s    rxkB/s    txkB/s   rxcmp/s   txcmp/s  rxmcst/s   %ifutil
10:57:05         ens5    112.00    128.00     45.16     11.33      0.00      0.00      0.00      0.00

10:57:05        IFACE   rxpck/s   txpck/s    rxkB/s    txkB/s   rxcmp/s   txcmp/s  rxmcst/s   %ifutil
10:57:06         ens5    111.00    127.00     44.33     11.26      0.00      0.00      0.00      0.00

10:57:06        IFACE   rxpck/s   txpck/s    rxkB/s    txkB/s   rxcmp/s   txcmp/s  rxmcst/s   %ifutil
10:57:07         ens5    112.00    127.00     45.16     11.23      0.00      0.00      0.00      0.00

10:57:07        IFACE   rxpck/s   txpck/s    rxkB/s    txkB/s   rxcmp/s   txcmp/s  rxmcst/s   %ifutil
10:57:08         ens5    111.00    128.00     45.07     11.33      0.00      0.00      0.00      0.00

10:57:08        IFACE   rxpck/s   txpck/s    rxkB/s    txkB/s   rxcmp/s   txcmp/s  rxmcst/s   %ifutil
10:57:09         ens5    105.00    120.00     42.33     10.62      0.00      0.00      0.00      0.00

10:57:09        IFACE   rxpck/s   txpck/s    rxkB/s    txkB/s   rxcmp/s   txcmp/s  rxmcst/s   %ifutil
10:57:10         ens5      0.00      0.00      0.00      0.00      0.00      0.00      0.00      0.00

10:57:10        IFACE   rxpck/s   txpck/s    rxkB/s    txkB/s   rxcmp/s   txcmp/s  rxmcst/s   %ifutil
10:57:11         ens5      0.00      0.00      0.00      0.00      0.00      0.00      0.00      0.00

10:57:11        IFACE   rxpck/s   txpck/s    rxkB/s    txkB/s   rxcmp/s   txcmp/s  rxmcst/s   %ifutil
10:57:12         ens5      1.00      2.00      0.07      0.14      0.00      0.00      0.00      0.00


Average:        IFACE   rxpck/s   txpck/s    rxkB/s    txkB/s   rxcmp/s   txcmp/s  rxmcst/s   %ifutil
Average:         ens5     83.62     95.49     33.52      8.45      0.00      0.00      0.00      0.00
