Linux 7.0.0-1010-aws (ip-172-31-20-134) 	08/11/26 	_x86_64_	(2 CPU)

17:09:26        CPU     %user     %nice   %system   %iowait    %steal     %idle
17:09:27        all      2.01      0.00      1.01      0.00      0.00     96.98
17:09:28        all      0.00      0.00      0.50      0.00      0.00     99.50
17:09:29        all      6.06      0.00      1.01      0.00      0.00     92.93
17:09:30        all      0.00      0.00      0.00      0.00      0.00    100.00
17:09:31        all      0.00      0.00      0.00      0.00      0.00    100.00
17:09:32        all      0.50      0.00      0.00      0.00      0.00     99.50
17:09:33        all      0.50      0.00      0.50      0.00      0.00     99.00
17:09:34        all      0.50      0.00      0.50      0.00      0.00     98.99
17:09:35        all      0.00      0.00      0.00      0.00      0.00    100.00
17:09:36        all      1.00      0.00      0.00      0.00      0.50     98.51
17:09:37        all      1.01      0.00      0.00      0.00      0.00     98.99
17:09:38        all     34.69      0.00      5.61      0.00      0.00     59.69
17:09:39        all     71.07      0.00      8.12      0.00      0.00     20.81
17:09:40        all     28.93      0.00      2.54      0.00      0.51     68.02
17:09:41        all      0.50      0.00      0.00      0.00      0.00     99.50
17:09:42        all      0.00      0.00      0.00      0.00      0.00    100.00
17:09:43        all      0.50      0.00      0.00      0.00      0.00     99.50
17:09:44        all      5.05      0.00      1.01      0.00      0.00     93.94
17:09:45        all      0.00      0.00      0.00      0.00      0.00    100.00
17:09:46        all      0.50      0.00      0.00      0.00      0.00     99.50
17:09:47        all      0.00      0.00      0.00      0.00      0.00    100.00
17:09:48        all      0.00      0.00      0.50      0.00      0.00     99.50
17:09:49        all      1.00      0.00      0.50      0.00      0.00     98.51
17:09:50        all      0.00      0.00      0.00      0.00      0.00    100.00
17:09:51        all      0.00      0.00      0.00      0.00      0.50     99.50

Average:        all      6.10      0.00      0.87      0.00      0.06     92.98
