Linux 7.0.0-1010-aws (ip-172-31-20-134) 	08/11/26 	_x86_64_	(2 CPU)

17:09:26    kbmemfree   kbavail kbmemused  %memused kbbuffers  kbcached  kbcommit   %commit  kbactive   kbinact   kbdirty
17:09:27       103852   1313740    380100     19.48     31784   1289668   1478448     75.78    995864    595100      1940
17:09:28       103852   1313740    380100     19.48     31784   1289668   1478448     75.78    995956    595100      1804
17:09:29       103852   1313740    380100     19.48     31784   1289668   1478448     75.78    995964    595100       292
17:09:30       103852   1313748    380092     19.48     31784   1289676   1478448     75.78    995972    595108       216
17:09:31       103852   1313748    380092     19.48     31784   1289676   1478448     75.78    995972    595108       216
17:09:32       103852   1313748    380088     19.48     31784   1289680   1478448     75.78    995972    595108       220
17:09:33       103852   1313748    380088     19.48     31784   1289680   1478448     75.78    996812    595108       220
17:09:34       103852   1313752    380088     19.48     31784   1289680   1479716     75.85    998076    595112       220
17:09:35       103852   1313752    380056     19.48     31784   1289712   1479716     75.85    998076    595112       252
17:09:36       103852   1313752    380056     19.48     31784   1289712   1479716     75.85    998076    595112       252
17:09:37       103852   1313788    380052     19.48     31784   1289716   1479864     75.86    999248    595148       256
17:09:38       100324   1310524    383304     19.65     31784   1289992   1569584     80.45   1008040    595412       532
17:09:39        98308   1309140    384656     19.72     31784   1290608   1628248     83.46   1008236    596032      1148
17:09:40        98308   1309456    384240     19.70     31784   1291008   1628384     83.47   1008504    596344      1548
17:09:41        98308   1309540    384120     19.69     31784   1291120   1628384     83.47   1008584    596424      1660
17:09:42        98308   1309540    384120     19.69     31784   1291120   1628384     83.47   1008584    596424      1660
17:09:43        98308   1309540    384120     19.69     31784   1291120   1628384     83.47   1008584    596424      1660
17:09:44        98308   1309668    384112     19.69     31784   1291128   1628384     83.47   1008544    596552      1668
17:09:45        98308   1309668    384112     19.69     31784   1291128   1628384     83.47   1008544    596552      1668
17:09:46        98308   1309668    384112     19.69     31784   1291128   1628384     83.47   1008544    596552      1668
17:09:47        98308   1309668    384104     19.69     31784   1291136   1628384     83.47   1008544    596552      1676
17:09:48        98308   1309668    384104     19.69     31784   1291136   1628384     83.47   1009132    596552      1676
17:09:49        98308   1309668    384104     19.69     31784   1291136   1628384     83.47   1009164    596552      1676
17:09:50        98308   1309684    384104     19.69     31784   1291136   1628384     83.47   1009164    596568      1632
17:09:51        98308   1309684    384104     19.69     31784   1291136   1628384     83.47   1009164    596568      1632

Average:       100828   1311455    382333     19.60     31784   1290423   1560264     79.98   1003493    595829      1096
