Linux 7.0.0-1010-aws (ip-172-31-20-134) 	08/11/26 	_x86_64_	(2 CPU)

17:09:26        IFACE   rxpck/s   txpck/s    rxkB/s    txkB/s   rxcmp/s   txcmp/s  rxmcst/s   %ifutil
17:09:27         ens5     52.00     45.00      4.33      5.01      0.00      0.00      0.00      0.00

17:09:27        IFACE   rxpck/s   txpck/s    rxkB/s    txkB/s   rxcmp/s   txcmp/s  rxmcst/s   %ifutil
17:09:28         ens5     46.00     39.00      4.06      4.24      0.00      0.00      0.00      0.00

17:09:28        IFACE   rxpck/s   txpck/s    rxkB/s    txkB/s   rxcmp/s   txcmp/s  rxmcst/s   %ifutil
17:09:29         ens5     41.00     35.00      3.59      3.80      0.00      0.00      0.00      0.00

17:09:29        IFACE   rxpck/s   txpck/s    rxkB/s    txkB/s   rxcmp/s   txcmp/s  rxmcst/s   %ifutil
17:09:30         ens5      3.00      2.00      0.18      0.12      0.00      0.00      0.00      0.00

17:09:30        IFACE   rxpck/s   txpck/s    rxkB/s    txkB/s   rxcmp/s   txcmp/s  rxmcst/s   %ifutil
17:09:31         ens5      0.00      0.00      0.00      0.00      0.00      0.00      0.00      0.00

17:09:31        IFACE   rxpck/s   txpck/s    rxkB/s    txkB/s   rxcmp/s   txcmp/s  rxmcst/s   %ifutil
17:09:32         ens5      0.00      0.00      0.00      0.00      0.00      0.00      0.00      0.00

17:09:32        IFACE   rxpck/s   txpck/s    rxkB/s    txkB/s   rxcmp/s   txcmp/s  rxmcst/s   %ifutil
17:09:33         ens5      0.00      0.00      0.00      0.00      0.00      0.00      0.00      0.00

17:09:33        IFACE   rxpck/s   txpck/s    rxkB/s    txkB/s   rxcmp/s   txcmp/s  rxmcst/s   %ifutil
17:09:34         ens5     40.00     44.00     27.66      3.25      0.00      0.00      0.00      0.00

17:09:34        IFACE   rxpck/s   txpck/s    rxkB/s    txkB/s   rxcmp/s   txcmp/s  rxmcst/s   %ifutil
17:09:35         ens5      1.00      1.00      0.07      0.09      0.00      0.00      0.00      0.00

17:09:35        IFACE   rxpck/s   txpck/s    rxkB/s    txkB/s   rxcmp/s   txcmp/s  rxmcst/s   %ifutil
17:09:36         ens5      0.00      0.00      0.00      0.00      0.00      0.00      0.00      0.00

17:09:36        IFACE   rxpck/s   txpck/s    rxkB/s    txkB/s   rxcmp/s   txcmp/s  rxmcst/s   %ifutil
17:09:37         ens5     18.00     18.00     11.18      1.60      0.00      0.00      0.00      0.00

17:09:37        IFACE   rxpck/s   txpck/s    rxkB/s    txkB/s   rxcmp/s   txcmp/s  rxmcst/s   %ifutil
17:09:38         ens5    413.00    415.00    252.10     36.96      0.00      0.00      0.00      0.00

17:09:38        IFACE   rxpck/s   txpck/s    rxkB/s    txkB/s   rxcmp/s   txcmp/s  rxmcst/s   %ifutil
17:09:39         ens5    859.00    861.00    536.10     76.19      0.00      0.00      0.00      0.00

17:09:39        IFACE   rxpck/s   txpck/s    rxkB/s    txkB/s   rxcmp/s   txcmp/s  rxmcst/s   %ifutil
17:09:40         ens5    348.00    351.00    217.62     31.09      0.00      0.00      0.00      0.00

17:09:40        IFACE   rxpck/s   txpck/s    rxkB/s    txkB/s   rxcmp/s   txcmp/s  rxmcst/s   %ifutil
17:09:41         ens5      0.00      0.00      0.00      0.00      0.00      0.00      0.00      0.00

17:09:41        IFACE   rxpck/s   txpck/s    rxkB/s    txkB/s   rxcmp/s   txcmp/s  rxmcst/s   %ifutil
17:09:42         ens5      0.00      0.00      0.00      0.00      0.00      0.00      0.00      0.00

17:09:42        IFACE   rxpck/s   txpck/s    rxkB/s    txkB/s   rxcmp/s   txcmp/s  rxmcst/s   %ifutil
17:09:43         ens5      0.00      0.00      0.00      0.00      0.00      0.00      0.00      0.00

17:09:43        IFACE   rxpck/s   txpck/s    rxkB/s    txkB/s   rxcmp/s   txcmp/s  rxmcst/s   %ifutil
17:09:44         ens5      0.00      0.00      0.00      0.00      0.00      0.00      0.00      0.00

17:09:44        IFACE   rxpck/s   txpck/s    rxkB/s    txkB/s   rxcmp/s   txcmp/s  rxmcst/s   %ifutil
17:09:45         ens5      0.00      0.00      0.00      0.00      0.00      0.00      0.00      0.00

17:09:45        IFACE   rxpck/s   txpck/s    rxkB/s    txkB/s   rxcmp/s   txcmp/s  rxmcst/s   %ifutil
17:09:46         ens5      0.00      0.00      0.00      0.00      0.00      0.00      0.00      0.00

17:09:46        IFACE   rxpck/s   txpck/s    rxkB/s    txkB/s   rxcmp/s   txcmp/s  rxmcst/s   %ifutil
17:09:47         ens5      0.00      0.00      0.00      0.00      0.00      0.00      0.00      0.00

17:09:47        IFACE   rxpck/s   txpck/s    rxkB/s    txkB/s   rxcmp/s   txcmp/s  rxmcst/s   %ifutil
17:09:48         ens5      0.00      0.00      0.00      0.00      0.00      0.00      0.00      0.00

17:09:48        IFACE   rxpck/s   txpck/s    rxkB/s    txkB/s   rxcmp/s   txcmp/s  rxmcst/s   %ifutil
17:09:49         ens5      0.00      0.00      0.00      0.00      0.00      0.00      0.00      0.00

17:09:49        IFACE   rxpck/s   txpck/s    rxkB/s    txkB/s   rxcmp/s   txcmp/s  rxmcst/s   %ifutil
17:09:50         ens5      0.00      0.00      0.00      0.00      0.00      0.00      0.00      0.00

17:09:50        IFACE   rxpck/s   txpck/s    rxkB/s    txkB/s   rxcmp/s   txcmp/s  rxmcst/s   %ifutil
17:09:51         ens5      1.00      1.00      0.07      0.09      0.00      0.00      0.00      0.00


Average:        IFACE   rxpck/s   txpck/s    rxkB/s    txkB/s   rxcmp/s   txcmp/s  rxmcst/s   %ifutil
Average:         ens5     72.88     72.48     42.28      6.50      0.00      0.00      0.00      0.00
