Linux 7.0.0-1010-aws (ip-172-31-31-224) 	08/11/26 	_x86_64_	(2 CPU)

07:13:10        CPU     %user     %nice   %system   %iowait    %steal     %idle
07:13:11        all     51.27      0.00      4.06      0.00      0.51     44.16
07:13:12        all     49.00      0.00      4.50      0.00      1.00     45.50
07:13:13        all     49.49      0.00      2.53      0.00      1.01     46.97
07:13:14        all     56.06      0.00      5.56      0.00      0.51     37.88
07:13:15        all     48.00      0.00      4.00      0.00      1.50     46.50
07:13:16        all     45.73      0.00      3.52      0.00      2.01     48.74
07:13:17        all     51.26      0.00      3.02      0.00      0.00     45.73
07:13:18        all     49.24      0.00      3.55      0.00      2.03     45.18
07:13:19        all      9.90      0.00      0.99      0.00      0.99     88.12
07:13:20        all      0.00      0.00      0.00      0.00      0.00    100.00
07:13:21        all      0.50      0.00      0.00      0.00      1.00     98.50
07:13:22        all      0.00      0.00      0.00      0.00      0.00    100.00
07:13:23        all      0.00      0.00      0.00      0.00      0.00    100.00
07:13:24        all      0.50      0.00      0.50      0.00      0.00     99.00
07:13:25        all      0.50      0.00      0.50      0.00      0.00     99.00
07:13:26        all      1.01      0.00      1.01      0.00      1.01     96.98
07:13:27        all      1.53      0.00      1.53      0.00      1.02     95.92
07:13:28        all      1.01      0.00      1.52      0.00      0.51     96.97
07:13:29        all      5.03      0.00      1.51      0.00      0.50     92.96
07:13:30        all      0.00      0.00      0.00      0.00      1.01     98.99
07:13:31        all      0.99      0.00      0.50      0.00      0.50     98.02
07:13:32        all      0.00      0.00      0.00      0.00      0.00    100.00
07:13:33        all      0.50      0.00      0.50      0.00      0.00     99.00
07:13:34        all      0.00      0.00      0.00      0.00      0.00    100.00

Average:        all     17.53      0.00      1.63      0.00      0.63     80.21
