Linux 7.0.0-1008-aws (ip-172-31-31-224) 	08/07/26 	_x86_64_	(2 CPU)

07:36:17        IFACE   rxpck/s   txpck/s    rxkB/s    txkB/s   rxcmp/s   txcmp/s  rxmcst/s   %ifutil
07:36:18         ens5     43.00     40.00      3.98      5.75      0.00      0.00      0.00      0.00

07:36:18        IFACE   rxpck/s   txpck/s    rxkB/s    txkB/s   rxcmp/s   txcmp/s  rxmcst/s   %ifutil
07:36:19         ens5     45.00     37.00      4.14      5.01      0.00      0.00      0.00      0.00

07:36:19        IFACE   rxpck/s   txpck/s    rxkB/s    txkB/s   rxcmp/s   txcmp/s  rxmcst/s   %ifutil
07:36:20         ens5     30.00     25.00      2.44      3.99      0.00      0.00      0.00      0.00

07:36:20        IFACE   rxpck/s   txpck/s    rxkB/s    txkB/s   rxcmp/s   txcmp/s  rxmcst/s   %ifutil
07:36:21         ens5      7.00      7.00      0.36      1.52      0.00      0.00      0.00      0.00

07:36:21        IFACE   rxpck/s   txpck/s    rxkB/s    txkB/s   rxcmp/s   txcmp/s  rxmcst/s   %ifutil
07:36:22         ens5      3.00      3.00      0.15      0.66      0.00      0.00      0.00      0.00

07:36:22        IFACE   rxpck/s   txpck/s    rxkB/s    txkB/s   rxcmp/s   txcmp/s  rxmcst/s   %ifutil
07:36:23         ens5     12.00     12.00      0.61      2.40      0.00      0.00      0.00      0.00

07:36:23        IFACE   rxpck/s   txpck/s    rxkB/s    txkB/s   rxcmp/s   txcmp/s  rxmcst/s   %ifutil
07:36:24         ens5      5.00      5.00      0.25      1.10      0.00      0.00      0.00      0.00

07:36:24        IFACE   rxpck/s   txpck/s    rxkB/s    txkB/s   rxcmp/s   txcmp/s  rxmcst/s   %ifutil
07:36:25         ens5      5.00      5.00      0.25      1.05      0.00      0.00      0.00      0.00

07:36:25        IFACE   rxpck/s   txpck/s    rxkB/s    txkB/s   rxcmp/s   txcmp/s  rxmcst/s   %ifutil
07:36:26         ens5     86.00     89.00     49.81     50.41      0.00      0.00      0.00      0.00

07:36:26        IFACE   rxpck/s   txpck/s    rxkB/s    txkB/s   rxcmp/s   txcmp/s  rxmcst/s   %ifutil
07:36:27         ens5    174.00    178.00    103.32     96.91      0.00      0.00      0.00      0.00

07:36:27        IFACE   rxpck/s   txpck/s    rxkB/s    txkB/s   rxcmp/s   txcmp/s  rxmcst/s   %ifutil
07:36:28         ens5    175.00    176.00    104.10     96.28      0.00      0.00      0.00      0.00

07:36:28        IFACE   rxpck/s   txpck/s    rxkB/s    txkB/s   rxcmp/s   txcmp/s  rxmcst/s   %ifutil
07:36:29         ens5    155.00    171.00    100.44     92.67      0.00      0.00      0.00      0.00

07:36:29        IFACE   rxpck/s   txpck/s    rxkB/s    txkB/s   rxcmp/s   txcmp/s  rxmcst/s   %ifutil
07:36:30         ens5    152.00    177.00    103.23     96.62      0.00      0.00      0.00      0.00

07:36:30        IFACE   rxpck/s   txpck/s    rxkB/s    txkB/s   rxcmp/s   txcmp/s  rxmcst/s   %ifutil
07:36:31         ens5    151.00    178.00    103.35     97.03      0.00      0.00      0.00      0.00

07:36:31        IFACE   rxpck/s   txpck/s    rxkB/s    txkB/s   rxcmp/s   txcmp/s  rxmcst/s   %ifutil
07:36:32         ens5    150.00    176.00    102.43     96.38      0.00      0.00      0.00      0.00

07:36:32        IFACE   rxpck/s   txpck/s    rxkB/s    txkB/s   rxcmp/s   txcmp/s  rxmcst/s   %ifutil
07:36:33         ens5    149.00    176.00    102.40     96.10      0.00      0.00      0.00      0.00

07:36:33        IFACE   rxpck/s   txpck/s    rxkB/s    txkB/s   rxcmp/s   txcmp/s  rxmcst/s   %ifutil
07:36:34         ens5    150.00    175.00    102.54     95.96      0.00      0.00      0.00      0.00

07:36:34        IFACE   rxpck/s   txpck/s    rxkB/s    txkB/s   rxcmp/s   txcmp/s  rxmcst/s   %ifutil
07:36:35         ens5    152.00    176.00    102.64     96.07      0.00      0.00      0.00      0.00

07:36:35        IFACE   rxpck/s   txpck/s    rxkB/s    txkB/s   rxcmp/s   txcmp/s  rxmcst/s   %ifutil
07:36:36         ens5    151.00    175.00    102.91     96.28      0.00      0.00      0.00      0.00

07:36:36        IFACE   rxpck/s   txpck/s    rxkB/s    txkB/s   rxcmp/s   txcmp/s  rxmcst/s   %ifutil
07:36:37         ens5    150.00    175.00    102.44     95.99      0.00      0.00      0.00      0.00

07:36:37        IFACE   rxpck/s   txpck/s    rxkB/s    txkB/s   rxcmp/s   txcmp/s  rxmcst/s   %ifutil
07:36:38         ens5    151.00    177.00    102.80     96.43      0.00      0.00      0.00      0.00

07:36:38        IFACE   rxpck/s   txpck/s    rxkB/s    txkB/s   rxcmp/s   txcmp/s  rxmcst/s   %ifutil
07:36:39         ens5    151.00    176.00    102.93     96.38      0.00      0.00      0.00      0.00

07:36:39        IFACE   rxpck/s   txpck/s    rxkB/s    txkB/s   rxcmp/s   txcmp/s  rxmcst/s   %ifutil
07:36:40         ens5    151.00    175.00    102.55     95.97      0.00      0.00      0.00      0.00

07:36:40        IFACE   rxpck/s   txpck/s    rxkB/s    txkB/s   rxcmp/s   txcmp/s  rxmcst/s   %ifutil
07:36:41         ens5    151.00    177.00    103.15     96.72      0.00      0.00      0.00      0.00

07:36:41        IFACE   rxpck/s   txpck/s    rxkB/s    txkB/s   rxcmp/s   txcmp/s  rxmcst/s   %ifutil
07:36:42         ens5    151.00    177.00    102.93     96.50      0.00      0.00      0.00      0.00

07:36:42        IFACE   rxpck/s   txpck/s    rxkB/s    txkB/s   rxcmp/s   txcmp/s  rxmcst/s   %ifutil
07:36:43         ens5    150.00    174.00    102.51     95.91      0.00      0.00      0.00      0.00

07:36:43        IFACE   rxpck/s   txpck/s    rxkB/s    txkB/s   rxcmp/s   txcmp/s  rxmcst/s   %ifutil
07:36:44         ens5    152.00    176.00    103.18     96.64      0.00      0.00      0.00      0.00

07:36:44        IFACE   rxpck/s   txpck/s    rxkB/s    txkB/s   rxcmp/s   txcmp/s  rxmcst/s   %ifutil
07:36:45         ens5    152.00    178.00    102.64     97.24      0.00      0.00      0.00      0.00

07:36:45        IFACE   rxpck/s   txpck/s    rxkB/s    txkB/s   rxcmp/s   txcmp/s  rxmcst/s   %ifutil
07:36:46         ens5    153.00    178.00    103.33     97.05      0.00      0.00      0.00      0.00

07:36:46        IFACE   rxpck/s   txpck/s    rxkB/s    txkB/s   rxcmp/s   txcmp/s  rxmcst/s   %ifutil
07:36:47         ens5    149.00    174.00    102.45     95.87      0.00      0.00      0.00      0.00

07:36:47        IFACE   rxpck/s   txpck/s    rxkB/s    txkB/s   rxcmp/s   txcmp/s  rxmcst/s   %ifutil
07:36:48         ens5    152.00    178.00    103.29     97.10      0.00      0.00      0.00      0.00

07:36:48        IFACE   rxpck/s   txpck/s    rxkB/s    txkB/s   rxcmp/s   txcmp/s  rxmcst/s   %ifutil
07:36:49         ens5    148.00    171.00    100.21     93.02      0.00      0.00      0.00      0.00

07:36:49        IFACE   rxpck/s   txpck/s    rxkB/s    txkB/s   rxcmp/s   txcmp/s  rxmcst/s   %ifutil
07:36:50         ens5    152.00    179.00    102.92     97.42      0.00      0.00      0.00      0.00

07:36:50        IFACE   rxpck/s   txpck/s    rxkB/s    txkB/s   rxcmp/s   txcmp/s  rxmcst/s   %ifutil
07:36:51         ens5    152.00    176.00    102.72     96.43      0.00      0.00      0.00      0.00

07:36:51        IFACE   rxpck/s   txpck/s    rxkB/s    txkB/s   rxcmp/s   txcmp/s  rxmcst/s   %ifutil
07:36:52         ens5    150.00    177.00    103.06     96.91      0.00      0.00      0.00      0.00

07:36:52        IFACE   rxpck/s   txpck/s    rxkB/s    txkB/s   rxcmp/s   txcmp/s  rxmcst/s   %ifutil
07:36:53         ens5    152.00    179.00    103.00     97.17      0.00      0.00      0.00      0.00

07:36:53        IFACE   rxpck/s   txpck/s    rxkB/s    txkB/s   rxcmp/s   txcmp/s  rxmcst/s   %ifutil
07:36:54         ens5    148.00    177.00    101.22     96.64      0.00      0.00      0.00      0.00

07:36:54        IFACE   rxpck/s   txpck/s    rxkB/s    txkB/s   rxcmp/s   txcmp/s  rxmcst/s   %ifutil
07:36:55         ens5    150.00    168.00    102.54     92.24      0.00      0.00      0.00      0.00

07:36:55        IFACE   rxpck/s   txpck/s    rxkB/s    txkB/s   rxcmp/s   txcmp/s  rxmcst/s   %ifutil
07:36:56         ens5    146.00    175.00     99.74     96.01      0.00      0.00      0.00      0.00

07:36:56        IFACE   rxpck/s   txpck/s    rxkB/s    txkB/s   rxcmp/s   txcmp/s  rxmcst/s   %ifutil
07:36:57         ens5    160.00    177.00    103.61     96.75      0.00      0.00      0.00      0.00

07:36:57        IFACE   rxpck/s   txpck/s    rxkB/s    txkB/s   rxcmp/s   txcmp/s  rxmcst/s   %ifutil
07:36:58         ens5    177.00    176.00    104.23     96.33      0.00      0.00      0.00      0.00

07:36:58        IFACE   rxpck/s   txpck/s    rxkB/s    txkB/s   rxcmp/s   txcmp/s  rxmcst/s   %ifutil
07:36:59         ens5    177.00    177.00    104.45     96.70      0.00      0.00      0.00      0.00

07:36:59        IFACE   rxpck/s   txpck/s    rxkB/s    txkB/s   rxcmp/s   txcmp/s  rxmcst/s   %ifutil
07:37:00         ens5    163.00    163.00     96.23     89.05      0.00      0.00      0.00      0.00

07:37:00        IFACE   rxpck/s   txpck/s    rxkB/s    txkB/s   rxcmp/s   txcmp/s  rxmcst/s   %ifutil
07:37:01         ens5    151.00    162.00     94.94     88.67      0.00      0.00      0.00      0.00

07:37:01        IFACE   rxpck/s   txpck/s    rxkB/s    txkB/s   rxcmp/s   txcmp/s  rxmcst/s   %ifutil
07:37:02         ens5    148.00    147.00     87.54     80.92      0.00      0.00      0.00      0.00

07:37:02        IFACE   rxpck/s   txpck/s    rxkB/s    txkB/s   rxcmp/s   txcmp/s  rxmcst/s   %ifutil
07:37:03         ens5    175.00    175.00    103.80     96.00      0.00      0.00      0.00      0.00

07:37:03        IFACE   rxpck/s   txpck/s    rxkB/s    txkB/s   rxcmp/s   txcmp/s  rxmcst/s   %ifutil
07:37:04         ens5    176.00    177.00    104.42     96.73      0.00      0.00      0.00      0.00

07:37:04        IFACE   rxpck/s   txpck/s    rxkB/s    txkB/s   rxcmp/s   txcmp/s  rxmcst/s   %ifutil
07:37:05         ens5    175.00    176.00    103.96     96.34      0.00      0.00      0.00      0.00

07:37:05        IFACE   rxpck/s   txpck/s    rxkB/s    txkB/s   rxcmp/s   txcmp/s  rxmcst/s   %ifutil
07:37:06         ens5    175.00    174.00    103.79     95.93      0.00      0.00      0.00      0.00

07:37:06        IFACE   rxpck/s   txpck/s    rxkB/s    txkB/s   rxcmp/s   txcmp/s  rxmcst/s   %ifutil
07:37:07         ens5      9.00      8.00      4.27      3.93      0.00      0.00      0.00      0.00


Average:        IFACE   rxpck/s   txpck/s    rxkB/s    txkB/s   rxcmp/s   txcmp/s  rxmcst/s   %ifutil
Average:         ens5    129.84    144.20     83.00     77.86      0.00      0.00      0.00      0.00
