Linux 7.0.0-1008-aws (ip-172-31-31-224) 	08/07/26 	_x86_64_	(2 CPU)

06:14:32        CPU     %user     %nice   %system   %iowait    %steal     %idle
06:14:33        all     52.00      0.00      5.00      0.00      0.00     43.00
06:14:34        all     49.75      0.00      4.02      0.00      0.00     46.23
06:14:35        all     50.75      0.00      3.02      0.00      0.00     46.23
06:14:36        all     49.25      0.00      5.47      0.00      0.00     45.27
06:14:37        all     55.05      0.00      3.03      0.00      0.00     41.92
06:14:38        all     46.73      0.00      3.52      0.00      0.00     49.75
06:14:39        all     51.26      0.00      3.02      0.00      0.00     45.73
06:14:40        all     33.00      0.00      3.50      0.00      0.00     63.50
06:14:41        all      0.00      0.00      0.00      0.00      0.00    100.00
06:14:42        all      1.00      0.00      1.00      0.00      0.00     98.01
06:14:43        all      1.01      0.00      0.51      0.00      0.51     97.98
06:14:44        all      1.52      0.00      1.02      0.00      0.00     97.46
06:14:45        all      2.00      0.00      1.00      0.00      0.00     97.00
06:14:46        all      1.52      0.00      1.02      0.00      0.00     97.46
06:14:47        all      2.01      0.00      0.50      1.01      0.00     96.48
06:14:48        all      2.02      0.00      0.51      0.00      0.00     97.47
06:14:49        all      1.02      0.00      1.02      0.00      0.00     97.97
06:14:50        all      2.01      0.00      1.01      0.00      0.00     96.98
06:14:51        all      2.01      0.00      1.01      0.00      0.00     96.98
06:14:52        all      2.01      0.00      0.50      0.00      0.00     97.49
06:14:53        all      1.52      0.00      0.51      0.00      0.00     97.97
06:14:54        all      2.00      0.00      1.50      0.00      0.00     96.50
06:14:55        all      2.03      0.00      0.00      0.00      0.00     97.97
06:14:56        all      1.52      0.00      1.02      0.00      0.00     97.46
06:14:57        all      2.02      0.00      0.00      0.00      0.00     97.98
06:14:58        all      2.01      0.00      1.51      0.00      0.00     96.48
06:14:59        all      2.01      0.00      0.50      0.00      0.00     97.49
06:15:00        all      1.52      0.00      1.02      0.00      0.00     97.46
06:15:01        all      1.01      0.00      1.51      0.00      0.00     97.49
06:15:02        all      1.99      0.00      0.50      0.00      0.50     97.01
06:15:03        all      2.03      0.00      0.00      0.00      0.00     97.97
06:15:04        all      1.02      0.00      1.02      0.00      0.00     97.97
06:15:05        all      1.52      0.00      1.01      0.00      0.00     97.47
06:15:06        all      2.01      0.00      1.01      0.00      0.00     96.98
06:15:07        all      2.01      0.00      0.50      0.00      0.00     97.49
06:15:08        all      1.52      0.00      1.52      0.00      0.00     96.97
06:15:09        all      2.00      0.00      1.00      0.00      0.00     97.00
06:15:10        all      2.02      0.00      1.01      0.00      0.00     96.97
06:15:11        all      1.53      0.00      0.00      0.00      0.00     98.47
06:15:12        all      2.01      0.00      1.01      0.00      0.00     96.98
06:15:13        all      1.02      0.00      1.02      0.00      0.00     97.97
06:15:14        all      2.01      0.00      1.01      0.00      0.00     96.98
06:15:15        all      1.52      0.00      1.01      0.00      0.00     97.47
06:15:16        all      1.50      0.00      1.00      0.00      0.50     97.00
06:15:17        all      2.05      0.00      0.00      0.00      0.00     97.95
06:15:18        all      1.51      0.00      1.51      0.00      0.00     96.98
06:15:19        all      2.02      0.00      1.01      0.00      0.00     96.97
06:15:20        all      1.02      0.00      0.51      0.00      0.00     98.48
06:15:21        all      2.01      0.00      1.01      0.00      0.00     96.98
06:15:22        all      2.01      0.00      1.01      0.00      0.00     96.98
06:15:23        all      2.01      0.00      1.01      0.00      0.00     96.98
06:15:24        all      1.52      0.00      1.01      0.00      0.00     97.47
06:15:25        all      2.01      0.00      1.01      0.00      0.00     96.98
06:15:26        all      1.52      0.00      1.01      0.00      0.00     97.47
06:15:27        all      1.53      0.00      0.00      0.00      0.00     98.47
06:15:28        all      2.01      0.00      1.01      0.00      0.50     96.48
06:15:29        all      1.02      0.00      1.02      0.00      0.00     97.97
06:15:30        all      2.02      0.00      0.00      0.00      0.00     97.98
06:15:31        all      2.02      0.00      1.01      0.00      0.00     96.97
06:15:32        all      2.02      0.00      1.01      0.00      0.00     96.97
06:15:33        all      1.52      0.00      1.01      0.00      0.00     97.47
06:15:34        all      2.01      0.00      1.01      0.00      0.00     96.98
06:15:35        all      2.03      0.00      0.51      0.00      0.00     97.46
06:15:36        all      1.52      0.00      1.52      0.00      0.00     96.97
06:15:37        all      1.52      0.00      0.51      0.00      0.00     97.98
06:15:38        all      0.00      0.00      0.00      0.00      0.00    100.00
06:15:39        all      0.00      0.00      0.50      0.00      0.00     99.50
06:15:40        all      0.50      0.00      0.00      0.00      0.00     99.50
06:15:41        all      0.00      0.00      0.00      0.00      0.00    100.00
06:15:42        all      0.50      0.00      0.00      0.00      0.00     99.50
06:15:43        all      0.00      0.00      0.50      0.00      0.50     99.00
06:15:44        all      0.50      0.00      0.00      0.00      0.00     99.50
06:15:45        all      0.00      0.00      0.50      0.00      0.00     99.50
06:15:46        all      0.00      0.00      0.00      0.00      0.00    100.00
06:15:47        all      0.50      0.00      0.00      0.50      0.00     98.99
06:15:48        all      0.00      0.00      0.50      0.00      0.00     99.50
06:15:49        all      1.00      0.00      0.00      0.00      0.00     99.00
06:15:50        all      0.00      0.00      1.00      0.00      0.00     99.00
06:15:51        all      0.00      0.00      0.00      0.00      0.00    100.00
06:15:52        all      0.00      0.00      0.00      0.00      0.00    100.00
06:15:53        all      0.50      0.00      0.00      0.00      0.00     99.50
06:15:54        all      0.00      0.00      0.50      0.00      0.00     99.50
06:15:55        all      0.50      0.00      0.00      0.00      0.50     99.00
06:15:56        all      0.00      0.00      0.50      0.00      0.00     99.50
06:15:57        all      0.50      0.00      0.50      0.00      0.00     99.00
06:15:58        all      0.00      0.00      0.00      0.00      0.00    100.00
06:15:59        all      0.00      0.00      0.00      0.00      0.00    100.00
06:16:00        all      0.50      0.00      0.00      0.00      0.00     99.50
06:16:01        all      0.50      0.00      0.00      0.00      0.00     99.50
06:16:02        all      0.00      0.00      0.00      0.00      0.00    100.00
06:16:03        all      0.00      0.00      0.50      0.00      0.00     99.50
06:16:04        all      0.00      0.00      0.00      0.00      0.00    100.00
06:16:05        all      0.00      0.00      0.50      0.00      0.00     99.50
06:16:06        all      0.00      0.00      0.00      0.00      0.00    100.00
06:16:07        all      0.00      0.00      0.00      0.00      0.00    100.00
06:16:08        all      1.00      0.00      0.00      0.00      0.00     99.00
06:16:09        all      0.00      0.00      0.00      0.00      0.00    100.00

Average:        all      5.07      0.00      0.86      0.02      0.03     94.03
