Linux 7.0.0-1008-aws (ip-172-31-20-134) 	08/07/26 	_x86_64_	(2 CPU)

16:53:51        CPU     %user     %nice   %system   %iowait    %steal     %idle
16:53:52        all      2.02      0.00      0.51      0.51      0.00     96.97
16:53:53        all      0.00      0.00      0.50      0.00      0.00     99.50
16:53:54        all      0.00      0.00      0.50      0.00      0.00     99.50
16:53:55        all      0.00      0.00      0.00      0.00      0.00    100.00
16:53:56        all      1.00      0.00      0.00      0.00      0.00     99.00
16:53:57        all      0.00      0.00      0.00      0.00      0.00    100.00
16:53:58        all      5.53      0.00      1.51      0.00      0.00     92.96
16:53:59        all     11.62      0.00      2.02      0.00      0.00     86.36
16:54:00        all      5.61      0.00      0.51      0.00      0.51     93.37
16:54:01        all      5.61      0.00      1.02      0.00      0.00     93.37
16:54:02        all      4.02      0.00      0.50      0.50      0.50     94.47
16:54:03        all      5.53      0.00      1.01      0.00      0.00     93.47
16:54:04        all      5.61      0.00      1.02      0.00      0.00     93.37
16:54:05        all      5.61      0.00      0.51      0.00      0.00     93.88
16:54:06        all      6.03      0.00      1.01      0.00      0.50     92.46
16:54:07        all      6.06      0.00      1.01      0.00      0.00     92.93
16:54:08        all      5.58      0.00      1.02      0.00      0.00     93.40
16:54:09        all      6.53      0.00      1.01      0.00      0.00     92.46
16:54:10        all      5.10      0.00      1.02      0.00      0.00     93.88
16:54:11        all      6.57      0.00      1.01      0.00      0.00     92.42
16:54:12        all      5.58      0.00      1.02      0.00      0.00     93.40
16:54:13        all      6.03      0.00      1.01      0.00      0.00     92.96
16:54:14        all     11.17      0.00      2.03      0.00      0.00     86.80
16:54:15        all      5.58      0.00      0.51      0.00      0.00     93.91
16:54:16        all      6.57      0.00      1.01      0.00      0.00     92.42
16:54:17        all      5.58      0.00      1.02      0.00      0.00     93.40
16:54:18        all      6.06      0.00      0.51      0.00      0.00     93.43
16:54:19        all      6.09      0.00      0.51      0.00      0.00     93.40
16:54:20        all      5.61      0.00      0.51      0.00      0.00     93.88
16:54:21        all      6.60      0.00      0.51      0.00      0.00     92.89
16:54:22        all      5.61      0.00      0.51      0.00      0.00     93.88
16:54:23        all      6.03      0.00      1.01      0.50      0.00     92.46
16:54:24        all      5.61      0.00      0.51      0.00      0.00     93.88
16:54:25        all      5.08      0.00      1.02      0.00      0.00     93.91
16:54:26        all      6.57      0.00      1.01      0.00      0.00     92.42
16:54:27        all      6.03      0.00      1.01      0.00      0.50     92.46
16:54:28        all      5.56      0.00      0.51      0.00      0.51     93.43
16:54:29        all     10.61      0.00      2.53      0.00      0.00     86.87
16:54:30        all      6.09      0.00      0.51      0.00      0.00     93.40
16:54:31        all      5.61      0.00      1.02      0.00      0.00     93.37
16:54:32        all      6.57      0.00      1.01      0.51      0.00     91.92
16:54:33        all      5.08      0.00      0.51      0.00      0.00     94.42
16:54:34        all      5.58      0.00      1.02      0.00      0.00     93.40
16:54:35        all      5.61      0.00      0.51      0.00      0.00     93.88
16:54:36        all      6.06      0.00      1.01      0.00      0.00     92.93
16:54:37        all      5.58      0.00      1.02      0.00      0.00     93.40
16:54:38        all      6.06      0.00      0.51      0.00      0.00     93.43
16:54:39        all      5.58      0.00      1.02      0.00      0.00     93.40
16:54:40        all      5.53      0.00      1.01      0.00      0.00     93.47
16:54:41        all      6.12      0.00      0.51      0.00      0.00     93.37
16:54:42        all      5.56      0.00      1.52      0.00      0.00     92.93
16:54:43        all      6.12      0.00      0.00      0.00      0.00     93.88
16:54:44        all     10.66      0.00      2.03      0.00      0.00     87.31
16:54:45        all      5.58      0.00      0.51      0.00      0.00     93.91
16:54:46        all      6.00      0.00      2.00      0.00      0.00     92.00
16:54:47        all      5.10      0.00      1.02      0.00      0.00     93.88
16:54:48        all      5.61      0.00      0.00      0.00      0.00     94.39
16:54:49        all      6.03      0.00      1.51      0.00      0.00     92.46
16:54:50        all      5.58      0.00      1.02      0.00      0.00     93.40
16:54:51        all      5.56      0.00      1.01      0.00      1.01     92.42
16:54:52        all      6.90      0.00      1.48      0.00      5.91     85.71
16:54:53        all      6.93      0.00      0.99      0.00      5.45     86.63
16:54:54        all      5.58      0.00      1.02      0.00      0.00     93.40
16:54:55        all      5.61      0.00      0.51      0.00      0.00     93.88
16:54:56        all      5.61      0.00      0.51      0.00      0.00     93.88
16:54:57        all      5.56      0.00      1.01      0.00      0.00     93.43
16:54:58        all      6.09      0.00      0.51      0.00      0.00     93.40
16:54:59        all     11.11      0.00      2.02      0.00      0.00     86.87
16:55:00        all      5.50      0.00      1.00      0.00      2.00     91.50
16:55:01        all      5.10      0.00      0.51      0.00      0.00     94.39
16:55:02        all      5.03      0.00      1.01      1.01      0.00     92.96
16:55:03        all      5.56      0.00      1.01      0.00      0.00     93.43
16:55:04        all      7.07      0.00      1.01      0.00      0.00     91.92
16:55:05        all      6.00      0.00      1.00      0.00      0.00     93.00
16:55:06        all      5.61      0.00      1.02      0.00      0.00     93.37
16:55:07        all      5.56      0.00      0.51      0.00      0.00     93.94
16:55:08        all      5.61      0.00      0.51      0.00      0.00     93.88
16:55:09        all      6.00      0.00      1.50      0.00      0.00     92.50
16:55:10        all      5.64      0.00      0.00      0.00      0.00     94.36
16:55:11        all      6.09      0.00      0.51      0.00      0.00     93.40
16:55:12        all      5.56      0.00      1.01      0.00      0.00     93.43
16:55:13        all      6.57      0.00      0.51      0.00      0.00     92.93
16:55:14        all     10.15      0.00      3.05      0.00      0.00     86.80
16:55:15        all      9.09      0.00      1.01      0.00      0.00     89.90
16:55:16        all      6.09      0.00      0.51      0.00      0.00     93.40
16:55:17        all      5.56      0.00      0.51      0.00      0.51     93.43
16:55:18        all      5.10      0.00      1.53      0.00      0.00     93.37
16:55:19        all      5.64      0.00      0.00      0.00      0.00     94.36
16:55:20        all      5.53      0.00      1.01      0.00      0.50     92.96
16:55:21        all      6.53      0.00      1.01      0.00      0.00     92.46
16:55:22        all      6.06      0.00      1.52      0.00      0.00     92.42
16:55:23        all      6.06      0.00      1.01      0.00      0.00     92.93
16:55:24        all      5.13      0.00      0.00      0.00      0.00     94.87
16:55:25        all      6.06      0.00      1.01      0.00      0.00     92.93
16:55:26        all      6.06      0.00      1.52      0.00      0.00     92.42
16:55:27        all      6.00      0.00      1.50      0.00      0.00     92.50
16:55:28        all      5.10      0.00      1.02      0.00      0.00     93.88
16:55:29        all     10.71      0.00      1.02      0.00      0.00     88.27
16:55:30        all      6.09      0.00      0.51      0.00      0.00     93.40
16:55:31        all      0.00      0.00      1.00      0.00      0.00     99.00

Average:        all      5.80      0.00      0.91      0.03      0.18     93.08
