Linux 7.0.0-1008-aws (ip-172-31-20-134) 	08/07/26 	_x86_64_	(2 CPU)

16:53:51    kbmemfree   kbavail kbmemused  %memused kbbuffers  kbcached  kbcommit   %commit  kbactive   kbinact   kbdirty
16:53:52        76728   1298740    370056     18.97     12340   1299872   1635836     83.86    731348    858512       380
16:53:53        76728   1298740    370056     18.97     12340   1299872   1635836     83.86    731424    858512       284
16:53:54        76728   1298740    370056     18.97     12340   1299872   1635836     83.86    731424    858512       284
16:53:55        76728   1298740    370056     18.97     12340   1299872   1635836     83.86    731424    858512       284
16:53:56        76728   1298740    370056     18.97     12340   1299872   1635836     83.86    731424    858512       284
16:53:57        76728   1298740    370052     18.97     12340   1299876   1635836     83.86    731424    858512       288
16:53:58        74740   1296760    372036     19.07     12340   1299880   1641792     84.16    735812    858520       292
16:53:59        72724   1294956    373832     19.16     12340   1300092   1642080     84.18    736724    858724       504
16:54:00        72724   1295120    373656     19.15     12340   1300268   1642116     84.18    736892    858888       680
16:54:01        72724   1295316    373476     19.14     12340   1300444   1642484     84.20    737980    859080       856
16:54:02        72724   1295484    373304     19.14     12364   1300584   1642552     84.20    738236    859240      1020
16:54:03        72724   1295616    373156     19.13     12364   1300732   1642552     84.20    738304    859372      1144
16:54:04        72724   1295804    372988     19.12     12364   1300896   1642552     84.20    738492    859556      1308
16:54:05        71716   1295000    373796     19.16     12364   1301088   1647152     84.44    741024    859752      1500
16:54:06        71464   1294928    373864     19.16     12364   1301268   1647152     84.44    740044    859928      1680
16:54:07        71464   1295044    373676     19.16     12364   1301456   1655492     84.86    740008    860044      1868
16:54:08        67952   1291756    376996     19.33     12364   1301640   1655492     84.86    740044    860260      2052
16:54:09        67952   1291948    376804     19.32     12364   1301828   1655632     84.87    740268    860448      2240
16:54:10        67952   1292152    376608     19.31     12364   1302016   1655640     84.87    740404    860644      2428
16:54:11        67952   1292372    376416     19.30     12364   1302208   1655932     84.89    740596    860864      2620
16:54:12        67952   1292508    376232     19.29     12364   1302388   1656060     84.89    740712    860996      2800
16:54:13        67952   1292736    376040     19.28     12364   1302572   1656244     84.90    740988    861216      2984
16:54:14        67952   1292936    375860     19.27     12364   1302748   1656244     84.90    740972    861412      3160
16:54:15        67952   1293036    375664     19.26     12364   1302944   1656244     84.90    740996    861512      3356
16:54:16        67952   1293288    375472     19.25     12364   1303128   1656244     84.90    741084    861756      3540
16:54:17        67952   1293524    375272     19.24     12364   1303320   1656256     84.90    741268    861984      3732
16:54:18        67952   1293700    375092     19.23     12364   1303500   1656360     84.91    741340    862160      3912
16:54:19        67952   1293888    374900     19.22     12364   1303688   1656360     84.91    742136    862344      4052
16:54:20        67952   1294088    374708     19.21     12364   1303872   1656408     84.91    743068    862536      4236
16:54:21        67952   1294220    374516     19.20     12364   1304060   1656408     84.91    742896    862664      4428
16:54:22        67952   1294472    374324     19.19     12364   1304244   1656408     84.91    742956    862908      4488
16:54:23        67952   1294612    374124     19.18     12368   1304440   1656408     84.91    742972    863048       160
16:54:24        67952   1294740    373936     19.17     12368   1304624   1656408     84.91    742976    863172       212
16:54:25        67952   1294996    373744     19.16     12368   1304808   1656408     84.91    742976    863420       396
16:54:26        67952   1295116    373548     19.15     12368   1305000   1656408     84.91    742984    863536       588
16:54:27        67952   1295368    373356     19.14     12368   1305184   1656408     84.91    742988    863780       772
16:54:28        67952   1295476    373180     19.13     12368   1305360   1656540     84.92    743004    863888       948
16:54:29        67952   1295804    372988     19.12     12368   1305548   1656540     84.92    743232    864212      1136
16:54:30        67952   1296000    372788     19.11     12368   1305740   1656540     84.92    743416    864400      1328
16:54:31        67952   1296152    372600     19.10     12368   1305924   1656540     84.92    743600    864548      1512
16:54:32        67952   1296380    372384     19.09     12392   1306116   1656540     84.92    743660    864776      1784
16:54:33        67952   1296596    372196     19.08     12392   1306296   1656540     84.92    743824    864984      1964
16:54:34        67952   1296756    371992     19.07     12392   1306492   1656540     84.92    744044    865136      2160
16:54:35        67952   1296952    371812     19.06     12392   1306668   1656540     84.92    744100    865328      2336
16:54:36        67952   1297072    371624     19.05     12392   1306856   1656540     84.92    743208    865448      2524
16:54:37        67952   1297300    371428     19.04     12392   1307044   1656540     84.92    743236    865668      2712
16:54:38        67952   1297424    371248     19.03     12392   1307220   1656540     84.92    743240    865788      2888
16:54:39        67952   1297680    371056     19.02     12392   1307404   1656540     84.92    743240    866036      3072
16:54:40        66992   1296964    371828     19.06     12392   1307592   1656588     84.92    743524    866280      3260
16:54:41        66992   1297148    371644     19.05     12392   1307772   1656596     84.92    743964    866460      3440
16:54:42        66992   1297340    371440     19.04     12392   1307968   1656604     84.92    744028    866644      3636
16:54:43        66992   1297516    371260     19.03     12392   1308148   1656604     84.92    744184    866820      3816
16:54:44        66992   1297728    371060     19.02     12392   1308344   1656604     84.92    744436    867028      4012
16:54:45        66992   1297924    370868     19.01     12392   1308528   1656880     84.93    744788    867216      4196
16:54:46        66992   1298100    370692     19.00     12392   1308700   1657084     84.94    744988    867388      4368
16:54:47        66992   1298304    370488     18.99     12392   1308896   1657200     84.95    745288    867584      4564
16:54:48        66992   1298412    370308     18.98     12392   1309076   1657200     84.95    745304    867692      4744
16:54:49        66992   1298660    370116     18.97     12392   1309264   1657200     84.95    745432    867936      4932
16:54:50        66488   1298356    370432     18.99     12392   1309444   1657264     84.95    746944    868128      5112
16:54:51        74252   1286964    381752     19.57     12388   1290456   1657264     84.95    745320    851020      5312
16:54:52        74252   1287144    381576     19.56     12388   1290632   1657264     84.95    744720    851200      5436
16:54:53        74252   1287268    381404     19.55     12388   1290804   1657284     84.95    744720    851324      5608
16:54:54        74252   1287572    381224     19.54     12388   1290984   1657284     84.95    744788    851628        80
16:54:55        74252   1287684    381040     19.53     12388   1291168   1657332     84.96    744800    851740       280
16:54:56        73748   1287428    381356     19.55     12388   1291356   1657456     84.96    744884    851988       468
16:54:57        73748   1287600    381164     19.54     12388   1291548   1657456     84.96    745000    852160       664
16:54:58        73496   1287464    381244     19.54     12388   1291720   1657456     84.96    745008    852276       836
16:54:59        72992   1287232    381552     19.56     12388   1291916   1657472     84.96    744892    852548      1032
16:55:00        72992   1287372    381368     19.55     12388   1292100   1657472     84.96    745000    852688      1216
16:55:01        72740   1287240    381432     19.55     12388   1292288   1657472     84.96    745004    852808      1404
16:55:02        72488   1287236    381520     19.56     12412   1292428   1657412     84.96    745004    853056      1568
16:55:03        72488   1287412    381356     19.55     12412   1292592   1657432     84.96    744948    853232      1628
16:55:04        71732   1286836    381924     19.58     12412   1292780   1661528     85.17    745512    853412      1816
16:55:05        71480   1286680    381992     19.58     12412   1292964   1661528     85.17    745540    853508      2000
16:55:06        70724   1286224    382568     19.61     12412   1293144   1661568     85.17    747064    853808      2180
16:55:07        70472   1286088    382636     19.61     12412   1293328   1661568     85.17    747108    853924      2364
16:55:08        70220   1286044    382700     19.62     12412   1293516   1661596     85.18    746452    854132      2552
16:55:09        69968   1286016    382768     19.62     12412   1293700   1661596     85.18    746476    854356      2736
16:55:10        69968   1286140    382588     19.61     12412   1293880   1661596     85.18    746476    854480      2916
16:55:11        69968   1286284    382396     19.60     12412   1294072   1661596     85.18    746516    854624      3108
16:55:12        69716   1286272    382464     19.61     12412   1294256   1661680     85.18    746524    854864      3292
16:55:13        69716   1286456    382280     19.60     12412   1294440   1661680     85.18    746588    855048      3476
16:55:14        69240   1286224    382556     19.61     12412   1294640   1661680     85.18    746556    855292      3676
16:55:15        69240   1286348    382376     19.60     12412   1294820   1661680     85.18    746556    855416      3856
16:55:16        68988   1286320    382452     19.61     12412   1294996   1661748     85.18    746788    855640      4032
16:55:17        68988   1286452    382260     19.60     12412   1295188   1661748     85.18    746820    855772      4224
16:55:18        68736   1286444    382324     19.60     12412   1295376   1661748     85.18    746824    856016      4412
16:55:19        68484   1286328    382392     19.60     12412   1295560   1661748     85.18    747308    856152      4596
16:55:20        68232   1286320    382464     19.61     12412   1295740   1661748     85.18    747312    856396      4776
16:55:21        67476   1285756    383032     19.63     12412   1295928   1661776     85.19    748324    856588      4964
16:55:22        81104   1280944    387764     19.88     12400   1277828   1661776     85.19    748568    838392      5148
16:55:23        80868   1280968    387816     19.88     12400   1278012   1661908     85.19    748232    838652      5332
16:55:24        80616   1280896    387884     19.88     12400   1278196   1661992     85.20    748300    838832      5516
16:55:25        80616   1281072    387696     19.87     12400   1278384   1661992     85.20    748344    839008        56
16:55:26        80364   1280944    387760     19.88     12400   1278572   1661992     85.20    748344    839132       256
16:55:27        80364   1281160    387576     19.87     12400   1278756   1661992     85.20    748376    839348       440
16:55:28        80364   1281344    387392     19.86     12400   1278940   1661992     85.20    748380    839532       572
16:55:29        80112   1281328    387456     19.86     12400   1279128   1661992     85.20    748376    839768       764
16:55:30        80112   1281468    387268     19.85     12400   1279316   1661992     85.20    748484    839908       952
16:55:31        80112   1281596    387096     19.84     12400   1279488   1661992     85.20    748524    840036      1124


Average:        71109   1291545    377210     19.34     12383   1298195   1655647     84.87    743301    857639      2419
