Linux 7.0.0-1010-aws (ip-172-31-20-134) 	08/11/26 	_x86_64_	(2 CPU)

16:37:07        CPU     %user     %nice   %system   %iowait    %steal     %idle
16:37:08        all      2.00      0.00      1.50      0.00      0.50     96.00
16:37:09        all      0.50      0.00      0.50      0.00      0.00     99.00
16:37:10        all      0.00      0.00      0.50      0.00      0.00     99.50
16:37:11        all      0.50      0.00      0.00      0.00      0.00     99.50
16:37:12        all      0.00      0.00      0.00      0.00      0.00    100.00
16:37:13        all      0.00      0.00      0.00      0.00      0.00    100.00
16:37:14        all      5.53      0.00      1.01      0.00      0.00     93.47
16:37:15        all      2.00      0.00      0.50      0.00      0.00     97.50
16:37:16        all      0.00      0.00      0.50      0.00      0.00     99.50
16:37:17        all      0.00      0.00      0.00      0.00      0.00    100.00
16:37:18        all      0.00      0.00      0.00      0.00      0.00    100.00
16:37:19        all     20.40      0.00      2.49      0.00      0.00     77.11
16:37:20        all     92.39      0.00      5.58      0.00      0.00      2.03
16:37:21        all     92.96      0.00      6.03      0.00      0.00      1.01
16:37:22        all     33.17      0.00      1.01      0.00      0.00     65.83
16:37:23        all      0.00      0.00      0.00      0.00      0.00    100.00
16:37:24        all      0.50      0.00      0.00      0.00      0.00     99.50
16:37:25        all      0.50      0.00      1.00      0.50      0.00     98.01
16:37:26        all      0.50      0.00      0.00      0.00      0.00     99.50
16:37:27        all      0.00      0.00      0.00      0.00      0.00    100.00
16:37:28        all      0.50      0.00      0.00      0.00      0.00     99.50
16:37:29        all      5.05      0.00      1.01      0.00      0.00     93.94
16:37:30        all      0.50      0.00      0.50      0.00      0.00     99.00
16:37:31        all      0.50      0.00      0.00      0.00      0.00     99.50
16:37:32        all      0.00      0.00      0.50      0.00      0.00     99.50
16:37:33        all      0.00      0.00      0.00      0.00      0.50     99.50

Average:        all      9.86      0.00      0.87      0.02      0.04     89.21
