Linux 7.0.0-1010-aws (ip-172-31-20-134) 	08/11/26 	_x86_64_	(2 CPU)

16:37:07    kbmemfree   kbavail kbmemused  %memused kbbuffers  kbcached  kbcommit   %commit  kbactive   kbinact   kbdirty
16:37:08       187372   1321552    374604     19.20     33248   1213924   1478000     75.76    996508    519648       348
16:37:09       187372   1321552    374604     19.20     33248   1213924   1478000     75.76    996508    519648       348
16:37:10       187372   1321552    374604     19.20     33248   1213924   1478000     75.76    996508    519648       348
16:37:11       187372   1321552    374604     19.20     33248   1213924   1478000     75.76    996508    519648       348
16:37:12       187372   1321552    374600     19.20     33248   1213928   1478000     75.76    996508    519648       352
16:37:13       187372   1321552    374600     19.20     33248   1213928   1478000     75.76    996508    519648       352
16:37:14       187372   1321568    374588     19.20     33248   1213940   1478000     75.76    996988    519664       364
16:37:15       187372   1321580    374576     19.20     33248   1213952   1479496     75.84    999248    519676       376
16:37:16       187372   1321580    374496     19.20     33248   1214032   1479496     75.84    999248    519676       456
16:37:17       187372   1321580    374496     19.20     33248   1214032   1479496     75.84    999248    519676       456
16:37:18       187372   1321580    374496     19.20     33248   1214032   1479496     75.84    999248    519676       456
16:37:19       183352   1317896    378240     19.39     33248   1214284   1551116     79.51   1005016    520008       708
16:37:20       164260   1301008    395108     20.25     33248   1216464   1791424     91.83   1019556    522188      2888
16:37:21       152116   1290840    405240     20.77     33248   1218408   1798284     92.18   1026812    524132      4832
16:37:22       151864   1290872    405188     20.77     33248   1218688   1798440     92.19   1026252    524404      5068
16:37:23       151864   1290872    405188     20.77     33248   1218688   1798440     92.19   1026252    524404      5068
16:37:24       151864   1290872    405188     20.77     33248   1218688   1798440     92.19   1022540    524404      5068
16:37:25       151864   1290876    405156     20.77     33272   1218688   1798440     92.19   1022540    524404      5128
16:37:26       151864   1290908    405152     20.77     33272   1218692   1798440     92.19   1022540    524436      5028
16:37:27       151864   1290908    405152     20.77     33272   1218692   1798440     92.19   1022540    524436      5028
16:37:28       151864   1290908    405148     20.77     33272   1218696   1798440     92.19   1022540    524436      5032
16:37:29       151616   1290676    405384     20.78     33272   1218708   1798440     92.19   1021864    524452      5044
16:37:30       151616   1290676    405384     20.78     33272   1218708   1798440     92.19   1021864    524452      5044
16:37:31       151616   1290676    405384     20.78     33272   1218708   1798440     92.19   1021864    524452      5044
16:37:32       151616   1290676    405384     20.78     33272   1218708   1798440     92.19   1021864    524452      5044
16:37:33       151616   1290676    405384     20.78     33272   1218708   1798440     92.19   1021864    524452      5044


Average:       168536   1305252    390844     20.03     33256   1216426   1653311     84.75   1011498    522145      2818
