Linux 7.0.0-1010-aws (ip-172-31-20-134) 	08/11/26 	_x86_64_	(2 CPU)

16:37:07        IFACE   rxpck/s   txpck/s    rxkB/s    txkB/s   rxcmp/s   txcmp/s  rxmcst/s   %ifutil
16:37:08         ens5     52.00     48.00      4.35      5.32      0.00      0.00      0.00      0.00

16:37:08        IFACE   rxpck/s   txpck/s    rxkB/s    txkB/s   rxcmp/s   txcmp/s  rxmcst/s   %ifutil
16:37:09         ens5     53.00     44.00      4.59      4.73      0.00      0.00      0.00      0.00

16:37:09        IFACE   rxpck/s   txpck/s    rxkB/s    txkB/s   rxcmp/s   txcmp/s  rxmcst/s   %ifutil
16:37:10         ens5     39.00     31.00      3.42      3.38      0.00      0.00      0.00      0.00

16:37:10        IFACE   rxpck/s   txpck/s    rxkB/s    txkB/s   rxcmp/s   txcmp/s  rxmcst/s   %ifutil
16:37:11         ens5      0.00      0.00      0.00      0.00      0.00      0.00      0.00      0.00

16:37:11        IFACE   rxpck/s   txpck/s    rxkB/s    txkB/s   rxcmp/s   txcmp/s  rxmcst/s   %ifutil
16:37:12         ens5      0.00      0.00      0.00      0.00      0.00      0.00      0.00      0.00

16:37:12        IFACE   rxpck/s   txpck/s    rxkB/s    txkB/s   rxcmp/s   txcmp/s  rxmcst/s   %ifutil
16:37:13         ens5      1.00      1.00      0.07      0.09      0.00      0.00      0.00      0.00

16:37:13        IFACE   rxpck/s   txpck/s    rxkB/s    txkB/s   rxcmp/s   txcmp/s  rxmcst/s   %ifutil
16:37:14         ens5      1.00      4.00      0.09      5.16      0.00      0.00      0.00      0.00

16:37:14        IFACE   rxpck/s   txpck/s    rxkB/s    txkB/s   rxcmp/s   txcmp/s  rxmcst/s   %ifutil
16:37:15         ens5     66.00     38.00     66.54     20.14      0.00      0.00      0.00      0.00

16:37:15        IFACE   rxpck/s   txpck/s    rxkB/s    txkB/s   rxcmp/s   txcmp/s  rxmcst/s   %ifutil
16:37:16         ens5      0.00      0.00      0.00      0.00      0.00      0.00      0.00      0.00

16:37:16        IFACE   rxpck/s   txpck/s    rxkB/s    txkB/s   rxcmp/s   txcmp/s  rxmcst/s   %ifutil
16:37:17         ens5      0.00      0.00      0.00      0.00      0.00      0.00      0.00      0.00

16:37:17        IFACE   rxpck/s   txpck/s    rxkB/s    txkB/s   rxcmp/s   txcmp/s  rxmcst/s   %ifutil
16:37:18         ens5      0.00      0.00      0.00      0.00      0.00      0.00      0.00      0.00

16:37:18        IFACE   rxpck/s   txpck/s    rxkB/s    txkB/s   rxcmp/s   txcmp/s  rxmcst/s   %ifutil
16:37:19         ens5    311.88    139.60    294.68     77.66      0.00      0.00      0.00      0.00

16:37:19        IFACE   rxpck/s   txpck/s    rxkB/s    txkB/s   rxcmp/s   txcmp/s  rxmcst/s   %ifutil
16:37:20         ens5   1810.00    639.00   1685.73    389.19      0.00      0.00      0.00      0.00

16:37:20        IFACE   rxpck/s   txpck/s    rxkB/s    txkB/s   rxcmp/s   txcmp/s  rxmcst/s   %ifutil
16:37:21         ens5   1408.00    649.00   1325.71    342.73      0.00      0.00      0.00      0.00

16:37:21        IFACE   rxpck/s   txpck/s    rxkB/s    txkB/s   rxcmp/s   txcmp/s  rxmcst/s   %ifutil
16:37:22         ens5    151.00    142.00    153.34     30.50      0.00      0.00      0.00      0.00

16:37:22        IFACE   rxpck/s   txpck/s    rxkB/s    txkB/s   rxcmp/s   txcmp/s  rxmcst/s   %ifutil
16:37:23         ens5      0.00      0.00      0.00      0.00      0.00      0.00      0.00      0.00

16:37:23        IFACE   rxpck/s   txpck/s    rxkB/s    txkB/s   rxcmp/s   txcmp/s  rxmcst/s   %ifutil
16:37:24         ens5      0.00      0.00      0.00      0.00      0.00      0.00      0.00      0.00

16:37:24        IFACE   rxpck/s   txpck/s    rxkB/s    txkB/s   rxcmp/s   txcmp/s  rxmcst/s   %ifutil
16:37:25         ens5      0.00      0.00      0.00      0.00      0.00      0.00      0.00      0.00

16:37:25        IFACE   rxpck/s   txpck/s    rxkB/s    txkB/s   rxcmp/s   txcmp/s  rxmcst/s   %ifutil
16:37:26         ens5      0.00      0.00      0.00      0.00      0.00      0.00      0.00      0.00

16:37:26        IFACE   rxpck/s   txpck/s    rxkB/s    txkB/s   rxcmp/s   txcmp/s  rxmcst/s   %ifutil
16:37:27         ens5      0.00      0.00      0.00      0.00      0.00      0.00      0.00      0.00

16:37:27        IFACE   rxpck/s   txpck/s    rxkB/s    txkB/s   rxcmp/s   txcmp/s  rxmcst/s   %ifutil
16:37:28         ens5      0.00      0.00      0.00      0.00      0.00      0.00      0.00      0.00

16:37:28        IFACE   rxpck/s   txpck/s    rxkB/s    txkB/s   rxcmp/s   txcmp/s  rxmcst/s   %ifutil
16:37:29         ens5      0.00      0.00      0.00      0.00      0.00      0.00      0.00      0.00

16:37:29        IFACE   rxpck/s   txpck/s    rxkB/s    txkB/s   rxcmp/s   txcmp/s  rxmcst/s   %ifutil
16:37:30         ens5      1.00      1.00      0.07      0.09      0.00      0.00      0.00      0.00

16:37:30        IFACE   rxpck/s   txpck/s    rxkB/s    txkB/s   rxcmp/s   txcmp/s  rxmcst/s   %ifutil
16:37:31         ens5      0.00      0.00      0.00      0.00      0.00      0.00      0.00      0.00

16:37:31        IFACE   rxpck/s   txpck/s    rxkB/s    txkB/s   rxcmp/s   txcmp/s  rxmcst/s   %ifutil
16:37:32         ens5      0.00      0.00      0.00      0.00      0.00      0.00      0.00      0.00

16:37:32        IFACE   rxpck/s   txpck/s    rxkB/s    txkB/s   rxcmp/s   txcmp/s  rxmcst/s   %ifutil
16:37:33         ens5      0.00      0.00      0.00      0.00      0.00      0.00      0.00      0.00


Average:        IFACE   rxpck/s   txpck/s    rxkB/s    txkB/s   rxcmp/s   txcmp/s  rxmcst/s   %ifutil
Average:         ens5    149.83     66.82    136.16     33.82      0.00      0.00      0.00      0.00
