Linux 7.0.0-1010-aws (ip-172-31-20-134) 	08/11/26 	_x86_64_	(2 CPU)

18:59:48        CPU     %user     %nice   %system   %iowait    %steal     %idle
18:59:49        all      1.52      0.00      1.52      0.00      0.00     96.95
18:59:50        all      0.50      0.00      0.00      0.00      0.50     99.00
18:59:51        all      0.50      0.00      0.50      0.00      0.00     99.00
18:59:52        all      0.00      0.00      0.00      0.00      0.00    100.00
18:59:53        all      1.00      0.00      1.00      0.00      0.00     98.01
18:59:54        all      0.50      0.00      0.00      0.00      0.00     99.50
18:59:55        all      2.02      0.00      0.00      0.51      0.00     97.47
18:59:56        all      0.00      0.00      0.00      0.00      0.00    100.00
18:59:57        all      0.50      0.00      0.50      0.00      0.00     99.00
18:59:58        all      2.00      0.00      0.50      0.00      0.00     97.50
18:59:59        all     40.91      0.00      6.57      0.00      0.00     52.53
19:00:00        all     83.33      0.00     12.12      0.00      0.00      4.55
19:00:01        all     77.16      0.00     12.18      0.00      6.60      4.06
19:00:02        all     17.06      0.00      2.37      0.00     13.27     67.30
19:00:03        all      0.98      0.00      0.98      0.00      4.39     93.66
19:00:04        all      2.46      0.00      4.43      2.46      4.93     85.71
19:00:05        all      0.50      0.00      0.00      0.00      1.98     97.52
19:00:06        all      0.49      0.00      0.49      0.00      2.46     96.55
19:00:07        all      0.00      0.00      0.50      0.00      0.50     99.00
19:00:08        all      0.50      0.00      0.00      0.00      0.00     99.50


Average:        all     11.50      0.00      2.17      0.15      1.77     84.41
