Linux 7.0.0-1010-aws (ip-172-31-20-134) 	08/11/26 	_x86_64_	(2 CPU)

18:59:48        IFACE   rxpck/s   txpck/s    rxkB/s    txkB/s   rxcmp/s   txcmp/s  rxmcst/s   %ifutil
18:59:49         ens5     50.00     54.00      4.23      5.71      0.00      0.00      0.00      0.00

18:59:49        IFACE   rxpck/s   txpck/s    rxkB/s    txkB/s   rxcmp/s   txcmp/s  rxmcst/s   %ifutil
18:59:50         ens5      3.00      2.00      0.22      0.20      0.00      0.00      0.00      0.00

18:59:50        IFACE   rxpck/s   txpck/s    rxkB/s    txkB/s   rxcmp/s   txcmp/s  rxmcst/s   %ifutil
18:59:51         ens5      0.00      0.00      0.00      0.00      0.00      0.00      0.00      0.00

18:59:51        IFACE   rxpck/s   txpck/s    rxkB/s    txkB/s   rxcmp/s   txcmp/s  rxmcst/s   %ifutil
18:59:52         ens5      1.00      1.00      0.07      0.09      0.00      0.00      0.00      0.00

18:59:52        IFACE   rxpck/s   txpck/s    rxkB/s    txkB/s   rxcmp/s   txcmp/s  rxmcst/s   %ifutil
18:59:53         ens5      4.00      5.00      0.22      0.38      0.00      0.00      0.00      0.00

18:59:53        IFACE   rxpck/s   txpck/s    rxkB/s    txkB/s   rxcmp/s   txcmp/s  rxmcst/s   %ifutil
18:59:54         ens5      4.00      0.00      0.19      0.00      0.00      0.00      0.00      0.00

18:59:54        IFACE   rxpck/s   txpck/s    rxkB/s    txkB/s   rxcmp/s   txcmp/s  rxmcst/s   %ifutil
18:59:55         ens5     67.00     69.00     41.88     13.92      0.00      0.00      0.00      0.00

18:59:55        IFACE   rxpck/s   txpck/s    rxkB/s    txkB/s   rxcmp/s   txcmp/s  rxmcst/s   %ifutil
18:59:56         ens5      0.00      0.00      0.00      0.00      0.00      0.00      0.00      0.00

18:59:56        IFACE   rxpck/s   txpck/s    rxkB/s    txkB/s   rxcmp/s   txcmp/s  rxmcst/s   %ifutil
18:59:57         ens5      0.00      0.00      0.00      0.00      0.00      0.00      0.00      0.00

18:59:57        IFACE   rxpck/s   txpck/s    rxkB/s    txkB/s   rxcmp/s   txcmp/s  rxmcst/s   %ifutil
18:59:58         ens5     17.00     17.00      7.82      3.13      0.00      0.00      0.00      0.00

18:59:58        IFACE   rxpck/s   txpck/s    rxkB/s    txkB/s   rxcmp/s   txcmp/s  rxmcst/s   %ifutil
18:59:59         ens5    443.00    448.00    237.04     92.51      0.00      0.00      0.00      0.00

18:59:59        IFACE   rxpck/s   txpck/s    rxkB/s    txkB/s   rxcmp/s   txcmp/s  rxmcst/s   %ifutil
19:00:00         ens5   1381.00   1335.00    718.00    277.17      0.00      0.00      0.00      0.00

19:00:00        IFACE   rxpck/s   txpck/s    rxkB/s    txkB/s   rxcmp/s   txcmp/s  rxmcst/s   %ifutil
19:00:01         ens5    705.94    859.41    405.59    141.34      0.00      0.00      0.00      0.00

19:00:01        IFACE   rxpck/s   txpck/s    rxkB/s    txkB/s   rxcmp/s   txcmp/s  rxmcst/s   %ifutil
19:00:02         ens5     22.00    110.00     13.24     16.15      0.00      0.00      0.00      0.00

19:00:02        IFACE   rxpck/s   txpck/s    rxkB/s    txkB/s   rxcmp/s   txcmp/s  rxmcst/s   %ifutil
19:00:03         ens5      0.00      0.00      0.00      0.00      0.00      0.00      0.00      0.00

19:00:03        IFACE   rxpck/s   txpck/s    rxkB/s    txkB/s   rxcmp/s   txcmp/s  rxmcst/s   %ifutil
19:00:04         ens5      0.00      0.00      0.00      0.00      0.00      0.00      0.00      0.00

19:00:04        IFACE   rxpck/s   txpck/s    rxkB/s    txkB/s   rxcmp/s   txcmp/s  rxmcst/s   %ifutil
19:00:05         ens5      0.00      0.00      0.00      0.00      0.00      0.00      0.00      0.00

19:00:05        IFACE   rxpck/s   txpck/s    rxkB/s    txkB/s   rxcmp/s   txcmp/s  rxmcst/s   %ifutil
19:00:06         ens5      1.00      1.00      0.03      0.04      0.00      0.00      0.00      0.00

19:00:06        IFACE   rxpck/s   txpck/s    rxkB/s    txkB/s   rxcmp/s   txcmp/s  rxmcst/s   %ifutil
19:00:07         ens5      0.00      0.00      0.00      0.00      0.00      0.00      0.00      0.00

19:00:07        IFACE   rxpck/s   txpck/s    rxkB/s    txkB/s   rxcmp/s   txcmp/s  rxmcst/s   %ifutil
19:00:08         ens5      1.00      1.00      0.07      0.09      0.00      0.00      0.00      0.00


Average:        IFACE   rxpck/s   txpck/s    rxkB/s    txkB/s   rxcmp/s   txcmp/s  rxmcst/s   %ifutil
Average:         ens5    135.28    145.48     71.60     27.59      0.00      0.00      0.00      0.00
