Linux 7.0.0-1008-aws (ip-172-31-31-224) 	08/07/26 	_x86_64_	(2 CPU)

04:51:45        CPU     %user     %nice   %system   %iowait    %steal     %idle
04:51:46        all     52.76      0.00      4.02      0.00      0.00     43.22
04:51:47        all     50.25      0.00      4.52      0.50      0.00     44.72
04:51:48        all     50.25      0.00      3.02      0.00      0.00     46.73
04:51:49        all     51.00      0.00      4.00      0.00      0.00     45.00
04:51:50        all     50.25      0.00      3.55      0.00      0.00     46.19
04:51:51        all     50.00      0.00      4.00      0.00      0.00     46.00
04:51:52        all     46.50      0.00      4.50      0.00      0.00     49.00
04:51:53        all     30.15      0.00      1.51      0.00      0.00     68.34
04:51:54        all      0.00      0.00      0.00      0.00      0.00    100.00
04:51:55        all      0.00      0.00      0.00      0.00      0.00    100.00
04:51:56        all      0.51      0.00      0.51      0.00      0.00     98.99
04:51:57        all      1.00      0.00      1.00      0.00      0.00     98.00
04:51:58        all      0.00      0.00      0.51      0.00      0.00     99.49
04:51:59        all      1.01      0.00      0.51      0.00      0.00     98.48
04:52:00        all      0.51      0.00      0.00      0.00      0.00     99.49
04:52:01        all      0.99      0.00      0.99      0.00      0.00     98.02
04:52:02        all      0.51      0.00      0.51      0.00      0.00     98.99
04:52:03        all      0.51      0.00      0.51      0.00      0.00     98.99
04:52:04        all      1.00      0.00      1.00      0.00      0.00     98.00
04:52:05        all      1.01      0.00      0.50      0.00      0.00     98.49
04:52:06        all      0.00      0.00      0.51      0.00      0.00     99.49
04:52:07        all      1.00      0.00      0.50      0.00      0.00     98.50
04:52:08        all      0.51      0.00      0.51      0.00      0.00     98.99
04:52:09        all      1.01      0.00      0.50      0.00      0.00     98.49
04:52:10        all      0.51      0.00      0.00      0.00      0.00     99.49
04:52:11        all      0.50      0.00      0.50      0.00      0.00     98.99
04:52:12        all      0.51      0.00      0.51      0.00      0.00     98.99
04:52:13        all      0.51      0.00      0.51      0.00      0.51     98.48
04:52:14        all      1.01      0.00      0.50      0.00      0.00     98.49
04:52:15        all      0.50      0.00      1.49      0.00      0.50     97.51
04:52:16        all      0.51      0.00      0.51      0.00      0.00     98.99
04:52:17        all      1.50      0.00      0.50      0.50      0.00     97.50
04:52:18        all      0.51      0.00      0.00      0.00      0.00     99.49
04:52:19        all      0.51      0.00      0.00      0.00      0.00     99.49
04:52:20        all      0.50      0.00      1.00      0.00      0.00     98.50
04:52:21        all      0.51      0.00      0.51      0.00      0.00     98.99
04:52:22        all      1.00      0.00      1.00      0.00      0.00     98.00
04:52:23        all      0.51      0.00      0.51      0.00      0.00     98.99
04:52:24        all      0.51      0.00      0.51      0.00      0.00     98.99
04:52:25        all      0.50      0.00      0.50      0.00      0.00     99.00
04:52:26        all      1.01      0.00      0.00      0.00      0.00     98.99
04:52:27        all      1.00      0.00      1.00      0.00      0.00     98.00
04:52:28        all      0.00      0.00      0.51      0.00      0.00     99.49
04:52:29        all      0.51      0.00      0.51      0.00      0.00     98.99
04:52:30        all      1.01      0.00      0.50      0.00      0.00     98.49
04:52:31        all      0.00      0.00      1.01      0.00      0.00     98.99
04:52:32        all      1.00      0.00      0.50      0.00      0.00     98.50
04:52:33        all      0.51      0.00      0.51      0.00      0.00     98.99
04:52:34        all      4.08      0.00      0.00      0.00      0.00     95.92
04:52:35        all      1.00      0.00      1.00      0.00      0.00     98.00
04:52:36        all      0.50      0.00      1.01      0.00      0.00     98.49
04:52:37        all      0.51      0.00      0.51      0.00      0.00     98.99
04:52:38        all      0.51      0.00      0.00      0.00      0.00     99.49
04:52:39        all      0.51      0.00      0.51      0.00      0.00     98.98
04:52:40        all      1.01      0.00      0.50      0.00      0.00     98.49
04:52:41        all      0.50      0.00      1.01      0.00      0.00     98.49
04:52:42        all      1.01      0.00      0.50      0.00      0.00     98.49
04:52:43        all      0.00      0.00      0.51      0.00      0.00     99.49
04:52:44        all      1.00      0.00      0.50      0.00      0.00     98.50
04:52:45        all      1.01      0.00      0.00      0.00      0.00     98.99
04:52:46        all      0.00      0.00      1.01      0.00      0.00     98.99
04:52:47        all      1.52      0.00      0.00      0.51      0.00     97.98
04:52:48        all      0.50      0.00      1.01      0.00      0.00     98.49
04:52:49        all      1.01      0.00      0.50      0.00      0.00     98.49
04:52:50        all      0.50      0.00      1.01      0.00      0.00     98.49
04:52:51        all      1.01      0.00      0.00      0.00      0.00     98.99
04:52:52        all      0.00      0.00      0.00      0.00      0.00    100.00
04:52:53        all      1.00      0.00      1.00      0.00      0.00     98.00
04:52:54        all      0.00      0.00      1.01      0.00      0.50     98.49
04:52:55        all      1.01      0.00      0.50      0.00      0.00     98.49
04:52:56        all      0.50      0.00      1.01      0.00      0.00     98.49
04:52:57        all      0.51      0.00      0.00      0.00      0.00     99.49
04:52:58        all      1.01      0.00      0.00      0.00      0.00     98.99
04:52:59        all      0.00      0.00      1.01      0.00      0.00     98.99
04:53:00        all      1.01      0.00      0.00      0.00      0.00     98.99
04:53:01        all      0.50      0.00      1.50      0.00      0.00     98.00
04:53:02        all      0.50      0.00      0.50      0.00      0.50     98.49
04:53:03        all      0.51      0.00      0.51      0.00      0.00     98.99
04:53:04        all      0.50      0.00      1.00      0.00      0.00     98.50
04:53:05        all      0.50      0.00      1.01      0.00      0.00     98.49
04:53:06        all      1.01      0.00      0.50      0.00      0.00     98.49
04:53:07        all      0.00      0.00      0.00      0.00      0.00    100.00
04:53:08        all      1.01      0.00      0.50      0.00      0.00     98.49
04:53:09        all      0.51      0.00      0.51      0.00      0.00     98.99
04:53:10        all      0.50      0.00      0.50      0.00      0.00     98.99
04:53:11        all      1.01      0.00      0.00      0.00      0.00     98.99
04:53:12        all      0.50      0.00      1.01      0.00      0.00     98.49
04:53:13        all      0.51      0.00      0.51      0.00      0.00     98.99
04:53:14        all      0.51      0.00      0.51      0.00      0.00     98.99
04:53:15        all      0.50      0.00      1.50      0.00      0.00     98.00
04:53:16        all      0.51      0.00      0.00      0.00      0.00     99.49
04:53:17        all      1.01      0.00      1.01      0.00      0.00     97.99
04:53:18        all      1.01      0.00      0.50      0.00      0.00     98.49
04:53:19        all      0.51      0.00      0.51      0.00      0.00     98.99
04:53:20        all      0.51      0.00      0.51      0.00      0.00     98.99
04:53:21        all      0.50      0.00      0.50      0.00      0.00     98.99
04:53:22        all      1.00      0.00      0.50      0.00      0.50     98.00
04:53:23        all      0.00      0.00      0.51      0.00      0.00     99.49
04:53:24        all      1.00      0.00      0.50      0.00      0.00     98.50
04:53:25        all      0.00      0.00      0.00      0.00      0.00    100.00
04:53:26        all      0.50      0.00      1.01      0.00      0.00     98.49
04:53:27        all      1.01      0.00      0.00      0.00      0.00     98.99
04:53:28        all      0.00      0.00      1.01      0.00      0.00     98.99
04:53:29        all      1.01      0.00      0.00      0.00      0.00     98.99
04:53:30        all      0.51      0.00      0.00      0.00      0.00     99.49
04:53:31        all      0.50      0.00      1.01      0.00      0.00     98.49
04:53:32        all      1.01      0.00      0.00      0.00      0.00     98.99
04:53:33        all      0.00      0.00      0.00      0.00      0.00    100.00
04:53:34        all      0.99      0.00      1.98      0.00      0.00     97.03
04:53:35        all      0.00      0.00      0.00      0.00      0.00    100.00
04:53:36        all      1.00      0.00      1.00      0.00      0.00     98.00
04:53:37        all      0.51      0.00      0.00      0.00      0.00     99.49
04:53:38        all      1.01      0.00      0.50      0.00      0.00     98.49
04:53:39        all      0.51      0.00      0.51      0.00      0.00     98.99
04:53:40        all      0.51      0.00      0.51      0.00      0.00     98.99
04:53:41        all      0.50      0.00      0.50      0.00      0.00     99.00
04:53:42        all      0.51      0.00      0.00      0.00      0.00     99.49
04:53:43        all      0.50      0.00      1.01      0.00      0.00     98.49
04:53:44        all      0.51      0.00      0.51      0.00      0.00     98.99
04:53:45        all      0.51      0.00      0.51      0.00      0.00     98.99
04:53:46        all      0.51      0.00      0.51      0.00      0.00     98.99
04:53:47        all      0.50      0.00      1.01      1.01      0.00     97.49
04:53:48        all      1.00      0.00      1.00      0.00      0.00     98.00
04:53:49        all      1.01      0.00      0.00      0.00      0.00     98.99
04:53:50        all      0.50      0.00      1.01      0.00      0.00     98.49
04:53:51        all      0.00      0.00      0.51      0.00      0.00     99.49
04:53:52        all      0.50      0.00      1.00      0.00      0.50     98.00
04:53:53        all      5.05      0.00      0.00      0.00      0.00     94.95
04:53:54        all      1.00      0.00      1.00      0.00      0.00     98.00
04:53:55        all      0.50      0.00      1.01      0.00      0.00     98.49
04:53:56        all      0.51      0.00      0.00      0.00      0.00     99.49
04:53:57        all      0.50      0.00      1.01      0.00      0.00     98.49
04:53:58        all      0.50      0.00      0.50      0.00      0.50     98.49
04:53:59        all      0.51      0.00      0.51      0.00      0.00     98.99
04:54:00        all      0.51      0.00      0.51      0.00      0.00     98.99
04:54:01        all      0.51      0.00      0.51      0.00      0.00     98.99
04:54:02        all      0.51      0.00      0.00      0.00      0.00     99.49
04:54:03        all      0.50      0.00      1.01      0.00      0.00     98.49
04:54:04        all      0.50      0.00      1.50      0.00      0.00     98.00
04:54:05        all      0.50      0.00      0.50      0.00      0.00     98.99
04:54:06        all      0.51      0.00      0.51      0.00      0.00     98.99
04:54:07        all      1.01      0.00      0.50      0.00      0.00     98.49
04:54:08        all      0.51      0.00      0.51      0.00      0.00     98.99
04:54:09        all      1.01      0.00      0.50      0.00      0.00     98.49
04:54:10        all      0.00      0.00      0.51      0.00      0.00     99.49
04:54:11        all      1.01      0.00      0.50      0.00      0.00     98.49
04:54:12        all      0.51      0.00      0.00      0.00      0.00     99.49
04:54:13        all      0.50      0.00      1.00      0.00      0.00     98.50
04:54:14        all      0.51      0.00      0.51      0.00      0.00     98.99
04:54:15        all      0.00      0.00      0.51      0.00      0.00     99.49
04:54:16        all      1.00      0.00      1.00      0.00      0.00     98.00
04:54:17        all      1.01      0.00      0.51      0.00      0.00     98.48
04:54:18        all      0.50      0.00      1.01      0.00      0.00     98.49
04:54:19        all      0.50      0.00      0.50      0.00      0.00     98.99
04:54:20        all      1.00      0.00      0.50      0.00      0.50     98.01
04:54:21        all      0.51      0.00      0.00      0.00      0.00     99.49
04:54:22        all      1.01      0.00      0.00      0.00      0.00     98.99
04:54:23        all      0.00      0.00      1.51      0.00      0.00     98.49
04:54:24        all      1.01      0.00      0.00      0.00      0.00     98.99
04:54:25        all      0.00      0.00      0.00      0.00      0.00    100.00
04:54:26        all      1.00      0.00      1.00      0.00      0.00     98.01
04:54:27        all      1.01      0.00      0.50      0.00      0.00     98.49
04:54:28        all      1.00      0.00      1.00      0.00      0.00     98.00
04:54:29        all      0.00      0.00      0.00      0.00      0.00    100.00
04:54:30        all      0.51      0.00      0.00      0.00      0.00     99.49
04:54:31        all      0.50      0.00      1.01      0.00      0.00     98.49
04:54:32        all      0.51      0.00      0.51      0.00      0.00     98.99
04:54:33        all      0.00      0.00      1.01      0.00      0.00     98.99
04:54:34        all      4.50      0.00      0.50      0.00      0.00     95.00
04:54:35        all      0.00      0.00      0.51      0.00      0.00     99.49
04:54:36        all      0.50      0.00      0.00      0.00      0.00     99.50
04:54:37        all      0.00      0.00      0.00      0.00      0.00    100.00

Average:        all      2.86      0.00      0.69      0.01      0.02     96.42
