Linux 7.0.0-1008-aws (ip-172-31-31-224) 	08/07/26 	_x86_64_	(2 CPU)

04:51:45    kbmemfree   kbavail kbmemused  %memused kbbuffers  kbcached  kbcommit   %commit  kbactive   kbinact   kbdirty
04:51:46       744088   1257392    394064     20.20      5500    652564   1459332     74.81    238456    725892        16
04:51:47       655888   1169216    482240     24.72      5524    652564   1555228     79.72    333040    725916        96
04:51:48       583564   1096892    554564     28.43      5524    652564   1622252     83.16    399152    725916        96
04:51:49       486796   1000124    651332     33.39      5524    652564   1722544     88.30    500016    725916        96
04:51:50       398344    911672    739784     37.92      5524    652564   1801720     92.36    580368    725916        96
04:51:51       301828    815156    836300     42.87      5524    652564   1898412     97.32    676268    725916        96
04:51:52       221188    734516    916940     47.00      5524    652564   1985524    101.78    762280    725916        96
04:51:53       172804    686132    965292     49.48      5524    652564   2035460    104.34    811792    725916        96
04:51:54       172804    686132    965292     49.48      5524    652564   2035460    104.34    811792    725916        96
04:51:55       172804    686132    965292     49.48      5524    652564   2035460    104.34    811792    725916        96
04:51:56       172580    685908    965516     49.49      5524    652564   2035460    104.34    811916    725916        96
04:51:57       172580    685908    965516     49.49      5524    652564   2035460    104.34    811916    725916        96
04:51:58       172580    685908    965516     49.49      5524    652564   2035460    104.34    811916    725916        96
04:51:59       172580    685908    965516     49.49      5524    652564   2035460    104.34    811916    725916        96
04:52:00       172580    685908    965516     49.49      5524    652564   2035460    104.34    811916    725916        96
04:52:01       172580    685908    965516     49.49      5524    652564   2035460    104.34    811916    725916        96
04:52:02       172580    685908    965516     49.49      5524    652564   2035460    104.34    811916    725916        96
04:52:03       172580    685908    965516     49.49      5524    652564   2035460    104.34    811916    725916        96
04:52:04       172580    685908    965516     49.49      5524    652564   2035460    104.34    811916    725916        96
04:52:05       172580    685908    965516     49.49      5524    652564   2035460    104.34    811916    725916        96
04:52:06       172580    685908    965512     49.49      5524    652568   2035460    104.34    811916    725916       100
04:52:07       172580    685908    965512     49.49      5524    652568   2035460    104.34    811916    725916       100
04:52:08       172580    685908    965512     49.49      5524    652568   2035460    104.34    811916    725916       100
04:52:09       172580    685908    965512     49.49      5524    652568   2035460    104.34    811916    725916       100
04:52:10       172580    685908    965512     49.49      5524    652568   2035460    104.34    811916    725916       100
04:52:11       172580    685908    965512     49.49      5524    652568   2035460    104.34    811916    725916       100
04:52:12       172580    685908    965512     49.49      5524    652568   2035524    104.34    811916    725916       100
04:52:13       172580    685908    965512     49.49      5524    652568   2035524    104.34    811916    725916       100
04:52:14       172580    685908    965512     49.49      5524    652568   2035524    104.34    811916    725916       100
04:52:15       172580    685908    965512     49.49      5524    652568   2035524    104.34    812000    725916       100
04:52:16       172580    685912    965512     49.49      5524    652568   2035524    104.34    812080    725920        96
04:52:17       172580    685912    965512     49.49      5548    652544   2035524    104.34    812080    725920        80
04:52:18       172580    685936    965488     49.49      5548    652568   2035524    104.34    812080    725944        12
04:52:19       172580    685936    965484     49.49      5548    652572   2035524    104.34    812080    725944        16
04:52:20       172580    685936    965484     49.49      5548    652572   2035524    104.34    812080    725944        16
04:52:21       172580    685936    965484     49.49      5548    652572   2035524    104.34    812080    725944        16
04:52:22       172580    685936    965484     49.49      5548    652572   2035524    104.34    812080    725944        16
04:52:23       172580    685936    965484     49.49      5548    652572   2035524    104.34    812080    725944        16
04:52:24       172580    685936    965484     49.49      5548    652572   2035524    104.34    812080    725944        16
04:52:25       172580    685936    965484     49.49      5548    652572   2035524    104.34    812080    725944        16
04:52:26       172580    685936    965480     49.49      5548    652576   2035524    104.34    812080    725944        20
04:52:27       172580    685936    965480     49.49      5548    652576   2035524    104.34    812080    725944        20
04:52:28       172580    685936    965480     49.49      5548    652576   2035524    104.34    812080    725944        20
04:52:29       172580    685936    965480     49.49      5548    652576   2035524    104.34    812080    725944        20
04:52:30       172580    685936    965480     49.49      5548    652576   2035524    104.34    812080    725944        20
04:52:31       172580    685936    965480     49.49      5548    652576   2035524    104.34    812080    725944        20
04:52:32       172580    685936    965480     49.49      5548    652576   2035524    104.34    812080    725944        20
04:52:33       172580    685936    965480     49.49      5548    652576   2035524    104.34    812080    725944        20
04:52:34       172580    685936    965480     49.49      5548    652576   2035524    104.34    812080    725944        20
04:52:35       172580    685936    965480     49.49      5548    652576   2035524    104.34    812080    725944        20
04:52:36       172580    685936    965476     49.49      5548    652580   2035524    104.34    812080    725944        24
04:52:37       172580    685936    965476     49.49      5548    652580   2035524    104.34    812080    725944        24
04:52:38       172580    685936    965476     49.49      5548    652580   2035524    104.34    812080    725944        24
04:52:39       172580    685936    965476     49.49      5548    652580   2035524    104.34    812080    725944        24
04:52:40       172580    685936    965476     49.49      5548    652580   2035524    104.34    812080    725944        24
04:52:41       172580    685936    965476     49.49      5548    652580   2035524    104.34    812080    725944        24
04:52:42       172580    685936    965476     49.49      5548    652580   2035524    104.34    812080    725944        24
04:52:43       172580    685936    965476     49.49      5548    652580   2035524    104.34    812080    725944        24
04:52:44       172580    685936    965476     49.49      5548    652580   2035524    104.34    812080    725944        24
04:52:45       172580    685936    965476     49.49      5548    652580   2035524    104.34    812080    725944        24
04:52:46       172356    685712    965696     49.50      5548    652584   2035524    104.34    812080    725944        28
04:52:47       172356    685712    965696     49.50      5572    652560   2035524    104.34    812080    725944        28
04:52:48       172356    685752    965672     49.50      5572    652584   2035524    104.34    812096    725984        44
04:52:49       172356    685752    965672     49.50      5572    652584   2035524    104.34    812096    725984        52
04:52:50       172356    685752    965672     49.50      5572    652584   2035524    104.34    812096    725984        52
04:52:51       172356    685752    965672     49.50      5572    652584   2035524    104.34    812096    725984        52
04:52:52       172356    685752    965668     49.50      5572    652588   2035524    104.34    812096    725984        56
04:52:53       172356    685752    965668     49.50      5572    652588   2035524    104.34    812096    725984        56
04:52:54       172356    685752    965668     49.50      5572    652588   2035588    104.35    812096    725984        56
04:52:55       172356    685752    965668     49.50      5572    652588   2035588    104.35    812096    725984        56
04:52:56       172356    685752    965668     49.50      5572    652588   2035588    104.35    812096    725984        56
04:52:57       172356    685752    965668     49.50      5572    652588   2035588    104.35    812096    725984        56
04:52:58       172356    685752    965668     49.50      5572    652588   2035588    104.35    812096    725984        56
04:52:59       172356    685752    965668     49.50      5572    652588   2035588    104.35    812096    725984        56
04:53:00       172356    685752    965668     49.50      5572    652588   2035588    104.35    812096    725984        56
04:53:01       172356    685752    965668     49.50      5572    652588   2035588    104.35    812096    725984        56
04:53:02       172356    685752    965668     49.50      5572    652588   2035588    104.35    812096    725984        56
04:53:03       172356    685752    965668     49.50      5572    652588   2035588    104.35    812096    725984        56
04:53:04       172356    685752    965668     49.50      5572    652588   2035588    104.35    812096    725984        56
04:53:05       172356    685752    965668     49.50      5572    652588   2035588    104.35    812096    725984        56
04:53:06       172356    685752    965664     49.50      5572    652592   2035588    104.35    812096    725984        60
04:53:07       172356    685752    965664     49.50      5572    652592   2035588    104.35    812096    725984        60
04:53:08       172356    685752    965664     49.50      5572    652592   2035588    104.35    812096    725984        60
04:53:09       172356    685752    965664     49.50      5572    652592   2035588    104.35    812096    725984        60
04:53:10       172356    685752    965664     49.50      5572    652592   2035588    104.35    812096    725984        60
04:53:11       172356    685752    965664     49.50      5572    652592   2035588    104.35    812096    725984        60
04:53:12       172356    685752    965664     49.50      5572    652592   2035588    104.35    812096    725984        60
04:53:13       172356    685752    965664     49.50      5572    652592   2035588    104.35    812096    725984        60
04:53:14       172356    685752    965664     49.50      5572    652592   2035588    104.35    812096    725984        60
04:53:15       172356    685752    965664     49.50      5572    652592   2035588    104.35    812096    725984        60
04:53:16       172356    685752    965664     49.50      5572    652592   2035588    104.35    812096    725984        60
04:53:17       172356    685752    965664     49.50      5596    652568   2035588    104.35    812096    725984        60
04:53:18       172356    685776    965640     49.50      5596    652592   2035588    104.35    812132    726008        20
04:53:19       172356    685776    965640     49.50      5596    652592   2035588    104.35    812132    726008        20
04:53:20       172356    685784    965640     49.50      5596    652592   2035588    104.35    812132    726016        12
04:53:21       172356    685784    965640     49.50      5596    652592   2035588    104.35    812132    726016        12
04:53:22       172356    685784    965640     49.50      5596    652592   2035588    104.35    812132    726016        12
04:53:23       172356    685784    965640     49.50      5596    652592   2035588    104.35    812132    726016        12
04:53:24       172356    685784    965640     49.50      5596    652592   2035588    104.35    812132    726016        12
04:53:25       172356    685784    965640     49.50      5596    652592   2035588    104.35    812132    726016        12
04:53:26       172356    685784    965628     49.50      5596    652604   2035588    104.35    812132    726016        24
04:53:27       172356    685784    965628     49.50      5596    652604   2035588    104.35    812132    726016        24
04:53:28       172356    685784    965628     49.50      5596    652604   2035588    104.35    812132    726016        24
04:53:29       172356    685784    965628     49.50      5596    652604   2035588    104.35    812132    726016        24
04:53:30       172356    685784    965628     49.50      5596    652604   2035588    104.35    812132    726016        24
04:53:31       172356    685784    965628     49.50      5596    652604   2035588    104.35    812132    726016        24
04:53:32       172356    685784    965628     49.50      5596    652604   2035588    104.35    812132    726016        24
04:53:33       172356    685784    965628     49.50      5596    652604   2035588    104.35    812132    726016        24
04:53:34       172356    685784    965628     49.50      5596    652604   2035588    104.35    812132    726016        24
04:53:35       172356    685784    965628     49.50      5596    652604   2035588    104.35    812132    726016        24
04:53:36       172356    685784    965628     49.50      5596    652604   2035588    104.35    812132    726016        24
04:53:37       172356    685784    965628     49.50      5596    652604   2035652    104.35    812132    726016        24
04:53:38       172356    685784    965628     49.50      5596    652604   2035652    104.35    812132    726016        24
04:53:39       172356    685784    965628     49.50      5596    652604   2035652    104.35    812132    726016        24
04:53:40       172356    685784    965628     49.50      5596    652604   2035652    104.35    812132    726016        24
04:53:41       172356    685784    965628     49.50      5596    652604   2035652    104.35    812132    726016        24
04:53:42       172356    685784    965628     49.50      5596    652604   2035652    104.35    812132    726016        24
04:53:43       172356    685784    965628     49.50      5596    652604   2035652    104.35    812132    726016        24
04:53:44       172356    685784    965628     49.50      5596    652604   2035652    104.35    812132    726016        24
04:53:45       172356    685784    965628     49.50      5596    652604   2035652    104.35    812132    726016        24
04:53:46       172356    685784    965624     49.50      5596    652608   2035652    104.35    812132    726016        28
04:53:47       172356    685784    965624     49.50      5620    652584   2035652    104.35    812132    726016        28
04:53:48       172356    685816    965600     49.50      5620    652608   2035652    104.35    812168    726048        68
04:53:49       172356    685816    965600     49.50      5620    652608   2035652    104.35    812168    726048        68
04:53:50       172356    685816    965600     49.50      5620    652608   2035652    104.35    812168    726048        68
04:53:51       172356    685816    965600     49.50      5620    652608   2035652    104.35    812168    726048        52
04:53:52       172356    685816    965600     49.50      5620    652608   2035652    104.35    812168    726048        52
04:53:53       172356    685816    965600     49.50      5620    652608   2035652    104.35    812336    726048        52
04:53:54       172356    685816    965600     49.50      5620    652608   2035652    104.35    812416    726048        52
04:53:55       172356    685816    965600     49.50      5620    652608   2035652    104.35    812416    726048        52
04:53:56       172356    685816    965600     49.50      5620    652608   2035652    104.35    812416    726048        52
04:53:57       172356    685816    965600     49.50      5620    652608   2035652    104.35    812416    726048        52
04:53:58       172356    685816    965600     49.50      5620    652608   2035652    104.35    812416    726048        52
04:53:59       172356    685816    965596     49.50      5620    652612   2035652    104.35    812416    726048        56
04:54:00       172356    685816    965596     49.50      5620    652612   2035652    104.35    812416    726048        56
04:54:01       172356    685816    965596     49.50      5620    652612   2035652    104.35    812416    726048        56
04:54:02       172356    685816    965596     49.50      5620    652612   2035652    104.35    812416    726048        56
04:54:03       172356    685816    965596     49.50      5620    652612   2035652    104.35    812416    726048        56
04:54:04       172356    685816    965596     49.50      5620    652612   2035652    104.35    812416    726048        56
04:54:05       172356    685816    965596     49.50      5620    652612   2035652    104.35    812416    726048        56
04:54:06       172356    685816    965592     49.50      5620    652616   2035652    104.35    812416    726048        60
04:54:07       172356    685816    965592     49.50      5620    652616   2035652    104.35    812416    726048        60
04:54:08       172356    685816    965592     49.50      5620    652616   2035652    104.35    812416    726048        60
04:54:09       172356    685816    965592     49.50      5620    652616   2035652    104.35    812416    726048        60
04:54:10       172356    685816    965592     49.50      5620    652616   2035652    104.35    812416    726048        60
04:54:11       172356    685816    965592     49.50      5620    652616   2035652    104.35    812416    726048        60
04:54:12       172356    685816    965592     49.50      5620    652616   2035652    104.35    812416    726048        60
04:54:13       172356    685816    965592     49.50      5620    652616   2035652    104.35    812416    726048        60
04:54:14       172356    685816    965592     49.50      5620    652616   2035652    104.35    812416    726048        60
04:54:15       172356    685816    965592     49.50      5620    652616   2035652    104.35    812416    726048        60
04:54:16       172356    685816    965592     49.50      5620    652616   2035652    104.35    812416    726048        60
04:54:17       172356    685816    965592     49.50      5644    652592   2035652    104.35    812416    726048        60
04:54:18       172356    685860    965564     49.50      5644    652620   2035652    104.35    812500    726092        24
04:54:19       172356    685860    965564     49.50      5644    652620   2035652    104.35    812500    726092        24
04:54:20       172356    685860    965564     49.50      5644    652620   2035652    104.35    812500    726092        24
04:54:21       172356    685860    965564     49.50      5644    652620   2035652    104.35    812500    726092        24
04:54:22       172356    685860    965564     49.50      5644    652620   2035652    104.35    812500    726092        12
04:54:23       172356    685860    965564     49.50      5644    652620   2035652    104.35    812500    726092        12
04:54:24       172356    685860    965564     49.50      5644    652620   2035652    104.35    812500    726092        12
04:54:25       172356    685860    965564     49.50      5644    652620   2035652    104.35    812500    726092        12
04:54:26       172356    685860    965560     49.50      5644    652624   2035652    104.35    812500    726092        16
04:54:27       172356    685860    965560     49.50      5644    652624   2035652    104.35    812500    726092        16
04:54:28       172356    685860    965560     49.50      5644    652624   2035652    104.35    812500    726092        16
04:54:29       172356    685860    965560     49.50      5644    652624   2035652    104.35    812500    726092        16
04:54:30       172356    685860    965560     49.50      5644    652624   2035652    104.35    812500    726092        16
04:54:31       172356    685860    965560     49.50      5644    652624   2035652    104.35    812500    726092        16
04:54:32       172356    685860    965560     49.50      5644    652624   2035652    104.35    812500    726092        16
04:54:33       172356    685860    965556     49.50      5644    652628   2035652    104.35    812500    726092        20
04:54:34       172356    685860    965556     49.50      5644    652628   2035652    104.35    812500    726092        20
04:54:35       172356    685860    965556     49.50      5644    652628   2035652    104.35    812500    726092        20
04:54:36       172356    685860    965556     49.50      5644    652628   2035652    104.35    812500    726092        20
04:54:37       172356    685860    965556     49.50      5644    652628   2035652    104.35    812500    726092        20

Average:       185134    698539    952879     48.85      5580    652592   2022766    103.69    799407    725993        47
