Linux 7.0.0-1008-aws (ip-172-31-31-224) 	08/07/26 	_x86_64_	(2 CPU)

04:51:45        IFACE   rxpck/s   txpck/s    rxkB/s    txkB/s   rxcmp/s   txcmp/s  rxmcst/s   %ifutil
04:51:46         ens5     39.00     39.00      3.74      5.65      0.00      0.00      0.00      0.00

04:51:46        IFACE   rxpck/s   txpck/s    rxkB/s    txkB/s   rxcmp/s   txcmp/s  rxmcst/s   %ifutil
04:51:47         ens5     39.00     32.00      3.74      4.60      0.00      0.00      0.00      0.00

04:51:47        IFACE   rxpck/s   txpck/s    rxkB/s    txkB/s   rxcmp/s   txcmp/s  rxmcst/s   %ifutil
04:51:48         ens5     36.00     34.00      3.23      4.91      0.00      0.00      0.00      0.00

04:51:48        IFACE   rxpck/s   txpck/s    rxkB/s    txkB/s   rxcmp/s   txcmp/s  rxmcst/s   %ifutil
04:51:49         ens5      7.00      7.00      0.36      1.52      0.00      0.00      0.00      0.00

04:51:49        IFACE   rxpck/s   txpck/s    rxkB/s    txkB/s   rxcmp/s   txcmp/s  rxmcst/s   %ifutil
04:51:50         ens5      3.00      3.00      0.15      0.51      0.00      0.00      0.00      0.00

04:51:50        IFACE   rxpck/s   txpck/s    rxkB/s    txkB/s   rxcmp/s   txcmp/s  rxmcst/s   %ifutil
04:51:51         ens5     12.00     12.00      0.61      2.40      0.00      0.00      0.00      0.00

04:51:51        IFACE   rxpck/s   txpck/s    rxkB/s    txkB/s   rxcmp/s   txcmp/s  rxmcst/s   %ifutil
04:51:52         ens5      6.00      6.00      0.33      1.19      0.00      0.00      0.00      0.00

04:51:52        IFACE   rxpck/s   txpck/s    rxkB/s    txkB/s   rxcmp/s   txcmp/s  rxmcst/s   %ifutil
04:51:53         ens5      4.00      4.00      0.20      0.84      0.00      0.00      0.00      0.00

04:51:53        IFACE   rxpck/s   txpck/s    rxkB/s    txkB/s   rxcmp/s   txcmp/s  rxmcst/s   %ifutil
04:51:54         ens5      0.00      0.00      0.00      0.00      0.00      0.00      0.00      0.00

04:51:54        IFACE   rxpck/s   txpck/s    rxkB/s    txkB/s   rxcmp/s   txcmp/s  rxmcst/s   %ifutil
04:51:55         ens5      0.00      0.00      0.00      0.00      0.00      0.00      0.00      0.00

04:51:55        IFACE   rxpck/s   txpck/s    rxkB/s    txkB/s   rxcmp/s   txcmp/s  rxmcst/s   %ifutil
04:51:56         ens5    188.00    241.00     11.18    236.29      0.00      0.00      0.00      0.00

04:51:56        IFACE   rxpck/s   txpck/s    rxkB/s    txkB/s   rxcmp/s   txcmp/s  rxmcst/s   %ifutil
04:51:57         ens5    179.00    231.00     10.65    226.92      0.00      0.00      0.00      0.00

04:51:57        IFACE   rxpck/s   txpck/s    rxkB/s    txkB/s   rxcmp/s   txcmp/s  rxmcst/s   %ifutil
04:51:58         ens5    177.00    219.00     10.53    210.34      0.00      0.00      0.00      0.00

04:51:58        IFACE   rxpck/s   txpck/s    rxkB/s    txkB/s   rxcmp/s   txcmp/s  rxmcst/s   %ifutil
04:51:59         ens5    180.00    231.00     10.72    226.97      0.00      0.00      0.00      0.00

04:51:59        IFACE   rxpck/s   txpck/s    rxkB/s    txkB/s   rxcmp/s   txcmp/s  rxmcst/s   %ifutil
04:52:00         ens5    172.00    219.00     10.28    210.34      0.00      0.00      0.00      0.00

04:52:00        IFACE   rxpck/s   txpck/s    rxkB/s    txkB/s   rxcmp/s   txcmp/s  rxmcst/s   %ifutil
04:52:01         ens5    166.00    213.00      9.88    209.48      0.00      0.00      0.00      0.00

04:52:01        IFACE   rxpck/s   txpck/s    rxkB/s    txkB/s   rxcmp/s   txcmp/s  rxmcst/s   %ifutil
04:52:02         ens5    162.00    214.00      9.73    208.01      0.00      0.00      0.00      0.00

04:52:02        IFACE   rxpck/s   txpck/s    rxkB/s    txkB/s   rxcmp/s   txcmp/s  rxmcst/s   %ifutil
04:52:03         ens5    179.00    219.00     10.59    211.87      0.00      0.00      0.00      0.00

04:52:03        IFACE   rxpck/s   txpck/s    rxkB/s    txkB/s   rxcmp/s   txcmp/s  rxmcst/s   %ifutil
04:52:04         ens5    181.00    233.00     10.85    227.33      0.00      0.00      0.00      0.00

04:52:04        IFACE   rxpck/s   txpck/s    rxkB/s    txkB/s   rxcmp/s   txcmp/s  rxmcst/s   %ifutil
04:52:05         ens5    173.00    219.00     10.33    210.34      0.00      0.00      0.00      0.00

04:52:05        IFACE   rxpck/s   txpck/s    rxkB/s    txkB/s   rxcmp/s   txcmp/s  rxmcst/s   %ifutil
04:52:06         ens5    182.00    232.00     10.82    227.03      0.00      0.00      0.00      0.00

04:52:06        IFACE   rxpck/s   txpck/s    rxkB/s    txkB/s   rxcmp/s   txcmp/s  rxmcst/s   %ifutil
04:52:07         ens5    172.00    218.00     10.28    210.27      0.00      0.00      0.00      0.00

04:52:07        IFACE   rxpck/s   txpck/s    rxkB/s    txkB/s   rxcmp/s   txcmp/s  rxmcst/s   %ifutil
04:52:08         ens5    182.00    232.00     10.84    227.06      0.00      0.00      0.00      0.00

04:52:08        IFACE   rxpck/s   txpck/s    rxkB/s    txkB/s   rxcmp/s   txcmp/s  rxmcst/s   %ifutil
04:52:09         ens5    170.00    219.00     10.18    210.33      0.00      0.00      0.00      0.00

04:52:09        IFACE   rxpck/s   txpck/s    rxkB/s    txkB/s   rxcmp/s   txcmp/s  rxmcst/s   %ifutil
04:52:10         ens5    182.00    231.00     10.82    226.96      0.00      0.00      0.00      0.00

04:52:10        IFACE   rxpck/s   txpck/s    rxkB/s    txkB/s   rxcmp/s   txcmp/s  rxmcst/s   %ifutil
04:52:11         ens5    171.00    220.00     10.24    210.41      0.00      0.00      0.00      0.00

04:52:11        IFACE   rxpck/s   txpck/s    rxkB/s    txkB/s   rxcmp/s   txcmp/s  rxmcst/s   %ifutil
04:52:12         ens5    179.00    231.00     10.68    227.00      0.00      0.00      0.00      0.00

04:52:12        IFACE   rxpck/s   txpck/s    rxkB/s    txkB/s   rxcmp/s   txcmp/s  rxmcst/s   %ifutil
04:52:13         ens5    178.00    233.00     10.69    227.38      0.00      0.00      0.00      0.00

04:52:13        IFACE   rxpck/s   txpck/s    rxkB/s    txkB/s   rxcmp/s   txcmp/s  rxmcst/s   %ifutil
04:52:14         ens5    172.00    219.00     10.30    210.39      0.00      0.00      0.00      0.00

04:52:14        IFACE   rxpck/s   txpck/s    rxkB/s    txkB/s   rxcmp/s   txcmp/s  rxmcst/s   %ifutil
04:52:15         ens5    182.00    232.00     11.01    227.24      0.00      0.00      0.00      0.00

04:52:15        IFACE   rxpck/s   txpck/s    rxkB/s    txkB/s   rxcmp/s   txcmp/s  rxmcst/s   %ifutil
04:52:16         ens5    173.00    219.00     10.36    210.38      0.00      0.00      0.00      0.00

04:52:16        IFACE   rxpck/s   txpck/s    rxkB/s    txkB/s   rxcmp/s   txcmp/s  rxmcst/s   %ifutil
04:52:17         ens5    177.00    232.00     10.63    227.08      0.00      0.00      0.00      0.00

04:52:17        IFACE   rxpck/s   txpck/s    rxkB/s    txkB/s   rxcmp/s   txcmp/s  rxmcst/s   %ifutil
04:52:18         ens5    160.00    222.00      9.70    210.61      0.00      0.00      0.00      0.00

04:52:18        IFACE   rxpck/s   txpck/s    rxkB/s    txkB/s   rxcmp/s   txcmp/s  rxmcst/s   %ifutil
04:52:19         ens5    163.00    230.00      9.87    226.94      0.00      0.00      0.00      0.00

04:52:19        IFACE   rxpck/s   txpck/s    rxkB/s    txkB/s   rxcmp/s   txcmp/s  rxmcst/s   %ifutil
04:52:20         ens5    162.00    220.00      9.80    210.46      0.00      0.00      0.00      0.00

04:52:20        IFACE   rxpck/s   txpck/s    rxkB/s    txkB/s   rxcmp/s   txcmp/s  rxmcst/s   %ifutil
04:52:21         ens5    165.00    230.00      9.97    226.95      0.00      0.00      0.00      0.00

04:52:21        IFACE   rxpck/s   txpck/s    rxkB/s    txkB/s   rxcmp/s   txcmp/s  rxmcst/s   %ifutil
04:52:22         ens5    165.00    220.00      9.96    210.46      0.00      0.00      0.00      0.00

04:52:22        IFACE   rxpck/s   txpck/s    rxkB/s    txkB/s   rxcmp/s   txcmp/s  rxmcst/s   %ifutil
04:52:23         ens5    166.00    231.00     10.03    227.02      0.00      0.00      0.00      0.00

04:52:23        IFACE   rxpck/s   txpck/s    rxkB/s    txkB/s   rxcmp/s   txcmp/s  rxmcst/s   %ifutil
04:52:24         ens5    168.00    234.00     10.21    227.47      0.00      0.00      0.00      0.00

04:52:24        IFACE   rxpck/s   txpck/s    rxkB/s    txkB/s   rxcmp/s   txcmp/s  rxmcst/s   %ifutil
04:52:25         ens5    161.00    219.00      9.75    210.38      0.00      0.00      0.00      0.00

04:52:25        IFACE   rxpck/s   txpck/s    rxkB/s    txkB/s   rxcmp/s   txcmp/s  rxmcst/s   %ifutil
04:52:26         ens5    166.00    231.00     10.03    227.03      0.00      0.00      0.00      0.00

04:52:26        IFACE   rxpck/s   txpck/s    rxkB/s    txkB/s   rxcmp/s   txcmp/s  rxmcst/s   %ifutil
04:52:27         ens5    159.00    219.00      9.64    210.38      0.00      0.00      0.00      0.00

04:52:27        IFACE   rxpck/s   txpck/s    rxkB/s    txkB/s   rxcmp/s   txcmp/s  rxmcst/s   %ifutil
04:52:28         ens5    164.00    231.00      9.93    227.02      0.00      0.00      0.00      0.00

04:52:28        IFACE   rxpck/s   txpck/s    rxkB/s    txkB/s   rxcmp/s   txcmp/s  rxmcst/s   %ifutil
04:52:29         ens5    162.00    219.00      9.80    210.38      0.00      0.00      0.00      0.00

04:52:29        IFACE   rxpck/s   txpck/s    rxkB/s    txkB/s   rxcmp/s   txcmp/s  rxmcst/s   %ifutil
04:52:30         ens5    166.34    229.70     10.03    224.84      0.00      0.00      0.00      0.00

04:52:30        IFACE   rxpck/s   txpck/s    rxkB/s    txkB/s   rxcmp/s   txcmp/s  rxmcst/s   %ifutil
04:52:31         ens5    165.00    231.00     10.06    225.48      0.00      0.00      0.00      0.00

04:52:31        IFACE   rxpck/s   txpck/s    rxkB/s    txkB/s   rxcmp/s   txcmp/s  rxmcst/s   %ifutil
04:52:32         ens5    164.00    219.00      9.85    211.92      0.00      0.00      0.00      0.00

04:52:32        IFACE   rxpck/s   txpck/s    rxkB/s    txkB/s   rxcmp/s   txcmp/s  rxmcst/s   %ifutil
04:52:33         ens5    162.00    231.00      9.88    225.49      0.00      0.00      0.00      0.00

04:52:33        IFACE   rxpck/s   txpck/s    rxkB/s    txkB/s   rxcmp/s   txcmp/s  rxmcst/s   %ifutil
04:52:34         ens5    166.00    219.00      9.95    211.92      0.00      0.00      0.00      0.00

04:52:34        IFACE   rxpck/s   txpck/s    rxkB/s    txkB/s   rxcmp/s   txcmp/s  rxmcst/s   %ifutil
04:52:35         ens5    168.00    234.00     10.18    227.45      0.00      0.00      0.00      0.00

04:52:35        IFACE   rxpck/s   txpck/s    rxkB/s    txkB/s   rxcmp/s   txcmp/s  rxmcst/s   %ifutil
04:52:36         ens5    160.00    217.00      9.65    210.02      0.00      0.00      0.00      0.00

04:52:36        IFACE   rxpck/s   txpck/s    rxkB/s    txkB/s   rxcmp/s   txcmp/s  rxmcst/s   %ifutil
04:52:37         ens5    167.00    233.00     10.13    227.39      0.00      0.00      0.00      0.00

04:52:37        IFACE   rxpck/s   txpck/s    rxkB/s    txkB/s   rxcmp/s   txcmp/s  rxmcst/s   %ifutil
04:52:38         ens5    160.00    217.00      9.65    210.02      0.00      0.00      0.00      0.00

04:52:38        IFACE   rxpck/s   txpck/s    rxkB/s    txkB/s   rxcmp/s   txcmp/s  rxmcst/s   %ifutil
04:52:39         ens5    171.00    234.00     10.33    227.45      0.00      0.00      0.00      0.00

04:52:39        IFACE   rxpck/s   txpck/s    rxkB/s    txkB/s   rxcmp/s   txcmp/s  rxmcst/s   %ifutil
04:52:40         ens5    162.00    220.00      9.83    210.48      0.00      0.00      0.00      0.00

04:52:40        IFACE   rxpck/s   txpck/s    rxkB/s    txkB/s   rxcmp/s   txcmp/s  rxmcst/s   %ifutil
04:52:41         ens5    169.00    231.00     10.18    227.01      0.00      0.00      0.00      0.00

04:52:41        IFACE   rxpck/s   txpck/s    rxkB/s    txkB/s   rxcmp/s   txcmp/s  rxmcst/s   %ifutil
04:52:42         ens5    162.00    231.00      9.88    225.48      0.00      0.00      0.00      0.00

04:52:42        IFACE   rxpck/s   txpck/s    rxkB/s    txkB/s   rxcmp/s   txcmp/s  rxmcst/s   %ifutil
04:52:43         ens5    169.00    219.00     10.11    211.92      0.00      0.00      0.00      0.00

04:52:43        IFACE   rxpck/s   txpck/s    rxkB/s    txkB/s   rxcmp/s   txcmp/s  rxmcst/s   %ifutil
04:52:44         ens5    160.00    220.00      9.68    210.43      0.00      0.00      0.00      0.00

04:52:44        IFACE   rxpck/s   txpck/s    rxkB/s    txkB/s   rxcmp/s   txcmp/s  rxmcst/s   %ifutil
04:52:45         ens5    168.00    231.00     10.16    227.01      0.00      0.00      0.00      0.00

04:52:45        IFACE   rxpck/s   txpck/s    rxkB/s    txkB/s   rxcmp/s   txcmp/s  rxmcst/s   %ifutil
04:52:46         ens5    161.00    231.00      9.83    225.48      0.00      0.00      0.00      0.00

04:52:46        IFACE   rxpck/s   txpck/s    rxkB/s    txkB/s   rxcmp/s   txcmp/s  rxmcst/s   %ifutil
04:52:47         ens5    167.00    219.00     10.00    211.92      0.00      0.00      0.00      0.00

04:52:47        IFACE   rxpck/s   txpck/s    rxkB/s    txkB/s   rxcmp/s   txcmp/s  rxmcst/s   %ifutil
04:52:48         ens5    161.00    219.00      9.75    210.39      0.00      0.00      0.00      0.00

04:52:48        IFACE   rxpck/s   txpck/s    rxkB/s    txkB/s   rxcmp/s   txcmp/s  rxmcst/s   %ifutil
04:52:49         ens5    165.00    230.00      9.97    226.94      0.00      0.00      0.00      0.00

04:52:49        IFACE   rxpck/s   txpck/s    rxkB/s    txkB/s   rxcmp/s   txcmp/s  rxmcst/s   %ifutil
04:52:50         ens5    161.00    219.00      9.75    210.38      0.00      0.00      0.00      0.00

04:52:50        IFACE   rxpck/s   txpck/s    rxkB/s    txkB/s   rxcmp/s   txcmp/s  rxmcst/s   %ifutil
04:52:51         ens5    171.00    232.00     10.29    227.08      0.00      0.00      0.00      0.00

04:52:51        IFACE   rxpck/s   txpck/s    rxkB/s    txkB/s   rxcmp/s   txcmp/s  rxmcst/s   %ifutil
04:52:52         ens5    161.00    220.00      9.75    210.46      0.00      0.00      0.00      0.00

04:52:52        IFACE   rxpck/s   txpck/s    rxkB/s    txkB/s   rxcmp/s   txcmp/s  rxmcst/s   %ifutil
04:52:53         ens5    168.00    232.00     10.13    227.07      0.00      0.00      0.00      0.00

04:52:53        IFACE   rxpck/s   txpck/s    rxkB/s    txkB/s   rxcmp/s   txcmp/s  rxmcst/s   %ifutil
04:52:54         ens5    162.00    231.00      9.88    225.48      0.00      0.00      0.00      0.00

04:52:54        IFACE   rxpck/s   txpck/s    rxkB/s    txkB/s   rxcmp/s   txcmp/s  rxmcst/s   %ifutil
04:52:55         ens5    166.00    222.00     10.00    212.35      0.00      0.00      0.00      0.00

04:52:55        IFACE   rxpck/s   txpck/s    rxkB/s    txkB/s   rxcmp/s   txcmp/s  rxmcst/s   %ifutil
04:52:56         ens5    159.00    229.00      9.68    225.12      0.00      0.00      0.00      0.00

04:52:56        IFACE   rxpck/s   txpck/s    rxkB/s    txkB/s   rxcmp/s   txcmp/s  rxmcst/s   %ifutil
04:52:57         ens5    165.00    220.00      9.93    212.01      0.00      0.00      0.00      0.00

04:52:57        IFACE   rxpck/s   txpck/s    rxkB/s    txkB/s   rxcmp/s   txcmp/s  rxmcst/s   %ifutil
04:52:58         ens5    161.00    233.00      9.83    227.39      0.00      0.00      0.00      0.00

04:52:58        IFACE   rxpck/s   txpck/s    rxkB/s    txkB/s   rxcmp/s   txcmp/s  rxmcst/s   %ifutil
04:52:59         ens5    163.00    221.00      9.89    210.52      0.00      0.00      0.00      0.00

04:52:59        IFACE   rxpck/s   txpck/s    rxkB/s    txkB/s   rxcmp/s   txcmp/s  rxmcst/s   %ifutil
04:53:00         ens5    158.00    216.00      9.55    209.95      0.00      0.00      0.00      0.00

04:53:00        IFACE   rxpck/s   txpck/s    rxkB/s    txkB/s   rxcmp/s   txcmp/s  rxmcst/s   %ifutil
04:53:01         ens5    165.00    230.00      9.97    226.95      0.00      0.00      0.00      0.00

04:53:01        IFACE   rxpck/s   txpck/s    rxkB/s    txkB/s   rxcmp/s   txcmp/s  rxmcst/s   %ifutil
04:53:02         ens5    159.00    216.00      9.60    209.95      0.00      0.00      0.00      0.00

04:53:02        IFACE   rxpck/s   txpck/s    rxkB/s    txkB/s   rxcmp/s   txcmp/s  rxmcst/s   %ifutil
04:53:03         ens5    161.00    219.00      9.75    210.38      0.00      0.00      0.00      0.00

04:53:03        IFACE   rxpck/s   txpck/s    rxkB/s    txkB/s   rxcmp/s   txcmp/s  rxmcst/s   %ifutil
04:53:04         ens5    170.00    232.00     10.24    227.08      0.00      0.00      0.00      0.00

04:53:04        IFACE   rxpck/s   txpck/s    rxkB/s    txkB/s   rxcmp/s   txcmp/s  rxmcst/s   %ifutil
04:53:05         ens5    158.00    218.00      9.59    210.31      0.00      0.00      0.00      0.00

04:53:05        IFACE   rxpck/s   txpck/s    rxkB/s    txkB/s   rxcmp/s   txcmp/s  rxmcst/s   %ifutil
04:53:06         ens5    168.00    232.00     10.13    227.08      0.00      0.00      0.00      0.00

04:53:06        IFACE   rxpck/s   txpck/s    rxkB/s    txkB/s   rxcmp/s   txcmp/s  rxmcst/s   %ifutil
04:53:07         ens5    157.00    232.00      9.62    225.55      0.00      0.00      0.00      0.00

04:53:07        IFACE   rxpck/s   txpck/s    rxkB/s    txkB/s   rxcmp/s   txcmp/s  rxmcst/s   %ifutil
04:53:08         ens5    166.00    221.00     10.00    212.28      0.00      0.00      0.00      0.00

04:53:08        IFACE   rxpck/s   txpck/s    rxkB/s    txkB/s   rxcmp/s   txcmp/s  rxmcst/s   %ifutil
04:53:09         ens5    168.00    232.00     10.13    227.08      0.00      0.00      0.00      0.00

04:53:09        IFACE   rxpck/s   txpck/s    rxkB/s    txkB/s   rxcmp/s   txcmp/s  rxmcst/s   %ifutil
04:53:10         ens5    160.00    219.00      9.70    210.39      0.00      0.00      0.00      0.00

04:53:10        IFACE   rxpck/s   txpck/s    rxkB/s    txkB/s   rxcmp/s   txcmp/s  rxmcst/s   %ifutil
04:53:11         ens5    170.00    231.00     10.23    227.01      0.00      0.00      0.00      0.00

04:53:11        IFACE   rxpck/s   txpck/s    rxkB/s    txkB/s   rxcmp/s   txcmp/s  rxmcst/s   %ifutil
04:53:12         ens5    160.00    219.00      9.70    210.39      0.00      0.00      0.00      0.00

04:53:12        IFACE   rxpck/s   txpck/s    rxkB/s    txkB/s   rxcmp/s   txcmp/s  rxmcst/s   %ifutil
04:53:13         ens5    172.00    232.00     10.44    227.10      0.00      0.00      0.00      0.00

04:53:13        IFACE   rxpck/s   txpck/s    rxkB/s    txkB/s   rxcmp/s   txcmp/s  rxmcst/s   %ifutil
04:53:14         ens5    160.00    231.00      9.73    225.49      0.00      0.00      0.00      0.00

04:53:14        IFACE   rxpck/s   txpck/s    rxkB/s    txkB/s   rxcmp/s   txcmp/s  rxmcst/s   %ifutil
04:53:15         ens5    168.00    219.00     10.05    211.92      0.00      0.00      0.00      0.00

04:53:15        IFACE   rxpck/s   txpck/s    rxkB/s    txkB/s   rxcmp/s   txcmp/s  rxmcst/s   %ifutil
04:53:16         ens5    171.00    234.00     10.33    227.45      0.00      0.00      0.00      0.00

04:53:16        IFACE   rxpck/s   txpck/s    rxkB/s    txkB/s   rxcmp/s   txcmp/s  rxmcst/s   %ifutil
04:53:17         ens5    159.00    219.00      9.65    210.40      0.00      0.00      0.00      0.00

04:53:17        IFACE   rxpck/s   txpck/s    rxkB/s    txkB/s   rxcmp/s   txcmp/s  rxmcst/s   %ifutil
04:53:18         ens5    167.00    231.00     10.08    227.01      0.00      0.00      0.00      0.00

04:53:18        IFACE   rxpck/s   txpck/s    rxkB/s    txkB/s   rxcmp/s   txcmp/s  rxmcst/s   %ifutil
04:53:19         ens5    163.00    231.00      9.93    225.48      0.00      0.00      0.00      0.00

04:53:19        IFACE   rxpck/s   txpck/s    rxkB/s    txkB/s   rxcmp/s   txcmp/s  rxmcst/s   %ifutil
04:53:20         ens5    164.00    220.00      9.85    211.98      0.00      0.00      0.00      0.00

04:53:20        IFACE   rxpck/s   txpck/s    rxkB/s    txkB/s   rxcmp/s   txcmp/s  rxmcst/s   %ifutil
04:53:21         ens5    159.00    231.00      9.72    225.48      0.00      0.00      0.00      0.00

04:53:21        IFACE   rxpck/s   txpck/s    rxkB/s    txkB/s   rxcmp/s   txcmp/s  rxmcst/s   %ifutil
04:53:22         ens5    163.00    219.00      9.80    211.93      0.00      0.00      0.00      0.00

04:53:22        IFACE   rxpck/s   txpck/s    rxkB/s    txkB/s   rxcmp/s   txcmp/s  rxmcst/s   %ifutil
04:53:23         ens5    157.00    219.00      9.55    210.39      0.00      0.00      0.00      0.00

04:53:23        IFACE   rxpck/s   txpck/s    rxkB/s    txkB/s   rxcmp/s   txcmp/s  rxmcst/s   %ifutil
04:53:24         ens5    170.00    232.00     10.23    227.07      0.00      0.00      0.00      0.00

04:53:24        IFACE   rxpck/s   txpck/s    rxkB/s    txkB/s   rxcmp/s   txcmp/s  rxmcst/s   %ifutil
04:53:25         ens5    160.00    218.00      9.70    210.32      0.00      0.00      0.00      0.00

04:53:25        IFACE   rxpck/s   txpck/s    rxkB/s    txkB/s   rxcmp/s   txcmp/s  rxmcst/s   %ifutil
04:53:26         ens5    168.00    231.00     10.17    227.01      0.00      0.00      0.00      0.00

04:53:26        IFACE   rxpck/s   txpck/s    rxkB/s    txkB/s   rxcmp/s   txcmp/s  rxmcst/s   %ifutil
04:53:27         ens5    160.00    219.00      9.70    210.38      0.00      0.00      0.00      0.00

04:53:27        IFACE   rxpck/s   txpck/s    rxkB/s    txkB/s   rxcmp/s   txcmp/s  rxmcst/s   %ifutil
04:53:28         ens5    165.00    231.00      9.98    227.02      0.00      0.00      0.00      0.00

04:53:28        IFACE   rxpck/s   txpck/s    rxkB/s    txkB/s   rxcmp/s   txcmp/s  rxmcst/s   %ifutil
04:53:29         ens5    160.00    218.00      9.67    210.10      0.00      0.00      0.00      0.00

04:53:29        IFACE   rxpck/s   txpck/s    rxkB/s    txkB/s   rxcmp/s   txcmp/s  rxmcst/s   %ifutil
04:53:30         ens5    167.00    233.00     10.13    227.38      0.00      0.00      0.00      0.00

04:53:30        IFACE   rxpck/s   txpck/s    rxkB/s    txkB/s   rxcmp/s   txcmp/s  rxmcst/s   %ifutil
04:53:31         ens5    162.00    217.00      9.75    210.01      0.00      0.00      0.00      0.00

04:53:31        IFACE   rxpck/s   txpck/s    rxkB/s    txkB/s   rxcmp/s   txcmp/s  rxmcst/s   %ifutil
04:53:32         ens5    163.00    231.00      9.93    225.48      0.00      0.00      0.00      0.00

04:53:32        IFACE   rxpck/s   txpck/s    rxkB/s    txkB/s   rxcmp/s   txcmp/s  rxmcst/s   %ifutil
04:53:33         ens5    166.00    219.00      9.95    211.92      0.00      0.00      0.00      0.00

04:53:33        IFACE   rxpck/s   txpck/s    rxkB/s    txkB/s   rxcmp/s   txcmp/s  rxmcst/s   %ifutil
04:53:34         ens5    170.00    234.00     10.28    227.45      0.00      0.00      0.00      0.00

04:53:34        IFACE   rxpck/s   txpck/s    rxkB/s    txkB/s   rxcmp/s   txcmp/s  rxmcst/s   %ifutil
04:53:35         ens5    157.00    218.00      9.54    210.32      0.00      0.00      0.00      0.00

04:53:35        IFACE   rxpck/s   txpck/s    rxkB/s    txkB/s   rxcmp/s   txcmp/s  rxmcst/s   %ifutil
04:53:36         ens5    170.00    232.00     10.24    227.07      0.00      0.00      0.00      0.00

04:53:36        IFACE   rxpck/s   txpck/s    rxkB/s    txkB/s   rxcmp/s   txcmp/s  rxmcst/s   %ifutil
04:53:37         ens5    158.00    219.00      9.60    210.40      0.00      0.00      0.00      0.00

04:53:37        IFACE   rxpck/s   txpck/s    rxkB/s    txkB/s   rxcmp/s   txcmp/s  rxmcst/s   %ifutil
04:53:38         ens5    166.00    231.00     10.03    227.01      0.00      0.00      0.00      0.00

04:53:38        IFACE   rxpck/s   txpck/s    rxkB/s    txkB/s   rxcmp/s   txcmp/s  rxmcst/s   %ifutil
04:53:39         ens5    161.00    231.00      9.83    225.49      0.00      0.00      0.00      0.00

04:53:39        IFACE   rxpck/s   txpck/s    rxkB/s    txkB/s   rxcmp/s   txcmp/s  rxmcst/s   %ifutil
04:53:40         ens5    170.00    219.00     10.19    211.92      0.00      0.00      0.00      0.00

04:53:40        IFACE   rxpck/s   txpck/s    rxkB/s    txkB/s   rxcmp/s   txcmp/s  rxmcst/s   %ifutil
04:53:41         ens5    160.00    219.00      9.70    210.40      0.00      0.00      0.00      0.00

04:53:41        IFACE   rxpck/s   txpck/s    rxkB/s    txkB/s   rxcmp/s   txcmp/s  rxmcst/s   %ifutil
04:53:42         ens5    168.00    231.00     10.13    227.01      0.00      0.00      0.00      0.00

04:53:42        IFACE   rxpck/s   txpck/s    rxkB/s    txkB/s   rxcmp/s   txcmp/s  rxmcst/s   %ifutil
04:53:43         ens5    170.00    234.00     10.28    227.44      0.00      0.00      0.00      0.00

04:53:43        IFACE   rxpck/s   txpck/s    rxkB/s    txkB/s   rxcmp/s   txcmp/s  rxmcst/s   %ifutil
04:53:44         ens5    164.00    219.00      9.91    210.39      0.00      0.00      0.00      0.00

04:53:44        IFACE   rxpck/s   txpck/s    rxkB/s    txkB/s   rxcmp/s   txcmp/s  rxmcst/s   %ifutil
04:53:45         ens5    168.00    232.00     10.15    227.10      0.00      0.00      0.00      0.00

04:53:45        IFACE   rxpck/s   txpck/s    rxkB/s    txkB/s   rxcmp/s   txcmp/s  rxmcst/s   %ifutil
04:53:46         ens5    161.00    232.00      9.80    225.52      0.00      0.00      0.00      0.00

04:53:46        IFACE   rxpck/s   txpck/s    rxkB/s    txkB/s   rxcmp/s   txcmp/s  rxmcst/s   %ifutil
04:53:47         ens5    164.00    221.00      9.90    212.29      0.00      0.00      0.00      0.00

04:53:47        IFACE   rxpck/s   txpck/s    rxkB/s    txkB/s   rxcmp/s   txcmp/s  rxmcst/s   %ifutil
04:53:48         ens5    167.00    231.00     10.08    227.02      0.00      0.00      0.00      0.00

04:53:48        IFACE   rxpck/s   txpck/s    rxkB/s    txkB/s   rxcmp/s   txcmp/s  rxmcst/s   %ifutil
04:53:49         ens5    162.00    219.00      9.80    210.39      0.00      0.00      0.00      0.00

04:53:49        IFACE   rxpck/s   txpck/s    rxkB/s    txkB/s   rxcmp/s   txcmp/s  rxmcst/s   %ifutil
04:53:50         ens5    168.00    231.00     10.13    227.02      0.00      0.00      0.00      0.00

04:53:50        IFACE   rxpck/s   txpck/s    rxkB/s    txkB/s   rxcmp/s   txcmp/s  rxmcst/s   %ifutil
04:53:51         ens5    158.00    219.00      9.59    210.38      0.00      0.00      0.00      0.00

04:53:51        IFACE   rxpck/s   txpck/s    rxkB/s    txkB/s   rxcmp/s   txcmp/s  rxmcst/s   %ifutil
04:53:52         ens5    170.00    232.00     10.24    227.08      0.00      0.00      0.00      0.00

04:53:52        IFACE   rxpck/s   txpck/s    rxkB/s    txkB/s   rxcmp/s   txcmp/s  rxmcst/s   %ifutil
04:53:53         ens5    157.00    218.00      9.54    210.32      0.00      0.00      0.00      0.00

04:53:53        IFACE   rxpck/s   txpck/s    rxkB/s    txkB/s   rxcmp/s   txcmp/s  rxmcst/s   %ifutil
04:53:54         ens5    174.00    231.00     10.47    227.01      0.00      0.00      0.00      0.00

04:53:54        IFACE   rxpck/s   txpck/s    rxkB/s    txkB/s   rxcmp/s   txcmp/s  rxmcst/s   %ifutil
04:53:55         ens5    173.00    219.00     10.36    210.39      0.00      0.00      0.00      0.00

04:53:55        IFACE   rxpck/s   txpck/s    rxkB/s    txkB/s   rxcmp/s   txcmp/s  rxmcst/s   %ifutil
04:53:56         ens5    177.00    232.00     10.59    227.08      0.00      0.00      0.00      0.00

04:53:56        IFACE   rxpck/s   txpck/s    rxkB/s    txkB/s   rxcmp/s   txcmp/s  rxmcst/s   %ifutil
04:53:57         ens5    174.00    231.00     10.49    225.48      0.00      0.00      0.00      0.00

04:53:57        IFACE   rxpck/s   txpck/s    rxkB/s    txkB/s   rxcmp/s   txcmp/s  rxmcst/s   %ifutil
04:53:58         ens5    179.00    219.00     10.61    211.92      0.00      0.00      0.00      0.00

04:53:58        IFACE   rxpck/s   txpck/s    rxkB/s    txkB/s   rxcmp/s   txcmp/s  rxmcst/s   %ifutil
04:53:59         ens5    175.00    218.00     10.46    210.32      0.00      0.00      0.00      0.00

04:53:59        IFACE   rxpck/s   txpck/s    rxkB/s    txkB/s   rxcmp/s   txcmp/s  rxmcst/s   %ifutil
04:54:00         ens5    178.00    231.00     10.64    227.01      0.00      0.00      0.00      0.00

04:54:00        IFACE   rxpck/s   txpck/s    rxkB/s    txkB/s   rxcmp/s   txcmp/s  rxmcst/s   %ifutil
04:54:01         ens5    154.00    198.00      9.22    192.45      0.00      0.00      0.00      0.00

04:54:01        IFACE   rxpck/s   txpck/s    rxkB/s    txkB/s   rxcmp/s   txcmp/s  rxmcst/s   %ifutil
04:54:02         ens5    156.00    199.00      9.34    192.54      0.00      0.00      0.00      0.00

04:54:02        IFACE   rxpck/s   txpck/s    rxkB/s    txkB/s   rxcmp/s   txcmp/s  rxmcst/s   %ifutil
04:54:03         ens5    175.00    220.00     10.46    210.46      0.00      0.00      0.00      0.00

04:54:03        IFACE   rxpck/s   txpck/s    rxkB/s    txkB/s   rxcmp/s   txcmp/s  rxmcst/s   %ifutil
04:54:04         ens5    177.00    230.00     10.58    226.95      0.00      0.00      0.00      0.00

04:54:04        IFACE   rxpck/s   txpck/s    rxkB/s    txkB/s   rxcmp/s   txcmp/s  rxmcst/s   %ifutil
04:54:05         ens5    177.00    220.00     10.56    210.44      0.00      0.00      0.00      0.00

04:54:05        IFACE   rxpck/s   txpck/s    rxkB/s    txkB/s   rxcmp/s   txcmp/s  rxmcst/s   %ifutil
04:54:06         ens5    181.00    231.00     10.79    227.02      0.00      0.00      0.00      0.00

04:54:06        IFACE   rxpck/s   txpck/s    rxkB/s    txkB/s   rxcmp/s   txcmp/s  rxmcst/s   %ifutil
04:54:07         ens5    174.00    219.00     10.41    210.38      0.00      0.00      0.00      0.00

04:54:07        IFACE   rxpck/s   txpck/s    rxkB/s    txkB/s   rxcmp/s   txcmp/s  rxmcst/s   %ifutil
04:54:08         ens5    175.00    232.00     10.53    227.08      0.00      0.00      0.00      0.00

04:54:08        IFACE   rxpck/s   txpck/s    rxkB/s    txkB/s   rxcmp/s   txcmp/s  rxmcst/s   %ifutil
04:54:09         ens5    164.00    220.00      9.98    210.46      0.00      0.00      0.00      0.00

04:54:09        IFACE   rxpck/s   txpck/s    rxkB/s    txkB/s   rxcmp/s   txcmp/s  rxmcst/s   %ifutil
04:54:10         ens5    167.00    230.00     10.00    226.94      0.00      0.00      0.00      0.00

04:54:10        IFACE   rxpck/s   txpck/s    rxkB/s    txkB/s   rxcmp/s   txcmp/s  rxmcst/s   %ifutil
04:54:11         ens5    159.00    219.00      9.65    210.39      0.00      0.00      0.00      0.00

04:54:11        IFACE   rxpck/s   txpck/s    rxkB/s    txkB/s   rxcmp/s   txcmp/s  rxmcst/s   %ifutil
04:54:12         ens5    172.00    233.00     10.38    227.38      0.00      0.00      0.00      0.00

04:54:12        IFACE   rxpck/s   txpck/s    rxkB/s    txkB/s   rxcmp/s   txcmp/s  rxmcst/s   %ifutil
04:54:13         ens5    165.00    231.00      9.98    227.02      0.00      0.00      0.00      0.00

04:54:13        IFACE   rxpck/s   txpck/s    rxkB/s    txkB/s   rxcmp/s   txcmp/s  rxmcst/s   %ifutil
04:54:14         ens5    159.00    217.00      9.60    210.02      0.00      0.00      0.00      0.00

04:54:14        IFACE   rxpck/s   txpck/s    rxkB/s    txkB/s   rxcmp/s   txcmp/s  rxmcst/s   %ifutil
04:54:15         ens5    162.00    231.00      9.88    225.48      0.00      0.00      0.00      0.00

04:54:15        IFACE   rxpck/s   txpck/s    rxkB/s    txkB/s   rxcmp/s   txcmp/s  rxmcst/s   %ifutil
04:54:16         ens5    166.00    221.00     10.00    212.29      0.00      0.00      0.00      0.00

04:54:16        IFACE   rxpck/s   txpck/s    rxkB/s    txkB/s   rxcmp/s   txcmp/s  rxmcst/s   %ifutil
04:54:17         ens5    165.00    231.00      9.98    227.02      0.00      0.00      0.00      0.00

04:54:17        IFACE   rxpck/s   txpck/s    rxkB/s    txkB/s   rxcmp/s   txcmp/s  rxmcst/s   %ifutil
04:54:18         ens5    161.00    220.00      9.77    210.47      0.00      0.00      0.00      0.00

04:54:18        IFACE   rxpck/s   txpck/s    rxkB/s    txkB/s   rxcmp/s   txcmp/s  rxmcst/s   %ifutil
04:54:19         ens5    164.00    231.00      9.93    227.02      0.00      0.00      0.00      0.00

04:54:19        IFACE   rxpck/s   txpck/s    rxkB/s    txkB/s   rxcmp/s   txcmp/s  rxmcst/s   %ifutil
04:54:20         ens5    162.00    220.00      9.80    210.46      0.00      0.00      0.00      0.00

04:54:20        IFACE   rxpck/s   txpck/s    rxkB/s    txkB/s   rxcmp/s   txcmp/s  rxmcst/s   %ifutil
04:54:21         ens5    166.00    231.00     10.03    227.01      0.00      0.00      0.00      0.00

04:54:21        IFACE   rxpck/s   txpck/s    rxkB/s    txkB/s   rxcmp/s   txcmp/s  rxmcst/s   %ifutil
04:54:22         ens5    175.00    232.00     10.57    225.55      0.00      0.00      0.00      0.00

04:54:22        IFACE   rxpck/s   txpck/s    rxkB/s    txkB/s   rxcmp/s   txcmp/s  rxmcst/s   %ifutil
04:54:23         ens5    179.00    219.00     10.61    211.92      0.00      0.00      0.00      0.00

04:54:23        IFACE   rxpck/s   txpck/s    rxkB/s    txkB/s   rxcmp/s   txcmp/s  rxmcst/s   %ifutil
04:54:24         ens5    180.00    233.00     10.79    227.38      0.00      0.00      0.00      0.00

04:54:24        IFACE   rxpck/s   txpck/s    rxkB/s    txkB/s   rxcmp/s   txcmp/s  rxmcst/s   %ifutil
04:54:25         ens5    172.00    219.00     10.30    210.38      0.00      0.00      0.00      0.00

04:54:25        IFACE   rxpck/s   txpck/s    rxkB/s    txkB/s   rxcmp/s   txcmp/s  rxmcst/s   %ifutil
04:54:26         ens5    169.00    229.00     10.19    225.11      0.00      0.00      0.00      0.00

04:54:26        IFACE   rxpck/s   txpck/s    rxkB/s    txkB/s   rxcmp/s   txcmp/s  rxmcst/s   %ifutil
04:54:27         ens5    180.00    222.00     10.71    212.39      0.00      0.00      0.00      0.00

04:54:27        IFACE   rxpck/s   txpck/s    rxkB/s    txkB/s   rxcmp/s   txcmp/s  rxmcst/s   %ifutil
04:54:28         ens5    181.00    232.00     10.79    227.08      0.00      0.00      0.00      0.00

04:54:28        IFACE   rxpck/s   txpck/s    rxkB/s    txkB/s   rxcmp/s   txcmp/s  rxmcst/s   %ifutil
04:54:29         ens5    181.00    233.00     10.84    227.38      0.00      0.00      0.00      0.00

04:54:29        IFACE   rxpck/s   txpck/s    rxkB/s    txkB/s   rxcmp/s   txcmp/s  rxmcst/s   %ifutil
04:54:30         ens5    173.00    219.00     10.36    210.39      0.00      0.00      0.00      0.00

04:54:30        IFACE   rxpck/s   txpck/s    rxkB/s    txkB/s   rxcmp/s   txcmp/s  rxmcst/s   %ifutil
04:54:31         ens5    181.00    232.00     10.79    227.09      0.00      0.00      0.00      0.00

04:54:31        IFACE   rxpck/s   txpck/s    rxkB/s    txkB/s   rxcmp/s   txcmp/s  rxmcst/s   %ifutil
04:54:32         ens5    173.00    231.00     10.44    225.48      0.00      0.00      0.00      0.00

04:54:32        IFACE   rxpck/s   txpck/s    rxkB/s    txkB/s   rxcmp/s   txcmp/s  rxmcst/s   %ifutil
04:54:33         ens5    174.00    219.00     10.36    211.92      0.00      0.00      0.00      0.00

04:54:33        IFACE   rxpck/s   txpck/s    rxkB/s    txkB/s   rxcmp/s   txcmp/s  rxmcst/s   %ifutil
04:54:34         ens5    186.00    235.00     11.12    227.54      0.00      0.00      0.00      0.00

04:54:34        IFACE   rxpck/s   txpck/s    rxkB/s    txkB/s   rxcmp/s   txcmp/s  rxmcst/s   %ifutil
04:54:35         ens5    176.00    220.00     10.55    210.46      0.00      0.00      0.00      0.00

04:54:35        IFACE   rxpck/s   txpck/s    rxkB/s    txkB/s   rxcmp/s   txcmp/s  rxmcst/s   %ifutil
04:54:36         ens5     11.00     15.00      0.63     17.06      0.00      0.00      0.00      0.00

04:54:36        IFACE   rxpck/s   txpck/s    rxkB/s    txkB/s   rxcmp/s   txcmp/s  rxmcst/s   %ifutil
04:54:37         ens5      0.00      0.00      0.00      0.00      0.00      0.00      0.00      0.00


Average:        IFACE   rxpck/s   txpck/s    rxkB/s    txkB/s   rxcmp/s   txcmp/s  rxmcst/s   %ifutil
Average:         ens5    156.92    210.49      9.48    203.82      0.00      0.00      0.00      0.00
