Linux 7.0.0-1010-aws (ip-172-31-31-224) 	08/11/26 	_x86_64_	(2 CPU)

09:15:06        CPU     %user     %nice   %system   %iowait    %steal     %idle
09:15:07        all     47.96      0.00      4.59      0.00      3.06     44.39
09:15:08        all     49.00      0.00      3.00      0.00      3.50     44.50
09:15:09        all     47.98      0.00      4.04      0.00      1.52     46.46
09:15:10        all     45.05      0.00      3.47      0.00      4.95     46.53
09:15:11        all     48.24      0.00      4.02      0.00      1.01     46.73
09:15:12        all     50.00      0.00      3.03      0.00      0.51     46.46
09:15:13        all     50.25      0.00      3.52      0.00      1.01     45.23
09:15:14        all     51.50      0.00      5.50      0.00      2.00     41.00
09:15:15        all     26.13      0.00      1.51      0.00      0.50     71.86
09:15:16        all      1.00      0.00      0.00      0.00      0.00     99.00
09:15:17        all      0.00      0.00      0.50      1.00      0.50     98.01
09:15:18        all      0.00      0.00      0.50      0.00      0.00     99.50
09:15:19        all      0.50      0.00      0.00      0.00      0.00     99.50
09:15:20        all      0.00      0.00      0.00      0.00      0.00    100.00
09:15:21        all      0.00      0.00      0.00      0.00      0.00    100.00
09:15:22        all      1.00      0.00      1.50      0.00      0.50     97.00
09:15:23        all      1.53      0.00      1.02      0.00      0.51     96.94
09:15:24        all      1.00      0.00      2.00      0.00      0.50     96.50
09:15:25        all      1.00      0.00      0.50      0.00      0.50     98.00
09:15:26        all      0.00      0.00      0.00      0.00      0.00    100.00
09:15:27        all      0.00      0.00      0.00      0.00      0.00    100.00
09:15:28        all      0.00      0.00      0.00      0.00      0.00    100.00
09:15:29        all      5.47      0.00      1.99      0.00      0.00     92.54
09:15:30        all      0.50      0.00      0.00      0.00      0.50     99.00
09:15:31        all      0.00      0.00      0.00      0.00      0.00    100.00

Average:        all     17.13      0.00      1.63      0.04      0.84     80.36
