Linux 7.0.0-1010-aws (ip-172-31-31-224) 	08/11/26 	_x86_64_	(2 CPU)

09:15:06    kbmemfree   kbavail kbmemused  %memused kbbuffers  kbcached  kbcommit   %commit  kbactive   kbinact   kbdirty
09:15:07       734488   1294532    436036     22.35     23156    678704   1606168     82.33    426188    614600        52
09:15:08       662416   1222460    508108     26.04     23156    678704   1677488     85.99    496908    614600        48
09:15:09       589840   1149888    580680     29.76     23156    678708   1752056     89.81    569940    614604        36
09:15:10       533644   1093692    636876     32.65     23156    678708   1807048     92.63    627416    614604        36
09:15:11       445192   1005240    725328     37.18     23156    678708   1890556     96.91    711164    614604        36
09:15:12       380680    940728    789840     40.49     23156    678708   1957188    100.32    777500    614604        36
09:15:13       284164    844212    886356     45.43     23156    678708   2057976    105.49    876280    614604        36
09:15:14       163456    723580   1006988     51.62     23156    678784   2178368    111.66    998092    614616        48
09:15:15       147328    707452   1023116     52.44     23156    678784   2191048    112.31   1012508    614616        48
09:15:16       147328    707452   1023116     52.44     23156    678784   2191048    112.31   1012508    614616        48
09:15:17       147328    707452   1023096     52.44     23176    678784   2191048    112.31   1012624    614616       148
09:15:18       147328    707452   1023096     52.44     23176    678784   2191048    112.31   1012624    614616       148
09:15:19       147328    707452   1023092     52.44     23176    678788   2191048    112.31   1012624    614616       152
09:15:20       147328    707452   1023092     52.44     23176    678788   2191048    112.31   1012624    614616       152
09:15:21       147328    707452   1023092     52.44     23176    678788   2195144    112.52   1013120    614616       152
09:15:22       147328    707452   1023092     52.44     23176    678788   2195144    112.52   1013120    614616       152
09:15:23       147328    707452   1023092     52.44     23176    678788   2195144    112.52   1013120    614616       152
09:15:24       147328    707452   1023092     52.44     23176    678788   2195208    112.52   1013204    614616       152
09:15:25       147328    707452   1023088     52.44     23176    678792   2195208    112.52   1013244    614616       156
09:15:26       147328    707452   1023088     52.44     23176    678792   2195208    112.52   1013244    614616       156
09:15:27       147328    707452   1023084     52.44     23176    678796   2195208    112.52   1013244    614616       160
09:15:28       147328    707452   1023084     52.44     23176    678796   2195208    112.52   1013244    614616       160
09:15:29       147328    707452   1023072     52.44     23176    678808   2195208    112.52   1012992    614616       172
09:15:30       147328    707492   1023072     52.44     23176    678808   2195208    112.52   1013036    614656       116
09:15:31       147328    707492   1023072     52.44     23176    678808   2195208    112.52   1013036    614656       116

Average:       251938    812044    918510     47.08     23168    678768   2088809    107.07    908144    614616       107
