Linux 7.0.0-1010-aws (ip-172-31-31-224) 	08/11/26 	_x86_64_	(2 CPU)

09:15:06        IFACE   rxpck/s   txpck/s    rxkB/s    txkB/s   rxcmp/s   txcmp/s  rxmcst/s   %ifutil
09:15:07         ens5     62.00     56.00      4.99      6.83      0.00      0.00      0.00      0.00

09:15:07        IFACE   rxpck/s   txpck/s    rxkB/s    txkB/s   rxcmp/s   txcmp/s  rxmcst/s   %ifutil
09:15:08         ens5     56.00     49.00      4.54      5.66      0.00      0.00      0.00      0.00

09:15:08        IFACE   rxpck/s   txpck/s    rxkB/s    txkB/s   rxcmp/s   txcmp/s  rxmcst/s   %ifutil
09:15:09         ens5     52.00     44.00      4.45      5.34      0.00      0.00      0.00      0.00

09:15:09        IFACE   rxpck/s   txpck/s    rxkB/s    txkB/s   rxcmp/s   txcmp/s  rxmcst/s   %ifutil
09:15:10         ens5     10.00      9.00      0.51      1.87      0.00      0.00      0.00      0.00

09:15:10        IFACE   rxpck/s   txpck/s    rxkB/s    txkB/s   rxcmp/s   txcmp/s  rxmcst/s   %ifutil
09:15:11         ens5      5.00      5.00      0.25      1.10      0.00      0.00      0.00      0.00

09:15:11        IFACE   rxpck/s   txpck/s    rxkB/s    txkB/s   rxcmp/s   txcmp/s  rxmcst/s   %ifutil
09:15:12         ens5      7.00      9.00      0.36      1.90      0.00      0.00      0.00      0.00

09:15:12        IFACE   rxpck/s   txpck/s    rxkB/s    txkB/s   rxcmp/s   txcmp/s  rxmcst/s   %ifutil
09:15:13         ens5      8.00      6.00      0.41      1.28      0.00      0.00      0.00      0.00

09:15:13        IFACE   rxpck/s   txpck/s    rxkB/s    txkB/s   rxcmp/s   txcmp/s  rxmcst/s   %ifutil
09:15:14         ens5      5.00      5.00      0.25      1.10      0.00      0.00      0.00      0.00

09:15:14        IFACE   rxpck/s   txpck/s    rxkB/s    txkB/s   rxcmp/s   txcmp/s  rxmcst/s   %ifutil
09:15:15         ens5      3.00      3.00      0.15      0.61      0.00      0.00      0.00      0.00

09:15:15        IFACE   rxpck/s   txpck/s    rxkB/s    txkB/s   rxcmp/s   txcmp/s  rxmcst/s   %ifutil
09:15:16         ens5      0.00      0.00      0.00      0.00      0.00      0.00      0.00      0.00

09:15:16        IFACE   rxpck/s   txpck/s    rxkB/s    txkB/s   rxcmp/s   txcmp/s  rxmcst/s   %ifutil
09:15:17         ens5      7.00      5.00      0.43      0.69      0.00      0.00      0.00      0.00

09:15:17        IFACE   rxpck/s   txpck/s    rxkB/s    txkB/s   rxcmp/s   txcmp/s  rxmcst/s   %ifutil
09:15:18         ens5      1.00      1.00      0.07      0.09      0.00      0.00      0.00      0.00

09:15:18        IFACE   rxpck/s   txpck/s    rxkB/s    txkB/s   rxcmp/s   txcmp/s  rxmcst/s   %ifutil
09:15:19         ens5      0.00      0.00      0.00      0.00      0.00      0.00      0.00      0.00

09:15:19        IFACE   rxpck/s   txpck/s    rxkB/s    txkB/s   rxcmp/s   txcmp/s  rxmcst/s   %ifutil
09:15:20         ens5      0.00      0.00      0.00      0.00      0.00      0.00      0.00      0.00

09:15:20        IFACE   rxpck/s   txpck/s    rxkB/s    txkB/s   rxcmp/s   txcmp/s  rxmcst/s   %ifutil
09:15:21         ens5     27.00     21.00      1.70      2.83      0.00      0.00      0.00      0.00

09:15:21        IFACE   rxpck/s   txpck/s    rxkB/s    txkB/s   rxcmp/s   txcmp/s  rxmcst/s   %ifutil
09:15:22         ens5    238.00    176.00     14.66     24.24      0.00      0.00      0.00      0.00

09:15:22        IFACE   rxpck/s   txpck/s    rxkB/s    txkB/s   rxcmp/s   txcmp/s  rxmcst/s   %ifutil
09:15:23         ens5    542.00    417.00     33.69     57.67      0.00      0.00      0.00      0.00

09:15:23        IFACE   rxpck/s   txpck/s    rxkB/s    txkB/s   rxcmp/s   txcmp/s  rxmcst/s   %ifutil
09:15:24         ens5    253.00    187.00     15.61     25.98      0.00      0.00      0.00      0.00

09:15:24        IFACE   rxpck/s   txpck/s    rxkB/s    txkB/s   rxcmp/s   txcmp/s  rxmcst/s   %ifutil
09:15:25         ens5    137.00    106.00      8.51     14.73      0.00      0.00      0.00      0.00

09:15:25        IFACE   rxpck/s   txpck/s    rxkB/s    txkB/s   rxcmp/s   txcmp/s  rxmcst/s   %ifutil
09:15:26         ens5      0.00      0.00      0.00      0.00      0.00      0.00      0.00      0.00

09:15:26        IFACE   rxpck/s   txpck/s    rxkB/s    txkB/s   rxcmp/s   txcmp/s  rxmcst/s   %ifutil
09:15:27         ens5      0.00      0.00      0.00      0.00      0.00      0.00      0.00      0.00

09:15:27        IFACE   rxpck/s   txpck/s    rxkB/s    txkB/s   rxcmp/s   txcmp/s  rxmcst/s   %ifutil
09:15:28         ens5      0.00      0.00      0.00      0.00      0.00      0.00      0.00      0.00

09:15:28        IFACE   rxpck/s   txpck/s    rxkB/s    txkB/s   rxcmp/s   txcmp/s  rxmcst/s   %ifutil
09:15:29         ens5      0.00      0.00      0.00      0.00      0.00      0.00      0.00      0.00

09:15:29        IFACE   rxpck/s   txpck/s    rxkB/s    txkB/s   rxcmp/s   txcmp/s  rxmcst/s   %ifutil
09:15:30         ens5      0.00      0.00      0.00      0.00      0.00      0.00      0.00      0.00

09:15:30        IFACE   rxpck/s   txpck/s    rxkB/s    txkB/s   rxcmp/s   txcmp/s  rxmcst/s   %ifutil
09:15:31         ens5      0.00      0.00      0.00      0.00      0.00      0.00      0.00      0.00


Average:        IFACE   rxpck/s   txpck/s    rxkB/s    txkB/s   rxcmp/s   txcmp/s  rxmcst/s   %ifutil
Average:         ens5     56.52     43.96      3.62      6.08      0.00      0.00      0.00      0.00
