Linux 7.0.0-1008-aws (ip-172-31-31-224) 	08/07/26 	_x86_64_	(2 CPU)

06:05:13        CPU     %user     %nice   %system   %iowait    %steal     %idle
06:05:14        all     52.79      0.00      3.55      0.00      0.00     43.65
06:05:15        all     49.75      0.00      4.57      0.00      0.00     45.69
06:05:16        all     49.75      0.00      3.45      0.00      0.49     46.31
06:05:17        all     51.76      0.00      4.52      0.50      0.00     43.22
06:05:18        all     49.49      0.00      3.54      0.00      0.00     46.97
06:05:19        all     47.47      0.00      3.03      0.00      0.00     49.49
06:05:20        all     51.98      0.00      2.48      0.00      0.50     45.05
06:05:21        all     40.10      0.00      3.55      0.00      0.00     56.35
06:05:22        all      0.00      0.00      0.00      0.00      0.00    100.00
06:05:23        all      1.50      0.00      1.00      0.00      0.00     97.50
06:05:24        all      2.03      0.00      0.00      0.00      0.51     97.46
06:05:25        all      2.01      0.00      1.01      0.00      0.00     96.98
06:05:26        all      1.52      0.00      1.01      0.00      0.00     97.47
06:05:27        all      2.02      0.00      1.01      0.00      0.51     96.46
06:05:28        all      2.01      0.00      1.01      0.00      0.00     96.98
06:05:29        all      2.01      0.00      1.01      0.00      0.00     96.98
06:05:30        all      2.02      0.00      0.51      0.00      0.00     97.47
06:05:31        all      1.52      0.00      1.01      0.00      0.51     96.97
06:05:32        all      2.01      0.00      1.01      0.00      0.00     96.98
06:05:33        all      2.01      0.00      1.01      0.00      0.00     96.98
06:05:34        all      2.04      0.00      0.00      0.00      0.00     97.96
06:05:35        all      1.50      0.00      1.50      0.00      0.00     97.00
06:05:36        all      2.02      0.00      1.01      0.00      0.00     96.97
06:05:37        all      2.02      0.00      0.51      0.00      0.00     97.47
06:05:38        all      1.52      0.00      0.51      0.00      0.51     97.46
06:05:39        all      2.49      0.00      1.49      0.00      0.50     95.52
06:05:40        all      2.02      0.00      0.51      0.00      0.00     97.47
06:05:41        all      2.01      0.00      1.51      0.00      0.00     96.48
06:05:42        all      2.48      0.00      0.50      0.00      2.48     94.55
06:05:43        all      1.52      0.00      1.02      0.00      0.00     97.46
06:05:44        all      1.99      0.00      1.49      0.00      1.00     95.52
06:05:45        all      2.03      0.00      0.51      0.00      0.00     97.46
06:05:46        all      2.00      0.00      1.50      0.00      0.50     96.00
06:05:47        all      3.02      0.00      0.50      0.50      0.00     95.98
06:05:48        all      1.02      0.00      0.51      0.00      0.00     98.47
06:05:49        all      2.01      0.00      1.01      0.00      0.00     96.98
06:05:50        all      1.53      0.00      0.00      0.00      0.00     98.47
06:05:51        all      2.00      0.00      1.50      0.00      0.00     96.50
06:05:52        all      2.02      0.00      1.01      0.00      0.00     96.97
06:05:53        all      1.52      0.00      0.51      0.00      0.00     97.98
06:05:54        all      1.52      0.00      1.02      0.00      0.00     97.46
06:05:55        all      1.50      0.00      1.50      0.00      0.00     97.00
06:05:56        all      2.03      0.00      0.00      0.00      0.51     97.46
06:05:57        all      2.02      0.00      0.51      0.00      0.00     97.47
06:05:58        all      1.02      0.00      1.02      0.00      0.00     97.96
06:05:59        all      2.00      0.00      1.50      0.00      0.00     96.50
06:06:00        all      2.01      0.00      1.01      0.00      0.00     96.98
06:06:01        all      1.52      0.00      0.51      0.00      0.00     97.98
06:06:02        all      1.52      0.00      0.00      0.00      0.00     98.48
06:06:03        all      1.01      0.00      1.01      0.00      0.00     97.99
06:06:04        all      1.53      0.00      0.51      0.00      0.00     97.96
06:06:05        all      2.01      0.00      0.50      0.00      0.00     97.49
06:06:06        all      2.02      0.00      1.01      0.00      0.00     96.97
06:06:07        all      1.52      0.00      1.01      0.00      0.00     97.47
06:06:08        all      2.02      0.00      1.01      0.00      0.00     96.97
06:06:09        all      2.00      0.00      1.00      0.00      0.00     97.00
06:06:10        all      2.04      0.00      0.00      0.00      0.00     97.96
06:06:11        all      1.02      0.00      1.02      0.00      0.00     97.97
06:06:12        all      2.50      0.00      1.00      0.00      0.00     96.50
06:06:13        all      1.52      0.00      0.51      0.00      0.00     97.97
06:06:14        all      2.01      0.00      1.51      0.00      0.00     96.48
06:06:15        all      1.52      0.00      1.01      0.00      0.51     96.97
06:06:16        all      2.02      0.00      1.01      0.00      0.00     96.97
06:06:17        all      1.01      0.00      0.00      0.00      0.00     98.99
06:06:18        all      0.00      0.00      0.00      0.00      0.00    100.00
06:06:19        all      0.00      0.00      0.50      0.00      0.00     99.50
06:06:20        all      0.50      0.00      0.00      0.00      0.00     99.50

Average:        all      7.39      0.00      1.12      0.02      0.13     91.35
