Linux 7.0.0-1008-aws (ip-172-31-31-224) 	08/07/26 	_x86_64_	(2 CPU)

06:05:13    kbmemfree   kbavail kbmemused  %memused kbbuffers  kbcached  kbcommit   %commit  kbactive   kbinact   kbdirty
06:05:14       732732   1259400    394016     20.20     11244    658148   1456964     74.69    246928    728384        20
06:05:15       652596   1179264    474152     24.31     11244    658148   1540508     78.97    331908    728384        20
06:05:16       588336   1115004    538412     27.60     11244    658148   1603436     82.19    395140    728384        20
06:05:17       471912    998604    654812     33.57     11268    658148   1720424     88.19    513564    728408       132
06:05:18       387240    913932    739484     37.91     11268    658148   1803440     92.45    594572    728408       132
06:05:19       306852    833544    819872     42.03     11268    658148   1883356     96.54    675144    728408       132
06:05:20       250404    777096    876320     44.92     11268    658148   1933668     99.12    725988    728408       132
06:05:21       145572    672264    981152     50.30     11268    658148   2037420    104.44    830592    728408       132
06:05:22       145572    672264    981152     50.30     11268    658148   2037420    104.44    830592    728408       132
06:05:23       145572    672264    981152     50.30     11268    658148   2037420    104.44    830716    728408       132
06:05:24       145572    672264    981152     50.30     11268    658148   2037420    104.44    830716    728408       132
06:05:25       145572    672264    981152     50.30     11268    658148   2037484    104.44    830716    728408       132
06:05:26       145572    672264    981152     50.30     11268    658148   2037484    104.44    830716    728408       132
06:05:27       145572    672264    981152     50.30     11268    658148   2037484    104.44    830716    728408       132
06:05:28       145572    672264    981152     50.30     11268    658148   2037484    104.44    830840    728408       132
06:05:29       145572    672264    981152     50.30     11268    658148   2037484    104.44    830964    728408       132
06:05:30       145572    672264    981152     50.30     11268    658148   2037484    104.44    830964    728408       132
06:05:31       145576    672268    981148     50.29     11268    658148   2037484    104.44    830964    728408       132
06:05:32       145576    672268    981148     50.29     11268    658148   2037484    104.44    830964    728408       132
06:05:33       145576    672268    981144     50.29     11268    658152   2037484    104.44    830964    728408       136
06:05:34       145576    672268    981144     50.29     11268    658152   2037548    104.45    830964    728408       136
06:05:35       145576    672268    981144     50.29     11268    658152   2037548    104.45    830964    728408       136
06:05:36       145576    672268    981144     50.29     11268    658152   2037548    104.45    830964    728408       136
06:05:37       145576    672268    981144     50.29     11268    658152   2037804    104.46    830964    728408       136
06:05:38       145576    672268    981144     50.29     11268    658152   2037804    104.46    830964    728408       136
06:05:39       145576    672268    981144     50.29     11268    658152   2037804    104.46    830964    728408       136
06:05:40       145576    672272    981144     50.29     11268    658152   2037804    104.46    831084    728412       136
06:05:41       145576    672272    981144     50.29     11268    658152   2037804    104.46    831084    728412       136
06:05:42       145596    672292    981124     50.29     11268    658152   2037868    104.46    831168    728412       136
06:05:43       145596    672292    981124     50.29     11268    658152   2037868    104.46    831208    728412       136
06:05:44       145596    672292    981124     50.29     11268    658152   2037868    104.46    831228    728412       116
06:05:45       145596    672292    981124     50.29     11268    658152   2037868    104.46    831228    728412       116
06:05:46       145596    672292    981124     50.29     11268    658152   2037868    104.46    831228    728412       124
06:05:47       145596    672284    981132     50.29     11292    658120   2037868    104.46    831240    728404       128
06:05:48       145596    672296    981096     50.29     11292    658156   2037868    104.46    831252    728416        52
06:05:49       145596    672296    981096     50.29     11292    658156   2037868    104.46    831260    728416        16
06:05:50       145596    672296    981096     50.29     11292    658156   2037868    104.46    831260    728416        16
06:05:51       145596    672296    981096     50.29     11292    658156   2037932    104.47    831260    728416        16
06:05:52       145596    672296    981096     50.29     11292    658156   2037932    104.47    831260    728416        16
06:05:53       145596    672296    981096     50.29     11292    658156   2037932    104.47    831260    728416        16
06:05:54       145596    672324    981092     50.29     11292    658160   2037932    104.47    831480    728444        20
06:05:55       145596    672324    981092     50.29     11292    658160   2038188    104.48    831480    728444        20
06:05:56       145620    672348    981068     50.29     11292    658160   2038188    104.48    831480    728444        20
06:05:57       145620    672348    981068     50.29     11292    658160   2038188    104.48    831604    728444        20
06:05:58       145620    672348    981068     50.29     11292    658160   2038444    104.49    831688    728444        20
06:05:59       145620    672348    981068     50.29     11292    658160   2038508    104.50    831728    728444        20
06:06:00       145620    672348    981068     50.29     11292    658160   2038508    104.50    831728    728444        20
06:06:01       145620    672348    981068     50.29     11292    658160   2038508    104.50    831812    728444        20
06:06:02       145620    672348    981068     50.29     11292    658160   2038508    104.50    831936    728444        20
06:06:03       145620    672348    981068     50.29     11292    658160   2038508    104.50    831976    728444        20
06:06:04       145620    672348    981064     50.29     11292    658164   2038508    104.50    831976    728444        24
06:06:05       145620    672348    981064     50.29     11292    658164   2038764    104.51    832100    728444        24
06:06:06       145620    672352    981064     50.29     11292    658164   2038764    104.51    832220    728448        24
06:06:07       144612    671344    982072     50.34     11292    658164   2042860    104.72    834388    728448        24
06:06:08       143100    669832    983584     50.42     11292    658164   2047276    104.95    837304    728448        24
06:06:09       142092    668824    984592     50.47     11292    658164   2047276    104.95    840268    728448        24
06:06:10       140580    667312    986104     50.55     11292    658164   2051444    105.16    842988    728448        24
06:06:11       138060    664792    988624     50.68     11292    658164   2055540    105.37    845720    728448        24
06:06:12       135540    662272    991144     50.81     11292    658164   2055540    105.37    848532    728448        24
06:06:13       132768    659500    993916     50.95     11292    658164   2059892    105.59    851400    728448        24
06:06:14       129996    656728    996688     51.09     11292    658164   2063988    105.80    854276    728448        24
06:06:15       126720    653456    999960     51.26     11292    658168   2063988    105.80    857080    728452        28
06:06:16       124200    650936   1002480     51.39     11292    658168   2068328    106.03    860080    728452        12
06:06:17       123192    649920   1003496     51.44     11316    658136   2068392    106.03    860952    728444        12
06:06:18       123192    649932   1003464     51.44     11316    658168   2068392    106.03    861004    728456        52
06:06:19       123192    649932   1003464     51.44     11316    658168   2068392    106.03    861004    728456        52
06:06:20       123192    649932   1003460     51.44     11316    658172   2068392    106.03    861004    728456        56


Average:       178175    704883    948529     48.62     11281    658155   2007676    102.92    800533    728424        74
