Linux 7.0.0-1010-aws (ip-172-31-31-224) 	08/11/26 	_x86_64_	(2 CPU)

07:26:17    kbmemfree   kbavail kbmemused  %memused kbbuffers  kbcached  kbcommit   %commit  kbactive   kbinact   kbdirty
07:26:18       753712   1293472    437380     22.42     16612    665100   1606552     82.35    403720    618508       220
07:26:19       682648   1222408    508444     26.06     16612    665100   1677560     85.99    474228    618508       220
07:26:20       610072   1149836    581016     29.78     16612    665104   1748032     89.60    545168    618512       224
07:26:21       513556   1053320    677532     34.73     16612    665104   1848408     94.75    644656    618512       224
07:26:22       425104    964868    765984     39.26     16612    665104   1940428     99.46    735712    618512       224
07:26:23       392848    932612    798240     40.92     16612    665104   1969996    100.98    764132    618512       224
07:26:24       288268    828032    902820     46.28     16612    665104   2062080    105.70    859072    618512       224
07:26:25       151180    690948   1039904     53.30     16612    665108   2203728    112.96    998568    618516       228
07:26:26       151180    690948   1039904     53.30     16612    665108   2203728    112.96    998568    618516       228
07:26:27       151180    690948   1039904     53.30     16612    665108   2203728    112.96    998568    618516       228
07:26:28       151180    690948   1039904     53.30     16612    665108   2203728    112.96    998568    618516       228
07:26:29       151180    690948   1039896     53.30     16612    665116   2203728    112.96    998576    618516       236
07:26:30       151180    690948   1039892     53.30     16612    665120   2203728    112.96    998576    618516       240
07:26:31       151180    690948   1039892     53.30     16612    665120   2203728    112.96    998576    618516       240
07:26:32       151180    690948   1039892     53.30     16612    665120   2203728    112.96    998576    618516       240
07:26:33       151180    690948   1039892     53.30     16612    665120   2203728    112.96    998576    618516       240
07:26:34       151180    690948   1039892     53.30     16612    665120   2203728    112.96    998660    618516       240
07:26:35       151308    691088   1039752     53.30     16612    665124   2203728    112.96    998728    618528       244
07:26:36       151308    691088   1039752     53.30     16612    665124   2203728    112.96    999316    618528       244
07:26:37       151308    691088   1039748     53.30     16612    665128   2203728    112.96    999348    618528       248
07:26:38       151308    691088   1039744     53.30     16612    665132   2203728    112.96    999348    618528       252
07:26:39       151308    691088   1039744     53.30     16612    665132   2203728    112.96    999348    618528       252
07:26:40       151308    691088   1039744     53.30     16612    665132   2203728    112.96    999348    618528       156
07:26:41       151308    691104   1039740     53.30     16612    665136   2203728    112.96    999384    618544        76
07:26:42       151308    691104   1039740     53.30     16612    665136   2203728    112.96    999384    618544        76
07:26:43       151308    691104   1039740     53.30     16612    665136   2203728    112.96    999384    618544        76

Average:       251530    791303    939542     48.16     16612    665117   2104765    107.89    900234    618521       213
