Linux 7.0.0-1010-aws (ip-172-31-31-224) 	08/11/26 	_x86_64_	(2 CPU)

07:26:17        IFACE   rxpck/s   txpck/s    rxkB/s    txkB/s   rxcmp/s   txcmp/s  rxmcst/s   %ifutil
07:26:18         ens5     56.00     55.00      4.68      6.79      0.00      0.00      0.00      0.00

07:26:18        IFACE   rxpck/s   txpck/s    rxkB/s    txkB/s   rxcmp/s   txcmp/s  rxmcst/s   %ifutil
07:26:19         ens5     56.00     49.00      4.61      5.73      0.00      0.00      0.00      0.00

07:26:19        IFACE   rxpck/s   txpck/s    rxkB/s    txkB/s   rxcmp/s   txcmp/s  rxmcst/s   %ifutil
07:26:20         ens5     43.00     39.00      3.61      5.31      0.00      0.00      0.00      0.00

07:26:20        IFACE   rxpck/s   txpck/s    rxkB/s    txkB/s   rxcmp/s   txcmp/s  rxmcst/s   %ifutil
07:26:21         ens5      6.00      6.00      0.30      1.28      0.00      0.00      0.00      0.00

07:26:21        IFACE   rxpck/s   txpck/s    rxkB/s    txkB/s   rxcmp/s   txcmp/s  rxmcst/s   %ifutil
07:26:22         ens5      6.00      5.00      0.30      1.10      0.00      0.00      0.00      0.00

07:26:22        IFACE   rxpck/s   txpck/s    rxkB/s    txkB/s   rxcmp/s   txcmp/s  rxmcst/s   %ifutil
07:26:23         ens5      9.00     10.00      0.46      2.09      0.00      0.00      0.00      0.00

07:26:23        IFACE   rxpck/s   txpck/s    rxkB/s    txkB/s   rxcmp/s   txcmp/s  rxmcst/s   %ifutil
07:26:24         ens5      6.00      5.00      0.30      1.09      0.00      0.00      0.00      0.00

07:26:24        IFACE   rxpck/s   txpck/s    rxkB/s    txkB/s   rxcmp/s   txcmp/s  rxmcst/s   %ifutil
07:26:25         ens5      4.00      4.00      0.23      0.75      0.00      0.00      0.00      0.00

07:26:25        IFACE   rxpck/s   txpck/s    rxkB/s    txkB/s   rxcmp/s   txcmp/s  rxmcst/s   %ifutil
07:26:26         ens5      3.00      3.00      0.15      0.61      0.00      0.00      0.00      0.00

07:26:26        IFACE   rxpck/s   txpck/s    rxkB/s    txkB/s   rxcmp/s   txcmp/s  rxmcst/s   %ifutil
07:26:27         ens5      0.00      0.00      0.00      0.00      0.00      0.00      0.00      0.00

07:26:27        IFACE   rxpck/s   txpck/s    rxkB/s    txkB/s   rxcmp/s   txcmp/s  rxmcst/s   %ifutil
07:26:28         ens5      0.00      0.00      0.00      0.00      0.00      0.00      0.00      0.00

07:26:28        IFACE   rxpck/s   txpck/s    rxkB/s    txkB/s   rxcmp/s   txcmp/s  rxmcst/s   %ifutil
07:26:29         ens5     34.00     48.00      4.95     47.25      0.00      0.00      0.00      0.00

07:26:29        IFACE   rxpck/s   txpck/s    rxkB/s    txkB/s   rxcmp/s   txcmp/s  rxmcst/s   %ifutil
07:26:30         ens5      0.00      0.00      0.00      0.00      0.00      0.00      0.00      0.00

07:26:30        IFACE   rxpck/s   txpck/s    rxkB/s    txkB/s   rxcmp/s   txcmp/s  rxmcst/s   %ifutil
07:26:31         ens5      0.00      0.00      0.00      0.00      0.00      0.00      0.00      0.00

07:26:31        IFACE   rxpck/s   txpck/s    rxkB/s    txkB/s   rxcmp/s   txcmp/s  rxmcst/s   %ifutil
07:26:32         ens5     32.00     41.00      5.21     37.62      0.00      0.00      0.00      0.00

07:26:32        IFACE   rxpck/s   txpck/s    rxkB/s    txkB/s   rxcmp/s   txcmp/s  rxmcst/s   %ifutil
07:26:33         ens5    270.00    373.00     47.71    351.33      0.00      0.00      0.00      0.00

07:26:33        IFACE   rxpck/s   txpck/s    rxkB/s    txkB/s   rxcmp/s   txcmp/s  rxmcst/s   %ifutil
07:26:34         ens5   1566.00   1811.00    254.83   1687.12      0.00      0.00      0.00      0.00

07:26:34        IFACE   rxpck/s   txpck/s    rxkB/s    txkB/s   rxcmp/s   txcmp/s  rxmcst/s   %ifutil
07:26:35         ens5   1230.00   1325.00    167.94   1248.38      0.00      0.00      0.00      0.00

07:26:35        IFACE   rxpck/s   txpck/s    rxkB/s    txkB/s   rxcmp/s   txcmp/s  rxmcst/s   %ifutil
07:26:36         ens5     91.00    103.00     11.98     92.67      0.00      0.00      0.00      0.00

07:26:36        IFACE   rxpck/s   txpck/s    rxkB/s    txkB/s   rxcmp/s   txcmp/s  rxmcst/s   %ifutil
07:26:37         ens5      0.00      0.00      0.00      0.00      0.00      0.00      0.00      0.00

07:26:37        IFACE   rxpck/s   txpck/s    rxkB/s    txkB/s   rxcmp/s   txcmp/s  rxmcst/s   %ifutil
07:26:38         ens5      0.00      0.00      0.00      0.00      0.00      0.00      0.00      0.00

07:26:38        IFACE   rxpck/s   txpck/s    rxkB/s    txkB/s   rxcmp/s   txcmp/s  rxmcst/s   %ifutil
07:26:39         ens5      0.00      0.00      0.00      0.00      0.00      0.00      0.00      0.00

07:26:39        IFACE   rxpck/s   txpck/s    rxkB/s    txkB/s   rxcmp/s   txcmp/s  rxmcst/s   %ifutil
07:26:40         ens5      0.00      0.00      0.00      0.00      0.00      0.00      0.00      0.00

07:26:40        IFACE   rxpck/s   txpck/s    rxkB/s    txkB/s   rxcmp/s   txcmp/s  rxmcst/s   %ifutil
07:26:41         ens5      1.00      1.00      0.07      0.09      0.00      0.00      0.00      0.00

07:26:41        IFACE   rxpck/s   txpck/s    rxkB/s    txkB/s   rxcmp/s   txcmp/s  rxmcst/s   %ifutil
07:26:42         ens5      0.00      0.00      0.00      0.00      0.00      0.00      0.00      0.00

07:26:42        IFACE   rxpck/s   txpck/s    rxkB/s    txkB/s   rxcmp/s   txcmp/s  rxmcst/s   %ifutil
07:26:43         ens5      0.00      0.00      0.00      0.00      0.00      0.00      0.00      0.00


Average:        IFACE   rxpck/s   txpck/s    rxkB/s    txkB/s   rxcmp/s   txcmp/s  rxmcst/s   %ifutil
Average:         ens5    131.27    149.15     19.51    134.20      0.00      0.00      0.00      0.00
