Linux 7.0.0-1010-aws (ip-172-31-20-134) 	08/11/26 	_x86_64_	(2 CPU)

17:24:50    kbmemfree   kbavail kbmemused  %memused kbbuffers  kbcached  kbcommit   %commit  kbactive   kbinact   kbdirty
17:24:51       116232   1331148    361932     18.55     31320   1294492   1465828     75.14    926004    669864      4772
17:24:52       116232   1331148    361928     18.55     31320   1294496   1465828     75.14    926004    669864      4776
17:24:53       116232   1331148    361928     18.55     31320   1294496   1465828     75.14    926004    669864      4776
17:24:54       116232   1331148    361928     18.55     31320   1294496   1465828     75.14    926004    669864      4776
17:24:55       116232   1331152    361904     18.55     31344   1294496   1465828     75.14    926080    669868      4892
17:24:56       116232   1331152    361904     18.55     31344   1294496   1465828     75.14    926080    669868      4544
17:24:57       116232   1331276    361804     18.55     31348   1294592   1467424     75.22    927980    669992       240
17:24:58       116232   1331276    361804     18.55     31348   1294592   1467424     75.22    927980    669992       240
17:24:59       115980   1331028    362048     18.56     31348   1294600   1467424     75.22    927396    669996       248
17:25:00       115980   1331028    362048     18.56     31348   1294600   1467424     75.22    927396    669996       248
17:25:01       112512   1327728    365264     18.72     31348   1294852   1513920     77.60    931932    670164       500
17:25:02        96864   1313780    379292     19.44     31348   1296440   1750920     89.75    945236    671840      2088
17:25:03        87032   1305716    387152     19.84     31348   1298348   1805920     92.57    953644    673580      3996
17:25:04        84396   1303872    389120     19.95     31348   1299000   1806624     92.60    953224    674260      4544
17:25:05        84396   1303872    389120     19.95     31348   1299000   1806624     92.60    952300    674260      4544
17:25:06        84396   1303872    389120     19.95     31348   1299000   1806624     92.60    952264    674260      4544
17:25:07        84396   1303872    389116     19.95     31348   1299004   1806624     92.60    952264    674260      4548
17:25:08        84396   1303872    389116     19.95     31348   1299004   1806624     92.60    952264    674260      4548

Average:       104456   1321005    372029     19.07     31341   1296111   1598252     81.92    936670    671447      3268
