Linux 7.0.0-1010-aws (ip-172-31-20-134) 	08/11/26 	_x86_64_	(2 CPU)

16:57:21        CPU     %user     %nice   %system   %iowait    %steal     %idle
16:57:22        all      1.52      0.00      1.52      0.00      0.00     96.97
16:57:23        all      0.00      0.00      0.00      0.00      0.00    100.00
16:57:24        all      1.00      0.00      0.00      0.50      0.00     98.50
16:57:25        all      0.00      0.00      0.50      0.00      0.00     99.50
16:57:26        all      0.51      0.00      0.00      0.00      0.00     99.49
16:57:27        all      0.50      0.00      0.00      0.00      0.00     99.50
16:57:28        all      1.51      0.00      0.50      0.00      0.00     97.99
16:57:29        all      4.55      0.00      1.52      0.00      0.00     93.94
16:57:30        all      0.00      0.00      0.00      0.00      0.00    100.00
16:57:31        all      0.00      0.00      0.50      0.00      0.00     99.50
16:57:32        all      0.00      0.00      0.50      0.00      0.00     99.50
16:57:33        all      6.00      0.00      0.50      0.00      0.00     93.50
16:57:34        all     53.06      0.00      7.65      0.00      0.00     39.29
16:57:35        all     83.59      0.00     12.31      0.00      0.00      4.10
16:57:36        all     64.50      0.00     10.50      0.00      0.00     25.00
16:57:37        all      0.00      0.00      0.00      0.00      0.50     99.50
16:57:38        all      0.50      0.00      0.00      0.00      0.00     99.50
16:57:39        all      0.00      0.00      0.00      0.00      0.50     99.50
16:57:40        all      0.00      0.00      0.00      0.00      0.00    100.00
16:57:41        all      0.00      0.00      0.50      0.00      0.00     99.50
16:57:42        all      0.00      0.00      0.00      0.00      0.00    100.00
16:57:43        all      1.98      0.00      0.50      0.50      0.00     97.03
16:57:44        all      3.05      0.00      1.02      0.00      0.00     95.94
16:57:45        all      0.50      0.00      0.00      0.00      0.00     99.50
16:57:46        all      0.50      0.00      0.50      0.00      0.00     99.00


Average:        all      8.85      0.00      1.53      0.04      0.04     89.54
