Linux 7.0.0-1010-aws (ip-172-31-20-134) 	08/11/26 	_x86_64_	(2 CPU)

16:57:21    kbmemfree   kbavail kbmemused  %memused kbbuffers  kbcached  kbcommit   %commit  kbactive   kbinact   kbdirty
16:57:22       151160   1331352    362984     18.61     30544   1261620   1478308     75.78    994496    567092       324
16:57:23       151160   1331352    362984     18.61     30544   1261620   1478308     75.78    994496    567092       324
16:57:24       151160   1331352    362960     18.60     30568   1261620   1478308     75.78    994684    567092       448
16:57:25       151160   1331352    362960     18.60     30568   1261620   1478308     75.78    994684    567092       448
16:57:26       151160   1331352    362956     18.60     30568   1261624   1478308     75.78    994684    567092       452
16:57:27       151160   1331352    362956     18.60     30568   1261624   1478308     75.78    994684    567092       452
16:57:28       151160   1331352    362956     18.60     30568   1261624   1478308     75.78    994936    567092       452
16:57:29       151160   1331388    362948     18.60     30568   1261632   1479596     75.84    996412    567128       460
16:57:30       151160   1331388    362948     18.60     30568   1261632   1479596     75.84    996412    567128       460
16:57:31       151160   1331388    362912     18.60     30568   1261668   1479596     75.84    996412    567128       496
16:57:32       151160   1331388    362912     18.60     30568   1261668   1479596     75.84    996412    567128       496
16:57:33       150908   1331136    363164     18.62     30568   1261668   1488320     76.29    999352    567128       496
16:57:34       144632   1325300    368944     18.91     30568   1262144   1787296     91.61   1009604    567556       972
16:57:35       133516   1314968    379068     19.43     30568   1262840   2197832    112.66   1022772    568336      1668
16:57:36       125260   1306996    386284     19.80     30568   1263168   2549192    130.67   1025400    568612      1996
16:57:37       125260   1306996    386284     19.80     30568   1263168   2549192    130.67   1025400    568612      1996
16:57:38       125260   1306996    386284     19.80     30568   1263168   2549192    130.67   1025400    568612      1996
16:57:39       125260   1306996    386284     19.80     30568   1263168   2549192    130.67   1025400    568612      1996
16:57:40       125260   1306996    386284     19.80     30568   1263168   2549192    130.67   1025400    568612      1996
16:57:41       125260   1306996    386284     19.80     30568   1263168   2549192    130.67   1025400    568612      1996
16:57:42       125260   1306996    386276     19.80     30568   1263176   2549192    130.67   1025400    568612      2004
16:57:43       125260   1306996    386276     19.80     30568   1263176   2549192    130.67   1025316    568612      2004
16:57:44       125260   1307056    386268     19.80     30568   1263184   2549192    130.67   1024928    568672      1960
16:57:45       125260   1307056    386268     19.80     30568   1263184   2549192    130.67   1024928    568672      1960
16:57:46       125260   1307056    386268     19.80     30568   1263184   2549192    130.67   1024928    568672      1960

Average:       138787   1319742    374108     19.18     30566   1262381   1991244    102.07   1010318    567844      1192
