Linux 7.0.0-1010-aws (ip-172-31-20-134) 	08/11/26 	_x86_64_	(2 CPU)

16:57:21        IFACE   rxpck/s   txpck/s    rxkB/s    txkB/s   rxcmp/s   txcmp/s  rxmcst/s   %ifutil
16:57:22         ens5     46.00     45.00      3.95      4.97      0.00      0.00      0.00      0.00

16:57:22        IFACE   rxpck/s   txpck/s    rxkB/s    txkB/s   rxcmp/s   txcmp/s  rxmcst/s   %ifutil
16:57:23         ens5     47.00     38.00      4.11      4.17      0.00      0.00      0.00      0.00

16:57:23        IFACE   rxpck/s   txpck/s    rxkB/s    txkB/s   rxcmp/s   txcmp/s  rxmcst/s   %ifutil
16:57:24         ens5      3.00      2.00      0.22      0.20      0.00      0.00      0.00      0.00

16:57:24        IFACE   rxpck/s   txpck/s    rxkB/s    txkB/s   rxcmp/s   txcmp/s  rxmcst/s   %ifutil
16:57:25         ens5      0.00      0.00      0.00      0.00      0.00      0.00      0.00      0.00

16:57:25        IFACE   rxpck/s   txpck/s    rxkB/s    txkB/s   rxcmp/s   txcmp/s  rxmcst/s   %ifutil
16:57:26         ens5      0.00      0.00      0.00      0.00      0.00      0.00      0.00      0.00

16:57:26        IFACE   rxpck/s   txpck/s    rxkB/s    txkB/s   rxcmp/s   txcmp/s  rxmcst/s   %ifutil
16:57:27         ens5      1.00      1.00      0.07      0.09      0.00      0.00      0.00      0.00

16:57:27        IFACE   rxpck/s   txpck/s    rxkB/s    txkB/s   rxcmp/s   txcmp/s  rxmcst/s   %ifutil
16:57:28         ens5      0.00      0.00      0.00      0.00      0.00      0.00      0.00      0.00

16:57:28        IFACE   rxpck/s   txpck/s    rxkB/s    txkB/s   rxcmp/s   txcmp/s  rxmcst/s   %ifutil
16:57:29         ens5     38.00     38.00     30.14      2.91      0.00      0.00      0.00      0.00

16:57:29        IFACE   rxpck/s   txpck/s    rxkB/s    txkB/s   rxcmp/s   txcmp/s  rxmcst/s   %ifutil
16:57:30         ens5      0.00      0.00      0.00      0.00      0.00      0.00      0.00      0.00

16:57:30        IFACE   rxpck/s   txpck/s    rxkB/s    txkB/s   rxcmp/s   txcmp/s  rxmcst/s   %ifutil
16:57:31         ens5      0.00      0.00      0.00      0.00      0.00      0.00      0.00      0.00

16:57:31        IFACE   rxpck/s   txpck/s    rxkB/s    txkB/s   rxcmp/s   txcmp/s  rxmcst/s   %ifutil
16:57:32         ens5      0.00      0.00      0.00      0.00      0.00      0.00      0.00      0.00

16:57:32        IFACE   rxpck/s   txpck/s    rxkB/s    txkB/s   rxcmp/s   txcmp/s  rxmcst/s   %ifutil
16:57:33         ens5     51.49     50.50     29.33      4.68      0.00      0.00      0.00      0.00

16:57:33        IFACE   rxpck/s   txpck/s    rxkB/s    txkB/s   rxcmp/s   txcmp/s  rxmcst/s   %ifutil
16:57:34         ens5    600.00    554.00    338.34     48.86      0.00      0.00      0.00      0.00

16:57:34        IFACE   rxpck/s   txpck/s    rxkB/s    txkB/s   rxcmp/s   txcmp/s  rxmcst/s   %ifutil
16:57:35         ens5    866.00    794.00    507.14     69.10      0.00      0.00      0.00      0.00

16:57:35        IFACE   rxpck/s   txpck/s    rxkB/s    txkB/s   rxcmp/s   txcmp/s  rxmcst/s   %ifutil
16:57:36         ens5    302.00    448.00    196.46     47.55      0.00      0.00      0.00      0.00

16:57:36        IFACE   rxpck/s   txpck/s    rxkB/s    txkB/s   rxcmp/s   txcmp/s  rxmcst/s   %ifutil
16:57:37         ens5      0.00      0.00      0.00      0.00      0.00      0.00      0.00      0.00

16:57:37        IFACE   rxpck/s   txpck/s    rxkB/s    txkB/s   rxcmp/s   txcmp/s  rxmcst/s   %ifutil
16:57:38         ens5      0.00      0.00      0.00      0.00      0.00      0.00      0.00      0.00

16:57:38        IFACE   rxpck/s   txpck/s    rxkB/s    txkB/s   rxcmp/s   txcmp/s  rxmcst/s   %ifutil
16:57:39         ens5      0.00      0.00      0.00      0.00      0.00      0.00      0.00      0.00

16:57:39        IFACE   rxpck/s   txpck/s    rxkB/s    txkB/s   rxcmp/s   txcmp/s  rxmcst/s   %ifutil
16:57:40         ens5      0.00      0.00      0.00      0.00      0.00      0.00      0.00      0.00

16:57:40        IFACE   rxpck/s   txpck/s    rxkB/s    txkB/s   rxcmp/s   txcmp/s  rxmcst/s   %ifutil
16:57:41         ens5      0.00      0.00      0.00      0.00      0.00      0.00      0.00      0.00

16:57:41        IFACE   rxpck/s   txpck/s    rxkB/s    txkB/s   rxcmp/s   txcmp/s  rxmcst/s   %ifutil
16:57:42         ens5      0.00      0.00      0.00      0.00      0.00      0.00      0.00      0.00

16:57:42        IFACE   rxpck/s   txpck/s    rxkB/s    txkB/s   rxcmp/s   txcmp/s  rxmcst/s   %ifutil
16:57:43         ens5      2.00      2.00      0.29      0.31      0.00      0.00      0.00      0.00

16:57:43        IFACE   rxpck/s   txpck/s    rxkB/s    txkB/s   rxcmp/s   txcmp/s  rxmcst/s   %ifutil
16:57:44         ens5      0.00      0.00      0.00      0.00      0.00      0.00      0.00      0.00

16:57:44        IFACE   rxpck/s   txpck/s    rxkB/s    txkB/s   rxcmp/s   txcmp/s  rxmcst/s   %ifutil
16:57:45         ens5      0.00      0.00      0.00      0.00      0.00      0.00      0.00      0.00

16:57:45        IFACE   rxpck/s   txpck/s    rxkB/s    txkB/s   rxcmp/s   txcmp/s  rxmcst/s   %ifutil
16:57:46         ens5      0.00      0.00      0.00      0.00      0.00      0.00      0.00      0.00


Average:        IFACE   rxpck/s   txpck/s    rxkB/s    txkB/s   rxcmp/s   txcmp/s  rxmcst/s   %ifutil
Average:         ens5     78.25     78.89     44.40      7.31      0.00      0.00      0.00      0.00
