Linux 7.0.0-1008-aws (ip-172-31-31-224) 	08/07/26 	_x86_64_	(2 CPU)

05:08:24        IFACE   rxpck/s   txpck/s    rxkB/s    txkB/s   rxcmp/s   txcmp/s  rxmcst/s   %ifutil
05:08:25         ens5     56.00     57.00      4.50      6.71      0.00      0.00      0.00      0.00

05:08:25        IFACE   rxpck/s   txpck/s    rxkB/s    txkB/s   rxcmp/s   txcmp/s  rxmcst/s   %ifutil
05:08:26         ens5     53.00     53.00      4.38      5.88      0.00      0.00      0.00      0.00

05:08:26        IFACE   rxpck/s   txpck/s    rxkB/s    txkB/s   rxcmp/s   txcmp/s  rxmcst/s   %ifutil
05:08:27         ens5     29.00     28.00      2.18      3.82      0.00      0.00      0.00      0.00

05:08:27        IFACE   rxpck/s   txpck/s    rxkB/s    txkB/s   rxcmp/s   txcmp/s  rxmcst/s   %ifutil
05:08:28         ens5      7.00      7.00      0.36      1.52      0.00      0.00      0.00      0.00

05:08:28        IFACE   rxpck/s   txpck/s    rxkB/s    txkB/s   rxcmp/s   txcmp/s  rxmcst/s   %ifutil
05:08:29         ens5      2.00      2.00      0.10      0.45      0.00      0.00      0.00      0.00

05:08:29        IFACE   rxpck/s   txpck/s    rxkB/s    txkB/s   rxcmp/s   txcmp/s  rxmcst/s   %ifutil
05:08:30         ens5     11.00     11.00      0.56      2.30      0.00      0.00      0.00      0.00

05:08:30        IFACE   rxpck/s   txpck/s    rxkB/s    txkB/s   rxcmp/s   txcmp/s  rxmcst/s   %ifutil
05:08:31         ens5      5.00      5.00      0.25      1.10      0.00      0.00      0.00      0.00

05:08:31        IFACE   rxpck/s   txpck/s    rxkB/s    txkB/s   rxcmp/s   txcmp/s  rxmcst/s   %ifutil
05:08:32         ens5      4.00      4.00      0.20      0.84      0.00      0.00      0.00      0.00

05:08:32        IFACE   rxpck/s   txpck/s    rxkB/s    txkB/s   rxcmp/s   txcmp/s  rxmcst/s   %ifutil
05:08:33         ens5      0.00      0.00      0.00      0.00      0.00      0.00      0.00      0.00

05:08:33        IFACE   rxpck/s   txpck/s    rxkB/s    txkB/s   rxcmp/s   txcmp/s  rxmcst/s   %ifutil
05:08:34         ens5      0.00      0.00      0.00      0.00      0.00      0.00      0.00      0.00

05:08:34        IFACE   rxpck/s   txpck/s    rxkB/s    txkB/s   rxcmp/s   txcmp/s  rxmcst/s   %ifutil
05:08:35         ens5      0.00      0.00      0.00      0.00      0.00      0.00      0.00      0.00

05:08:35        IFACE   rxpck/s   txpck/s    rxkB/s    txkB/s   rxcmp/s   txcmp/s  rxmcst/s   %ifutil
05:08:36         ens5     95.00     86.00      6.01     39.72      0.00      0.00      0.00      0.00

05:08:36        IFACE   rxpck/s   txpck/s    rxkB/s    txkB/s   rxcmp/s   txcmp/s  rxmcst/s   %ifutil
05:08:37         ens5    142.00    127.00      9.04     56.64      0.00      0.00      0.00      0.00

05:08:37        IFACE   rxpck/s   txpck/s    rxkB/s    txkB/s   rxcmp/s   txcmp/s  rxmcst/s   %ifutil
05:08:38         ens5    143.00    126.00      9.06     55.58      0.00      0.00      0.00      0.00

05:08:38        IFACE   rxpck/s   txpck/s    rxkB/s    txkB/s   rxcmp/s   txcmp/s  rxmcst/s   %ifutil
05:08:39         ens5    141.00    128.00      9.16     56.90      0.00      0.00      0.00      0.00

05:08:39        IFACE   rxpck/s   txpck/s    rxkB/s    txkB/s   rxcmp/s   txcmp/s  rxmcst/s   %ifutil
05:08:40         ens5    133.00    123.00      8.56     54.42      0.00      0.00      0.00      0.00

05:08:40        IFACE   rxpck/s   txpck/s    rxkB/s    txkB/s   rxcmp/s   txcmp/s  rxmcst/s   %ifutil
05:08:41         ens5    126.00    126.00      8.20     55.58      0.00      0.00      0.00      0.00

05:08:41        IFACE   rxpck/s   txpck/s    rxkB/s    txkB/s   rxcmp/s   txcmp/s  rxmcst/s   %ifutil
05:08:42         ens5    125.00    127.00      8.20     56.69      0.00      0.00      0.00      0.00

05:08:42        IFACE   rxpck/s   txpck/s    rxkB/s    txkB/s   rxcmp/s   txcmp/s  rxmcst/s   %ifutil
05:08:43         ens5    125.00    123.00      8.15     54.47      0.00      0.00      0.00      0.00

05:08:43        IFACE   rxpck/s   txpck/s    rxkB/s    txkB/s   rxcmp/s   txcmp/s  rxmcst/s   %ifutil
05:08:44         ens5    126.00    126.00      8.23     55.64      0.00      0.00      0.00      0.00

05:08:44        IFACE   rxpck/s   txpck/s    rxkB/s    txkB/s   rxcmp/s   txcmp/s  rxmcst/s   %ifutil
05:08:45         ens5    122.00    122.00      8.00     54.40      0.00      0.00      0.00      0.00

05:08:45        IFACE   rxpck/s   txpck/s    rxkB/s    txkB/s   rxcmp/s   txcmp/s  rxmcst/s   %ifutil
05:08:46         ens5    128.00    126.00      8.33     55.64      0.00      0.00      0.00      0.00

05:08:46        IFACE   rxpck/s   txpck/s    rxkB/s    txkB/s   rxcmp/s   txcmp/s  rxmcst/s   %ifutil
05:08:47         ens5    139.00    123.00      8.87     54.48      0.00      0.00      0.00      0.00

05:08:47        IFACE   rxpck/s   txpck/s    rxkB/s    txkB/s   rxcmp/s   txcmp/s  rxmcst/s   %ifutil
05:08:48         ens5    142.00    127.00      9.08     56.73      0.00      0.00      0.00      0.00

05:08:48        IFACE   rxpck/s   txpck/s    rxkB/s    txkB/s   rxcmp/s   txcmp/s  rxmcst/s   %ifutil
05:08:49         ens5    142.00    126.00      9.04     55.64      0.00      0.00      0.00      0.00

05:08:49        IFACE   rxpck/s   txpck/s    rxkB/s    txkB/s   rxcmp/s   txcmp/s  rxmcst/s   %ifutil
05:08:50         ens5    137.00    122.00      8.76     54.41      0.00      0.00      0.00      0.00

05:08:50        IFACE   rxpck/s   txpck/s    rxkB/s    txkB/s   rxcmp/s   txcmp/s  rxmcst/s   %ifutil
05:08:51         ens5    139.00    125.00      8.89     55.58      0.00      0.00      0.00      0.00

05:08:51        IFACE   rxpck/s   txpck/s    rxkB/s    txkB/s   rxcmp/s   txcmp/s  rxmcst/s   %ifutil
05:08:52         ens5    134.00    125.00      8.67     54.64      0.00      0.00      0.00      0.00

05:08:52        IFACE   rxpck/s   txpck/s    rxkB/s    txkB/s   rxcmp/s   txcmp/s  rxmcst/s   %ifutil
05:08:53         ens5    141.00    125.00      8.99     55.56      0.00      0.00      0.00      0.00

05:08:53        IFACE   rxpck/s   txpck/s    rxkB/s    txkB/s   rxcmp/s   txcmp/s  rxmcst/s   %ifutil
05:08:54         ens5    140.00    127.00      8.98     56.72      0.00      0.00      0.00      0.00

05:08:54        IFACE   rxpck/s   txpck/s    rxkB/s    txkB/s   rxcmp/s   txcmp/s  rxmcst/s   %ifutil
05:08:55         ens5    140.00    123.00      8.91     54.47      0.00      0.00      0.00      0.00

05:08:55        IFACE   rxpck/s   txpck/s    rxkB/s    txkB/s   rxcmp/s   txcmp/s  rxmcst/s   %ifutil
05:08:56         ens5    142.00    126.00      9.04     55.64      0.00      0.00      0.00      0.00

05:08:56        IFACE   rxpck/s   txpck/s    rxkB/s    txkB/s   rxcmp/s   txcmp/s  rxmcst/s   %ifutil
05:08:57         ens5    141.00    124.00      9.04     54.54      0.00      0.00      0.00      0.00

05:08:57        IFACE   rxpck/s   txpck/s    rxkB/s    txkB/s   rxcmp/s   txcmp/s  rxmcst/s   %ifutil
05:08:58         ens5    141.00    126.00      8.96     56.66      0.00      0.00      0.00      0.00

05:08:58        IFACE   rxpck/s   txpck/s    rxkB/s    txkB/s   rxcmp/s   txcmp/s  rxmcst/s   %ifutil
05:08:59         ens5    141.00    126.00      8.99     55.64      0.00      0.00      0.00      0.00

05:08:59        IFACE   rxpck/s   txpck/s    rxkB/s    txkB/s   rxcmp/s   txcmp/s  rxmcst/s   %ifutil
05:09:00         ens5    132.00    119.00      8.46     53.17      0.00      0.00      0.00      0.00

05:09:00        IFACE   rxpck/s   txpck/s    rxkB/s    txkB/s   rxcmp/s   txcmp/s  rxmcst/s   %ifutil
05:09:01         ens5    131.00    115.00      8.33     50.92      0.00      0.00      0.00      0.00

05:09:01        IFACE   rxpck/s   txpck/s    rxkB/s    txkB/s   rxcmp/s   txcmp/s  rxmcst/s   %ifutil
05:09:02         ens5    135.00    120.00      8.61     53.26      0.00      0.00      0.00      0.00

05:09:02        IFACE   rxpck/s   txpck/s    rxkB/s    txkB/s   rxcmp/s   txcmp/s  rxmcst/s   %ifutil
05:09:03         ens5    140.00    126.00      8.98     55.63      0.00      0.00      0.00      0.00

05:09:03        IFACE   rxpck/s   txpck/s    rxkB/s    txkB/s   rxcmp/s   txcmp/s  rxmcst/s   %ifutil
05:09:04         ens5    124.00    127.00      8.17     56.74      0.00      0.00      0.00      0.00

05:09:04        IFACE   rxpck/s   txpck/s    rxkB/s    txkB/s   rxcmp/s   txcmp/s  rxmcst/s   %ifutil
05:09:05         ens5    126.00    124.00      8.21     54.54      0.00      0.00      0.00      0.00

05:09:05        IFACE   rxpck/s   txpck/s    rxkB/s    txkB/s   rxcmp/s   txcmp/s  rxmcst/s   %ifutil
05:09:06         ens5    127.00    126.00      8.27     55.63      0.00      0.00      0.00      0.00

05:09:06        IFACE   rxpck/s   txpck/s    rxkB/s    txkB/s   rxcmp/s   txcmp/s  rxmcst/s   %ifutil
05:09:07         ens5    127.00    128.00      8.32     56.81      0.00      0.00      0.00      0.00

05:09:07        IFACE   rxpck/s   txpck/s    rxkB/s    txkB/s   rxcmp/s   txcmp/s  rxmcst/s   %ifutil
05:09:08         ens5    127.00    128.00      8.32     56.63      0.00      0.00      0.00      0.00

05:09:08        IFACE   rxpck/s   txpck/s    rxkB/s    txkB/s   rxcmp/s   txcmp/s  rxmcst/s   %ifutil
05:09:09         ens5    125.00    124.00      8.15     54.70      0.00      0.00      0.00      0.00

05:09:09        IFACE   rxpck/s   txpck/s    rxkB/s    txkB/s   rxcmp/s   txcmp/s  rxmcst/s   %ifutil
05:09:10         ens5    126.00    126.00      8.23     55.65      0.00      0.00      0.00      0.00

05:09:10        IFACE   rxpck/s   txpck/s    rxkB/s    txkB/s   rxcmp/s   txcmp/s  rxmcst/s   %ifutil
05:09:11         ens5    125.00    127.00      8.22     56.73      0.00      0.00      0.00      0.00

05:09:11        IFACE   rxpck/s   txpck/s    rxkB/s    txkB/s   rxcmp/s   txcmp/s  rxmcst/s   %ifutil
05:09:12         ens5    125.00    123.00      8.15     54.47      0.00      0.00      0.00      0.00

05:09:12        IFACE   rxpck/s   txpck/s    rxkB/s    txkB/s   rxcmp/s   txcmp/s  rxmcst/s   %ifutil
05:09:13         ens5    126.00    126.00      8.23     55.64      0.00      0.00      0.00      0.00

05:09:13        IFACE   rxpck/s   txpck/s    rxkB/s    txkB/s   rxcmp/s   txcmp/s  rxmcst/s   %ifutil
05:09:14         ens5    122.00    122.00      8.00     54.41      0.00      0.00      0.00      0.00

05:09:14        IFACE   rxpck/s   txpck/s    rxkB/s    txkB/s   rxcmp/s   txcmp/s  rxmcst/s   %ifutil
05:09:15         ens5    125.00    125.00      8.22     55.57      0.00      0.00      0.00      0.00

05:09:15        IFACE   rxpck/s   txpck/s    rxkB/s    txkB/s   rxcmp/s   txcmp/s  rxmcst/s   %ifutil
05:09:16         ens5    125.00    124.00      8.16     54.54      0.00      0.00      0.00      0.00

05:09:16        IFACE   rxpck/s   txpck/s    rxkB/s    txkB/s   rxcmp/s   txcmp/s  rxmcst/s   %ifutil
05:09:17         ens5    127.00    126.00      8.32     56.50      0.00      0.00      0.00      0.00

05:09:17        IFACE   rxpck/s   txpck/s    rxkB/s    txkB/s   rxcmp/s   txcmp/s  rxmcst/s   %ifutil
05:09:18         ens5    130.00    128.00      8.43     55.97      0.00      0.00      0.00      0.00

05:09:18        IFACE   rxpck/s   txpck/s    rxkB/s    txkB/s   rxcmp/s   txcmp/s  rxmcst/s   %ifutil
05:09:19         ens5    141.00    127.00      9.04     56.73      0.00      0.00      0.00      0.00

05:09:19        IFACE   rxpck/s   txpck/s    rxkB/s    txkB/s   rxcmp/s   txcmp/s  rxmcst/s   %ifutil
05:09:20         ens5    144.00    128.00      9.19     56.79      0.00      0.00      0.00      0.00

05:09:20        IFACE   rxpck/s   txpck/s    rxkB/s    txkB/s   rxcmp/s   txcmp/s  rxmcst/s   %ifutil
05:09:21         ens5    140.00    123.00      8.91     54.47      0.00      0.00      0.00      0.00

05:09:21        IFACE   rxpck/s   txpck/s    rxkB/s    txkB/s   rxcmp/s   txcmp/s  rxmcst/s   %ifutil
05:09:22         ens5    139.00    125.00      8.89     55.58      0.00      0.00      0.00      0.00

05:09:22        IFACE   rxpck/s   txpck/s    rxkB/s    txkB/s   rxcmp/s   txcmp/s  rxmcst/s   %ifutil
05:09:23         ens5    140.00    123.00      8.91     54.47      0.00      0.00      0.00      0.00

05:09:23        IFACE   rxpck/s   txpck/s    rxkB/s    txkB/s   rxcmp/s   txcmp/s  rxmcst/s   %ifutil
05:09:24         ens5    143.00    127.00      9.12     55.73      0.00      0.00      0.00      0.00

05:09:24        IFACE   rxpck/s   txpck/s    rxkB/s    txkB/s   rxcmp/s   txcmp/s  rxmcst/s   %ifutil
05:09:25         ens5    141.00    126.00      9.04     56.50      0.00      0.00      0.00      0.00

05:09:25        IFACE   rxpck/s   txpck/s    rxkB/s    txkB/s   rxcmp/s   txcmp/s  rxmcst/s   %ifutil
05:09:26         ens5    139.00    125.00      9.05     54.93      0.00      0.00      0.00      0.00

05:09:26        IFACE   rxpck/s   txpck/s    rxkB/s    txkB/s   rxcmp/s   txcmp/s  rxmcst/s   %ifutil
05:09:27         ens5    127.00    126.00      8.28     55.64      0.00      0.00      0.00      0.00

05:09:27        IFACE   rxpck/s   txpck/s    rxkB/s    txkB/s   rxcmp/s   txcmp/s  rxmcst/s   %ifutil
05:09:28         ens5    127.00    128.00      8.32     56.79      0.00      0.00      0.00      0.00

05:09:28        IFACE   rxpck/s   txpck/s    rxkB/s    txkB/s   rxcmp/s   txcmp/s  rxmcst/s   %ifutil
05:09:29         ens5    122.00    122.00      8.00     54.41      0.00      0.00      0.00      0.00

05:09:29        IFACE   rxpck/s   txpck/s    rxkB/s    txkB/s   rxcmp/s   txcmp/s  rxmcst/s   %ifutil
05:09:30         ens5    126.00    126.00      8.23     55.64      0.00      0.00      0.00      0.00

05:09:30        IFACE   rxpck/s   txpck/s    rxkB/s    txkB/s   rxcmp/s   txcmp/s  rxmcst/s   %ifutil
05:09:31         ens5    123.00    123.00      8.05     54.47      0.00      0.00      0.00      0.00

05:09:31        IFACE   rxpck/s   txpck/s    rxkB/s    txkB/s   rxcmp/s   txcmp/s  rxmcst/s   %ifutil
05:09:32         ens5    127.00    127.00      8.32     56.72      0.00      0.00      0.00      0.00

05:09:32        IFACE   rxpck/s   txpck/s    rxkB/s    txkB/s   rxcmp/s   txcmp/s  rxmcst/s   %ifutil
05:09:33         ens5    127.00    126.00      8.28     55.64      0.00      0.00      0.00      0.00

05:09:33        IFACE   rxpck/s   txpck/s    rxkB/s    txkB/s   rxcmp/s   txcmp/s  rxmcst/s   %ifutil
05:09:34         ens5    124.00    127.00      8.17     56.73      0.00      0.00      0.00      0.00

05:09:34        IFACE   rxpck/s   txpck/s    rxkB/s    txkB/s   rxcmp/s   txcmp/s  rxmcst/s   %ifutil
05:09:35         ens5    128.00    128.00      8.38     56.79      0.00      0.00      0.00      0.00

05:09:35        IFACE   rxpck/s   txpck/s    rxkB/s    txkB/s   rxcmp/s   txcmp/s  rxmcst/s   %ifutil
05:09:36         ens5    125.00    123.00      8.15     54.47      0.00      0.00      0.00      0.00

05:09:36        IFACE   rxpck/s   txpck/s    rxkB/s    txkB/s   rxcmp/s   txcmp/s  rxmcst/s   %ifutil
05:09:37         ens5    127.00    126.00      8.28     55.65      0.00      0.00      0.00      0.00

05:09:37        IFACE   rxpck/s   txpck/s    rxkB/s    txkB/s   rxcmp/s   txcmp/s  rxmcst/s   %ifutil
05:09:38         ens5    125.00    127.00      8.26     56.74      0.00      0.00      0.00      0.00

05:09:38        IFACE   rxpck/s   txpck/s    rxkB/s    txkB/s   rxcmp/s   txcmp/s  rxmcst/s   %ifutil
05:09:39         ens5    126.00    124.00      8.21     54.54      0.00      0.00      0.00      0.00

05:09:39        IFACE   rxpck/s   txpck/s    rxkB/s    txkB/s   rxcmp/s   txcmp/s  rxmcst/s   %ifutil
05:09:40         ens5     63.00     62.00      4.11     27.25      0.00      0.00      0.00      0.00

05:09:40        IFACE   rxpck/s   txpck/s    rxkB/s    txkB/s   rxcmp/s   txcmp/s  rxmcst/s   %ifutil
05:09:41         ens5      0.00      0.00      0.00      0.00      0.00      0.00      0.00      0.00


Average:        IFACE   rxpck/s   txpck/s    rxkB/s    txkB/s   rxcmp/s   txcmp/s  rxmcst/s   %ifutil
Average:         ens5    112.22    106.43      7.28     46.54      0.00      0.00      0.00      0.00
