Linux 7.0.0-1008-aws (ip-172-31-20-134) 	08/07/26 	_x86_64_	(2 CPU)

17:46:18        CPU     %user     %nice   %system   %iowait    %steal     %idle
17:46:19        all      1.52      0.00      1.01      0.00      0.00     97.47
17:46:20        all      0.00      0.00      0.00      0.00      0.00    100.00
17:46:21        all      0.50      0.00      0.00      0.00      0.00     99.50
17:46:22        all      0.50      0.00      0.00      0.00      0.00     99.50
17:46:23        all      0.00      0.00      1.00      0.00      0.00     99.00
17:46:24        all      0.00      0.00      0.00      0.00      0.00    100.00
17:46:25        all      8.63      0.00      1.52      0.00      0.00     89.85
17:46:26        all     10.71      0.00      1.02      0.00      0.00     88.27
17:46:27        all     10.15      0.00      1.02      0.00      0.00     88.83
17:46:28        all     10.15      0.00      1.52      0.00      0.00     88.32
17:46:29        all     17.35      0.00      2.04      0.00      0.00     80.61
17:46:30        all     10.61      0.00      1.01      0.00      0.00     88.38
17:46:31        all     10.20      0.00      1.02      0.00      0.00     88.78
17:46:32        all     11.44      0.00      2.49      0.50      0.00     85.57
17:46:33        all     10.61      0.00      1.01      0.00      0.51     87.88
17:46:34        all     10.66      0.00      1.02      0.00      0.00     88.32
17:46:35        all      9.69      0.00      0.51      0.00      0.00     89.80
17:46:36        all     10.66      0.00      1.52      0.00      0.00     87.82
17:46:37        all     10.61      0.00      0.51      0.00      0.00     88.89
17:46:38        all      9.69      0.00      1.02      0.00      0.00     89.29
17:46:39        all     10.66      0.00      1.02      0.00      0.00     88.32
17:46:40        all     11.06      0.00      1.51      0.00      0.00     87.44
17:46:41        all     10.15      0.00      1.52      0.00      0.00     88.32
17:46:42        all     11.56      0.00      1.01      0.00      0.00     87.44
17:46:43        all      9.69      0.00      1.02      0.00      0.00     89.29
17:46:44        all     16.75      0.00      2.03      0.00      0.51     80.71
17:46:45        all     10.15      0.00      1.02      0.00      0.00     88.83
17:46:46        all     10.66      0.00      0.51      0.00      0.00     88.83
17:46:47        all     10.10      0.00      1.52      0.00      0.00     88.38
17:46:48        all      9.69      0.00      1.53      0.00      0.00     88.78
17:46:49        all     10.66      0.00      1.02      0.00      0.00     88.32
17:46:50        all     10.10      0.00      1.52      0.00      0.00     88.38
17:46:51        all     10.71      0.00      1.02      0.00      0.00     88.27
17:46:52        all     10.20      0.00      1.02      0.00      0.00     88.78
17:46:53        all     10.05      0.00      2.01      1.01      0.00     86.93
17:46:54        all     10.10      0.00      1.01      0.00      0.00     88.89
17:46:55        all     10.15      0.00      1.02      0.00      0.00     88.83
17:46:56        all     10.61      0.00      1.01      0.00      0.51     87.88
17:46:57        all     10.15      0.00      1.02      0.00      0.00     88.83
17:46:58        all     10.15      0.00      1.02      0.00      0.00     88.83
17:46:59        all     15.82      0.00      2.55      0.00      0.00     81.63
17:47:00        all      9.18      0.00      0.51      0.00      0.51     89.80
17:47:01        all     10.55      0.00      1.51      0.00      0.00     87.94
17:47:02        all      9.09      0.00      1.01      0.00      0.51     89.39
17:47:03        all      7.14      0.00      0.00      0.51      0.00     92.35
17:47:04        all      0.00      0.00      0.00      0.00      0.00    100.00

Average:        all      9.09      0.00      1.07      0.04      0.06     89.74
