Linux 7.0.0-1008-aws (ip-172-31-20-134) 	08/07/26 	_x86_64_	(2 CPU)

17:46:18    kbmemfree   kbavail kbmemused  %memused kbbuffers  kbcached  kbcommit   %commit  kbactive   kbinact   kbdirty
17:46:19       142424   1294424    374404     19.19     20992   1223964   1627804     83.44    765476    757876       276
17:46:20       142424   1294424    374404     19.19     20992   1223964   1627804     83.44    765476    757876       276
17:46:21       142424   1294424    374404     19.19     20992   1223964   1627804     83.44    765560    757876       276
17:46:22       142424   1294428    374400     19.19     20992   1223968   1627804     83.44    765596    757880       280
17:46:23       142424   1294428    374400     19.19     20992   1223968   1627804     83.44    765596    757880       280
17:46:24       142424   1294428    374400     19.19     20992   1223968   1627804     83.44    765596    757880       280
17:46:25       141164   1293176    375652     19.26     20992   1223976   1638612     84.00    771292    757888       288
17:46:26       140156   1292352    376472     19.30     20992   1224164   1638828     84.01    772532    758072       476
17:46:27       139904   1292304    376516     19.30     20992   1224372   1638948     84.01    772888    758276       684
17:46:28       139652   1292168    376588     19.30     20992   1224552   1643084     84.23    773484    758392       864
17:46:29       139400   1292128    376632     19.31     20992   1224760   1643152     84.23    773664    758604      1072
17:46:30       139148   1292080    376700     19.31     20992   1224944   1643172     84.23    773708    758808      1256
17:46:31       138896   1292052    376744     19.31     20992   1225152   1651516     84.66    773732    759032      1464
17:46:32       138644   1291992    376816     19.32     21016   1225308   1651544     84.66    773620    759224      1728
17:46:33       138392   1291972    376836     19.32     21016   1225540   1651544     84.66    773988    759456      1964
17:46:34       136880   1290600    378168     19.39     21016   1225720   1651544     84.66    774180    759596      2144
17:46:35       136880   1290860    377968     19.38     21016   1225920   1651544     84.66    774920    759856      2344
17:46:36       136880   1290968    377784     19.37     21016   1226104   1651544     84.66    774516    759964      2528
17:46:37       136880   1291244    377576     19.36     21016   1226312   1651552     84.66    774548    760240      2736
17:46:38       136880   1291372    377396     19.35     21016   1226492   1651716     84.67    774752    760368      2916
17:46:39       136880   1291620    377192     19.34     21016   1226696   1651788     84.67    774916    760616      3120
17:46:40       136880   1291740    377008     19.33     21016   1226880   1651816     84.67    775088    760736      3304
17:46:41       136880   1291980    376796     19.32     21016   1227092   1651816     84.67    774868    760976      3516
17:46:42       136880   1292180    376612     19.31     21016   1227276   1651892     84.68    774876    761176      3700
17:46:43       136880   1292304    376412     19.30     21016   1227476   1651892     84.68    774920    761300      3852
17:46:44       135648   1291364    377464     19.35     21016   1227656   1651948     84.68    774956    761592      4032
17:46:45       135648   1291484    377256     19.34     21016   1227864   1651960     84.68    775036    761712      4244
17:46:46       135648   1291712    377068     19.33     21016   1228052   1651960     84.68    775056    761940      4432
17:46:47       135648   1291940    376860     19.32     21016   1228256   1651960     84.68    775080    762164      4636
17:46:48       134892   1291308    377432     19.35     21016   1228440   1651968     84.68    775920    762288      4736
17:46:49       134892   1291604    377220     19.34     21016   1228644   1651968     84.68    775140    762576      4872
17:46:50       134892   1291768    377036     19.33     21016   1228824   1651968     84.68    775364    762736      5052
17:46:51       134892   1291924    376820     19.32     21016   1229032   1651968     84.68    775400    762884      5260
17:46:52       134892   1292160    376636     19.31     21016   1229216   1651968     84.68    775496    763120      5444
17:46:53       134892   1292396    376428     19.30     21016   1229420   1651968     84.68    775696    763352       148
17:46:54       134892   1292528    376236     19.29     21016   1229604   1651968     84.68    775696    763476       340
17:46:55       134892   1292776    376028     19.28     21016   1229804   1652036     84.69    775704    763716       540
17:46:56       134892   1292964    375840     19.27     21016   1229988   1652036     84.69    775768    763900       724
17:46:57       134892   1293076    375632     19.26     21016   1230196   1652036     84.69    775780    764012       932
17:46:58       134892   1293316    375440     19.25     21016   1230380   1652168     84.69    775796    764244      1116
17:46:59       134892   1293588    375224     19.23     21016   1230592   1652140     84.69    775784    764512      1328
17:47:00       134892   1293680    375032     19.22     21016   1230776   1652076     84.69    775788    764596      1512
17:47:01       134640   1293676    375092     19.23     21016   1230968   1652068     84.69    775788    764844      1704
17:47:02       134640   1293868    374920     19.22     21040   1231112   1652068     84.69    775848    765032      1872
17:47:03       133884   1293340    375488     19.25     21040   1231292   1652068     84.69    776400    765252      1916
17:47:04       133884   1293464    375360     19.24     21040   1231416   1652068     84.69    776404    765372      2040

Average:       137216   1292513    376278     19.29     21011   1227262   1647319     84.44    773645    761156      2141
