Linux 7.0.0-1008-aws (ip-172-31-20-134) 	08/07/26 	_x86_64_	(2 CPU)

17:46:18        IFACE   rxpck/s   txpck/s    rxkB/s    txkB/s   rxcmp/s   txcmp/s  rxmcst/s   %ifutil
17:46:19         ens5     52.00     46.00      4.36      4.98      0.00      0.00      0.00      0.00

17:46:19        IFACE   rxpck/s   txpck/s    rxkB/s    txkB/s   rxcmp/s   txcmp/s  rxmcst/s   %ifutil
17:46:20         ens5     38.00     33.00      3.16      3.36      0.00      0.00      0.00      0.00

17:46:20        IFACE   rxpck/s   txpck/s    rxkB/s    txkB/s   rxcmp/s   txcmp/s  rxmcst/s   %ifutil
17:46:21         ens5      0.00      0.00      0.00      0.00      0.00      0.00      0.00      0.00

17:46:21        IFACE   rxpck/s   txpck/s    rxkB/s    txkB/s   rxcmp/s   txcmp/s  rxmcst/s   %ifutil
17:46:22         ens5      0.00      0.00      0.00      0.00      0.00      0.00      0.00      0.00

17:46:22        IFACE   rxpck/s   txpck/s    rxkB/s    txkB/s   rxcmp/s   txcmp/s  rxmcst/s   %ifutil
17:46:23         ens5      0.00      0.00      0.00      0.00      0.00      0.00      0.00      0.00

17:46:23        IFACE   rxpck/s   txpck/s    rxkB/s    txkB/s   rxcmp/s   txcmp/s  rxmcst/s   %ifutil
17:46:24         ens5      0.00      0.00      0.00      0.00      0.00      0.00      0.00      0.00

17:46:24        IFACE   rxpck/s   txpck/s    rxkB/s    txkB/s   rxcmp/s   txcmp/s  rxmcst/s   %ifutil
17:46:25         ens5    113.00    157.00     70.04    109.28      0.00      0.00      0.00      0.00

17:46:25        IFACE   rxpck/s   txpck/s    rxkB/s    txkB/s   rxcmp/s   txcmp/s  rxmcst/s   %ifutil
17:46:26         ens5    104.00    156.00     58.63    111.35      0.00      0.00      0.00      0.00

17:46:26        IFACE   rxpck/s   txpck/s    rxkB/s    txkB/s   rxcmp/s   txcmp/s  rxmcst/s   %ifutil
17:46:27         ens5    107.00    159.00     60.80    112.89      0.00      0.00      0.00      0.00

17:46:27        IFACE   rxpck/s   txpck/s    rxkB/s    txkB/s   rxcmp/s   txcmp/s  rxmcst/s   %ifutil
17:46:28         ens5    106.00    157.00     58.81    111.47      0.00      0.00      0.00      0.00

17:46:28        IFACE   rxpck/s   txpck/s    rxkB/s    txkB/s   rxcmp/s   txcmp/s  rxmcst/s   %ifutil
17:46:29         ens5    106.00    160.00     59.12    114.52      0.00      0.00      0.00      0.00

17:46:29        IFACE   rxpck/s   txpck/s    rxkB/s    txkB/s   rxcmp/s   txcmp/s  rxmcst/s   %ifutil
17:46:30         ens5    109.00    161.00     61.55    113.78      0.00      0.00      0.00      0.00

17:46:30        IFACE   rxpck/s   txpck/s    rxkB/s    txkB/s   rxcmp/s   txcmp/s  rxmcst/s   %ifutil
17:46:31         ens5    104.00    154.00     58.72    111.15      0.00      0.00      0.00      0.00

17:46:31        IFACE   rxpck/s   txpck/s    rxkB/s    txkB/s   rxcmp/s   txcmp/s  rxmcst/s   %ifutil
17:46:32         ens5    106.00    159.00     59.18    114.41      0.00      0.00      0.00      0.00

17:46:32        IFACE   rxpck/s   txpck/s    rxkB/s    txkB/s   rxcmp/s   txcmp/s  rxmcst/s   %ifutil
17:46:33         ens5    109.00    161.00     61.60    113.77      0.00      0.00      0.00      0.00

17:46:33        IFACE   rxpck/s   txpck/s    rxkB/s    txkB/s   rxcmp/s   txcmp/s  rxmcst/s   %ifutil
17:46:34         ens5    104.00    156.00     58.71    111.40      0.00      0.00      0.00      0.00

17:46:34        IFACE   rxpck/s   txpck/s    rxkB/s    txkB/s   rxcmp/s   txcmp/s  rxmcst/s   %ifutil
17:46:35         ens5    105.00    159.00     58.78    114.16      0.00      0.00      0.00      0.00

17:46:35        IFACE   rxpck/s   txpck/s    rxkB/s    txkB/s   rxcmp/s   txcmp/s  rxmcst/s   %ifutil
17:46:36         ens5    104.00    155.00     58.71    111.31      0.00      0.00      0.00      0.00

17:46:36        IFACE   rxpck/s   txpck/s    rxkB/s    txkB/s   rxcmp/s   txcmp/s  rxmcst/s   %ifutil
17:46:37         ens5    107.00    159.00     60.89    112.99      0.00      0.00      0.00      0.00

17:46:37        IFACE   rxpck/s   txpck/s    rxkB/s    txkB/s   rxcmp/s   txcmp/s  rxmcst/s   %ifutil
17:46:38         ens5    106.00    155.00     59.06    111.50      0.00      0.00      0.00      0.00

17:46:38        IFACE   rxpck/s   txpck/s    rxkB/s    txkB/s   rxcmp/s   txcmp/s  rxmcst/s   %ifutil
17:46:39         ens5    107.00    161.00     59.46    114.91      0.00      0.00      0.00      0.00

17:46:39        IFACE   rxpck/s   txpck/s    rxkB/s    txkB/s   rxcmp/s   txcmp/s  rxmcst/s   %ifutil
17:46:40         ens5    107.00    159.00     60.88    113.00      0.00      0.00      0.00      0.00

17:46:40        IFACE   rxpck/s   txpck/s    rxkB/s    txkB/s   rxcmp/s   txcmp/s  rxmcst/s   %ifutil
17:46:41         ens5    106.00    160.00     58.88    114.27      0.00      0.00      0.00      0.00

17:46:41        IFACE   rxpck/s   txpck/s    rxkB/s    txkB/s   rxcmp/s   txcmp/s  rxmcst/s   %ifutil
17:46:42         ens5    105.00    155.00     59.03    111.51      0.00      0.00      0.00      0.00

17:46:42        IFACE   rxpck/s   txpck/s    rxkB/s    txkB/s   rxcmp/s   txcmp/s  rxmcst/s   %ifutil
17:46:43         ens5    107.00    158.00     60.86    112.86      0.00      0.00      0.00      0.00

17:46:43        IFACE   rxpck/s   txpck/s    rxkB/s    txkB/s   rxcmp/s   txcmp/s  rxmcst/s   %ifutil
17:46:44         ens5    102.00    152.00     56.60    109.74      0.00      0.00      0.00      0.00

17:46:44        IFACE   rxpck/s   txpck/s    rxkB/s    txkB/s   rxcmp/s   txcmp/s  rxmcst/s   %ifutil
17:46:45         ens5    107.00    159.00     60.91    113.03      0.00      0.00      0.00      0.00

17:46:45        IFACE   rxpck/s   txpck/s    rxkB/s    txkB/s   rxcmp/s   txcmp/s  rxmcst/s   %ifutil
17:46:46         ens5    104.00    156.00     58.70    111.43      0.00      0.00      0.00      0.00

17:46:46        IFACE   rxpck/s   txpck/s    rxkB/s    txkB/s   rxcmp/s   txcmp/s  rxmcst/s   %ifutil
17:46:47         ens5    106.00    160.00     59.16    114.53      0.00      0.00      0.00      0.00

17:46:47        IFACE   rxpck/s   txpck/s    rxkB/s    txkB/s   rxcmp/s   txcmp/s  rxmcst/s   %ifutil
17:46:48         ens5    110.00    160.00     61.93    113.87      0.00      0.00      0.00      0.00

17:46:48        IFACE   rxpck/s   txpck/s    rxkB/s    txkB/s   rxcmp/s   txcmp/s  rxmcst/s   %ifutil
17:46:49         ens5    106.00    158.00     59.42    112.18      0.00      0.00      0.00      0.00

17:46:49        IFACE   rxpck/s   txpck/s    rxkB/s    txkB/s   rxcmp/s   txcmp/s  rxmcst/s   %ifutil
17:46:50         ens5    107.00    158.00     59.69    112.40      0.00      0.00      0.00      0.00

17:46:50        IFACE   rxpck/s   txpck/s    rxkB/s    txkB/s   rxcmp/s   txcmp/s  rxmcst/s   %ifutil
17:46:51         ens5    107.00    156.00     59.71    111.42      0.00      0.00      0.00      0.00

17:46:51        IFACE   rxpck/s   txpck/s    rxkB/s    txkB/s   rxcmp/s   txcmp/s  rxmcst/s   %ifutil
17:46:52         ens5    107.00    160.00     59.15    114.44      0.00      0.00      0.00      0.00

17:46:52        IFACE   rxpck/s   txpck/s    rxkB/s    txkB/s   rxcmp/s   txcmp/s  rxmcst/s   %ifutil
17:46:53         ens5    108.00    160.00     61.26    113.37      0.00      0.00      0.00      0.00

17:46:53        IFACE   rxpck/s   txpck/s    rxkB/s    txkB/s   rxcmp/s   txcmp/s  rxmcst/s   %ifutil
17:46:54         ens5    107.00    158.00     59.74    112.19      0.00      0.00      0.00      0.00

17:46:54        IFACE   rxpck/s   txpck/s    rxkB/s    txkB/s   rxcmp/s   txcmp/s  rxmcst/s   %ifutil
17:46:55         ens5    106.00    159.00     59.16    114.17      0.00      0.00      0.00      0.00

17:46:55        IFACE   rxpck/s   txpck/s    rxkB/s    txkB/s   rxcmp/s   txcmp/s  rxmcst/s   %ifutil
17:46:56         ens5    105.00    157.00     58.75    111.49      0.00      0.00      0.00      0.00

17:46:56        IFACE   rxpck/s   txpck/s    rxkB/s    txkB/s   rxcmp/s   txcmp/s  rxmcst/s   %ifutil
17:46:57         ens5    110.00    162.00     61.57    113.81      0.00      0.00      0.00      0.00

17:46:57        IFACE   rxpck/s   txpck/s    rxkB/s    txkB/s   rxcmp/s   txcmp/s  rxmcst/s   %ifutil
17:46:58         ens5    107.00    158.00     59.74    112.19      0.00      0.00      0.00      0.00

17:46:58        IFACE   rxpck/s   txpck/s    rxkB/s    txkB/s   rxcmp/s   txcmp/s  rxmcst/s   %ifutil
17:46:59         ens5    105.00    159.00     58.83    114.19      0.00      0.00      0.00      0.00

17:46:59        IFACE   rxpck/s   txpck/s    rxkB/s    txkB/s   rxcmp/s   txcmp/s  rxmcst/s   %ifutil
17:47:00         ens5     97.00    145.00     54.51    103.22      0.00      0.00      0.00      0.00

17:47:00        IFACE   rxpck/s   txpck/s    rxkB/s    txkB/s   rxcmp/s   txcmp/s  rxmcst/s   %ifutil
17:47:01         ens5    100.00    149.00     56.45    107.03      0.00      0.00      0.00      0.00

17:47:01        IFACE   rxpck/s   txpck/s    rxkB/s    txkB/s   rxcmp/s   txcmp/s  rxmcst/s   %ifutil
17:47:02         ens5     84.00    122.00     47.36     87.11      0.00      0.00      0.00      0.00

17:47:02        IFACE   rxpck/s   txpck/s    rxkB/s    txkB/s   rxcmp/s   txcmp/s  rxmcst/s   %ifutil
17:47:03         ens5     72.00    107.00     40.63     76.98      0.00      0.00      0.00      0.00

17:47:03        IFACE   rxpck/s   txpck/s    rxkB/s    txkB/s   rxcmp/s   txcmp/s  rxmcst/s   %ifutil
17:47:04         ens5      0.00      0.00      0.00      0.00      0.00      0.00      0.00      0.00


Average:        IFACE   rxpck/s   txpck/s    rxkB/s    txkB/s   rxcmp/s   txcmp/s  rxmcst/s   %ifutil
Average:         ens5     90.63    133.37     50.10     94.08      0.00      0.00      0.00      0.00
