Linux 7.0.0-1008-aws (ip-172-31-31-224) 	08/07/26 	_x86_64_	(2 CPU)

07:08:24        CPU     %user     %nice   %system   %iowait    %steal     %idle
07:08:25        all     51.52      0.00      5.05      0.00      0.00     43.43
07:08:26        all     50.50      0.00      4.00      0.00      0.00     45.50
07:08:27        all     51.01      0.00      2.53      0.00      0.00     46.46
07:08:28        all     48.00      0.00      4.50      0.00      0.00     47.50
07:08:29        all     52.53      0.00      3.54      0.00      0.00     43.94
07:08:30        all     47.74      0.00      3.02      0.00      0.00     49.25
07:08:31        all     51.01      0.00      3.54      0.00      0.00     45.45
07:08:32        all     34.67      0.00      4.52      0.00      0.00     60.80
07:08:33        all      1.00      0.00      0.00      0.00      0.00     99.00
07:08:34        all      0.00      0.00      0.50      0.00      0.50     98.99
07:08:35        all      1.00      0.00      0.50      0.00      0.00     98.50
07:08:36        all      0.50      0.00      1.01      0.00      0.00     98.49
07:08:37        all      0.51      0.00      0.00      0.00      0.00     99.49
07:08:38        all      0.50      0.00      0.50      0.00      0.00     98.99
07:08:39        all      4.50      0.00      0.50      0.00      0.00     95.00
07:08:40        all      0.00      0.00      0.51      0.00      0.00     99.49
07:08:41        all      0.50      0.00      0.50      0.00      0.50     98.49
07:08:42        all      0.50      0.00      0.00      0.00      0.00     99.50
07:08:43        all      0.50      0.00      1.01      0.00      0.00     98.49
07:08:44        all      0.50      0.00      0.50      0.00      0.00     98.99
07:08:45        all      0.50      0.00      0.50      0.00      0.00     98.99
07:08:46        all      0.00      0.00      0.51      0.00      0.00     99.49
07:08:47        all      1.01      0.00      0.50      0.50      0.00     97.99
07:08:48        all      0.50      0.00      0.50      0.00      0.00     98.99
07:08:49        all      0.00      0.00      0.51      0.00      0.00     99.49
07:08:50        all      1.01      0.00      0.50      0.00      0.00     98.49
07:08:51        all      0.00      0.00      0.00      0.00      0.00    100.00
07:08:52        all      0.51      0.00      0.00      0.00      0.00     99.49
07:08:53        all      0.00      0.00      1.01      0.00      0.00     98.99
07:08:54        all      1.01      0.00      0.00      0.00      0.00     98.99
07:08:55        all      0.00      0.00      1.50      0.00      0.00     98.50
07:08:56        all      0.50      0.00      0.50      0.00      0.00     98.99
07:08:57        all      1.01      0.00      0.50      0.00      0.00     98.49
07:08:58        all      0.51      0.00      0.00      0.00      0.00     99.49
07:08:59        all      0.00      0.00      1.01      0.00      0.00     98.99
07:09:00        all      1.00      0.00      0.00      0.00      0.50     98.50
07:09:01        all      0.50      0.00      0.50      0.00      0.00     99.00
07:09:02        all      0.51      0.00      0.51      0.00      0.00     98.99
07:09:03        all      1.01      0.00      0.00      0.00      0.00     98.99
07:09:04        all      0.00      0.00      0.50      0.00      0.00     99.50
07:09:05        all      1.00      0.00      1.00      0.00      0.00     98.00
07:09:06        all      0.00      0.00      0.00      0.00      0.00    100.00
07:09:07        all      0.51      0.00      0.00      0.00      0.00     99.49
07:09:08        all      0.00      0.00      1.50      0.00      0.00     98.50
07:09:09        all      0.51      0.00      0.00      0.00      0.00     99.49
07:09:10        all      0.00      0.00      0.00      0.00      0.00    100.00
07:09:11        all      0.50      0.00      1.00      0.00      0.50     98.00
07:09:12        all      0.50      0.00      0.00      0.00      0.00     99.50
07:09:13        all      0.51      0.00      0.00      0.00      0.00     99.49
07:09:14        all      0.50      0.00      1.00      0.00      0.00     98.50
07:09:15        all      0.51      0.00      0.00      0.00      0.00     99.49
07:09:16        all      0.51      0.00      0.00      0.00      0.00     99.49
07:09:17        all      1.00      0.00      1.49      0.50      0.00     97.01
07:09:18        all      0.51      0.00      0.00      0.00      0.00     99.49
07:09:19        all      0.51      0.00      0.00      0.00      0.00     99.49
07:09:20        all      0.50      0.00      0.50      0.00      0.00     98.99
07:09:21        all      0.50      0.00      1.00      0.00      0.00     98.50
07:09:22        all      0.51      0.00      0.00      0.00      0.00     99.49
07:09:23        all      0.51      0.00      0.51      0.00      0.00     98.99
07:09:24        all      0.50      0.00      0.00      0.00      0.50     98.99
07:09:25        all      0.50      0.00      1.00      0.00      0.00     98.50
07:09:26        all      0.00      0.00      0.51      0.00      0.00     99.49
07:09:27        all      0.50      0.00      1.50      0.00      0.00     98.00
07:09:28        all      0.50      0.00      0.00      0.00      0.00     99.50
07:09:29        all      0.50      0.00      1.01      0.00      0.00     98.49
07:09:30        all      0.51      0.00      0.00      0.00      0.00     99.49
07:09:31        all      1.00      0.00      1.00      0.00      0.00     98.00
07:09:32        all      0.00      0.00      0.51      0.00      0.00     99.49
07:09:33        all      1.00      0.00      1.00      0.00      0.00     98.01
07:09:34        all      0.00      0.00      0.51      0.00      0.00     99.49
07:09:35        all      1.01      0.00      0.00      0.00      0.00     98.99
07:09:36        all      0.00      0.00      1.01      0.00      0.00     98.99
07:09:37        all      0.00      0.00      0.51      0.00      0.00     99.49

Average:        all      5.78      0.00      0.85      0.01      0.03     93.33
