Linux 7.0.0-1008-aws (ip-172-31-31-224) 	08/07/26 	_x86_64_	(2 CPU)

07:08:24    kbmemfree   kbavail kbmemused  %memused kbbuffers  kbcached  kbcommit   %commit  kbactive   kbinact   kbdirty
07:08:25       722916   1259784    393600     20.18     15396    664156   1460924     74.89    253484    733416        56
07:08:26       635724   1172592    480792     24.65     15396    664156   1540340     78.96    332844    733416        56
07:08:27       571212   1108080    545304     27.95     15396    664156   1598852     81.96    394936    733416        56
07:08:28       451764    988632    664752     34.08     15396    664156   1728064     88.58    519484    733416        56
07:08:29       354996    891864    761520     39.04     15396    664156   1815496     93.06    611512    733416        56
07:08:30       298800    835668    817716     41.92     15396    664156   1878964     96.32    672664    733416        56
07:08:31       246888    783756    869628     44.58     15396    664156   1932868     99.08    725504    733416        56
07:08:32       129960    666828    986556     50.57     15396    664156   2049820    105.08    845408    733416        56
07:08:33       129960    666828    986556     50.57     15396    664156   2049820    105.08    845408    733416        56
07:08:34       129960    666828    986556     50.57     15396    664156   2049820    105.08    845436    733416        52
07:08:35       129960    666828    986556     50.57     15396    664156   2049820    105.08    845436    733416        52
07:08:36       129960    666828    986556     50.57     15396    664156   2049820    105.08    845436    733416        52
07:08:37       129960    666828    986556     50.57     15396    664156   2049820    105.08    845436    733416        52
07:08:38       129960    666828    986556     50.57     15396    664156   2049820    105.08    845436    733416        52
07:08:39       129960    666828    986556     50.57     15396    664156   2049820    105.08    844312    728064        52
07:08:40       129960    666828    986556     50.57     15396    664156   2049820    105.08    844312    728064        52
07:08:41       129960    666828    986540     50.57     15396    664172   2049820    105.08    844312    728064        52
07:08:42       129960    666828    986540     50.57     15396    664172   2049820    105.08    844312    728064        52
07:08:43       129960    666828    986540     50.57     15396    664172   2049820    105.08    844312    728064        52
07:08:44       129960    666828    986540     50.57     15396    664172   2049820    105.08    844312    728064        52
07:08:45       129960    666828    986536     50.57     15396    664176   2049820    105.08    844312    728064        56
07:08:46       129960    666828    986536     50.57     15396    664176   2049820    105.08    844312    728064        56
07:08:47       129960    666832    986536     50.57     15420    664152   2049820    105.08    844408    728068        56
07:08:48       129960    666872    986512     50.57     15420    664176   2049820    105.08    844436    728092        16
07:08:49       129960    666872    986512     50.57     15420    664176   2049820    105.08    844436    728092        16
07:08:50       129960    666872    986512     50.57     15420    664176   2049820    105.08    844436    728092        16
07:08:51       129960    666872    986512     50.57     15420    664176   2049820    105.08    844436    728092        16
07:08:52       129960    666872    986512     50.57     15420    664176   2049820    105.08    844436    728092        16
07:08:53       129960    666872    986512     50.57     15420    664176   2049820    105.08    844436    728092        16
07:08:54       129960    666872    986512     50.57     15420    664176   2049820    105.08    844436    728092        16
07:08:55       129960    666872    986512     50.57     15420    664176   2049820    105.08    844440    728092         4
07:08:56       129960    666872    986512     50.57     15420    664176   2049820    105.08    844440    728092        12
07:08:57       129960    666872    986512     50.57     15420    664176   2049820    105.08    844440    728092        12
07:08:58       129960    666872    986512     50.57     15420    664176   2049820    105.08    844440    728092        12
07:08:59       129960    666872    986508     50.57     15420    664180   2049820    105.08    844440    728092        16
07:09:00       129960    666872    986508     50.57     15420    664180   2049820    105.08    844440    728092        16
07:09:01       129960    666872    986508     50.57     15420    664180   2049820    105.08    844440    728092        16
07:09:02       129960    666872    986508     50.57     15420    664180   2049820    105.08    844440    728092        16
07:09:03       129960    666872    986508     50.57     15420    664180   2049820    105.08    844440    728092        16
07:09:04       129960    666872    986508     50.57     15420    664180   2049820    105.08    844440    728092        16
07:09:05       129960    666872    986504     50.57     15420    664184   2049820    105.08    844440    728092        20
07:09:06       129960    666872    986504     50.57     15420    664184   2049820    105.08    844440    728092        20
07:09:07       129960    666872    986504     50.57     15420    664184   2049820    105.08    844440    728092        20
07:09:08       129960    666872    986504     50.57     15420    664184   2049820    105.08    844440    728092        20
07:09:09       129960    666872    986504     50.57     15420    664184   2049820    105.08    844440    728092        20
07:09:10       129960    666872    986504     50.57     15420    664184   2049820    105.08    844440    728092        20
07:09:11       129960    666872    986504     50.57     15420    664184   2049820    105.08    844440    728092        20
07:09:12       129960    666872    986504     50.57     15420    664184   2049820    105.08    844440    728092        20
07:09:13       129960    666872    986504     50.57     15420    664184   2049820    105.08    844440    728092        20
07:09:14       129960    666872    986500     50.57     15420    664188   2049820    105.08    844440    728092        24
07:09:15       129960    666872    986500     50.57     15420    664188   2049820    105.08    844440    728092        24
07:09:16       129960    666872    986500     50.57     15420    664188   2049820    105.08    844440    728092        24
07:09:17       129960    666872    986476     50.57     15444    664188   2049820    105.08    844440    728092        64
07:09:18       129960    666872    986476     50.57     15444    664188   2049820    105.08    844440    728092        64
07:09:19       129960    666872    986476     50.57     15444    664188   2049820    105.08    844440    728092        64
07:09:20       129960    666872    986476     50.57     15444    664188   2049820    105.08    844440    728092        64
07:09:21       129960    666872    986476     50.57     15444    664188   2049820    105.08    844440    728092        64
07:09:22       129960    666872    986476     50.57     15444    664188   2049820    105.08    844440    728092        64
07:09:23       129960    666872    986476     50.57     15444    664188   2049820    105.08    844440    728092        64
07:09:24       129960    666872    986476     50.57     15444    664188   2049884    105.08    844440    728092        64
07:09:25       129960    666872    986472     50.57     15444    664192   2049884    105.08    844440    728092        68
07:09:26       129960    666872    986472     50.57     15444    664192   2049884    105.08    844444    728092        40
07:09:27       129960    666872    986472     50.57     15444    664192   2049884    105.08    844444    728092        52
07:09:28       129960    666872    986472     50.57     15444    664192   2049884    105.08    844444    728092        52
07:09:29       129960    666872    986472     50.57     15444    664192   2049884    105.08    844444    728092        52
07:09:30       129960    666872    986472     50.57     15444    664192   2049884    105.08    844444    728092        52
07:09:31       129960    666872    986468     50.57     15444    664196   2049884    105.08    844444    728092        56
07:09:32       129960    666872    986468     50.57     15444    664196   2049884    105.08    844444    728092        56
07:09:33       129960    666872    986468     50.57     15444    664196   2049884    105.08    844444    728092        56
07:09:34       129960    666872    986468     50.57     15444    664196   2049884    105.08    844444    728092        56
07:09:35       129960    666872    986468     50.57     15444    664196   2049884    105.08    844444    728092        56
07:09:36       129960    666872    986468     50.57     15444    664196   2049884    105.08    844444    728092        56
07:09:37       129960    666872    986468     50.57     15444    664196   2049884    105.08    844444    728092        56

Average:       162461    699359    954010     48.90     15420    664177   2017048    103.40    811635    729110        41
