Linux 7.0.0-1008-aws (ip-172-31-31-224) 	08/07/26 	_x86_64_	(2 CPU)

07:08:24        IFACE   rxpck/s   txpck/s    rxkB/s    txkB/s   rxcmp/s   txcmp/s  rxmcst/s   %ifutil
07:08:25         ens5     57.00     57.00      4.58      6.74      0.00      0.00      0.00      0.00

07:08:25        IFACE   rxpck/s   txpck/s    rxkB/s    txkB/s   rxcmp/s   txcmp/s  rxmcst/s   %ifutil
07:08:26         ens5     56.00     56.00      4.60      6.14      0.00      0.00      0.00      0.00

07:08:26        IFACE   rxpck/s   txpck/s    rxkB/s    txkB/s   rxcmp/s   txcmp/s  rxmcst/s   %ifutil
07:08:27         ens5     15.00     17.00      1.04      2.70      0.00      0.00      0.00      0.00

07:08:27        IFACE   rxpck/s   txpck/s    rxkB/s    txkB/s   rxcmp/s   txcmp/s  rxmcst/s   %ifutil
07:08:28         ens5      8.00      8.00      0.41      1.72      0.00      0.00      0.00      0.00

07:08:28        IFACE   rxpck/s   txpck/s    rxkB/s    txkB/s   rxcmp/s   txcmp/s  rxmcst/s   %ifutil
07:08:29         ens5      3.00      3.00      0.15      0.66      0.00      0.00      0.00      0.00

07:08:29        IFACE   rxpck/s   txpck/s    rxkB/s    txkB/s   rxcmp/s   txcmp/s  rxmcst/s   %ifutil
07:08:30         ens5     12.00     12.00      0.64      2.36      0.00      0.00      0.00      0.00

07:08:30        IFACE   rxpck/s   txpck/s    rxkB/s    txkB/s   rxcmp/s   txcmp/s  rxmcst/s   %ifutil
07:08:31         ens5      5.00      5.00      0.25      1.10      0.00      0.00      0.00      0.00

07:08:31        IFACE   rxpck/s   txpck/s    rxkB/s    txkB/s   rxcmp/s   txcmp/s  rxmcst/s   %ifutil
07:08:32         ens5      6.00      6.00      0.33      1.14      0.00      0.00      0.00      0.00

07:08:32        IFACE   rxpck/s   txpck/s    rxkB/s    txkB/s   rxcmp/s   txcmp/s  rxmcst/s   %ifutil
07:08:33         ens5     13.00     14.00      0.80      7.62      0.00      0.00      0.00      0.00

07:08:33        IFACE   rxpck/s   txpck/s    rxkB/s    txkB/s   rxcmp/s   txcmp/s  rxmcst/s   %ifutil
07:08:34         ens5    110.00     95.00      6.76     38.16      0.00      0.00      0.00      0.00

07:08:34        IFACE   rxpck/s   txpck/s    rxkB/s    txkB/s   rxcmp/s   txcmp/s  rxmcst/s   %ifutil
07:08:35         ens5    109.00     91.00      6.65     35.92      0.00      0.00      0.00      0.00

07:08:35        IFACE   rxpck/s   txpck/s    rxkB/s    txkB/s   rxcmp/s   txcmp/s  rxmcst/s   %ifutil
07:08:36         ens5    112.00     97.00      6.88     38.32      0.00      0.00      0.00      0.00

07:08:36        IFACE   rxpck/s   txpck/s    rxkB/s    txkB/s   rxcmp/s   txcmp/s  rxmcst/s   %ifutil
07:08:37         ens5    111.00     96.00      6.82     38.25      0.00      0.00      0.00      0.00

07:08:37        IFACE   rxpck/s   txpck/s    rxkB/s    txkB/s   rxcmp/s   txcmp/s  rxmcst/s   %ifutil
07:08:38         ens5    108.00     91.00      6.61     35.94      0.00      0.00      0.00      0.00

07:08:38        IFACE   rxpck/s   txpck/s    rxkB/s    txkB/s   rxcmp/s   txcmp/s  rxmcst/s   %ifutil
07:08:39         ens5    111.00     95.00      6.82     38.18      0.00      0.00      0.00      0.00

07:08:39        IFACE   rxpck/s   txpck/s    rxkB/s    txkB/s   rxcmp/s   txcmp/s  rxmcst/s   %ifutil
07:08:40         ens5    112.00     96.00      6.88     38.28      0.00      0.00      0.00      0.00

07:08:40        IFACE   rxpck/s   txpck/s    rxkB/s    txkB/s   rxcmp/s   txcmp/s  rxmcst/s   %ifutil
07:08:41         ens5    109.00     95.00      6.74     38.23      0.00      0.00      0.00      0.00

07:08:41        IFACE   rxpck/s   txpck/s    rxkB/s    txkB/s   rxcmp/s   txcmp/s  rxmcst/s   %ifutil
07:08:42         ens5    111.00     96.00      6.84     38.29      0.00      0.00      0.00      0.00

07:08:42        IFACE   rxpck/s   txpck/s    rxkB/s    txkB/s   rxcmp/s   txcmp/s  rxmcst/s   %ifutil
07:08:43         ens5    109.00     91.00      6.66     35.97      0.00      0.00      0.00      0.00

07:08:43        IFACE   rxpck/s   txpck/s    rxkB/s    txkB/s   rxcmp/s   txcmp/s  rxmcst/s   %ifutil
07:08:44         ens5    112.00     96.00      6.89     38.30      0.00      0.00      0.00      0.00

07:08:44        IFACE   rxpck/s   txpck/s    rxkB/s    txkB/s   rxcmp/s   txcmp/s  rxmcst/s   %ifutil
07:08:45         ens5    108.00     95.00      6.69     38.23      0.00      0.00      0.00      0.00

07:08:45        IFACE   rxpck/s   txpck/s    rxkB/s    txkB/s   rxcmp/s   txcmp/s  rxmcst/s   %ifutil
07:08:46         ens5    110.00     92.00      6.72     36.04      0.00      0.00      0.00      0.00

07:08:46        IFACE   rxpck/s   txpck/s    rxkB/s    txkB/s   rxcmp/s   txcmp/s  rxmcst/s   %ifutil
07:08:47         ens5    111.00     95.00      6.83     38.22      0.00      0.00      0.00      0.00

07:08:47        IFACE   rxpck/s   txpck/s    rxkB/s    txkB/s   rxcmp/s   txcmp/s  rxmcst/s   %ifutil
07:08:48         ens5    112.00     97.00      6.91     38.39      0.00      0.00      0.00      0.00

07:08:48        IFACE   rxpck/s   txpck/s    rxkB/s    txkB/s   rxcmp/s   txcmp/s  rxmcst/s   %ifutil
07:08:49         ens5    107.00     91.00      6.57     35.98      0.00      0.00      0.00      0.00

07:08:49        IFACE   rxpck/s   txpck/s    rxkB/s    txkB/s   rxcmp/s   txcmp/s  rxmcst/s   %ifutil
07:08:50         ens5    111.00     95.00      6.83     38.22      0.00      0.00      0.00      0.00

07:08:50        IFACE   rxpck/s   txpck/s    rxkB/s    txkB/s   rxcmp/s   txcmp/s  rxmcst/s   %ifutil
07:08:51         ens5    108.00     95.00      6.69     38.23      0.00      0.00      0.00      0.00

07:08:51        IFACE   rxpck/s   txpck/s    rxkB/s    txkB/s   rxcmp/s   txcmp/s  rxmcst/s   %ifutil
07:08:52         ens5    109.00     91.00      6.66     35.97      0.00      0.00      0.00      0.00

07:08:52        IFACE   rxpck/s   txpck/s    rxkB/s    txkB/s   rxcmp/s   txcmp/s  rxmcst/s   %ifutil
07:08:53         ens5    111.00     96.00      6.84     38.30      0.00      0.00      0.00      0.00

07:08:53        IFACE   rxpck/s   txpck/s    rxkB/s    txkB/s   rxcmp/s   txcmp/s  rxmcst/s   %ifutil
07:08:54         ens5    109.00     95.00      6.74     38.23      0.00      0.00      0.00      0.00

07:08:54        IFACE   rxpck/s   txpck/s    rxkB/s    txkB/s   rxcmp/s   txcmp/s  rxmcst/s   %ifutil
07:08:55         ens5    109.00     91.00      6.66     35.97      0.00      0.00      0.00      0.00

07:08:55        IFACE   rxpck/s   txpck/s    rxkB/s    txkB/s   rxcmp/s   txcmp/s  rxmcst/s   %ifutil
07:08:56         ens5    113.00     98.00      6.95     38.40      0.00      0.00      0.00      0.00

07:08:56        IFACE   rxpck/s   txpck/s    rxkB/s    txkB/s   rxcmp/s   txcmp/s  rxmcst/s   %ifutil
07:08:57         ens5    109.00     95.00      6.74     38.23      0.00      0.00      0.00      0.00

07:08:57        IFACE   rxpck/s   txpck/s    rxkB/s    txkB/s   rxcmp/s   txcmp/s  rxmcst/s   %ifutil
07:08:58         ens5    110.00     92.00      6.72     36.04      0.00      0.00      0.00      0.00

07:08:58        IFACE   rxpck/s   txpck/s    rxkB/s    txkB/s   rxcmp/s   txcmp/s  rxmcst/s   %ifutil
07:08:59         ens5    111.00     95.00      6.83     38.23      0.00      0.00      0.00      0.00

07:08:59        IFACE   rxpck/s   txpck/s    rxkB/s    txkB/s   rxcmp/s   txcmp/s  rxmcst/s   %ifutil
07:09:00         ens5    106.00     91.00      6.52     35.98      0.00      0.00      0.00      0.00

07:09:00        IFACE   rxpck/s   txpck/s    rxkB/s    txkB/s   rxcmp/s   txcmp/s  rxmcst/s   %ifutil
07:09:01         ens5     97.00     83.00      5.97     33.43      0.00      0.00      0.00      0.00

07:09:01        IFACE   rxpck/s   txpck/s    rxkB/s    txkB/s   rxcmp/s   txcmp/s  rxmcst/s   %ifutil
07:09:02         ens5    106.00     91.00      6.52     35.98      0.00      0.00      0.00      0.00

07:09:02        IFACE   rxpck/s   txpck/s    rxkB/s    txkB/s   rxcmp/s   txcmp/s  rxmcst/s   %ifutil
07:09:03         ens5    111.00     95.00      6.83     38.22      0.00      0.00      0.00      0.00

07:09:03        IFACE   rxpck/s   txpck/s    rxkB/s    txkB/s   rxcmp/s   txcmp/s  rxmcst/s   %ifutil
07:09:04         ens5    112.00     97.00      6.91     38.39      0.00      0.00      0.00      0.00

07:09:04        IFACE   rxpck/s   txpck/s    rxkB/s    txkB/s   rxcmp/s   txcmp/s  rxmcst/s   %ifutil
07:09:05         ens5    109.00     95.00      6.74     38.23      0.00      0.00      0.00      0.00

07:09:05        IFACE   rxpck/s   txpck/s    rxkB/s    txkB/s   rxcmp/s   txcmp/s  rxmcst/s   %ifutil
07:09:06         ens5    109.00     91.00      6.66     35.97      0.00      0.00      0.00      0.00

07:09:06        IFACE   rxpck/s   txpck/s    rxkB/s    txkB/s   rxcmp/s   txcmp/s  rxmcst/s   %ifutil
07:09:07         ens5    112.00     96.00      6.89     38.30      0.00      0.00      0.00      0.00

07:09:07        IFACE   rxpck/s   txpck/s    rxkB/s    txkB/s   rxcmp/s   txcmp/s  rxmcst/s   %ifutil
07:09:08         ens5    112.00     96.00      6.89     38.30      0.00      0.00      0.00      0.00

07:09:08        IFACE   rxpck/s   txpck/s    rxkB/s    txkB/s   rxcmp/s   txcmp/s  rxmcst/s   %ifutil
07:09:09         ens5    108.00     95.00      6.69     38.23      0.00      0.00      0.00      0.00

07:09:09        IFACE   rxpck/s   txpck/s    rxkB/s    txkB/s   rxcmp/s   txcmp/s  rxmcst/s   %ifutil
07:09:10         ens5    110.00     92.00      6.72     36.04      0.00      0.00      0.00      0.00

07:09:10        IFACE   rxpck/s   txpck/s    rxkB/s    txkB/s   rxcmp/s   txcmp/s  rxmcst/s   %ifutil
07:09:11         ens5    112.00     96.00      6.88     38.29      0.00      0.00      0.00      0.00

07:09:11        IFACE   rxpck/s   txpck/s    rxkB/s    txkB/s   rxcmp/s   txcmp/s  rxmcst/s   %ifutil
07:09:12         ens5    111.00     96.00      6.84     38.30      0.00      0.00      0.00      0.00

07:09:12        IFACE   rxpck/s   txpck/s    rxkB/s    txkB/s   rxcmp/s   txcmp/s  rxmcst/s   %ifutil
07:09:13         ens5    109.00     95.00      6.74     38.23      0.00      0.00      0.00      0.00

07:09:13        IFACE   rxpck/s   txpck/s    rxkB/s    txkB/s   rxcmp/s   txcmp/s  rxmcst/s   %ifutil
07:09:14         ens5    110.00     92.00      6.72     36.04      0.00      0.00      0.00      0.00

07:09:14        IFACE   rxpck/s   txpck/s    rxkB/s    txkB/s   rxcmp/s   txcmp/s  rxmcst/s   %ifutil
07:09:15         ens5    112.00     96.00      7.04     38.45      0.00      0.00      0.00      0.00

07:09:15        IFACE   rxpck/s   txpck/s    rxkB/s    txkB/s   rxcmp/s   txcmp/s  rxmcst/s   %ifutil
07:09:16         ens5    108.00     95.00      6.69     38.23      0.00      0.00      0.00      0.00

07:09:16        IFACE   rxpck/s   txpck/s    rxkB/s    txkB/s   rxcmp/s   txcmp/s  rxmcst/s   %ifutil
07:09:17         ens5    110.00     92.00      6.72     36.04      0.00      0.00      0.00      0.00

07:09:17        IFACE   rxpck/s   txpck/s    rxkB/s    txkB/s   rxcmp/s   txcmp/s  rxmcst/s   %ifutil
07:09:18         ens5    111.00     95.00      6.83     38.22      0.00      0.00      0.00      0.00

07:09:18        IFACE   rxpck/s   txpck/s    rxkB/s    txkB/s   rxcmp/s   txcmp/s  rxmcst/s   %ifutil
07:09:19         ens5    113.00     97.00      6.98     38.36      0.00      0.00      0.00      0.00

07:09:19        IFACE   rxpck/s   txpck/s    rxkB/s    txkB/s   rxcmp/s   txcmp/s  rxmcst/s   %ifutil
07:09:20         ens5    112.00     97.00      6.91     38.39      0.00      0.00      0.00      0.00

07:09:20        IFACE   rxpck/s   txpck/s    rxkB/s    txkB/s   rxcmp/s   txcmp/s  rxmcst/s   %ifutil
07:09:21         ens5    112.00     96.00      6.89     38.30      0.00      0.00      0.00      0.00

07:09:21        IFACE   rxpck/s   txpck/s    rxkB/s    txkB/s   rxcmp/s   txcmp/s  rxmcst/s   %ifutil
07:09:22         ens5    110.00     96.00      6.80     38.30      0.00      0.00      0.00      0.00

07:09:22        IFACE   rxpck/s   txpck/s    rxkB/s    txkB/s   rxcmp/s   txcmp/s  rxmcst/s   %ifutil
07:09:23         ens5    110.00     92.00      6.72     36.04      0.00      0.00      0.00      0.00

07:09:23        IFACE   rxpck/s   txpck/s    rxkB/s    txkB/s   rxcmp/s   txcmp/s  rxmcst/s   %ifutil
07:09:24         ens5    111.00     95.00      6.83     38.22      0.00      0.00      0.00      0.00

07:09:24        IFACE   rxpck/s   txpck/s    rxkB/s    txkB/s   rxcmp/s   txcmp/s  rxmcst/s   %ifutil
07:09:25         ens5    111.00     96.00      6.84     38.30      0.00      0.00      0.00      0.00

07:09:25        IFACE   rxpck/s   txpck/s    rxkB/s    txkB/s   rxcmp/s   txcmp/s  rxmcst/s   %ifutil
07:09:26         ens5    107.00     91.00      6.57     35.97      0.00      0.00      0.00      0.00

07:09:26        IFACE   rxpck/s   txpck/s    rxkB/s    txkB/s   rxcmp/s   txcmp/s  rxmcst/s   %ifutil
07:09:27         ens5    111.00     95.00      6.83     38.23      0.00      0.00      0.00      0.00

07:09:27        IFACE   rxpck/s   txpck/s    rxkB/s    txkB/s   rxcmp/s   txcmp/s  rxmcst/s   %ifutil
07:09:28         ens5    111.00     96.00      6.84     38.30      0.00      0.00      0.00      0.00

07:09:28        IFACE   rxpck/s   txpck/s    rxkB/s    txkB/s   rxcmp/s   txcmp/s  rxmcst/s   %ifutil
07:09:29         ens5    109.00     95.00      6.74     38.23      0.00      0.00      0.00      0.00

07:09:29        IFACE   rxpck/s   txpck/s    rxkB/s    txkB/s   rxcmp/s   txcmp/s  rxmcst/s   %ifutil
07:09:30         ens5    110.00     92.00      6.72     36.04      0.00      0.00      0.00      0.00

07:09:30        IFACE   rxpck/s   txpck/s    rxkB/s    txkB/s   rxcmp/s   txcmp/s  rxmcst/s   %ifutil
07:09:31         ens5    111.00     95.00      6.83     38.22      0.00      0.00      0.00      0.00

07:09:31        IFACE   rxpck/s   txpck/s    rxkB/s    txkB/s   rxcmp/s   txcmp/s  rxmcst/s   %ifutil
07:09:32         ens5    111.00     96.00      6.84     38.29      0.00      0.00      0.00      0.00

07:09:32        IFACE   rxpck/s   txpck/s    rxkB/s    txkB/s   rxcmp/s   txcmp/s  rxmcst/s   %ifutil
07:09:33         ens5    112.00     96.00      6.89     38.30      0.00      0.00      0.00      0.00

07:09:33        IFACE   rxpck/s   txpck/s    rxkB/s    txkB/s   rxcmp/s   txcmp/s  rxmcst/s   %ifutil
07:09:34         ens5    107.00     91.00      6.57     35.98      0.00      0.00      0.00      0.00

07:09:34        IFACE   rxpck/s   txpck/s    rxkB/s    txkB/s   rxcmp/s   txcmp/s  rxmcst/s   %ifutil
07:09:35         ens5    111.00     95.00      6.83     38.23      0.00      0.00      0.00      0.00

07:09:35        IFACE   rxpck/s   txpck/s    rxkB/s    txkB/s   rxcmp/s   txcmp/s  rxmcst/s   %ifutil
07:09:36         ens5    112.00     96.00      6.89     38.30      0.00      0.00      0.00      0.00

07:09:36        IFACE   rxpck/s   txpck/s    rxkB/s    txkB/s   rxcmp/s   txcmp/s  rxmcst/s   %ifutil
07:09:37         ens5     85.00     73.00      5.24     28.81      0.00      0.00      0.00      0.00


Average:        IFACE   rxpck/s   txpck/s    rxkB/s    txkB/s   rxcmp/s   txcmp/s  rxmcst/s   %ifutil
Average:         ens5     98.47     84.78      6.09     33.21      0.00      0.00      0.00      0.00
