Linux 7.0.0-1008-aws (ip-172-31-31-224) 	08/07/26 	_x86_64_	(2 CPU)

04:55:53    kbmemfree   kbavail kbmemused  %memused kbbuffers  kbcached  kbcommit   %commit  kbactive   kbinact   kbdirty
04:55:54       740680   1254508    396916     20.35      5820    652768   1459348     74.81    238664    726264        48
04:55:55       644416   1158244    493180     25.28      5820    652768   1559404     79.94    337492    726264        48
04:55:56       580156   1093984    557440     28.58      5820    652768   1626684     83.39    402300    726264        48
04:55:57       491452   1005280    646144     33.12      5820    652768   1718520     88.09    497252    726264        48
04:55:58       403000    916828    734596     37.66      5820    652768   1797696     92.15    574628    726264        48
04:55:59       314548    828376    823048     42.19      5820    652768   1889900     96.88    669412    726264        48
04:56:00       209716    723544    927880     47.56      5820    652768   2002236    102.64    779572    726264        48
04:56:01       177460    691288    960136     49.22      5820    652768   2027196    103.92    806928    726264        48
04:56:02       177460    691288    960136     49.22      5820    652768   2027196    103.92    806928    726264        48
04:56:03       177460    691288    960136     49.22      5820    652768   2027196    103.92    806928    726264        48
04:56:04       177460    691288    960136     49.22      5820    652768   2027196    103.92    806928    726264        48
04:56:05       177460    691288    960136     49.22      5820    652768   2027196    103.92    806928    726264        48
04:56:06       177460    691288    960136     49.22      5820    652768   2027196    103.92    806928    726264        48
04:56:07       177460    691288    960136     49.22      5820    652768   2027196    103.92    806928    726264        48
04:56:08       177460    691288    960136     49.22      5820    652768   2027196    103.92    806928    726264        48
04:56:09       177460    691288    960136     49.22      5820    652768   2027196    103.92    806928    726264        48
04:56:10       177460    691288    960136     49.22      5820    652768   2027196    103.92    806928    726264        48
04:56:11       177460    691288    960136     49.22      5820    652768   2027196    103.92    806928    726264        48
04:56:12       177460    691288    960136     49.22      5820    652768   2027196    103.92    806928    726264        48
04:56:13       177460    691288    960136     49.22      5820    652768   2027196    103.92    806928    726264        48
04:56:14       177460    691288    960132     49.22      5820    652772   2027196    103.92    807052    726264        52
04:56:15       177460    691288    960132     49.22      5820    652772   2027196    103.92    807052    726264        52
04:56:16       177460    691288    960132     49.22      5820    652772   2027196    103.92    807052    726264        52
04:56:17       177460    691288    960132     49.22      5844    652748   2027196    103.92    807052    726264        52
04:56:18       177460    691300    960108     49.22      5844    652772   2027196    103.92    807072    726276        20
04:56:19       177460    691300    960108     49.22      5844    652772   2027260    103.92    807072    726276        20
04:56:20       177460    691300    960108     49.22      5844    652772   2027260    103.92    807072    726276        20
04:56:21       177460    691300    960108     49.22      5844    652772   2027260    103.92    807072    726276        20
04:56:22       177460    691300    960108     49.22      5844    652772   2027260    103.92    807072    726276        20
04:56:23       177460    691300    960108     49.22      5844    652772   2027260    103.92    807072    726276        20
04:56:24       177460    691316    960108     49.22      5844    652772   2027260    103.92    807080    726292         0
04:56:25       177460    691316    960108     49.22      5844    652772   2027260    103.92    807080    726292        12
04:56:26       177460    691316    960108     49.22      5844    652772   2027260    103.92    807080    726292        12
04:56:27       177460    691316    960104     49.22      5844    652776   2027260    103.92    807080    726292        16
04:56:28       177460    691316    960104     49.22      5844    652776   2027260    103.92    807080    726292        16
04:56:29       177460    691316    960104     49.22      5844    652776   2027260    103.92    807080    726292        16
04:56:30       177460    691316    960104     49.22      5844    652776   2027260    103.92    807080    726292        16
04:56:31       177460    691316    960104     49.22      5844    652776   2027260    103.92    807080    726292        16
04:56:32       177460    691316    960104     49.22      5844    652776   2027260    103.92    807080    726292        16
04:56:33       177460    691316    960104     49.22      5844    652776   2027260    103.92    807080    726292        16
04:56:34       177460    691316    960100     49.22      5844    652780   2027260    103.92    807080    726292        20
04:56:35       177460    691316    960100     49.22      5844    652780   2027260    103.92    807080    726292        20
04:56:36       177460    691316    960100     49.22      5844    652780   2027260    103.92    807080    726292        20
04:56:37       177460    691316    960100     49.22      5844    652780   2027260    103.92    807080    726292        20
04:56:38       177460    691316    960100     49.22      5844    652780   2027260    103.92    807080    726292        20
04:56:39       177460    691316    960100     49.22      5844    652780   2027260    103.92    807080    726292        20
04:56:40       177460    691316    960100     49.22      5844    652780   2027260    103.92    807080    726292        20
04:56:41       177460    691316    960100     49.22      5844    652780   2027260    103.92    807080    726292        20
04:56:42       177460    691316    960100     49.22      5844    652780   2027260    103.92    807080    726292        20
04:56:43       177460    691316    960100     49.22      5844    652780   2027260    103.92    807080    726292        20
04:56:44       177460    691316    960096     49.22      5844    652784   2027260    103.92    807080    726292        24
04:56:45       177460    691316    960096     49.22      5844    652784   2027260    103.92    807080    726292        24
04:56:46       177460    691316    960096     49.22      5844    652784   2027260    103.92    807080    726292        24
04:56:47       177460    691316    960096     49.22      5868    652760   2027260    103.92    807080    726292        24
04:56:48       177460    691352    960072     49.21      5868    652784   2027260    103.92    807096    726328        64
04:56:49       177460    691352    960072     49.21      5868    652784   2027260    103.92    807096    726328        64
04:56:50       177460    691352    960072     49.21      5868    652784   2027260    103.92    807096    726328        64
04:56:51       177460    691352    960072     49.21      5868    652784   2027260    103.92    807096    726328        64
04:56:52       177460    691352    960072     49.21      5868    652784   2027260    103.92    807096    726328        64
04:56:53       177460    691352    960072     49.21      5868    652784   2027260    103.92    807096    726328        64
04:56:54       177460    691352    960068     49.21      5868    652788   2027260    103.92    807096    726328        68
04:56:55       177460    691352    960068     49.21      5868    652788   2027260    103.92    807096    726328        68
04:56:56       177460    691352    960068     49.21      5868    652788   2027260    103.92    807096    726328        52
04:56:57       177460    691352    960068     49.21      5868    652788   2027260    103.92    807096    726328        52
04:56:58       177460    691352    960068     49.21      5868    652788   2027260    103.92    807096    726328        52
04:56:59       177460    691352    960068     49.21      5868    652788   2027260    103.92    807096    726328        52
04:57:00       177460    691352    960064     49.21      5868    652792   2027260    103.92    807096    726328        56
04:57:01       177460    691352    960064     49.21      5868    652792   2027260    103.92    807096    726328        56
04:57:02       177460    691352    960064     49.21      5868    652792   2027260    103.92    807096    726328        56
04:57:03       177460    691352    960064     49.21      5868    652792   2027260    103.92    807096    726328        56
04:57:04       177460    691352    960064     49.21      5868    652792   2027260    103.92    807096    726328        56
04:57:05       148348    662408    989008     50.70      5868    652960   2110184    108.17    834480    726412        56
04:57:06       152536    666684    984736     50.48      5868    653044   2027260    103.92    807212    726440        64
04:57:07       154732    668880    982540     50.37      5868    653044   2027260    103.92    807212    726440        64
04:57:08       159132    673280    978140     50.14      5868    653044   2027260    103.92    807212    726440        64
04:57:09       162096    676244    975176     49.99      5868    653044   2027260    103.92    807212    726440        64
04:57:10       162096    676244    975176     49.99      5868    653044   2027260    103.92    807212    726440        64
04:57:11       162096    676244    975176     49.99      5868    653044   2027260    103.92    807212    726440        64
04:57:12       162096    676244    975176     49.99      5868    653044   2027260    103.92    807212    726440        64
04:57:13       162096    676244    975176     49.99      5868    653044   2027324    103.92    807212    726440        64
04:57:14       162096    676244    975172     49.99      5868    653048   2027324    103.92    807212    726440        68
04:57:15       162096    676244    975172     49.99      5868    653048   2027324    103.92    807212    726440        68
04:57:16       162096    676244    975172     49.99      5868    653048   2027324    103.92    807212    726440        68
04:57:17       162096    676244    975172     49.99      5892    653024   2027324    103.92    807212    726440        68
04:57:18       162096    676244    975148     49.99      5892    653048   2027324    103.92    807272    726440        28
04:57:19       162096    676244    975148     49.99      5892    653048   2027324    103.92    807272    726440        28
04:57:20       162096    676244    975148     49.99      5892    653048   2027324    103.92    807272    726440        28
04:57:21       162096    676244    975148     49.99      5892    653048   2027324    103.92    807272    726440        28
04:57:22       162096    676244    975148     49.99      5892    653048   2027324    103.92    807272    726440        28
04:57:23       162096    676244    975148     49.99      5892    653048   2027324    103.92    807272    726440        28
04:57:24       162096    676244    975148     49.99      5892    653048   2027324    103.92    807272    726440        28
04:57:25       162096    676244    975148     49.99      5892    653048   2027324    103.92    807272    726440        28
04:57:26       162096    676244    975148     49.99      5892    653048   2027324    103.92    807272    726440        28
04:57:27       162096    676276    975148     49.99      5892    653048   2027324    103.92    807280    726472        20
04:57:28       162096    676276    975148     49.99      5892    653048   2027324    103.92    807280    726472        20
04:57:29       162096    676276    975148     49.99      5892    653048   2027324    103.92    807280    726472        20
04:57:30       162096    676276    975148     49.99      5892    653048   2027324    103.92    807280    726472        20
04:57:31       162096    676276    975148     49.99      5892    653048   2027324    103.92    807280    726472        20
04:57:32       162096    676276    975148     49.99      5892    653048   2027324    103.92    807280    726472        20
04:57:33       162096    676276    975148     49.99      5892    653048   2027324    103.92    807280    726472        20
04:57:34       162096    676276    975140     49.99      5892    653056   2027324    103.92    807280    726472        28
04:57:35       162096    676276    975136     49.99      5892    653060   2027324    103.92    807280    726472        32
04:57:36       162096    676276    975136     49.99      5892    653060   2027324    103.92    807280    726472        32
04:57:37       162096    676284    975136     49.99      5892    653060   2027324    103.92    807280    726480        24
04:57:38       162096    676284    975136     49.99      5892    653060   2027324    103.92    807280    726480        24
04:57:39       162096    676284    975136     49.99      5892    653060   2027324    103.92    807280    726480        24
04:57:40       162096    676284    975136     49.99      5892    653060   2027324    103.92    807280    726480        24
04:57:41       162096    676284    975136     49.99      5892    653060   2027324    103.92    807280    726480        24
04:57:42       162096    676284    975136     49.99      5892    653060   2027324    103.92    807280    726480        24
04:57:43       162096    676284    975136     49.99      5892    653060   2027324    103.92    807280    726480        24
04:57:44       162096    676284    975136     49.99      5892    653060   2027324    103.92    807280    726480        24
04:57:45       162096    676284    975136     49.99      5892    653060   2027324    103.92    807280    726480        24
04:57:46       162096    676284    975136     49.99      5892    653060   2027324    103.92    807280    726480        24
04:57:47       162096    676284    975136     49.99      5916    653036   2027324    103.92    807280    726480        24
04:57:48       162096    676292    975112     49.99      5916    653060   2027324    103.92    807284    726488        80
04:57:49       162096    676292    975112     49.99      5916    653060   2027324    103.92    807284    726488        80
04:57:50       162096    676292    975112     49.99      5916    653060   2027324    103.92    807284    726488        80
04:57:51       162096    676292    975112     49.99      5916    653060   2027324    103.92    807284    726488        80
04:57:52       162096    676292    975112     49.99      5916    653060   2027324    103.92    807284    726488        80
04:57:53       162096    676292    975112     49.99      5916    653060   2027324    103.92    807284    726488        80
04:57:54       162096    676292    975108     49.99      5916    653064   2027324    103.92    807284    726488        84
04:57:55       162096    676292    975108     49.99      5916    653064   2027324    103.92    807284    726488        84
04:57:56       162096    676292    975108     49.99      5916    653064   2027324    103.92    807284    726488        84
04:57:57       162096    676292    975108     49.99      5916    653064   2027324    103.92    807284    726488        84
04:57:58       162096    676292    975108     49.99      5916    653064   2027324    103.92    807284    726488        56
04:57:59       162096    676292    975108     49.99      5916    653064   2027324    103.92    807284    726488        68
04:58:00       162096    676292    975108     49.99      5916    653064   2027324    103.92    807284    726488        68
04:58:01       162096    676316    975108     49.99      5916    653064   2027324    103.92    807496    726512        68
04:58:02       162096    676316    975108     49.99      5916    653064   2027324    103.92    807496    726512        68
04:58:03       162096    676316    975108     49.99      5916    653064   2027324    103.92    807496    726512        68
04:58:04       162096    676316    975108     49.99      5916    653064   2027324    103.92    807496    726512        68
04:58:05       162096    676316    975108     49.99      5916    653064   2027324    103.92    807496    726512        68
04:58:06       162096    676316    975108     49.99      5916    653064   2027324    103.92    807496    726512        68
04:58:07       162096    676316    975104     49.99      5916    653068   2027324    103.92    807496    726512        72
04:58:08       162096    676316    975104     49.99      5916    653068   2027324    103.92    807496    726512        72
04:58:09       162096    676316    975104     49.99      5916    653068   2027324    103.92    807496    726512        72
04:58:10       162096    676316    975104     49.99      5916    653068   2027324    103.92    807496    726512        72
04:58:11       162096    676316    975104     49.99      5916    653068   2027324    103.92    807496    726512        72
04:58:12       162096    676316    975104     49.99      5916    653068   2027324    103.92    807496    726512        72
04:58:13       162096    676316    975104     49.99      5916    653068   2027324    103.92    807496    726512        72
04:58:14       162096    676316    975100     49.98      5916    653072   2027324    103.92    807496    726512        76
04:58:15       162096    676316    975100     49.98      5916    653072   2027324    103.92    807496    726512        76
04:58:16       162096    676316    975100     49.98      5916    653072   2027324    103.92    807496    726512        76
04:58:17       162096    676316    975100     49.98      5940    653048   2027324    103.92    807496    726512        76

Average:       184311    698331    953085     48.86      5871    652917   2013016    103.19    792445    726384        45
