Linux 7.0.0-1008-aws (ip-172-31-31-224) 	08/07/26 	_x86_64_	(2 CPU)

04:55:53        IFACE   rxpck/s   txpck/s    rxkB/s    txkB/s   rxcmp/s   txcmp/s  rxmcst/s   %ifutil
04:55:54         ens5     45.00     46.00      4.08      6.14      0.00      0.00      0.00      0.00

04:55:54        IFACE   rxpck/s   txpck/s    rxkB/s    txkB/s   rxcmp/s   txcmp/s  rxmcst/s   %ifutil
04:55:55         ens5     46.00     43.00      4.08      5.29      0.00      0.00      0.00      0.00

04:55:55        IFACE   rxpck/s   txpck/s    rxkB/s    txkB/s   rxcmp/s   txcmp/s  rxmcst/s   %ifutil
04:55:56         ens5     34.00     31.00      2.96      4.54      0.00      0.00      0.00      0.00

04:55:56        IFACE   rxpck/s   txpck/s    rxkB/s    txkB/s   rxcmp/s   txcmp/s  rxmcst/s   %ifutil
04:55:57         ens5      7.00      7.00      0.36      1.52      0.00      0.00      0.00      0.00

04:55:57        IFACE   rxpck/s   txpck/s    rxkB/s    txkB/s   rxcmp/s   txcmp/s  rxmcst/s   %ifutil
04:55:58         ens5      2.00      3.00      0.10      0.67      0.00      0.00      0.00      0.00

04:55:58        IFACE   rxpck/s   txpck/s    rxkB/s    txkB/s   rxcmp/s   txcmp/s  rxmcst/s   %ifutil
04:55:59         ens5     11.00     10.00      0.56      2.08      0.00      0.00      0.00      0.00

04:55:59        IFACE   rxpck/s   txpck/s    rxkB/s    txkB/s   rxcmp/s   txcmp/s  rxmcst/s   %ifutil
04:56:00         ens5      5.00      6.00      0.25      1.33      0.00      0.00      0.00      0.00

04:56:00        IFACE   rxpck/s   txpck/s    rxkB/s    txkB/s   rxcmp/s   txcmp/s  rxmcst/s   %ifutil
04:56:01         ens5      4.00      3.00      0.20      0.61      0.00      0.00      0.00      0.00

04:56:01        IFACE   rxpck/s   txpck/s    rxkB/s    txkB/s   rxcmp/s   txcmp/s  rxmcst/s   %ifutil
04:56:02         ens5      0.00      0.00      0.00      0.00      0.00      0.00      0.00      0.00

04:56:02        IFACE   rxpck/s   txpck/s    rxkB/s    txkB/s   rxcmp/s   txcmp/s  rxmcst/s   %ifutil
04:56:03         ens5      0.00      0.00      0.00      0.00      0.00      0.00      0.00      0.00

04:56:03        IFACE   rxpck/s   txpck/s    rxkB/s    txkB/s   rxcmp/s   txcmp/s  rxmcst/s   %ifutil
04:56:04         ens5     82.00     85.00      5.06     55.93      0.00      0.00      0.00      0.00

04:56:04        IFACE   rxpck/s   txpck/s    rxkB/s    txkB/s   rxcmp/s   txcmp/s  rxmcst/s   %ifutil
04:56:05         ens5    150.00    150.00      9.26     94.17      0.00      0.00      0.00      0.00

04:56:05        IFACE   rxpck/s   txpck/s    rxkB/s    txkB/s   rxcmp/s   txcmp/s  rxmcst/s   %ifutil
04:56:06         ens5    154.00    157.00      9.56    100.09      0.00      0.00      0.00      0.00

04:56:06        IFACE   rxpck/s   txpck/s    rxkB/s    txkB/s   rxcmp/s   txcmp/s  rxmcst/s   %ifutil
04:56:07         ens5    156.00    151.00      9.59     94.28      0.00      0.00      0.00      0.00

04:56:07        IFACE   rxpck/s   txpck/s    rxkB/s    txkB/s   rxcmp/s   txcmp/s  rxmcst/s   %ifutil
04:56:08         ens5    152.00    152.00      9.43     94.57      0.00      0.00      0.00      0.00

04:56:08        IFACE   rxpck/s   txpck/s    rxkB/s    txkB/s   rxcmp/s   txcmp/s  rxmcst/s   %ifutil
04:56:09         ens5    153.00    157.00      9.51    100.08      0.00      0.00      0.00      0.00

04:56:09        IFACE   rxpck/s   txpck/s    rxkB/s    txkB/s   rxcmp/s   txcmp/s  rxmcst/s   %ifutil
04:56:10         ens5    154.00    151.00      9.49     94.28      0.00      0.00      0.00      0.00

04:56:10        IFACE   rxpck/s   txpck/s    rxkB/s    txkB/s   rxcmp/s   txcmp/s  rxmcst/s   %ifutil
04:56:11         ens5    152.00    150.00      9.39     94.22      0.00      0.00      0.00      0.00

04:56:11        IFACE   rxpck/s   txpck/s    rxkB/s    txkB/s   rxcmp/s   txcmp/s  rxmcst/s   %ifutil
04:56:12         ens5    152.00    153.00      9.45     94.66      0.00      0.00      0.00      0.00

04:56:12        IFACE   rxpck/s   txpck/s    rxkB/s    txkB/s   rxcmp/s   txcmp/s  rxmcst/s   %ifutil
04:56:13         ens5    150.00    150.00      9.32     94.22      0.00      0.00      0.00      0.00

04:56:13        IFACE   rxpck/s   txpck/s    rxkB/s    txkB/s   rxcmp/s   txcmp/s  rxmcst/s   %ifutil
04:56:14         ens5    136.00    151.00      8.58     94.29      0.00      0.00      0.00      0.00

04:56:14        IFACE   rxpck/s   txpck/s    rxkB/s    txkB/s   rxcmp/s   txcmp/s  rxmcst/s   %ifutil
04:56:15         ens5    140.00    156.00      8.84    100.01      0.00      0.00      0.00      0.00

04:56:15        IFACE   rxpck/s   txpck/s    rxkB/s    txkB/s   rxcmp/s   txcmp/s  rxmcst/s   %ifutil
04:56:16         ens5    137.00    151.00      8.63     94.28      0.00      0.00      0.00      0.00

04:56:16        IFACE   rxpck/s   txpck/s    rxkB/s    txkB/s   rxcmp/s   txcmp/s  rxmcst/s   %ifutil
04:56:17         ens5    139.00    152.00      8.78     94.59      0.00      0.00      0.00      0.00

04:56:17        IFACE   rxpck/s   txpck/s    rxkB/s    txkB/s   rxcmp/s   txcmp/s  rxmcst/s   %ifutil
04:56:18         ens5    135.00    150.00      8.55     94.28      0.00      0.00      0.00      0.00

04:56:18        IFACE   rxpck/s   txpck/s    rxkB/s    txkB/s   rxcmp/s   txcmp/s  rxmcst/s   %ifutil
04:56:19         ens5    137.00    151.00      8.66     94.35      0.00      0.00      0.00      0.00

04:56:19        IFACE   rxpck/s   txpck/s    rxkB/s    txkB/s   rxcmp/s   txcmp/s  rxmcst/s   %ifutil
04:56:20         ens5    142.00    158.00      8.98    100.19      0.00      0.00      0.00      0.00

04:56:20        IFACE   rxpck/s   txpck/s    rxkB/s    txkB/s   rxcmp/s   txcmp/s  rxmcst/s   %ifutil
04:56:21         ens5    137.00    152.00      8.70     94.63      0.00      0.00      0.00      0.00

04:56:21        IFACE   rxpck/s   txpck/s    rxkB/s    txkB/s   rxcmp/s   txcmp/s  rxmcst/s   %ifutil
04:56:22         ens5    136.00    151.00      8.61     94.34      0.00      0.00      0.00      0.00

04:56:22        IFACE   rxpck/s   txpck/s    rxkB/s    txkB/s   rxcmp/s   txcmp/s  rxmcst/s   %ifutil
04:56:23         ens5    138.00    155.00      8.77     99.84      0.00      0.00      0.00      0.00

04:56:23        IFACE   rxpck/s   txpck/s    rxkB/s    txkB/s   rxcmp/s   txcmp/s  rxmcst/s   %ifutil
04:56:24         ens5    140.00    152.00      8.81     94.57      0.00      0.00      0.00      0.00

04:56:24        IFACE   rxpck/s   txpck/s    rxkB/s    txkB/s   rxcmp/s   txcmp/s  rxmcst/s   %ifutil
04:56:25         ens5    138.00    150.00      8.71     94.28      0.00      0.00      0.00      0.00

04:56:25        IFACE   rxpck/s   txpck/s    rxkB/s    txkB/s   rxcmp/s   txcmp/s  rxmcst/s   %ifutil
04:56:26         ens5    137.00    152.00      8.73     94.63      0.00      0.00      0.00      0.00

04:56:26        IFACE   rxpck/s   txpck/s    rxkB/s    txkB/s   rxcmp/s   txcmp/s  rxmcst/s   %ifutil
04:56:27         ens5    138.00    151.00      8.71     94.35      0.00      0.00      0.00      0.00

04:56:27        IFACE   rxpck/s   txpck/s    rxkB/s    txkB/s   rxcmp/s   txcmp/s  rxmcst/s   %ifutil
04:56:28         ens5    137.00    151.00      8.68     94.36      0.00      0.00      0.00      0.00

04:56:28        IFACE   rxpck/s   txpck/s    rxkB/s    txkB/s   rxcmp/s   txcmp/s  rxmcst/s   %ifutil
04:56:29         ens5    138.00    156.00      8.77    100.07      0.00      0.00      0.00      0.00

04:56:29        IFACE   rxpck/s   txpck/s    rxkB/s    txkB/s   rxcmp/s   txcmp/s  rxmcst/s   %ifutil
04:56:30         ens5    140.00    151.00      8.81     94.34      0.00      0.00      0.00      0.00

04:56:30        IFACE   rxpck/s   txpck/s    rxkB/s    txkB/s   rxcmp/s   txcmp/s  rxmcst/s   %ifutil
04:56:31         ens5    137.00    152.00      8.70     94.63      0.00      0.00      0.00      0.00

04:56:31        IFACE   rxpck/s   txpck/s    rxkB/s    txkB/s   rxcmp/s   txcmp/s  rxmcst/s   %ifutil
04:56:32         ens5    135.00    150.00      8.55     94.28      0.00      0.00      0.00      0.00

04:56:32        IFACE   rxpck/s   txpck/s    rxkB/s    txkB/s   rxcmp/s   txcmp/s  rxmcst/s   %ifutil
04:56:33         ens5    141.00    157.00      8.93    100.15      0.00      0.00      0.00      0.00

04:56:33        IFACE   rxpck/s   txpck/s    rxkB/s    txkB/s   rxcmp/s   txcmp/s  rxmcst/s   %ifutil
04:56:34         ens5    140.00    151.00      8.81     94.34      0.00      0.00      0.00      0.00

04:56:34        IFACE   rxpck/s   txpck/s    rxkB/s    txkB/s   rxcmp/s   txcmp/s  rxmcst/s   %ifutil
04:56:35         ens5    136.00    150.00      8.61     94.28      0.00      0.00      0.00      0.00

04:56:35        IFACE   rxpck/s   txpck/s    rxkB/s    txkB/s   rxcmp/s   txcmp/s  rxmcst/s   %ifutil
04:56:36         ens5    137.00    153.00      8.70     94.71      0.00      0.00      0.00      0.00

04:56:36        IFACE   rxpck/s   txpck/s    rxkB/s    txkB/s   rxcmp/s   txcmp/s  rxmcst/s   %ifutil
04:56:37         ens5    136.00    150.00      8.61     94.28      0.00      0.00      0.00      0.00

04:56:37        IFACE   rxpck/s   txpck/s    rxkB/s    txkB/s   rxcmp/s   txcmp/s  rxmcst/s   %ifutil
04:56:38         ens5    136.00    150.00      8.64     94.27      0.00      0.00      0.00      0.00

04:56:38        IFACE   rxpck/s   txpck/s    rxkB/s    txkB/s   rxcmp/s   txcmp/s  rxmcst/s   %ifutil
04:56:39         ens5    137.00    156.00      8.72    100.07      0.00      0.00      0.00      0.00

04:56:39        IFACE   rxpck/s   txpck/s    rxkB/s    txkB/s   rxcmp/s   txcmp/s  rxmcst/s   %ifutil
04:56:40         ens5    151.00    152.00      9.37     94.44      0.00      0.00      0.00      0.00

04:56:40        IFACE   rxpck/s   txpck/s    rxkB/s    txkB/s   rxcmp/s   txcmp/s  rxmcst/s   %ifutil
04:56:41         ens5    150.00    150.00      9.32     94.28      0.00      0.00      0.00      0.00

04:56:41        IFACE   rxpck/s   txpck/s    rxkB/s    txkB/s   rxcmp/s   txcmp/s  rxmcst/s   %ifutil
04:56:42         ens5    152.00    152.00      9.46     94.63      0.00      0.00      0.00      0.00

04:56:42        IFACE   rxpck/s   txpck/s    rxkB/s    txkB/s   rxcmp/s   txcmp/s  rxmcst/s   %ifutil
04:56:43         ens5    150.00    150.00      9.32     94.28      0.00      0.00      0.00      0.00

04:56:43        IFACE   rxpck/s   txpck/s    rxkB/s    txkB/s   rxcmp/s   txcmp/s  rxmcst/s   %ifutil
04:56:44         ens5    155.00    158.00      9.67    100.24      0.00      0.00      0.00      0.00

04:56:44        IFACE   rxpck/s   txpck/s    rxkB/s    txkB/s   rxcmp/s   txcmp/s  rxmcst/s   %ifutil
04:56:45         ens5    155.00    151.00      9.57     94.34      0.00      0.00      0.00      0.00

04:56:45        IFACE   rxpck/s   txpck/s    rxkB/s    txkB/s   rxcmp/s   txcmp/s  rxmcst/s   %ifutil
04:56:46         ens5    154.00    150.00      9.52     94.27      0.00      0.00      0.00      0.00

04:56:46        IFACE   rxpck/s   txpck/s    rxkB/s    txkB/s   rxcmp/s   txcmp/s  rxmcst/s   %ifutil
04:56:47         ens5    152.00    150.00      9.42     94.27      0.00      0.00      0.00      0.00

04:56:47        IFACE   rxpck/s   txpck/s    rxkB/s    txkB/s   rxcmp/s   txcmp/s  rxmcst/s   %ifutil
04:56:48         ens5    151.00    152.00      9.41     94.63      0.00      0.00      0.00      0.00

04:56:48        IFACE   rxpck/s   txpck/s    rxkB/s    txkB/s   rxcmp/s   txcmp/s  rxmcst/s   %ifutil
04:56:49         ens5    152.00    151.00      9.43     94.34      0.00      0.00      0.00      0.00

04:56:49        IFACE   rxpck/s   txpck/s    rxkB/s    txkB/s   rxcmp/s   txcmp/s  rxmcst/s   %ifutil
04:56:50         ens5    139.00    157.00      8.83    100.12      0.00      0.00      0.00      0.00

04:56:50        IFACE   rxpck/s   txpck/s    rxkB/s    txkB/s   rxcmp/s   txcmp/s  rxmcst/s   %ifutil
04:56:51         ens5    138.00    150.00      8.71     94.27      0.00      0.00      0.00      0.00

04:56:51        IFACE   rxpck/s   txpck/s    rxkB/s    txkB/s   rxcmp/s   txcmp/s  rxmcst/s   %ifutil
04:56:52         ens5    139.00    151.00      8.76     94.34      0.00      0.00      0.00      0.00

04:56:52        IFACE   rxpck/s   txpck/s    rxkB/s    txkB/s   rxcmp/s   txcmp/s  rxmcst/s   %ifutil
04:56:53         ens5    136.00    150.00      8.61     94.28      0.00      0.00      0.00      0.00

04:56:53        IFACE   rxpck/s   txpck/s    rxkB/s    txkB/s   rxcmp/s   txcmp/s  rxmcst/s   %ifutil
04:56:54         ens5    135.00    150.00      8.55     94.28      0.00      0.00      0.00      0.00

04:56:54        IFACE   rxpck/s   txpck/s    rxkB/s    txkB/s   rxcmp/s   txcmp/s  rxmcst/s   %ifutil
04:56:55         ens5    136.00    152.00      8.65     94.63      0.00      0.00      0.00      0.00

04:56:55        IFACE   rxpck/s   txpck/s    rxkB/s    txkB/s   rxcmp/s   txcmp/s  rxmcst/s   %ifutil
04:56:56         ens5    136.00    151.00      8.61     94.35      0.00      0.00      0.00      0.00

04:56:56        IFACE   rxpck/s   txpck/s    rxkB/s    txkB/s   rxcmp/s   txcmp/s  rxmcst/s   %ifutil
04:56:57         ens5    135.00    150.00      8.55     94.27      0.00      0.00      0.00      0.00

04:56:57        IFACE   rxpck/s   txpck/s    rxkB/s    txkB/s   rxcmp/s   txcmp/s  rxmcst/s   %ifutil
04:56:58         ens5    138.00    156.00      8.77    100.07      0.00      0.00      0.00      0.00

04:56:58        IFACE   rxpck/s   txpck/s    rxkB/s    txkB/s   rxcmp/s   txcmp/s  rxmcst/s   %ifutil
04:56:59         ens5    139.00    151.00      8.76     94.33      0.00      0.00      0.00      0.00

04:56:59        IFACE   rxpck/s   txpck/s    rxkB/s    txkB/s   rxcmp/s   txcmp/s  rxmcst/s   %ifutil
04:57:00         ens5    134.00    150.00      8.53     94.30      0.00      0.00      0.00      0.00

04:57:00        IFACE   rxpck/s   txpck/s    rxkB/s    txkB/s   rxcmp/s   txcmp/s  rxmcst/s   %ifutil
04:57:01         ens5    132.00    144.00      8.34     88.49      0.00      0.00      0.00      0.00

04:57:01        IFACE   rxpck/s   txpck/s    rxkB/s    txkB/s   rxcmp/s   txcmp/s  rxmcst/s   %ifutil
04:57:02         ens5    138.00    140.00      8.63     87.99      0.00      0.00      0.00      0.00

04:57:02        IFACE   rxpck/s   txpck/s    rxkB/s    txkB/s   rxcmp/s   txcmp/s  rxmcst/s   %ifutil
04:57:03         ens5    157.00    157.00      9.74    100.14      0.00      0.00      0.00      0.00

04:57:03        IFACE   rxpck/s   txpck/s    rxkB/s    txkB/s   rxcmp/s   txcmp/s  rxmcst/s   %ifutil
04:57:04         ens5    152.00    151.00      9.46     94.39      0.00      0.00      0.00      0.00

04:57:04        IFACE   rxpck/s   txpck/s    rxkB/s    txkB/s   rxcmp/s   txcmp/s  rxmcst/s   %ifutil
04:57:05         ens5    154.00    153.00      9.53     94.64      0.00      0.00      0.00      0.00

04:57:05        IFACE   rxpck/s   txpck/s    rxkB/s    txkB/s   rxcmp/s   txcmp/s  rxmcst/s   %ifutil
04:57:06         ens5    156.00    157.00      9.69    100.14      0.00      0.00      0.00      0.00

04:57:06        IFACE   rxpck/s   txpck/s    rxkB/s    txkB/s   rxcmp/s   txcmp/s  rxmcst/s   %ifutil
04:57:07         ens5    152.00    152.00      9.46     94.63      0.00      0.00      0.00      0.00

04:57:07        IFACE   rxpck/s   txpck/s    rxkB/s    txkB/s   rxcmp/s   txcmp/s  rxmcst/s   %ifutil
04:57:08         ens5    154.00    157.00      9.59    100.15      0.00      0.00      0.00      0.00

04:57:08        IFACE   rxpck/s   txpck/s    rxkB/s    txkB/s   rxcmp/s   txcmp/s  rxmcst/s   %ifutil
04:57:09         ens5    150.00    150.00      9.32     94.27      0.00      0.00      0.00      0.00

04:57:09        IFACE   rxpck/s   txpck/s    rxkB/s    txkB/s   rxcmp/s   txcmp/s  rxmcst/s   %ifutil
04:57:10         ens5    150.00    150.00      9.32     94.28      0.00      0.00      0.00      0.00

04:57:10        IFACE   rxpck/s   txpck/s    rxkB/s    txkB/s   rxcmp/s   txcmp/s  rxmcst/s   %ifutil
04:57:11         ens5    155.00    151.00      9.57     94.35      0.00      0.00      0.00      0.00

04:57:11        IFACE   rxpck/s   txpck/s    rxkB/s    txkB/s   rxcmp/s   txcmp/s  rxmcst/s   %ifutil
04:57:12         ens5    152.00    150.00      9.42     94.28      0.00      0.00      0.00      0.00

04:57:12        IFACE   rxpck/s   txpck/s    rxkB/s    txkB/s   rxcmp/s   txcmp/s  rxmcst/s   %ifutil
04:57:13         ens5    154.00    150.00      9.52     94.27      0.00      0.00      0.00      0.00

04:57:13        IFACE   rxpck/s   txpck/s    rxkB/s    txkB/s   rxcmp/s   txcmp/s  rxmcst/s   %ifutil
04:57:14         ens5    141.00    152.00      8.93     94.63      0.00      0.00      0.00      0.00

04:57:14        IFACE   rxpck/s   txpck/s    rxkB/s    txkB/s   rxcmp/s   txcmp/s  rxmcst/s   %ifutil
04:57:15         ens5    135.00    150.00      8.55     94.28      0.00      0.00      0.00      0.00

04:57:15        IFACE   rxpck/s   txpck/s    rxkB/s    txkB/s   rxcmp/s   txcmp/s  rxmcst/s   %ifutil
04:57:16         ens5    139.00    158.00      8.85    100.24      0.00      0.00      0.00      0.00

04:57:16        IFACE   rxpck/s   txpck/s    rxkB/s    txkB/s   rxcmp/s   txcmp/s  rxmcst/s   %ifutil
04:57:17         ens5    141.00    151.00      8.86     94.34      0.00      0.00      0.00      0.00

04:57:17        IFACE   rxpck/s   txpck/s    rxkB/s    txkB/s   rxcmp/s   txcmp/s  rxmcst/s   %ifutil
04:57:18         ens5    137.00    152.00      8.70     94.63      0.00      0.00      0.00      0.00

04:57:18        IFACE   rxpck/s   txpck/s    rxkB/s    txkB/s   rxcmp/s   txcmp/s  rxmcst/s   %ifutil
04:57:19         ens5    138.00    157.00      8.78    100.14      0.00      0.00      0.00      0.00

04:57:19        IFACE   rxpck/s   txpck/s    rxkB/s    txkB/s   rxcmp/s   txcmp/s  rxmcst/s   %ifutil
04:57:20         ens5    139.00    151.00      8.76     94.34      0.00      0.00      0.00      0.00

04:57:20        IFACE   rxpck/s   txpck/s    rxkB/s    txkB/s   rxcmp/s   txcmp/s  rxmcst/s   %ifutil
04:57:21         ens5    139.00    151.00      8.80     94.40      0.00      0.00      0.00      0.00

04:57:21        IFACE   rxpck/s   txpck/s    rxkB/s    txkB/s   rxcmp/s   txcmp/s  rxmcst/s   %ifutil
04:57:22         ens5    137.00    152.00      8.66     94.58      0.00      0.00      0.00      0.00

04:57:22        IFACE   rxpck/s   txpck/s    rxkB/s    txkB/s   rxcmp/s   txcmp/s  rxmcst/s   %ifutil
04:57:23         ens5    139.00    156.00      8.82    100.07      0.00      0.00      0.00      0.00

04:57:23        IFACE   rxpck/s   txpck/s    rxkB/s    txkB/s   rxcmp/s   txcmp/s  rxmcst/s   %ifutil
04:57:24         ens5    138.00    150.00      8.71     94.28      0.00      0.00      0.00      0.00

04:57:24        IFACE   rxpck/s   txpck/s    rxkB/s    txkB/s   rxcmp/s   txcmp/s  rxmcst/s   %ifutil
04:57:25         ens5    155.00    151.00      9.57     94.34      0.00      0.00      0.00      0.00

04:57:25        IFACE   rxpck/s   txpck/s    rxkB/s    txkB/s   rxcmp/s   txcmp/s  rxmcst/s   %ifutil
04:57:26         ens5    152.00    152.00      9.49     94.63      0.00      0.00      0.00      0.00

04:57:26        IFACE   rxpck/s   txpck/s    rxkB/s    txkB/s   rxcmp/s   txcmp/s  rxmcst/s   %ifutil
04:57:27         ens5    152.00    151.00      9.43     94.35      0.00      0.00      0.00      0.00

04:57:27        IFACE   rxpck/s   txpck/s    rxkB/s    txkB/s   rxcmp/s   txcmp/s  rxmcst/s   %ifutil
04:57:28         ens5    156.00    157.00      9.69    100.14      0.00      0.00      0.00      0.00

04:57:28        IFACE   rxpck/s   txpck/s    rxkB/s    txkB/s   rxcmp/s   txcmp/s  rxmcst/s   %ifutil
04:57:29         ens5    150.00    150.00      9.32     94.28      0.00      0.00      0.00      0.00

04:57:29        IFACE   rxpck/s   txpck/s    rxkB/s    txkB/s   rxcmp/s   txcmp/s  rxmcst/s   %ifutil
04:57:30         ens5    152.00    152.00      9.46     94.62      0.00      0.00      0.00      0.00

04:57:30        IFACE   rxpck/s   txpck/s    rxkB/s    txkB/s   rxcmp/s   txcmp/s  rxmcst/s   %ifutil
04:57:31         ens5    151.00    151.00      9.38     94.34      0.00      0.00      0.00      0.00

04:57:31        IFACE   rxpck/s   txpck/s    rxkB/s    txkB/s   rxcmp/s   txcmp/s  rxmcst/s   %ifutil
04:57:32         ens5    158.00    158.00      9.81    100.22      0.00      0.00      0.00      0.00

04:57:32        IFACE   rxpck/s   txpck/s    rxkB/s    txkB/s   rxcmp/s   txcmp/s  rxmcst/s   %ifutil
04:57:33         ens5    147.00    149.00      9.16     94.21      0.00      0.00      0.00      0.00

04:57:33        IFACE   rxpck/s   txpck/s    rxkB/s    txkB/s   rxcmp/s   txcmp/s  rxmcst/s   %ifutil
04:57:34         ens5    155.00    151.00      9.57     94.34      0.00      0.00      0.00      0.00

04:57:34        IFACE   rxpck/s   txpck/s    rxkB/s    txkB/s   rxcmp/s   txcmp/s  rxmcst/s   %ifutil
04:57:35         ens5    154.00    152.00      9.56     94.63      0.00      0.00      0.00      0.00

04:57:35        IFACE   rxpck/s   txpck/s    rxkB/s    txkB/s   rxcmp/s   txcmp/s  rxmcst/s   %ifutil
04:57:36         ens5    155.00    157.00      9.64    100.14      0.00      0.00      0.00      0.00

04:57:36        IFACE   rxpck/s   txpck/s    rxkB/s    txkB/s   rxcmp/s   txcmp/s  rxmcst/s   %ifutil
04:57:37         ens5    151.00    150.00      9.37     94.28      0.00      0.00      0.00      0.00

04:57:37        IFACE   rxpck/s   txpck/s    rxkB/s    txkB/s   rxcmp/s   txcmp/s  rxmcst/s   %ifutil
04:57:38         ens5    142.00    151.00      8.95     94.34      0.00      0.00      0.00      0.00

04:57:38        IFACE   rxpck/s   txpck/s    rxkB/s    txkB/s   rxcmp/s   txcmp/s  rxmcst/s   %ifutil
04:57:39         ens5    136.00    150.00      8.61     94.28      0.00      0.00      0.00      0.00

04:57:39        IFACE   rxpck/s   txpck/s    rxkB/s    txkB/s   rxcmp/s   txcmp/s  rxmcst/s   %ifutil
04:57:40         ens5    137.00    150.00      8.66     94.28      0.00      0.00      0.00      0.00

04:57:40        IFACE   rxpck/s   txpck/s    rxkB/s    txkB/s   rxcmp/s   txcmp/s  rxmcst/s   %ifutil
04:57:41         ens5    137.00    153.00      8.70     94.70      0.00      0.00      0.00      0.00

04:57:41        IFACE   rxpck/s   txpck/s    rxkB/s    txkB/s   rxcmp/s   txcmp/s  rxmcst/s   %ifutil
04:57:42         ens5    137.00    156.00      8.72    100.07      0.00      0.00      0.00      0.00

04:57:42        IFACE   rxpck/s   txpck/s    rxkB/s    txkB/s   rxcmp/s   txcmp/s  rxmcst/s   %ifutil
04:57:43         ens5    139.00    151.00      8.76     94.34      0.00      0.00      0.00      0.00

04:57:43        IFACE   rxpck/s   txpck/s    rxkB/s    txkB/s   rxcmp/s   txcmp/s  rxmcst/s   %ifutil
04:57:44         ens5    138.00    150.00      8.71     94.28      0.00      0.00      0.00      0.00

04:57:44        IFACE   rxpck/s   txpck/s    rxkB/s    txkB/s   rxcmp/s   txcmp/s  rxmcst/s   %ifutil
04:57:45         ens5    136.00    150.00      8.61     94.28      0.00      0.00      0.00      0.00

04:57:45        IFACE   rxpck/s   txpck/s    rxkB/s    txkB/s   rxcmp/s   txcmp/s  rxmcst/s   %ifutil
04:57:46         ens5    136.00    150.00      8.61     94.28      0.00      0.00      0.00      0.00

04:57:46        IFACE   rxpck/s   txpck/s    rxkB/s    txkB/s   rxcmp/s   txcmp/s  rxmcst/s   %ifutil
04:57:47         ens5    137.00    152.00      8.70     94.63      0.00      0.00      0.00      0.00

04:57:47        IFACE   rxpck/s   txpck/s    rxkB/s    txkB/s   rxcmp/s   txcmp/s  rxmcst/s   %ifutil
04:57:48         ens5    137.00    152.00      8.69     94.43      0.00      0.00      0.00      0.00

04:57:48        IFACE   rxpck/s   txpck/s    rxkB/s    txkB/s   rxcmp/s   txcmp/s  rxmcst/s   %ifutil
04:57:49         ens5    138.00    156.00      8.77    100.07      0.00      0.00      0.00      0.00

04:57:49        IFACE   rxpck/s   txpck/s    rxkB/s    txkB/s   rxcmp/s   txcmp/s  rxmcst/s   %ifutil
04:57:50         ens5    144.00    153.00      9.05     94.50      0.00      0.00      0.00      0.00

04:57:50        IFACE   rxpck/s   txpck/s    rxkB/s    txkB/s   rxcmp/s   txcmp/s  rxmcst/s   %ifutil
04:57:51         ens5    151.00    150.00      9.37     94.27      0.00      0.00      0.00      0.00

04:57:51        IFACE   rxpck/s   txpck/s    rxkB/s    txkB/s   rxcmp/s   txcmp/s  rxmcst/s   %ifutil
04:57:52         ens5    152.00    153.00      9.43     94.67      0.00      0.00      0.00      0.00

04:57:52        IFACE   rxpck/s   txpck/s    rxkB/s    txkB/s   rxcmp/s   txcmp/s  rxmcst/s   %ifutil
04:57:53         ens5    152.00    151.00      9.43     94.35      0.00      0.00      0.00      0.00

04:57:53        IFACE   rxpck/s   txpck/s    rxkB/s    txkB/s   rxcmp/s   txcmp/s  rxmcst/s   %ifutil
04:57:54         ens5    152.00    156.00      9.48    100.07      0.00      0.00      0.00      0.00

04:57:54        IFACE   rxpck/s   txpck/s    rxkB/s    txkB/s   rxcmp/s   txcmp/s  rxmcst/s   %ifutil
04:57:55         ens5    154.00    151.00      9.52     94.34      0.00      0.00      0.00      0.00

04:57:55        IFACE   rxpck/s   txpck/s    rxkB/s    txkB/s   rxcmp/s   txcmp/s  rxmcst/s   %ifutil
04:57:56         ens5    151.00    150.00      9.37     94.28      0.00      0.00      0.00      0.00

04:57:56        IFACE   rxpck/s   txpck/s    rxkB/s    txkB/s   rxcmp/s   txcmp/s  rxmcst/s   %ifutil
04:57:57         ens5    151.00    152.00      9.41     94.63      0.00      0.00      0.00      0.00

04:57:57        IFACE   rxpck/s   txpck/s    rxkB/s    txkB/s   rxcmp/s   txcmp/s  rxmcst/s   %ifutil
04:57:58         ens5    152.00    151.00      9.43     94.35      0.00      0.00      0.00      0.00

04:57:58        IFACE   rxpck/s   txpck/s    rxkB/s    txkB/s   rxcmp/s   txcmp/s  rxmcst/s   %ifutil
04:57:59         ens5    156.00    156.00      9.69    100.08      0.00      0.00      0.00      0.00

04:57:59        IFACE   rxpck/s   txpck/s    rxkB/s    txkB/s   rxcmp/s   txcmp/s  rxmcst/s   %ifutil
04:58:00         ens5    144.00    144.00      8.95     88.48      0.00      0.00      0.00      0.00

04:58:00        IFACE   rxpck/s   txpck/s    rxkB/s    txkB/s   rxcmp/s   txcmp/s  rxmcst/s   %ifutil
04:58:01         ens5    150.00    150.00      9.32     94.27      0.00      0.00      0.00      0.00

04:58:01        IFACE   rxpck/s   txpck/s    rxkB/s    txkB/s   rxcmp/s   txcmp/s  rxmcst/s   %ifutil
04:58:02         ens5    137.00    147.00      8.64     93.85      0.00      0.00      0.00      0.00

04:58:02        IFACE   rxpck/s   txpck/s    rxkB/s    txkB/s   rxcmp/s   txcmp/s  rxmcst/s   %ifutil
04:58:03         ens5    134.65    148.51      8.52     93.35      0.00      0.00      0.00      0.00

04:58:03        IFACE   rxpck/s   txpck/s    rxkB/s    txkB/s   rxcmp/s   txcmp/s  rxmcst/s   %ifutil
04:58:04         ens5    139.00    154.00      8.87     94.77      0.00      0.00      0.00      0.00

04:58:04        IFACE   rxpck/s   txpck/s    rxkB/s    txkB/s   rxcmp/s   txcmp/s  rxmcst/s   %ifutil
04:58:05         ens5    134.00    150.00      8.46     94.31      0.00      0.00      0.00      0.00

04:58:05        IFACE   rxpck/s   txpck/s    rxkB/s    txkB/s   rxcmp/s   txcmp/s  rxmcst/s   %ifutil
04:58:06         ens5    137.00    156.00      8.72    100.08      0.00      0.00      0.00      0.00

04:58:06        IFACE   rxpck/s   txpck/s    rxkB/s    txkB/s   rxcmp/s   txcmp/s  rxmcst/s   %ifutil
04:58:07         ens5    139.00    151.00      8.76     94.34      0.00      0.00      0.00      0.00

04:58:07        IFACE   rxpck/s   txpck/s    rxkB/s    txkB/s   rxcmp/s   txcmp/s  rxmcst/s   %ifutil
04:58:08         ens5    136.00    150.00      8.61     94.28      0.00      0.00      0.00      0.00

04:58:08        IFACE   rxpck/s   txpck/s    rxkB/s    txkB/s   rxcmp/s   txcmp/s  rxmcst/s   %ifutil
04:58:09         ens5    136.00    150.00      8.61     94.27      0.00      0.00      0.00      0.00

04:58:09        IFACE   rxpck/s   txpck/s    rxkB/s    txkB/s   rxcmp/s   txcmp/s  rxmcst/s   %ifutil
04:58:10         ens5    135.00    150.00      8.55     94.28      0.00      0.00      0.00      0.00

04:58:10        IFACE   rxpck/s   txpck/s    rxkB/s    txkB/s   rxcmp/s   txcmp/s  rxmcst/s   %ifutil
04:58:11         ens5    138.00    153.00      8.75     94.71      0.00      0.00      0.00      0.00

04:58:11        IFACE   rxpck/s   txpck/s    rxkB/s    txkB/s   rxcmp/s   txcmp/s  rxmcst/s   %ifutil
04:58:12         ens5    137.00    156.00      8.72    100.07      0.00      0.00      0.00      0.00

04:58:12        IFACE   rxpck/s   txpck/s    rxkB/s    txkB/s   rxcmp/s   txcmp/s  rxmcst/s   %ifutil
04:58:13         ens5    133.00    144.00      8.39     88.48      0.00      0.00      0.00      0.00

04:58:13        IFACE   rxpck/s   txpck/s    rxkB/s    txkB/s   rxcmp/s   txcmp/s  rxmcst/s   %ifutil
04:58:14         ens5    146.00    157.00      9.21    100.14      0.00      0.00      0.00      0.00

04:58:14        IFACE   rxpck/s   txpck/s    rxkB/s    txkB/s   rxcmp/s   txcmp/s  rxmcst/s   %ifutil
04:58:15         ens5    150.00    150.00      9.32     94.28      0.00      0.00      0.00      0.00

04:58:15        IFACE   rxpck/s   txpck/s    rxkB/s    txkB/s   rxcmp/s   txcmp/s  rxmcst/s   %ifutil
04:58:16         ens5     61.00     60.00      3.78     37.71      0.00      0.00      0.00      0.00

04:58:16        IFACE   rxpck/s   txpck/s    rxkB/s    txkB/s   rxcmp/s   txcmp/s  rxmcst/s   %ifutil
04:58:17         ens5      0.00      0.00      0.00      0.00      0.00      0.00      0.00      0.00


Average:        IFACE   rxpck/s   txpck/s    rxkB/s    txkB/s   rxcmp/s   txcmp/s  rxmcst/s   %ifutil
Average:         ens5    132.88    140.18      8.36     87.57      0.00      0.00      0.00      0.00
