Linux 7.0.0-1010-aws (ip-172-31-31-224) 	08/11/26 	_x86_64_	(2 CPU)

06:28:26        CPU     %user     %nice   %system   %iowait    %steal     %idle
06:28:27        all     51.01      0.00      4.55      0.00      1.01     43.43
06:28:28        all     54.55      0.00      4.55      0.00      0.51     40.40
06:28:29        all     52.76      0.00      4.02      0.00      0.50     42.71
06:28:30        all     46.27      0.00      3.48      0.00      3.48     46.77
06:28:31        all     48.24      0.00      3.52      0.00      1.51     46.73
06:28:32        all     48.74      0.00      2.51      0.00      2.51     46.23
06:28:33        all     48.99      0.00      3.54      0.00      2.02     45.45
06:28:34        all     45.50      0.00      3.50      0.00      2.50     48.50
06:28:35        all     13.50      0.00      1.00      0.00      2.00     83.50
06:28:36        all      0.00      0.00      0.50      0.00      0.50     99.00
06:28:37        all      0.00      0.00      0.00      0.00      0.00    100.00
06:28:38        all      0.50      0.00      0.50      0.00      0.50     98.51
06:28:39        all      0.50      0.00      0.00      0.00      0.00     99.50
06:28:40        all      1.00      0.00      0.00      0.00      0.00     99.00
06:28:41        all      0.00      0.00      0.50      0.00      0.50     99.00
06:28:42        all      0.00      0.00      0.00      0.00      0.50     99.50
06:28:43        all      5.08      0.00      3.05      0.00      0.00     91.88
06:28:44        all      9.45      0.00      3.48      0.00      1.99     85.07
06:28:45        all     12.18      0.00      3.55      0.00      3.55     80.71
06:28:46        all      2.02      0.00      0.51      0.51      1.01     95.96
06:28:47        all      0.50      0.00      0.50      0.00      0.00     99.00
06:28:48        all      0.00      0.00      0.00      0.00      0.00    100.00
06:28:49        all      0.00      0.00      0.00      0.00      0.00    100.00
06:28:50        all      0.50      0.00      0.50      0.00      0.00     99.00
06:28:51        all      0.50      0.00      0.00      0.00      1.00     98.51
06:28:52        all      0.00      0.00      0.00      0.00      0.00    100.00
06:28:53        all      4.02      0.00      0.00      0.00      0.00     95.98
06:28:54        all      0.00      0.00      1.00      0.00      0.00     99.00
06:28:55        all      0.00      0.00      0.50      0.00      0.00     99.50
06:28:56        all      1.00      0.00      0.00      0.00      0.00     99.00

Average:        all     14.87      0.00      1.51      0.02      0.85     82.75
