Linux 7.0.0-1010-aws (ip-172-31-31-224) 	08/11/26 	_x86_64_	(2 CPU)

06:28:26        IFACE   rxpck/s   txpck/s    rxkB/s    txkB/s   rxcmp/s   txcmp/s  rxmcst/s   %ifutil
06:28:27         ens5     57.00     53.00      4.69      6.62      0.00      0.00      0.00      0.00

06:28:27        IFACE   rxpck/s   txpck/s    rxkB/s    txkB/s   rxcmp/s   txcmp/s  rxmcst/s   %ifutil
06:28:28         ens5     29.00     25.00      2.36      3.30      0.00      0.00      0.00      0.00

06:28:28        IFACE   rxpck/s   txpck/s    rxkB/s    txkB/s   rxcmp/s   txcmp/s  rxmcst/s   %ifutil
06:28:29         ens5      7.00      8.00      0.36      1.70      0.00      0.00      0.00      0.00

06:28:29        IFACE   rxpck/s   txpck/s    rxkB/s    txkB/s   rxcmp/s   txcmp/s  rxmcst/s   %ifutil
06:28:30         ens5      6.00      5.00      0.30      1.04      0.00      0.00      0.00      0.00

06:28:30        IFACE   rxpck/s   txpck/s    rxkB/s    txkB/s   rxcmp/s   txcmp/s  rxmcst/s   %ifutil
06:28:31         ens5      6.00      7.00      0.30      1.54      0.00      0.00      0.00      0.00

06:28:31        IFACE   rxpck/s   txpck/s    rxkB/s    txkB/s   rxcmp/s   txcmp/s  rxmcst/s   %ifutil
06:28:32         ens5      8.00      8.00      0.41      1.66      0.00      0.00      0.00      0.00

06:28:32        IFACE   rxpck/s   txpck/s    rxkB/s    txkB/s   rxcmp/s   txcmp/s  rxmcst/s   %ifutil
06:28:33         ens5      7.00      6.00      0.36      1.29      0.00      0.00      0.00      0.00

06:28:33        IFACE   rxpck/s   txpck/s    rxkB/s    txkB/s   rxcmp/s   txcmp/s  rxmcst/s   %ifutil
06:28:34         ens5      4.00      4.00      0.20      0.88      0.00      0.00      0.00      0.00

06:28:34        IFACE   rxpck/s   txpck/s    rxkB/s    txkB/s   rxcmp/s   txcmp/s  rxmcst/s   %ifutil
06:28:35         ens5      4.00      4.00      0.21      0.80      0.00      0.00      0.00      0.00

06:28:35        IFACE   rxpck/s   txpck/s    rxkB/s    txkB/s   rxcmp/s   txcmp/s  rxmcst/s   %ifutil
06:28:36         ens5      0.00      0.00      0.00      0.00      0.00      0.00      0.00      0.00

06:28:36        IFACE   rxpck/s   txpck/s    rxkB/s    txkB/s   rxcmp/s   txcmp/s  rxmcst/s   %ifutil
06:28:37         ens5      0.00      0.00      0.00      0.00      0.00      0.00      0.00      0.00

06:28:37        IFACE   rxpck/s   txpck/s    rxkB/s    txkB/s   rxcmp/s   txcmp/s  rxmcst/s   %ifutil
06:28:38         ens5      0.00      0.00      0.00      0.00      0.00      0.00      0.00      0.00

06:28:38        IFACE   rxpck/s   txpck/s    rxkB/s    txkB/s   rxcmp/s   txcmp/s  rxmcst/s   %ifutil
06:28:39         ens5     17.00     18.00      8.37     12.66      0.00      0.00      0.00      0.00

06:28:39        IFACE   rxpck/s   txpck/s    rxkB/s    txkB/s   rxcmp/s   txcmp/s  rxmcst/s   %ifutil
06:28:40         ens5      0.00      0.00      0.00      0.00      0.00      0.00      0.00      0.00

06:28:40        IFACE   rxpck/s   txpck/s    rxkB/s    txkB/s   rxcmp/s   txcmp/s  rxmcst/s   %ifutil
06:28:41         ens5      0.00      0.00      0.00      0.00      0.00      0.00      0.00      0.00

06:28:41        IFACE   rxpck/s   txpck/s    rxkB/s    txkB/s   rxcmp/s   txcmp/s  rxmcst/s   %ifutil
06:28:42         ens5      1.00      1.00      0.21      0.22      0.00      0.00      0.00      0.00

06:28:42        IFACE   rxpck/s   txpck/s    rxkB/s    txkB/s   rxcmp/s   txcmp/s  rxmcst/s   %ifutil
06:28:43         ens5     74.00     84.00     46.64     45.90      0.00      0.00      0.00      0.00

06:28:43        IFACE   rxpck/s   txpck/s    rxkB/s    txkB/s   rxcmp/s   txcmp/s  rxmcst/s   %ifutil
06:28:44         ens5    473.00    594.00    329.27    336.85      0.00      0.00      0.00      0.00

06:28:44        IFACE   rxpck/s   txpck/s    rxkB/s    txkB/s   rxcmp/s   txcmp/s  rxmcst/s   %ifutil
06:28:45         ens5    540.00    663.00    339.56    379.30      0.00      0.00      0.00      0.00

06:28:45        IFACE   rxpck/s   txpck/s    rxkB/s    txkB/s   rxcmp/s   txcmp/s  rxmcst/s   %ifutil
06:28:46         ens5    107.00    133.00     48.17     68.45      0.00      0.00      0.00      0.00

06:28:46        IFACE   rxpck/s   txpck/s    rxkB/s    txkB/s   rxcmp/s   txcmp/s  rxmcst/s   %ifutil
06:28:47         ens5      0.00      0.00      0.00      0.00      0.00      0.00      0.00      0.00

06:28:47        IFACE   rxpck/s   txpck/s    rxkB/s    txkB/s   rxcmp/s   txcmp/s  rxmcst/s   %ifutil
06:28:48         ens5      0.00      0.00      0.00      0.00      0.00      0.00      0.00      0.00

06:28:48        IFACE   rxpck/s   txpck/s    rxkB/s    txkB/s   rxcmp/s   txcmp/s  rxmcst/s   %ifutil
06:28:49         ens5      0.00      0.00      0.00      0.00      0.00      0.00      0.00      0.00

06:28:49        IFACE   rxpck/s   txpck/s    rxkB/s    txkB/s   rxcmp/s   txcmp/s  rxmcst/s   %ifutil
06:28:50         ens5      0.00      0.00      0.00      0.00      0.00      0.00      0.00      0.00

06:28:50        IFACE   rxpck/s   txpck/s    rxkB/s    txkB/s   rxcmp/s   txcmp/s  rxmcst/s   %ifutil
06:28:51         ens5      0.00      0.00      0.00      0.00      0.00      0.00      0.00      0.00

06:28:51        IFACE   rxpck/s   txpck/s    rxkB/s    txkB/s   rxcmp/s   txcmp/s  rxmcst/s   %ifutil
06:28:52         ens5      1.00      1.00      0.21      0.22      0.00      0.00      0.00      0.00

06:28:52        IFACE   rxpck/s   txpck/s    rxkB/s    txkB/s   rxcmp/s   txcmp/s  rxmcst/s   %ifutil
06:28:53         ens5      0.00      0.00      0.00      0.00      0.00      0.00      0.00      0.00

06:28:53        IFACE   rxpck/s   txpck/s    rxkB/s    txkB/s   rxcmp/s   txcmp/s  rxmcst/s   %ifutil
06:28:54         ens5      0.00      0.00      0.00      0.00      0.00      0.00      0.00      0.00

06:28:54        IFACE   rxpck/s   txpck/s    rxkB/s    txkB/s   rxcmp/s   txcmp/s  rxmcst/s   %ifutil
06:28:55         ens5      0.00      0.00      0.00      0.00      0.00      0.00      0.00      0.00

06:28:55        IFACE   rxpck/s   txpck/s    rxkB/s    txkB/s   rxcmp/s   txcmp/s  rxmcst/s   %ifutil
06:28:56         ens5      0.00      0.00      0.00      0.00      0.00      0.00      0.00      0.00


Average:        IFACE   rxpck/s   txpck/s    rxkB/s    txkB/s   rxcmp/s   txcmp/s  rxmcst/s   %ifutil
Average:         ens5     44.70     53.80     26.05     28.75      0.00      0.00      0.00      0.00
