Linux 7.0.0-1010-aws (ip-172-31-31-224) 	08/11/26 	_x86_64_	(2 CPU)

09:19:27        CPU     %user     %nice   %system   %iowait    %steal     %idle
09:19:28        all     55.84      0.00      5.58      0.00      1.02     37.56
09:19:29        all     51.01      0.00      4.04      0.00      0.00     44.95
09:19:30        all     48.00      0.00      3.00      0.00      3.00     46.00
09:19:31        all     47.98      0.00      3.54      0.00      1.52     46.97
09:19:32        all     49.50      0.00      4.50      0.00      0.00     46.00
09:19:33        all     50.25      0.00      2.51      0.00      1.01     46.23
09:19:34        all     50.00      0.00      4.04      0.00      0.51     45.45
09:19:35        all     45.81      0.00      4.93      0.00      0.49     48.77
09:19:36        all      2.03      0.00      0.00      0.00      0.00     97.97
09:19:37        all      0.00      0.00      0.00      1.00      0.50     98.50
09:19:38        all      1.00      0.00      0.00      0.00      0.50     98.51
09:19:39        all      0.00      0.00      0.00      0.00      0.00    100.00
09:19:40        all      0.00      0.00      0.00      0.00      0.00    100.00
09:19:41        all      0.00      0.00      0.50      0.00      0.00     99.50
09:19:42        all      0.99      0.00      0.50      0.00      0.50     98.02
09:19:43        all      4.57      0.00      1.52      0.00      0.00     93.91
09:19:44        all      0.50      0.00      0.00      0.00      0.00     99.50
09:19:45        all      1.01      0.00      1.01      0.00      0.50     97.49
09:19:46        all      2.03      0.00      1.02      0.00      0.00     96.95
09:19:47        all      0.50      0.00      0.00      0.00      0.00     99.50
09:19:48        all      0.50      0.00      0.50      0.00      0.50     98.51
09:19:49        all      0.00      0.00      0.00      0.00      0.00    100.00
09:19:50        all      0.00      0.00      0.50      0.00      0.00     99.50
09:19:51        all      0.50      0.00      0.00      0.00      0.00     99.50
09:19:52        all      0.00      0.00      0.00      0.00      0.00    100.00


Average:        all     16.48      0.00      1.51      0.04      0.40     81.57
