Linux 7.0.0-1010-aws (ip-172-31-31-224) 	08/11/26 	_x86_64_	(2 CPU)

09:19:27    kbmemfree   kbavail kbmemused  %memused kbbuffers  kbcached  kbcommit   %commit  kbactive   kbinact   kbdirty
09:19:28       742160   1302948    427612     21.92     23308    679292   1602128     82.12    426096    615152       172
09:19:29       650432   1211224    519336     26.62     23308    679296   1685872     86.42    509036    615156       176
09:19:30       577856   1138648    591912     30.34     23308    679296   1760312     90.23    585296    615156       176
09:19:31       497468   1058260    672300     34.46     23308    679296   1840200     94.33    664928    615156       176
09:19:32       409016    969808    760752     39.00     23308    679296   1923708     98.61    745844    615156       176
09:19:33       344504    905296    825264     42.30     23308    679296   1990532    102.03    813180    615156       176
09:19:34       257060    817856    912704     46.78     23308    679300   2082808    106.76    906760    615160       180
09:19:35       128036    688832   1041728     53.40     23308    679300   2207360    113.15   1028884    615160       180
09:19:36       128036    688832   1041728     53.40     23308    679300   2211784    113.37   1032992    615160       180
09:19:37       128036    688836   1041720     53.40     23316    679300   2211784    113.37   1033136    615164       148
09:19:38       128036    688836   1041720     53.40     23316    679300   2211784    113.37   1033136    615164       148
09:19:39       128036    688836   1041716     53.40     23316    679304   2211784    113.37   1033136    615164       152
09:19:40       128036    688836   1041716     53.40     23316    679304   2211784    113.37   1033136    615164       152
09:19:41       128036    688836   1041716     53.40     23316    679304   2211784    113.37   1033136    615164       152
09:19:42       128036    688836   1041716     53.40     23316    679304   2211784    113.37   1033136    615164       152
09:19:43       128036    688844   1041708     53.40     23316    679312   2211784    113.37   1033076    615172       160
09:19:44       128036    688844   1041708     53.40     23316    679312   2211784    113.37   1033076    615172       160
09:19:45       128036    688856   1041704     53.40     23316    679316   2211784    113.37   1033312    615184       164
09:19:46       128036    688856   1041704     53.40     23340    679292   2211784    113.37   1033688    615184       164
09:19:47       128036    688880   1041656     53.39     23340    679340   2211784    113.37   1033732    615188       168
09:19:48       128036    688880   1041656     53.39     23340    679340   2211784    113.37   1033732    615188       168
09:19:49       128036    688880   1041656     53.39     23340    679340   2211784    113.37   1033732    615188       168
09:19:50       128036    688880   1041652     53.39     23340    679344   2211784    113.37   1033732    615188       172
09:19:51       128036    688880   1041652     53.39     23340    679344   2211784    113.37   1033980    615188       172
09:19:52       128036    688880   1041652     53.39     23340    679344   2211784    113.37   1033980    615188       172

Average:       231326    792136    938416     48.10     23320    679311   2107730    108.04    929915    615169       167
