Linux 7.0.0-1010-aws (ip-172-31-31-224) 	08/11/26 	_x86_64_	(2 CPU)

09:19:27        IFACE   rxpck/s   txpck/s    rxkB/s    txkB/s   rxcmp/s   txcmp/s  rxmcst/s   %ifutil
09:19:28         ens5     54.00     51.00      4.46      6.36      0.00      0.00      0.00      0.00

09:19:28        IFACE   rxpck/s   txpck/s    rxkB/s    txkB/s   rxcmp/s   txcmp/s  rxmcst/s   %ifutil
09:19:29         ens5     60.00     53.00      4.85      6.02      0.00      0.00      0.00      0.00

09:19:29        IFACE   rxpck/s   txpck/s    rxkB/s    txkB/s   rxcmp/s   txcmp/s  rxmcst/s   %ifutil
09:19:30         ens5     22.00     21.00      1.71      2.99      0.00      0.00      0.00      0.00

09:19:30        IFACE   rxpck/s   txpck/s    rxkB/s    txkB/s   rxcmp/s   txcmp/s  rxmcst/s   %ifutil
09:19:31         ens5      7.00      6.00      0.36      1.25      0.00      0.00      0.00      0.00

09:19:31        IFACE   rxpck/s   txpck/s    rxkB/s    txkB/s   rxcmp/s   txcmp/s  rxmcst/s   %ifutil
09:19:32         ens5      5.00      7.00      0.25      1.54      0.00      0.00      0.00      0.00

09:19:32        IFACE   rxpck/s   txpck/s    rxkB/s    txkB/s   rxcmp/s   txcmp/s  rxmcst/s   %ifutil
09:19:33         ens5     11.00     10.00      0.56      2.09      0.00      0.00      0.00      0.00

09:19:33        IFACE   rxpck/s   txpck/s    rxkB/s    txkB/s   rxcmp/s   txcmp/s  rxmcst/s   %ifutil
09:19:34         ens5      6.00      5.00      0.30      1.09      0.00      0.00      0.00      0.00

09:19:34        IFACE   rxpck/s   txpck/s    rxkB/s    txkB/s   rxcmp/s   txcmp/s  rxmcst/s   %ifutil
09:19:35         ens5      3.00      4.00      0.15      0.88      0.00      0.00      0.00      0.00

09:19:35        IFACE   rxpck/s   txpck/s    rxkB/s    txkB/s   rxcmp/s   txcmp/s  rxmcst/s   %ifutil
09:19:36         ens5      4.00      3.00      0.23      0.48      0.00      0.00      0.00      0.00

09:19:36        IFACE   rxpck/s   txpck/s    rxkB/s    txkB/s   rxcmp/s   txcmp/s  rxmcst/s   %ifutil
09:19:37         ens5      0.00      0.00      0.00      0.00      0.00      0.00      0.00      0.00

09:19:37        IFACE   rxpck/s   txpck/s    rxkB/s    txkB/s   rxcmp/s   txcmp/s  rxmcst/s   %ifutil
09:19:38         ens5      0.00      0.00      0.00      0.00      0.00      0.00      0.00      0.00

09:19:38        IFACE   rxpck/s   txpck/s    rxkB/s    txkB/s   rxcmp/s   txcmp/s  rxmcst/s   %ifutil
09:19:39         ens5      0.00      0.00      0.00      0.00      0.00      0.00      0.00      0.00

09:19:39        IFACE   rxpck/s   txpck/s    rxkB/s    txkB/s   rxcmp/s   txcmp/s  rxmcst/s   %ifutil
09:19:40         ens5      0.00      0.00      0.00      0.00      0.00      0.00      0.00      0.00

09:19:40        IFACE   rxpck/s   txpck/s    rxkB/s    txkB/s   rxcmp/s   txcmp/s  rxmcst/s   %ifutil
09:19:41         ens5      2.00      2.00      0.14      0.46      0.00      0.00      0.00      0.00

09:19:41        IFACE   rxpck/s   txpck/s    rxkB/s    txkB/s   rxcmp/s   txcmp/s  rxmcst/s   %ifutil
09:19:42         ens5      0.00      0.00      0.00      0.00      0.00      0.00      0.00      0.00

09:19:42        IFACE   rxpck/s   txpck/s    rxkB/s    txkB/s   rxcmp/s   txcmp/s  rxmcst/s   %ifutil
09:19:43         ens5      0.00      0.00      0.00      0.00      0.00      0.00      0.00      0.00

09:19:43        IFACE   rxpck/s   txpck/s    rxkB/s    txkB/s   rxcmp/s   txcmp/s  rxmcst/s   %ifutil
09:19:44         ens5      6.00      6.00      0.42      1.39      0.00      0.00      0.00      0.00

09:19:44        IFACE   rxpck/s   txpck/s    rxkB/s    txkB/s   rxcmp/s   txcmp/s  rxmcst/s   %ifutil
09:19:45         ens5    122.00    158.00      9.40     36.89      0.00      0.00      0.00      0.00

09:19:45        IFACE   rxpck/s   txpck/s    rxkB/s    txkB/s   rxcmp/s   txcmp/s  rxmcst/s   %ifutil
09:19:46         ens5    132.00    148.00      9.76     34.94      0.00      0.00      0.00      0.00

09:19:46        IFACE   rxpck/s   txpck/s    rxkB/s    txkB/s   rxcmp/s   txcmp/s  rxmcst/s   %ifutil
09:19:47         ens5     38.00     46.00      2.85     10.67      0.00      0.00      0.00      0.00

09:19:47        IFACE   rxpck/s   txpck/s    rxkB/s    txkB/s   rxcmp/s   txcmp/s  rxmcst/s   %ifutil
09:19:48         ens5      0.00      0.00      0.00      0.00      0.00      0.00      0.00      0.00

09:19:48        IFACE   rxpck/s   txpck/s    rxkB/s    txkB/s   rxcmp/s   txcmp/s  rxmcst/s   %ifutil
09:19:49         ens5      0.00      0.00      0.00      0.00      0.00      0.00      0.00      0.00

09:19:49        IFACE   rxpck/s   txpck/s    rxkB/s    txkB/s   rxcmp/s   txcmp/s  rxmcst/s   %ifutil
09:19:50         ens5      0.00      0.00      0.00      0.00      0.00      0.00      0.00      0.00

09:19:50        IFACE   rxpck/s   txpck/s    rxkB/s    txkB/s   rxcmp/s   txcmp/s  rxmcst/s   %ifutil
09:19:51         ens5      0.00      0.00      0.00      0.00      0.00      0.00      0.00      0.00

09:19:51        IFACE   rxpck/s   txpck/s    rxkB/s    txkB/s   rxcmp/s   txcmp/s  rxmcst/s   %ifutil
09:19:52         ens5      0.00      0.00      0.00      0.00      0.00      0.00      0.00      0.00



Average:        IFACE   rxpck/s   txpck/s    rxkB/s    txkB/s   rxcmp/s   txcmp/s  rxmcst/s   %ifutil
Average:         ens5     18.88     20.80      1.42      4.28      0.00      0.00      0.00      0.00
