Linux 7.0.0-1010-aws (ip-172-31-20-134) 	08/11/26 	_x86_64_	(2 CPU)

16:45:04        CPU     %user     %nice   %system   %iowait    %steal     %idle
16:45:05        all      1.50      0.00      2.00      0.00      0.00     96.50
16:45:06        all      0.00      0.00      0.00      0.00      0.00    100.00
16:45:07        all      1.00      0.00      0.50      0.00      0.00     98.51
16:45:08        all      0.00      0.00      0.00      0.00      0.00    100.00
16:45:09        all      0.00      0.00      0.00      0.00      0.00    100.00
16:45:10        all      0.50      0.00      0.00      0.00      0.00     99.50
16:45:11        all      0.00      0.00      0.00      0.00      0.00    100.00
16:45:12        all      0.50      0.00      0.00      0.00      0.00     99.50
16:45:13        all      0.00      0.00      0.50      0.00      0.00     99.50
16:45:14        all      6.57      0.00      1.52      0.00      0.00     91.92
16:45:15        all      0.50      0.00      0.00      0.00      0.00     99.50
16:45:16        all      0.00      0.00      0.50      0.00      0.00     99.50
16:45:17        all      0.00      0.00      0.00      0.00      0.00    100.00
16:45:18        all      0.00      0.00      0.00      0.00      0.00    100.00
16:45:19        all     25.38      0.00      4.06      0.00      0.00     70.56
16:45:20        all     84.77      0.00      6.09      0.00      0.00      9.14
16:45:21        all     28.93      0.00      3.05      0.00      0.00     68.02
16:45:22        all      1.01      0.00      0.00      0.00      0.50     98.49
16:45:23        all      0.00      0.00      0.50      0.00      0.00     99.50
16:45:24        all      1.00      0.00      0.00      0.00      0.00     99.00
16:45:25        all      0.00      0.00      0.50      0.50      0.00     98.99
16:45:26        all      0.50      0.00      0.00      0.00      0.00     99.50
16:45:27        all      0.50      0.00      0.00      0.00      0.00     99.50
16:45:28        all      0.00      0.00      0.00      0.00      0.00    100.00
16:45:29        all      6.03      0.00      1.01      0.00      0.00     92.96
16:45:30        all      0.50      0.00      0.00      0.00      0.00     99.50
16:45:31        all      0.00      0.00      0.00      0.00      0.50     99.50

Average:        all      5.85      0.00      0.74      0.02      0.04     93.35
