Linux 7.0.0-1010-aws (ip-172-31-20-134) 	08/11/26 	_x86_64_	(2 CPU)

16:45:04    kbmemfree   kbavail kbmemused  %memused kbbuffers  kbcached  kbcommit   %commit  kbactive   kbinact   kbdirty
16:45:05       154776   1324868    370708     19.00     33804   1248732   1478188     75.77    997200    554496       396
16:45:06       154776   1324868    370708     19.00     33804   1248732   1478188     75.77    997200    554496       396
16:45:07       154776   1324868    370704     19.00     33804   1248736   1478188     75.77    997200    554496       404
16:45:08       154776   1324868    370704     19.00     33804   1248736   1478188     75.77    997200    554496       404
16:45:09       154776   1324868    370704     19.00     33804   1248736   1478188     75.77    997200    554496       404
16:45:10       154776   1324868    370704     19.00     33804   1248736   1478188     75.77    997200    554496       404
16:45:11       154776   1324868    370704     19.00     33804   1248736   1478188     75.77    997200    554496       404
16:45:12       154776   1324868    370700     19.00     33804   1248740   1478188     75.77    997200    554496       408
16:45:13       154776   1324868    370700     19.00     33804   1248740   1478188     75.77    997200    554496       408
16:45:14       154020   1324128    371448     19.04     33804   1248748   1479684     75.85    999564    554512       416
16:45:15       154020   1324144    371396     19.04     33804   1248800   1479684     75.85    999672    554528       468
16:45:16       154020   1324144    371396     19.04     33804   1248800   1479684     75.85    999672    554528       468
16:45:17       154020   1324144    371392     19.04     33804   1248804   1479684     75.85    999672    554528       472
16:45:18       154020   1324144    371392     19.04     33804   1248804   1479684     75.85    999672    554528       472
16:45:19       148224   1318652    376920     19.32     33804   1249064   1527032     78.27   1007140    554828       732
16:45:20       140172   1311340    384224     19.69     33804   1249800   1574440     80.70   1014124    555564      1468
16:45:21       139416   1311020    384440     19.71     33804   1250320   1574756     80.72   1011468    555988      1988
16:45:22       139416   1311020    384404     19.70     33804   1250356   1574756     80.72   1011020    555988      2024
16:45:23       139416   1311020    384396     19.70     33804   1250364   1574756     80.72   1011020    555988      2032
16:45:24       139416   1311020    384396     19.70     33804   1250364   1574756     80.72   1011020    555988      2032
16:45:25       139416   1311188    384364     19.70     33828   1250368   1574756     80.72   1011048    556156      2036
16:45:26       139416   1311188    384364     19.70     33828   1250368   1574756     80.72   1011048    556156      1916
16:45:27       139416   1311188    384360     19.70     33828   1250372   1574756     80.72   1011048    556156      1920
16:45:28       139416   1311188    384360     19.70     33828   1250372   1574756     80.72   1011048    556156      1920
16:45:29       139192   1310964    384576     19.71     33828   1250380   1574756     80.72   1010788    556156      1928
16:45:30       139192   1310964    384576     19.71     33828   1250380   1574756     80.72   1010788    556156      1928
16:45:31       139192   1310964    384576     19.71     33828   1250380   1574756     80.72   1010788    556156      1928

Average:       147570   1318379    377160     19.33     33810   1249462   1523181     78.08   1004274    555205      1103
