Linux 7.0.0-1010-aws (ip-172-31-20-134) 	08/11/26 	_x86_64_	(2 CPU)

16:45:04        IFACE   rxpck/s   txpck/s    rxkB/s    txkB/s   rxcmp/s   txcmp/s  rxmcst/s   %ifutil
16:45:05         ens5     57.00     55.00      4.77      6.04      0.00      0.00      0.00      0.00

16:45:05        IFACE   rxpck/s   txpck/s    rxkB/s    txkB/s   rxcmp/s   txcmp/s  rxmcst/s   %ifutil
16:45:06         ens5     42.00     35.00      3.56      3.71      0.00      0.00      0.00      0.00

16:45:06        IFACE   rxpck/s   txpck/s    rxkB/s    txkB/s   rxcmp/s   txcmp/s  rxmcst/s   %ifutil
16:45:07         ens5      0.00      0.00      0.00      0.00      0.00      0.00      0.00      0.00

16:45:07        IFACE   rxpck/s   txpck/s    rxkB/s    txkB/s   rxcmp/s   txcmp/s  rxmcst/s   %ifutil
16:45:08         ens5      0.00      0.00      0.00      0.00      0.00      0.00      0.00      0.00

16:45:08        IFACE   rxpck/s   txpck/s    rxkB/s    txkB/s   rxcmp/s   txcmp/s  rxmcst/s   %ifutil
16:45:09         ens5      0.00      0.00      0.00      0.00      0.00      0.00      0.00      0.00

16:45:09        IFACE   rxpck/s   txpck/s    rxkB/s    txkB/s   rxcmp/s   txcmp/s  rxmcst/s   %ifutil
16:45:10         ens5      0.00      0.00      0.00      0.00      0.00      0.00      0.00      0.00

16:45:10        IFACE   rxpck/s   txpck/s    rxkB/s    txkB/s   rxcmp/s   txcmp/s  rxmcst/s   %ifutil
16:45:11         ens5      0.00      0.00      0.00      0.00      0.00      0.00      0.00      0.00

16:45:11        IFACE   rxpck/s   txpck/s    rxkB/s    txkB/s   rxcmp/s   txcmp/s  rxmcst/s   %ifutil
16:45:12         ens5      0.00      0.00      0.00      0.00      0.00      0.00      0.00      0.00

16:45:12        IFACE   rxpck/s   txpck/s    rxkB/s    txkB/s   rxcmp/s   txcmp/s  rxmcst/s   %ifutil
16:45:13         ens5      0.00      0.00      0.00      0.00      0.00      0.00      0.00      0.00

16:45:13        IFACE   rxpck/s   txpck/s    rxkB/s    txkB/s   rxcmp/s   txcmp/s  rxmcst/s   %ifutil
16:45:14         ens5     37.00     41.00     27.17     25.29      0.00      0.00      0.00      0.00

16:45:14        IFACE   rxpck/s   txpck/s    rxkB/s    txkB/s   rxcmp/s   txcmp/s  rxmcst/s   %ifutil
16:45:15         ens5      0.00      0.00      0.00      0.00      0.00      0.00      0.00      0.00

16:45:15        IFACE   rxpck/s   txpck/s    rxkB/s    txkB/s   rxcmp/s   txcmp/s  rxmcst/s   %ifutil
16:45:16         ens5      0.00      0.00      0.00      0.00      0.00      0.00      0.00      0.00

16:45:16        IFACE   rxpck/s   txpck/s    rxkB/s    txkB/s   rxcmp/s   txcmp/s  rxmcst/s   %ifutil
16:45:17         ens5      0.00      0.00      0.00      0.00      0.00      0.00      0.00      0.00

16:45:17        IFACE   rxpck/s   txpck/s    rxkB/s    txkB/s   rxcmp/s   txcmp/s  rxmcst/s   %ifutil
16:45:18         ens5      0.00      0.00      0.00      0.00      0.00      0.00      0.00      0.00

16:45:18        IFACE   rxpck/s   txpck/s    rxkB/s    txkB/s   rxcmp/s   txcmp/s  rxmcst/s   %ifutil
16:45:19         ens5    182.00    244.00     83.36    153.00      0.00      0.00      0.00      0.00

16:45:19        IFACE   rxpck/s   txpck/s    rxkB/s    txkB/s   rxcmp/s   txcmp/s  rxmcst/s   %ifutil
16:45:20         ens5    717.00    840.00    301.79    511.14      0.00      0.00      0.00      0.00

16:45:20        IFACE   rxpck/s   txpck/s    rxkB/s    txkB/s   rxcmp/s   txcmp/s  rxmcst/s   %ifutil
16:45:21         ens5    216.00    296.00     95.92    152.60      0.00      0.00      0.00      0.00

16:45:21        IFACE   rxpck/s   txpck/s    rxkB/s    txkB/s   rxcmp/s   txcmp/s  rxmcst/s   %ifutil
16:45:22         ens5      5.00      7.00      2.34      4.43      0.00      0.00      0.00      0.00

16:45:22        IFACE   rxpck/s   txpck/s    rxkB/s    txkB/s   rxcmp/s   txcmp/s  rxmcst/s   %ifutil
16:45:23         ens5      0.00      0.00      0.00      0.00      0.00      0.00      0.00      0.00

16:45:23        IFACE   rxpck/s   txpck/s    rxkB/s    txkB/s   rxcmp/s   txcmp/s  rxmcst/s   %ifutil
16:45:24         ens5      0.00      0.00      0.00      0.00      0.00      0.00      0.00      0.00

16:45:24        IFACE   rxpck/s   txpck/s    rxkB/s    txkB/s   rxcmp/s   txcmp/s  rxmcst/s   %ifutil
16:45:25         ens5      0.00      0.00      0.00      0.00      0.00      0.00      0.00      0.00

16:45:25        IFACE   rxpck/s   txpck/s    rxkB/s    txkB/s   rxcmp/s   txcmp/s  rxmcst/s   %ifutil
16:45:26         ens5      0.00      0.00      0.00      0.00      0.00      0.00      0.00      0.00

16:45:26        IFACE   rxpck/s   txpck/s    rxkB/s    txkB/s   rxcmp/s   txcmp/s  rxmcst/s   %ifutil
16:45:27         ens5      0.00      0.00      0.00      0.00      0.00      0.00      0.00      0.00

16:45:27        IFACE   rxpck/s   txpck/s    rxkB/s    txkB/s   rxcmp/s   txcmp/s  rxmcst/s   %ifutil
16:45:28         ens5      0.00      0.00      0.00      0.00      0.00      0.00      0.00      0.00

16:45:28        IFACE   rxpck/s   txpck/s    rxkB/s    txkB/s   rxcmp/s   txcmp/s  rxmcst/s   %ifutil
16:45:29         ens5      0.00      0.00      0.00      0.00      0.00      0.00      0.00      0.00

16:45:29        IFACE   rxpck/s   txpck/s    rxkB/s    txkB/s   rxcmp/s   txcmp/s  rxmcst/s   %ifutil
16:45:30         ens5      0.00      0.00      0.00      0.00      0.00      0.00      0.00      0.00

16:45:30        IFACE   rxpck/s   txpck/s    rxkB/s    txkB/s   rxcmp/s   txcmp/s  rxmcst/s   %ifutil
16:45:31         ens5      0.00      0.00      0.00      0.00      0.00      0.00      0.00      0.00


Average:        IFACE   rxpck/s   txpck/s    rxkB/s    txkB/s   rxcmp/s   txcmp/s  rxmcst/s   %ifutil
Average:         ens5     46.52     56.22     19.22     31.71      0.00      0.00      0.00      0.00
