Linux 7.0.0-1008-aws (ip-172-31-31-224) 	08/07/26 	_x86_64_	(2 CPU)

06:07:28    kbmemfree   kbavail kbmemused  %memused kbbuffers  kbcached  kbcommit   %commit  kbactive   kbinact   kbdirty
06:07:29       725200   1252196    401216     20.57     11368    658352   1456996     74.69    248860    728544        48
06:07:30       646072   1173068    480344     24.62     11368    658352   1540388     78.96    329512    728544        48
06:07:31       581560   1108556    544856     27.93     11368    658352   1603188     82.18    393492    728544        48
06:07:32       468916    995912    657500     33.70     11368    658352   1720232     88.18    509052    728544        48
06:07:33       356776    883772    769640     39.45     11368    658352   1828288     93.72    617956    728544        48
06:07:34       324520    851516    801896     41.11     11368    658352   1862436     95.47    651932    728544        48
06:07:35       260260    787256    866156     44.40     11368    658352   1925036     98.68    715304    728544        48
06:07:36       123172    650168   1003244     51.43     11368    658352   2062012    105.70    851372    728544        48
06:07:37       123172    650168   1003244     51.43     11368    658352   2062012    105.70    851372    728544        48
06:07:38       123172    650168   1003244     51.43     11368    658352   2062012    105.70    851744    728544        48
06:07:39       123172    650168   1003244     51.43     11368    658352   2062012    105.70    851868    728544        48
06:07:40       123172    650168   1003244     51.43     11368    658352   2062268    105.71    851868    728544        48
06:07:41       123172    650168   1003244     51.43     11368    658352   2062268    105.71    851868    728544        48
06:07:42       123172    650168   1003244     51.43     11368    658352   2062268    105.71    851868    728544        48
06:07:43       123172    650168   1003244     51.43     11368    658352   2062268    105.71    851992    728544        48
06:07:44       123172    650168   1003244     51.43     11368    658352   2062268    105.71    851992    728544        48
06:07:45       123172    650168   1003244     51.43     11368    658352   2062268    105.71    851992    728544        48
06:07:46       123172    650168   1003244     51.43     11368    658352   2062332    105.72    851992    728544        48
06:07:47       123212    650208   1003204     51.43     11392    658328   2062332    105.72    852076    728544        48
06:07:48       123220    650240   1003168     51.42     11392    658356   2062332    105.72    852184    728568        20
06:07:49       123220    650240   1003168     51.42     11392    658356   2062332    105.72    852184    728568        20
06:07:50       123220    650240   1003168     51.42     11392    658356   2062332    105.72    852184    728568        20
06:07:51       123220    650240   1003168     51.42     11392    658356   2062332    105.72    852184    728568        20
06:07:52       123220    650240   1003168     51.42     11392    658356   2062332    105.72    852184    728568        20
06:07:53       123220    650240   1003168     51.42     11392    658356   2062332    105.72    852184    728568        20
06:07:54       123220    650240   1003168     51.42     11392    658356   2062396    105.72    852184    728568        20
06:07:55       123340    650360   1003048     51.42     11392    658356   2062652    105.73    852184    728568        20
06:07:56       123348    650368   1003040     51.42     11392    658356   2062652    105.73    852184    728568        20
06:07:57       123348    650368   1003040     51.42     11392    658356   2062652    105.73    852184    728568        20
06:07:58       123348    650372   1003040     51.42     11392    658356   2062652    105.73    852284    728572        16
06:07:59       123348    650372   1003040     51.42     11392    658356   2062652    105.73    852284    728572        16
06:08:00       123348    650372   1003040     51.42     11392    658356   2062652    105.73    852420    728572        12
06:08:01       123348    650372   1003040     51.42     11392    658356   2062652    105.73    852420    728572        12
06:08:02       123348    650372   1003036     51.42     11392    658360   2062652    105.73    852420    728572        16
06:08:03       123348    650372   1003036     51.42     11392    658360   2062716    105.74    852420    728572        16
06:08:04       123348    650372   1003036     51.42     11392    658360   2062716    105.74    852420    728572        16
06:08:05       123348    650372   1003036     51.42     11392    658360   2062716    105.74    852420    728572        16
06:08:06       123348    650372   1003036     51.42     11392    658360   2062716    105.74    852420    728572        16
06:08:07       123348    650372   1003036     51.42     11392    658360   2062716    105.74    852420    728572        16
06:08:08       123348    650372   1003032     51.42     11392    658364   2062716    105.74    852420    728572        20
06:08:09       123348    650372   1003032     51.42     11392    658364   2062716    105.74    852420    728572        20
06:08:10       123348    650372   1003032     51.42     11392    658364   2062716    105.74    852420    728572        20
06:08:11       123348    650372   1003032     51.42     11392    658364   2062716    105.74    852420    728572        20
06:08:12       123348    650372   1003032     51.42     11392    658364   2062780    105.74    852420    728572        20
06:08:13       123348    650372   1003032     51.42     11392    658364   2062780    105.74    852420    728572        20
06:08:14       123348    650372   1003032     51.42     11392    658364   2062780    105.74    852420    728572        20
06:08:15       123348    650376   1003032     51.42     11392    658364   2062780    105.74    852540    728576        20
06:08:16       123348    650376   1003032     51.42     11392    658364   2062780    105.74    852540    728576        20
06:08:17       123348    650384   1003028     51.42     11416    658344   2062780    105.74    852644    728584        20
06:08:18       123348    650404   1003004     51.42     11416    658368   2062780    105.74    852676    728604        60
06:08:19       123348    650404   1003004     51.42     11416    658368   2062780    105.74    852676    728604        60
06:08:20       123348    650404   1003004     51.42     11416    658368   2062844    105.74    852676    728604        60
06:08:21       123348    650404   1003004     51.42     11416    658368   2062844    105.74    852760    728604        60
06:08:22       123348    650408   1003004     51.42     11416    658368   2062844    105.74    852920    728608        60
06:08:23       123348    650408   1003004     51.42     11416    658368   2062844    105.74    852920    728608        60
06:08:24       123348    650408   1003004     51.42     11416    658368   2063100    105.76    852920    728608        60
06:08:25       123348    650408   1003004     51.42     11416    658368   2063100    105.76    853088    728608        60
06:08:26       123348    650408   1003004     51.42     11416    658368   2063356    105.77    853168    728608        60
06:08:27       123348    650408   1003004     51.42     11416    658368   2063356    105.77    853168    728608        60
06:08:28       123348    650408   1003000     51.42     11416    658372   2063420    105.77    853168    728608        64
06:08:29       123348    650408   1003000     51.42     11416    658372   2063420    105.77    853292    728608        64
06:08:30       123348    650412   1003000     51.42     11416    658372   2063420    105.77    853412    728612        68
06:08:31       123348    650412   1003000     51.42     11416    658372   2063420    105.77    853468    728612        48
06:08:32       123348    650412   1003000     51.42     11416    658372   2063420    105.77    853468    728612        48
06:08:33       123348    650412   1003000     51.42     11416    658372   2063420    105.77    853468    728612        48

Average:       161762    688786    964624     49.45     11392    658359   2024184    103.76    813966    728572        37
