Linux 7.0.0-1008-aws (ip-172-31-31-224) 	08/07/26 	_x86_64_	(2 CPU)

06:07:28        IFACE   rxpck/s   txpck/s    rxkB/s    txkB/s   rxcmp/s   txcmp/s  rxmcst/s   %ifutil
06:07:29         ens5     38.00     36.00      3.62      5.39      0.00      0.00      0.00      0.00

06:07:29        IFACE   rxpck/s   txpck/s    rxkB/s    txkB/s   rxcmp/s   txcmp/s  rxmcst/s   %ifutil
06:07:30         ens5     33.00     27.00      3.38      4.22      0.00      0.00      0.00      0.00

06:07:30        IFACE   rxpck/s   txpck/s    rxkB/s    txkB/s   rxcmp/s   txcmp/s  rxmcst/s   %ifutil
06:07:31         ens5     31.00     28.00      2.98      4.54      0.00      0.00      0.00      0.00

06:07:31        IFACE   rxpck/s   txpck/s    rxkB/s    txkB/s   rxcmp/s   txcmp/s  rxmcst/s   %ifutil
06:07:32         ens5      8.00      8.00      0.41      1.72      0.00      0.00      0.00      0.00

06:07:32        IFACE   rxpck/s   txpck/s    rxkB/s    txkB/s   rxcmp/s   txcmp/s  rxmcst/s   %ifutil
06:07:33         ens5      3.00      3.00      0.15      0.66      0.00      0.00      0.00      0.00

06:07:33        IFACE   rxpck/s   txpck/s    rxkB/s    txkB/s   rxcmp/s   txcmp/s  rxmcst/s   %ifutil
06:07:34         ens5     11.00     11.00      0.56      2.30      0.00      0.00      0.00      0.00

06:07:34        IFACE   rxpck/s   txpck/s    rxkB/s    txkB/s   rxcmp/s   txcmp/s  rxmcst/s   %ifutil
06:07:35         ens5      5.00      5.00      0.25      1.10      0.00      0.00      0.00      0.00

06:07:35        IFACE   rxpck/s   txpck/s    rxkB/s    txkB/s   rxcmp/s   txcmp/s  rxmcst/s   %ifutil
06:07:36         ens5      5.00      6.00      0.25      1.28      0.00      0.00      0.00      0.00

06:07:36        IFACE   rxpck/s   txpck/s    rxkB/s    txkB/s   rxcmp/s   txcmp/s  rxmcst/s   %ifutil
06:07:37         ens5      3.00      2.00      0.34      0.15      0.00      0.00      0.00      0.00

06:07:37        IFACE   rxpck/s   txpck/s    rxkB/s    txkB/s   rxcmp/s   txcmp/s  rxmcst/s   %ifutil
06:07:38         ens5     86.00     62.00     49.90     33.15      0.00      0.00      0.00      0.00

06:07:38        IFACE   rxpck/s   txpck/s    rxkB/s    txkB/s   rxcmp/s   txcmp/s  rxmcst/s   %ifutil
06:07:39         ens5    133.00     95.00     79.01     49.26      0.00      0.00      0.00      0.00

06:07:39        IFACE   rxpck/s   txpck/s    rxkB/s    txkB/s   rxcmp/s   txcmp/s  rxmcst/s   %ifutil
06:07:40         ens5    134.00     97.00     79.67     49.89      0.00      0.00      0.00      0.00

06:07:40        IFACE   rxpck/s   txpck/s    rxkB/s    txkB/s   rxcmp/s   txcmp/s  rxmcst/s   %ifutil
06:07:41         ens5    129.00     94.00     77.50     49.03      0.00      0.00      0.00      0.00

06:07:41        IFACE   rxpck/s   txpck/s    rxkB/s    txkB/s   rxcmp/s   txcmp/s  rxmcst/s   %ifutil
06:07:42         ens5    134.00     97.00     79.67     49.86      0.00      0.00      0.00      0.00

06:07:42        IFACE   rxpck/s   txpck/s    rxkB/s    txkB/s   rxcmp/s   txcmp/s  rxmcst/s   %ifutil
06:07:43         ens5    133.00     95.00     79.01     49.25      0.00      0.00      0.00      0.00

06:07:43        IFACE   rxpck/s   txpck/s    rxkB/s    txkB/s   rxcmp/s   txcmp/s  rxmcst/s   %ifutil
06:07:44         ens5    131.00     93.00     76.89     47.50      0.00      0.00      0.00      0.00

06:07:44        IFACE   rxpck/s   txpck/s    rxkB/s    txkB/s   rxcmp/s   txcmp/s  rxmcst/s   %ifutil
06:07:45         ens5    133.00     96.00     79.23     49.60      0.00      0.00      0.00      0.00

06:07:45        IFACE   rxpck/s   txpck/s    rxkB/s    txkB/s   rxcmp/s   txcmp/s  rxmcst/s   %ifutil
06:07:46         ens5    136.00     98.00     80.11     50.29      0.00      0.00      0.00      0.00

06:07:46        IFACE   rxpck/s   txpck/s    rxkB/s    txkB/s   rxcmp/s   txcmp/s  rxmcst/s   %ifutil
06:07:47         ens5    135.00     99.00     80.06     50.66      0.00      0.00      0.00      0.00

06:07:47        IFACE   rxpck/s   txpck/s    rxkB/s    txkB/s   rxcmp/s   txcmp/s  rxmcst/s   %ifutil
06:07:48         ens5    116.00     95.00     78.08     49.25      0.00      0.00      0.00      0.00

06:07:48        IFACE   rxpck/s   txpck/s    rxkB/s    txkB/s   rxcmp/s   txcmp/s  rxmcst/s   %ifutil
06:07:49         ens5    113.00     95.00     77.97     49.22      0.00      0.00      0.00      0.00

06:07:49        IFACE   rxpck/s   txpck/s    rxkB/s    txkB/s   rxcmp/s   txcmp/s  rxmcst/s   %ifutil
06:07:50         ens5    116.00     98.00     78.77     50.05      0.00      0.00      0.00      0.00

06:07:50        IFACE   rxpck/s   txpck/s    rxkB/s    txkB/s   rxcmp/s   txcmp/s  rxmcst/s   %ifutil
06:07:51         ens5    112.00     94.00     76.68     49.10      0.00      0.00      0.00      0.00

06:07:51        IFACE   rxpck/s   txpck/s    rxkB/s    txkB/s   rxcmp/s   txcmp/s  rxmcst/s   %ifutil
06:07:52         ens5    114.00     95.00     78.04     49.21      0.00      0.00      0.00      0.00

06:07:52        IFACE   rxpck/s   txpck/s    rxkB/s    txkB/s   rxcmp/s   txcmp/s  rxmcst/s   %ifutil
06:07:53         ens5    112.00     92.00     75.43     46.92      0.00      0.00      0.00      0.00

06:07:53        IFACE   rxpck/s   txpck/s    rxkB/s    txkB/s   rxcmp/s   txcmp/s  rxmcst/s   %ifutil
06:07:54         ens5    129.00     96.00     78.83     49.40      0.00      0.00      0.00      0.00

06:07:54        IFACE   rxpck/s   txpck/s    rxkB/s    txkB/s   rxcmp/s   txcmp/s  rxmcst/s   %ifutil
06:07:55         ens5    133.00     95.00     79.00     49.25      0.00      0.00      0.00      0.00

06:07:55        IFACE   rxpck/s   txpck/s    rxkB/s    txkB/s   rxcmp/s   txcmp/s  rxmcst/s   %ifutil
06:07:56         ens5    133.00     95.00     78.98     49.25      0.00      0.00      0.00      0.00

06:07:56        IFACE   rxpck/s   txpck/s    rxkB/s    txkB/s   rxcmp/s   txcmp/s  rxmcst/s   %ifutil
06:07:57         ens5    132.00     96.00     78.93     49.58      0.00      0.00      0.00      0.00

06:07:57        IFACE   rxpck/s   txpck/s    rxkB/s    txkB/s   rxcmp/s   txcmp/s  rxmcst/s   %ifutil
06:07:58         ens5    129.00     90.00     77.67     46.62      0.00      0.00      0.00      0.00

06:07:58        IFACE   rxpck/s   txpck/s    rxkB/s    txkB/s   rxcmp/s   txcmp/s  rxmcst/s   %ifutil
06:07:59         ens5    131.00     96.00     76.65     49.57      0.00      0.00      0.00      0.00

06:07:59        IFACE   rxpck/s   txpck/s    rxkB/s    txkB/s   rxcmp/s   txcmp/s  rxmcst/s   %ifutil
06:08:00         ens5    125.00     91.00     75.00     47.02      0.00      0.00      0.00      0.00

06:08:00        IFACE   rxpck/s   txpck/s    rxkB/s    txkB/s   rxcmp/s   txcmp/s  rxmcst/s   %ifutil
06:08:01         ens5    128.00     91.00     75.00     46.76      0.00      0.00      0.00      0.00

06:08:01        IFACE   rxpck/s   txpck/s    rxkB/s    txkB/s   rxcmp/s   txcmp/s  rxmcst/s   %ifutil
06:08:02         ens5    112.00     80.00     66.54     41.48      0.00      0.00      0.00      0.00

06:08:02        IFACE   rxpck/s   txpck/s    rxkB/s    txkB/s   rxcmp/s   txcmp/s  rxmcst/s   %ifutil
06:08:03         ens5    134.00     96.00     79.06     49.38      0.00      0.00      0.00      0.00

06:08:03        IFACE   rxpck/s   txpck/s    rxkB/s    txkB/s   rxcmp/s   txcmp/s  rxmcst/s   %ifutil
06:08:04         ens5    133.00     95.00     78.98     49.23      0.00      0.00      0.00      0.00

06:08:04        IFACE   rxpck/s   txpck/s    rxkB/s    txkB/s   rxcmp/s   txcmp/s  rxmcst/s   %ifutil
06:08:05         ens5    131.00     95.00     78.82     49.23      0.00      0.00      0.00      0.00

06:08:05        IFACE   rxpck/s   txpck/s    rxkB/s    txkB/s   rxcmp/s   txcmp/s  rxmcst/s   %ifutil
06:08:06         ens5    134.00     96.00     79.38     49.64      0.00      0.00      0.00      0.00

06:08:06        IFACE   rxpck/s   txpck/s    rxkB/s    txkB/s   rxcmp/s   txcmp/s  rxmcst/s   %ifutil
06:08:07         ens5    131.00     96.00     79.05     49.63      0.00      0.00      0.00      0.00

06:08:07        IFACE   rxpck/s   txpck/s    rxkB/s    txkB/s   rxcmp/s   txcmp/s  rxmcst/s   %ifutil
06:08:08         ens5    131.00     94.00     77.66     49.13      0.00      0.00      0.00      0.00

06:08:08        IFACE   rxpck/s   txpck/s    rxkB/s    txkB/s   rxcmp/s   txcmp/s  rxmcst/s   %ifutil
06:08:09         ens5    133.00     96.00     79.04     49.34      0.00      0.00      0.00      0.00

06:08:09        IFACE   rxpck/s   txpck/s    rxkB/s    txkB/s   rxcmp/s   txcmp/s  rxmcst/s   %ifutil
06:08:10         ens5    129.00     91.00     76.16     46.82      0.00      0.00      0.00      0.00

06:08:10        IFACE   rxpck/s   txpck/s    rxkB/s    txkB/s   rxcmp/s   txcmp/s  rxmcst/s   %ifutil
06:08:11         ens5    133.00     95.00     79.01     49.30      0.00      0.00      0.00      0.00

06:08:11        IFACE   rxpck/s   txpck/s    rxkB/s    txkB/s   rxcmp/s   txcmp/s  rxmcst/s   %ifutil
06:08:12         ens5    136.00     99.00     80.10     50.41      0.00      0.00      0.00      0.00

06:08:12        IFACE   rxpck/s   txpck/s    rxkB/s    txkB/s   rxcmp/s   txcmp/s  rxmcst/s   %ifutil
06:08:13         ens5    132.00     95.00     78.96     49.24      0.00      0.00      0.00      0.00

06:08:13        IFACE   rxpck/s   txpck/s    rxkB/s    txkB/s   rxcmp/s   txcmp/s  rxmcst/s   %ifutil
06:08:14         ens5    128.00     94.00     75.75     47.82      0.00      0.00      0.00      0.00

06:08:14        IFACE   rxpck/s   txpck/s    rxkB/s    txkB/s   rxcmp/s   txcmp/s  rxmcst/s   %ifutil
06:08:15         ens5    129.00     96.00     78.67     49.33      0.00      0.00      0.00      0.00

06:08:15        IFACE   rxpck/s   txpck/s    rxkB/s    txkB/s   rxcmp/s   txcmp/s  rxmcst/s   %ifutil
06:08:16         ens5    115.00     96.00     78.41     49.61      0.00      0.00      0.00      0.00

06:08:16        IFACE   rxpck/s   txpck/s    rxkB/s    txkB/s   rxcmp/s   txcmp/s  rxmcst/s   %ifutil
06:08:17         ens5    115.00     97.00     78.77     50.03      0.00      0.00      0.00      0.00

06:08:17        IFACE   rxpck/s   txpck/s    rxkB/s    txkB/s   rxcmp/s   txcmp/s  rxmcst/s   %ifutil
06:08:18         ens5    118.00    100.00     79.19     50.74      0.00      0.00      0.00      0.00

06:08:18        IFACE   rxpck/s   txpck/s    rxkB/s    txkB/s   rxcmp/s   txcmp/s  rxmcst/s   %ifutil
06:08:19         ens5    114.00     97.00     78.20     50.01      0.00      0.00      0.00      0.00

06:08:19        IFACE   rxpck/s   txpck/s    rxkB/s    txkB/s   rxcmp/s   txcmp/s  rxmcst/s   %ifutil
06:08:20         ens5    114.00     98.00     78.34     50.00      0.00      0.00      0.00      0.00

06:08:20        IFACE   rxpck/s   txpck/s    rxkB/s    txkB/s   rxcmp/s   txcmp/s  rxmcst/s   %ifutil
06:08:21         ens5    114.00     96.00     78.04     49.62      0.00      0.00      0.00      0.00

06:08:21        IFACE   rxpck/s   txpck/s    rxkB/s    txkB/s   rxcmp/s   txcmp/s  rxmcst/s   %ifutil
06:08:22         ens5    117.00     99.00     78.83     50.10      0.00      0.00      0.00      0.00

06:08:22        IFACE   rxpck/s   txpck/s    rxkB/s    txkB/s   rxcmp/s   txcmp/s  rxmcst/s   %ifutil
06:08:23         ens5    113.00     95.00     77.03     49.43      0.00      0.00      0.00      0.00

06:08:23        IFACE   rxpck/s   txpck/s    rxkB/s    txkB/s   rxcmp/s   txcmp/s  rxmcst/s   %ifutil
06:08:24         ens5    109.90     91.09     74.85     46.71      0.00      0.00      0.00      0.00

06:08:24        IFACE   rxpck/s   txpck/s    rxkB/s    txkB/s   rxcmp/s   txcmp/s  rxmcst/s   %ifutil
06:08:25         ens5    115.00     96.00     78.12     49.34      0.00      0.00      0.00      0.00

06:08:25        IFACE   rxpck/s   txpck/s    rxkB/s    txkB/s   rxcmp/s   txcmp/s  rxmcst/s   %ifutil
06:08:26         ens5    114.00     98.00     78.51     50.03      0.00      0.00      0.00      0.00

06:08:26        IFACE   rxpck/s   txpck/s    rxkB/s    txkB/s   rxcmp/s   txcmp/s  rxmcst/s   %ifutil
06:08:27         ens5    114.00     97.00     78.27     49.97      0.00      0.00      0.00      0.00

06:08:27        IFACE   rxpck/s   txpck/s    rxkB/s    txkB/s   rxcmp/s   txcmp/s  rxmcst/s   %ifutil
06:08:28         ens5    114.00     98.00     78.28     50.32      0.00      0.00      0.00      0.00

06:08:28        IFACE   rxpck/s   txpck/s    rxkB/s    txkB/s   rxcmp/s   txcmp/s  rxmcst/s   %ifutil
06:08:29         ens5    115.00    101.00     78.37     51.11      0.00      0.00      0.00      0.00

06:08:29        IFACE   rxpck/s   txpck/s    rxkB/s    txkB/s   rxcmp/s   txcmp/s  rxmcst/s   %ifutil
06:08:30         ens5    114.00     98.00     78.02     50.32      0.00      0.00      0.00      0.00

06:08:30        IFACE   rxpck/s   txpck/s    rxkB/s    txkB/s   rxcmp/s   txcmp/s  rxmcst/s   %ifutil
06:08:31         ens5     80.00     68.00     54.03     34.47      0.00      0.00      0.00      0.00

06:08:31        IFACE   rxpck/s   txpck/s    rxkB/s    txkB/s   rxcmp/s   txcmp/s  rxmcst/s   %ifutil
06:08:32         ens5      0.00      0.00      0.00      0.00      0.00      0.00      0.00      0.00

06:08:32        IFACE   rxpck/s   txpck/s    rxkB/s    txkB/s   rxcmp/s   txcmp/s  rxmcst/s   %ifutil
06:08:33         ens5      0.00      0.00      0.00      0.00      0.00      0.00      0.00      0.00


Average:        IFACE   rxpck/s   txpck/s    rxkB/s    txkB/s   rxcmp/s   txcmp/s  rxmcst/s   %ifutil
Average:         ens5    104.09     80.22     64.16     40.66      0.00      0.00      0.00      0.00
