Linux 7.0.0-1010-aws (ip-172-31-20-134) 	08/11/26 	_x86_64_	(2 CPU)

17:20:36    kbmemfree   kbavail kbmemused  %memused kbbuffers  kbcached  kbcommit   %commit  kbactive   kbinact   kbdirty
17:20:37        95876   1311732    381720     19.57     31184   1295764   1470180     75.36    996696    600076       624
17:20:38        95876   1311732    381720     19.57     31184   1295764   1470180     75.36    996696    600076       624
17:20:39        95876   1311732    381720     19.57     31184   1295764   1470180     75.36    996696    600076       624
17:20:40        95876   1311732    381720     19.57     31184   1295764   1470180     75.36    996696    600076       540
17:20:41        95876   1311732    381716     19.57     31184   1295768   1470180     75.36    996708    600076       544
17:20:42        95876   1311732    381716     19.57     31184   1295768   1470180     75.36    996708    600076       544
17:20:43        95876   1311732    381716     19.57     31184   1295768   1470180     75.36    996708    600076       544
17:20:44        95624   1311484    381960     19.58     31184   1295776   1471420     75.42    998368    600080       552
17:20:45        95624   1311536    381916     19.58     31184   1295820   1471420     75.42    998476    600132       308
17:20:46        95624   1311536    381916     19.58     31184   1295820   1471420     75.42    998476    600132       308
17:20:47        94868   1310784    382668     19.61     31184   1295824   1484076     76.07   1000140    600136       312
17:20:48        93116   1309068    384384     19.70     31184   1295860   1534940     78.68   1003952    600172       348
17:20:49        89100   1305928    387500     19.86     31184   1296712   1721848     88.26   1011628    601020      1156
17:20:50        89100   1306216    387212     19.85     31184   1297000   1722624     88.30   1010264    601308      1444
17:20:51        89100   1306240    387076     19.84     31184   1297128   1722624     88.30   1010448    601328      1572
17:20:52        89100   1306240    387064     19.84     31184   1297140   1722624     88.30   1010448    601328      1588
17:20:53        89100   1306240    387064     19.84     31184   1297140   1722624     88.30   1010448    601328      1588
17:20:54        89100   1306240    387064     19.84     31184   1297140   1722624     88.30   1010448    601328      1588
17:20:55        89100   1306412    387016     19.84     31232   1297140   1722624     88.30   1010432    601500      1928
17:20:56        89100   1306412    387016     19.84     31232   1297140   1722624     88.30   1010432    601500      1928
17:20:57        89100   1306412    387008     19.84     31232   1297148   1722624     88.30   1010432    601500      1936
17:20:58        89100   1306412    387008     19.84     31232   1297148   1722624     88.30   1010432    601500      1936
17:20:59        89100   1306420    387000     19.84     31232   1297156   1722624     88.30   1010532    601508      1944
17:21:00        89100   1306420    387000     19.84     31232   1297156   1722624     88.30   1010532    601508      1944
17:21:01        89100   1306420    387000     19.84     31232   1297156   1722624     88.30   1010532    601508      1944
17:21:02        89100   1306420    386996     19.84     31232   1297160   1722624     88.30   1010532    601508      1948

Average:        92053   1308652    384765     19.72     31199   1296497   1609250     82.49   1004764    600802      1166
