Linux 7.0.0-1010-aws (ip-172-31-20-134) 	08/11/26 	_x86_64_	(2 CPU)

17:20:36        IFACE   rxpck/s   txpck/s    rxkB/s    txkB/s   rxcmp/s   txcmp/s  rxmcst/s   %ifutil
17:20:37         ens5     50.00     52.00      4.23      5.50      0.00      0.00      0.00      0.00

17:20:37        IFACE   rxpck/s   txpck/s    rxkB/s    txkB/s   rxcmp/s   txcmp/s  rxmcst/s   %ifutil
17:20:38         ens5     49.00     49.00      4.20      4.87      0.00      0.00      0.00      0.00

17:20:38        IFACE   rxpck/s   txpck/s    rxkB/s    txkB/s   rxcmp/s   txcmp/s  rxmcst/s   %ifutil
17:20:39         ens5     16.00     15.00      1.34      1.49      0.00      0.00      0.00      0.00

17:20:39        IFACE   rxpck/s   txpck/s    rxkB/s    txkB/s   rxcmp/s   txcmp/s  rxmcst/s   %ifutil
17:20:40         ens5      0.00      0.00      0.00      0.00      0.00      0.00      0.00      0.00

17:20:40        IFACE   rxpck/s   txpck/s    rxkB/s    txkB/s   rxcmp/s   txcmp/s  rxmcst/s   %ifutil
17:20:41         ens5      0.00      0.00      0.00      0.00      0.00      0.00      0.00      0.00

17:20:41        IFACE   rxpck/s   txpck/s    rxkB/s    txkB/s   rxcmp/s   txcmp/s  rxmcst/s   %ifutil
17:20:42         ens5      0.00      0.00      0.00      0.00      0.00      0.00      0.00      0.00

17:20:42        IFACE   rxpck/s   txpck/s    rxkB/s    txkB/s   rxcmp/s   txcmp/s  rxmcst/s   %ifutil
17:20:43         ens5      0.00      0.00      0.00      0.00      0.00      0.00      0.00      0.00

17:20:43        IFACE   rxpck/s   txpck/s    rxkB/s    txkB/s   rxcmp/s   txcmp/s  rxmcst/s   %ifutil
17:20:44         ens5     56.00     66.00     28.04     13.72      0.00      0.00      0.00      0.00

17:20:44        IFACE   rxpck/s   txpck/s    rxkB/s    txkB/s   rxcmp/s   txcmp/s  rxmcst/s   %ifutil
17:20:45         ens5      0.00      0.00      0.00      0.00      0.00      0.00      0.00      0.00

17:20:45        IFACE   rxpck/s   txpck/s    rxkB/s    txkB/s   rxcmp/s   txcmp/s  rxmcst/s   %ifutil
17:20:46         ens5      0.00      0.00      0.00      0.00      0.00      0.00      0.00      0.00

17:20:46        IFACE   rxpck/s   txpck/s    rxkB/s    txkB/s   rxcmp/s   txcmp/s  rxmcst/s   %ifutil
17:20:47         ens5     31.00     40.00      8.82      8.34      0.00      0.00      0.00      0.00

17:20:47        IFACE   rxpck/s   txpck/s    rxkB/s    txkB/s   rxcmp/s   txcmp/s  rxmcst/s   %ifutil
17:20:48         ens5    215.00    276.00     61.23     59.92      0.00      0.00      0.00      0.00

17:20:48        IFACE   rxpck/s   txpck/s    rxkB/s    txkB/s   rxcmp/s   txcmp/s  rxmcst/s   %ifutil
17:20:49         ens5   1063.00   1379.00    311.41    291.65      0.00      0.00      0.00      0.00

17:20:49        IFACE   rxpck/s   txpck/s    rxkB/s    txkB/s   rxcmp/s   txcmp/s  rxmcst/s   %ifutil
17:20:50         ens5    509.00    663.00    149.38    141.10      0.00      0.00      0.00      0.00

17:20:50        IFACE   rxpck/s   txpck/s    rxkB/s    txkB/s   rxcmp/s   txcmp/s  rxmcst/s   %ifutil
17:20:51         ens5     10.00     13.00      2.93      2.77      0.00      0.00      0.00      0.00

17:20:51        IFACE   rxpck/s   txpck/s    rxkB/s    txkB/s   rxcmp/s   txcmp/s  rxmcst/s   %ifutil
17:20:52         ens5      0.00      0.00      0.00      0.00      0.00      0.00      0.00      0.00

17:20:52        IFACE   rxpck/s   txpck/s    rxkB/s    txkB/s   rxcmp/s   txcmp/s  rxmcst/s   %ifutil
17:20:53         ens5      0.00      0.00      0.00      0.00      0.00      0.00      0.00      0.00

17:20:53        IFACE   rxpck/s   txpck/s    rxkB/s    txkB/s   rxcmp/s   txcmp/s  rxmcst/s   %ifutil
17:20:54         ens5      1.00      1.00      0.07      0.09      0.00      0.00      0.00      0.00

17:20:54        IFACE   rxpck/s   txpck/s    rxkB/s    txkB/s   rxcmp/s   txcmp/s  rxmcst/s   %ifutil
17:20:55         ens5     10.00     10.00      5.11      2.48      0.00      0.00      0.00      0.00

17:20:55        IFACE   rxpck/s   txpck/s    rxkB/s    txkB/s   rxcmp/s   txcmp/s  rxmcst/s   %ifutil
17:20:56         ens5      0.00      0.00      0.00      0.00      0.00      0.00      0.00      0.00

17:20:56        IFACE   rxpck/s   txpck/s    rxkB/s    txkB/s   rxcmp/s   txcmp/s  rxmcst/s   %ifutil
17:20:57         ens5      0.00      0.00      0.00      0.00      0.00      0.00      0.00      0.00

17:20:57        IFACE   rxpck/s   txpck/s    rxkB/s    txkB/s   rxcmp/s   txcmp/s  rxmcst/s   %ifutil
17:20:58         ens5      0.00      0.00      0.00      0.00      0.00      0.00      0.00      0.00

17:20:58        IFACE   rxpck/s   txpck/s    rxkB/s    txkB/s   rxcmp/s   txcmp/s  rxmcst/s   %ifutil
17:20:59         ens5      0.00      0.00      0.00      0.00      0.00      0.00      0.00      0.00

17:20:59        IFACE   rxpck/s   txpck/s    rxkB/s    txkB/s   rxcmp/s   txcmp/s  rxmcst/s   %ifutil
17:21:00         ens5      0.00      0.00      0.00      0.00      0.00      0.00      0.00      0.00

17:21:00        IFACE   rxpck/s   txpck/s    rxkB/s    txkB/s   rxcmp/s   txcmp/s  rxmcst/s   %ifutil
17:21:01         ens5      0.00      0.00      0.00      0.00      0.00      0.00      0.00      0.00

17:21:01        IFACE   rxpck/s   txpck/s    rxkB/s    txkB/s   rxcmp/s   txcmp/s  rxmcst/s   %ifutil
17:21:02         ens5      0.00      0.00      0.00      0.00      0.00      0.00      0.00      0.00


Average:        IFACE   rxpck/s   txpck/s    rxkB/s    txkB/s   rxcmp/s   txcmp/s  rxmcst/s   %ifutil
Average:         ens5     77.31     98.62     22.18     20.46      0.00      0.00      0.00      0.00
