Linux 7.0.0-1010-aws (ip-172-31-31-224) 	08/11/26 	_x86_64_	(2 CPU)

07:15:36    kbmemfree   kbavail kbmemused  %memused kbbuffers  kbcached  kbcommit   %commit  kbactive   kbinact   kbdirty
07:15:37       761844   1285148    445712     22.85     15484    649772   1602212     82.13    373780    638160       224
07:15:38       689772   1213076    517784     26.54     15484    649772   1677372     85.98    447832    638160       224
07:15:39       617196   1140504    590356     30.26     15484    649776   1743684     89.38    514528    638164       228
07:15:40       528744   1052052    678808     34.79     15484    649776   1835796     94.10    606476    638164       228
07:15:41       440292    963600    767260     39.33     15484    649776   1923720     98.61    694888    638164       228
07:15:42       399972    923280    807580     41.40     15484    649776   1969872    100.97    740584    638164       228
07:15:43       311520    834828    896032     45.93     15484    649776   2049532    105.06    821260    638164       104
07:15:44       175944    699316   1031544     52.88     15484    649840   2190860    112.30    961076    638176       116
07:15:45       175944    699316   1031544     52.88     15484    649840   2190860    112.30    961152    638176       116
07:15:46       175944    699316   1031520     52.87     15508    649840   2190860    112.30    961224    638176       152
07:15:47       175944    699316   1031520     52.87     15508    649840   2190860    112.30    961224    638176       152
07:15:48       175944    699316   1031520     52.87     15508    649840   2190860    112.30    961224    638176        40
07:15:49       175944    699316   1031516     52.87     15508    649844   2190860    112.30    961224    638176        44
07:15:50       175944    699316   1031516     52.87     15508    649844   2190860    112.30    961224    638176        44
07:15:51       175944    699316   1031516     52.87     15508    649844   2190860    112.30    961844    638176        44
07:15:52       175944    699316   1031516     52.87     15508    649844   2190860    112.30    961844    638176        44
07:15:53       175944    699316   1031516     52.87     15508    649844   2190860    112.30    961844    638176        44
07:15:54       175944    699316   1031516     52.87     15508    649844   2190860    112.30    961844    638176        44
07:15:55       175944    699316   1031512     52.87     15508    649848   2190860    112.30    961844    638176        48
07:15:56       175944    699316   1031512     52.87     15508    649848   2190860    112.30    961844    638176        48
07:15:57       175944    699316   1031508     52.87     15508    649852   2190860    112.30    961844    638176        52
07:15:58       175944    699316   1031508     52.87     15508    649852   2190860    112.30    961676    638176        52
07:15:59       175944    699352   1031496     52.87     15508    649864   2190860    112.30    961704    638212        64
07:16:00       175944    699360   1031496     52.87     15508    649864   2190860    112.30    961704    638220        16
07:16:01       175944    699360   1031496     52.87     15508    649864   2190860    112.30    961704    638220        16
07:16:02       175944    699360   1031496     52.87     15508    649864   2190860    112.30    961704    638220        16
07:16:03       175944    699360   1031496     52.87     15508    649864   2190860    112.30    961704    638220        16

Average:       269193    792556    938289     48.10     15500    649830   2097014    107.49    867807    638180        97
