Linux 7.0.0-1010-aws (ip-172-31-31-224) 	08/11/26 	_x86_64_	(2 CPU)

07:27:08    kbmemfree   kbavail kbmemused  %memused kbbuffers  kbcached  kbcommit   %commit  kbactive   kbinact   kbdirty
07:27:09       748572   1288580    442256     22.67     16648    665312   1610712     82.56    403488    618636       296
07:27:10       676500   1216512    514324     26.36     16648    665316   1677872     86.01    475076    618640       300
07:27:11       603924   1143936    586900     30.08     16648    665316   1756472     90.03    551212    618640       300
07:27:12       515472   1055484    675352     34.62     16648    665316   1840456     94.34    636960    618640       300
07:27:13       443148    983160    747676     38.32     16648    665316   1915516     98.19    709436    618640       300
07:27:14       378636    918656    812180     41.63     16648    665324   1977924    101.39    775424    618648       308
07:27:15       282624    822648    908188     46.55     16648    665328   2078712    106.55    872016    618652        28
07:27:16       201984    742008    988828     50.69     16648    665328   2153536    110.39    947600    618652        28
07:27:17       137472    677496   1053316     53.99     16672    665328   2211920    113.38   1008156    618652       136
07:27:18       137472    677528   1053308     53.99     16680    665328   2211920    113.38   1008424    618684       140
07:27:19       137472    677528   1053308     53.99     16680    665328   2211920    113.38   1008508    618684       124
07:27:20       137472    677528   1053304     53.99     16680    665332   2211920    113.38   1008508    618684       132
07:27:21       137472    677528   1053304     53.99     16680    665332   2211920    113.38   1008508    618684       132
07:27:22       137472    677528   1053304     53.99     16680    665332   2211920    113.38   1009128    618684       132
07:27:23       137600    677656   1053176     53.98     16680    665332   2211920    113.38   1009128    618684       132
07:27:24       137600    677656   1053176     53.98     16680    665332   2211920    113.38   1009128    618684       132
07:27:25       137728    677784   1053044     53.98     16680    665336   2211920    113.38   1009252    618684       136
07:27:26       137728    677784   1053044     53.98     16680    665336   2211920    113.38   1009252    618684       136
07:27:27       137728    677784   1053044     53.98     16680    665336   2211920    113.38   1009252    618684       136
07:27:28       137728    677784   1053044     53.98     16680    665336   2211920    113.38   1009252    618684       136
07:27:29       137728    677792   1053032     53.98     16680    665348   2211920    113.38   1009032    618692       148

Average:       268549    808589    922243     47.27     16667    665328   2084103    106.83    880321    618667       172
