Linux 7.0.0-1008-aws (ip-172-31-20-134) 	08/07/26 	_x86_64_	(2 CPU)

11:27:05        IFACE   rxpck/s   txpck/s    rxkB/s    txkB/s   rxcmp/s   txcmp/s  rxmcst/s   %ifutil
11:27:06         ens5     54.00     55.00      4.56      5.77      0.00      0.00      0.00      0.00

11:27:06        IFACE   rxpck/s   txpck/s    rxkB/s    txkB/s   rxcmp/s   txcmp/s  rxmcst/s   %ifutil
11:27:07         ens5     52.00     50.00      4.40      4.98      0.00      0.00      0.00      0.00

11:27:07        IFACE   rxpck/s   txpck/s    rxkB/s    txkB/s   rxcmp/s   txcmp/s  rxmcst/s   %ifutil
11:27:08         ens5     49.00     49.00      4.21      4.88      0.00      0.00      0.00      0.00

11:27:08        IFACE   rxpck/s   txpck/s    rxkB/s    txkB/s   rxcmp/s   txcmp/s  rxmcst/s   %ifutil
11:27:09         ens5      2.00      1.00      0.26      0.22      0.00      0.00      0.00      0.00

11:27:09        IFACE   rxpck/s   txpck/s    rxkB/s    txkB/s   rxcmp/s   txcmp/s  rxmcst/s   %ifutil
11:27:10         ens5      0.00      0.00      0.00      0.00      0.00      0.00      0.00      0.00

11:27:10        IFACE   rxpck/s   txpck/s    rxkB/s    txkB/s   rxcmp/s   txcmp/s  rxmcst/s   %ifutil
11:27:11         ens5      0.00      0.00      0.00      0.00      0.00      0.00      0.00      0.00

11:27:11        IFACE   rxpck/s   txpck/s    rxkB/s    txkB/s   rxcmp/s   txcmp/s  rxmcst/s   %ifutil
11:27:12         ens5      0.00      0.00      0.00      0.00      0.00      0.00      0.00      0.00

11:27:12        IFACE   rxpck/s   txpck/s    rxkB/s    txkB/s   rxcmp/s   txcmp/s  rxmcst/s   %ifutil
11:27:13         ens5     56.00     62.00     42.96     45.38      0.00      0.00      0.00      0.00

11:27:13        IFACE   rxpck/s   txpck/s    rxkB/s    txkB/s   rxcmp/s   txcmp/s  rxmcst/s   %ifutil
11:27:14         ens5    133.00    149.00    108.10    114.38      0.00      0.00      0.00      0.00

11:27:14        IFACE   rxpck/s   txpck/s    rxkB/s    txkB/s   rxcmp/s   txcmp/s  rxmcst/s   %ifutil
11:27:15         ens5    133.00    145.00    108.10    112.67      0.00      0.00      0.00      0.00

11:27:15        IFACE   rxpck/s   txpck/s    rxkB/s    txkB/s   rxcmp/s   txcmp/s  rxmcst/s   %ifutil
11:27:16         ens5    133.00    146.00    108.14    112.83      0.00      0.00      0.00      0.00

11:27:16        IFACE   rxpck/s   txpck/s    rxkB/s    txkB/s   rxcmp/s   txcmp/s  rxmcst/s   %ifutil
11:27:17         ens5    135.00    147.00    110.68    115.48      0.00      0.00      0.00      0.00

11:27:17        IFACE   rxpck/s   txpck/s    rxkB/s    txkB/s   rxcmp/s   txcmp/s  rxmcst/s   %ifutil
11:27:18         ens5    137.00    149.00    110.27    114.65      0.00      0.00      0.00      0.00

11:27:18        IFACE   rxpck/s   txpck/s    rxkB/s    txkB/s   rxcmp/s   txcmp/s  rxmcst/s   %ifutil
11:27:19         ens5    134.00    149.00    108.20    113.31      0.00      0.00      0.00      0.00

11:27:19        IFACE   rxpck/s   txpck/s    rxkB/s    txkB/s   rxcmp/s   txcmp/s  rxmcst/s   %ifutil
11:27:20         ens5    134.00    150.00    109.36    114.60      0.00      0.00      0.00      0.00

11:27:20        IFACE   rxpck/s   txpck/s    rxkB/s    txkB/s   rxcmp/s   txcmp/s  rxmcst/s   %ifutil
11:27:21         ens5    135.00    150.00    110.76    115.91      0.00      0.00      0.00      0.00

11:27:21        IFACE   rxpck/s   txpck/s    rxkB/s    txkB/s   rxcmp/s   txcmp/s  rxmcst/s   %ifutil
11:27:22         ens5    137.00    149.00    110.08    114.36      0.00      0.00      0.00      0.00

11:27:22        IFACE   rxpck/s   txpck/s    rxkB/s    txkB/s   rxcmp/s   txcmp/s  rxmcst/s   %ifutil
11:27:23         ens5    134.00    146.00    108.23    112.87      0.00      0.00      0.00      0.00

11:27:23        IFACE   rxpck/s   txpck/s    rxkB/s    txkB/s   rxcmp/s   txcmp/s  rxmcst/s   %ifutil
11:27:24         ens5    133.00    147.00    108.17    113.01      0.00      0.00      0.00      0.00

11:27:24        IFACE   rxpck/s   txpck/s    rxkB/s    txkB/s   rxcmp/s   txcmp/s  rxmcst/s   %ifutil
11:27:25         ens5    136.00    149.00    111.97    116.97      0.00      0.00      0.00      0.00

11:27:25        IFACE   rxpck/s   txpck/s    rxkB/s    txkB/s   rxcmp/s   txcmp/s  rxmcst/s   %ifutil
11:27:26         ens5    136.00    151.00    109.95    114.72      0.00      0.00      0.00      0.00

11:27:26        IFACE   rxpck/s   txpck/s    rxkB/s    txkB/s   rxcmp/s   txcmp/s  rxmcst/s   %ifutil
11:27:27         ens5    134.00    141.00    108.26    112.15      0.00      0.00      0.00      0.00

11:27:27        IFACE   rxpck/s   txpck/s    rxkB/s    txkB/s   rxcmp/s   txcmp/s  rxmcst/s   %ifutil
11:27:28         ens5    135.00    146.00    109.67    114.24      0.00      0.00      0.00      0.00

11:27:28        IFACE   rxpck/s   txpck/s    rxkB/s    txkB/s   rxcmp/s   txcmp/s  rxmcst/s   %ifutil
11:27:29         ens5    134.00    148.00    108.17    113.13      0.00      0.00      0.00      0.00

11:27:29        IFACE   rxpck/s   txpck/s    rxkB/s    txkB/s   rxcmp/s   txcmp/s  rxmcst/s   %ifutil
11:27:30         ens5    135.00    149.00    110.74    115.77      0.00      0.00      0.00      0.00

11:27:30        IFACE   rxpck/s   txpck/s    rxkB/s    txkB/s   rxcmp/s   txcmp/s  rxmcst/s   %ifutil
11:27:31         ens5    133.00    142.00    108.11    112.21      0.00      0.00      0.00      0.00

11:27:31        IFACE   rxpck/s   txpck/s    rxkB/s    txkB/s   rxcmp/s   txcmp/s  rxmcst/s   %ifutil
11:27:32         ens5    136.00    147.00    110.01    113.94      0.00      0.00      0.00      0.00

11:27:32        IFACE   rxpck/s   txpck/s    rxkB/s    txkB/s   rxcmp/s   txcmp/s  rxmcst/s   %ifutil
11:27:33         ens5    134.00    147.00    108.21    112.99      0.00      0.00      0.00      0.00

11:27:33        IFACE   rxpck/s   txpck/s    rxkB/s    txkB/s   rxcmp/s   txcmp/s  rxmcst/s   %ifutil
11:27:34         ens5    136.00    142.00    111.95    115.96      0.00      0.00      0.00      0.00

11:27:34        IFACE   rxpck/s   txpck/s    rxkB/s    txkB/s   rxcmp/s   txcmp/s  rxmcst/s   %ifutil
11:27:35         ens5    134.00    144.00    108.13    112.47      0.00      0.00      0.00      0.00

11:27:35        IFACE   rxpck/s   txpck/s    rxkB/s    txkB/s   rxcmp/s   txcmp/s  rxmcst/s   %ifutil
11:27:36         ens5    138.00    149.00    111.21    114.46      0.00      0.00      0.00      0.00

11:27:36        IFACE   rxpck/s   txpck/s    rxkB/s    txkB/s   rxcmp/s   txcmp/s  rxmcst/s   %ifutil
11:27:37         ens5    133.00    141.00    108.13    113.27      0.00      0.00      0.00      0.00

11:27:37        IFACE   rxpck/s   txpck/s    rxkB/s    txkB/s   rxcmp/s   txcmp/s  rxmcst/s   %ifutil
11:27:38         ens5    134.00    146.00    108.24    112.74      0.00      0.00      0.00      0.00

11:27:38        IFACE   rxpck/s   txpck/s    rxkB/s    txkB/s   rxcmp/s   txcmp/s  rxmcst/s   %ifutil
11:27:39         ens5    135.00    150.00    110.73    115.92      0.00      0.00      0.00      0.00

11:27:39        IFACE   rxpck/s   txpck/s    rxkB/s    txkB/s   rxcmp/s   txcmp/s  rxmcst/s   %ifutil
11:27:40         ens5    137.00    151.00    110.02    114.73      0.00      0.00      0.00      0.00

11:27:40        IFACE   rxpck/s   txpck/s    rxkB/s    txkB/s   rxcmp/s   txcmp/s  rxmcst/s   %ifutil
11:27:41         ens5    136.00    147.00    111.92    115.55      0.00      0.00      0.00      0.00

11:27:41        IFACE   rxpck/s   txpck/s    rxkB/s    txkB/s   rxcmp/s   txcmp/s  rxmcst/s   %ifutil
11:27:42         ens5    133.00    149.00    108.12    114.26      0.00      0.00      0.00      0.00

11:27:42        IFACE   rxpck/s   txpck/s    rxkB/s    txkB/s   rxcmp/s   txcmp/s  rxmcst/s   %ifutil
11:27:43         ens5    139.00    147.00    110.44    114.39      0.00      0.00      0.00      0.00

11:27:43        IFACE   rxpck/s   txpck/s    rxkB/s    txkB/s   rxcmp/s   txcmp/s  rxmcst/s   %ifutil
11:27:44         ens5    134.00    145.00    109.37    113.80      0.00      0.00      0.00      0.00

11:27:44        IFACE   rxpck/s   txpck/s    rxkB/s    txkB/s   rxcmp/s   txcmp/s  rxmcst/s   %ifutil
11:27:45         ens5    135.00    145.00    110.75    115.27      0.00      0.00      0.00      0.00

11:27:45        IFACE   rxpck/s   txpck/s    rxkB/s    txkB/s   rxcmp/s   txcmp/s  rxmcst/s   %ifutil
11:27:46         ens5    136.00    148.00    109.96    114.24      0.00      0.00      0.00      0.00

11:27:46        IFACE   rxpck/s   txpck/s    rxkB/s    txkB/s   rxcmp/s   txcmp/s  rxmcst/s   %ifutil
11:27:47         ens5    134.00    150.00    108.15    113.37      0.00      0.00      0.00      0.00

11:27:47        IFACE   rxpck/s   txpck/s    rxkB/s    txkB/s   rxcmp/s   txcmp/s  rxmcst/s   %ifutil
11:27:48         ens5    135.00    145.00    109.46    113.83      0.00      0.00      0.00      0.00

11:27:48        IFACE   rxpck/s   txpck/s    rxkB/s    txkB/s   rxcmp/s   txcmp/s  rxmcst/s   %ifutil
11:27:49         ens5    133.00    142.00    108.16    111.08      0.00      0.00      0.00      0.00

11:27:49        IFACE   rxpck/s   txpck/s    rxkB/s    txkB/s   rxcmp/s   txcmp/s  rxmcst/s   %ifutil
11:27:50         ens5    135.00    151.00    110.78    117.26      0.00      0.00      0.00      0.00

11:27:50        IFACE   rxpck/s   txpck/s    rxkB/s    txkB/s   rxcmp/s   txcmp/s  rxmcst/s   %ifutil
11:27:51         ens5    136.00    150.00    109.99    114.61      0.00      0.00      0.00      0.00

11:27:51        IFACE   rxpck/s   txpck/s    rxkB/s    txkB/s   rxcmp/s   txcmp/s  rxmcst/s   %ifutil
11:27:52         ens5    133.00    148.00    108.16    113.14      0.00      0.00      0.00      0.00

11:27:52        IFACE   rxpck/s   txpck/s    rxkB/s    txkB/s   rxcmp/s   txcmp/s  rxmcst/s   %ifutil
11:27:53         ens5    133.00    144.00    108.14    112.59      0.00      0.00      0.00      0.00

11:27:53        IFACE   rxpck/s   txpck/s    rxkB/s    txkB/s   rxcmp/s   txcmp/s  rxmcst/s   %ifutil
11:27:54         ens5    135.00    147.00    108.23    112.87      0.00      0.00      0.00      0.00

11:27:54        IFACE   rxpck/s   txpck/s    rxkB/s    txkB/s   rxcmp/s   txcmp/s  rxmcst/s   %ifutil
11:27:55         ens5    134.00    143.00    108.19    112.34      0.00      0.00      0.00      0.00

11:27:55        IFACE   rxpck/s   txpck/s    rxkB/s    txkB/s   rxcmp/s   txcmp/s  rxmcst/s   %ifutil
11:27:56         ens5    137.00    149.00    110.38    115.16      0.00      0.00      0.00      0.00

11:27:56        IFACE   rxpck/s   txpck/s    rxkB/s    txkB/s   rxcmp/s   txcmp/s  rxmcst/s   %ifutil
11:27:57         ens5    136.00    145.00    109.18    113.38      0.00      0.00      0.00      0.00

11:27:57        IFACE   rxpck/s   txpck/s    rxkB/s    txkB/s   rxcmp/s   txcmp/s  rxmcst/s   %ifutil
11:27:58         ens5    137.00    149.00    111.40    116.23      0.00      0.00      0.00      0.00

11:27:58        IFACE   rxpck/s   txpck/s    rxkB/s    txkB/s   rxcmp/s   txcmp/s  rxmcst/s   %ifutil
11:27:59         ens5    136.00    148.00    109.97    114.30      0.00      0.00      0.00      0.00

11:27:59        IFACE   rxpck/s   txpck/s    rxkB/s    txkB/s   rxcmp/s   txcmp/s  rxmcst/s   %ifutil
11:28:00         ens5    123.00    130.00    100.60    104.55      0.00      0.00      0.00      0.00

11:28:00        IFACE   rxpck/s   txpck/s    rxkB/s    txkB/s   rxcmp/s   txcmp/s  rxmcst/s   %ifutil
11:28:01         ens5    102.00    109.00     81.61     84.54      0.00      0.00      0.00      0.00

11:28:01        IFACE   rxpck/s   txpck/s    rxkB/s    txkB/s   rxcmp/s   txcmp/s  rxmcst/s   %ifutil
11:28:02         ens5    112.00    123.00     90.85     96.18      0.00      0.00      0.00      0.00

11:28:02        IFACE   rxpck/s   txpck/s    rxkB/s    txkB/s   rxcmp/s   txcmp/s  rxmcst/s   %ifutil
11:28:03         ens5    134.00    147.00    109.37    113.24      0.00      0.00      0.00      0.00

11:28:03        IFACE   rxpck/s   txpck/s    rxkB/s    txkB/s   rxcmp/s   txcmp/s  rxmcst/s   %ifutil
11:28:04         ens5    137.00    143.00    111.34    114.71      0.00      0.00      0.00      0.00

11:28:04        IFACE   rxpck/s   txpck/s    rxkB/s    txkB/s   rxcmp/s   txcmp/s  rxmcst/s   %ifutil
11:28:05         ens5    133.00    145.00    108.10    113.88      0.00      0.00      0.00      0.00

11:28:05        IFACE   rxpck/s   txpck/s    rxkB/s    txkB/s   rxcmp/s   txcmp/s  rxmcst/s   %ifutil
11:28:06         ens5     36.00     39.00     28.51     29.78      0.00      0.00      0.00      0.00

11:28:06        IFACE   rxpck/s   txpck/s    rxkB/s    txkB/s   rxcmp/s   txcmp/s  rxmcst/s   %ifutil
11:28:07         ens5      0.00      0.00      0.00      0.00      0.00      0.00      0.00      0.00

11:28:07        IFACE   rxpck/s   txpck/s    rxkB/s    txkB/s   rxcmp/s   txcmp/s  rxmcst/s   %ifutil
11:28:08         ens5      0.00      0.00      0.00      0.00      0.00      0.00      0.00      0.00

11:28:08        IFACE   rxpck/s   txpck/s    rxkB/s    txkB/s   rxcmp/s   txcmp/s  rxmcst/s   %ifutil
11:28:09         ens5      0.00      0.00      0.00      0.00      0.00      0.00      0.00      0.00

11:28:09        IFACE   rxpck/s   txpck/s    rxkB/s    txkB/s   rxcmp/s   txcmp/s  rxmcst/s   %ifutil
11:28:10         ens5      0.00      0.00      0.00      0.00      0.00      0.00      0.00      0.00


Average:        IFACE   rxpck/s   txpck/s    rxkB/s    txkB/s   rxcmp/s   txcmp/s  rxmcst/s   %ifutil
Average:         ens5    110.69    120.23     88.02     91.78      0.00      0.00      0.00      0.00
