Linux 7.0.0-1010-aws (ip-172-31-20-134) 	08/11/26 	_x86_64_	(2 CPU)

16:34:08        CPU     %user     %nice   %system   %iowait    %steal     %idle
16:34:09        all      1.52      0.00      1.01      0.00      0.00     97.47
16:34:10        all      0.50      0.00      0.50      0.00      0.00     99.00
16:34:11        all      0.50      0.00      0.00      0.00      0.00     99.50
16:34:12        all      0.00      0.00      0.50      0.00      0.00     99.50
16:34:13        all      0.00      0.00      0.00      0.00      0.00    100.00
16:34:14        all      5.47      0.00      1.00      0.00      0.00     93.53
16:34:15        all      0.00      0.00      0.00      0.00      0.00    100.00
16:34:16        all      2.00      0.00      1.00      0.00      0.00     97.00
16:34:17        all      0.00      0.00      0.00      0.00      0.00    100.00
16:34:18        all      0.50      0.00      0.00      0.00      0.50     99.00
16:34:19        all      0.50      0.00      0.00      0.00      0.00     99.50
16:34:20        all      1.01      0.00      1.01      0.00      0.00     97.99
16:34:21        all     25.51      0.00      2.55      0.00      0.00     71.94
16:34:22        all     71.21      0.00      8.08      0.00      0.00     20.71
16:34:23        all     51.01      0.00      4.55      0.00      0.00     44.44
16:34:24        all      2.53      0.00      0.00      0.00      0.00     97.47
16:34:25        all      0.99      0.00      0.99      0.99      0.00     97.03
16:34:26        all      0.00      0.00      0.00      0.00      0.00    100.00
16:34:27        all      0.00      0.00      0.00      0.00      0.00    100.00
16:34:28        all      0.50      0.00      0.00      0.00      0.00     99.50
16:34:29        all      5.08      0.00      1.02      0.00      0.00     93.91
16:34:30        all      0.00      0.00      1.00      0.00      0.00     99.00
16:34:31        all      1.00      0.00      0.00      0.00      0.00     99.00
16:34:32        all      0.00      0.00      0.00      0.00      0.50     99.50
16:34:33        all      0.00      0.00      0.00      0.00      0.00    100.00
16:34:34        all      0.00      0.00      0.00      0.00      0.00    100.00
16:34:35        all      0.00      0.00      0.50      0.00      0.00     99.50
16:34:36        all      0.50      0.00      0.00      0.00      0.00     99.50
16:34:37        all      1.00      0.00      0.00      0.00      0.00     99.00
16:34:38        all      0.00      0.00      0.00      0.00      0.00    100.00

Average:        all      5.68      0.00      0.79      0.03      0.03     93.47
