Linux 7.0.0-1010-aws (ip-172-31-20-134) 	08/11/26 	_x86_64_	(2 CPU)

16:34:08        IFACE   rxpck/s   txpck/s    rxkB/s    txkB/s   rxcmp/s   txcmp/s  rxmcst/s   %ifutil
16:34:09         ens5     46.00     42.00      4.07      4.92      0.00      0.00      0.00      0.00

16:34:09        IFACE   rxpck/s   txpck/s    rxkB/s    txkB/s   rxcmp/s   txcmp/s  rxmcst/s   %ifutil
16:34:10         ens5      7.00      4.00      0.53      0.43      0.00      0.00      0.00      0.00

16:34:10        IFACE   rxpck/s   txpck/s    rxkB/s    txkB/s   rxcmp/s   txcmp/s  rxmcst/s   %ifutil
16:34:11         ens5      0.00      0.00      0.00      0.00      0.00      0.00      0.00      0.00

16:34:11        IFACE   rxpck/s   txpck/s    rxkB/s    txkB/s   rxcmp/s   txcmp/s  rxmcst/s   %ifutil
16:34:12         ens5      0.00      0.00      0.00      0.00      0.00      0.00      0.00      0.00

16:34:12        IFACE   rxpck/s   txpck/s    rxkB/s    txkB/s   rxcmp/s   txcmp/s  rxmcst/s   %ifutil
16:34:13         ens5      0.00      0.00      0.00      0.00      0.00      0.00      0.00      0.00

16:34:13        IFACE   rxpck/s   txpck/s    rxkB/s    txkB/s   rxcmp/s   txcmp/s  rxmcst/s   %ifutil
16:34:14         ens5      0.00      0.00      0.00      0.00      0.00      0.00      0.00      0.00

16:34:14        IFACE   rxpck/s   txpck/s    rxkB/s    txkB/s   rxcmp/s   txcmp/s  rxmcst/s   %ifutil
16:34:15         ens5      1.00      1.00      0.07      0.09      0.00      0.00      0.00      0.00

16:34:15        IFACE   rxpck/s   txpck/s    rxkB/s    txkB/s   rxcmp/s   txcmp/s  rxmcst/s   %ifutil
16:34:16         ens5     50.00     40.00     41.58     25.15      0.00      0.00      0.00      0.00

16:34:16        IFACE   rxpck/s   txpck/s    rxkB/s    txkB/s   rxcmp/s   txcmp/s  rxmcst/s   %ifutil
16:34:17         ens5      0.00      0.00      0.00      0.00      0.00      0.00      0.00      0.00

16:34:17        IFACE   rxpck/s   txpck/s    rxkB/s    txkB/s   rxcmp/s   txcmp/s  rxmcst/s   %ifutil
16:34:18         ens5      0.00      0.00      0.00      0.00      0.00      0.00      0.00      0.00

16:34:18        IFACE   rxpck/s   txpck/s    rxkB/s    txkB/s   rxcmp/s   txcmp/s  rxmcst/s   %ifutil
16:34:19         ens5      0.00      0.00      0.00      0.00      0.00      0.00      0.00      0.00

16:34:19        IFACE   rxpck/s   txpck/s    rxkB/s    txkB/s   rxcmp/s   txcmp/s  rxmcst/s   %ifutil
16:34:20         ens5     20.00     14.00     14.25      8.80      0.00      0.00      0.00      0.00

16:34:20        IFACE   rxpck/s   txpck/s    rxkB/s    txkB/s   rxcmp/s   txcmp/s  rxmcst/s   %ifutil
16:34:21         ens5    317.00    230.00    217.44    137.60      0.00      0.00      0.00      0.00

16:34:21        IFACE   rxpck/s   txpck/s    rxkB/s    txkB/s   rxcmp/s   txcmp/s  rxmcst/s   %ifutil
16:34:22         ens5    956.00    644.00    646.75    388.77      0.00      0.00      0.00      0.00

16:34:22        IFACE   rxpck/s   txpck/s    rxkB/s    txkB/s   rxcmp/s   txcmp/s  rxmcst/s   %ifutil
16:34:23         ens5    634.00    441.00    436.36    263.26      0.00      0.00      0.00      0.00

16:34:23        IFACE   rxpck/s   txpck/s    rxkB/s    txkB/s   rxcmp/s   txcmp/s  rxmcst/s   %ifutil
16:34:24         ens5     30.00     21.00     21.36     13.18      0.00      0.00      0.00      0.00

16:34:24        IFACE   rxpck/s   txpck/s    rxkB/s    txkB/s   rxcmp/s   txcmp/s  rxmcst/s   %ifutil
16:34:25         ens5      0.00      0.00      0.00      0.00      0.00      0.00      0.00      0.00

16:34:25        IFACE   rxpck/s   txpck/s    rxkB/s    txkB/s   rxcmp/s   txcmp/s  rxmcst/s   %ifutil
16:34:26         ens5      0.00      0.00      0.00      0.00      0.00      0.00      0.00      0.00

16:34:26        IFACE   rxpck/s   txpck/s    rxkB/s    txkB/s   rxcmp/s   txcmp/s  rxmcst/s   %ifutil
16:34:27         ens5      0.00      0.00      0.00      0.00      0.00      0.00      0.00      0.00

16:34:27        IFACE   rxpck/s   txpck/s    rxkB/s    txkB/s   rxcmp/s   txcmp/s  rxmcst/s   %ifutil
16:34:28         ens5      0.00      0.00      0.00      0.00      0.00      0.00      0.00      0.00

16:34:28        IFACE   rxpck/s   txpck/s    rxkB/s    txkB/s   rxcmp/s   txcmp/s  rxmcst/s   %ifutil
16:34:29         ens5      0.00      0.00      0.00      0.00      0.00      0.00      0.00      0.00

16:34:29        IFACE   rxpck/s   txpck/s    rxkB/s    txkB/s   rxcmp/s   txcmp/s  rxmcst/s   %ifutil
16:34:30         ens5      0.00      0.00      0.00      0.00      0.00      0.00      0.00      0.00

16:34:30        IFACE   rxpck/s   txpck/s    rxkB/s    txkB/s   rxcmp/s   txcmp/s  rxmcst/s   %ifutil
16:34:31         ens5      1.00      1.00      0.07      0.09      0.00      0.00      0.00      0.00

16:34:31        IFACE   rxpck/s   txpck/s    rxkB/s    txkB/s   rxcmp/s   txcmp/s  rxmcst/s   %ifutil
16:34:32         ens5      0.00      0.00      0.00      0.00      0.00      0.00      0.00      0.00

16:34:32        IFACE   rxpck/s   txpck/s    rxkB/s    txkB/s   rxcmp/s   txcmp/s  rxmcst/s   %ifutil
16:34:33         ens5      0.00      0.00      0.00      0.00      0.00      0.00      0.00      0.00

16:34:33        IFACE   rxpck/s   txpck/s    rxkB/s    txkB/s   rxcmp/s   txcmp/s  rxmcst/s   %ifutil
16:34:34         ens5      0.00      0.00      0.00      0.00      0.00      0.00      0.00      0.00

16:34:34        IFACE   rxpck/s   txpck/s    rxkB/s    txkB/s   rxcmp/s   txcmp/s  rxmcst/s   %ifutil
16:34:35         ens5      0.00      0.00      0.00      0.00      0.00      0.00      0.00      0.00

16:34:35        IFACE   rxpck/s   txpck/s    rxkB/s    txkB/s   rxcmp/s   txcmp/s  rxmcst/s   %ifutil
16:34:36         ens5      1.00      1.00      0.03      0.04      0.00      0.00      0.00      0.00

16:34:36        IFACE   rxpck/s   txpck/s    rxkB/s    txkB/s   rxcmp/s   txcmp/s  rxmcst/s   %ifutil
16:34:37         ens5      0.00      0.00      0.00      0.00      0.00      0.00      0.00      0.00

16:34:37        IFACE   rxpck/s   txpck/s    rxkB/s    txkB/s   rxcmp/s   txcmp/s  rxmcst/s   %ifutil
16:34:38         ens5      0.00      0.00      0.00      0.00      0.00      0.00      0.00      0.00


Average:        IFACE   rxpck/s   txpck/s    rxkB/s    txkB/s   rxcmp/s   txcmp/s  rxmcst/s   %ifutil
Average:         ens5     68.77     47.97     46.08     28.08      0.00      0.00      0.00      0.00
