Linux 7.0.0-1010-aws (ip-172-31-31-224) 	08/11/26 	_x86_64_	(2 CPU)

06:57:20    kbmemfree   kbavail kbmemused  %memused kbbuffers  kbcached  kbcommit   %commit  kbactive   kbinact   kbdirty
06:57:21       703732   1305208    426096     21.84     16196    727424   1597624     81.89    395028    690232       180
06:57:22       624604   1226080    505224     25.90     16196    727424   1672784     85.74    469352    690232       180
06:57:23       552028   1153504    577800     29.62     16196    727424   1747544     89.58    543572    690232       180
06:57:24       471640   1073116    658188     33.74     16196    727424   1835368     94.08    629288    690232       180
06:57:25       399316   1000796    730508     37.44     16196    727428   1902428     97.52    698324    690236       184
06:57:26       326740    928220    803084     41.16     16196    727428   1969252    100.94    764052    690236       184
06:57:27       238288    839768    891536     45.70     16196    727428   2065696    105.88    860440    690236       184
06:57:28       101704    703184   1028120     52.70     16196    727428   2198512    112.69    992220    690236       184
06:57:29        93796    695276   1035988     53.10     16196    727436   2202992    112.92   1000836    690236       192
06:57:30        93796    695280   1035984     53.10     16196    727440   2202992    112.92   1000904    690240       136
06:57:31        93796    695280   1035984     53.10     16196    727440   2202992    112.92   1000904    690240       136
06:57:32        93796    695280   1035984     53.10     16196    727440   2202992    112.92   1000904    690240       136
06:57:33        93796    695280   1035984     53.10     16196    727440   2202992    112.92   1000904    690240       136
06:57:34        93796    695280   1035984     53.10     16196    727440   2202992    112.92   1000904    690240       136
06:57:35        93796    695280   1035980     53.10     16196    727444   2202992    112.92   1000904    690240       144
06:57:36        93796    695280   1035980     53.10     16196    727444   2202992    112.92   1000904    690240       144
06:57:37        93796    695288   1035980     53.10     16196    727444   2207088    113.13   1001440    690248       144
06:57:38        93796    695288   1035980     53.10     16196    727444   2207088    113.13   1001440    690248       144
06:57:39        93796    695288   1035980     53.10     16196    727444   2207088    113.13   1001440    690248       144
06:57:40        93796    695288   1035980     53.10     16196    727444   2207088    113.13   1001440    690248       144
06:57:41        93796    695288   1035972     53.10     16196    727452   2207088    113.13   1001440    690248       152
06:57:42        93796    695288   1035972     53.10     16196    727452   2207088    113.13   1001440    690248       152
06:57:43        93796    695288   1035972     53.10     16196    727452   2207088    113.13   1001440    690248       152
06:57:44        93796    695288   1035972     53.10     16196    727452   2207088    113.13   1001524    690248       152
06:57:45        93792    695296   1035964     53.10     16196    727464   2207088    113.13   1001664    690260       164
06:57:46        93792    695296   1035964     53.10     16196    727464   2207088    113.13   1001664    690260       164

Average:       196399    797885    933391     47.84     16196    727440   2103232    107.81    899014    690242       159
