Linux 7.0.0-1010-aws (ip-172-31-31-224) 	08/11/26 	_x86_64_	(2 CPU)

06:57:20        IFACE   rxpck/s   txpck/s    rxkB/s    txkB/s   rxcmp/s   txcmp/s  rxmcst/s   %ifutil
06:57:21         ens5     49.00     47.00      4.04      5.92      0.00      0.00      0.00      0.00

06:57:21        IFACE   rxpck/s   txpck/s    rxkB/s    txkB/s   rxcmp/s   txcmp/s  rxmcst/s   %ifutil
06:57:22         ens5     51.00     43.00      4.12      5.13      0.00      0.00      0.00      0.00

06:57:22        IFACE   rxpck/s   txpck/s    rxkB/s    txkB/s   rxcmp/s   txcmp/s  rxmcst/s   %ifutil
06:57:23         ens5      5.00      7.00      0.25      1.49      0.00      0.00      0.00      0.00

06:57:23        IFACE   rxpck/s   txpck/s    rxkB/s    txkB/s   rxcmp/s   txcmp/s  rxmcst/s   %ifutil
06:57:24         ens5      8.00      6.00      0.41      1.25      0.00      0.00      0.00      0.00

06:57:24        IFACE   rxpck/s   txpck/s    rxkB/s    txkB/s   rxcmp/s   txcmp/s  rxmcst/s   %ifutil
06:57:25         ens5      5.00      5.00      0.25      1.10      0.00      0.00      0.00      0.00

06:57:25        IFACE   rxpck/s   txpck/s    rxkB/s    txkB/s   rxcmp/s   txcmp/s  rxmcst/s   %ifutil
06:57:26         ens5      9.00     10.00      0.46      2.11      0.00      0.00      0.00      0.00

06:57:26        IFACE   rxpck/s   txpck/s    rxkB/s    txkB/s   rxcmp/s   txcmp/s  rxmcst/s   %ifutil
06:57:27         ens5      8.00      7.00      0.41      1.52      0.00      0.00      0.00      0.00

06:57:27        IFACE   rxpck/s   txpck/s    rxkB/s    txkB/s   rxcmp/s   txcmp/s  rxmcst/s   %ifutil
06:57:28         ens5      3.00      3.00      0.15      0.66      0.00      0.00      0.00      0.00

06:57:28        IFACE   rxpck/s   txpck/s    rxkB/s    txkB/s   rxcmp/s   txcmp/s  rxmcst/s   %ifutil
06:57:29         ens5      3.00      3.00      0.15      0.61      0.00      0.00      0.00      0.00

06:57:29        IFACE   rxpck/s   txpck/s    rxkB/s    txkB/s   rxcmp/s   txcmp/s  rxmcst/s   %ifutil
06:57:30         ens5     22.00     23.00      1.32     17.92      0.00      0.00      0.00      0.00

06:57:30        IFACE   rxpck/s   txpck/s    rxkB/s    txkB/s   rxcmp/s   txcmp/s  rxmcst/s   %ifutil
06:57:31         ens5      0.00      0.00      0.00      0.00      0.00      0.00      0.00      0.00

06:57:31        IFACE   rxpck/s   txpck/s    rxkB/s    txkB/s   rxcmp/s   txcmp/s  rxmcst/s   %ifutil
06:57:32         ens5      0.00      0.00      0.00      0.00      0.00      0.00      0.00      0.00

06:57:32        IFACE   rxpck/s   txpck/s    rxkB/s    txkB/s   rxcmp/s   txcmp/s  rxmcst/s   %ifutil
06:57:33         ens5      0.00      0.00      0.00      0.00      0.00      0.00      0.00      0.00

06:57:33        IFACE   rxpck/s   txpck/s    rxkB/s    txkB/s   rxcmp/s   txcmp/s  rxmcst/s   %ifutil
06:57:34         ens5    110.00    120.00      6.90     75.32      0.00      0.00      0.00      0.00

06:57:34        IFACE   rxpck/s   txpck/s    rxkB/s    txkB/s   rxcmp/s   txcmp/s  rxmcst/s   %ifutil
06:57:35         ens5    709.00    761.00     44.99    484.79      0.00      0.00      0.00      0.00

06:57:35        IFACE   rxpck/s   txpck/s    rxkB/s    txkB/s   rxcmp/s   txcmp/s  rxmcst/s   %ifutil
06:57:36         ens5    793.00    832.00     49.56    550.74      0.00      0.00      0.00      0.00

06:57:36        IFACE   rxpck/s   txpck/s    rxkB/s    txkB/s   rxcmp/s   txcmp/s  rxmcst/s   %ifutil
06:57:37         ens5     41.00     39.00      2.49     24.96      0.00      0.00      0.00      0.00

06:57:37        IFACE   rxpck/s   txpck/s    rxkB/s    txkB/s   rxcmp/s   txcmp/s  rxmcst/s   %ifutil
06:57:38         ens5      0.00      0.00      0.00      0.00      0.00      0.00      0.00      0.00

06:57:38        IFACE   rxpck/s   txpck/s    rxkB/s    txkB/s   rxcmp/s   txcmp/s  rxmcst/s   %ifutil
06:57:39         ens5      0.00      0.00      0.00      0.00      0.00      0.00      0.00      0.00

06:57:39        IFACE   rxpck/s   txpck/s    rxkB/s    txkB/s   rxcmp/s   txcmp/s  rxmcst/s   %ifutil
06:57:40         ens5      0.00      0.00      0.00      0.00      0.00      0.00      0.00      0.00

06:57:40        IFACE   rxpck/s   txpck/s    rxkB/s    txkB/s   rxcmp/s   txcmp/s  rxmcst/s   %ifutil
06:57:41         ens5      0.00      0.00      0.00      0.00      0.00      0.00      0.00      0.00

06:57:41        IFACE   rxpck/s   txpck/s    rxkB/s    txkB/s   rxcmp/s   txcmp/s  rxmcst/s   %ifutil
06:57:42         ens5      0.00      0.00      0.00      0.00      0.00      0.00      0.00      0.00

06:57:42        IFACE   rxpck/s   txpck/s    rxkB/s    txkB/s   rxcmp/s   txcmp/s  rxmcst/s   %ifutil
06:57:43         ens5      0.00      0.00      0.00      0.00      0.00      0.00      0.00      0.00

06:57:43        IFACE   rxpck/s   txpck/s    rxkB/s    txkB/s   rxcmp/s   txcmp/s  rxmcst/s   %ifutil
06:57:44         ens5      0.00      0.00      0.00      0.00      0.00      0.00      0.00      0.00

06:57:44        IFACE   rxpck/s   txpck/s    rxkB/s    txkB/s   rxcmp/s   txcmp/s  rxmcst/s   %ifutil
06:57:45         ens5      0.00      0.00      0.00      0.00      0.00      0.00      0.00      0.00

06:57:45        IFACE   rxpck/s   txpck/s    rxkB/s    txkB/s   rxcmp/s   txcmp/s  rxmcst/s   %ifutil
06:57:46         ens5      0.00      0.00      0.00      0.00      0.00      0.00      0.00      0.00


Average:        IFACE   rxpck/s   txpck/s    rxkB/s    txkB/s   rxcmp/s   txcmp/s  rxmcst/s   %ifutil
Average:         ens5     69.85     73.31      4.44     45.14      0.00      0.00      0.00      0.00
