Linux 7.0.0-1010-aws (ip-172-31-20-134) 	08/11/26 	_x86_64_	(2 CPU)

19:12:18        CPU     %user     %nice   %system   %iowait    %steal     %idle
19:12:19        all      1.52      0.00      1.52      0.00      0.00     96.97
19:12:20        all      0.00      0.00      0.00      0.00      0.00    100.00
19:12:21        all      0.99      0.00      0.50      0.00      0.00     98.51
19:12:22        all      0.00      0.00      0.00      0.00      0.00    100.00
19:12:23        all      0.00      0.00      0.00      0.00      0.00    100.00
19:12:24        all      1.00      0.00      0.50      1.00      0.00     97.51
19:12:25        all      0.00      0.00      0.51      0.00      0.00     99.49
19:12:26        all      0.00      0.00      0.00      0.00      0.00    100.00
19:12:27        all      0.00      0.00      0.00      0.00      0.00    100.00
19:12:28        all      4.52      0.00      1.01      0.00      0.00     94.47
19:12:29        all      0.50      0.00      0.00      0.00      0.50     98.99
19:12:30        all      2.00      0.00      1.50      0.00      0.00     96.50
19:12:31        all     11.56      0.00      3.52      0.00      0.50     84.42
19:12:32        all      7.18      0.00      2.56      0.00      0.00     90.26
19:12:33        all      0.51      0.00      0.00      0.00      0.00     99.49
19:12:34        all      0.00      0.00      0.00      0.00      0.00    100.00
19:12:35        all      0.00      0.00      0.00      0.00      0.00    100.00
19:12:36        all      0.50      0.00      0.00      0.00      0.00     99.50

Average:        all      1.68      0.00      0.64      0.06      0.06     97.57
