Linux 7.0.0-1010-aws (ip-172-31-20-134) 	08/11/26 	_x86_64_	(2 CPU)

19:12:18    kbmemfree   kbavail kbmemused  %memused kbbuffers  kbcached  kbcommit   %commit  kbactive   kbinact   kbdirty
19:12:19       121008   1322416    369140     18.92     35036   1276128   1474872     75.60    756300    830336       348
19:12:20       121008   1322416    369140     18.92     35036   1276128   1474872     75.60    756300    830336       348
19:12:21       121008   1322416    369136     18.92     35036   1276132   1474872     75.60    756300    830336       352
19:12:22       121008   1322416    369136     18.92     35036   1276132   1474872     75.60    756300    830336       352
19:12:23       121008   1322416    369136     18.92     35036   1276132   1474872     75.60    756300    830336       352
19:12:24       121008   1322424    369116     18.92     35048   1276132   1474872     75.60    756372    830340       484
19:12:25       121008   1322436    369116     18.92     35048   1276132   1474872     75.60    756732    830352       484
19:12:26       121008   1322436    369092     18.92     35048   1276156   1474872     75.60    756732    830352       508
19:12:27       121008   1322436    369092     18.92     35048   1276156   1474872     75.60    756732    830352       508
19:12:28       121008   1322440    369092     18.92     35048   1276156   1474872     75.60    755912    830356       508
19:12:29       121008   1322440    369084     18.92     35048   1276164   1474872     75.60    756820    830356       516
19:12:30       121008   1322480    369072     18.92     35048   1276176   1479480     75.84    759260    830396       528
19:12:31       121008   1323140    368400     18.88     35048   1276836   1487808     76.26    762076    831052      1188
19:12:32       120252   1323056    368440     18.89     35048   1277528   1487808     76.26    762284    831712      1880
19:12:33       119244   1322092    369432     18.94     35048   1277544   1491904     76.47    762860    831756      1896
19:12:34       119244   1322112    369412     18.94     35048   1277564   1491904     76.47    762948    831776      1872
19:12:35       119244   1322112    369412     18.94     35048   1277564   1491904     76.47    762948    831776      1872
19:12:36       119244   1322112    369408     18.94     35048   1277568   1491904     76.47    762948    831776      1880

Average:       120574   1322433    369103     18.92     35045   1276574   1480350     75.88    758674    830780       882
