Linux 7.0.0-1010-aws (ip-172-31-20-134) 	08/11/26 	_x86_64_	(2 CPU)

19:12:18        IFACE   rxpck/s   txpck/s    rxkB/s    txkB/s   rxcmp/s   txcmp/s  rxmcst/s   %ifutil
19:12:19         ens5     48.00     42.00      4.44      5.16      0.00      0.00      0.00      0.00

19:12:19        IFACE   rxpck/s   txpck/s    rxkB/s    txkB/s   rxcmp/s   txcmp/s  rxmcst/s   %ifutil
19:12:20         ens5      7.00      5.00      0.60      0.57      0.00      0.00      0.00      0.00

19:12:20        IFACE   rxpck/s   txpck/s    rxkB/s    txkB/s   rxcmp/s   txcmp/s  rxmcst/s   %ifutil
19:12:21         ens5      0.00      0.00      0.00      0.00      0.00      0.00      0.00      0.00

19:12:21        IFACE   rxpck/s   txpck/s    rxkB/s    txkB/s   rxcmp/s   txcmp/s  rxmcst/s   %ifutil
19:12:22         ens5      0.00      0.00      0.00      0.00      0.00      0.00      0.00      0.00

19:12:22        IFACE   rxpck/s   txpck/s    rxkB/s    txkB/s   rxcmp/s   txcmp/s  rxmcst/s   %ifutil
19:12:23         ens5      1.00      1.00      0.03      0.04      0.00      0.00      0.00      0.00

19:12:23        IFACE   rxpck/s   txpck/s    rxkB/s    txkB/s   rxcmp/s   txcmp/s  rxmcst/s   %ifutil
19:12:24         ens5      0.00      0.00      0.00      0.00      0.00      0.00      0.00      0.00

19:12:24        IFACE   rxpck/s   txpck/s    rxkB/s    txkB/s   rxcmp/s   txcmp/s  rxmcst/s   %ifutil
19:12:25         ens5     15.00     22.00      8.03     12.79      0.00      0.00      0.00      0.00

19:12:25        IFACE   rxpck/s   txpck/s    rxkB/s    txkB/s   rxcmp/s   txcmp/s  rxmcst/s   %ifutil
19:12:26         ens5      0.00      0.00      0.00      0.00      0.00      0.00      0.00      0.00

19:12:26        IFACE   rxpck/s   txpck/s    rxkB/s    txkB/s   rxcmp/s   txcmp/s  rxmcst/s   %ifutil
19:12:27         ens5      0.00      0.00      0.00      0.00      0.00      0.00      0.00      0.00

19:12:27        IFACE   rxpck/s   txpck/s    rxkB/s    txkB/s   rxcmp/s   txcmp/s  rxmcst/s   %ifutil
19:12:28         ens5      0.00      0.00      0.00      0.00      0.00      0.00      0.00      0.00

19:12:28        IFACE   rxpck/s   txpck/s    rxkB/s    txkB/s   rxcmp/s   txcmp/s  rxmcst/s   %ifutil
19:12:29         ens5      0.00      0.00      0.00      0.00      0.00      0.00      0.00      0.00

19:12:29        IFACE   rxpck/s   txpck/s    rxkB/s    txkB/s   rxcmp/s   txcmp/s  rxmcst/s   %ifutil
19:12:30         ens5     77.00     97.00     30.61     67.57      0.00      0.00      0.00      0.00

19:12:30        IFACE   rxpck/s   txpck/s    rxkB/s    txkB/s   rxcmp/s   txcmp/s  rxmcst/s   %ifutil
19:12:31         ens5    472.00    610.00    189.48    408.52      0.00      0.00      0.00      0.00

19:12:31        IFACE   rxpck/s   txpck/s    rxkB/s    txkB/s   rxcmp/s   txcmp/s  rxmcst/s   %ifutil
19:12:32         ens5    361.00    448.00    146.98    300.67      0.00      0.00      0.00      0.00

19:12:32        IFACE   rxpck/s   txpck/s    rxkB/s    txkB/s   rxcmp/s   txcmp/s  rxmcst/s   %ifutil
19:12:33         ens5     15.00     19.00      6.09     12.99      0.00      0.00      0.00      0.00

19:12:33        IFACE   rxpck/s   txpck/s    rxkB/s    txkB/s   rxcmp/s   txcmp/s  rxmcst/s   %ifutil
19:12:34         ens5      0.00      0.00      0.00      0.00      0.00      0.00      0.00      0.00

19:12:34        IFACE   rxpck/s   txpck/s    rxkB/s    txkB/s   rxcmp/s   txcmp/s  rxmcst/s   %ifutil
19:12:35         ens5      0.00      0.00      0.00      0.00      0.00      0.00      0.00      0.00

19:12:35        IFACE   rxpck/s   txpck/s    rxkB/s    txkB/s   rxcmp/s   txcmp/s  rxmcst/s   %ifutil
19:12:36         ens5      0.00      0.00      0.00      0.00      0.00      0.00      0.00      0.00


Average:        IFACE   rxpck/s   txpck/s    rxkB/s    txkB/s   rxcmp/s   txcmp/s  rxmcst/s   %ifutil
Average:         ens5     55.33     69.11     21.46     44.91      0.00      0.00      0.00      0.00
