Linux 7.0.0-1010-aws (ip-172-31-31-224) 	08/11/26 	_x86_64_	(2 CPU)

07:17:46    kbmemfree   kbavail kbmemused  %memused kbbuffers  kbcached  kbcommit   %commit  kbactive   kbinact   kbdirty
07:17:47       756892   1280740    450120     23.07     15668    650132   1606380     82.34    377352    638576       260
07:17:48       684820   1208668    522192     26.77     15668    650132   1681732     86.20    449956    638576       260
07:17:49       612244   1136092    594768     30.49     15668    650132   1752276     89.82    521612    638576       260
07:17:50       507664   1031516    699344     35.85     15668    650136   1852572     94.96    620788    638580       264
07:17:51       427276    951128    779732     39.97     15668    650136   1936088     99.24    706800    638580       264
07:17:52       395020    918872    811988     41.62     15668    650136   1974168    101.19    743412    638580       264
07:17:53       298504    822356    908504     46.57     15668    650136   2070348    106.12    839312    638580       264
07:17:54       153352    677204   1053656     54.01     15668    650136   2207724    113.16    978504    638580       264
07:17:55       153352    677208   1053652     54.01     15668    650140   2207844    113.17    979048    638584       268
07:17:56       153352    677208   1053652     54.01     15668    650140   2207844    113.17    979048    638584       268
07:17:57       153352    677208   1053652     54.01     15668    650140   2207844    113.17    979048    638584       268
07:17:58       153352    677208   1053652     54.01     15668    650140   2207844    113.17    979048    638584       268
07:17:59       153352    677208   1053640     54.01     15668    650152   2207844    113.17    979120    638584       280
07:18:00       153352    677208   1053640     54.01     15668    650152   2207844    113.17    979120    638584       280
07:18:01       153352    677208   1053640     54.01     15668    650152   2207844    113.17    979120    638584       280
07:18:02       153352    677208   1053640     54.01     15668    650152   2207844    113.17    979120    638584       280
07:18:03       153352    677208   1053640     54.01     15668    650152   2207844    113.17    979120    638584       280
07:18:04       153352    677208   1053636     54.01     15668    650156   2207844    113.17    979120    638584       284
07:18:05       153352    677208   1053636     54.01     15668    650156   2207844    113.17    979120    638584       284
07:18:06       153352    677224   1053636     54.01     15668    650156   2211940    113.38    979724    638600       284
07:18:07       153352    677224   1053632     54.01     15668    650160   2211940    113.38    979724    638600       288
07:18:08       153352    677224   1053632     54.01     15668    650160   2211940    113.38    979724    638600       288
07:18:09       153352    677224   1053632     54.01     15668    650160   2211940    113.38    979724    638600       288
07:18:10       153352    677224   1053628     54.01     15668    650164   2211940    113.38    979724    638600       292
07:18:11       153352    677224   1053628     54.01     15668    650164   2211940    113.38    979724    638600       292
07:18:12       153352    677224   1053628     54.01     15668    650164   2211940    113.38    979724    638600       292
07:18:13       153352    677224   1053628     54.01     15668    650164   2211940    113.38    979724    638600       292

Average:       249980    773839    957016     49.06     15668    650148   2113448    108.33    883169    638587       276
