Linux 7.0.0-1010-aws (ip-172-31-31-224) 	08/11/26 	_x86_64_	(2 CPU)

07:17:46        IFACE   rxpck/s   txpck/s    rxkB/s    txkB/s   rxcmp/s   txcmp/s  rxmcst/s   %ifutil
07:17:47         ens5     62.00     55.00      5.08      6.88      0.00      0.00      0.00      0.00

07:17:47        IFACE   rxpck/s   txpck/s    rxkB/s    txkB/s   rxcmp/s   txcmp/s  rxmcst/s   %ifutil
07:17:48         ens5     11.00     11.00      0.80      1.73      0.00      0.00      0.00      0.00

07:17:48        IFACE   rxpck/s   txpck/s    rxkB/s    txkB/s   rxcmp/s   txcmp/s  rxmcst/s   %ifutil
07:17:49         ens5      9.00      9.00      0.46      1.90      0.00      0.00      0.00      0.00

07:17:49        IFACE   rxpck/s   txpck/s    rxkB/s    txkB/s   rxcmp/s   txcmp/s  rxmcst/s   %ifutil
07:17:50         ens5      4.00      6.00      0.20      1.28      0.00      0.00      0.00      0.00

07:17:50        IFACE   rxpck/s   txpck/s    rxkB/s    txkB/s   rxcmp/s   txcmp/s  rxmcst/s   %ifutil
07:17:51         ens5      7.00      5.00      0.36      1.10      0.00      0.00      0.00      0.00

07:17:51        IFACE   rxpck/s   txpck/s    rxkB/s    txkB/s   rxcmp/s   txcmp/s  rxmcst/s   %ifutil
07:17:52         ens5     10.00     10.00      0.51      2.09      0.00      0.00      0.00      0.00

07:17:52        IFACE   rxpck/s   txpck/s    rxkB/s    txkB/s   rxcmp/s   txcmp/s  rxmcst/s   %ifutil
07:17:53         ens5      5.00      6.00      0.25      1.31      0.00      0.00      0.00      0.00

07:17:53        IFACE   rxpck/s   txpck/s    rxkB/s    txkB/s   rxcmp/s   txcmp/s  rxmcst/s   %ifutil
07:17:54         ens5      2.97      1.98      0.15      0.44      0.00      0.00      0.00      0.00

07:17:54        IFACE   rxpck/s   txpck/s    rxkB/s    txkB/s   rxcmp/s   txcmp/s  rxmcst/s   %ifutil
07:17:55         ens5      3.00      3.00      0.15      0.61      0.00      0.00      0.00      0.00

07:17:55        IFACE   rxpck/s   txpck/s    rxkB/s    txkB/s   rxcmp/s   txcmp/s  rxmcst/s   %ifutil
07:17:56         ens5      0.00      0.00      0.00      0.00      0.00      0.00      0.00      0.00

07:17:56        IFACE   rxpck/s   txpck/s    rxkB/s    txkB/s   rxcmp/s   txcmp/s  rxmcst/s   %ifutil
07:17:57         ens5      0.00      0.00      0.00      0.00      0.00      0.00      0.00      0.00

07:17:57        IFACE   rxpck/s   txpck/s    rxkB/s    txkB/s   rxcmp/s   txcmp/s  rxmcst/s   %ifutil
07:17:58         ens5      0.00      0.00      0.00      0.00      0.00      0.00      0.00      0.00

07:17:58        IFACE   rxpck/s   txpck/s    rxkB/s    txkB/s   rxcmp/s   txcmp/s  rxmcst/s   %ifutil
07:17:59         ens5     14.00     11.00      0.84      3.58      0.00      0.00      0.00      0.00

07:17:59        IFACE   rxpck/s   txpck/s    rxkB/s    txkB/s   rxcmp/s   txcmp/s  rxmcst/s   %ifutil
07:18:00         ens5      0.00      0.00      0.00      0.00      0.00      0.00      0.00      0.00

07:18:00        IFACE   rxpck/s   txpck/s    rxkB/s    txkB/s   rxcmp/s   txcmp/s  rxmcst/s   %ifutil
07:18:01         ens5      0.00      0.00      0.00      0.00      0.00      0.00      0.00      0.00

07:18:01        IFACE   rxpck/s   txpck/s    rxkB/s    txkB/s   rxcmp/s   txcmp/s  rxmcst/s   %ifutil
07:18:02         ens5      7.00      5.00      0.42      1.33      0.00      0.00      0.00      0.00

07:18:02        IFACE   rxpck/s   txpck/s    rxkB/s    txkB/s   rxcmp/s   txcmp/s  rxmcst/s   %ifutil
07:18:03         ens5    194.00    145.00     11.86     38.53      0.00      0.00      0.00      0.00

07:18:03        IFACE   rxpck/s   txpck/s    rxkB/s    txkB/s   rxcmp/s   txcmp/s  rxmcst/s   %ifutil
07:18:04         ens5    528.00    409.00     32.54    109.66      0.00      0.00      0.00      0.00

07:18:04        IFACE   rxpck/s   txpck/s    rxkB/s    txkB/s   rxcmp/s   txcmp/s  rxmcst/s   %ifutil
07:18:05         ens5    441.00    335.00     27.03     89.94      0.00      0.00      0.00      0.00

07:18:05        IFACE   rxpck/s   txpck/s    rxkB/s    txkB/s   rxcmp/s   txcmp/s  rxmcst/s   %ifutil
07:18:06         ens5      7.00      5.00      0.42      1.33      0.00      0.00      0.00      0.00

07:18:06        IFACE   rxpck/s   txpck/s    rxkB/s    txkB/s   rxcmp/s   txcmp/s  rxmcst/s   %ifutil
07:18:07         ens5      0.00      0.00      0.00      0.00      0.00      0.00      0.00      0.00

07:18:07        IFACE   rxpck/s   txpck/s    rxkB/s    txkB/s   rxcmp/s   txcmp/s  rxmcst/s   %ifutil
07:18:08         ens5      0.00      0.00      0.00      0.00      0.00      0.00      0.00      0.00

07:18:08        IFACE   rxpck/s   txpck/s    rxkB/s    txkB/s   rxcmp/s   txcmp/s  rxmcst/s   %ifutil
07:18:09         ens5      0.00      0.00      0.00      0.00      0.00      0.00      0.00      0.00

07:18:09        IFACE   rxpck/s   txpck/s    rxkB/s    txkB/s   rxcmp/s   txcmp/s  rxmcst/s   %ifutil
07:18:10         ens5      0.00      0.00      0.00      0.00      0.00      0.00      0.00      0.00

07:18:10        IFACE   rxpck/s   txpck/s    rxkB/s    txkB/s   rxcmp/s   txcmp/s  rxmcst/s   %ifutil
07:18:11         ens5      0.00      0.00      0.00      0.00      0.00      0.00      0.00      0.00

07:18:11        IFACE   rxpck/s   txpck/s    rxkB/s    txkB/s   rxcmp/s   txcmp/s  rxmcst/s   %ifutil
07:18:12         ens5      0.00      0.00      0.00      0.00      0.00      0.00      0.00      0.00

07:18:12        IFACE   rxpck/s   txpck/s    rxkB/s    txkB/s   rxcmp/s   txcmp/s  rxmcst/s   %ifutil
07:18:13         ens5      0.00      0.00      0.00      0.00      0.00      0.00      0.00      0.00


Average:        IFACE   rxpck/s   txpck/s    rxkB/s    txkB/s   rxcmp/s   txcmp/s  rxmcst/s   %ifutil
Average:         ens5     48.32     37.65      3.00      9.69      0.00      0.00      0.00      0.00
