Linux 7.0.0-1010-aws (ip-172-31-31-224) 	08/11/26 	_x86_64_	(2 CPU)

07:04:26        CPU     %user     %nice   %system   %iowait    %steal     %idle
07:04:27        all     51.74      0.00      4.98      0.00      0.50     42.79
07:04:28        all     49.75      0.00      4.02      0.00      0.50     45.73
07:04:29        all     56.00      0.00      4.50      0.00      0.50     39.00
07:04:30        all     48.00      0.00      4.50      0.00      0.50     47.00
07:04:31        all     47.26      0.00      3.48      0.00      2.99     46.27
07:04:32        all     49.75      0.00      3.02      0.00      1.01     46.23
07:04:33        all     50.00      0.00      4.04      0.00      0.51     45.45
07:04:34        all     44.50      0.00      5.50      0.00      1.50     48.50
07:04:35        all      9.05      0.00      0.50      0.00      0.00     90.45
07:04:36        all      0.00      0.00      0.50      0.00      0.00     99.50
07:04:37        all      0.50      0.00      0.00      0.00      0.50     98.99
07:04:38        all      0.00      0.00      0.00      0.00      0.00    100.00
07:04:39        all      0.00      0.00      0.00      0.00      0.00    100.00
07:04:40        all      0.50      0.00      0.00      0.00      1.00     98.50
07:04:41        all      1.01      0.00      1.01      0.00      0.50     97.49
07:04:42        all      1.51      0.00      2.01      0.00      0.50     95.98
07:04:43        all      1.54      0.00      0.00      0.00      0.00     98.46
07:04:44        all      4.98      0.00      1.99      0.00      0.50     92.54
07:04:45        all      1.01      0.00      0.00      0.00      0.50     98.49
07:04:46        all      0.00      0.00      0.00      0.00      0.50     99.50
07:04:47        all      1.00      0.00      0.50      1.00      0.00     97.51
07:04:48        all      0.00      0.00      0.00      0.00      0.00    100.00
07:04:49        all      0.50      0.00      0.50      0.00      0.50     98.51
07:04:50        all      0.51      0.00      0.00      0.00      0.00     99.49
07:04:51        all      0.00      0.00      0.00      0.00      0.00    100.00
07:04:52        all      0.00      0.00      0.00      0.00      0.00    100.00
07:04:53        all      0.50      0.00      0.00      0.00      0.00     99.50

Average:        all     15.57      0.00      1.52      0.04      0.46     82.40
