Linux 7.0.0-1010-aws (ip-172-31-31-224) 	08/11/26 	_x86_64_	(2 CPU)

07:04:26    kbmemfree   kbavail kbmemused  %memused kbbuffers  kbcached  kbcommit   %commit  kbactive   kbinact   kbdirty
07:04:27       789772   1286468    444512     22.79     14668    623980   1610028     82.53    361432    629556       168
07:04:28       717700   1214396    516584     26.48     14668    623980   1685412     86.39    437740    629556       168
07:04:29       645124   1141820    589152     30.20     14668    623988   1751724     89.79    504160    629556       176
07:04:30       548860   1045568    685412     35.13     14668    623992   1847996     94.73    599928    629568       180
07:04:31       476536    973244    757736     38.84     14668    623992   1922992     98.57    675896    629568       180
07:04:32       420088    916796    814184     41.73     14668    623992   1977528    101.37    730036    629568       136
07:04:33       323572    820280    910700     46.68     14668    623992   2073964    106.31    826596    629568       136
07:04:34       186484    683192   1047788     53.71     14668    623992   2211068    113.34    962972    629568       136
07:04:35       186484    683196   1047784     53.71     14668    623996   2215292    113.55    966836    629572       144
07:04:36       186484    683196   1047784     53.71     14668    623996   2215292    113.55    966836    629572       144
07:04:37       186484    683196   1047784     53.71     14668    623996   2215292    113.55    967456    629572       144
07:04:38       186484    683196   1047784     53.71     14668    623996   2215292    113.55    967456    629572       144
07:04:39       186484    683196   1047784     53.71     14668    623996   2215292    113.55    967456    629572       144
07:04:40       186484    683196   1047780     53.71     14668    624000   2215292    113.55    967456    629572       148
07:04:41       186484    683196   1047780     53.71     14668    624000   2215292    113.55    967580    629572       148
07:04:42       186484    683196   1047780     53.71     14668    624000   2215292    113.55    967580    629572       148
07:04:43       186484    683196   1047780     53.71     14668    624000   2215292    113.55    967580    629572       148
07:04:44       186484    683196   1047780     53.71     14668    624000   2215292    113.55    967664    629572       148
07:04:45       186484    683200   1047768     53.71     14668    624012   2215292    113.55    967644    629576       160
07:04:46       186484    683200   1047768     53.71     14668    624012   2215292    113.55    967644    629576       160
07:04:47       186484    683224   1047752     53.71     14696    624000   2215292    113.55    967644    629600       268
07:04:48       186484    683228   1047736     53.71     14696    624016   2215292    113.55    967712    629604       268
07:04:49       186484    683228   1047736     53.71     14696    624016   2215292    113.55    967712    629604       268
07:04:50       186484    683228   1047736     53.71     14696    624016   2215292    113.55    967712    629604       268
07:04:51       186484    683228   1047732     53.71     14696    624020   2215292    113.55    967712    629604       272
07:04:52       186232    682992   1047984     53.72     14696    624020   2215292    113.55    968316    629620       272
07:04:53       186232    682992   1047984     53.72     14696    624020   2215292    113.55    968316    629620       272

Average:       283364    780083    950892     48.74     14675    624001   2117454    108.54    869743    629579       183
