Linux 7.0.0-1010-aws (ip-172-31-31-224) 	08/11/26 	_x86_64_	(2 CPU)

07:04:26        IFACE   rxpck/s   txpck/s    rxkB/s    txkB/s   rxcmp/s   txcmp/s  rxmcst/s   %ifutil
07:04:27         ens5     49.00     47.00      4.14      6.06      0.00      0.00      0.00      0.00

07:04:27        IFACE   rxpck/s   txpck/s    rxkB/s    txkB/s   rxcmp/s   txcmp/s  rxmcst/s   %ifutil
07:04:28         ens5     27.00     23.00      2.04      2.93      0.00      0.00      0.00      0.00

07:04:28        IFACE   rxpck/s   txpck/s    rxkB/s    txkB/s   rxcmp/s   txcmp/s  rxmcst/s   %ifutil
07:04:29         ens5      8.00      9.00      0.41      1.90      0.00      0.00      0.00      0.00

07:04:29        IFACE   rxpck/s   txpck/s    rxkB/s    txkB/s   rxcmp/s   txcmp/s  rxmcst/s   %ifutil
07:04:30         ens5      7.00      6.00      0.36      1.28      0.00      0.00      0.00      0.00

07:04:30        IFACE   rxpck/s   txpck/s    rxkB/s    txkB/s   rxcmp/s   txcmp/s  rxmcst/s   %ifutil
07:04:31         ens5      5.00      5.00      0.25      1.10      0.00      0.00      0.00      0.00

07:04:31        IFACE   rxpck/s   txpck/s    rxkB/s    txkB/s   rxcmp/s   txcmp/s  rxmcst/s   %ifutil
07:04:32         ens5      9.00     10.00      0.46      2.09      0.00      0.00      0.00      0.00

07:04:32        IFACE   rxpck/s   txpck/s    rxkB/s    txkB/s   rxcmp/s   txcmp/s  rxmcst/s   %ifutil
07:04:33         ens5      6.00      5.00      0.30      1.09      0.00      0.00      0.00      0.00

07:04:33        IFACE   rxpck/s   txpck/s    rxkB/s    txkB/s   rxcmp/s   txcmp/s  rxmcst/s   %ifutil
07:04:34         ens5      3.00      3.00      0.15      0.66      0.00      0.00      0.00      0.00

07:04:34        IFACE   rxpck/s   txpck/s    rxkB/s    txkB/s   rxcmp/s   txcmp/s  rxmcst/s   %ifutil
07:04:35         ens5      3.00      3.00      0.15      0.61      0.00      0.00      0.00      0.00

07:04:35        IFACE   rxpck/s   txpck/s    rxkB/s    txkB/s   rxcmp/s   txcmp/s  rxmcst/s   %ifutil
07:04:36         ens5     16.00     15.00      0.98      7.71      0.00      0.00      0.00      0.00

07:04:36        IFACE   rxpck/s   txpck/s    rxkB/s    txkB/s   rxcmp/s   txcmp/s  rxmcst/s   %ifutil
07:04:37         ens5      0.00      0.00      0.00      0.00      0.00      0.00      0.00      0.00

07:04:37        IFACE   rxpck/s   txpck/s    rxkB/s    txkB/s   rxcmp/s   txcmp/s  rxmcst/s   %ifutil
07:04:38         ens5      0.00      0.00      0.00      0.00      0.00      0.00      0.00      0.00

07:04:38        IFACE   rxpck/s   txpck/s    rxkB/s    txkB/s   rxcmp/s   txcmp/s  rxmcst/s   %ifutil
07:04:39         ens5      0.00      0.00      0.00      0.00      0.00      0.00      0.00      0.00

07:04:39        IFACE   rxpck/s   txpck/s    rxkB/s    txkB/s   rxcmp/s   txcmp/s  rxmcst/s   %ifutil
07:04:40         ens5      0.00      0.00      0.00      0.00      0.00      0.00      0.00      0.00

07:04:40        IFACE   rxpck/s   txpck/s    rxkB/s    txkB/s   rxcmp/s   txcmp/s  rxmcst/s   %ifutil
07:04:41         ens5    207.00    184.00     12.78     73.82      0.00      0.00      0.00      0.00

07:04:41        IFACE   rxpck/s   txpck/s    rxkB/s    txkB/s   rxcmp/s   txcmp/s  rxmcst/s   %ifutil
07:04:42         ens5    547.00    479.00     33.76    190.68      0.00      0.00      0.00      0.00

07:04:42        IFACE   rxpck/s   txpck/s    rxkB/s    txkB/s   rxcmp/s   txcmp/s  rxmcst/s   %ifutil
07:04:43         ens5    408.00    368.00     25.67    160.61      0.00      0.00      0.00      0.00

07:04:43        IFACE   rxpck/s   txpck/s    rxkB/s    txkB/s   rxcmp/s   txcmp/s  rxmcst/s   %ifutil
07:04:44         ens5     16.00     12.00      0.96      4.78      0.00      0.00      0.00      0.00

07:04:44        IFACE   rxpck/s   txpck/s    rxkB/s    txkB/s   rxcmp/s   txcmp/s  rxmcst/s   %ifutil
07:04:45         ens5      0.00      0.00      0.00      0.00      0.00      0.00      0.00      0.00

07:04:45        IFACE   rxpck/s   txpck/s    rxkB/s    txkB/s   rxcmp/s   txcmp/s  rxmcst/s   %ifutil
07:04:46         ens5      0.00      0.00      0.00      0.00      0.00      0.00      0.00      0.00

07:04:46        IFACE   rxpck/s   txpck/s    rxkB/s    txkB/s   rxcmp/s   txcmp/s  rxmcst/s   %ifutil
07:04:47         ens5      0.00      0.00      0.00      0.00      0.00      0.00      0.00      0.00

07:04:47        IFACE   rxpck/s   txpck/s    rxkB/s    txkB/s   rxcmp/s   txcmp/s  rxmcst/s   %ifutil
07:04:48         ens5      0.00      0.00      0.00      0.00      0.00      0.00      0.00      0.00

07:04:48        IFACE   rxpck/s   txpck/s    rxkB/s    txkB/s   rxcmp/s   txcmp/s  rxmcst/s   %ifutil
07:04:49         ens5      0.00      0.00      0.00      0.00      0.00      0.00      0.00      0.00

07:04:49        IFACE   rxpck/s   txpck/s    rxkB/s    txkB/s   rxcmp/s   txcmp/s  rxmcst/s   %ifutil
07:04:50         ens5      0.00      0.00      0.00      0.00      0.00      0.00      0.00      0.00

07:04:50        IFACE   rxpck/s   txpck/s    rxkB/s    txkB/s   rxcmp/s   txcmp/s  rxmcst/s   %ifutil
07:04:51         ens5      0.00      0.00      0.00      0.00      0.00      0.00      0.00      0.00

07:04:51        IFACE   rxpck/s   txpck/s    rxkB/s    txkB/s   rxcmp/s   txcmp/s  rxmcst/s   %ifutil
07:04:52         ens5      1.00      1.00      0.07      0.09      0.00      0.00      0.00      0.00

07:04:52        IFACE   rxpck/s   txpck/s    rxkB/s    txkB/s   rxcmp/s   txcmp/s  rxmcst/s   %ifutil
07:04:53         ens5      0.00      0.00      0.00      0.00      0.00      0.00      0.00      0.00


Average:        IFACE   rxpck/s   txpck/s    rxkB/s    txkB/s   rxcmp/s   txcmp/s  rxmcst/s   %ifutil
Average:         ens5     48.59     43.33      3.06     16.87      0.00      0.00      0.00      0.00
