Linux 7.0.0-1008-aws (ip-172-31-31-224) 	08/07/26 	_x86_64_	(2 CPU)

06:12:49    kbmemfree   kbavail kbmemused  %memused kbbuffers  kbcached  kbcommit   %commit  kbactive   kbinact   kbdirty
06:12:50       725504   1253008    400408     20.53     11668    658560   1456900     74.68    248512    728940        24
06:12:51       637304   1164808    488608     25.05     11668    658560   1548764     79.39    338352    728940        24
06:12:52       572792   1100296    553120     28.35     11668    658560   1607532     82.40    398424    728940        24
06:12:53       460400    987904    665512     34.12     11668    658560   1724456     88.40    516824    728940        24
06:12:54       371696    899200    754216     38.66     11668    658560   1807664     92.66    598168    728940        24
06:12:55       275180    802684    850732     43.61     11668    658560   1904100     97.61    693544    728940        24
06:12:56       226796    754300    899116     46.09     11668    658560   1958116    100.38    746484    728940        24
06:12:57       138092    665596    987820     50.64     11668    658560   2045700    104.87    837280    728940        24
06:12:58       138092    665596    987820     50.64     11668    658560   2045700    104.87    837280    728940        24
06:12:59       138092    665596    987820     50.64     11668    658560   2045700    104.87    837280    728940        24
06:13:00       138092    665596    987820     50.64     11668    658560   2045700    104.87    837404    728940        24
06:13:01       138092    665596    987820     50.64     11668    658560   2045956    104.88    837404    728940        24
06:13:02       138092    665596    987820     50.64     11668    658560   2045956    104.88    837528    728940        24
06:13:03       138092    665596    987820     50.64     11668    658560   2045956    104.88    837528    728940        24
06:13:04       138092    665596    987820     50.64     11668    658560   2045956    104.88    837528    728940        24
06:13:05       138092    665596    987820     50.64     11668    658560   2045956    104.88    837652    728940        24
06:13:06       138092    665596    987820     50.64     11668    658560   2045956    104.88    837652    728940        24
06:13:07       138092    665596    987820     50.64     11668    658560   2045956    104.88    837652    728940        24
06:13:08       138092    665596    987820     50.64     11668    658560   2045956    104.88    837652    728940        24
06:13:09       138092    665596    987820     50.64     11668    658560   2045956    104.88    837652    728940        24
06:13:10       138092    665596    987816     50.64     11668    658564   2045956    104.88    837652    728940        28
06:13:11       138092    665596    987816     50.64     11668    658564   2046020    104.88    837652    728940        28
06:13:12       138092    665596    987816     50.64     11668    658564   2046020    104.88    837652    728940        28
06:13:13       138092    665596    987816     50.64     11668    658564   2046020    104.88    837652    728940        28
06:13:14       138092    665596    987816     50.64     11668    658564   2046020    104.88    837776    728940        28
06:13:15       138092    665596    987816     50.64     11668    658564   2046020    104.88    837776    728940        28
06:13:16       138092    665600    987816     50.64     11668    658564   2046020    104.88    837896    728944        20
06:13:17       138092    665600    987792     50.64     11692    658564   2046020    104.88    837896    728944       104
06:13:18       138092    665600    987792     50.64     11692    658564   2046020    104.88    837924    728944       100
06:13:19       138092    665600    987792     50.64     11692    658564   2046020    104.88    837924    728944       100
06:13:20       138092    665600    987792     50.64     11692    658564   2046084    104.89    837924    728944       100
06:13:21       138092    665624    987792     50.64     11692    658564   2046084    104.89    837972    728968        92
06:13:22       138092    665624    987792     50.64     11692    658564   2046084    104.89    837972    728968        92
06:13:23       138092    665624    987788     50.64     11692    658568   2046084    104.89    837972    728968        96
06:13:24       138092    665624    987788     50.64     11692    658568   2046084    104.89    837972    728968        96
06:13:25       138092    665624    987788     50.64     11692    658568   2046084    104.89    837972    728968        96
06:13:26       138092    665624    987788     50.64     11692    658568   2046084    104.89    837972    728968        96
06:13:27       138092    665624    987788     50.64     11692    658568   2046084    104.89    837972    728968        96
06:13:28       138092    665624    987788     50.64     11692    658568   2046148    104.89    837972    728968        96
06:13:29       138092    665624    987784     50.64     11692    658572   2046148    104.89    837972    728968       100
06:13:30       138092    665624    987784     50.64     11692    658572   2046148    104.89    837972    728968       100
06:13:31       138092    665624    987784     50.64     11692    658572   2046404    104.90    837972    728968       100
06:13:32       138092    665628    987784     50.64     11692    658572   2046404    104.90    838092    728972       100
06:13:33       138092    665632    987784     50.64     11692    658572   2046404    104.90    838212    728976       100
06:13:34       138092    665632    987784     50.64     11692    658572   2046404    104.90    838336    728976       100
06:13:35       138092    665632    987784     50.64     11692    658572   2046404    104.90    838336    728976       100
06:13:36       138092    665632    987788     50.64     11692    658572   2046660    104.91    838336    728976       100
06:13:37       138092    665632    987788     50.64     11692    658572   2046724    104.92    838420    728976       100
06:13:38       138092    665632    987788     50.64     11692    658572   2046724    104.92    838584    728976       100
06:13:39       138092    665632    987788     50.64     11692    658572   2046724    104.92    838584    728976       100
06:13:40       138092    665632    987784     50.64     11692    658576   2046724    104.92    838584    728976       104
06:13:41       138092    665632    987784     50.64     11692    658576   2046980    104.93    838668    728976       104
06:13:42       138092    665636    987784     50.64     11692    658576   2046980    104.93    838828    728980       104
06:13:43       138092    665636    987784     50.64     11692    658576   2046980    104.93    838828    728980       104
06:13:44       138092    665636    987784     50.64     11692    658576   2046980    104.93    838828    728980       104
06:13:45       138092    665636    987784     50.64     11692    658576   2047300    104.95    838912    728980       104
06:13:46       138092    665636    987784     50.64     11692    658576   2047300    104.95    839324    728980       104
06:13:47       136580    664136    989260     50.71     11716    658588   2051396    105.16    842056    728992       104
06:13:48       135572    663140    990280     50.76     11716    658576   2055492    105.37    845096    729004        24
06:13:49       133304    660872    992544     50.88     11716    658580   2059588    105.58    847992    729004        28
06:13:50       130280    657852    995568     51.03     11716    658580   2059844    105.59    850796    729008        28
06:13:51       127256    654828    998592     51.19     11716    658580   2063940    105.80    853896    729008        28
06:13:52       124232    651804   1001616     51.34     11716    658580   2068036    106.01    856788    729008         0
06:13:53       121460    649032   1004388     51.49     11716    658580   2068344    106.03    859816    729008        12
06:13:54       118184    645756   1007664     51.65     11716    658580   2072696    106.25    862788    729008        12
06:13:55       115160    642732   1010688     51.81     11716    658580   2076792    106.46    865600    729008        12
06:13:56       113144    640720   1012700     51.91     11716    658584   2076792    106.46    867700    729012        16
06:13:57       113144    640720   1012700     51.91     11716    658584   2076792    106.46    867780    729012        16

Average:       169744    697272    956143     49.01     11686    658568   2015426    103.31    806771    728964        58
