Linux 7.0.0-1008-aws (ip-172-31-31-224) 	08/07/26 	_x86_64_	(2 CPU)

06:12:49        IFACE   rxpck/s   txpck/s    rxkB/s    txkB/s   rxcmp/s   txcmp/s  rxmcst/s   %ifutil
06:12:50         ens5     47.00     46.00      4.21      6.18      0.00      0.00      0.00      0.00

06:12:50        IFACE   rxpck/s   txpck/s    rxkB/s    txkB/s   rxcmp/s   txcmp/s  rxmcst/s   %ifutil
06:12:51         ens5     52.00     50.00      4.36      5.72      0.00      0.00      0.00      0.00

06:12:51        IFACE   rxpck/s   txpck/s    rxkB/s    txkB/s   rxcmp/s   txcmp/s  rxmcst/s   %ifutil
06:12:52         ens5     16.00     14.00      1.02      2.57      0.00      0.00      0.00      0.00

06:12:52        IFACE   rxpck/s   txpck/s    rxkB/s    txkB/s   rxcmp/s   txcmp/s  rxmcst/s   %ifutil
06:12:53         ens5      7.00      7.00      0.36      1.52      0.00      0.00      0.00      0.00

06:12:53        IFACE   rxpck/s   txpck/s    rxkB/s    txkB/s   rxcmp/s   txcmp/s  rxmcst/s   %ifutil
06:12:54         ens5      3.00      3.00      0.15      0.66      0.00      0.00      0.00      0.00

06:12:54        IFACE   rxpck/s   txpck/s    rxkB/s    txkB/s   rxcmp/s   txcmp/s  rxmcst/s   %ifutil
06:12:55         ens5     11.00     11.00      0.56      2.30      0.00      0.00      0.00      0.00

06:12:55        IFACE   rxpck/s   txpck/s    rxkB/s    txkB/s   rxcmp/s   txcmp/s  rxmcst/s   %ifutil
06:12:56         ens5      5.00      5.00      0.25      1.10      0.00      0.00      0.00      0.00

06:12:56        IFACE   rxpck/s   txpck/s    rxkB/s    txkB/s   rxcmp/s   txcmp/s  rxmcst/s   %ifutil
06:12:57         ens5      5.00      5.00      0.25      1.05      0.00      0.00      0.00      0.00

06:12:57        IFACE   rxpck/s   txpck/s    rxkB/s    txkB/s   rxcmp/s   txcmp/s  rxmcst/s   %ifutil
06:12:58         ens5      0.00      0.00      0.00      0.00      0.00      0.00      0.00      0.00

06:12:58        IFACE   rxpck/s   txpck/s    rxkB/s    txkB/s   rxcmp/s   txcmp/s  rxmcst/s   %ifutil
06:12:59         ens5     68.00     97.00     37.92     76.13      0.00      0.00      0.00      0.00

06:12:59        IFACE   rxpck/s   txpck/s    rxkB/s    txkB/s   rxcmp/s   txcmp/s  rxmcst/s   %ifutil
06:13:00         ens5    120.00    171.00     70.68    129.63      0.00      0.00      0.00      0.00

06:13:00        IFACE   rxpck/s   txpck/s    rxkB/s    txkB/s   rxcmp/s   txcmp/s  rxmcst/s   %ifutil
06:13:01         ens5    126.00    181.00     75.02    137.60      0.00      0.00      0.00      0.00

06:13:01        IFACE   rxpck/s   txpck/s    rxkB/s    txkB/s   rxcmp/s   txcmp/s  rxmcst/s   %ifutil
06:13:02         ens5     78.00    119.00     48.13     91.35      0.00      0.00      0.00      0.00

06:13:02        IFACE   rxpck/s   txpck/s    rxkB/s    txkB/s   rxcmp/s   txcmp/s  rxmcst/s   %ifutil
06:13:03         ens5    122.00    173.00     71.72    130.66      0.00      0.00      0.00      0.00

06:13:03        IFACE   rxpck/s   txpck/s    rxkB/s    txkB/s   rxcmp/s   txcmp/s  rxmcst/s   %ifutil
06:13:04         ens5    123.00    172.00     72.02    129.87      0.00      0.00      0.00      0.00

06:13:04        IFACE   rxpck/s   txpck/s    rxkB/s    txkB/s   rxcmp/s   txcmp/s  rxmcst/s   %ifutil
06:13:05         ens5    127.00    181.00     75.05    137.63      0.00      0.00      0.00      0.00

06:13:05        IFACE   rxpck/s   txpck/s    rxkB/s    txkB/s   rxcmp/s   txcmp/s  rxmcst/s   %ifutil
06:13:06         ens5    126.00    181.00     75.11    137.74      0.00      0.00      0.00      0.00

06:13:06        IFACE   rxpck/s   txpck/s    rxkB/s    txkB/s   rxcmp/s   txcmp/s  rxmcst/s   %ifutil
06:13:07         ens5    123.00    171.00     71.17    130.13      0.00      0.00      0.00      0.00

06:13:07        IFACE   rxpck/s   txpck/s    rxkB/s    txkB/s   rxcmp/s   txcmp/s  rxmcst/s   %ifutil
06:13:08         ens5    128.00    182.00     75.57    138.12      0.00      0.00      0.00      0.00

06:13:08        IFACE   rxpck/s   txpck/s    rxkB/s    txkB/s   rxcmp/s   txcmp/s  rxmcst/s   %ifutil
06:13:09         ens5    124.00    181.00     73.82    137.85      0.00      0.00      0.00      0.00

06:13:09        IFACE   rxpck/s   txpck/s    rxkB/s    txkB/s   rxcmp/s   txcmp/s  rxmcst/s   %ifutil
06:13:10         ens5    126.00    173.00     72.82    130.60      0.00      0.00      0.00      0.00

06:13:10        IFACE   rxpck/s   txpck/s    rxkB/s    txkB/s   rxcmp/s   txcmp/s  rxmcst/s   %ifutil
06:13:11         ens5    121.00    171.00     73.19    129.83      0.00      0.00      0.00      0.00

06:13:11        IFACE   rxpck/s   txpck/s    rxkB/s    txkB/s   rxcmp/s   txcmp/s  rxmcst/s   %ifutil
06:13:12         ens5    125.00    182.00     72.79    138.17      0.00      0.00      0.00      0.00

06:13:12        IFACE   rxpck/s   txpck/s    rxkB/s    txkB/s   rxcmp/s   txcmp/s  rxmcst/s   %ifutil
06:13:13         ens5    126.00    180.00     74.78    137.39      0.00      0.00      0.00      0.00

06:13:13        IFACE   rxpck/s   txpck/s    rxkB/s    txkB/s   rxcmp/s   txcmp/s  rxmcst/s   %ifutil
06:13:14         ens5    122.00    173.00     71.59    130.85      0.00      0.00      0.00      0.00

06:13:14        IFACE   rxpck/s   txpck/s    rxkB/s    txkB/s   rxcmp/s   txcmp/s  rxmcst/s   %ifutil
06:13:15         ens5    128.00    181.00     75.22    137.74      0.00      0.00      0.00      0.00

06:13:15        IFACE   rxpck/s   txpck/s    rxkB/s    txkB/s   rxcmp/s   txcmp/s  rxmcst/s   %ifutil
06:13:16         ens5    127.00    172.00     73.93    130.21      0.00      0.00      0.00      0.00

06:13:16        IFACE   rxpck/s   txpck/s    rxkB/s    txkB/s   rxcmp/s   txcmp/s  rxmcst/s   %ifutil
06:13:17         ens5    126.00    181.00     72.61    137.82      0.00      0.00      0.00      0.00

06:13:17        IFACE   rxpck/s   txpck/s    rxkB/s    txkB/s   rxcmp/s   txcmp/s  rxmcst/s   %ifutil
06:13:18         ens5    126.00    181.00     75.12    137.75      0.00      0.00      0.00      0.00

06:13:18        IFACE   rxpck/s   txpck/s    rxkB/s    txkB/s   rxcmp/s   txcmp/s  rxmcst/s   %ifutil
06:13:19         ens5    123.00    179.00     73.27    137.25      0.00      0.00      0.00      0.00

06:13:19        IFACE   rxpck/s   txpck/s    rxkB/s    txkB/s   rxcmp/s   txcmp/s  rxmcst/s   %ifutil
06:13:20         ens5    125.00    172.00     72.52    130.26      0.00      0.00      0.00      0.00

06:13:20        IFACE   rxpck/s   txpck/s    rxkB/s    txkB/s   rxcmp/s   txcmp/s  rxmcst/s   %ifutil
06:13:21         ens5    128.00    183.00     75.53    138.19      0.00      0.00      0.00      0.00

06:13:21        IFACE   rxpck/s   txpck/s    rxkB/s    txkB/s   rxcmp/s   txcmp/s  rxmcst/s   %ifutil
06:13:22         ens5    127.00    181.00     75.09    137.76      0.00      0.00      0.00      0.00

06:13:22        IFACE   rxpck/s   txpck/s    rxkB/s    txkB/s   rxcmp/s   txcmp/s  rxmcst/s   %ifutil
06:13:23         ens5    122.00    171.00     71.12    130.09      0.00      0.00      0.00      0.00

06:13:23        IFACE   rxpck/s   txpck/s    rxkB/s    txkB/s   rxcmp/s   txcmp/s  rxmcst/s   %ifutil
06:13:24         ens5    125.00    181.00     75.07    137.74      0.00      0.00      0.00      0.00

06:13:24        IFACE   rxpck/s   txpck/s    rxkB/s    txkB/s   rxcmp/s   txcmp/s  rxmcst/s   %ifutil
06:13:25         ens5    122.00    179.00     73.16    137.25      0.00      0.00      0.00      0.00

06:13:25        IFACE   rxpck/s   txpck/s    rxkB/s    txkB/s   rxcmp/s   txcmp/s  rxmcst/s   %ifutil
06:13:26         ens5    126.00    174.00     73.21    130.99      0.00      0.00      0.00      0.00

06:13:26        IFACE   rxpck/s   txpck/s    rxkB/s    txkB/s   rxcmp/s   txcmp/s  rxmcst/s   %ifutil
06:13:27         ens5    126.00    185.00     75.11    139.19      0.00      0.00      0.00      0.00

06:13:27        IFACE   rxpck/s   txpck/s    rxkB/s    txkB/s   rxcmp/s   txcmp/s  rxmcst/s   %ifutil
06:13:28         ens5    122.00    172.00     71.12    130.49      0.00      0.00      0.00      0.00

06:13:28        IFACE   rxpck/s   txpck/s    rxkB/s    txkB/s   rxcmp/s   txcmp/s  rxmcst/s   %ifutil
06:13:29         ens5    128.00    186.00     75.25    139.54      0.00      0.00      0.00      0.00

06:13:29        IFACE   rxpck/s   txpck/s    rxkB/s    txkB/s   rxcmp/s   txcmp/s  rxmcst/s   %ifutil
06:13:30         ens5    120.00    172.00     70.91    130.47      0.00      0.00      0.00      0.00

06:13:30        IFACE   rxpck/s   txpck/s    rxkB/s    txkB/s   rxcmp/s   txcmp/s  rxmcst/s   %ifutil
06:13:31         ens5    127.00    182.00     75.18    138.13      0.00      0.00      0.00      0.00

06:13:31        IFACE   rxpck/s   txpck/s    rxkB/s    txkB/s   rxcmp/s   txcmp/s  rxmcst/s   %ifutil
06:13:32         ens5    127.00    180.00     74.83    137.38      0.00      0.00      0.00      0.00

06:13:32        IFACE   rxpck/s   txpck/s    rxkB/s    txkB/s   rxcmp/s   txcmp/s  rxmcst/s   %ifutil
06:13:33         ens5    128.00    185.00     75.58    138.95      0.00      0.00      0.00      0.00

06:13:33        IFACE   rxpck/s   txpck/s    rxkB/s    txkB/s   rxcmp/s   txcmp/s  rxmcst/s   %ifutil
06:13:34         ens5    124.00    181.00     73.76    137.99      0.00      0.00      0.00      0.00

06:13:34        IFACE   rxpck/s   txpck/s    rxkB/s    txkB/s   rxcmp/s   txcmp/s  rxmcst/s   %ifutil
06:13:35         ens5    123.00    172.00     72.11    130.27      0.00      0.00      0.00      0.00

06:13:35        IFACE   rxpck/s   txpck/s    rxkB/s    txkB/s   rxcmp/s   txcmp/s  rxmcst/s   %ifutil
06:13:36         ens5    125.00    181.00     74.65    137.49      0.00      0.00      0.00      0.00

06:13:36        IFACE   rxpck/s   txpck/s    rxkB/s    txkB/s   rxcmp/s   txcmp/s  rxmcst/s   %ifutil
06:13:37         ens5    126.00    181.00     74.82    137.50      0.00      0.00      0.00      0.00

06:13:37        IFACE   rxpck/s   txpck/s    rxkB/s    txkB/s   rxcmp/s   txcmp/s  rxmcst/s   %ifutil
06:13:38         ens5    124.00    173.00     71.45    130.47      0.00      0.00      0.00      0.00

06:13:38        IFACE   rxpck/s   txpck/s    rxkB/s    txkB/s   rxcmp/s   txcmp/s  rxmcst/s   %ifutil
06:13:39         ens5    126.00    182.00     75.00    137.80      0.00      0.00      0.00      0.00

06:13:39        IFACE   rxpck/s   txpck/s    rxkB/s    txkB/s   rxcmp/s   txcmp/s  rxmcst/s   %ifutil
06:13:40         ens5    124.00    181.00     74.11    137.99      0.00      0.00      0.00      0.00

06:13:40        IFACE   rxpck/s   txpck/s    rxkB/s    txkB/s   rxcmp/s   txcmp/s  rxmcst/s   %ifutil
06:13:41         ens5    126.00    173.00     72.92    130.63      0.00      0.00      0.00      0.00

06:13:41        IFACE   rxpck/s   txpck/s    rxkB/s    txkB/s   rxcmp/s   txcmp/s  rxmcst/s   %ifutil
06:13:42         ens5    124.00    180.00     74.60    137.39      0.00      0.00      0.00      0.00

06:13:42        IFACE   rxpck/s   txpck/s    rxkB/s    txkB/s   rxcmp/s   txcmp/s  rxmcst/s   %ifutil
06:13:43         ens5    124.00    181.00     73.76    138.03      0.00      0.00      0.00      0.00

06:13:43        IFACE   rxpck/s   txpck/s    rxkB/s    txkB/s   rxcmp/s   txcmp/s  rxmcst/s   %ifutil
06:13:44         ens5    127.00    173.00     72.63    130.39      0.00      0.00      0.00      0.00

06:13:44        IFACE   rxpck/s   txpck/s    rxkB/s    txkB/s   rxcmp/s   txcmp/s  rxmcst/s   %ifutil
06:13:45         ens5    128.00    181.00     75.24    137.77      0.00      0.00      0.00      0.00

06:13:45        IFACE   rxpck/s   txpck/s    rxkB/s    txkB/s   rxcmp/s   txcmp/s  rxmcst/s   %ifutil
06:13:46         ens5    124.00    182.00     73.73    138.31      0.00      0.00      0.00      0.00

06:13:46        IFACE   rxpck/s   txpck/s    rxkB/s    txkB/s   rxcmp/s   txcmp/s  rxmcst/s   %ifutil
06:13:47         ens5    125.00    175.00     72.84    131.34      0.00      0.00      0.00      0.00

06:13:47        IFACE   rxpck/s   txpck/s    rxkB/s    txkB/s   rxcmp/s   txcmp/s  rxmcst/s   %ifutil
06:13:48         ens5    126.00    182.00     74.80    138.12      0.00      0.00      0.00      0.00

06:13:48        IFACE   rxpck/s   txpck/s    rxkB/s    txkB/s   rxcmp/s   txcmp/s  rxmcst/s   %ifutil
06:13:49         ens5    126.00    182.00     74.20    138.04      0.00      0.00      0.00      0.00

06:13:49        IFACE   rxpck/s   txpck/s    rxkB/s    txkB/s   rxcmp/s   txcmp/s  rxmcst/s   %ifutil
06:13:50         ens5    124.00    174.00     72.38    130.93      0.00      0.00      0.00      0.00

06:13:50        IFACE   rxpck/s   txpck/s    rxkB/s    txkB/s   rxcmp/s   txcmp/s  rxmcst/s   %ifutil
06:13:51         ens5    125.00    181.00     74.75    137.77      0.00      0.00      0.00      0.00

06:13:51        IFACE   rxpck/s   txpck/s    rxkB/s    txkB/s   rxcmp/s   txcmp/s  rxmcst/s   %ifutil
06:13:52         ens5    121.00    170.00     71.05    129.79      0.00      0.00      0.00      0.00

06:13:52        IFACE   rxpck/s   txpck/s    rxkB/s    txkB/s   rxcmp/s   txcmp/s  rxmcst/s   %ifutil
06:13:53         ens5    111.00    180.00     73.90    137.40      0.00      0.00      0.00      0.00

06:13:53        IFACE   rxpck/s   txpck/s    rxkB/s    txkB/s   rxcmp/s   txcmp/s  rxmcst/s   %ifutil
06:13:54         ens5    106.00    180.00     73.69    137.40      0.00      0.00      0.00      0.00

06:13:54        IFACE   rxpck/s   txpck/s    rxkB/s    txkB/s   rxcmp/s   txcmp/s  rxmcst/s   %ifutil
06:13:55         ens5    103.00    170.00     69.83    129.72      0.00      0.00      0.00      0.00

06:13:55        IFACE   rxpck/s   txpck/s    rxkB/s    txkB/s   rxcmp/s   txcmp/s  rxmcst/s   %ifutil
06:13:56         ens5     74.00    121.00     49.68     91.98      0.00      0.00      0.00      0.00

06:13:56        IFACE   rxpck/s   txpck/s    rxkB/s    txkB/s   rxcmp/s   txcmp/s  rxmcst/s   %ifutil
06:13:57         ens5      0.00      0.00      0.00      0.00      0.00      0.00      0.00      0.00


Average:        IFACE   rxpck/s   txpck/s    rxkB/s    txkB/s   rxcmp/s   txcmp/s  rxmcst/s   %ifutil
Average:         ens5    105.59    150.91     61.65    113.33      0.00      0.00      0.00      0.00
