Linux 7.0.0-1008-aws (ip-172-31-31-224) 	08/07/26 	_x86_64_	(2 CPU)

07:44:22        IFACE   rxpck/s   txpck/s    rxkB/s    txkB/s   rxcmp/s   txcmp/s  rxmcst/s   %ifutil
07:44:23         ens5     57.00     57.00      4.58      6.74      0.00      0.00      0.00      0.00

07:44:23        IFACE   rxpck/s   txpck/s    rxkB/s    txkB/s   rxcmp/s   txcmp/s  rxmcst/s   %ifutil
07:44:24         ens5     54.00     54.00      4.45      5.97      0.00      0.00      0.00      0.00

07:44:24        IFACE   rxpck/s   txpck/s    rxkB/s    txkB/s   rxcmp/s   txcmp/s  rxmcst/s   %ifutil
07:44:25         ens5     25.00     25.00      1.80      3.60      0.00      0.00      0.00      0.00

07:44:25        IFACE   rxpck/s   txpck/s    rxkB/s    txkB/s   rxcmp/s   txcmp/s  rxmcst/s   %ifutil
07:44:26         ens5      8.00      7.00      0.41      1.52      0.00      0.00      0.00      0.00

07:44:26        IFACE   rxpck/s   txpck/s    rxkB/s    txkB/s   rxcmp/s   txcmp/s  rxmcst/s   %ifutil
07:44:27         ens5      3.00      3.00      0.15      0.66      0.00      0.00      0.00      0.00

07:44:27        IFACE   rxpck/s   txpck/s    rxkB/s    txkB/s   rxcmp/s   txcmp/s  rxmcst/s   %ifutil
07:44:28         ens5     11.00     11.00      0.56      2.30      0.00      0.00      0.00      0.00

07:44:28        IFACE   rxpck/s   txpck/s    rxkB/s    txkB/s   rxcmp/s   txcmp/s  rxmcst/s   %ifutil
07:44:29         ens5      6.00      6.00      0.30      1.16      0.00      0.00      0.00      0.00

07:44:29        IFACE   rxpck/s   txpck/s    rxkB/s    txkB/s   rxcmp/s   txcmp/s  rxmcst/s   %ifutil
07:44:30         ens5      5.00      6.00      0.25      1.28      0.00      0.00      0.00      0.00

07:44:30        IFACE   rxpck/s   txpck/s    rxkB/s    txkB/s   rxcmp/s   txcmp/s  rxmcst/s   %ifutil
07:44:31         ens5     69.00    162.00     33.96    162.98      0.00      0.00      0.00      0.00

07:44:31        IFACE   rxpck/s   txpck/s    rxkB/s    txkB/s   rxcmp/s   txcmp/s  rxmcst/s   %ifutil
07:44:32         ens5    148.00    351.00     75.41    345.54      0.00      0.00      0.00      0.00

07:44:32        IFACE   rxpck/s   txpck/s    rxkB/s    txkB/s   rxcmp/s   txcmp/s  rxmcst/s   %ifutil
07:44:33         ens5    137.00    352.00     75.02    345.72      0.00      0.00      0.00      0.00

07:44:33        IFACE   rxpck/s   txpck/s    rxkB/s    txkB/s   rxcmp/s   txcmp/s  rxmcst/s   %ifutil
07:44:34         ens5    128.00    348.00     74.53    345.42      0.00      0.00      0.00      0.00

07:44:34        IFACE   rxpck/s   txpck/s    rxkB/s    txkB/s   rxcmp/s   txcmp/s  rxmcst/s   %ifutil
07:44:35         ens5    131.00    353.00     74.65    345.72      0.00      0.00      0.00      0.00

07:44:35        IFACE   rxpck/s   txpck/s    rxkB/s    txkB/s   rxcmp/s   txcmp/s  rxmcst/s   %ifutil
07:44:36         ens5    129.00    360.00     77.05    354.99      0.00      0.00      0.00      0.00

07:44:36        IFACE   rxpck/s   txpck/s    rxkB/s    txkB/s   rxcmp/s   txcmp/s  rxmcst/s   %ifutil
07:44:37         ens5    128.00    359.00     75.76    355.21      0.00      0.00      0.00      0.00

07:44:37        IFACE   rxpck/s   txpck/s    rxkB/s    txkB/s   rxcmp/s   txcmp/s  rxmcst/s   %ifutil
07:44:38         ens5    134.00    351.00     74.95    345.89      0.00      0.00      0.00      0.00

07:44:38        IFACE   rxpck/s   txpck/s    rxkB/s    txkB/s   rxcmp/s   txcmp/s  rxmcst/s   %ifutil
07:44:39         ens5    132.00    357.00     77.30    354.99      0.00      0.00      0.00      0.00

07:44:39        IFACE   rxpck/s   txpck/s    rxkB/s    txkB/s   rxcmp/s   txcmp/s  rxmcst/s   %ifutil
07:44:40         ens5    150.00    363.00     76.95    355.63      0.00      0.00      0.00      0.00

07:44:40        IFACE   rxpck/s   txpck/s    rxkB/s    txkB/s   rxcmp/s   txcmp/s  rxmcst/s   %ifutil
07:44:41         ens5    149.00    350.00     78.09    345.74      0.00      0.00      0.00      0.00

07:44:41        IFACE   rxpck/s   txpck/s    rxkB/s    txkB/s   rxcmp/s   txcmp/s  rxmcst/s   %ifutil
07:44:42         ens5    142.00    353.00     72.72    345.90      0.00      0.00      0.00      0.00

07:44:42        IFACE   rxpck/s   txpck/s    rxkB/s    txkB/s   rxcmp/s   txcmp/s  rxmcst/s   %ifutil
07:44:43         ens5    147.00    363.00     78.02    355.36      0.00      0.00      0.00      0.00

07:44:43        IFACE   rxpck/s   txpck/s    rxkB/s    txkB/s   rxcmp/s   txcmp/s  rxmcst/s   %ifutil
07:44:44         ens5    146.00    352.00     75.43    345.81      0.00      0.00      0.00      0.00

07:44:44        IFACE   rxpck/s   txpck/s    rxkB/s    txkB/s   rxcmp/s   txcmp/s  rxmcst/s   %ifutil
07:44:45         ens5    148.00    366.00     76.80    355.71      0.00      0.00      0.00      0.00

07:44:45        IFACE   rxpck/s   txpck/s    rxkB/s    txkB/s   rxcmp/s   txcmp/s  rxmcst/s   %ifutil
07:44:46         ens5    150.00    357.00     75.65    346.16      0.00      0.00      0.00      0.00

07:44:46        IFACE   rxpck/s   txpck/s    rxkB/s    txkB/s   rxcmp/s   txcmp/s  rxmcst/s   %ifutil
07:44:47         ens5    133.00    352.00     74.78    345.77      0.00      0.00      0.00      0.00

07:44:47        IFACE   rxpck/s   txpck/s    rxkB/s    txkB/s   rxcmp/s   txcmp/s  rxmcst/s   %ifutil
07:44:48         ens5    131.00    359.00     77.26    355.12      0.00      0.00      0.00      0.00

07:44:48        IFACE   rxpck/s   txpck/s    rxkB/s    txkB/s   rxcmp/s   txcmp/s  rxmcst/s   %ifutil
07:44:49         ens5    131.00    366.00     75.96    355.82      0.00      0.00      0.00      0.00

07:44:49        IFACE   rxpck/s   txpck/s    rxkB/s    txkB/s   rxcmp/s   txcmp/s  rxmcst/s   %ifutil
07:44:50         ens5    130.00    352.00     74.66    345.80      0.00      0.00      0.00      0.00

07:44:50        IFACE   rxpck/s   txpck/s    rxkB/s    txkB/s   rxcmp/s   txcmp/s  rxmcst/s   %ifutil
07:44:51         ens5    131.00    357.00     77.26    354.99      0.00      0.00      0.00      0.00

07:44:51        IFACE   rxpck/s   txpck/s    rxkB/s    txkB/s   rxcmp/s   txcmp/s  rxmcst/s   %ifutil
07:44:52         ens5    121.00    338.00     70.43    326.93      0.00      0.00      0.00      0.00

07:44:52        IFACE   rxpck/s   txpck/s    rxkB/s    txkB/s   rxcmp/s   txcmp/s  rxmcst/s   %ifutil
07:44:53         ens5    115.00    326.00     67.55    317.29      0.00      0.00      0.00      0.00

07:44:53        IFACE   rxpck/s   txpck/s    rxkB/s    txkB/s   rxcmp/s   txcmp/s  rxmcst/s   %ifutil
07:44:54         ens5    128.00    348.00     74.54    345.55      0.00      0.00      0.00      0.00

07:44:54        IFACE   rxpck/s   txpck/s    rxkB/s    txkB/s   rxcmp/s   txcmp/s  rxmcst/s   %ifutil
07:44:55         ens5    129.00    360.00     77.01    355.21      0.00      0.00      0.00      0.00

07:44:55        IFACE   rxpck/s   txpck/s    rxkB/s    txkB/s   rxcmp/s   txcmp/s  rxmcst/s   %ifutil
07:44:56         ens5    130.00    360.00     75.91    355.35      0.00      0.00      0.00      0.00

07:44:56        IFACE   rxpck/s   txpck/s    rxkB/s    txkB/s   rxcmp/s   txcmp/s  rxmcst/s   %ifutil
07:44:57         ens5    134.00    359.00     77.36    355.26      0.00      0.00      0.00      0.00

07:44:57        IFACE   rxpck/s   txpck/s    rxkB/s    txkB/s   rxcmp/s   txcmp/s  rxmcst/s   %ifutil
07:44:58         ens5    128.00    365.00     75.80    355.66      0.00      0.00      0.00      0.00

07:44:58        IFACE   rxpck/s   txpck/s    rxkB/s    txkB/s   rxcmp/s   txcmp/s  rxmcst/s   %ifutil
07:44:59         ens5    128.00    353.00     74.56    345.88      0.00      0.00      0.00      0.00

07:44:59        IFACE   rxpck/s   txpck/s    rxkB/s    txkB/s   rxcmp/s   txcmp/s  rxmcst/s   %ifutil
07:45:00         ens5    124.00    333.00     70.58    326.70      0.00      0.00      0.00      0.00

07:45:00        IFACE   rxpck/s   txpck/s    rxkB/s    txkB/s   rxcmp/s   txcmp/s  rxmcst/s   %ifutil
07:45:01         ens5    130.00    357.00     77.15    354.98      0.00      0.00      0.00      0.00

07:45:01        IFACE   rxpck/s   txpck/s    rxkB/s    txkB/s   rxcmp/s   txcmp/s  rxmcst/s   %ifutil
07:45:02         ens5    104.00    283.00     61.74    278.66      0.00      0.00      0.00      0.00

07:45:02        IFACE   rxpck/s   txpck/s    rxkB/s    txkB/s   rxcmp/s   txcmp/s  rxmcst/s   %ifutil
07:45:03         ens5    127.00    356.00     74.50    354.93      0.00      0.00      0.00      0.00

07:45:03        IFACE   rxpck/s   txpck/s    rxkB/s    txkB/s   rxcmp/s   txcmp/s  rxmcst/s   %ifutil
07:45:04         ens5    130.00    362.00     75.89    355.55      0.00      0.00      0.00      0.00

07:45:04        IFACE   rxpck/s   txpck/s    rxkB/s    txkB/s   rxcmp/s   txcmp/s  rxmcst/s   %ifutil
07:45:05         ens5    127.00    350.00     74.43    345.71      0.00      0.00      0.00      0.00

07:45:05        IFACE   rxpck/s   txpck/s    rxkB/s    txkB/s   rxcmp/s   txcmp/s  rxmcst/s   %ifutil
07:45:06         ens5    128.00    354.00     74.51    345.93      0.00      0.00      0.00      0.00

07:45:06        IFACE   rxpck/s   txpck/s    rxkB/s    txkB/s   rxcmp/s   txcmp/s  rxmcst/s   %ifutil
07:45:07         ens5    134.00    370.00     78.65    364.89      0.00      0.00      0.00      0.00

07:45:07        IFACE   rxpck/s   txpck/s    rxkB/s    txkB/s   rxcmp/s   txcmp/s  rxmcst/s   %ifutil
07:45:08         ens5    130.00    356.00     74.68    346.14      0.00      0.00      0.00      0.00

07:45:08        IFACE   rxpck/s   txpck/s    rxkB/s    txkB/s   rxcmp/s   txcmp/s  rxmcst/s   %ifutil
07:45:09         ens5    129.00    355.00     74.61    346.00      0.00      0.00      0.00      0.00

07:45:09        IFACE   rxpck/s   txpck/s    rxkB/s    txkB/s   rxcmp/s   txcmp/s  rxmcst/s   %ifutil
07:45:10         ens5    131.00    373.00     78.46    364.99      0.00      0.00      0.00      0.00

07:45:10        IFACE   rxpck/s   txpck/s    rxkB/s    txkB/s   rxcmp/s   txcmp/s  rxmcst/s   %ifutil
07:45:11         ens5    130.00    359.00     74.63    346.29      0.00      0.00      0.00      0.00

07:45:11        IFACE   rxpck/s   txpck/s    rxkB/s    txkB/s   rxcmp/s   txcmp/s  rxmcst/s   %ifutil
07:45:12         ens5    131.00    361.00     77.29    355.28      0.00      0.00      0.00      0.00

07:45:12        IFACE   rxpck/s   txpck/s    rxkB/s    txkB/s   rxcmp/s   txcmp/s  rxmcst/s   %ifutil
07:45:13         ens5    128.00    362.00     75.80    355.45      0.00      0.00      0.00      0.00

07:45:13        IFACE   rxpck/s   txpck/s    rxkB/s    txkB/s   rxcmp/s   txcmp/s  rxmcst/s   %ifutil
07:45:14         ens5    132.00    358.00     74.73    346.26      0.00      0.00      0.00      0.00

07:45:14        IFACE   rxpck/s   txpck/s    rxkB/s    txkB/s   rxcmp/s   txcmp/s  rxmcst/s   %ifutil
07:45:15         ens5    131.00    361.00     77.26    355.21      0.00      0.00      0.00      0.00

07:45:15        IFACE   rxpck/s   txpck/s    rxkB/s    txkB/s   rxcmp/s   txcmp/s  rxmcst/s   %ifutil
07:45:16         ens5    129.00    365.00     75.82    355.66      0.00      0.00      0.00      0.00

07:45:16        IFACE   rxpck/s   txpck/s    rxkB/s    txkB/s   rxcmp/s   txcmp/s  rxmcst/s   %ifutil
07:45:17         ens5    136.00    351.00     74.85    345.75      0.00      0.00      0.00      0.00

07:45:17        IFACE   rxpck/s   txpck/s    rxkB/s    txkB/s   rxcmp/s   txcmp/s  rxmcst/s   %ifutil
07:45:18         ens5    152.00    364.00     78.30    351.76      0.00      0.00      0.00      0.00

07:45:18        IFACE   rxpck/s   txpck/s    rxkB/s    txkB/s   rxcmp/s   txcmp/s  rxmcst/s   %ifutil
07:45:19         ens5    146.00    369.00     76.70    359.57      0.00      0.00      0.00      0.00

07:45:19        IFACE   rxpck/s   txpck/s    rxkB/s    txkB/s   rxcmp/s   txcmp/s  rxmcst/s   %ifutil
07:45:20         ens5    153.00    354.00     78.41    346.07      0.00      0.00      0.00      0.00

07:45:20        IFACE   rxpck/s   txpck/s    rxkB/s    txkB/s   rxcmp/s   txcmp/s  rxmcst/s   %ifutil
07:45:21         ens5    148.00    377.00     76.73    365.31      0.00      0.00      0.00      0.00

07:45:21        IFACE   rxpck/s   txpck/s    rxkB/s    txkB/s   rxcmp/s   txcmp/s  rxmcst/s   %ifutil
07:45:22         ens5    148.00    353.00     75.49    345.98      0.00      0.00      0.00      0.00

07:45:22        IFACE   rxpck/s   txpck/s    rxkB/s    txkB/s   rxcmp/s   txcmp/s  rxmcst/s   %ifutil
07:45:23         ens5    148.00    365.00     78.13    355.52      0.00      0.00      0.00      0.00

07:45:23        IFACE   rxpck/s   txpck/s    rxkB/s    txkB/s   rxcmp/s   txcmp/s  rxmcst/s   %ifutil
07:45:24         ens5    148.00    367.00     76.79    355.78      0.00      0.00      0.00      0.00

07:45:24        IFACE   rxpck/s   txpck/s    rxkB/s    txkB/s   rxcmp/s   txcmp/s  rxmcst/s   %ifutil
07:45:25         ens5    148.00    357.00     75.56    346.21      0.00      0.00      0.00      0.00

07:45:25        IFACE   rxpck/s   txpck/s    rxkB/s    txkB/s   rxcmp/s   txcmp/s  rxmcst/s   %ifutil
07:45:26         ens5    113.00    277.00     58.67    269.15      0.00      0.00      0.00      0.00

07:45:26        IFACE   rxpck/s   txpck/s    rxkB/s    txkB/s   rxcmp/s   txcmp/s  rxmcst/s   %ifutil
07:45:27         ens5      0.00      0.00      0.00      0.00      0.00      0.00      0.00      0.00


Average:        IFACE   rxpck/s   txpck/s    rxkB/s    txkB/s   rxcmp/s   txcmp/s  rxmcst/s   %ifutil
Average:         ens5    117.25    304.77     64.28    296.68      0.00      0.00      0.00      0.00
