Linux 7.0.0-1008-aws (ip-172-31-20-134) 	08/07/26 	_x86_64_	(2 CPU)

17:42:51        CPU     %user     %nice   %system   %iowait    %steal     %idle
17:42:52        all      1.01      0.00      2.02      0.00      0.00     96.97
17:42:53        all      0.50      0.00      0.00      0.00      0.00     99.50
17:42:54        all      0.50      0.00      0.00      0.00      0.00     99.50
17:42:55        all      0.00      0.00      0.50      0.00      0.00     99.50
17:42:56        all      0.50      0.00      0.50      0.00      0.00     99.00
17:42:57        all      0.00      0.00      0.00      0.00      0.00    100.00
17:42:58        all      8.16      0.00      1.02      0.00      0.00     90.82
17:42:59        all     24.10      0.00      4.10      0.00      0.00     71.79
17:43:00        all     10.61      0.00      1.01      0.00      2.53     85.86
17:43:01        all     10.66      0.00      1.02      0.00      0.00     88.32
17:43:02        all      9.14      0.00      2.03      0.51      0.00     88.32
17:43:03        all     11.22      0.00      0.51      0.00      0.00     88.27
17:43:04        all     10.66      0.00      1.02      0.00      0.00     88.32
17:43:05        all      9.74      0.00      1.03      0.00      0.00     89.23
17:43:06        all     11.11      0.00      1.52      0.00      0.00     87.37
17:43:07        all     10.26      0.00      1.03      0.00      0.00     88.72
17:43:08        all     10.55      0.00      1.51      0.00      0.50     87.44
17:43:09        all     11.17      0.00      1.02      0.00      0.00     87.82
17:43:10        all     11.17      0.00      1.02      0.00      0.00     87.82
17:43:11        all     10.20      0.00      1.53      0.00      0.00     88.27
17:43:12        all      9.69      0.00      1.53      0.00      0.00     88.78
17:43:13        all     11.11      0.00      1.01      0.00      0.00     87.88
17:43:14        all     16.67      0.00      3.03      0.00      0.00     80.30
17:43:15        all     10.15      0.00      1.02      0.51      0.00     88.32
17:43:16        all     11.28      0.00      0.51      0.00      0.00     88.21
17:43:17        all     14.14      0.00      1.01      0.00      0.00     84.85
17:43:18        all     10.20      0.00      1.53      0.00      0.00     88.27
17:43:19        all     10.26      0.00      1.03      0.00      0.00     88.72
17:43:20        all     10.55      0.00      1.01      0.00      0.50     87.94
17:43:21        all     10.71      0.00      1.02      0.00      0.00     88.27
17:43:22        all     10.15      0.00      1.52      0.00      0.00     88.32
17:43:23        all     10.20      0.00      1.02      0.00      0.00     88.78
17:43:24        all     10.61      0.00      1.52      0.00      0.00     87.88
17:43:25        all     10.20      0.00      1.02      0.00      0.00     88.78
17:43:26        all     10.66      0.00      1.52      0.00      0.00     87.82
17:43:27        all     10.55      0.00      2.01      1.01      0.00     86.43
17:43:28        all     10.20      0.00      1.02      0.00      0.00     88.78
17:43:29        all     16.41      0.00      1.54      0.00      0.00     82.05
17:43:30        all     10.66      0.00      1.02      0.00      0.51     87.82
17:43:31        all     11.11      0.00      1.52      0.00      0.00     87.37
17:43:32        all     10.26      0.00      1.54      0.51      0.00     87.69
17:43:33        all     10.61      0.00      1.52      0.51      0.00     87.37
17:43:34        all      9.64      0.00      1.52      0.00      0.00     88.83
17:43:35        all     10.26      0.00      0.51      0.00      0.00     89.23
17:43:36        all     10.20      0.00      1.02      0.00      0.00     88.78
17:43:37        all     10.61      0.00      2.02      0.00      0.00     87.37
17:43:38        all     10.61      0.00      1.52      0.00      0.00     87.88
17:43:39        all     10.20      0.00      1.02      0.00      0.00     88.78
17:43:40        all     10.15      0.00      0.51      0.00      0.51     88.83
17:43:41        all     11.62      0.00      1.52      0.00      0.00     86.87
17:43:42        all     10.77      0.00      0.51      0.00      0.00     88.72
17:43:43        all     10.15      0.00      1.02      0.00      0.00     88.83
17:43:44        all     16.24      0.00      2.54      0.00      0.00     81.22
17:43:45        all     10.55      0.00      1.51      0.00      0.50     87.44
17:43:46        all     10.71      0.00      1.02      0.00      0.00     88.27
17:43:47        all     10.20      0.00      0.00      0.00      0.00     89.80
17:43:48        all     10.71      0.00      2.04      0.00      0.00     87.24
17:43:49        all     10.20      0.00      1.02      0.00      0.00     88.78
17:43:50        all     10.55      0.00      1.51      0.00      0.50     87.44
17:43:51        all     10.77      0.00      0.51      0.00      0.51     88.21
17:43:52        all     10.15      0.00      1.02      0.00      0.00     88.83
17:43:53        all      2.00      0.00      0.50      0.00      0.00     97.50
17:43:54        all      0.00      0.00      0.00      0.00      0.00    100.00

Average:        all      9.73      0.00      1.18      0.05      0.10     88.94
