Linux 7.0.0-1008-aws (ip-172-31-20-134) 	08/07/26 	_x86_64_	(2 CPU)

17:42:51    kbmemfree   kbavail kbmemused  %memused kbbuffers  kbcached  kbcommit   %commit  kbactive   kbinact   kbdirty
17:42:52       198320   1298256    370572     19.00     20016   1172876   1628164     83.46    765200    706380       508
17:42:53       198320   1298256    370572     19.00     20016   1172876   1628164     83.46    765200    706380       508
17:42:54       198320   1298256    370572     19.00     20016   1172876   1628164     83.46    765200    706380       508
17:42:55       198320   1298256    370572     19.00     20016   1172876   1628164     83.46    765200    706380       508
17:42:56       198320   1298256    370572     19.00     20016   1172876   1628164     83.46    765200    706380       508
17:42:57       198320   1298256    370568     19.00     20016   1172880   1628164     83.46    765200    706380       512
17:42:58       198068   1298248    370580     19.00     20016   1173120   1646556     84.40    770412    706624       752
17:42:59       182736   1283672    385156     19.74     20228   1173664   1650928     84.63    772028    707268      1180
17:43:00       182736   1284024    384804     19.73     20228   1174016   1651016     84.63    773168    707620      1532
17:43:01       182736   1284472    384320     19.70     20228   1174500   1651192     84.64    773996    708068      2016
17:43:02       182736   1284908    383900     19.68     20252   1174896   1651284     84.65    774200    708504      2928
17:43:03       182736   1285308    383500     19.66     20252   1175296   1651284     84.65    775744    708852      3316
17:43:04       182736   1285764    383140     19.64     20252   1175656   1651368     84.65    776896    709308      3676
17:43:05       182736   1286172    382632     19.61     20252   1176164   1651388     84.65    776484    709716      4184
17:43:06       182736   1286568    382248     19.59     20252   1176548   1651420     84.65    776564    710112      4568
17:43:07       182736   1287036    381736     19.57     20252   1177060   1651420     84.65    777044    710580      5080
17:43:08       182736   1287524    381288     19.55     20252   1177508   1651420     84.65    777176    711068      5528
17:43:09       182736   1287900    380920     19.53     20252   1177876   1651432     84.65    777512    711444      5896
17:43:10       182736   1288368    380404     19.50     20252   1178392   1655784     84.88    777696    711912      6412
17:43:11       182736   1288800    380028     19.48     20252   1178768   1655828     84.88    778472    712344      6788
17:43:12       182736   1289228    379508     19.45     20252   1179288   1655828     84.88    778820    712772      7308
17:43:13       182736   1289716    379140     19.44     20252   1179656   1655952     84.89    779336    713260      7676
17:43:14       182736   1290216    378612     19.41     20252   1180184   1656036     84.89    779684    713760      8204
17:43:15       182736   1290600    378176     19.39     20252   1180620   1656048     84.89    780072    714144      8268
17:43:16       182736   1291048    377804     19.37     20252   1180992   1656084     84.89    780460    714592      8640
17:43:17       182736   1291544    377280     19.34     20252   1181516   1656216     84.90    781236    715088      9164
17:43:18       182736   1292000    376828     19.32     20252   1181968   1656236     84.90    781772    715544      9616
17:43:19       181980   1291612    377216     19.34     20252   1182336   1660368     85.11    783460    715912      9984
17:43:20       181728   1291784    376952     19.32     20252   1182852   1660368     85.11    783832    716336     10500
17:43:21       181224   1291688    377092     19.33     20252   1183216   1660368     85.11    783924    716744     10864
17:43:22       180972   1292000    376824     19.32     20252   1183736   1660368     85.11    784000    717308     11336
17:43:23       180468   1291928    376956     19.32     20252   1184108   1660368     85.11    784152    717740     11708
17:43:24       179712   1291628    377200     19.34     20252   1184620   1660636     85.13    784396    718196     12220
17:43:25       178956   1291264    377576     19.36     20252   1185000   1660700     85.13    784972    718588     12508
17:43:26       178452   1291168    377564     19.35     20252   1185516   1660700     85.13    785272    718996     12960
17:43:27       178200   1291460    377368     19.34     20252   1185964   1660720     85.13    785620    719540       764
17:43:28       177948   1291636    377240     19.34     20252   1186344   1660792     85.13    786356    719968      1152
17:43:29       176688   1290688    378044     19.38     20252   1186800   1660792     85.13    786488    720280      1608
17:43:30       176436   1290984    377792     19.37     20252   1187304   1660792     85.13    786504    720828      2112
17:43:31       175428   1290480    378348     19.39     20252   1187756   1664888     85.34    787364    721332      2564
17:43:32       174924   1290460    378272     19.39     20284   1188304   1664984     85.35    787608    721816      3124
17:43:33       173664   1289812    379016     19.43     20284   1188820   1664984     85.35    788672    722428      3100
17:43:34       173160   1289752    379072     19.43     20284   1189268   1665020     85.35    788744    722872      3572
17:43:35       171900   1288840    379900     19.47     20284   1189700   1665020     85.35    790396    723220      4004
17:43:36       170892   1288276    380464     19.50     20284   1190144   1665020     85.35    791100    723664      4448
17:43:37       170388   1288204    380532     19.51     20284   1190580   1665020     85.35    791160    724096      4884
17:43:38       169884   1288156    380568     19.51     20284   1191048   1665020     85.35    791280    724552      5352
17:43:39       169380   1288044    380652     19.51     20284   1191468   1665020     85.35    791344    724944      5772
17:43:40       169128   1288236    380444     19.50     20284   1191928   1665020     85.35    791360    725388      6232
17:43:41       167868   1287532    381236     19.54     20284   1192396   1669180     85.56    791996    725944      6700
17:43:42       167364   1287448    381316     19.55     20284   1192820   1669180     85.56    791996    726364      7124
17:43:43       166860   1287396    381348     19.55     20284   1193292   1669224     85.57    792116    726816      7596
17:43:44       165600   1286532    382188     19.59     20284   1193712   1669236     85.57    792596    727212      8016
17:43:45       164592   1285916    382736     19.62     20292   1194164   1669248     85.57    793464    727604      8516
17:43:46       164088   1285964    382784     19.62     20292   1194620   1669304     85.57    793676    728156      8972
17:43:47       163584   1285880    382868     19.63     20292   1195040   1669312     85.57    793676    728576      9392
17:43:48       161316   1284096    384668     19.72     20292   1195508   1669552     85.58    795476    729060      9860
17:43:49       160812   1283844    384748     19.72     20292   1195932   1669552     85.58    795476    729312     10284
17:43:50       160308   1283824    384828     19.73     20292   1196356   1669592     85.59    795528    729796     10708
17:43:51       158040   1282028    386636     19.82     20292   1196816   1673808     85.80    797512    730268     11168
17:43:52       157288   1281772    386964     19.84     20292   1197240   1673940     85.81    797576    730764     11592
17:43:53       157036   1281648    387176     19.85     20292   1197280   1674072     85.82    797736    730892     11632
17:43:54       157036   1281648    387108     19.84     20292   1197348   1674072     85.82    797736    730892     11700

Average:       177556   1289147    379637     19.46     20238   1184354   1657936     84.99    783405    717893      6187
