Linux 7.0.0-1008-aws (ip-172-31-20-134) 	08/07/26 	_x86_64_	(2 CPU)

17:42:51        IFACE   rxpck/s   txpck/s    rxkB/s    txkB/s   rxcmp/s   txcmp/s  rxmcst/s   %ifutil
17:42:52         ens5     54.00     59.00      4.54      6.20      0.00      0.00      0.00      0.00

17:42:52        IFACE   rxpck/s   txpck/s    rxkB/s    txkB/s   rxcmp/s   txcmp/s  rxmcst/s   %ifutil
17:42:53         ens5     15.00     14.00      1.25      1.39      0.00      0.00      0.00      0.00

17:42:53        IFACE   rxpck/s   txpck/s    rxkB/s    txkB/s   rxcmp/s   txcmp/s  rxmcst/s   %ifutil
17:42:54         ens5      0.00      0.00      0.00      0.00      0.00      0.00      0.00      0.00

17:42:54        IFACE   rxpck/s   txpck/s    rxkB/s    txkB/s   rxcmp/s   txcmp/s  rxmcst/s   %ifutil
17:42:55         ens5      1.00      1.00      0.07      0.09      0.00      0.00      0.00      0.00

17:42:55        IFACE   rxpck/s   txpck/s    rxkB/s    txkB/s   rxcmp/s   txcmp/s  rxmcst/s   %ifutil
17:42:56         ens5      0.00      0.00      0.00      0.00      0.00      0.00      0.00      0.00

17:42:56        IFACE   rxpck/s   txpck/s    rxkB/s    txkB/s   rxcmp/s   txcmp/s  rxmcst/s   %ifutil
17:42:57         ens5      0.00      0.00      0.00      0.00      0.00      0.00      0.00      0.00

17:42:57        IFACE   rxpck/s   txpck/s    rxkB/s    txkB/s   rxcmp/s   txcmp/s  rxmcst/s   %ifutil
17:42:58         ens5    275.00    129.00    270.06     76.07      0.00      0.00      0.00      0.00

17:42:58        IFACE   rxpck/s   txpck/s    rxkB/s    txkB/s   rxcmp/s   txcmp/s  rxmcst/s   %ifutil
17:42:59         ens5    338.00    129.00    332.81     77.93      0.00      0.00      0.00      0.00

17:42:59        IFACE   rxpck/s   txpck/s    rxkB/s    txkB/s   rxcmp/s   txcmp/s  rxmcst/s   %ifutil
17:43:00         ens5    317.00    117.00    314.18     70.75      0.00      0.00      0.00      0.00

17:43:00        IFACE   rxpck/s   txpck/s    rxkB/s    txkB/s   rxcmp/s   txcmp/s  rxmcst/s   %ifutil
17:43:01         ens5    319.00    124.00    314.40     76.30      0.00      0.00      0.00      0.00

17:43:01        IFACE   rxpck/s   txpck/s    rxkB/s    txkB/s   rxcmp/s   txcmp/s  rxmcst/s   %ifutil
17:43:02         ens5    295.00    110.00    295.54     66.42      0.00      0.00      0.00      0.00

17:43:02        IFACE   rxpck/s   txpck/s    rxkB/s    txkB/s   rxcmp/s   txcmp/s  rxmcst/s   %ifutil
17:43:03         ens5    340.00    130.00    333.01     80.38      0.00      0.00      0.00      0.00

17:43:03        IFACE   rxpck/s   txpck/s    rxkB/s    txkB/s   rxcmp/s   txcmp/s  rxmcst/s   %ifutil
17:43:04         ens5    337.00    127.00    332.79     77.83      0.00      0.00      0.00      0.00

17:43:04        IFACE   rxpck/s   txpck/s    rxkB/s    txkB/s   rxcmp/s   txcmp/s  rxmcst/s   %ifutil
17:43:05         ens5    344.00    128.00    342.12     79.15      0.00      0.00      0.00      0.00

17:43:05        IFACE   rxpck/s   txpck/s    rxkB/s    txkB/s   rxcmp/s   txcmp/s  rxmcst/s   %ifutil
17:43:06         ens5    344.00    130.00    341.86     78.07      0.00      0.00      0.00      0.00

17:43:06        IFACE   rxpck/s   txpck/s    rxkB/s    txkB/s   rxcmp/s   txcmp/s  rxmcst/s   %ifutil
17:43:07         ens5    337.00    130.00    332.93     80.62      0.00      0.00      0.00      0.00

17:43:07        IFACE   rxpck/s   txpck/s    rxkB/s    txkB/s   rxcmp/s   txcmp/s  rxmcst/s   %ifutil
17:43:08         ens5    357.00    132.00    351.32     79.49      0.00      0.00      0.00      0.00

17:43:08        IFACE   rxpck/s   txpck/s    rxkB/s    txkB/s   rxcmp/s   txcmp/s  rxmcst/s   %ifutil
17:43:09         ens5    338.00    129.00    332.99     80.37      0.00      0.00      0.00      0.00

17:43:09        IFACE   rxpck/s   txpck/s    rxkB/s    txkB/s   rxcmp/s   txcmp/s  rxmcst/s   %ifutil
17:43:10         ens5    351.00    131.00    351.05     79.41      0.00      0.00      0.00      0.00

17:43:10        IFACE   rxpck/s   txpck/s    rxkB/s    txkB/s   rxcmp/s   txcmp/s  rxmcst/s   %ifutil
17:43:11         ens5    339.00    132.00    333.04     80.74      0.00      0.00      0.00      0.00

17:43:11        IFACE   rxpck/s   txpck/s    rxkB/s    txkB/s   rxcmp/s   txcmp/s  rxmcst/s   %ifutil
17:43:12         ens5    341.00    128.00    341.92     79.13      0.00      0.00      0.00      0.00

17:43:12        IFACE   rxpck/s   txpck/s    rxkB/s    txkB/s   rxcmp/s   txcmp/s  rxmcst/s   %ifutil
17:43:13         ens5    344.00    130.00    341.81     78.12      0.00      0.00      0.00      0.00

17:43:13        IFACE   rxpck/s   txpck/s    rxkB/s    txkB/s   rxcmp/s   txcmp/s  rxmcst/s   %ifutil
17:43:14         ens5    334.00    131.00    332.75     80.59      0.00      0.00      0.00      0.00

17:43:14        IFACE   rxpck/s   txpck/s    rxkB/s    txkB/s   rxcmp/s   txcmp/s  rxmcst/s   %ifutil
17:43:15         ens5    344.00    130.00    342.12     79.31      0.00      0.00      0.00      0.00

17:43:15        IFACE   rxpck/s   txpck/s    rxkB/s    txkB/s   rxcmp/s   txcmp/s  rxmcst/s   %ifutil
17:43:16         ens5    346.00    131.00    342.16     78.39      0.00      0.00      0.00      0.00

17:43:16        IFACE   rxpck/s   txpck/s    rxkB/s    txkB/s   rxcmp/s   txcmp/s  rxmcst/s   %ifutil
17:43:17         ens5    344.00    133.00    342.10     82.01      0.00      0.00      0.00      0.00

17:43:17        IFACE   rxpck/s   txpck/s    rxkB/s    txkB/s   rxcmp/s   txcmp/s  rxmcst/s   %ifutil
17:43:18         ens5    347.00    131.00    342.00     78.20      0.00      0.00      0.00      0.00

17:43:18        IFACE   rxpck/s   txpck/s    rxkB/s    txkB/s   rxcmp/s   txcmp/s  rxmcst/s   %ifutil
17:43:19         ens5    334.00    130.00    332.70     80.54      0.00      0.00      0.00      0.00

17:43:19        IFACE   rxpck/s   txpck/s    rxkB/s    txkB/s   rxcmp/s   txcmp/s  rxmcst/s   %ifutil
17:43:20         ens5    341.00    129.00    341.89     79.20      0.00      0.00      0.00      0.00

17:43:20        IFACE   rxpck/s   txpck/s    rxkB/s    txkB/s   rxcmp/s   txcmp/s  rxmcst/s   %ifutil
17:43:21         ens5    345.00    130.00    341.90     78.06      0.00      0.00      0.00      0.00

17:43:21        IFACE   rxpck/s   txpck/s    rxkB/s    txkB/s   rxcmp/s   txcmp/s  rxmcst/s   %ifutil
17:43:22         ens5    335.00    130.00    332.83     80.58      0.00      0.00      0.00      0.00

17:43:22        IFACE   rxpck/s   txpck/s    rxkB/s    txkB/s   rxcmp/s   txcmp/s  rxmcst/s   %ifutil
17:43:23         ens5    344.00    130.00    342.11     79.31      0.00      0.00      0.00      0.00

17:43:23        IFACE   rxpck/s   txpck/s    rxkB/s    txkB/s   rxcmp/s   txcmp/s  rxmcst/s   %ifutil
17:43:24         ens5    347.00    132.00    341.98     78.25      0.00      0.00      0.00      0.00

17:43:24        IFACE   rxpck/s   txpck/s    rxkB/s    txkB/s   rxcmp/s   txcmp/s  rxmcst/s   %ifutil
17:43:25         ens5    340.00    131.00    333.06     80.65      0.00      0.00      0.00      0.00

17:43:25        IFACE   rxpck/s   txpck/s    rxkB/s    txkB/s   rxcmp/s   txcmp/s  rxmcst/s   %ifutil
17:43:26         ens5    352.00    131.00    351.12     79.41      0.00      0.00      0.00      0.00

17:43:26        IFACE   rxpck/s   txpck/s    rxkB/s    txkB/s   rxcmp/s   txcmp/s  rxmcst/s   %ifutil
17:43:27         ens5    340.00    133.00    341.94     82.02      0.00      0.00      0.00      0.00

17:43:27        IFACE   rxpck/s   txpck/s    rxkB/s    txkB/s   rxcmp/s   txcmp/s  rxmcst/s   %ifutil
17:43:28         ens5    346.00    130.00    341.87     78.12      0.00      0.00      0.00      0.00

17:43:28        IFACE   rxpck/s   txpck/s    rxkB/s    txkB/s   rxcmp/s   txcmp/s  rxmcst/s   %ifutil
17:43:29         ens5    338.00    128.00    332.93     77.91      0.00      0.00      0.00      0.00

17:43:29        IFACE   rxpck/s   txpck/s    rxkB/s    txkB/s   rxcmp/s   txcmp/s  rxmcst/s   %ifutil
17:43:30         ens5    345.00    133.00    342.14     82.02      0.00      0.00      0.00      0.00

17:43:30        IFACE   rxpck/s   txpck/s    rxkB/s    txkB/s   rxcmp/s   txcmp/s  rxmcst/s   %ifutil
17:43:31         ens5    346.00    132.00    341.99     78.31      0.00      0.00      0.00      0.00

17:43:31        IFACE   rxpck/s   txpck/s    rxkB/s    txkB/s   rxcmp/s   txcmp/s  rxmcst/s   %ifutil
17:43:32         ens5    337.00    129.00    332.89     77.98      0.00      0.00      0.00      0.00

17:43:32        IFACE   rxpck/s   txpck/s    rxkB/s    txkB/s   rxcmp/s   txcmp/s  rxmcst/s   %ifutil
17:43:33         ens5    339.00    130.00    333.01     80.60      0.00      0.00      0.00      0.00

17:43:33        IFACE   rxpck/s   txpck/s    rxkB/s    txkB/s   rxcmp/s   txcmp/s  rxmcst/s   %ifutil
17:43:34         ens5    338.00    128.00    341.76     79.13      0.00      0.00      0.00      0.00

17:43:34        IFACE   rxpck/s   txpck/s    rxkB/s    txkB/s   rxcmp/s   txcmp/s  rxmcst/s   %ifutil
17:43:35         ens5    345.00    131.00    341.97     78.24      0.00      0.00      0.00      0.00

17:43:35        IFACE   rxpck/s   txpck/s    rxkB/s    txkB/s   rxcmp/s   txcmp/s  rxmcst/s   %ifutil
17:43:36         ens5    347.00    130.00    342.28     81.74      0.00      0.00      0.00      0.00

17:43:36        IFACE   rxpck/s   txpck/s    rxkB/s    txkB/s   rxcmp/s   txcmp/s  rxmcst/s   %ifutil
17:43:37         ens5    348.00    130.00    342.07     78.16      0.00      0.00      0.00      0.00

17:43:37        IFACE   rxpck/s   txpck/s    rxkB/s    txkB/s   rxcmp/s   txcmp/s  rxmcst/s   %ifutil
17:43:38         ens5    337.00    130.00    332.89     80.58      0.00      0.00      0.00      0.00

17:43:38        IFACE   rxpck/s   txpck/s    rxkB/s    txkB/s   rxcmp/s   txcmp/s  rxmcst/s   %ifutil
17:43:39         ens5    347.00    127.00    342.25     79.02      0.00      0.00      0.00      0.00

17:43:39        IFACE   rxpck/s   txpck/s    rxkB/s    txkB/s   rxcmp/s   txcmp/s  rxmcst/s   %ifutil
17:43:40         ens5    345.00    131.00    341.95     78.23      0.00      0.00      0.00      0.00

17:43:40        IFACE   rxpck/s   txpck/s    rxkB/s    txkB/s   rxcmp/s   txcmp/s  rxmcst/s   %ifutil
17:43:41         ens5    346.00    131.00    342.24     81.87      0.00      0.00      0.00      0.00

17:43:41        IFACE   rxpck/s   txpck/s    rxkB/s    txkB/s   rxcmp/s   txcmp/s  rxmcst/s   %ifutil
17:43:42         ens5    342.00    130.00    341.76     78.06      0.00      0.00      0.00      0.00

17:43:42        IFACE   rxpck/s   txpck/s    rxkB/s    txkB/s   rxcmp/s   txcmp/s  rxmcst/s   %ifutil
17:43:43         ens5    335.00    131.00    332.81     80.69      0.00      0.00      0.00      0.00

17:43:43        IFACE   rxpck/s   txpck/s    rxkB/s    txkB/s   rxcmp/s   txcmp/s  rxmcst/s   %ifutil
17:43:44         ens5    351.00    130.00    351.10     79.19      0.00      0.00      0.00      0.00

17:43:44        IFACE   rxpck/s   txpck/s    rxkB/s    txkB/s   rxcmp/s   txcmp/s  rxmcst/s   %ifutil
17:43:45         ens5    338.00    130.00    332.94     78.16      0.00      0.00      0.00      0.00

17:43:45        IFACE   rxpck/s   txpck/s    rxkB/s    txkB/s   rxcmp/s   txcmp/s  rxmcst/s   %ifutil
17:43:46         ens5    339.00    130.00    332.99     80.59      0.00      0.00      0.00      0.00

17:43:46        IFACE   rxpck/s   txpck/s    rxkB/s    txkB/s   rxcmp/s   txcmp/s  rxmcst/s   %ifutil
17:43:47         ens5    345.00    128.00    342.12     79.15      0.00      0.00      0.00      0.00

17:43:47        IFACE   rxpck/s   txpck/s    rxkB/s    txkB/s   rxcmp/s   txcmp/s  rxmcst/s   %ifutil
17:43:48         ens5    348.00    130.00    342.04     78.15      0.00      0.00      0.00      0.00

17:43:48        IFACE   rxpck/s   txpck/s    rxkB/s    txkB/s   rxcmp/s   txcmp/s  rxmcst/s   %ifutil
17:43:49         ens5    335.00    126.00    332.74     77.68      0.00      0.00      0.00      0.00

17:43:49        IFACE   rxpck/s   txpck/s    rxkB/s    txkB/s   rxcmp/s   txcmp/s  rxmcst/s   %ifutil
17:43:50         ens5    348.00    134.00    342.35     82.11      0.00      0.00      0.00      0.00

17:43:50        IFACE   rxpck/s   txpck/s    rxkB/s    txkB/s   rxcmp/s   txcmp/s  rxmcst/s   %ifutil
17:43:51         ens5    337.00    127.00    332.82     77.76      0.00      0.00      0.00      0.00

17:43:51        IFACE   rxpck/s   txpck/s    rxkB/s    txkB/s   rxcmp/s   txcmp/s  rxmcst/s   %ifutil
17:43:52         ens5    346.00    130.00    341.99     78.17      0.00      0.00      0.00      0.00

17:43:52        IFACE   rxpck/s   txpck/s    rxkB/s    txkB/s   rxcmp/s   txcmp/s  rxmcst/s   %ifutil
17:43:53         ens5     54.00     22.00     55.37     13.02      0.00      0.00      0.00      0.00

17:43:53        IFACE   rxpck/s   txpck/s    rxkB/s    txkB/s   rxcmp/s   txcmp/s  rxmcst/s   %ifutil
17:43:54         ens5      0.00      0.00      0.00      0.00      0.00      0.00      0.00      0.00


Average:        IFACE   rxpck/s   txpck/s    rxkB/s    txkB/s   rxcmp/s   txcmp/s  rxmcst/s   %ifutil
Average:         ens5    298.43    114.44    294.63     69.20      0.00      0.00      0.00      0.00
