Linux 7.0.0-1010-aws (ip-172-31-31-224) 	08/11/26 	_x86_64_	(2 CPU)

06:48:45        CPU     %user     %nice   %system   %iowait    %steal     %idle
06:48:46        all     48.50      0.00      5.50      0.00      2.00     44.00
06:48:47        all     50.75      0.00      3.98      0.50      1.49     43.28
06:48:48        all     46.50      0.00      4.00      0.00      3.00     46.50
06:48:49        all     47.24      0.00      4.02      0.00      2.51     46.23
06:48:50        all     45.77      0.00      4.48      0.00      3.48     46.27
06:48:51        all     45.23      0.00      3.52      0.00      5.53     45.73
06:48:52        all     48.24      0.00      3.52      0.00      1.51     46.73
06:48:53        all     48.24      0.00      2.51      0.00      1.01     48.24
06:48:54        all     22.39      0.00      2.99      0.00      1.00     73.63
06:48:55        all      0.00      0.00      0.00      0.00      0.00    100.00
06:48:56        all      0.50      0.00      0.50      0.00      0.00     98.99
06:48:57        all      0.50      0.00      0.50      0.00      0.50     98.51
06:48:58        all      0.00      0.00      0.50      0.00      0.00     99.50
06:48:59        all      5.05      0.00      1.01      0.00      0.00     93.94
06:49:00        all      0.49      0.00      0.99      0.00      3.45     95.07
06:49:01        all      1.00      0.00      0.00      0.00      2.99     96.02
06:49:02        all      1.82      0.00      1.82      0.00     16.82     79.55
06:49:03        all      0.00      0.00      0.00      0.00      5.37     94.63
06:49:04        all      0.99      0.00      0.99      0.00      0.00     98.02
06:49:05        all      0.00      0.00      0.00      0.00      0.50     99.50
06:49:06        all      0.50      0.00      0.50      0.00      0.50     98.50
06:49:07        all      0.00      0.00      0.00      0.00      0.00    100.00
06:49:08        all      0.00      0.00      0.00      0.00      0.00    100.00
06:49:09        all      0.00      0.00      0.50      0.00      0.00     99.50
06:49:10        all      1.00      0.00      0.00      0.00      0.00     99.00
06:49:11        all      0.00      0.00      0.50      0.00      0.50     99.00
06:49:12        all      0.00      0.00      0.00      0.00      0.50     99.50


Average:        all     15.30      0.00      1.57      0.02      2.01     81.11
