Linux 7.0.0-1010-aws (ip-172-31-31-224) 	08/11/26 	_x86_64_	(2 CPU)

06:48:45    kbmemfree   kbavail kbmemused  %memused kbbuffers  kbcached  kbcommit   %commit  kbactive   kbinact   kbdirty
06:48:46       689832   1288868    442624     22.69     15620    725576   1605932     82.32    396932    688612       268
06:48:47       609696   1208756    522736     26.79     15644    725576   1681684     86.20    472304    688636       284
06:48:48       537120   1136180    595312     30.51     15644    725576   1756124     90.02    549872    688636       160
06:48:49       472860   1071920    659572     33.81     15644    725576   1831916     93.90    622968    688636       160
06:48:50       392472    991536    739956     37.93     15644    725580   1902816     97.54    695304    688640       164
06:48:51       311832    910896    820596     42.06     15644    725580   1981608    101.57    774568    688640       164
06:48:52       223380    822444    909048     46.60     15644    725580   2078236    106.53    869580    688640       164
06:48:53       191124    790188    941304     48.25     15644    725580   2111516    108.23    903032    688640       164
06:48:54        86292    685356   1046136     53.62     15644    725580   2207268    113.14   1000544    688640       164
06:48:55        86292    685356   1046132     53.62     15644    725584   2207268    113.14   1000544    688640       168
06:48:56        86292    685356   1046132     53.62     15644    725584   2207268    113.14   1000544    688640       168
06:48:57        86292    685356   1046132     53.62     15644    725584   2207268    113.14   1000544    688640       168
06:48:58        86292    685356   1046132     53.62     15644    725584   2207268    113.14   1000544    688640       168
06:48:59        86292    685360   1046124     53.62     15644    725592   2207268    113.14   1000616    688644       176
06:49:00        86292    685360   1046120     53.62     15644    725596   2207268    113.14   1000616    688644       180
06:49:01        86292    685372   1046120     53.62     15644    725596   2207268    113.14   1000760    688656       180
06:49:02        86292    685372   1046120     53.62     15644    725596   2211436    113.35   1001420    688656       180
06:49:03        86292    685372   1046120     53.62     15644    725596   2211436    113.35   1001420    688656       180
06:49:04        86292    685372   1046120     53.62     15644    725596   2211436    113.35   1001420    688656       180
06:49:05        86292    685372   1046112     53.62     15644    725604   2211436    113.35   1001472    688656       172
06:49:06        86292    685372   1046112     53.62     15644    725604   2211692    113.37   1002092    688656       172
06:49:07        86292    685380   1046112     53.62     15644    725604   2211692    113.37   1002276    688664        16
06:49:08        86292    685380   1046112     53.62     15644    725604   2211692    113.37   1002276    688664        16
06:49:09        86292    685380   1046112     53.62     15644    725604   2211692    113.37   1002276    688664        16
06:49:10        86292    685380   1046108     53.62     15644    725608   2211692    113.37   1002276    688664        24
06:49:11        86292    685380   1046108     53.62     15644    725608   2211692    113.37   1002276    688664        24
06:49:12        86292    685380   1046108     53.62     15644    725608   2211692    113.37   1002276    688664        24

Average:       187699    786770    944719     48.42     15643    725591   2108725    108.09    900398    688648       145
