Linux 7.0.0-1010-aws (ip-172-31-31-224) 	08/11/26 	_x86_64_	(2 CPU)

09:19:58        CPU     %user     %nice   %system   %iowait    %steal     %idle
09:19:59        all     57.79      0.00      6.03      0.00      0.50     35.68
09:20:00        all     47.03      0.00      2.48      0.00      4.95     45.54
09:20:01        all     29.58      0.00      2.82      0.00     23.47     44.13
09:20:02        all     20.00      0.00      1.43      0.00     36.19     42.38
09:20:03        all     20.29      0.00      1.93      0.00     30.43     47.34
09:20:04        all     27.80      0.00      1.95      0.00     27.32     42.93
09:20:05        all     37.75      0.00      2.94      0.00     15.20     44.12
09:20:06        all     42.57      0.00      4.46      0.00      6.93     46.04
09:20:07        all     42.93      0.00      3.03      0.00      5.05     48.99
09:20:08        all     48.74      0.00      2.51      0.00      3.02     45.73
09:20:09        all     45.73      0.00      4.52      0.00      6.03     43.72
09:20:10        all     10.45      0.00      1.00      0.00      2.49     86.07
09:20:11        all      0.50      0.00      0.50      0.00      0.00     99.00
09:20:12        all      0.00      0.00      0.00      0.00      0.00    100.00
09:20:13        all      0.50      0.00      0.00      0.00      0.50     99.00
09:20:14        all      7.04      0.00      3.02      0.00      2.01     87.94
09:20:15        all      1.52      0.00      1.01      0.00      0.51     96.97
09:20:16        all      1.01      0.00      0.51      0.00      0.51     97.98
09:20:17        all      1.01      0.00      0.50      0.50      0.00     97.99
09:20:18        all      0.00      0.00      0.00      0.00      0.00    100.00
09:20:19        all      0.00      0.00      0.50      0.00      0.50     99.00
09:20:20        all      0.50      0.00      0.50      0.00      0.00     99.00
09:20:21        all      0.00      0.00      0.00      0.00      0.50     99.50
09:20:22        all      0.50      0.00      0.00      0.00      0.00     99.50
09:20:23        all      0.50      0.00      0.00      0.00      0.00     99.50
09:20:24        all      0.00      0.00      0.50      0.00      0.00     99.50
09:20:25        all      0.00      0.00      0.50      0.00      0.50     99.00


Average:        all     16.53      0.00      1.58      0.02      6.34     75.53
