Linux 7.0.0-1010-aws (ip-172-31-31-224) 	08/11/26 	_x86_64_	(2 CPU)

09:19:58    kbmemfree   kbavail kbmemused  %memused kbbuffers  kbcached  kbcommit   %commit  kbactive   kbinact   kbdirty
09:19:59       730076   1290996    439560     22.53     23352    679376   1610504     82.55    432376    615260       180
09:20:00       658004   1218924    511632     26.23     23352    679376   1681632     86.20    501492    615260       124
09:20:01       617684   1178604    551952     28.29     23352    679376   1727208     88.53    548220    615260       124
09:20:02       585428   1146348    584208     29.95     23352    679376   1752296     89.82    573204    615260       124
09:20:03       553424   1114344    616212     31.59     23352    679376   1786168     91.56    605884    615260       124
09:20:04       529232   1090152    640404     32.83     23352    679376   1815224     93.05    636768    615260       124
09:20:05       464972   1025896    704660     36.12     23352    679380   1878188     96.27    700188    615264       132
09:20:06       384332    945256    785300     40.25     23352    679380   1957300    100.33    779548    615264       132
09:20:07       327884    888808    841748     43.15     23352    679380   2012064    103.14    831176    615264       132
09:20:08       287816    848740    881816     45.20     23352    679380   2058032    105.49    877060    615264       132
09:20:09       150728    711652   1018904     52.23     23352    679380   2191104    112.31   1013336    615264        20
09:20:10       150728    711652   1018900     52.23     23352    679384   2191104    112.31   1013376    615264        24
09:20:11       150728    711652   1018900     52.23     23352    679384   2191104    112.31   1013376    615264        24
09:20:12       150728    711652   1018900     52.23     23352    679384   2191104    112.31   1013376    615264        24
09:20:13       150728    711652   1018900     52.23     23352    679384   2191104    112.31   1013376    615264        24
09:20:14       148964    709904   1020644     52.32     23360    679400   2191104    112.31   1013888    615280       684
09:20:15       148964    709904   1020644     52.32     23360    679400   2191104    112.31   1013888    615280       684
09:20:16       148964    709904   1020644     52.32     23360    679400   2191104    112.31   1013888    615280       684
09:20:17       148964    709916   1020624     52.32     23380    679400   2191104    112.31   1013936    615292       708
09:20:18       148964    709916   1020624     52.32     23380    679400   2191104    112.31   1013936    615292       708
09:20:19       148964    709916   1020620     52.32     23380    679404   2191104    112.31   1013936    615292       712
09:20:20       148964    709916   1020620     52.32     23380    679404   2191104    112.31   1013936    615292       712
09:20:21       148964    709916   1020616     52.32     23380    679408   2191104    112.31   1013936    615292       716
09:20:22       148964    709940   1020612     52.32     23380    679412   2195200    112.52   1014532    615316       720
09:20:23       148964    709940   1020612     52.32     23380    679412   2195200    112.52   1014532    615316       720
09:20:24       148964    709940   1020612     52.32     23380    679412   2195200    112.52   1014532    615316       720
09:20:25       148964    709940   1020612     52.32     23380    679412   2195200    112.52   1014532    615316       720

Average:       284447    845384    885166     45.37     23362    679391   2057177    105.45    878601    615278       368
