Linux 7.0.0-1010-aws (ip-172-31-31-224) 	08/11/26 	_x86_64_	(2 CPU)

09:19:58        IFACE   rxpck/s   txpck/s    rxkB/s    txkB/s   rxcmp/s   txcmp/s  rxmcst/s   %ifutil
09:19:59         ens5     51.00     47.00      4.31      6.13      0.00      0.00      0.00      0.00

09:19:59        IFACE   rxpck/s   txpck/s    rxkB/s    txkB/s   rxcmp/s   txcmp/s  rxmcst/s   %ifutil
09:20:00         ens5     48.00     44.00      4.02      5.20      0.00      0.00      0.00      0.00

09:20:00        IFACE   rxpck/s   txpck/s    rxkB/s    txkB/s   rxcmp/s   txcmp/s  rxmcst/s   %ifutil
09:20:01         ens5     27.72     23.76      2.41      2.89      0.00      0.00      0.00      0.00

09:20:01        IFACE   rxpck/s   txpck/s    rxkB/s    txkB/s   rxcmp/s   txcmp/s  rxmcst/s   %ifutil
09:20:02         ens5      3.00      4.00      0.15      0.84      0.00      0.00      0.00      0.00

09:20:02        IFACE   rxpck/s   txpck/s    rxkB/s    txkB/s   rxcmp/s   txcmp/s  rxmcst/s   %ifutil
09:20:03         ens5      5.00      4.00      0.25      0.82      0.00      0.00      0.00      0.00

09:20:03        IFACE   rxpck/s   txpck/s    rxkB/s    txkB/s   rxcmp/s   txcmp/s  rxmcst/s   %ifutil
09:20:04         ens5      3.00      3.00      0.15      0.63      0.00      0.00      0.00      0.00

09:20:04        IFACE   rxpck/s   txpck/s    rxkB/s    txkB/s   rxcmp/s   txcmp/s  rxmcst/s   %ifutil
09:20:05         ens5      5.00      5.00      0.41      1.11      0.00      0.00      0.00      0.00

09:20:05        IFACE   rxpck/s   txpck/s    rxkB/s    txkB/s   rxcmp/s   txcmp/s  rxmcst/s   %ifutil
09:20:06         ens5      3.00      3.00      0.15      0.66      0.00      0.00      0.00      0.00

09:20:06        IFACE   rxpck/s   txpck/s    rxkB/s    txkB/s   rxcmp/s   txcmp/s  rxmcst/s   %ifutil
09:20:07         ens5     10.00     10.00      0.51      2.09      0.00      0.00      0.00      0.00

09:20:07        IFACE   rxpck/s   txpck/s    rxkB/s    txkB/s   rxcmp/s   txcmp/s  rxmcst/s   %ifutil
09:20:08         ens5      5.00      6.00      0.25      1.31      0.00      0.00      0.00      0.00

09:20:08        IFACE   rxpck/s   txpck/s    rxkB/s    txkB/s   rxcmp/s   txcmp/s  rxmcst/s   %ifutil
09:20:09         ens5      4.00      3.00      0.23      0.53      0.00      0.00      0.00      0.00

09:20:09        IFACE   rxpck/s   txpck/s    rxkB/s    txkB/s   rxcmp/s   txcmp/s  rxmcst/s   %ifutil
09:20:10         ens5      5.00      5.00      0.29      1.07      0.00      0.00      0.00      0.00

09:20:10        IFACE   rxpck/s   txpck/s    rxkB/s    txkB/s   rxcmp/s   txcmp/s  rxmcst/s   %ifutil
09:20:11         ens5      0.00      0.00      0.00      0.00      0.00      0.00      0.00      0.00

09:20:11        IFACE   rxpck/s   txpck/s    rxkB/s    txkB/s   rxcmp/s   txcmp/s  rxmcst/s   %ifutil
09:20:12         ens5      0.00      0.00      0.00      0.00      0.00      0.00      0.00      0.00

09:20:12        IFACE   rxpck/s   txpck/s    rxkB/s    txkB/s   rxcmp/s   txcmp/s  rxmcst/s   %ifutil
09:20:13         ens5      0.00      0.00      0.00      0.00      0.00      0.00      0.00      0.00

09:20:13        IFACE   rxpck/s   txpck/s    rxkB/s    txkB/s   rxcmp/s   txcmp/s  rxmcst/s   %ifutil
09:20:14         ens5     19.00     22.00      1.41      5.10      0.00      0.00      0.00      0.00

09:20:14        IFACE   rxpck/s   txpck/s    rxkB/s    txkB/s   rxcmp/s   txcmp/s  rxmcst/s   %ifutil
09:20:15         ens5    148.00    188.00     11.29     43.54      0.00      0.00      0.00      0.00

09:20:15        IFACE   rxpck/s   txpck/s    rxkB/s    txkB/s   rxcmp/s   txcmp/s  rxmcst/s   %ifutil
09:20:16         ens5     90.00    115.00      6.89     26.78      0.00      0.00      0.00      0.00

09:20:16        IFACE   rxpck/s   txpck/s    rxkB/s    txkB/s   rxcmp/s   txcmp/s  rxmcst/s   %ifutil
09:20:17         ens5     32.00     38.00      2.39      8.81      0.00      0.00      0.00      0.00

09:20:17        IFACE   rxpck/s   txpck/s    rxkB/s    txkB/s   rxcmp/s   txcmp/s  rxmcst/s   %ifutil
09:20:18         ens5      0.00      0.00      0.00      0.00      0.00      0.00      0.00      0.00

09:20:18        IFACE   rxpck/s   txpck/s    rxkB/s    txkB/s   rxcmp/s   txcmp/s  rxmcst/s   %ifutil
09:20:19         ens5      0.00      0.00      0.00      0.00      0.00      0.00      0.00      0.00

09:20:19        IFACE   rxpck/s   txpck/s    rxkB/s    txkB/s   rxcmp/s   txcmp/s  rxmcst/s   %ifutil
09:20:20         ens5      0.00      0.00      0.00      0.00      0.00      0.00      0.00      0.00

09:20:20        IFACE   rxpck/s   txpck/s    rxkB/s    txkB/s   rxcmp/s   txcmp/s  rxmcst/s   %ifutil
09:20:21         ens5      0.00      0.00      0.00      0.00      0.00      0.00      0.00      0.00

09:20:21        IFACE   rxpck/s   txpck/s    rxkB/s    txkB/s   rxcmp/s   txcmp/s  rxmcst/s   %ifutil
09:20:22         ens5      0.00      0.00      0.00      0.00      0.00      0.00      0.00      0.00

09:20:22        IFACE   rxpck/s   txpck/s    rxkB/s    txkB/s   rxcmp/s   txcmp/s  rxmcst/s   %ifutil
09:20:23         ens5      0.00      0.00      0.00      0.00      0.00      0.00      0.00      0.00

09:20:23        IFACE   rxpck/s   txpck/s    rxkB/s    txkB/s   rxcmp/s   txcmp/s  rxmcst/s   %ifutil
09:20:24         ens5      0.00      0.00      0.00      0.00      0.00      0.00      0.00      0.00

09:20:24        IFACE   rxpck/s   txpck/s    rxkB/s    txkB/s   rxcmp/s   txcmp/s  rxmcst/s   %ifutil
09:20:25         ens5      0.00      0.00      0.00      0.00      0.00      0.00      0.00      0.00


Average:        IFACE   rxpck/s   txpck/s    rxkB/s    txkB/s   rxcmp/s   txcmp/s  rxmcst/s   %ifutil
Average:         ens5     16.99     19.29      1.30      3.98      0.00      0.00      0.00      0.00
