Linux 7.0.0-1008-aws (ip-172-31-20-134) 	08/07/26 	_x86_64_	(2 CPU)

17:47:29        CPU     %user     %nice   %system   %iowait    %steal     %idle
17:47:30        all      2.01      0.00      1.51      0.00      0.00     96.48
17:47:31        all      0.50      0.00      0.00      0.00      0.00     99.50
17:47:32        all      0.50      0.00      0.50      0.00      0.00     98.99
17:47:33        all      0.50      0.00      0.00      0.00      0.00     99.50
17:47:34        all      0.00      0.00      0.00      0.00      0.00    100.00
17:47:35        all      0.00      0.00      0.00      0.00      0.00    100.00
17:47:36        all      7.50      0.00      1.50      0.50      0.00     90.50
17:47:37        all      9.64      0.00      1.52      0.00      0.00     88.83
17:47:38        all     10.20      0.00      0.51      0.00      0.00     89.29
17:47:39        all     10.15      0.00      1.02      0.00      0.00     88.83
17:47:40        all     10.10      0.00      1.52      0.00      0.00     88.38
17:47:41        all     10.71      0.00      1.02      0.00      0.00     88.27
17:47:42        all     10.15      0.00      1.02      0.00      0.51     88.32
17:47:43        all     10.15      0.00      1.02      0.00      0.00     88.83
17:47:44        all     15.82      0.00      2.55      0.00      0.00     81.63
17:47:45        all     10.05      0.00      1.51      0.00      0.50     87.94
17:47:46        all      9.79      0.00      0.52      0.00      0.00     89.69
17:47:47        all     10.61      0.00      1.01      0.00      0.00     88.38
17:47:48        all     10.15      0.00      2.03      0.00      0.00     87.82
17:47:49        all     10.61      0.00      1.01      0.00      0.00     88.38
17:47:50        all     10.20      0.00      1.53      0.00      0.00     88.27
17:47:51        all     10.10      0.00      1.52      0.00      0.51     87.88
17:47:52        all     10.20      0.00      1.02      0.00      0.00     88.78
17:47:53        all     11.17      0.00      0.51      0.00      0.00     88.32
17:47:54        all     10.15      0.00      1.02      0.00      0.00     88.83
17:47:55        all     10.20      0.00      1.02      0.00      0.00     88.78
17:47:56        all     10.15      0.00      1.02      0.00      0.00     88.83
17:47:57        all     10.20      0.00      1.02      0.00      0.00     88.78
17:47:58        all      9.69      0.00      0.51      0.00      0.00     89.80
17:47:59        all     16.67      0.00      2.53      0.00      0.51     80.30
17:48:00        all     10.50      0.00      1.50      0.50      2.00     85.50
17:48:01        all      7.04      0.00      1.01      0.00      0.00     91.96
17:48:02        all      6.12      0.00      0.51      0.51      0.00     92.86
17:48:03        all     10.71      0.00      0.51      0.00      0.00     88.78
17:48:04        all     10.05      0.00      1.51      0.00      0.50     87.94
17:48:05        all      9.69      0.00      1.53      0.00      0.00     88.78
17:48:06        all     10.20      0.00      0.51      0.00      0.00     89.29
17:48:07        all     10.15      0.00      1.52      0.00      0.00     88.32
17:48:08        all     10.15      0.00      1.02      0.00      0.00     88.83
17:48:09        all     10.15      0.00      1.52      0.00      0.00     88.32
17:48:10        all     10.55      0.00      2.01      0.00      0.00     87.44
17:48:11        all     10.20      0.00      1.53      0.00      0.00     88.27
17:48:12        all      9.64      0.00      1.02      0.00      0.00     89.34
17:48:13        all      9.69      0.00      1.02      0.00      0.00     89.29
17:48:14        all     15.82      0.00      2.55      0.00      0.00     81.63
17:48:15        all      1.50      0.00      0.50      0.00      0.00     98.00
17:48:16        all      0.50      0.00      0.00      0.00      0.00     99.50

Average:        all      8.72      0.00      1.09      0.03      0.10     90.06
