Linux 7.0.0-1008-aws (ip-172-31-20-134) 	08/07/26 	_x86_64_	(2 CPU)

17:47:29    kbmemfree   kbavail kbmemused  %memused kbbuffers  kbcached  kbcommit   %commit  kbactive   kbinact   kbdirty
17:47:30       136020   1295672    373156     19.13     21044   1231480   1627804     83.44    765788    765444       296
17:47:31       136020   1295672    373156     19.13     21044   1231480   1627804     83.44    765788    765444       296
17:47:32       136020   1295676    373128     19.13     21068   1231484   1627804     83.44    765804    765448       420
17:47:33       136020   1295676    373128     19.13     21068   1231484   1628060     83.46    766476    765448       420
17:47:34       136020   1295700    373128     19.13     21068   1231484   1628060     83.46    766524    765472       420
17:47:35       136020   1295700    373128     19.13     21068   1231484   1628060     83.46    766524    765472       420
17:47:36       135768   1295448    373380     19.14     21068   1231484   1642416     84.19    772240    765472       332
17:47:37       135516   1295380    373440     19.14     21068   1231668   1650948     84.63    772268    765648       444
17:47:38       135012   1295032    373756     19.16     21068   1231856   1651168     84.64    772860    765804       632
17:47:39       134508   1294768    374048     19.17     21068   1232064   1651224     84.64    773612    766040       840
17:47:40       134256   1294724    374096     19.18     21068   1232260   1651292     84.65    773744    766240      1036
17:47:41       134004   1294672    374140     19.18     21068   1232464   1651316     84.65    773836    766436      1240
17:47:42       133752   1294636    374180     19.18     21068   1232668   1651456     84.66    773960    766644      1444
17:47:43       133500   1294568    374220     19.18     21068   1232872   1651460     84.66    774072    766820      1648
17:47:44       133248   1294548    374264     19.19     21068   1233080   1651528     84.66    774000    767052      1856
17:47:45       132996   1294484    374316     19.19     21068   1233276   1651596     84.66    774184    767236      2052
17:47:46       132744   1294368    374356     19.19     21068   1233480   1651672     84.67    774304    767364      2256
17:47:47       132492   1294356    374400     19.19     21068   1233684   1651672     84.67    774356    767600      2460
17:47:48       131484   1293616    375196     19.23     21068   1233888   1651712     84.67    774908    767860      2620
17:47:49       131484   1293776    375004     19.22     21068   1234080   1651712     84.67    774108    768020      2812
17:47:50       131484   1294032    374792     19.21     21068   1234288   1651716     84.67    774992    768272      3020
17:47:51       131484   1294244    374576     19.20     21068   1234496   1651716     84.67    774876    768476      3228
17:47:52       131484   1294432    374368     19.19     21068   1234700   1651736     84.67    774940    768660      3432
17:47:53       131484   1294660    374160     19.18     21068   1234900   1651760     84.67    775420    768880      3632
17:47:54       131484   1294796    373960     19.17     21068   1235096   1652016     84.68    775384    769012      3828
17:47:55       131484   1295028    373752     19.16     21068   1235296   1652016     84.68    775408    769236      4028
17:47:56       131484   1295224    373548     19.15     21068   1235500   1652076     84.69    775420    769432      4232
17:47:57       131484   1295460    373336     19.14     21068   1235708   1652076     84.69    775476    769664      4440
17:47:58       131484   1295620    373132     19.13     21068   1235904   1652104     84.69    775572    769816      4636
17:47:59       131232   1295648    373180     19.13     21068   1236100   1652124     84.69    775628    770088      4832
17:48:00       131232   1295864    372960     19.12     21068   1236316   1652124     84.69    775716    770300       316
17:48:01       131232   1296048    372776     19.11     21068   1236500   1652124     84.69    775780    770484       444
17:48:02       131232   1296216    372588     19.10     21092   1236652   1652064     84.69    775928    770640       512
17:48:03       131232   1296316    372480     19.09     21092   1236760   1652080     84.69    776032    770740       488
17:48:04       131232   1296476    372276     19.08     21092   1236956   1652212     84.69    776068    770892       684
17:48:05       131232   1296736    372064     19.07     21092   1237164   1652200     84.69    776044    771148       892
17:48:06       131232   1296948    371856     19.06     21092   1237364   1652320     84.70    776048    771352      1092
17:48:07       131232   1297160    371652     19.05     21092   1237564   1652320     84.70    776212    771560      1292
17:48:08       131232   1297376    371440     19.04     21092   1237768   1652420     84.71    776412    771768      1496
17:48:09       131232   1297488    371244     19.03     21092   1237964   1652420     84.71    776508    771880      1692
17:48:10       131232   1297796    371024     19.02     21092   1238180   1652420     84.71    776864    772184      1908
17:48:11       131232   1297888    370828     19.01     21092   1238368   1652420     84.71    776904    772268      2096
17:48:12       131232   1298140    370608     19.00     21092   1238584   1652460     84.71    776904    772516      2312
17:48:13       131232   1298392    370408     18.99     21092   1238776   1652460     84.71    776908    772760      2504
17:48:14       130980   1298388    370432     18.99     21092   1238996   1652460     84.71    776956    773000      2724
17:48:15       130980   1298488    370244     18.98     21092   1239184   1652460     84.71    776980    773100      2912
17:48:16       130980   1298616    370204     18.98     21092   1239220   1652460     84.71    776980    773224      2948

Average:       132589   1295786    373011     19.12     21075   1234937   1648671     84.51    774079    768900      1906
