Linux 7.0.0-1008-aws (ip-172-31-20-134) 	08/07/26 	_x86_64_	(2 CPU)

17:47:29        IFACE   rxpck/s   txpck/s    rxkB/s    txkB/s   rxcmp/s   txcmp/s  rxmcst/s   %ifutil
17:47:30         ens5     47.00     34.00      4.12      4.21      0.00      0.00      0.00      0.00

17:47:30        IFACE   rxpck/s   txpck/s    rxkB/s    txkB/s   rxcmp/s   txcmp/s  rxmcst/s   %ifutil
17:47:31         ens5     25.00     14.00      2.15      1.78      0.00      0.00      0.00      0.00

17:47:31        IFACE   rxpck/s   txpck/s    rxkB/s    txkB/s   rxcmp/s   txcmp/s  rxmcst/s   %ifutil
17:47:32         ens5      0.00      0.00      0.00      0.00      0.00      0.00      0.00      0.00

17:47:32        IFACE   rxpck/s   txpck/s    rxkB/s    txkB/s   rxcmp/s   txcmp/s  rxmcst/s   %ifutil
17:47:33         ens5      0.00      0.00      0.00      0.00      0.00      0.00      0.00      0.00

17:47:33        IFACE   rxpck/s   txpck/s    rxkB/s    txkB/s   rxcmp/s   txcmp/s  rxmcst/s   %ifutil
17:47:34         ens5      0.00      0.00      0.00      0.00      0.00      0.00      0.00      0.00

17:47:34        IFACE   rxpck/s   txpck/s    rxkB/s    txkB/s   rxcmp/s   txcmp/s  rxmcst/s   %ifutil
17:47:35         ens5      0.00      0.00      0.00      0.00      0.00      0.00      0.00      0.00

17:47:35        IFACE   rxpck/s   txpck/s    rxkB/s    txkB/s   rxcmp/s   txcmp/s  rxmcst/s   %ifutil
17:47:36         ens5     99.00    130.00     67.65     89.59      0.00      0.00      0.00      0.00

17:47:36        IFACE   rxpck/s   txpck/s    rxkB/s    txkB/s   rxcmp/s   txcmp/s  rxmcst/s   %ifutil
17:47:37         ens5    106.00    157.00     67.37    111.28      0.00      0.00      0.00      0.00

17:47:37        IFACE   rxpck/s   txpck/s    rxkB/s    txkB/s   rxcmp/s   txcmp/s  rxmcst/s   %ifutil
17:47:38         ens5    106.00    158.00     67.46    113.76      0.00      0.00      0.00      0.00

17:47:38        IFACE   rxpck/s   txpck/s    rxkB/s    txkB/s   rxcmp/s   txcmp/s  rxmcst/s   %ifutil
17:47:39         ens5    109.00    161.00     70.11    113.20      0.00      0.00      0.00      0.00

17:47:39        IFACE   rxpck/s   txpck/s    rxkB/s    txkB/s   rxcmp/s   txcmp/s  rxmcst/s   %ifutil
17:47:40         ens5    106.00    160.00     67.51    114.08      0.00      0.00      0.00      0.00

17:47:40        IFACE   rxpck/s   txpck/s    rxkB/s    txkB/s   rxcmp/s   txcmp/s  rxmcst/s   %ifutil
17:47:41         ens5    105.00    157.00     67.14    111.05      0.00      0.00      0.00      0.00

17:47:41        IFACE   rxpck/s   txpck/s    rxkB/s    txkB/s   rxcmp/s   txcmp/s  rxmcst/s   %ifutil
17:47:42         ens5    107.00    159.00     69.58    112.53      0.00      0.00      0.00      0.00

17:47:42        IFACE   rxpck/s   txpck/s    rxkB/s    txkB/s   rxcmp/s   txcmp/s  rxmcst/s   %ifutil
17:47:43         ens5    106.00    160.00     67.51    114.05      0.00      0.00      0.00      0.00

17:47:43        IFACE   rxpck/s   txpck/s    rxkB/s    txkB/s   rxcmp/s   txcmp/s  rxmcst/s   %ifutil
17:47:44         ens5    104.00    155.00     67.09    110.85      0.00      0.00      0.00      0.00

17:47:44        IFACE   rxpck/s   txpck/s    rxkB/s    txkB/s   rxcmp/s   txcmp/s  rxmcst/s   %ifutil
17:47:45         ens5    108.00    160.00     69.93    112.92      0.00      0.00      0.00      0.00

17:47:45        IFACE   rxpck/s   txpck/s    rxkB/s    txkB/s   rxcmp/s   txcmp/s  rxmcst/s   %ifutil
17:47:46         ens5    107.00    159.00     67.90    111.87      0.00      0.00      0.00      0.00

17:47:46        IFACE   rxpck/s   txpck/s    rxkB/s    txkB/s   rxcmp/s   txcmp/s  rxmcst/s   %ifutil
17:47:47         ens5    108.00    160.00     69.71    114.96      0.00      0.00      0.00      0.00

17:47:47        IFACE   rxpck/s   txpck/s    rxkB/s    txkB/s   rxcmp/s   txcmp/s  rxmcst/s   %ifutil
17:47:48         ens5    104.00    155.00     67.07    110.82      0.00      0.00      0.00      0.00

17:47:48        IFACE   rxpck/s   txpck/s    rxkB/s    txkB/s   rxcmp/s   txcmp/s  rxmcst/s   %ifutil
17:47:49         ens5    105.00    158.00     67.21    113.55      0.00      0.00      0.00      0.00

17:47:49        IFACE   rxpck/s   txpck/s    rxkB/s    txkB/s   rxcmp/s   txcmp/s  rxmcst/s   %ifutil
17:47:50         ens5    108.00    159.00     69.90    112.75      0.00      0.00      0.00      0.00

17:47:50        IFACE   rxpck/s   txpck/s    rxkB/s    txkB/s   rxcmp/s   txcmp/s  rxmcst/s   %ifutil
17:47:51         ens5    103.96    157.43     66.48    112.56      0.00      0.00      0.00      0.00

17:47:51        IFACE   rxpck/s   txpck/s    rxkB/s    txkB/s   rxcmp/s   txcmp/s  rxmcst/s   %ifutil
17:47:52         ens5    108.00    157.00     69.96    112.47      0.00      0.00      0.00      0.00

17:47:52        IFACE   rxpck/s   txpck/s    rxkB/s    txkB/s   rxcmp/s   txcmp/s  rxmcst/s   %ifutil
17:47:53         ens5    105.00    157.00     67.44    111.38      0.00      0.00      0.00      0.00

17:47:53        IFACE   rxpck/s   txpck/s    rxkB/s    txkB/s   rxcmp/s   txcmp/s  rxmcst/s   %ifutil
17:47:54         ens5    105.00    158.00     67.23    113.58      0.00      0.00      0.00      0.00

17:47:54        IFACE   rxpck/s   txpck/s    rxkB/s    txkB/s   rxcmp/s   txcmp/s  rxmcst/s   %ifutil
17:47:55         ens5    107.00    159.00     69.57    112.51      0.00      0.00      0.00      0.00

17:47:55        IFACE   rxpck/s   txpck/s    rxkB/s    txkB/s   rxcmp/s   txcmp/s  rxmcst/s   %ifutil
17:47:56         ens5    106.00    160.00     67.52    114.11      0.00      0.00      0.00      0.00

17:47:56        IFACE   rxpck/s   txpck/s    rxkB/s    txkB/s   rxcmp/s   txcmp/s  rxmcst/s   %ifutil
17:47:57         ens5    108.00    158.00     69.95    112.64      0.00      0.00      0.00      0.00

17:47:57        IFACE   rxpck/s   txpck/s    rxkB/s    txkB/s   rxcmp/s   txcmp/s  rxmcst/s   %ifutil
17:47:58         ens5    104.00    155.00     67.13    110.83      0.00      0.00      0.00      0.00

17:47:58        IFACE   rxpck/s   txpck/s    rxkB/s    txkB/s   rxcmp/s   txcmp/s  rxmcst/s   %ifutil
17:47:59         ens5    106.00    158.00     67.50    113.81      0.00      0.00      0.00      0.00

17:47:59        IFACE   rxpck/s   txpck/s    rxkB/s    txkB/s   rxcmp/s   txcmp/s  rxmcst/s   %ifutil
17:48:00         ens5    100.00    148.00     64.53    106.44      0.00      0.00      0.00      0.00

17:48:00        IFACE   rxpck/s   txpck/s    rxkB/s    txkB/s   rxcmp/s   txcmp/s  rxmcst/s   %ifutil
17:48:01         ens5     72.00    106.00     46.66     74.48      0.00      0.00      0.00      0.00

17:48:01        IFACE   rxpck/s   txpck/s    rxkB/s    txkB/s   rxcmp/s   txcmp/s  rxmcst/s   %ifutil
17:48:02         ens5     62.00     92.00     38.80     64.16      0.00      0.00      0.00      0.00

17:48:02        IFACE   rxpck/s   txpck/s    rxkB/s    txkB/s   rxcmp/s   txcmp/s  rxmcst/s   %ifutil
17:48:03         ens5    105.00    157.00     67.45    111.34      0.00      0.00      0.00      0.00

17:48:03        IFACE   rxpck/s   txpck/s    rxkB/s    txkB/s   rxcmp/s   txcmp/s  rxmcst/s   %ifutil
17:48:04         ens5    105.00    159.00     67.12    113.69      0.00      0.00      0.00      0.00

17:48:04        IFACE   rxpck/s   txpck/s    rxkB/s    txkB/s   rxcmp/s   txcmp/s  rxmcst/s   %ifutil
17:48:05         ens5    108.00    159.00     69.93    112.75      0.00      0.00      0.00      0.00

17:48:05        IFACE   rxpck/s   txpck/s    rxkB/s    txkB/s   rxcmp/s   txcmp/s  rxmcst/s   %ifutil
17:48:06         ens5    104.00    156.00     67.07    110.96      0.00      0.00      0.00      0.00

17:48:06        IFACE   rxpck/s   txpck/s    rxkB/s    txkB/s   rxcmp/s   txcmp/s  rxmcst/s   %ifutil
17:48:07         ens5    105.00    156.00     67.20    113.28      0.00      0.00      0.00      0.00

17:48:07        IFACE   rxpck/s   txpck/s    rxkB/s    txkB/s   rxcmp/s   txcmp/s  rxmcst/s   %ifutil
17:48:08         ens5    107.00    157.00     69.51    112.20      0.00      0.00      0.00      0.00

17:48:08        IFACE   rxpck/s   txpck/s    rxkB/s    txkB/s   rxcmp/s   txcmp/s  rxmcst/s   %ifutil
17:48:09         ens5    108.00    160.00     69.66    114.93      0.00      0.00      0.00      0.00

17:48:09        IFACE   rxpck/s   txpck/s    rxkB/s    txkB/s   rxcmp/s   txcmp/s  rxmcst/s   %ifutil
17:48:10         ens5    106.00    156.00     67.49    111.18      0.00      0.00      0.00      0.00

17:48:10        IFACE   rxpck/s   txpck/s    rxkB/s    txkB/s   rxcmp/s   txcmp/s  rxmcst/s   %ifutil
17:48:11         ens5    105.00    160.00     67.39    114.09      0.00      0.00      0.00      0.00

17:48:11        IFACE   rxpck/s   txpck/s    rxkB/s    txkB/s   rxcmp/s   txcmp/s  rxmcst/s   %ifutil
17:48:12         ens5    107.00    159.00     69.59    112.54      0.00      0.00      0.00      0.00

17:48:12        IFACE   rxpck/s   txpck/s    rxkB/s    txkB/s   rxcmp/s   txcmp/s  rxmcst/s   %ifutil
17:48:13         ens5    105.00    159.00     67.19    113.71      0.00      0.00      0.00      0.00

17:48:13        IFACE   rxpck/s   txpck/s    rxkB/s    txkB/s   rxcmp/s   txcmp/s  rxmcst/s   %ifutil
17:48:14         ens5    107.00    157.00     69.04    111.37      0.00      0.00      0.00      0.00

17:48:14        IFACE   rxpck/s   txpck/s    rxkB/s    txkB/s   rxcmp/s   txcmp/s  rxmcst/s   %ifutil
17:48:15         ens5     17.00     27.00     11.19     18.60      0.00      0.00      0.00      0.00

17:48:15        IFACE   rxpck/s   txpck/s    rxkB/s    txkB/s   rxcmp/s   txcmp/s  rxmcst/s   %ifutil
17:48:16         ens5      0.00      0.00      0.00      0.00      0.00      0.00      0.00      0.00


Average:        IFACE   rxpck/s   txpck/s    rxkB/s    txkB/s   rxcmp/s   txcmp/s  rxmcst/s   %ifutil
Average:         ens5     88.00    129.44     55.79     91.56      0.00      0.00      0.00      0.00
