Linux 7.0.0-1010-aws (ip-172-31-31-224) 	08/11/26 	_x86_64_	(2 CPU)

06:38:42        CPU     %user     %nice   %system   %iowait    %steal     %idle
06:38:43        all     50.00      0.00      5.50      0.00      1.00     43.50
06:38:44        all     56.78      0.00      5.53      0.00      1.01     36.68
06:38:45        all     49.25      0.00      3.52      0.00      1.01     46.23
06:38:46        all     47.74      0.00      4.02      0.00      1.51     46.73
06:38:47        all     48.74      0.00      3.52      0.50      1.51     45.73
06:38:48        all     49.50      0.00      2.97      0.00      1.49     46.04
06:38:49        all     49.49      0.00      4.08      0.00      0.51     45.92
06:38:50        all     44.72      0.00      5.03      0.00      1.51     48.74
06:38:51        all     15.42      0.00      1.99      0.00      0.00     82.59
06:38:52        all      0.00      0.00      0.00      0.00      0.00    100.00
06:38:53        all      0.00      0.00      0.00      0.00      0.51     99.49
06:38:54        all      3.98      0.00      0.50      0.00      0.50     95.02
06:38:55        all      0.50      0.00      0.00      0.00      0.00     99.50
06:38:56        all      0.00      0.00      0.50      0.00      1.00     98.51
06:38:57        all      0.00      0.00      0.00      0.00      0.00    100.00
06:38:58        all      1.00      0.00      0.00      0.00      0.00     99.00
06:38:59        all      5.58      0.00      1.02      0.00      0.00     93.40
06:39:00        all      6.98      0.00      3.26      0.00     17.67     72.09
06:39:01        all      8.17      0.00      2.88      0.00     12.02     76.92
06:39:02        all      4.35      0.00      2.17      0.00     26.09     67.39
06:39:03        all      0.98      0.00      0.49      0.00      4.39     94.15
06:39:04        all      0.00      0.00      0.00      0.00      1.49     98.51
06:39:05        all      0.50      0.00      0.50      0.00      0.00     99.00
06:39:06        all      0.50      0.00      0.50      0.00      0.50     98.50
06:39:07        all      0.50      0.00      0.00      0.00      0.00     99.50
06:39:08        all      0.00      0.00      0.00      0.00      0.50     99.50
06:39:09        all      0.00      0.00      0.50      0.00      0.00     99.50
06:39:10        all      1.00      0.00      0.00      0.00      0.00     99.00
06:39:11        all      0.50      0.00      0.00      0.00      0.00     99.50
06:39:12        all      0.00      0.00      0.00      0.00      0.50     99.50
06:39:13        all      0.00      0.00      0.50      0.00      0.00     99.50

Average:        all     14.29      0.00      1.59      0.02      2.58     81.53
