Linux 7.0.0-1010-aws (ip-172-31-31-224) 	08/11/26 	_x86_64_	(2 CPU)

06:38:42    kbmemfree   kbavail kbmemused  %memused kbbuffers  kbcached  kbcommit   %commit  kbactive   kbinact   kbdirty
06:38:43       688776   1289644    442036     22.66     14524    728504   1606040     82.32    380736    710596       280
06:38:44       616956   1217960    513720     26.33     14524    728640   1677328     85.98    450144    710604       288
06:38:45       544380   1145388    586292     30.05     14524    728644   1747672     89.58    522348    710608       292
06:38:46       456936   1057944    673736     34.53     14524    728644   1839592     94.29    613304    710608       292
06:38:47       392928    993960    737720     37.81     14548    728644   1906716     97.74    678340    710632       308
06:38:48       328416    929448    802232     41.12     14548    728644   1969124    100.93    742772    710632       196
06:38:49       223836    824868    906812     46.48     14548    728644   2065560    105.88    840904    710632       196
06:38:50       102876    703912   1027768     52.68     14548    728648   2190440    112.28    964612    710636       200
06:38:51        78684    679720   1051960     53.92     14548    728648   2211304    113.35    983004    710636       200
06:38:52        78684    679720   1051960     53.92     14548    728648   2211304    113.35    983004    710636       200
06:38:53        78684    679720   1051960     53.92     14548    728648   2211304    113.35    983004    710636       200
06:38:54        78684    679720   1051960     53.92     14548    728648   2211304    113.35    983004    710636       200
06:38:55        78684    679720   1051956     53.92     14548    728652   2211304    113.35    983004    710636       204
06:38:56        78684    679720   1051956     53.92     14548    728652   2211304    113.35    983004    710636       204
06:38:57        78684    679720   1051956     53.92     14548    728652   2211304    113.35    983004    710636       204
06:38:58        78684    679720   1051956     53.92     14548    728652   2211304    113.35    983004    710636       204
06:38:59        78760    679800   1051872     53.92     14548    728660   2211304    113.35    983128    710640       212
06:39:00        78504    679556   1052124     53.93     14548    728664   2211368    113.35    983336    710652       160
06:39:01        78200    679252   1052428     53.95     14548    728664   2211368    113.35    983420    710652       160
06:39:02        78016    679068   1052608     53.96     14548    728668   2211368    113.35    983584    710652       164
06:39:03        78016    679068   1052608     53.96     14548    728668   2211368    113.35    983584    710652       164
06:39:04        78016    679068   1052608     53.96     14548    728668   2211368    113.35    983584    710652       164
06:39:05        78016    679068   1052604     53.95     14548    728672   2211368    113.35    983584    710652       172
06:39:06        78016    679072   1052604     53.95     14548    728672   2211368    113.35    984076    710656       172
06:39:07        78016    679076   1052604     53.95     14548    728672   2211368    113.35    984208    710660        24
06:39:08        78016    679076   1052604     53.95     14548    728672   2211368    113.35    984208    710660        24
06:39:09        78016    679076   1052604     53.95     14548    728672   2211368    113.35    984208    710660        24
06:39:10        78016    679076   1052600     53.95     14548    728676   2211368    113.35    984208    710660        28
06:39:11        78016    679076   1052600     53.95     14548    728676   2211368    113.35    984208    710660        28
06:39:12        78016    679076   1052600     53.95     14548    728676   2211368    113.35    984208    710660        28
06:39:13        78016    679076   1052600     53.95     14548    728676   2211368    113.35    984208    710660        12

Average:       166330    767367    964311     49.43     14545    728654   2124625    108.91    897256    710641       168
