Linux 7.0.0-1010-aws (ip-172-31-31-224) 	08/11/26 	_x86_64_	(2 CPU)

06:38:42        IFACE   rxpck/s   txpck/s    rxkB/s    txkB/s   rxcmp/s   txcmp/s  rxmcst/s   %ifutil
06:38:43         ens5     46.00     48.00      3.91      6.08      0.00      0.00      0.00      0.00

06:38:43        IFACE   rxpck/s   txpck/s    rxkB/s    txkB/s   rxcmp/s   txcmp/s  rxmcst/s   %ifutil
06:38:44         ens5     35.00     30.00      2.93      3.87      0.00      0.00      0.00      0.00

06:38:44        IFACE   rxpck/s   txpck/s    rxkB/s    txkB/s   rxcmp/s   txcmp/s  rxmcst/s   %ifutil
06:38:45         ens5      6.00      7.00      0.30      1.49      0.00      0.00      0.00      0.00

06:38:45        IFACE   rxpck/s   txpck/s    rxkB/s    txkB/s   rxcmp/s   txcmp/s  rxmcst/s   %ifutil
06:38:46         ens5      7.00      6.00      0.36      1.25      0.00      0.00      0.00      0.00

06:38:46        IFACE   rxpck/s   txpck/s    rxkB/s    txkB/s   rxcmp/s   txcmp/s  rxmcst/s   %ifutil
06:38:47         ens5      5.00      6.00      0.25      1.33      0.00      0.00      0.00      0.00

06:38:47        IFACE   rxpck/s   txpck/s    rxkB/s    txkB/s   rxcmp/s   txcmp/s  rxmcst/s   %ifutil
06:38:48         ens5      9.00      9.00      0.46      1.87      0.00      0.00      0.00      0.00

06:38:48        IFACE   rxpck/s   txpck/s    rxkB/s    txkB/s   rxcmp/s   txcmp/s  rxmcst/s   %ifutil
06:38:49         ens5      8.00      7.00      0.41      1.52      0.00      0.00      0.00      0.00

06:38:49        IFACE   rxpck/s   txpck/s    rxkB/s    txkB/s   rxcmp/s   txcmp/s  rxmcst/s   %ifutil
06:38:50         ens5      3.00      3.00      0.15      0.66      0.00      0.00      0.00      0.00

06:38:50        IFACE   rxpck/s   txpck/s    rxkB/s    txkB/s   rxcmp/s   txcmp/s  rxmcst/s   %ifutil
06:38:51         ens5      3.00      3.00      0.15      0.61      0.00      0.00      0.00      0.00

06:38:51        IFACE   rxpck/s   txpck/s    rxkB/s    txkB/s   rxcmp/s   txcmp/s  rxmcst/s   %ifutil
06:38:52         ens5      0.00      0.00      0.00      0.00      0.00      0.00      0.00      0.00

06:38:52        IFACE   rxpck/s   txpck/s    rxkB/s    txkB/s   rxcmp/s   txcmp/s  rxmcst/s   %ifutil
06:38:53         ens5      0.00      0.00      0.00      0.00      0.00      0.00      0.00      0.00

06:38:53        IFACE   rxpck/s   txpck/s    rxkB/s    txkB/s   rxcmp/s   txcmp/s  rxmcst/s   %ifutil
06:38:54         ens5      0.00      0.00      0.00      0.00      0.00      0.00      0.00      0.00

06:38:54        IFACE   rxpck/s   txpck/s    rxkB/s    txkB/s   rxcmp/s   txcmp/s  rxmcst/s   %ifutil
06:38:55         ens5      0.00      0.00      0.00      0.00      0.00      0.00      0.00      0.00

06:38:55        IFACE   rxpck/s   txpck/s    rxkB/s    txkB/s   rxcmp/s   txcmp/s  rxmcst/s   %ifutil
06:38:56         ens5     21.00     45.00      8.60     47.31      0.00      0.00      0.00      0.00

06:38:56        IFACE   rxpck/s   txpck/s    rxkB/s    txkB/s   rxcmp/s   txcmp/s  rxmcst/s   %ifutil
06:38:57         ens5      0.00      0.00      0.00      0.00      0.00      0.00      0.00      0.00

06:38:57        IFACE   rxpck/s   txpck/s    rxkB/s    txkB/s   rxcmp/s   txcmp/s  rxmcst/s   %ifutil
06:38:58         ens5      0.00      0.00      0.00      0.00      0.00      0.00      0.00      0.00

06:38:58        IFACE   rxpck/s   txpck/s    rxkB/s    txkB/s   rxcmp/s   txcmp/s  rxmcst/s   %ifutil
06:38:59         ens5     30.00     68.00     15.47     66.54      0.00      0.00      0.00      0.00

06:38:59        IFACE   rxpck/s   txpck/s    rxkB/s    txkB/s   rxcmp/s   txcmp/s  rxmcst/s   %ifutil
06:39:00         ens5    494.00   1275.00    279.34   1250.30      0.00      0.00      0.00      0.00

06:39:00        IFACE   rxpck/s   txpck/s    rxkB/s    txkB/s   rxcmp/s   txcmp/s  rxmcst/s   %ifutil
06:39:01         ens5    578.00   1471.00    357.71   1428.21      0.00      0.00      0.00      0.00

06:39:01        IFACE   rxpck/s   txpck/s    rxkB/s    txkB/s   rxcmp/s   txcmp/s  rxmcst/s   %ifutil
06:39:02         ens5    286.00    759.00    122.50    747.37      0.00      0.00      0.00      0.00

06:39:02        IFACE   rxpck/s   txpck/s    rxkB/s    txkB/s   rxcmp/s   txcmp/s  rxmcst/s   %ifutil
06:39:03         ens5      0.00      0.00      0.00      0.00      0.00      0.00      0.00      0.00

06:39:03        IFACE   rxpck/s   txpck/s    rxkB/s    txkB/s   rxcmp/s   txcmp/s  rxmcst/s   %ifutil
06:39:04         ens5      0.00      0.00      0.00      0.00      0.00      0.00      0.00      0.00

06:39:04        IFACE   rxpck/s   txpck/s    rxkB/s    txkB/s   rxcmp/s   txcmp/s  rxmcst/s   %ifutil
06:39:05         ens5      0.00      0.00      0.00      0.00      0.00      0.00      0.00      0.00

06:39:05        IFACE   rxpck/s   txpck/s    rxkB/s    txkB/s   rxcmp/s   txcmp/s  rxmcst/s   %ifutil
06:39:06         ens5      0.00      0.00      0.00      0.00      0.00      0.00      0.00      0.00

06:39:06        IFACE   rxpck/s   txpck/s    rxkB/s    txkB/s   rxcmp/s   txcmp/s  rxmcst/s   %ifutil
06:39:07         ens5      0.00      0.00      0.00      0.00      0.00      0.00      0.00      0.00

06:39:07        IFACE   rxpck/s   txpck/s    rxkB/s    txkB/s   rxcmp/s   txcmp/s  rxmcst/s   %ifutil
06:39:08         ens5      0.00      0.00      0.00      0.00      0.00      0.00      0.00      0.00

06:39:08        IFACE   rxpck/s   txpck/s    rxkB/s    txkB/s   rxcmp/s   txcmp/s  rxmcst/s   %ifutil
06:39:09         ens5      0.00      0.00      0.00      0.00      0.00      0.00      0.00      0.00

06:39:09        IFACE   rxpck/s   txpck/s    rxkB/s    txkB/s   rxcmp/s   txcmp/s  rxmcst/s   %ifutil
06:39:10         ens5      0.00      0.00      0.00      0.00      0.00      0.00      0.00      0.00

06:39:10        IFACE   rxpck/s   txpck/s    rxkB/s    txkB/s   rxcmp/s   txcmp/s  rxmcst/s   %ifutil
06:39:11         ens5      0.00      0.00      0.00      0.00      0.00      0.00      0.00      0.00

06:39:11        IFACE   rxpck/s   txpck/s    rxkB/s    txkB/s   rxcmp/s   txcmp/s  rxmcst/s   %ifutil
06:39:12         ens5      0.00      0.00      0.00      0.00      0.00      0.00      0.00      0.00

06:39:12        IFACE   rxpck/s   txpck/s    rxkB/s    txkB/s   rxcmp/s   txcmp/s  rxmcst/s   %ifutil
06:39:13         ens5      0.00      0.00      0.00      0.00      0.00      0.00      0.00      0.00


Average:        IFACE   rxpck/s   txpck/s    rxkB/s    txkB/s   rxcmp/s   txcmp/s  rxmcst/s   %ifutil
Average:         ens5     49.39    120.55     25.57    114.79      0.00      0.00      0.00      0.00
