Linux 7.0.0-1008-aws (ip-172-31-31-224) 	08/07/26 	_x86_64_	(2 CPU)

07:42:49        CPU     %user     %nice   %system   %iowait    %steal     %idle
07:42:50        all     52.53      0.00      4.04      0.00      0.00     43.43
07:42:51        all     49.50      0.00      4.00      0.00      0.00     46.50
07:42:52        all     50.75      0.00      3.02      0.00      0.00     46.23
07:42:53        all     49.00      0.00      4.50      0.00      0.00     46.50
07:42:54        all     51.76      0.00      3.02      0.00      0.00     45.23
07:42:55        all     47.24      0.00      3.52      0.00      0.00     49.25
07:42:56        all     51.26      0.00      3.02      0.00      0.00     45.73
07:42:57        all     31.84      0.00      4.48      0.00      0.00     63.68
07:42:58        all      1.01      0.00      1.01      0.00      0.00     97.99
07:42:59        all      2.02      0.00      1.01      0.00      0.00     96.97
07:43:00        all      1.02      0.00      1.02      0.00      0.00     97.97
07:43:01        all      2.50      0.00      1.00      0.00      0.00     96.50
07:43:02        all      1.52      0.00      1.02      0.00      0.00     97.46
07:43:03        all      2.02      0.00      1.01      0.00      0.00     96.97
07:43:04        all      2.02      0.00      1.01      0.00      0.00     96.97
07:43:05        all      2.50      0.00      1.00      0.00      0.00     96.50
07:43:06        all      2.03      0.00      0.51      0.00      0.00     97.46
07:43:07        all      2.00      0.00      1.50      0.00      0.00     96.50
07:43:08        all      2.02      0.00      1.01      0.00      0.00     96.97
07:43:09        all      2.02      0.00      1.01      0.00      0.00     96.97
07:43:10        all      2.02      0.00      1.01      0.00      0.00     96.97
07:43:11        all      1.52      0.00      1.01      0.00      0.00     97.47
07:43:12        all      2.03      0.00      0.51      0.00      0.00     97.46
07:43:13        all      2.02      0.00      1.01      0.00      0.00     96.97
07:43:14        all      2.01      0.00      1.51      0.00      0.00     96.48
07:43:15        all      2.02      0.00      1.01      0.00      0.00     96.97
07:43:16        all      2.02      0.00      1.01      0.00      0.00     96.97
07:43:17        all      2.03      0.00      1.02      0.51      0.00     96.45
07:43:18        all      2.01      0.00      1.01      0.00      0.00     96.98
07:43:19        all      2.01      0.00      1.01      0.00      0.50     96.48
07:43:20        all      2.51      0.00      0.50      0.00      0.00     96.98
07:43:21        all      1.53      0.00      0.51      0.00      0.00     97.96
07:43:22        all      2.51      0.00      1.01      0.00      0.00     96.48
07:43:23        all      1.52      0.00      1.02      0.00      0.00     97.46
07:43:24        all      1.51      0.00      1.51      0.00      0.00     96.98
07:43:25        all      2.02      0.00      1.01      0.00      0.00     96.97
07:43:26        all      2.03      0.00      0.51      0.00      0.00     97.46
07:43:27        all      2.51      0.00      1.01      0.00      0.00     96.48
07:43:28        all      2.51      0.00      1.01      0.00      0.00     96.48
07:43:29        all      2.02      0.00      1.01      0.00      0.00     96.97
07:43:30        all      2.00      0.00      1.50      0.00      0.00     96.50
07:43:31        all      2.51      0.00      1.01      0.00      0.00     96.48
07:43:32        all      1.52      0.00      1.01      0.00      0.00     97.47
07:43:33        all      2.04      0.00      0.00      0.00      0.00     97.96
07:43:34        all      2.00      0.00      1.50      0.00      0.00     96.50
07:43:35        all      2.53      0.00      0.51      0.00      0.00     96.97
07:43:36        all      1.52      0.00      1.52      0.00      0.00     96.95
07:43:37        all      2.02      0.00      1.01      0.00      0.00     96.97
07:43:38        all      2.03      0.00      0.51      0.00      0.00     97.46
07:43:39        all      2.01      0.00      1.51      0.00      0.00     96.48
07:43:40        all      2.02      0.00      1.01      0.00      0.00     96.97
07:43:41        all      1.52      0.00      1.52      0.00      0.00     96.97
07:43:42        all      1.52      0.00      0.51      0.00      0.51     97.47
07:43:43        all      2.50      0.00      1.50      0.00      0.00     96.00
07:43:44        all      2.03      0.00      0.51      0.00      0.00     97.46
07:43:45        all      2.49      0.00      1.99      0.00      0.00     95.52
07:43:46        all      2.03      0.00      1.02      0.00      0.00     96.95
07:43:47        all      2.05      0.00      0.51      0.00      0.00     97.44
07:43:48        all      2.01      0.00      1.51      0.00      0.00     96.48
07:43:49        all      1.53      0.00      0.51      0.00      0.00     97.96
07:43:50        all      2.49      0.00      1.99      0.00      0.00     95.52
07:43:51        all      2.03      0.00      0.51      0.00      0.00     97.46
07:43:52        all      1.52      0.00      1.02      0.00      0.00     97.46
07:43:53        all      1.51      0.00      0.00      0.00      0.00     98.49

Average:        all      7.75      0.00      1.33      0.01      0.02     90.89
