Linux 7.0.0-1008-aws (ip-172-31-31-224) 	08/07/26 	_x86_64_	(2 CPU)

07:42:49    kbmemfree   kbavail kbmemused  %memused kbbuffers  kbcached  kbcommit   %commit  kbactive   kbinact   kbdirty
07:42:50       800748   1252788    402048     20.61     15872    580744   1487604     76.26    432908    467128        32
07:42:51       720612   1172652    482184     24.72     15872    580744   1571116     80.54    519072    467128        32
07:42:52       663912   1115952    538884     27.62     15872    580744   1629692     83.54    578168    467128        32
07:42:53       535644    987684    667152     34.20     15872    580744   1759096     90.17    705992    467128        32
07:42:54       446940    898980    755856     38.75     15872    580744   1846272     94.64    793912    467128        32
07:42:55       374616    826656    828180     42.45     15872    580744   1918188     98.33    865808    467128        32
07:42:56       326232    778272    876564     44.93     15872    580744   1967988    100.88    915444    467128        32
07:42:57       205272    657312    997524     51.13     15872    580744   2084612    106.86   1030792    467128        32
07:42:58       205272    657312    997524     51.13     15872    580744   2084612    106.86   1030916    467128        32
07:42:59       205272    657312    997524     51.13     15872    580744   2084612    106.86   1030916    467128        32
07:43:00       205272    657312    997524     51.13     15872    580744   2084612    106.86   1030916    467128        32
07:43:01       205272    657312    997524     51.13     15872    580744   2084612    106.86   1031040    467128        32
07:43:02       205272    657312    997524     51.13     15872    580744   2084676    106.86   1031164    467128        32
07:43:03       205272    657312    997524     51.13     15872    580744   2084676    106.86   1031164    467128        32
07:43:04       205272    657312    997524     51.13     15872    580744   2084676    106.86   1031164    467128        32
07:43:05       205272    657312    997524     51.13     15872    580744   2084676    106.86   1031164    467128        32
07:43:06       205272    657312    997524     51.13     15872    580744   2084676    106.86   1031164    467128        32
07:43:07       205272    657312    997524     51.13     15872    580744   2084676    106.86   1031164    467128        32
07:43:08       205272    657312    997524     51.13     15872    580744   2084676    106.86   1031164    467128        32
07:43:09       205272    657312    997520     51.13     15872    580748   2084676    106.86   1031164    467128        36
07:43:10       205272    657312    997520     51.13     15872    580748   2084740    106.87   1031164    467128        36
07:43:11       205272    657312    997520     51.13     15872    580748   2084740    106.87   1031288    467128        36
07:43:12       205272    657312    997520     51.13     15872    580748   2084740    106.87   1031288    467128        36
07:43:13       205272    657312    997520     51.13     15872    580748   2084740    106.87   1031288    467128        36
07:43:14       205272    657312    997520     51.13     15872    580748   2084740    106.87   1031288    467128        36
07:43:15       205272    657312    997520     51.13     15872    580748   2084740    106.87   1031288    467128        36
07:43:16       205272    657316    997520     51.13     15872    580748   2084740    106.87   1031384    467132        24
07:43:17       205272    657332    997504     51.13     15896    580740   2084804    106.87   1031408    467148       116
07:43:18       205272    657332    997496     51.13     15896    580748   2084804    106.87   1031436    467148       116
07:43:19       205272    657332    997496     51.13     15896    580748   2084804    106.87   1031436    467148       116
07:43:20       205272    657340    997496     51.13     15896    580748   2084804    106.87   1031452    467156       104
07:43:21       205272    657340    997496     51.13     15896    580748   2084804    106.87   1031476    467156       104
07:43:22       205272    657340    997496     51.13     15896    580748   2084804    106.87   1031476    467156       104
07:43:23       205272    657340    997492     51.13     15896    580752   2084804    106.87   1031476    467156       108
07:43:24       205272    657340    997492     51.13     15896    580752   2084804    106.87   1031476    467156       108
07:43:25       205272    657340    997492     51.13     15896    580752   2084868    106.87   1031476    467156       108
07:43:26       205272    657340    997492     51.13     15896    580752   2084868    106.87   1031476    467156       108
07:43:27       205272    657340    997492     51.13     15896    580752   2084868    106.87   1031476    467156       108
07:43:28       205272    657340    997492     51.13     15896    580752   2084868    106.87   1031476    467156       108
07:43:29       205272    657340    997488     51.13     15896    580756   2085124    106.89   1031476    467156       112
07:43:30       205272    657348    997488     51.13     15896    580756   2085124    106.89   1031716    467164       112
07:43:31       205272    657348    997488     51.13     15896    580756   2085124    106.89   1031716    467164       112
07:43:32       205272    657348    997488     51.13     15896    580756   2085444    106.90   1031716    467164       112
07:43:33       205272    657348    997488     51.13     15896    580756   2085444    106.90   1031964    467164       112
07:43:34       205272    657348    997488     51.13     15896    580756   2085444    106.90   1031964    467164       112
07:43:35       205272    657348    997488     51.13     15896    580756   2085444    106.90   1031964    467164       112
07:43:36       205272    657348    997488     51.13     15896    580756   2085444    106.90   1032172    467164       112
07:43:37       205272    657348    997488     51.13     15896    580756   2085444    106.90   1032212    467164       112
07:43:38       205272    657348    997488     51.13     15896    580756   2085956    106.93   1032212    467164       112
07:43:39       205272    657348    997484     51.13     15896    580760   2085956    106.93   1032336    467164       116
07:43:40       205272    657348    997484     51.13     15896    580760   2086020    106.93   1032460    467164       116
07:43:41       205272    657348    997484     51.13     15896    580760   2086020    106.93   1032460    467164       116
07:43:42       205272    657352    997484     51.13     15896    580760   2086020    106.93   1032580    467168       116
07:43:43       205272    657352    997484     51.13     15896    580760   2086020    106.93   1034812    467168       116
07:43:44       205272    657352    997484     51.13     15896    580760   2090444    107.16   1038356    467168       116
07:43:45       203256    655336    999500     51.24     15896    580760   2094784    107.38   1041764    467168       116
07:43:46       201240    653320   1001516     51.34     15896    580760   2098880    107.59   1045516    467168       116
07:43:47       198720    650824   1004012     51.47     15920    580760   2103040    107.80   1049032    467192       128
07:43:48       195192    647296   1007540     51.65     15920    580760   2107392    108.03   1052996    467192        24
07:43:49       191160    643264   1011572     51.85     15920    580760   2111488    108.24   1056376    467192        24
07:43:50       187884    639992   1014844     52.02     15920    580764   2115840    108.46   1060060    467196        28
07:43:51       184356    636464   1018372     52.20     15920    580764   2115840    108.46   1063604    467196        28
07:43:52       180324    632432   1022404     52.41     15920    580764   2119936    108.67   1067416    467196        12
07:43:53       179316    631424   1023412     52.46     15920    580764   2124032    108.88   1068656    467196        12

Average:       241300    693363    961472     49.29     15888    580751   2050894    105.13    997488    467150        70
