Linux 7.0.0-1008-aws (ip-172-31-20-134) 	08/07/26 	_x86_64_	(2 CPU)

17:00:44        CPU     %user     %nice   %system   %iowait    %steal     %idle
17:00:45        all      2.02      0.00      1.01      0.00      0.00     96.97
17:00:46        all      0.00      0.00      0.00      0.00      0.00    100.00
17:00:47        all      0.50      0.00      1.00      0.00      0.00     98.51
17:00:48        all      0.50      0.00      0.00      0.00      0.00     99.50
17:00:49        all      0.00      0.00      0.00      0.00      0.00    100.00
17:00:50        all      0.00      0.00      0.00      0.00      0.00    100.00
17:00:51        all      0.00      0.00      0.50      0.00      0.00     99.50
17:00:52        all      0.50      0.00      0.50      0.00      0.00     99.00
17:00:53        all      0.50      0.00      0.00      0.00      0.00     99.50
17:00:54        all      0.00      0.00      0.50      0.00      0.00     99.50
17:00:55        all      3.05      0.00      0.51      0.00      0.00     96.45
17:00:56        all      4.06      0.00      0.51      0.00      0.00     95.43
17:00:57        all      4.55      0.00      1.01      0.00      0.00     94.44
17:00:58        all      4.57      0.00      0.00      0.00      0.51     94.92
17:00:59        all      9.09      0.00      2.53      0.00      0.00     88.38
17:01:00        all      4.55      0.00      1.01      0.00      0.51     93.94
17:01:01        all      4.06      0.00      0.00      0.00      0.00     95.94
17:01:02        all      4.02      0.00      1.01      0.00      0.50     94.47
17:01:03        all      4.06      0.00      0.51      0.51      0.00     94.92
17:01:04        all      4.06      0.00      1.02      0.51      0.00     94.42
17:01:05        all      5.05      0.00      0.00      0.00      0.00     94.95
17:01:06        all      4.06      0.00      1.02      0.00      0.00     94.92
17:01:07        all      4.04      0.00      1.52      0.00      0.00     94.44
17:01:08        all      4.55      0.00      0.51      0.00      0.00     94.95
17:01:09        all      4.06      0.00      0.51      0.00      0.00     95.43
17:01:10        all      4.52      0.00      1.01      0.00      0.50     93.97
17:01:11        all      4.08      0.00      0.51      0.00      0.00     95.41
17:01:12        all      4.52      0.00      1.01      0.00      0.00     94.47
17:01:13        all      4.55      0.00      0.51      0.00      0.00     94.95
17:01:14        all      8.67      0.00      2.55      0.00      0.00     88.78
17:01:15        all      8.67      0.00      0.00      0.00      0.00     91.33
17:01:16        all      4.04      0.00      1.01      0.51      0.00     94.44
17:01:17        all      4.57      0.00      0.51      0.00      0.00     94.92
17:01:18        all      4.02      0.00      1.51      0.00      0.00     94.47
17:01:19        all      4.10      0.00      0.51      0.00      0.00     95.38
17:01:20        all      5.03      0.00      0.50      0.00      0.00     94.47
17:01:21        all      3.55      0.00      1.02      0.00      0.51     94.92
17:01:22        all      4.55      0.00      1.01      0.00      0.00     94.44
17:01:23        all      4.02      0.00      1.51      0.00      0.00     94.47
17:01:24        all      5.08      0.00      0.00      0.00      0.00     94.92
17:01:25        all      4.04      0.00      1.01      0.00      0.00     94.95
17:01:26        all      4.08      0.00      0.00      0.00      0.00     95.92
17:01:27        all      5.05      0.00      1.01      0.00      0.00     93.94
17:01:28        all      3.54      0.00      1.01      0.00      0.51     94.95
17:01:29        all     10.05      0.00      2.51      0.00      0.00     87.44
17:01:30        all      4.08      0.00      0.51      0.00      0.00     95.41
17:01:31        all      4.08      0.00      0.51      0.00      0.00     95.41
17:01:32        all      5.05      0.00      1.01      0.00      0.00     93.94
17:01:33        all      4.59      0.00      0.00      0.51      0.00     94.90
17:01:34        all      4.50      0.00      1.50      0.00      0.00     94.00
17:01:35        all      5.03      0.00      1.01      0.00      0.00     93.97
17:01:36        all      4.04      0.00      1.52      0.00      0.00     94.44
17:01:37        all      5.03      0.00      1.01      0.00      0.00     93.97
17:01:38        all      4.55      0.00      1.01      0.00      0.00     94.44
17:01:39        all      3.57      0.00      0.51      0.00      0.00     95.92
17:01:40        all      4.55      0.00      0.51      0.00      0.00     94.95
17:01:41        all      4.08      0.00      0.51      0.00      0.00     95.41
17:01:42        all      5.03      0.00      0.50      0.00      0.50     93.97
17:01:43        all      4.59      0.00      0.51      0.00      0.00     94.90
17:01:44        all      8.63      0.00      2.03      0.00      0.00     89.34
17:01:45        all      4.98      0.00      1.49      0.00      0.50     93.03
17:01:46        all      4.57      0.00      0.51      0.00      0.00     94.92
17:01:47        all      4.59      0.00      0.00      0.00      0.00     95.41
17:01:48        all      4.08      0.00      1.02      0.00      0.00     94.90
17:01:49        all      5.00      0.00      1.00      0.00      0.00     94.00
17:01:50        all      4.06      0.00      0.51      0.00      0.00     95.43
17:01:51        all      4.55      0.00      1.01      0.00      0.00     94.44
17:01:52        all      5.08      0.00      1.02      0.00      0.00     93.91
17:01:53        all      4.46      0.00      0.99      0.00      0.99     93.56
17:01:54        all      4.55      0.00      1.01      0.00      0.00     94.44
17:01:55        all      4.62      0.00      0.00      0.00      0.00     95.38
17:01:56        all      4.52      0.00      1.51      0.00      0.00     93.97
17:01:57        all      4.08      0.00      0.51      0.00      0.00     95.41
17:01:58        all      5.05      0.00      0.51      0.00      0.00     94.44
17:01:59        all      8.63      0.00      3.05      0.00      0.51     87.82
17:02:00        all      4.55      0.00      0.51      0.00      0.51     94.44
17:02:01        all      4.52      0.00      0.50      0.00      0.00     94.97
17:02:02        all      4.55      0.00      1.52      0.00      0.00     93.94
17:02:03        all      5.56      0.00      0.51      1.01      0.00     92.93
17:02:04        all      5.56      0.00      0.51      0.00      0.00     93.94
17:02:05        all      3.55      0.00      1.02      0.00      0.00     95.43
17:02:06        all      4.52      0.00      0.50      0.00      0.50     94.47
17:02:07        all      5.08      0.00      0.51      0.00      0.00     94.42
17:02:08        all      4.98      0.00      1.49      0.00      0.50     93.03
17:02:09        all      4.06      0.00      0.51      0.00      0.00     95.43
17:02:10        all      4.06      0.00      1.02      0.00      0.00     94.92
17:02:11        all      4.62      0.00      0.00      0.00      0.00     95.38
17:02:12        all      5.03      0.00      1.01      0.00      0.00     93.97
17:02:13        all      4.06      0.00      0.51      0.00      0.00     95.43
17:02:14        all      9.60      0.00      2.53      0.00      0.00     87.88
17:02:15        all      4.04      0.00      1.01      0.00      0.00     94.95
17:02:16        all      4.06      0.00      0.51      0.00      0.00     95.43
17:02:17        all      4.52      0.00      1.51      0.00      0.00     93.97
17:02:18        all      4.08      0.00      0.51      0.00      0.00     95.41
17:02:19        all      4.52      0.00      1.01      0.00      0.00     94.47
17:02:20        all      4.06      0.00      0.51      0.00      0.00     95.43
17:02:21        all      4.06      0.00      1.02      0.00      0.00     94.92
17:02:22        all      4.08      0.00      0.00      0.00      0.00     95.92
17:02:23        all      4.55      0.00      1.01      0.00      0.00     94.44
17:02:24        all      1.51      0.00      0.00      0.00      0.00     98.49
17:02:25        all      0.00      0.00      0.50      0.00      0.00     99.50

Average:        all      4.26      0.00      0.80      0.03      0.07     94.84
