Linux 7.0.0-1008-aws (ip-172-31-20-134) 	08/07/26 	_x86_64_	(2 CPU)

17:00:44    kbmemfree   kbavail kbmemused  %memused kbbuffers  kbcached  kbcommit   %commit  kbactive   kbinact   kbdirty
17:00:45        90260   1266292    402516     20.63     13160   1253640   1636032     83.87    762900    811316       132
17:00:46        90260   1266292    402516     20.63     13160   1253640   1636032     83.87    762900    811316       132
17:00:47        90260   1266292    402512     20.63     13160   1253644   1636032     83.87    762732    811316       136
17:00:48        90260   1266292    402512     20.63     13160   1253644   1636032     83.87    762696    811300       136
17:00:49        90260   1266292    402508     20.63     13160   1253648   1636032     83.87    763564    811300       140
17:00:50        90260   1266292    402508     20.63     13160   1253648   1636032     83.87    763564    811300       140
17:00:51        90260   1266292    402508     20.63     13160   1253648   1636032     83.87    763564    811300       140
17:00:52        90260   1266292    402508     20.63     13160   1253648   1636032     83.87    763564    811300       140
17:00:53        90260   1266292    402508     20.63     13160   1253648   1636032     83.87    763564    811300       140
17:00:54        90260   1266292    402508     20.63     13160   1253648   1636032     83.87    763564    811300       140
17:00:55        90260   1266304    402504     20.63     13160   1253652   1637368     83.93    766776    811312       144
17:00:56        89252   1265392    403416     20.68     13160   1253748   1642204     84.18    768168    811408       240
17:00:57        89000   1265244    403560     20.69     13160   1253856   1642204     84.18    768140    811512       348
17:00:58        89000   1265348    403460     20.68     13160   1253956   1642324     84.19    768408    811616       448
17:00:59        88748   1265208    403592     20.69     13160   1254076   1642324     84.19    768668    811728       568
17:01:00        88496   1265068    403740     20.70     13160   1254180   1642464     84.20    769592    811840       672
17:01:01        88244   1264912    403892     20.70     13160   1254280   1642784     84.21    770072    811936       772
17:01:02        88244   1264944    403704     20.69     13160   1254468   1642832     84.21    770248    811968       876
17:01:03        87992   1264940    403856     20.70     13188   1254540   1642900     84.22    770420    812132      1068
17:01:04        83328   1262540    406224     20.82     13212   1256812   1642932     84.22    771516    814396      1184
17:01:05        82888   1262252    406552     20.84     13212   1256924   1643376     84.24    772144    814548      1296
17:01:06        82888   1262316    406452     20.84     13212   1257024   1643376     84.24    772204    814612      1396
17:01:07        82636   1262212    406592     20.84     13212   1257136   1643376     84.24    771652    814760      1508
17:01:08        82636   1262240    406488     20.84     13212   1257240   1643376     84.24    771428    814788      1612
17:01:09        82636   1262424    406380     20.83     13212   1257348   1643376     84.24    771988    814972      1720
17:01:10        82636   1262460    406280     20.83     13212   1257448   1643376     84.24    771892    815008      1820
17:01:11        82636   1262576    406172     20.82     13212   1257556   1643376     84.24    771900    815124      1928
17:01:12        82636   1262688    406064     20.82     13212   1257664   1643376     84.24    771912    815236      2036
17:01:13        82384   1262576    406212     20.82     13212   1257768   1643376     84.24    771960    815376      2088
17:01:14        82384   1262700    406108     20.82     13212   1257872   1643376     84.24    772060    815500      2192
17:01:15        82384   1262808    406000     20.81     13212   1257980   1643376     84.24    772076    815608      2304
17:01:16        82384   1262908    405896     20.81     13212   1258084   1643376     84.24    772096    815708       164
17:01:17        82384   1263024    405784     20.80     13212   1258196   1643376     84.24    772352    815824       284
17:01:18        82384   1263024    405684     20.80     13212   1258296   1643376     84.24    772352    815824       384
17:01:19        82384   1263144    405580     20.79     13212   1258400   1643376     84.24    772728    815944       488
17:01:20        82132   1262996    405728     20.80     13212   1258504   1643376     84.24    772748    816048       592
17:01:21        81880   1262932    405872     20.81     13212   1258612   1643376     84.24    771948    816236       700
17:01:22        81628   1262776    406016     20.81     13212   1258720   1643376     84.24    772104    816332       808
17:01:23        81628   1262840    405916     20.81     13212   1258820   1643376     84.24    772164    816396       908
17:01:24        81376   1262732    406064     20.82     13212   1258924   1643376     84.24    772352    816540      1012
17:01:25        81124   1262592    406212     20.82     13212   1259028   1643508     84.25    772612    816652      1116
17:01:26        80872   1262432    406360     20.83     13212   1259132   1643508     84.25    772684    816744      1220
17:01:27        80620   1262276    406500     20.84     13212   1259244   1643508     84.25    773084    816840      1332
17:01:28        80620   1262316    406400     20.83     13212   1259344   1643508     84.25    773168    816880      1432
17:01:29        80116   1262004    406792     20.85     13212   1259456   1643492     84.25    773096    817072      1544
17:01:30        80116   1262100    406688     20.85     13212   1259560   1643492     84.25    773188    817168      1648
17:01:31        80116   1262220    406580     20.84     13212   1259668   1643464     84.25    773232    817288      1756
17:01:32        79864   1262072    406728     20.85     13212   1259772   1643464     84.25    773624    817392      1860
17:01:33        79612   1261940    406796     20.85     13236   1259932   1643460     84.25    773720    817512      1980
17:01:34        78856   1261352    407452     20.89     13236   1260032   1643460     84.25    774412    817632      1936
17:01:35        78856   1261464    407344     20.88     13236   1260140   1643464     84.25    774548    817744      2044
17:01:36        78604   1261312    407496     20.89     13236   1260240   1643464     84.25    773960    817844      2144
17:01:37        76424   1259180    409560     20.99     13236   1260356   1643464     84.25    773984    817892      2260
17:01:38        76424   1259348    409460     20.99     13236   1260456   1643464     84.25    774448    818060      2356
17:01:39        76172   1259192    409604     21.00     13236   1260564   1643464     84.25    774476    818156      2464
17:01:40        76172   1259300    409500     20.99     13236   1260668   1643464     84.25    774492    818264      2568
17:01:41        76172   1259300    409400     20.99     13236   1260768   1643464     84.25    774108    818264      2668
17:01:42        76172   1259428    409288     20.98     13236   1260880   1643464     84.25    774476    818392      2780
17:01:43        76172   1259548    409188     20.98     13236   1260980   1643464     84.25    774480    818512      2880
17:01:44        76172   1259680    409072     20.97     13236   1261096   1643464     84.25    774520    818644      2996
17:01:45        76172   1259836    408968     20.96     13236   1261200   1652040     84.69    774944    818800      3100
17:01:46        76172   1259948    408860     20.96     13236   1261308   1652096     84.69    775080    818912      2988
17:01:47        75668   1259540    409260     20.98     13236   1261412   1652140     84.69    775356    819008      3092
17:01:48        75668   1259564    409156     20.97     13236   1261516   1652144     84.69    775584    819032      3136
17:01:49        74912   1258936    409808     21.01     13236   1261620   1652144     84.69    776076    819160      3244
17:01:50        74912   1258956    409700     21.00     13236   1261728   1652144     84.69    776180    819180      3352
17:01:51        74660   1258960    409848     21.01     13236   1261832   1652192     84.69    775876    819436      3456
17:01:52        74408   1258808    409992     21.02     13236   1261940   1652192     84.69    776172    819536        56
17:01:53        74408   1258880    409888     21.01     13236   1262044   1652192     84.69    776224    819608       168
17:01:54        74156   1258744    409972     21.02     13236   1262212   1652188     84.69    776232    819724       272
17:01:55        74156   1258864    409876     21.01     13236   1262308   1652188     84.69    776300    819780       368
17:01:56        73904   1258736    410024     21.02     13236   1262412   1652184     84.69    776300    819904       472
17:01:57        73904   1258884    409912     21.01     13236   1262524   1652184     84.69    776396    820052       584
17:01:58        73904   1258972    409808     21.01     13236   1262628   1652184     84.69    776432    820140       688
17:01:59        73652   1258860    409944     21.01     13236   1262744   1652232     84.70    776624    820280       804
17:02:00        73400   1258708    410088     21.02     13236   1262852   1652232     84.70    776676    820380       912
17:02:01        73400   1258708    409996     21.02     13236   1262944   1652232     84.70    776676    820380      1004
17:02:02        73148   1258668    410136     21.02     13236   1263056   1652232     84.70    777208    820592      1116
17:02:03        72896   1258512    410272     21.03     13260   1263148   1652280     84.70    777304    820688      1276
17:02:04        72140   1257852    410928     21.06     13260   1263248   1652280     84.70    777828    820784      1376
17:02:05        72140   1257940    410816     21.06     13260   1263360   1652280     84.70    777988    820872      1488
17:02:06        71384   1257336    411468     21.09     13260   1263464   1652280     84.70    776572    821016      1592
17:02:07        71384   1257436    411368     21.09     13260   1263564   1652328     84.70    776512    821116      1692
17:02:08        71384   1257532    411260     21.08     13260   1263672   1652328     84.70    776624    821212      1800
17:02:09        68312   1254572    414228     21.23     13260   1263776   1652328     84.70    776688    821324      1904
17:02:10        68312   1254616    414124     21.23     13260   1263880   1652328     84.70    776768    821368      2008
17:02:11        68312   1254792    414016     21.22     13260   1263988   1652328     84.70    777088    821544      2116
17:02:12        68312   1254856    413912     21.22     13260   1264092   1652328     84.70    776772    821608      2220
17:02:13        68312   1254856    413804     21.21     13260   1264200   1652328     84.70    776744    821608      2328
17:02:14        68312   1255104    413696     21.21     13260   1264308   1652320     84.70    776672    821856      2436
17:02:15        68312   1255140    413592     21.20     13260   1264412   1652268     84.70    776704    821892      2540
17:02:16        68312   1255344    413408     21.19     13260   1264596   1652268     84.70    776708    822096      2724
17:02:17        68312   1255412    413296     21.19     13260   1264708   1652268     84.70    776732    822164      2620
17:02:18        68312   1255496    413196     21.18     13260   1264808   1652268     84.70    776732    822248      2720
17:02:19        68312   1255640    413092     21.18     13260   1264912   1652268     84.70    777208    822392      2824
17:02:20        68312   1255732    412992     21.17     13260   1265012   1652400     84.70    777504    822484      2876
17:02:21        68312   1255832    412872     21.16     13260   1265132   1652400     84.70    776780    822584      2996
17:02:22        68312   1255932    412780     21.16     13260   1265224   1652364     84.70    776620    822684      3092
17:02:23        68312   1256036    412676     21.15     13260   1265328   1652364     84.70    776640    822788      3196
17:02:24        68312   1256100    412632     21.15     13260   1265372   1652364     84.70    776700    822852      3240
17:02:25        68312   1256100    412624     21.15     13260   1265380   1652364     84.70    776700    822852      3248

Average:        78560   1260755    408016     20.92     13221   1259779   1646140     84.38    773088    817348      1555
