Linux 7.0.0-1010-aws (ip-172-31-31-224) 	08/11/26 	_x86_64_	(2 CPU)

07:09:22        CPU     %user     %nice   %system   %iowait    %steal     %idle
07:09:23        all     47.52      0.00      4.95      0.00      3.96     43.56
07:09:24        all     48.74      0.00      4.02      0.00      2.01     45.23
07:09:25        all     49.75      0.00      3.52      0.00      1.01     45.73
07:09:26        all     47.98      0.00      4.55      0.00      0.00     47.47
07:09:27        all     49.50      0.00      3.50      0.00      1.00     46.00
07:09:28        all     49.50      0.00      3.00      0.00      0.50     47.00
07:09:29        all     57.36      0.00      4.06      0.00      0.51     38.07
07:09:30        all     49.00      0.00      4.50      0.00      2.00     44.50
07:09:31        all      9.05      0.00      0.50      0.00      0.00     90.45
07:09:32        all      0.00      0.00      0.00      0.00      0.00    100.00
07:09:33        all      0.50      0.00      0.00      0.00      0.00     99.50
07:09:34        all      0.00      0.00      0.50      0.00      0.50     99.00
07:09:35        all      0.50      0.00      0.00      0.00      0.00     99.50
07:09:36        all      0.50      0.00      0.50      0.00      0.50     98.51
07:09:37        all      0.00      0.00      0.50      0.00      0.00     99.50
07:09:38        all      0.50      0.00      0.50      0.00      1.00     98.00
07:09:39        all      2.05      0.00      1.54      0.00      0.00     96.41
07:09:40        all      1.51      0.00      2.01      0.00      1.01     95.48
07:09:41        all      0.50      0.00      0.00      0.00      0.00     99.50
07:09:42        all      0.00      0.00      0.00      0.00      0.50     99.50
07:09:43        all      0.00      0.00      0.50      0.00      0.00     99.50
07:09:44        all      6.03      0.00      1.01      0.00      0.50     92.46
07:09:45        all      0.00      0.00      0.50      0.00      0.50     98.99
07:09:46        all      0.50      0.00      0.00      0.00      0.00     99.50
07:09:47        all      1.00      0.00      0.00      0.50      0.50     98.00
07:09:48        all      0.00      0.00      0.00      0.50      0.50     99.00
07:09:49        all      0.00      0.00      0.00      0.00      0.00    100.00
07:09:50        all      0.99      0.00      0.99      0.00      0.50     97.52
07:09:51        all      0.00      0.00      0.00      0.00      0.00    100.00


Average:        all     14.59      0.00      1.42      0.03      0.59     83.37
