Linux 7.0.0-1010-aws (ip-172-31-20-134) 	08/11/26 	_x86_64_	(2 CPU)

17:04:29    kbmemfree   kbavail kbmemused  %memused kbbuffers  kbcached  kbcommit   %commit  kbactive   kbinact   kbdirty
17:04:30       120684   1322068    371768     19.06     31476   1281584   1469864     75.34    995976    586708       372
17:04:31       120684   1322068    371768     19.06     31476   1281584   1469864     75.34    995976    586708       372
17:04:32       120684   1322068    371768     19.06     31476   1281584   1469864     75.34    995976    586708       372
17:04:33       120684   1322068    371768     19.06     31476   1281584   1469864     75.34    995976    586708       372
17:04:34       120684   1322068    371764     19.06     31476   1281588   1469864     75.34    996720    586708       376
17:04:35       120684   1322068    371764     19.06     31476   1281588   1469864     75.34    996720    586708       376
17:04:36       120684   1322068    371764     19.06     31476   1281588   1471072     75.40    997960    586708       376
17:04:37       120684   1322068    371744     19.06     31476   1281608   1471072     75.40    997960    586708       396
17:04:38       120684   1322068    371744     19.06     31476   1281608   1471072     75.40    997960    586708       396
17:04:39       120684   1322068    371744     19.06     31476   1281608   1471072     75.40    997960    586708       396
17:04:40       120684   1322068    371744     19.06     31476   1281608   1480116     75.87   1000144    586708       396
17:04:41       118932   1320384    373436     19.14     31476   1281668   1585528     81.27   1005116    586776       456
17:04:42       104088   1305960    387848     19.88     31476   1282080   1910284     97.92   1020400    587184       868
17:04:43        96552   1298640    395084     20.25     31476   1282280   2127960    109.08   1027436    587396      1068
17:04:44        94536   1296768    396960     20.35     31476   1282420   2127960    109.08   1027852    587540      1208
17:04:45        94536   1296768    396960     20.35     31476   1282420   2127960    109.08   1027852    587540      1208
17:04:46        94536   1296768    396960     20.35     31476   1282420   2127960    109.08   1027852    587540      1208
17:04:47        94536   1296768    396960     20.35     31476   1282420   2127960    109.08   1027852    587540      1208
17:04:48        94536   1296768    396960     20.35     31476   1282420   2127960    109.08   1027852    587540      1208
17:04:49        94536   1296768    396952     20.35     31476   1282428   2132000    109.28   1022008    587540      1216
17:04:50        94536   1296768    396952     20.35     31476   1282428   2132000    109.28   1022008    587540      1216
17:04:51        94536   1296768    396952     20.35     31476   1282428   2132000    109.28   1022008    587540      1216
17:04:52        94536   1296768    396952     20.35     31476   1282428   2132000    109.28   1022008    587540      1216
17:04:53        94536   1296768    396952     20.35     31476   1282428   2132000    109.28   1022008    587540      1216

Average:       108019   1309809    383970     19.68     31476   1281992   1796132     92.07   1011316    587106       780
