Linux 7.0.0-1010-aws (ip-172-31-20-134) 	08/11/26 	_x86_64_	(2 CPU)

17:04:29        IFACE   rxpck/s   txpck/s    rxkB/s    txkB/s   rxcmp/s   txcmp/s  rxmcst/s   %ifutil
17:04:30         ens5     47.00     38.00      4.18      4.68      0.00      0.00      0.00      0.00

17:04:30        IFACE   rxpck/s   txpck/s    rxkB/s    txkB/s   rxcmp/s   txcmp/s  rxmcst/s   %ifutil
17:04:31         ens5      2.00      1.00      0.14      0.10      0.00      0.00      0.00      0.00

17:04:31        IFACE   rxpck/s   txpck/s    rxkB/s    txkB/s   rxcmp/s   txcmp/s  rxmcst/s   %ifutil
17:04:32         ens5      0.00      0.00      0.00      0.00      0.00      0.00      0.00      0.00

17:04:32        IFACE   rxpck/s   txpck/s    rxkB/s    txkB/s   rxcmp/s   txcmp/s  rxmcst/s   %ifutil
17:04:33         ens5      0.00      0.00      0.00      0.00      0.00      0.00      0.00      0.00

17:04:33        IFACE   rxpck/s   txpck/s    rxkB/s    txkB/s   rxcmp/s   txcmp/s  rxmcst/s   %ifutil
17:04:34         ens5      0.00      0.00      0.00      0.00      0.00      0.00      0.00      0.00

17:04:34        IFACE   rxpck/s   txpck/s    rxkB/s    txkB/s   rxcmp/s   txcmp/s  rxmcst/s   %ifutil
17:04:35         ens5      0.00      0.00      0.00      0.00      0.00      0.00      0.00      0.00

17:04:35        IFACE   rxpck/s   txpck/s    rxkB/s    txkB/s   rxcmp/s   txcmp/s  rxmcst/s   %ifutil
17:04:36         ens5     34.00     40.00     18.67      3.03      0.00      0.00      0.00      0.00

17:04:36        IFACE   rxpck/s   txpck/s    rxkB/s    txkB/s   rxcmp/s   txcmp/s  rxmcst/s   %ifutil
17:04:37         ens5      0.00      0.00      0.00      0.00      0.00      0.00      0.00      0.00

17:04:37        IFACE   rxpck/s   txpck/s    rxkB/s    txkB/s   rxcmp/s   txcmp/s  rxmcst/s   %ifutil
17:04:38         ens5      0.00      0.00      0.00      0.00      0.00      0.00      0.00      0.00

17:04:38        IFACE   rxpck/s   txpck/s    rxkB/s    txkB/s   rxcmp/s   txcmp/s  rxmcst/s   %ifutil
17:04:39         ens5      0.00      0.00      0.00      0.00      0.00      0.00      0.00      0.00

17:04:39        IFACE   rxpck/s   txpck/s    rxkB/s    txkB/s   rxcmp/s   txcmp/s  rxmcst/s   %ifutil
17:04:40         ens5     23.00     25.00      7.01      2.38      0.00      0.00      0.00      0.00

17:04:40        IFACE   rxpck/s   txpck/s    rxkB/s    txkB/s   rxcmp/s   txcmp/s  rxmcst/s   %ifutil
17:04:41         ens5    301.00    346.00     97.85     33.33      0.00      0.00      0.00      0.00

17:04:41        IFACE   rxpck/s   txpck/s    rxkB/s    txkB/s   rxcmp/s   txcmp/s  rxmcst/s   %ifutil
17:04:42         ens5    760.00    712.00    236.25     61.46      0.00      0.00      0.00      0.00

17:04:42        IFACE   rxpck/s   txpck/s    rxkB/s    txkB/s   rxcmp/s   txcmp/s  rxmcst/s   %ifutil
17:04:43         ens5    190.00    373.00     73.01     42.71      0.00      0.00      0.00      0.00

17:04:43        IFACE   rxpck/s   txpck/s    rxkB/s    txkB/s   rxcmp/s   txcmp/s  rxmcst/s   %ifutil
17:04:44         ens5      0.00      0.00      0.00      0.00      0.00      0.00      0.00      0.00

17:04:44        IFACE   rxpck/s   txpck/s    rxkB/s    txkB/s   rxcmp/s   txcmp/s  rxmcst/s   %ifutil
17:04:45         ens5      1.00      1.00      0.07      0.09      0.00      0.00      0.00      0.00

17:04:45        IFACE   rxpck/s   txpck/s    rxkB/s    txkB/s   rxcmp/s   txcmp/s  rxmcst/s   %ifutil
17:04:46         ens5      0.00      0.00      0.00      0.00      0.00      0.00      0.00      0.00

17:04:46        IFACE   rxpck/s   txpck/s    rxkB/s    txkB/s   rxcmp/s   txcmp/s  rxmcst/s   %ifutil
17:04:47         ens5      0.00      0.00      0.00      0.00      0.00      0.00      0.00      0.00

17:04:47        IFACE   rxpck/s   txpck/s    rxkB/s    txkB/s   rxcmp/s   txcmp/s  rxmcst/s   %ifutil
17:04:48         ens5      0.00      0.00      0.00      0.00      0.00      0.00      0.00      0.00

17:04:48        IFACE   rxpck/s   txpck/s    rxkB/s    txkB/s   rxcmp/s   txcmp/s  rxmcst/s   %ifutil
17:04:49         ens5      0.00      0.00      0.00      0.00      0.00      0.00      0.00      0.00

17:04:49        IFACE   rxpck/s   txpck/s    rxkB/s    txkB/s   rxcmp/s   txcmp/s  rxmcst/s   %ifutil
17:04:50         ens5      0.00      0.00      0.00      0.00      0.00      0.00      0.00      0.00

17:04:50        IFACE   rxpck/s   txpck/s    rxkB/s    txkB/s   rxcmp/s   txcmp/s  rxmcst/s   %ifutil
17:04:51         ens5      1.00      1.00      0.21      0.22      0.00      0.00      0.00      0.00

17:04:51        IFACE   rxpck/s   txpck/s    rxkB/s    txkB/s   rxcmp/s   txcmp/s  rxmcst/s   %ifutil
17:04:52         ens5      0.00      0.00      0.00      0.00      0.00      0.00      0.00      0.00

17:04:52        IFACE   rxpck/s   txpck/s    rxkB/s    txkB/s   rxcmp/s   txcmp/s  rxmcst/s   %ifutil
17:04:53         ens5      0.00      0.00      0.00      0.00      0.00      0.00      0.00      0.00



Average:        IFACE   rxpck/s   txpck/s    rxkB/s    txkB/s   rxcmp/s   txcmp/s  rxmcst/s   %ifutil
Average:         ens5     56.62     64.04     18.22      6.17      0.00      0.00      0.00      0.00
