Linux 7.0.0-1010-aws (ip-172-31-20-134) 	08/11/26 	_x86_64_	(2 CPU)

16:08:29        CPU     %user     %nice   %system   %iowait    %steal     %idle
16:08:30        all      2.00      0.00      1.50      0.00      0.00     96.50
16:08:31        all      0.50      0.00      0.50      0.00      0.00     99.00
16:08:32        all      0.50      0.00      0.50      0.00      0.00     99.00
16:08:33        all      0.00      0.00      0.00      0.00      0.00    100.00
16:08:34        all      0.00      0.00      0.50      0.00      0.50     99.00
16:08:35        all      0.50      0.00      0.00      0.00      0.00     99.50
16:08:36        all      2.01      0.00      0.50      0.00      0.00     97.49
16:08:37        all      0.00      0.00      0.00      0.00      0.00    100.00
16:08:38        all      0.00      0.00      0.50      0.00      0.00     99.50
16:08:39        all      0.00      0.00      0.00      0.00      0.50     99.50
16:08:40        all      5.58      0.00      1.02      0.00      0.00     93.40
16:08:41        all     37.06      0.00      4.57      0.00      0.00     58.38
16:08:42        all     83.25      0.00      9.64      0.00      0.00      7.11
16:08:43        all     62.63      0.00      9.09      0.00      0.00     28.28
16:08:44        all      5.58      0.00      1.02      0.00      0.00     93.40
16:08:45        all      0.00      0.00      0.00      0.00      0.00    100.00
16:08:46        all      0.00      0.00      0.50      0.00      0.00     99.50
16:08:47        all      0.50      0.00      0.00      0.00      0.00     99.50
16:08:48        all      0.00      0.00      0.00      0.00      0.00    100.00
16:08:49        all      0.50      0.00      0.00      0.00      0.00     99.50
16:08:50        all      0.00      0.00      0.00      0.00      0.00    100.00
16:08:51        all      0.50      0.00      0.00      0.00      0.00     99.50
16:08:52        all      0.00      0.00      0.50      0.00      0.00     99.50
16:08:53        all      0.00      0.00      0.50      0.00      0.00     99.50
16:08:54        all      0.50      0.00      0.00      0.00      0.00     99.50
16:08:55        all      0.00      0.00      0.00      0.51      0.00     99.49
16:08:56        all      1.00      0.00      0.50      0.00      0.00     98.51
16:08:57        all      0.00      0.00      0.50      0.00      0.00     99.50
16:08:58        all      0.00      0.00      0.00      0.00      0.50     99.50

Average:        all      6.93      0.00      1.09      0.02      0.05     91.91
