Linux 7.0.0-1010-aws (ip-172-31-20-134) 	08/11/26 	_x86_64_	(2 CPU)

16:08:29    kbmemfree   kbavail kbmemused  %memused kbbuffers  kbcached  kbcommit   %commit  kbactive   kbinact   kbdirty
16:08:30       225932   1327988    369504     18.94     31640   1183868   1469852     75.34    992704    490776       280
16:08:31       225932   1327988    369504     18.94     31640   1183868   1469852     75.34    992704    490776       280
16:08:32       225932   1327988    369500     18.94     31640   1183872   1469852     75.34    992704    490776       284
16:08:33       225932   1327988    369500     18.94     31640   1183872   1469852     75.34    992704    490776       284
16:08:34       225932   1327992    369500     18.94     31640   1183872   1469852     75.34    993444    490780       284
16:08:35       225932   1327992    369500     18.94     31640   1183872   1469852     75.34    993444    490780       284
16:08:36       225932   1327992    369500     18.94     31640   1183872   1483568     76.05    995964    490780       284
16:08:37       225932   1327992    369440     18.94     31640   1183932   1483568     76.05    996048    490780       344
16:08:38       225932   1327992    369440     18.94     31640   1183932   1483568     76.05    996048    490780       344
16:08:39       225932   1327992    369440     18.94     31640   1183932   1483568     76.05    996048    490780       344
16:08:40       224672   1326732    370700     19.00     31640   1183932   1492376     76.50    998400    490780       344
16:08:41       221660   1324104    373292     19.13     31640   1184340   1593604     81.69   1003060    491160       752
16:08:42       207400   1310632    386508     19.81     31640   1185112   1871204     95.91   1018272    491936      1524
16:08:43       203928   1307864    388764     19.93     31640   1185752   2102740    107.78   1015556    492608      2164
16:08:44       203704   1307692    388988     19.94     31640   1185752   2102740    107.78   1015440    492660      2164
16:08:45       203704   1307692    388980     19.94     31640   1185760   2102740    107.78   1015440    492660      2172
16:08:46       203704   1307692    388980     19.94     31640   1185760   2102740    107.78   1015440    492660      2172
16:08:47       203704   1307704    388976     19.94     31640   1185764   2102740    107.78   1015468    492672      2132
16:08:48       203704   1307704    388976     19.94     31640   1185764   2102740    107.78   1015468    492672      2132
16:08:49       203704   1307704    388976     19.94     31640   1185764   2102740    107.78   1016088    492672      2136
16:08:50       203704   1307704    388972     19.94     31640   1185768   2102740    107.78   1016088    492672      2140
16:08:51       203704   1307704    388972     19.94     31640   1185768   2102740    107.78   1016088    492672      2140
16:08:52       203704   1307704    388968     19.94     31640   1185772   2102740    107.78   1016088    492672      2144
16:08:53       203704   1307704    388968     19.94     31640   1185772   2102740    107.78   1016088    492672      2144
16:08:54       203704   1307704    388968     19.94     31640   1185772   2102740    107.78   1016088    492672      2144
16:08:55       203704   1307708    388944     19.94     31664   1185772   2102740    107.78   1016184    492676      2260
16:08:56       203704   1307708    388944     19.94     31664   1185772   2102740    107.78   1016184    492676      2260
16:08:57       203704   1307708    388940     19.94     31664   1185776   2102740    107.78   1016184    492676      2264
16:08:58       203704   1307708    388940     19.94     31664   1185776   2102740    107.78   1016184    492676      2264

Average:       212846   1316027    380986     19.53     31643   1184984   1839807     94.31   1007435    491873      1395
