Linux 7.0.0-1010-aws (ip-172-31-20-134) 	08/11/26 	_x86_64_	(2 CPU)

16:08:29        IFACE   rxpck/s   txpck/s    rxkB/s    txkB/s   rxcmp/s   txcmp/s  rxmcst/s   %ifutil
16:08:30         ens5     53.00     45.00      4.53      5.24      0.00      0.00      0.00      0.00

16:08:30        IFACE   rxpck/s   txpck/s    rxkB/s    txkB/s   rxcmp/s   txcmp/s  rxmcst/s   %ifutil
16:08:31         ens5     49.00     40.00      4.29      4.41      0.00      0.00      0.00      0.00

16:08:31        IFACE   rxpck/s   txpck/s    rxkB/s    txkB/s   rxcmp/s   txcmp/s  rxmcst/s   %ifutil
16:08:32         ens5     46.00     39.00      4.18      4.41      0.00      0.00      0.00      0.00

16:08:32        IFACE   rxpck/s   txpck/s    rxkB/s    txkB/s   rxcmp/s   txcmp/s  rxmcst/s   %ifutil
16:08:33         ens5      0.00      0.00      0.00      0.00      0.00      0.00      0.00      0.00

16:08:33        IFACE   rxpck/s   txpck/s    rxkB/s    txkB/s   rxcmp/s   txcmp/s  rxmcst/s   %ifutil
16:08:34         ens5      0.00      0.00      0.00      0.00      0.00      0.00      0.00      0.00

16:08:34        IFACE   rxpck/s   txpck/s    rxkB/s    txkB/s   rxcmp/s   txcmp/s  rxmcst/s   %ifutil
16:08:35         ens5      0.00      0.00      0.00      0.00      0.00      0.00      0.00      0.00

16:08:35        IFACE   rxpck/s   txpck/s    rxkB/s    txkB/s   rxcmp/s   txcmp/s  rxmcst/s   %ifutil
16:08:36         ens5     41.00     39.00     31.81     25.08      0.00      0.00      0.00      0.00

16:08:36        IFACE   rxpck/s   txpck/s    rxkB/s    txkB/s   rxcmp/s   txcmp/s  rxmcst/s   %ifutil
16:08:37         ens5      0.00      0.00      0.00      0.00      0.00      0.00      0.00      0.00

16:08:37        IFACE   rxpck/s   txpck/s    rxkB/s    txkB/s   rxcmp/s   txcmp/s  rxmcst/s   %ifutil
16:08:38         ens5      0.00      0.00      0.00      0.00      0.00      0.00      0.00      0.00

16:08:38        IFACE   rxpck/s   txpck/s    rxkB/s    txkB/s   rxcmp/s   txcmp/s  rxmcst/s   %ifutil
16:08:39         ens5      1.00      1.00      0.07      0.09      0.00      0.00      0.00      0.00

16:08:39        IFACE   rxpck/s   txpck/s    rxkB/s    txkB/s   rxcmp/s   txcmp/s  rxmcst/s   %ifutil
16:08:40         ens5     44.00     45.00     21.77     26.97      0.00      0.00      0.00      0.00

16:08:40        IFACE   rxpck/s   txpck/s    rxkB/s    txkB/s   rxcmp/s   txcmp/s  rxmcst/s   %ifutil
16:08:41         ens5    279.00    273.00    137.32    167.59      0.00      0.00      0.00      0.00

16:08:41        IFACE   rxpck/s   txpck/s    rxkB/s    txkB/s   rxcmp/s   txcmp/s  rxmcst/s   %ifutil
16:08:42         ens5    769.00    629.00    349.97    382.47      0.00      0.00      0.00      0.00

16:08:42        IFACE   rxpck/s   txpck/s    rxkB/s    txkB/s   rxcmp/s   txcmp/s  rxmcst/s   %ifutil
16:08:43         ens5    445.00    467.00    222.07    250.56      0.00      0.00      0.00      0.00

16:08:43        IFACE   rxpck/s   txpck/s    rxkB/s    txkB/s   rxcmp/s   txcmp/s  rxmcst/s   %ifutil
16:08:44         ens5      0.00      0.00      0.00      0.00      0.00      0.00      0.00      0.00

16:08:44        IFACE   rxpck/s   txpck/s    rxkB/s    txkB/s   rxcmp/s   txcmp/s  rxmcst/s   %ifutil
16:08:45         ens5      0.00      0.00      0.00      0.00      0.00      0.00      0.00      0.00

16:08:45        IFACE   rxpck/s   txpck/s    rxkB/s    txkB/s   rxcmp/s   txcmp/s  rxmcst/s   %ifutil
16:08:46         ens5      0.00      0.00      0.00      0.00      0.00      0.00      0.00      0.00

16:08:46        IFACE   rxpck/s   txpck/s    rxkB/s    txkB/s   rxcmp/s   txcmp/s  rxmcst/s   %ifutil
16:08:47         ens5      0.00      0.00      0.00      0.00      0.00      0.00      0.00      0.00

16:08:47        IFACE   rxpck/s   txpck/s    rxkB/s    txkB/s   rxcmp/s   txcmp/s  rxmcst/s   %ifutil
16:08:48         ens5      0.00      0.00      0.00      0.00      0.00      0.00      0.00      0.00

16:08:48        IFACE   rxpck/s   txpck/s    rxkB/s    txkB/s   rxcmp/s   txcmp/s  rxmcst/s   %ifutil
16:08:49         ens5      0.00      0.00      0.00      0.00      0.00      0.00      0.00      0.00

16:08:49        IFACE   rxpck/s   txpck/s    rxkB/s    txkB/s   rxcmp/s   txcmp/s  rxmcst/s   %ifutil
16:08:50         ens5      0.00      0.00      0.00      0.00      0.00      0.00      0.00      0.00

16:08:50        IFACE   rxpck/s   txpck/s    rxkB/s    txkB/s   rxcmp/s   txcmp/s  rxmcst/s   %ifutil
16:08:51         ens5      0.00      0.00      0.00      0.00      0.00      0.00      0.00      0.00

16:08:51        IFACE   rxpck/s   txpck/s    rxkB/s    txkB/s   rxcmp/s   txcmp/s  rxmcst/s   %ifutil
16:08:52         ens5      0.00      0.00      0.00      0.00      0.00      0.00      0.00      0.00

16:08:52        IFACE   rxpck/s   txpck/s    rxkB/s    txkB/s   rxcmp/s   txcmp/s  rxmcst/s   %ifutil
16:08:53         ens5      0.00      0.00      0.00      0.00      0.00      0.00      0.00      0.00

16:08:53        IFACE   rxpck/s   txpck/s    rxkB/s    txkB/s   rxcmp/s   txcmp/s  rxmcst/s   %ifutil
16:08:54         ens5      0.00      0.00      0.00      0.00      0.00      0.00      0.00      0.00

16:08:54        IFACE   rxpck/s   txpck/s    rxkB/s    txkB/s   rxcmp/s   txcmp/s  rxmcst/s   %ifutil
16:08:55         ens5      1.00      1.00      0.07      0.09      0.00      0.00      0.00      0.00

16:08:55        IFACE   rxpck/s   txpck/s    rxkB/s    txkB/s   rxcmp/s   txcmp/s  rxmcst/s   %ifutil
16:08:56         ens5      0.00      0.00      0.00      0.00      0.00      0.00      0.00      0.00

16:08:56        IFACE   rxpck/s   txpck/s    rxkB/s    txkB/s   rxcmp/s   txcmp/s  rxmcst/s   %ifutil
16:08:57         ens5      0.00      0.00      0.00      0.00      0.00      0.00      0.00      0.00

16:08:57        IFACE   rxpck/s   txpck/s    rxkB/s    txkB/s   rxcmp/s   txcmp/s  rxmcst/s   %ifutil
16:08:58         ens5      0.00      0.00      0.00      0.00      0.00      0.00      0.00      0.00


Average:        IFACE   rxpck/s   txpck/s    rxkB/s    txkB/s   rxcmp/s   txcmp/s  rxmcst/s   %ifutil
Average:         ens5     59.59     54.45     26.76     29.89      0.00      0.00      0.00      0.00
