Linux 7.0.0-1010-aws (ip-172-31-20-134) 	08/11/26 	_x86_64_	(2 CPU)

16:57:53        CPU     %user     %nice   %system   %iowait    %steal     %idle
16:57:54        all      2.00      0.00      1.50      0.00      0.00     96.50
16:57:55        all      0.51      0.00      0.00      0.00      0.00     99.49
16:57:56        all      0.50      0.00      1.00      0.00      0.00     98.51
16:57:57        all      0.00      0.00      0.00      0.00      0.00    100.00
16:57:58        all      0.50      0.00      0.50      0.00      0.00     99.00
16:57:59        all      5.08      0.00      1.02      0.00      0.00     93.91
16:58:00        all      0.00      0.00      0.99      0.00      0.50     98.51
16:58:01        all      2.01      0.00      0.00      0.00      0.00     97.99
16:58:02        all      0.00      0.00      0.00      0.00      0.50     99.50
16:58:03        all      0.00      0.00      0.00      0.00      0.00    100.00
16:58:04        all      2.01      0.00      0.50      0.00      0.00     97.49
16:58:05        all     27.04      0.00      3.57      0.00      0.51     68.88
16:58:06        all     81.54      0.00     11.79      0.00      0.00      6.67
16:58:07        all     81.91      0.00     12.06      0.00      0.00      6.03
16:58:08        all      7.04      0.00      1.01      0.00      0.00     91.96
16:58:09        all      1.00      0.00      0.00      0.00      0.00     99.00
16:58:10        all      0.00      0.00      0.50      0.00      0.00     99.50
16:58:11        all      0.00      0.00      0.00      0.00      0.00    100.00
16:58:12        all      0.00      0.00      0.00      0.00      0.00    100.00
16:58:13        all      0.50      0.00      0.50      0.00      0.00     99.01
16:58:14        all      5.53      0.00      1.51      0.00      0.00     92.96
16:58:15        all      0.00      0.00      0.00      0.00      0.00    100.00

Average:        all      9.78      0.00      1.64      0.00      0.07     88.51
