Linux 7.0.0-1010-aws (ip-172-31-20-134) 	08/11/26 	_x86_64_	(2 CPU)

16:57:53    kbmemfree   kbavail kbmemused  %memused kbbuffers  kbcached  kbcommit   %commit  kbactive   kbinact   kbdirty
16:57:54       142084   1323908    370308     18.98     30572   1263216   1469820     75.34    994052    568716       440
16:57:55       142084   1323908    370284     18.98     30596   1263216   1469820     75.34    994224    568716       452
16:57:56       142084   1323908    370284     18.98     30596   1263216   1469820     75.34    994224    568716       452
16:57:57       142084   1323908    370280     18.98     30596   1263220   1469820     75.34    994224    568716       372
16:57:58       142084   1323908    370280     18.98     30596   1263220   1469820     75.34    994224    568716       320
16:57:59       142084   1323936    370272     18.98     30596   1263228   1469820     75.34    994528    568744       328
16:58:00       142084   1323936    370272     18.98     30596   1263228   1470532     75.38    994696    568744       328
16:58:01       142084   1323952    370260     18.98     30596   1263240   1479388     75.83    996248    568760       340
16:58:02       142084   1323952    370236     18.98     30596   1263264   1479388     75.83    996248    568760       364
16:58:03       141832   1323700    370488     18.99     30596   1263264   1479644     75.84    997172    568760       364
16:58:04       141328   1323224    370992     19.02     30596   1263264   1479892     75.86    998080    568788       364
16:58:05       137812   1319736    374476     19.20     30596   1263296   1518592     77.84   1002120    568816       396
16:58:06       128344   1311124    383088     19.64     30596   1264144   2131448    109.25   1019232    569668      1244
16:58:07       124560   1307868    386284     19.80     30596   1264664   2137444    109.56   1025884    570188      1764
16:58:08       124560   1307948    386192     19.80     30596   1264756   2137444    109.56   1022444    570268      1856
16:58:09       124560   1307948    386184     19.80     30596   1264764   2137444    109.56   1022444    570268      1864
16:58:10       124560   1307948    386184     19.80     30596   1264764   2137444    109.56   1022444    570268      1864
16:58:11       124560   1307948    386184     19.80     30596   1264764   2137444    109.56   1022444    570268      1864
16:58:12       124560   1307948    386180     19.79     30596   1264768   2137444    109.56   1022444    570268      1868
16:58:13       124560   1307948    386180     19.79     30596   1264768   2137444    109.56   1022444    570268      1868
16:58:14       124560   1307976    386168     19.79     30596   1264780   2137444    109.56   1022412    570296      1880
16:58:15       124560   1307976    386168     19.79     30596   1264780   2137444    109.56   1022412    570296      1880

Average:       134051   1316573    377602     19.36     30595   1263901   1777036     91.09   1007938    569409      1021
