Linux 7.0.0-1010-aws (ip-172-31-20-134) 	08/11/26 	_x86_64_	(2 CPU)

16:57:53        IFACE   rxpck/s   txpck/s    rxkB/s    txkB/s   rxcmp/s   txcmp/s  rxmcst/s   %ifutil
16:57:54         ens5     53.00     45.00      4.50      5.20      0.00      0.00      0.00      0.00

16:57:54        IFACE   rxpck/s   txpck/s    rxkB/s    txkB/s   rxcmp/s   txcmp/s  rxmcst/s   %ifutil
16:57:55         ens5      2.00      1.00      0.17      0.08      0.00      0.00      0.00      0.00

16:57:55        IFACE   rxpck/s   txpck/s    rxkB/s    txkB/s   rxcmp/s   txcmp/s  rxmcst/s   %ifutil
16:57:56         ens5      0.00      0.00      0.00      0.00      0.00      0.00      0.00      0.00

16:57:56        IFACE   rxpck/s   txpck/s    rxkB/s    txkB/s   rxcmp/s   txcmp/s  rxmcst/s   %ifutil
16:57:57         ens5      0.00      0.00      0.00      0.00      0.00      0.00      0.00      0.00

16:57:57        IFACE   rxpck/s   txpck/s    rxkB/s    txkB/s   rxcmp/s   txcmp/s  rxmcst/s   %ifutil
16:57:58         ens5      0.00      0.00      0.00      0.00      0.00      0.00      0.00      0.00

16:57:58        IFACE   rxpck/s   txpck/s    rxkB/s    txkB/s   rxcmp/s   txcmp/s  rxmcst/s   %ifutil
16:57:59         ens5      0.00      0.00      0.00      0.00      0.00      0.00      0.00      0.00

16:57:59        IFACE   rxpck/s   txpck/s    rxkB/s    txkB/s   rxcmp/s   txcmp/s  rxmcst/s   %ifutil
16:58:00         ens5      7.00     11.00      4.26      0.93      0.00      0.00      0.00      0.00

16:58:00        IFACE   rxpck/s   txpck/s    rxkB/s    txkB/s   rxcmp/s   txcmp/s  rxmcst/s   %ifutil
16:58:01         ens5     32.00     28.00     25.95      2.06      0.00      0.00      0.00      0.00

16:58:01        IFACE   rxpck/s   txpck/s    rxkB/s    txkB/s   rxcmp/s   txcmp/s  rxmcst/s   %ifutil
16:58:02         ens5      0.00      0.00      0.00      0.00      0.00      0.00      0.00      0.00

16:58:02        IFACE   rxpck/s   txpck/s    rxkB/s    txkB/s   rxcmp/s   txcmp/s  rxmcst/s   %ifutil
16:58:03         ens5      0.00      0.00      0.00      0.00      0.00      0.00      0.00      0.00

16:58:03        IFACE   rxpck/s   txpck/s    rxkB/s    txkB/s   rxcmp/s   txcmp/s  rxmcst/s   %ifutil
16:58:04         ens5     20.00     21.00     11.78      2.08      0.00      0.00      0.00      0.00

16:58:04        IFACE   rxpck/s   txpck/s    rxkB/s    txkB/s   rxcmp/s   txcmp/s  rxmcst/s   %ifutil
16:58:05         ens5    257.00    258.00    147.83     23.99      0.00      0.00      0.00      0.00

16:58:05        IFACE   rxpck/s   txpck/s    rxkB/s    txkB/s   rxcmp/s   txcmp/s  rxmcst/s   %ifutil
16:58:06         ens5    963.00    868.00    540.61     75.27      0.00      0.00      0.00      0.00

16:58:06        IFACE   rxpck/s   txpck/s    rxkB/s    txkB/s   rxcmp/s   txcmp/s  rxmcst/s   %ifutil
16:58:07         ens5    579.00    656.00    371.30     62.78      0.00      0.00      0.00      0.00

16:58:07        IFACE   rxpck/s   txpck/s    rxkB/s    txkB/s   rxcmp/s   txcmp/s  rxmcst/s   %ifutil
16:58:08         ens5      1.00     42.00      0.05      6.15      0.00      0.00      0.00      0.00

16:58:08        IFACE   rxpck/s   txpck/s    rxkB/s    txkB/s   rxcmp/s   txcmp/s  rxmcst/s   %ifutil
16:58:09         ens5      0.00      0.00      0.00      0.00      0.00      0.00      0.00      0.00

16:58:09        IFACE   rxpck/s   txpck/s    rxkB/s    txkB/s   rxcmp/s   txcmp/s  rxmcst/s   %ifutil
16:58:10         ens5      0.00      0.00      0.00      0.00      0.00      0.00      0.00      0.00

16:58:10        IFACE   rxpck/s   txpck/s    rxkB/s    txkB/s   rxcmp/s   txcmp/s  rxmcst/s   %ifutil
16:58:11         ens5      0.00      0.00      0.00      0.00      0.00      0.00      0.00      0.00

16:58:11        IFACE   rxpck/s   txpck/s    rxkB/s    txkB/s   rxcmp/s   txcmp/s  rxmcst/s   %ifutil
16:58:12         ens5      0.00      0.00      0.00      0.00      0.00      0.00      0.00      0.00

16:58:12        IFACE   rxpck/s   txpck/s    rxkB/s    txkB/s   rxcmp/s   txcmp/s  rxmcst/s   %ifutil
16:58:13         ens5      0.00      0.00      0.00      0.00      0.00      0.00      0.00      0.00

16:58:13        IFACE   rxpck/s   txpck/s    rxkB/s    txkB/s   rxcmp/s   txcmp/s  rxmcst/s   %ifutil
16:58:14         ens5      0.00      0.00      0.00      0.00      0.00      0.00      0.00      0.00

16:58:14        IFACE   rxpck/s   txpck/s    rxkB/s    txkB/s   rxcmp/s   txcmp/s  rxmcst/s   %ifutil
16:58:15         ens5      1.00      1.00      0.03      0.04      0.00      0.00      0.00      0.00


Average:        IFACE   rxpck/s   txpck/s    rxkB/s    txkB/s   rxcmp/s   txcmp/s  rxmcst/s   %ifutil
Average:         ens5     87.05     87.77     50.29      8.12      0.00      0.00      0.00      0.00
