Linux 7.0.0-1010-aws (ip-172-31-20-134) 	08/11/26 	_x86_64_	(2 CPU)

16:17:53        CPU     %user     %nice   %system   %iowait    %steal     %idle
16:17:54        all      2.02      0.00      1.01      0.00      0.00     96.97
16:17:55        all      0.51      0.00      0.51      0.51      0.00     98.48
16:17:56        all      0.50      0.00      0.50      0.00      0.50     98.51
16:17:57        all      0.00      0.00      0.00      0.00      0.00    100.00
16:17:58        all      0.00      0.00      0.00      0.00      0.00    100.00
16:17:59        all      5.00      0.00      2.00      0.00      0.00     93.00
16:18:00        all      0.50      0.00      0.00      0.00      1.00     98.51
16:18:01        all      0.49      0.00      0.49      0.00      2.46     96.55
16:18:02        all      0.00      0.00      0.00      0.00      4.88     95.12
16:18:03        all      2.00      0.00      0.50      0.00      1.00     96.50
16:18:04        all      0.00      0.00      0.00      0.00      0.00    100.00
16:18:05        all      0.50      0.00      0.50      0.00      0.00     99.00
16:18:06        all      0.00      0.00      0.50      0.00      0.00     99.50
16:18:07        all     17.77      0.00      1.52      0.00      0.00     80.71
16:18:08        all     80.51      0.00      8.21      0.00      0.00     11.28
16:18:09        all     82.91      0.00     12.06      0.00      0.00      5.03
16:18:10        all     15.74      0.00      1.52      0.00      0.00     82.74
16:18:11        all      1.00      0.00      0.00      0.00      0.00     99.00
16:18:12        all      0.00      0.00      0.00      0.00      0.00    100.00
16:18:13        all      0.00      0.00      0.50      0.00      0.50     99.00
16:18:14        all      5.56      0.00      0.51      0.00      0.00     93.94
16:18:15        all      0.00      0.00      0.50      0.00      0.00     99.50
16:18:16        all      0.50      0.00      0.00      0.00      0.00     99.50
16:18:17        all      0.00      0.00      0.00      0.00      0.00    100.00
16:18:18        all      0.50      0.00      0.50      0.00      0.00     98.99
16:18:19        all      1.00      0.00      0.00      0.00      0.50     98.51
16:18:20        all      0.00      0.00      0.00      0.00      0.00    100.00

Average:        all      7.95      0.00      1.15      0.02      0.41     90.47
