Linux 7.0.0-1010-aws (ip-172-31-20-134) 	08/11/26 	_x86_64_	(2 CPU)

16:17:53    kbmemfree   kbavail kbmemused  %memused kbbuffers  kbcached  kbcommit   %commit  kbactive   kbinact   kbdirty
16:17:54       226724   1333340    363492     18.63     32148   1187860   1465764     75.13    994220    493884       336
16:17:55       226724   1333356    363468     18.63     32172   1187860   1465764     75.13    994308    493900       384
16:17:56       226724   1333356    363464     18.63     32172   1187864   1465764     75.13    994308    493900       388
16:17:57       226724   1333356    363464     18.63     32172   1187864   1465764     75.13    994308    493900       388
16:17:58       226724   1333356    363464     18.63     32172   1187864   1465764     75.13    994308    493900       388
16:17:59       226724   1333360    363456     18.63     32172   1187872   1465764     75.13    994120    493904       396
16:18:00       226724   1333368    363456     18.63     32172   1187872   1465764     75.13    994160    493912       396
16:18:01       226724   1333368    363456     18.63     32172   1187872   1465764     75.13    994160    493912       396
16:18:02       226724   1333368    363452     18.63     32172   1187876   1465764     75.13    994160    493912       400
16:18:03       225464   1332108    364712     18.69     32172   1187876   1471356     75.42    997016    493912       400
16:18:04       225464   1332120    364656     18.69     32172   1187932   1471356     75.42    997124    493924       456
16:18:05       225464   1332120    364656     18.69     32172   1187932   1471356     75.42    997124    493924       456
16:18:06       225464   1332120    364656     18.69     32172   1187932   1471356     75.42    997124    493924       456
16:18:07       220184   1326912    369916     18.96     32172   1187952   1522260     78.03   1000832    493996       428
16:18:08       210692   1318248    378576     19.41     32172   1188760   1783400     91.41   1010132    494808      1236
16:18:09       203084   1311308    385496     19.76     32172   1189424   1866652     95.68   1016604    495472      1900
16:18:10       202580   1311016    385776     19.77     32172   1189636   1866724     95.69   1011760    495672      2112
16:18:11       202580   1311060    385708     19.77     32172   1189704   1866724     95.69   1011528    495716      2180
16:18:12       202580   1311060    385704     19.77     32172   1189708   1866724     95.69   1011528    495716      2188
16:18:13       202580   1311060    385704     19.77     32172   1189708   1866724     95.69   1011528    495716      2188
16:18:14       202328   1310812    385944     19.78     32172   1189720   1866724     95.69   1011640    495720      2200
16:18:15       202328   1310812    385944     19.78     32172   1189720   1866724     95.69   1011640    495720      2200
16:18:16       202328   1310812    385944     19.78     32172   1189720   1866724     95.69   1011640    495720      2200
16:18:17       202328   1310812    385940     19.78     32172   1189724   1866724     95.69   1011640    495720      2204
16:18:18       202328   1310812    385940     19.78     32172   1189724   1866724     95.69   1011472    495720      2204
16:18:19       202328   1310864    385940     19.78     32172   1189724   1866724     95.69   1011488    495772      2204
16:18:20       202328   1310864    385940     19.78     32172   1189724   1866724     95.69   1011488    495772      2204

Average:       214924   1322413    374382     19.19     32171   1188719   1658651     85.02   1003384    494743      1218
