Linux 7.0.0-1010-aws (ip-172-31-20-134) 	08/11/26 	_x86_64_	(2 CPU)

16:17:53        IFACE   rxpck/s   txpck/s    rxkB/s    txkB/s   rxcmp/s   txcmp/s  rxmcst/s   %ifutil
16:17:54         ens5     53.00     57.00      4.45      6.00      0.00      0.00      0.00      0.00

16:17:54        IFACE   rxpck/s   txpck/s    rxkB/s    txkB/s   rxcmp/s   txcmp/s  rxmcst/s   %ifutil
16:17:55         ens5     50.00     50.00      4.30      4.98      0.00      0.00      0.00      0.00

16:17:55        IFACE   rxpck/s   txpck/s    rxkB/s    txkB/s   rxcmp/s   txcmp/s  rxmcst/s   %ifutil
16:17:56         ens5     42.00     41.00      3.57      4.08      0.00      0.00      0.00      0.00

16:17:56        IFACE   rxpck/s   txpck/s    rxkB/s    txkB/s   rxcmp/s   txcmp/s  rxmcst/s   %ifutil
16:17:57         ens5      0.00      0.00      0.00      0.00      0.00      0.00      0.00      0.00

16:17:57        IFACE   rxpck/s   txpck/s    rxkB/s    txkB/s   rxcmp/s   txcmp/s  rxmcst/s   %ifutil
16:17:58         ens5      0.00      0.00      0.00      0.00      0.00      0.00      0.00      0.00

16:17:58        IFACE   rxpck/s   txpck/s    rxkB/s    txkB/s   rxcmp/s   txcmp/s  rxmcst/s   %ifutil
16:17:59         ens5      0.00      0.00      0.00      0.00      0.00      0.00      0.00      0.00

16:17:59        IFACE   rxpck/s   txpck/s    rxkB/s    txkB/s   rxcmp/s   txcmp/s  rxmcst/s   %ifutil
16:18:00         ens5      0.00      0.00      0.00      0.00      0.00      0.00      0.00      0.00

16:18:00        IFACE   rxpck/s   txpck/s    rxkB/s    txkB/s   rxcmp/s   txcmp/s  rxmcst/s   %ifutil
16:18:01         ens5      0.00      0.00      0.00      0.00      0.00      0.00      0.00      0.00

16:18:01        IFACE   rxpck/s   txpck/s    rxkB/s    txkB/s   rxcmp/s   txcmp/s  rxmcst/s   %ifutil
16:18:02         ens5      0.00      0.00      0.00      0.00      0.00      0.00      0.00      0.00

16:18:02        IFACE   rxpck/s   txpck/s    rxkB/s    txkB/s   rxcmp/s   txcmp/s  rxmcst/s   %ifutil
16:18:03         ens5     39.00     38.00     31.68     24.99      0.00      0.00      0.00      0.00

16:18:03        IFACE   rxpck/s   txpck/s    rxkB/s    txkB/s   rxcmp/s   txcmp/s  rxmcst/s   %ifutil
16:18:04         ens5      1.00      1.00      0.07      0.09      0.00      0.00      0.00      0.00

16:18:04        IFACE   rxpck/s   txpck/s    rxkB/s    txkB/s   rxcmp/s   txcmp/s  rxmcst/s   %ifutil
16:18:05         ens5      0.00      0.00      0.00      0.00      0.00      0.00      0.00      0.00

16:18:05        IFACE   rxpck/s   txpck/s    rxkB/s    txkB/s   rxcmp/s   txcmp/s  rxmcst/s   %ifutil
16:18:06         ens5      0.00      0.00      0.00      0.00      0.00      0.00      0.00      0.00

16:18:06        IFACE   rxpck/s   txpck/s    rxkB/s    txkB/s   rxcmp/s   txcmp/s  rxmcst/s   %ifutil
16:18:07         ens5    122.00    126.00     61.15     78.22      0.00      0.00      0.00      0.00

16:18:07        IFACE   rxpck/s   txpck/s    rxkB/s    txkB/s   rxcmp/s   txcmp/s  rxmcst/s   %ifutil
16:18:08         ens5    679.00    590.00    320.46    368.76      0.00      0.00      0.00      0.00

16:18:08        IFACE   rxpck/s   txpck/s    rxkB/s    txkB/s   rxcmp/s   txcmp/s  rxmcst/s   %ifutil
16:18:09         ens5    610.00    540.00    291.62    326.31      0.00      0.00      0.00      0.00

16:18:09        IFACE   rxpck/s   txpck/s    rxkB/s    txkB/s   rxcmp/s   txcmp/s  rxmcst/s   %ifutil
16:18:10         ens5     56.00    102.00     28.16     39.61      0.00      0.00      0.00      0.00

16:18:10        IFACE   rxpck/s   txpck/s    rxkB/s    txkB/s   rxcmp/s   txcmp/s  rxmcst/s   %ifutil
16:18:11         ens5      0.00      0.00      0.00      0.00      0.00      0.00      0.00      0.00

16:18:11        IFACE   rxpck/s   txpck/s    rxkB/s    txkB/s   rxcmp/s   txcmp/s  rxmcst/s   %ifutil
16:18:12         ens5      0.00      0.00      0.00      0.00      0.00      0.00      0.00      0.00

16:18:12        IFACE   rxpck/s   txpck/s    rxkB/s    txkB/s   rxcmp/s   txcmp/s  rxmcst/s   %ifutil
16:18:13         ens5      0.00      0.00      0.00      0.00      0.00      0.00      0.00      0.00

16:18:13        IFACE   rxpck/s   txpck/s    rxkB/s    txkB/s   rxcmp/s   txcmp/s  rxmcst/s   %ifutil
16:18:14         ens5      0.00      0.00      0.00      0.00      0.00      0.00      0.00      0.00

16:18:14        IFACE   rxpck/s   txpck/s    rxkB/s    txkB/s   rxcmp/s   txcmp/s  rxmcst/s   %ifutil
16:18:15         ens5      0.00      0.00      0.00      0.00      0.00      0.00      0.00      0.00

16:18:15        IFACE   rxpck/s   txpck/s    rxkB/s    txkB/s   rxcmp/s   txcmp/s  rxmcst/s   %ifutil
16:18:16         ens5      0.00      0.00      0.00      0.00      0.00      0.00      0.00      0.00

16:18:16        IFACE   rxpck/s   txpck/s    rxkB/s    txkB/s   rxcmp/s   txcmp/s  rxmcst/s   %ifutil
16:18:17         ens5      0.00      0.00      0.00      0.00      0.00      0.00      0.00      0.00

16:18:17        IFACE   rxpck/s   txpck/s    rxkB/s    txkB/s   rxcmp/s   txcmp/s  rxmcst/s   %ifutil
16:18:18         ens5      0.00      0.00      0.00      0.00      0.00      0.00      0.00      0.00

16:18:18        IFACE   rxpck/s   txpck/s    rxkB/s    txkB/s   rxcmp/s   txcmp/s  rxmcst/s   %ifutil
16:18:19         ens5      1.00      1.00      0.03      0.04      0.00      0.00      0.00      0.00

16:18:19        IFACE   rxpck/s   txpck/s    rxkB/s    txkB/s   rxcmp/s   txcmp/s  rxmcst/s   %ifutil
16:18:20         ens5      1.00      1.00      0.07      0.09      0.00      0.00      0.00      0.00


Average:        IFACE   rxpck/s   txpck/s    rxkB/s    txkB/s   rxcmp/s   txcmp/s  rxmcst/s   %ifutil
Average:         ens5     61.26     57.30     27.61     31.60      0.00      0.00      0.00      0.00
