Linux 7.0.0-1010-aws (ip-172-31-31-224) 	08/11/26 	_x86_64_	(2 CPU)

07:22:46        CPU     %user     %nice   %system   %iowait    %steal     %idle
07:22:47        all     52.28      0.00      5.08      0.51      0.00     42.13
07:22:48        all     49.50      0.00      4.00      0.00      0.50     46.00
07:22:49        all     50.51      0.00      3.03      0.00      1.01     45.45
07:22:50        all     47.74      0.00      4.52      0.00      1.01     46.73
07:22:51        all     49.75      0.00      4.02      0.00      0.50     45.73
07:22:52        all     49.75      0.00      1.99      0.00      0.50     47.76
07:22:53        all     51.02      0.00      3.06      0.00      0.00     45.92
07:22:54        all     46.53      0.00      5.45      0.00      1.49     46.53
07:22:55        all      3.50      0.00      0.00      0.50      0.50     95.50
07:22:56        all      0.50      0.00      0.50      0.00      0.00     99.00
07:22:57        all      0.00      0.00      0.00      0.00      0.00    100.00
07:22:58        all      0.00      0.00      0.50      0.00      0.00     99.50
07:22:59        all      5.56      0.00      0.51      0.00      0.00     93.94
07:23:00        all      0.00      0.00      0.50      0.00      1.98     97.52
07:23:01        all      1.46      0.00      0.97      0.00      6.31     91.26
07:23:02        all      6.64      0.00      3.10      0.00     27.88     62.39
07:23:03        all      4.04      0.00      2.69      0.00     24.66     68.61
07:23:04        all      0.00      0.00      0.50      0.00      1.49     98.01
07:23:05        all      1.00      0.00      0.50      0.00      0.50     98.01
07:23:06        all      0.00      0.00      0.00      0.00      1.00     99.00
07:23:07        all      0.00      0.00      0.00      0.00      0.00    100.00
07:23:08        all      0.50      0.00      0.00      0.00      0.00     99.50
07:23:09        all      0.00      0.00      0.00      0.00      0.00    100.00
07:23:10        all      0.99      0.00      0.00      0.00      0.99     98.02


Average:        all     17.37      0.00      1.71      0.04      3.18     77.70
