Linux 7.0.0-1010-aws (ip-172-31-31-224) 	08/11/26 	_x86_64_	(2 CPU)

07:22:46    kbmemfree   kbavail kbmemused  %memused kbbuffers  kbcached  kbcommit   %commit  kbactive   kbinact   kbdirty
07:22:47       743756   1276844    454012     23.27     16416    658624   1610612     82.56    386744    640208       844
07:22:48       671684   1204772    526084     26.97     16416    658624   1685676     86.41    462832    640208       840
07:22:49       607172   1140260    590596     30.27     16416    658624   1748540     89.63    525564    640208       824
07:22:50       494528   1027620    703236     36.05     16416    658628   1861304     95.41    636384    640212       832
07:22:51       398012    931104    799752     40.99     16416    658628   1956992    100.31    735076    640212       832
07:22:52       357692    890784    840072     43.06     16416    658628   1995564    102.29    773820    640212       832
07:22:53       293432    826524    904332     46.35     16416    658628   2058164    105.50    834400    640212       832
07:22:54       164408    697500   1033356     52.97     16416    658628   2195204    112.52    971048    640212       832
07:22:55       164408    697596   1033180     52.96     16416    658804   2195204    112.52    971168    640216       836
07:22:56       164408    697596   1033180     52.96     16416    658804   2195204    112.52    971168    640216       836
07:22:57       164408    697596   1033180     52.96     16416    658804   2195204    112.52    971168    640216       836
07:22:58       164408    697596   1033180     52.96     16416    658804   2195204    112.52    971168    640216       836
07:22:59       164408    697596   1033172     52.96     16416    658812   2195204    112.52    971216    640216       844
07:23:00       164408    697596   1033168     52.96     16416    658816   2195204    112.52    971216    640216       848
07:23:01       164408    697688   1033168     52.96     16416    658816   2195204    112.52    971328    640228       848
07:23:02       164536    697816   1033040     52.95     16416    658816   2195204    112.52    971328    640228       848
07:23:03       164664    697944   1032912     52.95     16416    658816   2195204    112.52    971452    640228       848
07:23:04       164664    697944   1032912     52.95     16416    658816   2195204    112.52    971452    640228       848
07:23:05       164664    697944   1032908     52.95     16416    658820   2195204    112.52    971452    640228       852
07:23:06       164664    697948   1032908     52.95     16416    658820   2195204    112.52    972068    640232       852
07:23:07       164664    697948   1032904     52.95     16416    658824   2195204    112.52    972068    640232       856
07:23:08       164664    697948   1032904     52.95     16416    658824   2195204    112.52    972068    640232       856
07:23:09       164664    697948   1032904     52.95     16416    658824   2195204    112.52    972068    640232       856
07:23:10       164664    697948   1032900     52.94     16416    658828   2195204    112.52    972068    640232       860


Average:       265141    798336    932498     47.80     16416    658752   2093138    107.29    869597    640220       843
