Linux 7.0.0-1010-aws (ip-172-31-31-224) 	08/11/26 	_x86_64_	(2 CPU)

07:22:46        IFACE   rxpck/s   txpck/s    rxkB/s    txkB/s   rxcmp/s   txcmp/s  rxmcst/s   %ifutil
07:22:47         ens5     59.00     59.00      4.75      6.94      0.00      0.00      0.00      0.00

07:22:47        IFACE   rxpck/s   txpck/s    rxkB/s    txkB/s   rxcmp/s   txcmp/s  rxmcst/s   %ifutil
07:22:48         ens5     56.00     56.00      4.64      6.18      0.00      0.00      0.00      0.00

07:22:48        IFACE   rxpck/s   txpck/s    rxkB/s    txkB/s   rxcmp/s   txcmp/s  rxmcst/s   %ifutil
07:22:49         ens5     58.00     56.00      4.60      6.59      0.00      0.00      0.00      0.00

07:22:49        IFACE   rxpck/s   txpck/s    rxkB/s    txkB/s   rxcmp/s   txcmp/s  rxmcst/s   %ifutil
07:22:50         ens5      6.00      6.00      0.30      1.28      0.00      0.00      0.00      0.00

07:22:50        IFACE   rxpck/s   txpck/s    rxkB/s    txkB/s   rxcmp/s   txcmp/s  rxmcst/s   %ifutil
07:22:51         ens5      5.00      5.00      0.25      1.10      0.00      0.00      0.00      0.00

07:22:51        IFACE   rxpck/s   txpck/s    rxkB/s    txkB/s   rxcmp/s   txcmp/s  rxmcst/s   %ifutil
07:22:52         ens5     11.00     12.00      0.59      2.36      0.00      0.00      0.00      0.00

07:22:52        IFACE   rxpck/s   txpck/s    rxkB/s    txkB/s   rxcmp/s   txcmp/s  rxmcst/s   %ifutil
07:22:53         ens5      6.00      5.00      0.30      1.10      0.00      0.00      0.00      0.00

07:22:53        IFACE   rxpck/s   txpck/s    rxkB/s    txkB/s   rxcmp/s   txcmp/s  rxmcst/s   %ifutil
07:22:54         ens5      5.00      5.00      0.25      1.05      0.00      0.00      0.00      0.00

07:22:54        IFACE   rxpck/s   txpck/s    rxkB/s    txkB/s   rxcmp/s   txcmp/s  rxmcst/s   %ifutil
07:22:55         ens5      1.00      1.00      0.07      0.09      0.00      0.00      0.00      0.00

07:22:55        IFACE   rxpck/s   txpck/s    rxkB/s    txkB/s   rxcmp/s   txcmp/s  rxmcst/s   %ifutil
07:22:56         ens5      0.00      0.00      0.00      0.00      0.00      0.00      0.00      0.00

07:22:56        IFACE   rxpck/s   txpck/s    rxkB/s    txkB/s   rxcmp/s   txcmp/s  rxmcst/s   %ifutil
07:22:57         ens5     24.00     18.00      4.44      6.98      0.00      0.00      0.00      0.00

07:22:57        IFACE   rxpck/s   txpck/s    rxkB/s    txkB/s   rxcmp/s   txcmp/s  rxmcst/s   %ifutil
07:22:58         ens5      0.00      0.00      0.00      0.00      0.00      0.00      0.00      0.00

07:22:58        IFACE   rxpck/s   txpck/s    rxkB/s    txkB/s   rxcmp/s   txcmp/s  rxmcst/s   %ifutil
07:22:59         ens5      0.00      0.00      0.00      0.00      0.00      0.00      0.00      0.00

07:22:59        IFACE   rxpck/s   txpck/s    rxkB/s    txkB/s   rxcmp/s   txcmp/s  rxmcst/s   %ifutil
07:23:00         ens5      0.00      0.00      0.00      0.00      0.00      0.00      0.00      0.00

07:23:00        IFACE   rxpck/s   txpck/s    rxkB/s    txkB/s   rxcmp/s   txcmp/s  rxmcst/s   %ifutil
07:23:01         ens5    170.00    132.00     36.96     42.00      0.00      0.00      0.00      0.00

07:23:01        IFACE   rxpck/s   txpck/s    rxkB/s    txkB/s   rxcmp/s   txcmp/s  rxmcst/s   %ifutil
07:23:02         ens5   1043.00    787.00    215.42    246.98      0.00      0.00      0.00      0.00

07:23:02        IFACE   rxpck/s   txpck/s    rxkB/s    txkB/s   rxcmp/s   txcmp/s  rxmcst/s   %ifutil
07:23:03         ens5    940.00    673.00    177.73    203.93      0.00      0.00      0.00      0.00

07:23:03        IFACE   rxpck/s   txpck/s    rxkB/s    txkB/s   rxcmp/s   txcmp/s  rxmcst/s   %ifutil
07:23:04         ens5     36.00     27.00      7.20      8.30      0.00      0.00      0.00      0.00

07:23:04        IFACE   rxpck/s   txpck/s    rxkB/s    txkB/s   rxcmp/s   txcmp/s  rxmcst/s   %ifutil
07:23:05         ens5      0.00      0.00      0.00      0.00      0.00      0.00      0.00      0.00

07:23:05        IFACE   rxpck/s   txpck/s    rxkB/s    txkB/s   rxcmp/s   txcmp/s  rxmcst/s   %ifutil
07:23:06         ens5      0.00      0.00      0.00      0.00      0.00      0.00      0.00      0.00

07:23:06        IFACE   rxpck/s   txpck/s    rxkB/s    txkB/s   rxcmp/s   txcmp/s  rxmcst/s   %ifutil
07:23:07         ens5      0.00      0.00      0.00      0.00      0.00      0.00      0.00      0.00

07:23:07        IFACE   rxpck/s   txpck/s    rxkB/s    txkB/s   rxcmp/s   txcmp/s  rxmcst/s   %ifutil
07:23:08         ens5      0.00      0.00      0.00      0.00      0.00      0.00      0.00      0.00

07:23:08        IFACE   rxpck/s   txpck/s    rxkB/s    txkB/s   rxcmp/s   txcmp/s  rxmcst/s   %ifutil
07:23:09         ens5      0.00      0.00      0.00      0.00      0.00      0.00      0.00      0.00

07:23:09        IFACE   rxpck/s   txpck/s    rxkB/s    txkB/s   rxcmp/s   txcmp/s  rxmcst/s   %ifutil
07:23:10         ens5      0.00      0.00      0.00      0.00      0.00      0.00      0.00      0.00


Average:        IFACE   rxpck/s   txpck/s    rxkB/s    txkB/s   rxcmp/s   txcmp/s  rxmcst/s   %ifutil
Average:         ens5    100.83     76.75     19.06     22.29      0.00      0.00      0.00      0.00
