Linux 7.0.0-1008-aws (ip-172-31-20-134) 	08/07/26 	_x86_64_	(2 CPU)

15:37:12        CPU     %user     %nice   %system   %iowait    %steal     %idle
15:37:13        all      2.01      0.00      1.01      0.00      0.00     96.98
15:37:14        all      4.52      0.00      2.01      0.00      0.00     93.47
15:37:15        all      0.00      0.00      0.00      0.00      0.00    100.00
15:37:16        all      1.00      0.00      0.00      0.00      0.00     99.00
15:37:17        all      0.00      0.00      0.00      0.00      0.00    100.00
15:37:18        all      1.00      0.00      0.50      0.00      0.00     98.51
15:37:19        all      0.00      0.00      0.00      0.00      0.00    100.00
15:37:20        all      0.00      0.00      0.00      0.00      0.00    100.00
15:37:21        all      0.00      0.00      0.00      0.00      0.00    100.00
15:37:22        all      0.50      0.00      0.50      0.00      0.00     99.00
15:37:23        all      5.05      0.00      1.01      0.00      0.00     93.94
15:37:24        all      7.50      0.00      1.00      0.00      0.50     91.00
15:37:25        all      7.58      0.00      2.02      0.00      0.00     90.40
15:37:26        all      7.69      0.00      0.00      0.00      0.00     92.31
15:37:27        all      8.08      0.00      1.01      0.00      0.00     90.91
15:37:28        all      7.65      0.00      0.00      0.00      0.00     92.35
15:37:29        all     13.20      0.00      2.03      0.00      0.51     84.26
15:37:30        all      8.08      0.00      1.01      0.00      0.00     90.91
15:37:31        all      8.12      0.00      1.02      0.00      0.00     90.86
15:37:32        all      8.67      0.00      0.51      0.00      0.00     90.82
15:37:33        all      8.50      0.00      1.50      0.00      0.00     90.00
15:37:34        all      7.65      0.00      0.51      0.00      0.00     91.84
15:37:35        all      8.08      0.00      1.01      0.00      0.00     90.91
15:37:36        all      8.12      0.00      0.51      0.00      0.00     91.37
15:37:37        all      7.61      0.00      1.02      0.00      0.00     91.37
15:37:38        all      8.46      0.00      1.49      0.00      0.00     90.05
15:37:39        all      8.12      0.00      1.02      0.00      0.00     90.86
15:37:40        all      7.65      0.00      0.51      0.00      0.00     91.84
15:37:41        all      9.00      0.00      1.00      0.50      0.00     89.50
15:37:42        all      8.12      0.00      1.02      0.00      0.00     90.86
15:37:43        all      7.61      0.00      0.51      0.00      0.00     91.88
15:37:44        all     13.20      0.00      2.54      0.00      0.00     84.26
15:37:45        all      8.12      0.00      1.02      0.00      0.00     90.86
15:37:46        all      8.00      0.00      1.50      0.50      0.00     90.00
15:37:47        all      8.12      0.00      1.02      0.00      0.00     90.86
15:37:48        all      8.67      0.00      0.51      0.00      0.00     90.82
15:37:49        all      7.54      0.00      1.51      0.00      0.00     90.95
15:37:50        all      8.08      0.00      1.01      0.00      0.00     90.91
15:37:51        all      8.16      0.00      0.51      0.00      0.51     90.82
15:37:52        all      8.12      0.00      1.02      0.00      0.00     90.86
15:37:53        all      7.61      0.00      1.02      0.00      0.00     91.37
15:37:54        all      8.08      0.00      1.01      0.00      0.00     90.91
15:37:55        all      8.12      0.00      0.00      0.00      0.00     91.88
15:37:56        all      8.54      0.00      1.01      0.00      0.50     89.95
15:37:57        all      8.08      0.00      1.01      0.00      0.00     90.91
15:37:58        all      7.11      0.00      1.02      0.00      0.00     91.88
15:37:59        all      4.57      0.00      1.02      0.00      0.00     94.42
15:38:00        all      0.50      0.00      0.50      0.00      0.00     99.00

Average:        all      6.45      0.00      0.85      0.02      0.04     92.63
