Linux 7.0.0-1008-aws (ip-172-31-20-134) 	08/07/26 	_x86_64_	(2 CPU)

15:37:12        IFACE   rxpck/s   txpck/s    rxkB/s    txkB/s   rxcmp/s   txcmp/s  rxmcst/s   %ifutil
15:37:13         ens5     38.00     28.00      3.76      4.04      0.00      0.00      0.00      0.00

15:37:13        IFACE   rxpck/s   txpck/s    rxkB/s    txkB/s   rxcmp/s   txcmp/s  rxmcst/s   %ifutil
15:37:14         ens5     38.00     26.00      3.72      3.47      0.00      0.00      0.00      0.00

15:37:14        IFACE   rxpck/s   txpck/s    rxkB/s    txkB/s   rxcmp/s   txcmp/s  rxmcst/s   %ifutil
15:37:15         ens5      3.00      1.00      0.22      0.13      0.00      0.00      0.00      0.00

15:37:15        IFACE   rxpck/s   txpck/s    rxkB/s    txkB/s   rxcmp/s   txcmp/s  rxmcst/s   %ifutil
15:37:16         ens5      0.00      1.00      0.00      0.07      0.00      0.00      0.00      0.00

15:37:16        IFACE   rxpck/s   txpck/s    rxkB/s    txkB/s   rxcmp/s   txcmp/s  rxmcst/s   %ifutil
15:37:17         ens5      0.00      0.00      0.00      0.00      0.00      0.00      0.00      0.00

15:37:17        IFACE   rxpck/s   txpck/s    rxkB/s    txkB/s   rxcmp/s   txcmp/s  rxmcst/s   %ifutil
15:37:18         ens5      1.00      1.00      0.07      0.09      0.00      0.00      0.00      0.00

15:37:18        IFACE   rxpck/s   txpck/s    rxkB/s    txkB/s   rxcmp/s   txcmp/s  rxmcst/s   %ifutil
15:37:19         ens5      0.00      0.00      0.00      0.00      0.00      0.00      0.00      0.00

15:37:19        IFACE   rxpck/s   txpck/s    rxkB/s    txkB/s   rxcmp/s   txcmp/s  rxmcst/s   %ifutil
15:37:20         ens5      0.00      0.00      0.00      0.00      0.00      0.00      0.00      0.00

15:37:20        IFACE   rxpck/s   txpck/s    rxkB/s    txkB/s   rxcmp/s   txcmp/s  rxmcst/s   %ifutil
15:37:21         ens5      0.00      0.00      0.00      0.00      0.00      0.00      0.00      0.00

15:37:21        IFACE   rxpck/s   txpck/s    rxkB/s    txkB/s   rxcmp/s   txcmp/s  rxmcst/s   %ifutil
15:37:22         ens5      0.00      0.00      0.00      0.00      0.00      0.00      0.00      0.00

15:37:22        IFACE   rxpck/s   txpck/s    rxkB/s    txkB/s   rxcmp/s   txcmp/s  rxmcst/s   %ifutil
15:37:23         ens5     58.00     60.00     32.34     11.86      0.00      0.00      0.00      0.00

15:37:23        IFACE   rxpck/s   txpck/s    rxkB/s    txkB/s   rxcmp/s   txcmp/s  rxmcst/s   %ifutil
15:37:24         ens5     55.00     55.00     26.63     16.28      0.00      0.00      0.00      0.00

15:37:24        IFACE   rxpck/s   txpck/s    rxkB/s    txkB/s   rxcmp/s   txcmp/s  rxmcst/s   %ifutil
15:37:25         ens5     57.00     57.00     26.80     16.48      0.00      0.00      0.00      0.00

15:37:25        IFACE   rxpck/s   txpck/s    rxkB/s    txkB/s   rxcmp/s   txcmp/s  rxmcst/s   %ifutil
15:37:26         ens5     56.00     56.00     26.72     16.38      0.00      0.00      0.00      0.00

15:37:26        IFACE   rxpck/s   txpck/s    rxkB/s    txkB/s   rxcmp/s   txcmp/s  rxmcst/s   %ifutil
15:37:27         ens5     58.00     58.00     27.72     17.02      0.00      0.00      0.00      0.00

15:37:27        IFACE   rxpck/s   txpck/s    rxkB/s    txkB/s   rxcmp/s   txcmp/s  rxmcst/s   %ifutil
15:37:28         ens5     56.00     56.00     26.82     16.49      0.00      0.00      0.00      0.00

15:37:28        IFACE   rxpck/s   txpck/s    rxkB/s    txkB/s   rxcmp/s   txcmp/s  rxmcst/s   %ifutil
15:37:29         ens5     56.00     56.00     26.82     16.49      0.00      0.00      0.00      0.00

15:37:29        IFACE   rxpck/s   txpck/s    rxkB/s    txkB/s   rxcmp/s   txcmp/s  rxmcst/s   %ifutil
15:37:30         ens5     56.00     56.00     26.82     16.49      0.00      0.00      0.00      0.00

15:37:30        IFACE   rxpck/s   txpck/s    rxkB/s    txkB/s   rxcmp/s   txcmp/s  rxmcst/s   %ifutil
15:37:31         ens5     57.00     57.00     26.91     16.59      0.00      0.00      0.00      0.00

15:37:31        IFACE   rxpck/s   txpck/s    rxkB/s    txkB/s   rxcmp/s   txcmp/s  rxmcst/s   %ifutil
15:37:32         ens5     57.00     57.00     27.69     16.98      0.00      0.00      0.00      0.00

15:37:32        IFACE   rxpck/s   txpck/s    rxkB/s    txkB/s   rxcmp/s   txcmp/s  rxmcst/s   %ifutil
15:37:33         ens5     56.00     56.00     26.82     16.49      0.00      0.00      0.00      0.00

15:37:33        IFACE   rxpck/s   txpck/s    rxkB/s    txkB/s   rxcmp/s   txcmp/s  rxmcst/s   %ifutil
15:37:34         ens5     57.00     57.00     26.90     16.58      0.00      0.00      0.00      0.00

15:37:34        IFACE   rxpck/s   txpck/s    rxkB/s    txkB/s   rxcmp/s   txcmp/s  rxmcst/s   %ifutil
15:37:35         ens5     56.00     56.00     26.82     16.49      0.00      0.00      0.00      0.00

15:37:35        IFACE   rxpck/s   txpck/s    rxkB/s    txkB/s   rxcmp/s   txcmp/s  rxmcst/s   %ifutil
15:37:36         ens5     56.00     56.00     26.82     16.49      0.00      0.00      0.00      0.00

15:37:36        IFACE   rxpck/s   txpck/s    rxkB/s    txkB/s   rxcmp/s   txcmp/s  rxmcst/s   %ifutil
15:37:37         ens5     57.00     57.00     26.91     16.59      0.00      0.00      0.00      0.00

15:37:37        IFACE   rxpck/s   txpck/s    rxkB/s    txkB/s   rxcmp/s   txcmp/s  rxmcst/s   %ifutil
15:37:38         ens5     56.00     56.00     26.82     16.49      0.00      0.00      0.00      0.00

15:37:38        IFACE   rxpck/s   txpck/s    rxkB/s    txkB/s   rxcmp/s   txcmp/s  rxmcst/s   %ifutil
15:37:39         ens5     57.00     57.00     27.69     16.98      0.00      0.00      0.00      0.00

15:37:39        IFACE   rxpck/s   txpck/s    rxkB/s    txkB/s   rxcmp/s   txcmp/s  rxmcst/s   %ifutil
15:37:40         ens5     55.00     55.00     25.95     16.00      0.00      0.00      0.00      0.00

15:37:40        IFACE   rxpck/s   txpck/s    rxkB/s    txkB/s   rxcmp/s   txcmp/s  rxmcst/s   %ifutil
15:37:41         ens5     57.00     57.00     27.69     16.98      0.00      0.00      0.00      0.00

15:37:41        IFACE   rxpck/s   txpck/s    rxkB/s    txkB/s   rxcmp/s   txcmp/s  rxmcst/s   %ifutil
15:37:42         ens5     56.00     56.00     26.82     16.49      0.00      0.00      0.00      0.00

15:37:42        IFACE   rxpck/s   txpck/s    rxkB/s    txkB/s   rxcmp/s   txcmp/s  rxmcst/s   %ifutil
15:37:43         ens5     56.00     56.00     26.82     16.49      0.00      0.00      0.00      0.00

15:37:43        IFACE   rxpck/s   txpck/s    rxkB/s    txkB/s   rxcmp/s   txcmp/s  rxmcst/s   %ifutil
15:37:44         ens5     56.00     56.00     26.82     16.49      0.00      0.00      0.00      0.00

15:37:44        IFACE   rxpck/s   txpck/s    rxkB/s    txkB/s   rxcmp/s   txcmp/s  rxmcst/s   %ifutil
15:37:45         ens5     56.00     56.00     26.82     16.49      0.00      0.00      0.00      0.00

15:37:45        IFACE   rxpck/s   txpck/s    rxkB/s    txkB/s   rxcmp/s   txcmp/s  rxmcst/s   %ifutil
15:37:46         ens5     57.00     57.00     26.88     16.55      0.00      0.00      0.00      0.00

15:37:46        IFACE   rxpck/s   txpck/s    rxkB/s    txkB/s   rxcmp/s   txcmp/s  rxmcst/s   %ifutil
15:37:47         ens5     56.00     56.00     26.82     16.49      0.00      0.00      0.00      0.00

15:37:47        IFACE   rxpck/s   txpck/s    rxkB/s    txkB/s   rxcmp/s   txcmp/s  rxmcst/s   %ifutil
15:37:48         ens5     58.00     57.00     27.78     16.59      0.00      0.00      0.00      0.00

15:37:48        IFACE   rxpck/s   txpck/s    rxkB/s    txkB/s   rxcmp/s   txcmp/s  rxmcst/s   %ifutil
15:37:49         ens5     56.00     57.00     26.82     16.98      0.00      0.00      0.00      0.00

15:37:49        IFACE   rxpck/s   txpck/s    rxkB/s    txkB/s   rxcmp/s   txcmp/s  rxmcst/s   %ifutil
15:37:50         ens5     58.00     58.00     26.99     16.68      0.00      0.00      0.00      0.00

15:37:50        IFACE   rxpck/s   txpck/s    rxkB/s    txkB/s   rxcmp/s   txcmp/s  rxmcst/s   %ifutil
15:37:51         ens5     57.00     56.00     27.69     16.49      0.00      0.00      0.00      0.00

15:37:51        IFACE   rxpck/s   txpck/s    rxkB/s    txkB/s   rxcmp/s   txcmp/s  rxmcst/s   %ifutil
15:37:52         ens5     56.00     56.00     26.82     16.49      0.00      0.00      0.00      0.00

15:37:52        IFACE   rxpck/s   txpck/s    rxkB/s    txkB/s   rxcmp/s   txcmp/s  rxmcst/s   %ifutil
15:37:53         ens5     56.00     57.00     26.82     16.98      0.00      0.00      0.00      0.00

15:37:53        IFACE   rxpck/s   txpck/s    rxkB/s    txkB/s   rxcmp/s   txcmp/s  rxmcst/s   %ifutil
15:37:54         ens5     56.00     56.00     26.82     16.49      0.00      0.00      0.00      0.00

15:37:54        IFACE   rxpck/s   txpck/s    rxkB/s    txkB/s   rxcmp/s   txcmp/s  rxmcst/s   %ifutil
15:37:55         ens5     56.00     56.00     26.82     16.49      0.00      0.00      0.00      0.00

15:37:55        IFACE   rxpck/s   txpck/s    rxkB/s    txkB/s   rxcmp/s   txcmp/s  rxmcst/s   %ifutil
15:37:56         ens5     56.00     56.00     26.82     16.49      0.00      0.00      0.00      0.00

15:37:56        IFACE   rxpck/s   txpck/s    rxkB/s    txkB/s   rxcmp/s   txcmp/s  rxmcst/s   %ifutil
15:37:57         ens5     56.00     56.00     26.82     16.49      0.00      0.00      0.00      0.00

15:37:57        IFACE   rxpck/s   txpck/s    rxkB/s    txkB/s   rxcmp/s   txcmp/s  rxmcst/s   %ifutil
15:37:58         ens5     54.00     54.00     25.87     15.90      0.00      0.00      0.00      0.00

15:37:58        IFACE   rxpck/s   txpck/s    rxkB/s    txkB/s   rxcmp/s   txcmp/s  rxmcst/s   %ifutil
15:37:59         ens5      0.00      0.00      0.00      0.00      0.00      0.00      0.00      0.00

15:37:59        IFACE   rxpck/s   txpck/s    rxkB/s    txkB/s   rxcmp/s   txcmp/s  rxmcst/s   %ifutil
15:38:00         ens5      0.00      0.00      0.00      0.00      0.00      0.00      0.00      0.00


Average:        IFACE   rxpck/s   txpck/s    rxkB/s    txkB/s   rxcmp/s   txcmp/s  rxmcst/s   %ifutil
Average:         ens5     43.94     43.50     20.47     12.48      0.00      0.00      0.00      0.00
