Linux 7.0.0-1010-aws (ip-172-31-20-134) 	08/11/26 	_x86_64_	(2 CPU)

17:17:17        CPU     %user     %nice   %system   %iowait    %steal     %idle
17:17:18        all      2.03      0.00      1.02      0.00      0.00     96.95
17:17:19        all      0.50      0.00      0.50      0.00      0.00     99.00
17:17:20        all      0.00      0.00      0.50      0.00      0.00     99.50
17:17:21        all      0.00      0.00      0.00      0.00      0.00    100.00
17:17:22        all      0.50      0.00      0.00      0.00      0.00     99.50
17:17:23        all      0.00      0.00      0.00      0.00      0.00    100.00
17:17:24        all      0.50      0.00      0.50      0.00      0.00     99.00
17:17:25        all      0.00      0.00      0.00      0.00      0.51     99.49
17:17:26        all      1.00      0.00      0.00      0.00      0.00     99.00
17:17:27        all      0.00      0.00      0.50      0.00      0.00     99.50
17:17:28        all      0.00      0.00      0.00      0.00      0.00    100.00
17:17:29        all      5.53      0.00      0.50      0.00      0.00     93.97
17:17:30        all      0.50      0.00      1.01      0.00      0.00     98.49
17:17:31        all      0.00      0.00      0.00      0.00      0.00    100.00
17:17:32        all      0.00      0.00      0.50      0.00      0.00     99.50
17:17:33        all      0.00      0.00      0.00      0.00      0.00    100.00
17:17:34        all      2.01      0.00      0.50      0.00      0.00     97.49
17:17:35        all     44.62      0.00      5.64      0.00      0.00     49.74
17:17:36        all     66.84      0.00      8.67      0.00      0.00     24.49
17:17:37        all     10.10      0.00      1.52      0.00      0.00     88.38
17:17:38        all      0.00      0.00      0.00      0.00      0.00    100.00
17:17:39        all      0.00      0.00      0.00      0.00      0.00    100.00
17:17:40        all      0.50      0.00      0.00      0.00      0.00     99.50
17:17:41        all      0.00      0.00      0.00      0.00      0.00    100.00
17:17:42        all      0.50      0.00      0.50      0.00      0.00     99.00
17:17:43        all      0.00      0.00      0.00      0.00      0.00    100.00

Average:        all      5.13      0.00      0.83      0.00      0.02     94.02
