Linux 7.0.0-1010-aws (ip-172-31-20-134) 	08/11/26 	_x86_64_	(2 CPU)

17:17:17    kbmemfree   kbavail kbmemused  %memused kbbuffers  kbcached  kbcommit   %commit  kbactive   kbinact   kbdirty
17:17:18       100900   1313032    380444     19.50     30996   1292260   1478252     75.77    995580    597572       476
17:17:19        98884   1311016    382460     19.60     30996   1292260   1478252     75.77    996324    597572       476
17:17:20        98884   1311016    382460     19.60     30996   1292260   1478252     75.77    996324    597572       476
17:17:21        98884   1311016    382460     19.60     30996   1292260   1478252     75.77    996324    597572       476
17:17:22        98884   1311016    382456     19.60     30996   1292264   1478252     75.77    996324    597572       480
17:17:23        98884   1311016    382456     19.60     30996   1292264   1478252     75.77    996324    597572       480
17:17:24        98884   1311016    382456     19.60     30996   1292264   1478252     75.77    996324    597572       480
17:17:25        98884   1311024    382424     19.60     31020   1292264   1478252     75.77    996392    597576       488
17:17:26        98884   1311024    382424     19.60     31020   1292264   1478252     75.77    996392    597576       488
17:17:27        98884   1311024    382420     19.60     31020   1292268   1478252     75.77    996392    597576       492
17:17:28        98884   1311024    382420     19.60     31020   1292268   1478252     75.77    996392    597576       408
17:17:29        98884   1311052    382412     19.60     31020   1292276   1478252     75.77    996388    597604       372
17:17:30        98884   1311052    382412     19.60     31020   1292276   1479492     75.84    997564    597604       372
17:17:31        98884   1311060    382396     19.60     31020   1292292   1479492     75.84    997620    597612       388
17:17:32        98884   1311060    382392     19.60     31020   1292296   1479492     75.84    997704    597612       392
17:17:33        98884   1311064    382392     19.60     31020   1292296   1479492     75.84    997728    597616       344
17:17:34        98632   1310828    382644     19.61     31020   1292296   1479884     75.86    999120    597632       348
17:17:35        94852   1307104    386368     19.80     31020   1292352   1544384     79.16   1005460    597688       404
17:17:36        93340   1306016    387452     19.86     31020   1292780   1660852     85.13   1008496    598112       832
17:17:37        93340   1306116    387348     19.85     31020   1292872   1661316     85.16   1008592    598200       920
17:17:38        93340   1306116    387308     19.85     31020   1292912   1661316     85.16   1008592    598200       960
17:17:39        93340   1306116    387308     19.85     31020   1292912   1661316     85.16   1008592    598200       960
17:17:40        93340   1306116    387308     19.85     31020   1292912   1661316     85.16   1008592    598200       960
17:17:41        93340   1306116    387308     19.85     31020   1292912   1661316     85.16   1008592    598200       960
17:17:42        93340   1306116    387304     19.85     31020   1292916   1661316     85.16   1008592    598200       964
17:17:43        93340   1306116    387304     19.85     31020   1292916   1661316     85.16   1008592    598200       964

Average:        97091   1309434    384021     19.68     31014   1292466   1537359     78.80   1000743    597776       591
