Linux 7.0.0-1010-aws (ip-172-31-20-134) 	08/11/26 	_x86_64_	(2 CPU)

17:17:17        IFACE   rxpck/s   txpck/s    rxkB/s    txkB/s   rxcmp/s   txcmp/s  rxmcst/s   %ifutil
17:17:18         ens5     53.00     48.00      4.29      5.20      0.00      0.00      0.00      0.00

17:17:18        IFACE   rxpck/s   txpck/s    rxkB/s    txkB/s   rxcmp/s   txcmp/s  rxmcst/s   %ifutil
17:17:19         ens5     52.00     43.00      4.52      4.66      0.00      0.00      0.00      0.00

17:17:19        IFACE   rxpck/s   txpck/s    rxkB/s    txkB/s   rxcmp/s   txcmp/s  rxmcst/s   %ifutil
17:17:20         ens5     11.00      9.00      0.95      0.97      0.00      0.00      0.00      0.00

17:17:20        IFACE   rxpck/s   txpck/s    rxkB/s    txkB/s   rxcmp/s   txcmp/s  rxmcst/s   %ifutil
17:17:21         ens5      0.00      1.00      0.00      0.06      0.00      0.00      0.00      0.00

17:17:21        IFACE   rxpck/s   txpck/s    rxkB/s    txkB/s   rxcmp/s   txcmp/s  rxmcst/s   %ifutil
17:17:22         ens5      0.00      0.00      0.00      0.00      0.00      0.00      0.00      0.00

17:17:22        IFACE   rxpck/s   txpck/s    rxkB/s    txkB/s   rxcmp/s   txcmp/s  rxmcst/s   %ifutil
17:17:23         ens5      0.00      0.00      0.00      0.00      0.00      0.00      0.00      0.00

17:17:23        IFACE   rxpck/s   txpck/s    rxkB/s    txkB/s   rxcmp/s   txcmp/s  rxmcst/s   %ifutil
17:17:24         ens5      1.00      1.00      0.07      0.09      0.00      0.00      0.00      0.00

17:17:24        IFACE   rxpck/s   txpck/s    rxkB/s    txkB/s   rxcmp/s   txcmp/s  rxmcst/s   %ifutil
17:17:25         ens5      0.00      1.00      0.00      0.06      0.00      0.00      0.00      0.00

17:17:25        IFACE   rxpck/s   txpck/s    rxkB/s    txkB/s   rxcmp/s   txcmp/s  rxmcst/s   %ifutil
17:17:26         ens5      0.00      0.00      0.00      0.00      0.00      0.00      0.00      0.00

17:17:26        IFACE   rxpck/s   txpck/s    rxkB/s    txkB/s   rxcmp/s   txcmp/s  rxmcst/s   %ifutil
17:17:27         ens5      0.00      0.00      0.00      0.00      0.00      0.00      0.00      0.00

17:17:27        IFACE   rxpck/s   txpck/s    rxkB/s    txkB/s   rxcmp/s   txcmp/s  rxmcst/s   %ifutil
17:17:28         ens5      0.00      0.00      0.00      0.00      0.00      0.00      0.00      0.00

17:17:28        IFACE   rxpck/s   txpck/s    rxkB/s    txkB/s   rxcmp/s   txcmp/s  rxmcst/s   %ifutil
17:17:29         ens5      0.00      0.00      0.00      0.00      0.00      0.00      0.00      0.00

17:17:29        IFACE   rxpck/s   txpck/s    rxkB/s    txkB/s   rxcmp/s   txcmp/s  rxmcst/s   %ifutil
17:17:30         ens5     31.00     39.00     14.63      2.94      0.00      0.00      0.00      0.00

17:17:30        IFACE   rxpck/s   txpck/s    rxkB/s    txkB/s   rxcmp/s   txcmp/s  rxmcst/s   %ifutil
17:17:31         ens5      0.00      0.00      0.00      0.00      0.00      0.00      0.00      0.00

17:17:31        IFACE   rxpck/s   txpck/s    rxkB/s    txkB/s   rxcmp/s   txcmp/s  rxmcst/s   %ifutil
17:17:32         ens5      0.00      0.00      0.00      0.00      0.00      0.00      0.00      0.00

17:17:32        IFACE   rxpck/s   txpck/s    rxkB/s    txkB/s   rxcmp/s   txcmp/s  rxmcst/s   %ifutil
17:17:33         ens5      0.00      1.00      0.00      0.06      0.00      0.00      0.00      0.00

17:17:33        IFACE   rxpck/s   txpck/s    rxkB/s    txkB/s   rxcmp/s   txcmp/s  rxmcst/s   %ifutil
17:17:34         ens5     11.00     15.00      2.41      1.42      0.00      0.00      0.00      0.00

17:17:34        IFACE   rxpck/s   txpck/s    rxkB/s    txkB/s   rxcmp/s   txcmp/s  rxmcst/s   %ifutil
17:17:35         ens5    403.00    536.00     82.40     49.86      0.00      0.00      0.00      0.00

17:17:35        IFACE   rxpck/s   txpck/s    rxkB/s    txkB/s   rxcmp/s   txcmp/s  rxmcst/s   %ifutil
17:17:36         ens5    597.00    797.00    121.82     74.14      0.00      0.00      0.00      0.00

17:17:36        IFACE   rxpck/s   txpck/s    rxkB/s    txkB/s   rxcmp/s   txcmp/s  rxmcst/s   %ifutil
17:17:37         ens5     87.00    116.00     18.19     10.76      0.00      0.00      0.00      0.00

17:17:37        IFACE   rxpck/s   txpck/s    rxkB/s    txkB/s   rxcmp/s   txcmp/s  rxmcst/s   %ifutil
17:17:38         ens5      0.00      0.00      0.00      0.00      0.00      0.00      0.00      0.00

17:17:38        IFACE   rxpck/s   txpck/s    rxkB/s    txkB/s   rxcmp/s   txcmp/s  rxmcst/s   %ifutil
17:17:39         ens5      0.00      0.00      0.00      0.00      0.00      0.00      0.00      0.00

17:17:39        IFACE   rxpck/s   txpck/s    rxkB/s    txkB/s   rxcmp/s   txcmp/s  rxmcst/s   %ifutil
17:17:40         ens5      1.00      1.00      0.07      0.09      0.00      0.00      0.00      0.00

17:17:40        IFACE   rxpck/s   txpck/s    rxkB/s    txkB/s   rxcmp/s   txcmp/s  rxmcst/s   %ifutil
17:17:41         ens5      0.00      0.00      0.00      0.00      0.00      0.00      0.00      0.00

17:17:41        IFACE   rxpck/s   txpck/s    rxkB/s    txkB/s   rxcmp/s   txcmp/s  rxmcst/s   %ifutil
17:17:42         ens5      0.00      0.00      0.00      0.00      0.00      0.00      0.00      0.00

17:17:42        IFACE   rxpck/s   txpck/s    rxkB/s    txkB/s   rxcmp/s   txcmp/s  rxmcst/s   %ifutil
17:17:43         ens5      1.00      1.00      0.03      0.04      0.00      0.00      0.00      0.00



Average:        IFACE   rxpck/s   txpck/s    rxkB/s    txkB/s   rxcmp/s   txcmp/s  rxmcst/s   %ifutil
Average:         ens5     48.00     61.88      9.59      5.78      0.00      0.00      0.00      0.00
