Linux 7.0.0-1008-aws (ip-172-31-31-224) 	08/07/26 	_x86_64_	(2 CPU)

07:10:04        CPU     %user     %nice   %system   %iowait    %steal     %idle
07:10:05        all     52.28      0.00      4.06      0.00      0.00     43.65
07:10:06        all     50.25      0.00      4.02      0.00      0.00     45.73
07:10:07        all     50.50      0.00      2.50      0.00      0.00     47.00
07:10:08        all     48.73      0.00      4.06      0.00      0.00     47.21
07:10:09        all     52.26      0.00      4.02      0.00      0.00     43.72
07:10:10        all     47.24      0.00      3.52      0.00      0.00     49.25
07:10:11        all     51.74      0.00      2.99      0.00      0.00     45.27
07:10:12        all     33.00      0.00      5.00      0.00      0.00     62.00
07:10:13        all      0.00      0.00      0.00      0.00      0.00    100.00
07:10:14        all      1.00      0.00      1.00      0.00      0.00     98.00
07:10:15        all      0.00      0.00      0.00      0.00      0.00    100.00
07:10:16        all      1.01      0.00      0.50      0.00      0.00     98.49
07:10:17        all      1.01      0.00      0.50      0.50      0.00     97.99
07:10:18        all      0.50      0.00      1.00      0.00      0.00     98.51
07:10:19        all      0.51      0.00      0.00      0.00      0.00     99.49
07:10:20        all      0.00      0.00      0.00      0.00      0.00    100.00
07:10:21        all      1.00      0.00      0.50      0.00      0.00     98.51
07:10:22        all      0.00      0.00      0.51      0.00      0.00     99.49
07:10:23        all      0.00      0.00      0.00      0.00      0.00    100.00
07:10:24        all      0.00      0.00      0.51      0.00      0.00     99.49
07:10:25        all      1.00      0.00      0.50      0.00      0.00     98.50
07:10:26        all      0.00      0.00      1.01      0.00      0.00     98.99
07:10:27        all      1.00      0.00      0.50      0.00      0.00     98.50
07:10:28        all      0.00      0.00      0.00      0.00      0.00    100.00
07:10:29        all      0.00      0.00      1.01      0.00      0.00     98.99
07:10:30        all      0.51      0.00      0.51      0.00      0.00     98.99
07:10:31        all      0.50      0.00      0.50      0.00      0.00     98.99
07:10:32        all      0.50      0.00      0.50      0.00      0.00     98.99
07:10:33        all      0.50      0.00      0.50      0.00      0.50     98.50
07:10:34        all      0.51      0.00      0.00      0.00      0.00     99.49
07:10:35        all      0.00      0.00      0.00      0.00      0.00    100.00
07:10:36        all      0.50      0.00      1.00      0.00      0.00     98.51
07:10:37        all      0.51      0.00      0.00      0.00      0.51     98.98
07:10:38        all      0.50      0.00      0.50      0.00      0.00     98.99
07:10:39        all      4.04      0.00      0.51      0.00      0.00     95.45
07:10:40        all      1.00      0.00      1.00      0.00      0.00     98.01
07:10:41        all      0.00      0.00      0.00      0.00      0.00    100.00
07:10:42        all      0.00      0.00      0.51      0.00      0.00     99.49
07:10:43        all      1.00      0.00      0.50      0.00      0.00     98.50
07:10:44        all      0.50      0.00      0.50      0.00      0.50     98.49
07:10:45        all      0.50      0.00      0.50      0.00      0.00     98.99
07:10:46        all      0.51      0.00      0.00      0.00      0.00     99.49
07:10:47        all      1.01      0.00      1.01      0.50      0.00     97.49
07:10:48        all      1.01      0.00      0.00      0.00      0.00     98.99
07:10:49        all      0.00      0.00      0.51      0.00      0.00     99.49
07:10:50        all      1.00      0.00      0.00      0.00      0.00     99.00
07:10:51        all      0.00      0.00      1.01      0.00      0.00     98.99
07:10:52        all      1.01      0.00      0.50      0.00      0.00     98.49
07:10:53        all      0.00      0.00      0.00      0.00      0.00    100.00
07:10:54        all      0.50      0.00      1.01      0.00      0.00     98.49
07:10:55        all      0.51      0.00      0.00      0.00      0.00     99.49
07:10:56        all      0.50      0.00      1.00      0.00      0.00     98.51
07:10:57        all      0.51      0.00      0.51      0.00      0.00     98.99
07:10:58        all      0.00      0.00      0.51      0.00      0.00     99.49
07:10:59        all      1.00      0.00      0.50      0.00      0.00     98.51
07:11:00        all      0.00      0.00      1.01      0.00      0.50     98.49
07:11:01        all      0.51      0.00      0.00      0.00      0.00     99.49
07:11:02        all      0.50      0.00      0.00      0.00      0.50     98.99
07:11:03        all      0.00      0.00      0.51      0.00      0.00     99.49
07:11:04        all      0.51      0.00      0.51      0.00      0.00     98.99
07:11:05        all      0.51      0.00      0.51      0.00      0.00     98.99
07:11:06        all      0.50      0.00      1.00      0.00      0.00     98.51
07:11:07        all      1.01      0.00      0.00      0.00      0.00     98.99
07:11:08        all      0.50      0.00      0.50      0.00      0.50     98.49
07:11:09        all      0.51      0.00      0.51      0.00      0.00     98.99
07:11:10        all      1.00      0.00      1.00      0.00      0.00     98.00
07:11:11        all      0.00      0.00      0.51      0.00      0.00     99.49
07:11:12        all      1.00      0.00      0.50      0.00      0.00     98.50
07:11:13        all      0.00      0.00      0.00      0.00      0.00    100.00
07:11:14        all      0.00      0.00      1.01      0.00      0.00     98.99
07:11:15        all      0.50      0.00      0.50      0.00      0.00     98.99
07:11:16        all      0.51      0.00      0.00      0.00      0.00     99.49
07:11:17        all      1.00      0.00      0.50      1.00      0.00     97.50
07:11:18        all      0.00      0.00      1.01      0.00      0.00     98.99
07:11:19        all      0.00      0.00      0.00      0.00      0.00    100.00
07:11:20        all      0.50      0.00      0.00      0.00      0.00     99.50


Average:        all      5.54      0.00      0.80      0.03      0.04     93.59
