Linux 7.0.0-1008-aws (ip-172-31-31-224) 	08/07/26 	_x86_64_	(2 CPU)

07:10:04    kbmemfree   kbavail kbmemused  %memused kbbuffers  kbcached  kbcommit   %commit  kbactive   kbinact   kbdirty
07:10:05       722864   1259864    393520     20.17     15472    664212   1469244     75.32    252612    728176        28
07:10:06       644492   1181492    471892     24.19     15472    664212   1548404     79.37    333604    728176        28
07:10:07       579224   1116224    537160     27.54     15472    664212   1611268     82.60    394068    728176        28
07:10:08       451460    988460    664924     34.08     15472    664212   1740736     89.23    522056    728176        28
07:10:09       354692    891692    761692     39.05     15472    664212   1832080     93.91    616816    728176        28
07:10:10       298496    835496    817888     41.93     15472    664212   1891380     96.95    672744    728176        24
07:10:11       250112    787112    866272     44.41     15472    664212   1941436     99.52    726036    728176        24
07:10:12       113024    650024   1003360     51.43     15472    664212   2070412    106.13    855812    728176        24
07:10:13       113024    650024   1003360     51.43     15472    664212   2070412    106.13    855812    728176        24
07:10:14       113024    650024   1003360     51.43     15472    664212   2070412    106.13    855812    728176        24
07:10:15       113024    650024   1003360     51.43     15472    664212   2070412    106.13    855812    728176        24
07:10:16       113024    650024   1003360     51.43     15472    664212   2070412    106.13    855812    728176        24
07:10:17       113024    650024   1003336     51.43     15496    664212   2070412    106.13    855868    728176       116
07:10:18       113024    650024   1003336     51.43     15496    664212   2070412    106.13    855868    728176       116
07:10:19       113024    650024   1003336     51.43     15496    664212   2070412    106.13    855868    728176       116
07:10:20       113024    650024   1003336     51.43     15496    664212   2070412    106.13    855868    728176       116
07:10:21       113024    650024   1003336     51.43     15496    664212   2070412    106.13    855868    728176       116
07:10:22       113024    650024   1003336     51.43     15496    664212   2070412    106.13    855868    728176       116
07:10:23       113024    650024   1003336     51.43     15496    664212   2070412    106.13    855868    728176       116
07:10:24       113024    650024   1003336     51.43     15496    664212   2070412    106.13    855868    728176       116
07:10:25       113024    650024   1003332     51.43     15496    664216   2070412    106.13    855868    728176       120
07:10:26       113024    650024   1003332     51.43     15496    664216   2070412    106.13    855868    728176       120
07:10:27       113024    650024   1003332     51.43     15496    664216   2070412    106.13    855868    728176       120
07:10:28       113024    650024   1003332     51.43     15496    664216   2070412    106.13    855868    728176       120
07:10:29       113024    650024   1003332     51.43     15496    664216   2070412    106.13    855868    728176       120
07:10:30       113024    650024   1003332     51.43     15496    664216   2070412    106.13    855868    728176       120
07:10:31       113024    650024   1003332     51.43     15496    664216   2070412    106.13    855868    728176       120
07:10:32       113024    650024   1003332     51.43     15496    664216   2070412    106.13    855868    728176       120
07:10:33       113024    650024   1003332     51.43     15496    664216   2070412    106.13    855868    728176       120
07:10:34       113024    650024   1003332     51.43     15496    664216   2070412    106.13    855868    728176       120
07:10:35       113024    650028   1003332     51.43     15496    664216   2070412    106.13    855876    728180       100
07:10:36       113024    650052   1003332     51.43     15496    664216   2070412    106.13    855896    728204       104
07:10:37       113024    650052   1003332     51.43     15496    664216   2070412    106.13    855896    728204       104
07:10:38       113024    650052   1003328     51.43     15496    664220   2070412    106.13    855896    728204       108
07:10:39       113024    650052   1003328     51.43     15496    664220   2070412    106.13    855896    727448       108
07:10:40       113024    650052   1003328     51.43     15496    664220   2070412    106.13    855872    727368       108
07:10:41       113024    650052   1003328     51.43     15496    664220   2070412    106.13    855872    727368       108
07:10:42       113024    650052   1003328     51.43     15496    664220   2070412    106.13    855872    727368       108
07:10:43       113024    650052   1003328     51.43     15496    664220   2070412    106.13    855872    727368       108
07:10:44       113024    650052   1003328     51.43     15496    664220   2070412    106.13    855872    727368       108
07:10:45       113024    650052   1003324     51.43     15496    664224   2070412    106.13    855872    727368       112
07:10:46       113024    650052   1003324     51.43     15496    664224   2070412    106.13    855872    727368       112
07:10:47       113024    650052   1003324     51.43     15544    664176   2070412    106.13    856124    727368       112
07:10:48       113024    650112   1003272     51.43     15544    664228   2070412    106.13    856144    727428        32
07:10:49       113024    650112   1003272     51.43     15544    664228   2070412    106.13    856144    727428        32
07:10:50       113024    650112   1003272     51.43     15544    664228   2070412    106.13    856144    727428        32
07:10:51       113024    650112   1003272     51.43     15544    664228   2070412    106.13    856144    727428        32
07:10:52       113024    650112   1003272     51.43     15544    664228   2070412    106.13    856144    727428        32
07:10:53       113024    650112   1003272     51.43     15544    664228   2070412    106.13    856144    727428        32
07:10:54       113024    650112   1003272     51.43     15544    664228   2070412    106.13    856144    727428        32
07:10:55       113024    650112   1003268     51.43     15544    664232   2070412    106.13    856144    727428        36
07:10:56       113024    650112   1003268     51.43     15544    664232   2070412    106.13    856144    727428        36
07:10:57       113024    650112   1003268     51.43     15544    664232   2070412    106.13    856144    727428        36
07:10:58       113024    650112   1003268     51.43     15544    664232   2070412    106.13    856144    727428        36
07:10:59       113024    650112   1003268     51.43     15544    664232   2070412    106.13    856144    727428        36
07:11:00       113024    650112   1003268     51.43     15544    664232   2070412    106.13    856144    727428        36
07:11:01       113024    650112   1003268     51.43     15544    664232   2070476    106.14    856144    727428        36
07:11:02       113024    650112   1003268     51.43     15544    664232   2070476    106.14    856144    727428        36
07:11:03       113024    650112   1003268     51.43     15544    664232   2070476    106.14    856144    727428        36
07:11:04       113024    650112   1003268     51.43     15544    664232   2070476    106.14    856144    727428        36
07:11:05       113024    650112   1003264     51.43     15544    664236   2070476    106.14    856144    727428        40
07:11:06       113024    650112   1003264     51.43     15544    664236   2070476    106.14    856144    727428        40
07:11:07       113024    650112   1003264     51.43     15544    664236   2070476    106.14    856148    727428        24
07:11:08       113024    650112   1003264     51.43     15544    664236   2070476    106.14    856148    727428        24
07:11:09       113024    650112   1003264     51.43     15544    664236   2070476    106.14    856148    727428        24
07:11:10       113024    650112   1003264     51.43     15544    664236   2070476    106.14    856148    727428        24
07:11:11       113024    650112   1003260     51.43     15544    664240   2070476    106.14    856148    727428        28
07:11:12       113024    650112   1003260     51.43     15544    664240   2070476    106.14    856148    727428        28
07:11:13       113024    650112   1003260     51.43     15544    664240   2070476    106.14    856148    727428        28
07:11:14       113024    650112   1003260     51.43     15544    664240   2070476    106.14    856148    727428        28
07:11:15       113024    650112   1003260     51.43     15544    664240   2070476    106.14    856148    727428        28
07:11:16       113024    650112   1003260     51.43     15544    664240   2070476    106.14    856148    727428        28
07:11:17       113024    650112   1003260     51.43     15568    664216   2070476    106.14    856400    727428        28
07:11:18       113024    650152   1003232     51.43     15572    664240   2070476    106.14    856552    727468        68
07:11:19       113024    650152   1003232     51.43     15572    664240   2070476    106.14    856552    727468        68
07:11:20       113024    650152   1003232     51.43     15572    664240   2070476    106.14    856552    727468        68


Average:       146053    683097    970278     49.74     15515    664223   2038082    104.47    823468    727759        66
