Linux 7.0.0-1010-aws (ip-172-31-31-224) 	08/11/26 	_x86_64_	(2 CPU)

07:14:16        CPU     %user     %nice   %system   %iowait    %steal     %idle
07:14:17        all     52.02      0.00      4.04      0.00      1.01     42.93
07:14:18        all     50.50      0.00      3.47      0.50      0.99     44.55
07:14:19        all     48.48      0.00      3.54      0.00      1.52     46.46
07:14:20        all     47.98      0.00      3.54      0.00      1.52     46.97
07:14:21        all     48.24      0.00      4.52      0.00      1.01     46.23
07:14:22        all     48.50      0.00      2.50      0.00      2.50     46.50
07:14:23        all     47.26      0.00      4.98      0.00      2.49     45.27
07:14:24        all     44.22      0.00      5.03      0.00      2.01     48.74
07:14:25        all     15.58      0.00      1.51      0.00      0.00     82.91
07:14:26        all      0.50      0.00      0.00      0.00      0.00     99.50
07:14:27        all      0.50      0.00      0.00      0.00      0.00     99.50
07:14:28        all      0.00      0.00      0.00      0.00      0.00    100.00
07:14:29        all      5.08      0.00      1.02      0.00      0.00     93.91
07:14:30        all      0.00      0.00      0.00      0.00      0.50     99.50
07:14:31        all      0.50      0.00      1.00      0.00      0.50     98.00
07:14:32        all      2.02      0.00      2.02      0.00      0.00     95.96
07:14:33        all      1.02      0.00      1.52      0.00      1.02     96.45
07:14:34        all      0.99      0.00      0.99      0.00      0.00     98.02
07:14:35        all      0.00      0.00      0.00      0.00      0.00    100.00
07:14:36        all      0.00      0.00      0.00      0.00      0.00    100.00
07:14:37        all      0.50      0.00      0.00      0.00      0.00     99.50
07:14:38        all      0.00      0.00      0.00      0.00      0.50     99.50
07:14:39        all      0.50      0.00      0.50      0.00      0.50     98.51
07:14:40        all      0.00      0.00      0.50      0.00      0.00     99.50


Average:        all     17.28      0.00      1.69      0.02      0.67     80.33
