Linux 7.0.0-1010-aws (ip-172-31-31-224) 	08/11/26 	_x86_64_	(2 CPU)

07:14:16        IFACE   rxpck/s   txpck/s    rxkB/s    txkB/s   rxcmp/s   txcmp/s  rxmcst/s   %ifutil
07:14:17         ens5     52.00     52.00      4.29      6.39      0.00      0.00      0.00      0.00

07:14:17        IFACE   rxpck/s   txpck/s    rxkB/s    txkB/s   rxcmp/s   txcmp/s  rxmcst/s   %ifutil
07:14:18         ens5     18.00     15.00      1.42      2.27      0.00      0.00      0.00      0.00

07:14:18        IFACE   rxpck/s   txpck/s    rxkB/s    txkB/s   rxcmp/s   txcmp/s  rxmcst/s   %ifutil
07:14:19         ens5      6.00      8.00      0.30      1.70      0.00      0.00      0.00      0.00

07:14:19        IFACE   rxpck/s   txpck/s    rxkB/s    txkB/s   rxcmp/s   txcmp/s  rxmcst/s   %ifutil
07:14:20         ens5      8.00      6.00      0.41      1.26      0.00      0.00      0.00      0.00

07:14:20        IFACE   rxpck/s   txpck/s    rxkB/s    txkB/s   rxcmp/s   txcmp/s  rxmcst/s   %ifutil
07:14:21         ens5      6.00      6.00      0.30      1.32      0.00      0.00      0.00      0.00

07:14:21        IFACE   rxpck/s   txpck/s    rxkB/s    txkB/s   rxcmp/s   txcmp/s  rxmcst/s   %ifutil
07:14:22         ens5      9.00      9.00      0.46      1.88      0.00      0.00      0.00      0.00

07:14:22        IFACE   rxpck/s   txpck/s    rxkB/s    txkB/s   rxcmp/s   txcmp/s  rxmcst/s   %ifutil
07:14:23         ens5      6.00      6.00      0.30      1.30      0.00      0.00      0.00      0.00

07:14:23        IFACE   rxpck/s   txpck/s    rxkB/s    txkB/s   rxcmp/s   txcmp/s  rxmcst/s   %ifutil
07:14:24         ens5      3.00      3.00      0.15      0.66      0.00      0.00      0.00      0.00

07:14:24        IFACE   rxpck/s   txpck/s    rxkB/s    txkB/s   rxcmp/s   txcmp/s  rxmcst/s   %ifutil
07:14:25         ens5      3.00      3.00      0.15      0.61      0.00      0.00      0.00      0.00

07:14:25        IFACE   rxpck/s   txpck/s    rxkB/s    txkB/s   rxcmp/s   txcmp/s  rxmcst/s   %ifutil
07:14:26         ens5      0.00      0.00      0.00      0.00      0.00      0.00      0.00      0.00

07:14:26        IFACE   rxpck/s   txpck/s    rxkB/s    txkB/s   rxcmp/s   txcmp/s  rxmcst/s   %ifutil
07:14:27         ens5     28.00     38.00      1.57     42.26      0.00      0.00      0.00      0.00

07:14:27        IFACE   rxpck/s   txpck/s    rxkB/s    txkB/s   rxcmp/s   txcmp/s  rxmcst/s   %ifutil
07:14:28         ens5      0.00      0.00      0.00      0.00      0.00      0.00      0.00      0.00

07:14:28        IFACE   rxpck/s   txpck/s    rxkB/s    txkB/s   rxcmp/s   txcmp/s  rxmcst/s   %ifutil
07:14:29         ens5      0.00      0.00      0.00      0.00      0.00      0.00      0.00      0.00

07:14:29        IFACE   rxpck/s   txpck/s    rxkB/s    txkB/s   rxcmp/s   txcmp/s  rxmcst/s   %ifutil
07:14:30         ens5      0.00      0.00      0.00      0.00      0.00      0.00      0.00      0.00

07:14:30        IFACE   rxpck/s   txpck/s    rxkB/s    txkB/s   rxcmp/s   txcmp/s  rxmcst/s   %ifutil
07:14:31         ens5    222.00    300.00     12.67    321.33      0.00      0.00      0.00      0.00

07:14:31        IFACE   rxpck/s   txpck/s    rxkB/s    txkB/s   rxcmp/s   txcmp/s  rxmcst/s   %ifutil
07:14:32         ens5    973.00   1291.00     55.47   1384.49      0.00      0.00      0.00      0.00

07:14:32        IFACE   rxpck/s   txpck/s    rxkB/s    txkB/s   rxcmp/s   txcmp/s  rxmcst/s   %ifutil
07:14:33         ens5    948.00   1257.00     54.00   1351.99      0.00      0.00      0.00      0.00

07:14:33        IFACE   rxpck/s   txpck/s    rxkB/s    txkB/s   rxcmp/s   txcmp/s  rxmcst/s   %ifutil
07:14:34         ens5     21.00     20.00      1.13     18.76      0.00      0.00      0.00      0.00

07:14:34        IFACE   rxpck/s   txpck/s    rxkB/s    txkB/s   rxcmp/s   txcmp/s  rxmcst/s   %ifutil
07:14:35         ens5      0.00      0.00      0.00      0.00      0.00      0.00      0.00      0.00

07:14:35        IFACE   rxpck/s   txpck/s    rxkB/s    txkB/s   rxcmp/s   txcmp/s  rxmcst/s   %ifutil
07:14:36         ens5      0.00      0.00      0.00      0.00      0.00      0.00      0.00      0.00

07:14:36        IFACE   rxpck/s   txpck/s    rxkB/s    txkB/s   rxcmp/s   txcmp/s  rxmcst/s   %ifutil
07:14:37         ens5      0.00      0.00      0.00      0.00      0.00      0.00      0.00      0.00

07:14:37        IFACE   rxpck/s   txpck/s    rxkB/s    txkB/s   rxcmp/s   txcmp/s  rxmcst/s   %ifutil
07:14:38         ens5      0.00      0.00      0.00      0.00      0.00      0.00      0.00      0.00

07:14:38        IFACE   rxpck/s   txpck/s    rxkB/s    txkB/s   rxcmp/s   txcmp/s  rxmcst/s   %ifutil
07:14:39         ens5      0.00      0.00      0.00      0.00      0.00      0.00      0.00      0.00

07:14:39        IFACE   rxpck/s   txpck/s    rxkB/s    txkB/s   rxcmp/s   txcmp/s  rxmcst/s   %ifutil
07:14:40         ens5      0.00      0.00      0.00      0.00      0.00      0.00      0.00      0.00


Average:        IFACE   rxpck/s   txpck/s    rxkB/s    txkB/s   rxcmp/s   txcmp/s  rxmcst/s   %ifutil
Average:         ens5     95.96    125.58      5.53    130.68      0.00      0.00      0.00      0.00
