Linux 7.0.0-1010-aws (ip-172-31-20-134) 	08/11/26 	_x86_64_	(2 CPU)

17:01:29        CPU     %user     %nice   %system   %iowait    %steal     %idle
17:01:30        all      1.52      0.00      1.02      0.00      0.00     97.46
17:01:31        all      0.50      0.00      0.50      0.00      0.00     99.00
17:01:32        all      0.00      0.00      0.00      0.00      0.00    100.00
17:01:33        all      0.00      0.00      0.00      0.00      0.50     99.50
17:01:34        all      1.00      0.00      0.50      0.00      0.00     98.50
17:01:35        all      0.00      0.00      0.00      0.00      0.00    100.00
17:01:36        all      0.50      0.00      0.50      0.00      0.00     98.99
17:01:37        all      0.50      0.00      0.00      0.00      0.00     99.50
17:01:38        all     11.11      0.00      2.02      0.00      0.00     86.87
17:01:39        all     53.40      0.00      7.33      0.00      0.00     39.27
17:01:40        all     81.82      0.00     13.64      0.00      0.00      4.55
17:01:41        all     34.00      0.00      6.00      0.00      0.00     60.00
17:01:42        all      0.00      0.00      0.00      0.00      0.00    100.00
17:01:43        all      0.00      0.00      0.00      0.00      0.00    100.00
17:01:44        all      5.50      0.00      1.00      0.00      0.00     93.50
17:01:45        all      0.00      0.00      0.50      0.00      0.50     99.00
17:01:46        all      0.00      0.00      0.00      0.00      0.00    100.00
17:01:47        all      0.50      0.00      0.50      0.00      0.00     99.00
17:01:48        all      0.50      0.00      0.00      0.00      0.00     99.50
17:01:49        all      0.00      0.00      0.00      0.00      0.50     99.50
17:01:50        all      0.00      0.00      0.00      0.00      0.00    100.00
17:01:51        all      0.50      0.00      0.00      0.00      0.00     99.50
17:01:52        all      0.00      0.00      0.00      0.00      0.00    100.00
17:01:53        all      0.50      0.00      0.50      0.00      0.00     99.00

Average:        all      7.90      0.00      1.40      0.00      0.06     90.63
