Linux 7.0.0-1010-aws (ip-172-31-20-134) 	08/11/26 	_x86_64_	(2 CPU)

17:01:29        IFACE   rxpck/s   txpck/s    rxkB/s    txkB/s   rxcmp/s   txcmp/s  rxmcst/s   %ifutil
17:01:30         ens5     56.00     51.00      4.61      5.67      0.00      0.00      0.00      0.00

17:01:30        IFACE   rxpck/s   txpck/s    rxkB/s    txkB/s   rxcmp/s   txcmp/s  rxmcst/s   %ifutil
17:01:31         ens5     49.00     40.00      4.15      4.27      0.00      0.00      0.00      0.00

17:01:31        IFACE   rxpck/s   txpck/s    rxkB/s    txkB/s   rxcmp/s   txcmp/s  rxmcst/s   %ifutil
17:01:32         ens5      0.00      0.00      0.00      0.00      0.00      0.00      0.00      0.00

17:01:32        IFACE   rxpck/s   txpck/s    rxkB/s    txkB/s   rxcmp/s   txcmp/s  rxmcst/s   %ifutil
17:01:33         ens5      0.00      0.00      0.00      0.00      0.00      0.00      0.00      0.00

17:01:33        IFACE   rxpck/s   txpck/s    rxkB/s    txkB/s   rxcmp/s   txcmp/s  rxmcst/s   %ifutil
17:01:34         ens5     26.00     27.00     13.90      2.09      0.00      0.00      0.00      0.00

17:01:34        IFACE   rxpck/s   txpck/s    rxkB/s    txkB/s   rxcmp/s   txcmp/s  rxmcst/s   %ifutil
17:01:35         ens5      0.00      0.00      0.00      0.00      0.00      0.00      0.00      0.00

17:01:35        IFACE   rxpck/s   txpck/s    rxkB/s    txkB/s   rxcmp/s   txcmp/s  rxmcst/s   %ifutil
17:01:36         ens5      0.00      0.00      0.00      0.00      0.00      0.00      0.00      0.00

17:01:36        IFACE   rxpck/s   txpck/s    rxkB/s    txkB/s   rxcmp/s   txcmp/s  rxmcst/s   %ifutil
17:01:37         ens5      0.00      0.00      0.00      0.00      0.00      0.00      0.00      0.00

17:01:37        IFACE   rxpck/s   txpck/s    rxkB/s    txkB/s   rxcmp/s   txcmp/s  rxmcst/s   %ifutil
17:01:38         ens5    108.00    122.00     42.18     11.26      0.00      0.00      0.00      0.00

17:01:38        IFACE   rxpck/s   txpck/s    rxkB/s    txkB/s   rxcmp/s   txcmp/s  rxmcst/s   %ifutil
17:01:39         ens5    519.00    534.00    185.89     48.66      0.00      0.00      0.00      0.00

17:01:39        IFACE   rxpck/s   txpck/s    rxkB/s    txkB/s   rxcmp/s   txcmp/s  rxmcst/s   %ifutil
17:01:40         ens5    726.00    750.00    262.65     66.55      0.00      0.00      0.00      0.00

17:01:40        IFACE   rxpck/s   txpck/s    rxkB/s    txkB/s   rxcmp/s   txcmp/s  rxmcst/s   %ifutil
17:01:41         ens5    116.00    247.00     46.19     28.25      0.00      0.00      0.00      0.00

17:01:41        IFACE   rxpck/s   txpck/s    rxkB/s    txkB/s   rxcmp/s   txcmp/s  rxmcst/s   %ifutil
17:01:42         ens5      0.00      0.00      0.00      0.00      0.00      0.00      0.00      0.00

17:01:42        IFACE   rxpck/s   txpck/s    rxkB/s    txkB/s   rxcmp/s   txcmp/s  rxmcst/s   %ifutil
17:01:43         ens5      0.00      0.00      0.00      0.00      0.00      0.00      0.00      0.00

17:01:43        IFACE   rxpck/s   txpck/s    rxkB/s    txkB/s   rxcmp/s   txcmp/s  rxmcst/s   %ifutil
17:01:44         ens5      0.00      0.00      0.00      0.00      0.00      0.00      0.00      0.00

17:01:44        IFACE   rxpck/s   txpck/s    rxkB/s    txkB/s   rxcmp/s   txcmp/s  rxmcst/s   %ifutil
17:01:45         ens5      0.00      0.00      0.00      0.00      0.00      0.00      0.00      0.00

17:01:45        IFACE   rxpck/s   txpck/s    rxkB/s    txkB/s   rxcmp/s   txcmp/s  rxmcst/s   %ifutil
17:01:46         ens5      0.00      0.00      0.00      0.00      0.00      0.00      0.00      0.00

17:01:46        IFACE   rxpck/s   txpck/s    rxkB/s    txkB/s   rxcmp/s   txcmp/s  rxmcst/s   %ifutil
17:01:47         ens5      1.00      1.00      0.07      0.09      0.00      0.00      0.00      0.00

17:01:47        IFACE   rxpck/s   txpck/s    rxkB/s    txkB/s   rxcmp/s   txcmp/s  rxmcst/s   %ifutil
17:01:48         ens5      0.00      0.00      0.00      0.00      0.00      0.00      0.00      0.00

17:01:48        IFACE   rxpck/s   txpck/s    rxkB/s    txkB/s   rxcmp/s   txcmp/s  rxmcst/s   %ifutil
17:01:49         ens5      0.00      0.00      0.00      0.00      0.00      0.00      0.00      0.00

17:01:49        IFACE   rxpck/s   txpck/s    rxkB/s    txkB/s   rxcmp/s   txcmp/s  rxmcst/s   %ifutil
17:01:50         ens5      0.00      0.00      0.00      0.00      0.00      0.00      0.00      0.00

17:01:50        IFACE   rxpck/s   txpck/s    rxkB/s    txkB/s   rxcmp/s   txcmp/s  rxmcst/s   %ifutil
17:01:51         ens5      0.00      0.00      0.00      0.00      0.00      0.00      0.00      0.00

17:01:51        IFACE   rxpck/s   txpck/s    rxkB/s    txkB/s   rxcmp/s   txcmp/s  rxmcst/s   %ifutil
17:01:52         ens5      0.00      0.00      0.00      0.00      0.00      0.00      0.00      0.00

17:01:52        IFACE   rxpck/s   txpck/s    rxkB/s    txkB/s   rxcmp/s   txcmp/s  rxmcst/s   %ifutil
17:01:53         ens5      0.00      0.00      0.00      0.00      0.00      0.00      0.00      0.00


Average:        IFACE   rxpck/s   txpck/s    rxkB/s    txkB/s   rxcmp/s   txcmp/s  rxmcst/s   %ifutil
Average:         ens5     66.71     73.83     23.32      6.95      0.00      0.00      0.00      0.00
