Linux 7.0.0-1010-aws (ip-172-31-20-134) 	08/11/26 	_x86_64_	(2 CPU)

16:31:54    kbmemfree   kbavail kbmemused  %memused kbbuffers  kbcached  kbcommit   %commit  kbactive   kbinact   kbdirty
16:31:55       200856   1321132    375408     19.24     32956   1200508   1473912     75.55    996436    506252       292
16:31:56       200856   1321132    375404     19.24     32956   1200512   1473912     75.55    996436    506252       300
16:31:57       200856   1321132    375404     19.24     32956   1200512   1473912     75.55    996436    506252       300
16:31:58       200856   1321132    375404     19.24     32956   1200512   1473912     75.55    995868    506252       300
16:31:59       200856   1321136    375392     19.24     32956   1200524   1473912     75.55    995808    506256       312
16:32:00       200856   1321136    375392     19.24     32956   1200524   1473912     75.55    995808    506256       312
16:32:01       200856   1321148    375392     19.24     32956   1200524   1475380     75.63    998020    506268       312
16:32:02       200856   1321148    375324     19.24     32956   1200592   1475380     75.63    998020    506268       380
16:32:03       200100   1320460    376076     19.28     32956   1200596   1479476     75.84    998944    506336       384
16:32:04       200100   1320460    376076     19.28     32956   1200596   1479476     75.84    998944    506336       384
16:32:05       197844   1318216    378324     19.39     32956   1200604   1513956     77.60   1002380    506348       392
16:32:06       192928   1314212    382300     19.60     32956   1201500   1721388     88.24   1012816    507244      1288
16:32:07       174332   1296728    399780     20.49     32956   1202600   1922424     98.54   1028620    508340      2388
16:32:08       173604   1296444    399924     20.50     32956   1203044   1973012    101.13   1024616    508780      2832
16:32:09       173604   1296444    399912     20.50     32956   1203056   1973012    101.13   1023596    508780      2844
16:32:10       173604   1296444    399884     20.50     32956   1203084   1973012    101.13   1023596    508780      2872
16:32:11       173604   1296508    399864     20.50     32956   1203100   1973012    101.13   1023656    508840      2888
16:32:12       173604   1296508    399864     20.50     32956   1203100   1973012    101.13   1023656    508840      2888
16:32:13       173604   1296520    399852     20.50     32956   1203112   1973012    101.13   1023928    508852      2900
16:32:14       173604   1296520    399840     20.50     32956   1203124   1973012    101.13   1023928    508852      2912
16:32:15       173604   1296520    399836     20.49     32956   1203128   1973012    101.13   1023928    508852      2916
16:32:16       173604   1296520    399836     20.49     32956   1203128   1973012    101.13   1023928    508852      2916
16:32:17       173604   1296520    399836     20.49     32956   1203128   1973012    101.13   1023928    508852      2916
16:32:18       173604   1296520    399832     20.49     32956   1203132   1977108    101.34   1024548    508852      2920


Average:       186742   1308360    388090     19.89     32956   1201843   1734091     88.89   1011577    507575      1631
