Linux 7.0.0-1010-aws (ip-172-31-20-134) 	08/11/26 	_x86_64_	(2 CPU)

16:31:54        IFACE   rxpck/s   txpck/s    rxkB/s    txkB/s   rxcmp/s   txcmp/s  rxmcst/s   %ifutil
16:31:55         ens5     55.00     52.00      4.56      5.60      0.00      0.00      0.00      0.00

16:31:55        IFACE   rxpck/s   txpck/s    rxkB/s    txkB/s   rxcmp/s   txcmp/s  rxmcst/s   %ifutil
16:31:56         ens5     50.00     41.00      4.24      4.37      0.00      0.00      0.00      0.00

16:31:56        IFACE   rxpck/s   txpck/s    rxkB/s    txkB/s   rxcmp/s   txcmp/s  rxmcst/s   %ifutil
16:31:57         ens5     13.00     12.00      1.08      1.20      0.00      0.00      0.00      0.00

16:31:57        IFACE   rxpck/s   txpck/s    rxkB/s    txkB/s   rxcmp/s   txcmp/s  rxmcst/s   %ifutil
16:31:58         ens5      0.00      0.00      0.00      0.00      0.00      0.00      0.00      0.00

16:31:58        IFACE   rxpck/s   txpck/s    rxkB/s    txkB/s   rxcmp/s   txcmp/s  rxmcst/s   %ifutil
16:31:59         ens5      0.00      0.00      0.00      0.00      0.00      0.00      0.00      0.00

16:31:59        IFACE   rxpck/s   txpck/s    rxkB/s    txkB/s   rxcmp/s   txcmp/s  rxmcst/s   %ifutil
16:32:00         ens5      0.00      0.00      0.00      0.00      0.00      0.00      0.00      0.00

16:32:00        IFACE   rxpck/s   txpck/s    rxkB/s    txkB/s   rxcmp/s   txcmp/s  rxmcst/s   %ifutil
16:32:01         ens5     48.00     38.00     42.09     25.00      0.00      0.00      0.00      0.00

16:32:01        IFACE   rxpck/s   txpck/s    rxkB/s    txkB/s   rxcmp/s   txcmp/s  rxmcst/s   %ifutil
16:32:02         ens5      0.00      0.00      0.00      0.00      0.00      0.00      0.00      0.00

16:32:02        IFACE   rxpck/s   txpck/s    rxkB/s    txkB/s   rxcmp/s   txcmp/s  rxmcst/s   %ifutil
16:32:03         ens5      0.00      0.00      0.00      0.00      0.00      0.00      0.00      0.00

16:32:03        IFACE   rxpck/s   txpck/s    rxkB/s    txkB/s   rxcmp/s   txcmp/s  rxmcst/s   %ifutil
16:32:04         ens5      0.00      0.00      0.00      0.00      0.00      0.00      0.00      0.00

16:32:04        IFACE   rxpck/s   txpck/s    rxkB/s    txkB/s   rxcmp/s   txcmp/s  rxmcst/s   %ifutil
16:32:05         ens5    117.00     87.00     82.11     53.20      0.00      0.00      0.00      0.00

16:32:05        IFACE   rxpck/s   txpck/s    rxkB/s    txkB/s   rxcmp/s   txcmp/s  rxmcst/s   %ifutil
16:32:06         ens5    789.00    454.00    534.74    305.54      0.00      0.00      0.00      0.00

16:32:06        IFACE   rxpck/s   txpck/s    rxkB/s    txkB/s   rxcmp/s   txcmp/s  rxmcst/s   %ifutil
16:32:07         ens5    931.00    557.00    636.52    344.05      0.00      0.00      0.00      0.00

16:32:07        IFACE   rxpck/s   txpck/s    rxkB/s    txkB/s   rxcmp/s   txcmp/s  rxmcst/s   %ifutil
16:32:08         ens5    182.00    261.00    133.36     98.93      0.00      0.00      0.00      0.00

16:32:08        IFACE   rxpck/s   txpck/s    rxkB/s    txkB/s   rxcmp/s   txcmp/s  rxmcst/s   %ifutil
16:32:09         ens5     20.00     14.00     14.63      8.85      0.00      0.00      0.00      0.00

16:32:09        IFACE   rxpck/s   txpck/s    rxkB/s    txkB/s   rxcmp/s   txcmp/s  rxmcst/s   %ifutil
16:32:10         ens5     10.00      7.00      7.31      4.42      0.00      0.00      0.00      0.00

16:32:10        IFACE   rxpck/s   txpck/s    rxkB/s    txkB/s   rxcmp/s   txcmp/s  rxmcst/s   %ifutil
16:32:11         ens5      0.00      0.00      0.00      0.00      0.00      0.00      0.00      0.00

16:32:11        IFACE   rxpck/s   txpck/s    rxkB/s    txkB/s   rxcmp/s   txcmp/s  rxmcst/s   %ifutil
16:32:12         ens5      0.00      0.00      0.00      0.00      0.00      0.00      0.00      0.00

16:32:12        IFACE   rxpck/s   txpck/s    rxkB/s    txkB/s   rxcmp/s   txcmp/s  rxmcst/s   %ifutil
16:32:13         ens5     10.00      7.00      7.32      4.42      0.00      0.00      0.00      0.00

16:32:13        IFACE   rxpck/s   txpck/s    rxkB/s    txkB/s   rxcmp/s   txcmp/s  rxmcst/s   %ifutil
16:32:14         ens5      1.00      1.00      0.21      0.22      0.00      0.00      0.00      0.00

16:32:14        IFACE   rxpck/s   txpck/s    rxkB/s    txkB/s   rxcmp/s   txcmp/s  rxmcst/s   %ifutil
16:32:15         ens5      0.00      0.00      0.00      0.00      0.00      0.00      0.00      0.00

16:32:15        IFACE   rxpck/s   txpck/s    rxkB/s    txkB/s   rxcmp/s   txcmp/s  rxmcst/s   %ifutil
16:32:16         ens5      0.00      0.00      0.00      0.00      0.00      0.00      0.00      0.00

16:32:16        IFACE   rxpck/s   txpck/s    rxkB/s    txkB/s   rxcmp/s   txcmp/s  rxmcst/s   %ifutil
16:32:17         ens5      0.00      0.00      0.00      0.00      0.00      0.00      0.00      0.00

16:32:17        IFACE   rxpck/s   txpck/s    rxkB/s    txkB/s   rxcmp/s   txcmp/s  rxmcst/s   %ifutil
16:32:18         ens5      0.00      0.00      0.00      0.00      0.00      0.00      0.00      0.00


Average:        IFACE   rxpck/s   txpck/s    rxkB/s    txkB/s   rxcmp/s   txcmp/s  rxmcst/s   %ifutil
Average:         ens5     92.75     63.79     61.17     35.66      0.00      0.00      0.00      0.00
