Linux 7.0.0-1010-aws (ip-172-31-20-134) 	08/11/26 	_x86_64_	(2 CPU)

17:28:28    kbmemfree   kbavail kbmemused  %memused kbbuffers  kbcached  kbcommit   %commit  kbactive   kbinact   kbdirty
17:28:29       106584   1329648    363136     18.61     29672   1303968   1469752     75.34    923024    680128       388
17:28:30       106512   1329584    363196     18.62     29672   1303980   1469752     75.34    923032    680136       400
17:28:31       106512   1329584    363196     18.62     29672   1303980   1469752     75.34    923032    680136       400
17:28:32       106512   1329592    363192     18.62     29672   1303984   1469752     75.34    923032    680144       356
17:28:33       106512   1329592    363192     18.62     29672   1303984   1469752     75.34    923032    680144       356
17:28:34       106512   1329592    363192     18.62     29672   1303984   1469752     75.34    923776    680144       360
17:28:35       106512   1329592    363192     18.62     29672   1303984   1471296     75.42    925512    680144       360
17:28:36       106512   1329596    363136     18.61     29672   1304040   1471296     75.42    925632    680148       416
17:28:37       106512   1329596    363132     18.61     29672   1304044   1471296     75.42    925632    680148       420
17:28:38       106512   1329596    363132     18.61     29672   1304044   1479708     75.85    926220    680148       420
17:28:39       102732   1326140    366636     18.79     29672   1304312   1535388     78.70    933132    680468       688
17:28:40        99464   1323856    368752     18.90     29672   1305448   1672840     85.75    938340    681440      1824
17:28:41        97972   1323104    369648     18.95     29672   1306012   1681792     86.21    936632    682164      2388
17:28:42        97972   1323184    369456     18.94     29672   1306196   1681792     86.21    936680    682240      2572
17:28:43        97972   1323184    369456     18.94     29672   1306196   1681792     86.21    936680    682240      2572
17:28:44        97972   1323300    369444     18.94     29672   1306208   1681792     86.21    937072    682356      2584
17:28:45        97972   1323300    369444     18.94     29672   1306208   1681792     86.21    937072    682356      2584

Average:       103368   1327179    365561     18.74     29672   1304740   1548782     79.39    929267    680864      1123
