Linux 7.0.0-1010-aws (ip-172-31-20-134) 	08/11/26 	_x86_64_	(2 CPU)

17:28:28        IFACE   rxpck/s   txpck/s    rxkB/s    txkB/s   rxcmp/s   txcmp/s  rxmcst/s   %ifutil
17:28:29         ens5     50.00     44.00      4.30      5.05      0.00      0.00      0.00      0.00

17:28:29        IFACE   rxpck/s   txpck/s    rxkB/s    txkB/s   rxcmp/s   txcmp/s  rxmcst/s   %ifutil
17:28:30         ens5     45.00     36.00      3.97      4.01      0.00      0.00      0.00      0.00

17:28:30        IFACE   rxpck/s   txpck/s    rxkB/s    txkB/s   rxcmp/s   txcmp/s  rxmcst/s   %ifutil
17:28:31         ens5     51.00     43.00      4.34      4.60      0.00      0.00      0.00      0.00

17:28:31        IFACE   rxpck/s   txpck/s    rxkB/s    txkB/s   rxcmp/s   txcmp/s  rxmcst/s   %ifutil
17:28:32         ens5     18.00     15.00      1.48      1.53      0.00      0.00      0.00      0.00

17:28:32        IFACE   rxpck/s   txpck/s    rxkB/s    txkB/s   rxcmp/s   txcmp/s  rxmcst/s   %ifutil
17:28:33         ens5      0.00      0.00      0.00      0.00      0.00      0.00      0.00      0.00

17:28:33        IFACE   rxpck/s   txpck/s    rxkB/s    txkB/s   rxcmp/s   txcmp/s  rxmcst/s   %ifutil
17:28:34         ens5      0.00      0.00      0.00      0.00      0.00      0.00      0.00      0.00

17:28:34        IFACE   rxpck/s   txpck/s    rxkB/s    txkB/s   rxcmp/s   txcmp/s  rxmcst/s   %ifutil
17:28:35         ens5     67.00     69.00     41.25     13.88      0.00      0.00      0.00      0.00

17:28:35        IFACE   rxpck/s   txpck/s    rxkB/s    txkB/s   rxcmp/s   txcmp/s  rxmcst/s   %ifutil
17:28:36         ens5      0.00      0.00      0.00      0.00      0.00      0.00      0.00      0.00

17:28:36        IFACE   rxpck/s   txpck/s    rxkB/s    txkB/s   rxcmp/s   txcmp/s  rxmcst/s   %ifutil
17:28:37         ens5      0.00      0.00      0.00      0.00      0.00      0.00      0.00      0.00

17:28:37        IFACE   rxpck/s   txpck/s    rxkB/s    txkB/s   rxcmp/s   txcmp/s  rxmcst/s   %ifutil
17:28:38         ens5     14.00     14.00      7.38      2.82      0.00      0.00      0.00      0.00

17:28:38        IFACE   rxpck/s   txpck/s    rxkB/s    txkB/s   rxcmp/s   txcmp/s  rxmcst/s   %ifutil
17:28:39         ens5    571.00    580.00    297.52    115.88      0.00      0.00      0.00      0.00

17:28:39        IFACE   rxpck/s   txpck/s    rxkB/s    txkB/s   rxcmp/s   txcmp/s  rxmcst/s   %ifutil
17:28:40         ens5   1213.00   1196.00    619.06    243.66      0.00      0.00      0.00      0.00

17:28:40        IFACE   rxpck/s   txpck/s    rxkB/s    txkB/s   rxcmp/s   txcmp/s  rxmcst/s   %ifutil
17:28:41         ens5    817.00    825.00    434.77    155.78      0.00      0.00      0.00      0.00

17:28:41        IFACE   rxpck/s   txpck/s    rxkB/s    txkB/s   rxcmp/s   txcmp/s  rxmcst/s   %ifutil
17:28:42         ens5      2.00      2.00      0.12      0.11      0.00      0.00      0.00      0.00

17:28:42        IFACE   rxpck/s   txpck/s    rxkB/s    txkB/s   rxcmp/s   txcmp/s  rxmcst/s   %ifutil
17:28:43         ens5      0.00      0.00      0.00      0.00      0.00      0.00      0.00      0.00

17:28:43        IFACE   rxpck/s   txpck/s    rxkB/s    txkB/s   rxcmp/s   txcmp/s  rxmcst/s   %ifutil
17:28:44         ens5      1.00      1.00      0.07      0.09      0.00      0.00      0.00      0.00

17:28:44        IFACE   rxpck/s   txpck/s    rxkB/s    txkB/s   rxcmp/s   txcmp/s  rxmcst/s   %ifutil
17:28:45         ens5      0.00      0.00      0.00      0.00      0.00      0.00      0.00      0.00


Average:        IFACE   rxpck/s   txpck/s    rxkB/s    txkB/s   rxcmp/s   txcmp/s  rxmcst/s   %ifutil
Average:         ens5    167.59    166.18     83.19     32.20      0.00      0.00      0.00      0.00
