Linux 7.0.0-1010-aws (ip-172-31-31-224) 	08/11/26 	_x86_64_	(2 CPU)

06:48:03        CPU     %user     %nice   %system   %iowait    %steal     %idle
06:48:04        all     31.71      0.00      3.90      0.00     21.95     42.44
06:48:05        all     44.16      0.00      3.05      0.00      7.61     45.18
06:48:06        all     42.36      0.00      3.94      0.00      7.88     45.81
06:48:07        all     47.03      0.00      4.46      0.00      2.97     45.54
06:48:08        all     47.96      0.00      3.06      0.00      1.53     47.45
06:48:09        all     48.26      0.00      3.98      0.00      1.49     46.27
06:48:10        all     50.25      0.00      2.54      0.00      1.02     46.19
06:48:11        all     48.51      0.00      4.46      0.00      1.98     45.05
06:48:12        all     44.72      0.00      3.52      0.00      2.51     49.25
06:48:13        all      3.50      0.00      1.00      0.00      0.50     95.00
06:48:14        all      5.53      0.00      1.51      0.00      0.50     92.46
06:48:15        all      0.51      0.00      0.00      0.00      0.00     99.49
06:48:16        all      0.00      0.00      0.00      0.00      0.00    100.00
06:48:17        all      0.99      0.00      0.49      0.99      0.99     96.55
06:48:18        all      0.00      0.00      0.50      0.00      0.00     99.50
06:48:19        all      0.00      0.00      0.00      0.00      0.00    100.00
06:48:20        all      1.51      0.00      1.51      0.00      0.50     96.48
06:48:21        all      1.51      0.00      1.01      0.00      0.50     96.98
06:48:22        all      0.50      0.00      0.50      0.00      0.00     99.00
06:48:23        all      0.00      0.00      0.00      0.00      0.50     99.50
06:48:24        all      0.00      0.00      0.50      0.00      0.50     99.00
06:48:25        all      0.50      0.00      0.00      0.00      0.00     99.50
06:48:26        all      0.00      0.00      0.50      0.00      0.00     99.50
06:48:27        all      0.50      0.00      0.00      0.00      0.00     99.50
06:48:28        all      0.00      0.00      1.00      0.00      0.50     98.51
06:48:29        all      5.05      0.00      0.51      0.00      0.51     93.94
06:48:30        all      0.50      0.00      0.50      0.00      0.50     98.49
06:48:31        all      0.00      0.00      0.00      0.00      1.00     99.00
06:48:32        all      0.50      0.00      0.00      0.00      0.00     99.50
06:48:33        all      0.00      0.00      0.50      0.00      0.00     99.50
06:48:34        all      0.00      0.00      0.00      0.00      0.00    100.00
06:48:35        all      1.01      0.00      0.00      0.00      0.00     98.99

Average:        all     13.37      0.00      1.35      0.03      1.75     83.50
