Linux 7.0.0-1010-aws (ip-172-31-31-224) 	08/11/26 	_x86_64_	(2 CPU)

06:48:03    kbmemfree   kbavail kbmemused  %memused kbbuffers  kbcached  kbcommit   %commit  kbactive   kbinact   kbdirty
06:48:04       732308   1331236    400304     20.52     15592    725496   1564268     80.18    357512    688508       340
06:48:05       668048   1266980    464560     23.81     15592    725500   1627028     83.40    420760    688512       348
06:48:06       595724   1194656    536884     27.52     15592    725500   1698060     87.04    491220    688512       348
06:48:07       539276   1138208    593332     30.41     15592    725500   1756252     90.02    550060    688512       348
06:48:08       442760   1041692    689848     35.36     15592    725500   1848356     94.74    639780    688512       348
06:48:09       362372    961304    770236     39.48     15592    725500   1935960     99.23    728432    688512       348
06:48:10       305924    904860    826680     42.37     15592    725504   1990496    102.03    781388    688516       352
06:48:11       217472    816408    915132     46.91     15592    725504   2082452    106.74    876792    688516       352
06:48:12       104576    703512   1028028     52.70     15592    725504   2186204    112.06    980524    688516       352
06:48:13       104576    703512   1028028     52.70     15592    725504   2194716    112.50    988268    688516       352
06:48:14       104576    703512   1028020     52.69     15592    725512   2194716    112.50    988220    688516       360
06:48:15       104576    703512   1028016     52.69     15592    725516   2194716    112.50    988220    688516       364
06:48:16       104576    703512   1028016     52.69     15592    725516   2194716    112.50    988220    688516       364
06:48:17       104576    703512   1027992     52.69     15616    725516   2194716    112.50    988220    688516       472
06:48:18       104576    703512   1027992     52.69     15616    725516   2194716    112.50    988252    688516       472
06:48:19       104576    703512   1027992     52.69     15616    725516   2194716    112.50    988252    688516       472
06:48:20       104324    703300   1028208     52.70     15616    725520   2194716    112.50    988708    688556       476
06:48:21       104324    703300   1028208     52.70     15616    725520   2198812    112.71    988916    688556       476
06:48:22       102812    701788   1029720     52.78     15616    725520   2198812    112.71    989700    688556       476
06:48:23       102812    701788   1029720     52.78     15616    725520   2198812    112.71    989700    688556       476
06:48:24       102812    701788   1029716     52.78     15616    725524   2198812    112.71    989700    688556       480
06:48:25       102812    701788   1029716     52.78     15616    725524   2198812    112.71    989700    688556       480
06:48:26       102812    701788   1029712     52.78     15616    725528   2198812    112.71    989700    688556       484
06:48:27       102812    701788   1029712     52.78     15616    725528   2198812    112.71    989700    688556       484
06:48:28       102812    701788   1029712     52.78     15616    725528   2198812    112.71    989700    688556       484
06:48:29       102812    701788   1029712     52.78     15616    725528   2198812    112.71    989616    688556       484
06:48:30       102812    701792   1029700     52.78     15616    725540   2198812    112.71    989692    688560       496
06:48:31       102812    701792   1029700     52.78     15616    725540   2198812    112.71    989776    688560       400
06:48:32       102812    701808   1029700     52.78     15616    725540   2198812    112.71    989848    688576       392
06:48:33       102812    701808   1029700     52.78     15616    725540   2198812    112.71    989848    688576       392
06:48:34       102812    701808   1029700     52.78     15616    725540   2198812    112.71    989848    688576       392
06:48:35       102812    701808   1029700     52.78     15616    725540   2198812    112.71    989848    688576       384

Average:       198391    797349    934169     47.88     15606    725518   2100906    107.69    893066    688538       414
