Linux 7.0.0-1010-aws (ip-172-31-31-224) 	08/11/26 	_x86_64_	(2 CPU)

06:48:03        IFACE   rxpck/s   txpck/s    rxkB/s    txkB/s   rxcmp/s   txcmp/s  rxmcst/s   %ifutil
06:48:04         ens5     62.00     55.00      4.99      6.50      0.00      0.00      0.00      0.00

06:48:04        IFACE   rxpck/s   txpck/s    rxkB/s    txkB/s   rxcmp/s   txcmp/s  rxmcst/s   %ifutil
06:48:05         ens5      6.00      4.00      0.30      0.86      0.00      0.00      0.00      0.00

06:48:05        IFACE   rxpck/s   txpck/s    rxkB/s    txkB/s   rxcmp/s   txcmp/s  rxmcst/s   %ifutil
06:48:06         ens5      3.00      3.00      0.15      0.66      0.00      0.00      0.00      0.00

06:48:06        IFACE   rxpck/s   txpck/s    rxkB/s    txkB/s   rxcmp/s   txcmp/s  rxmcst/s   %ifutil
06:48:07         ens5      9.00      9.00      0.46      1.90      0.00      0.00      0.00      0.00

06:48:07        IFACE   rxpck/s   txpck/s    rxkB/s    txkB/s   rxcmp/s   txcmp/s  rxmcst/s   %ifutil
06:48:08         ens5      6.00      7.00      0.30      1.49      0.00      0.00      0.00      0.00

06:48:08        IFACE   rxpck/s   txpck/s    rxkB/s    txkB/s   rxcmp/s   txcmp/s  rxmcst/s   %ifutil
06:48:09         ens5      6.00      5.00      0.33      0.97      0.00      0.00      0.00      0.00

06:48:09        IFACE   rxpck/s   txpck/s    rxkB/s    txkB/s   rxcmp/s   txcmp/s  rxmcst/s   %ifutil
06:48:10         ens5     10.00     10.00      0.51      2.09      0.00      0.00      0.00      0.00

06:48:10        IFACE   rxpck/s   txpck/s    rxkB/s    txkB/s   rxcmp/s   txcmp/s  rxmcst/s   %ifutil
06:48:11         ens5      5.00      6.00      0.25      1.31      0.00      0.00      0.00      0.00

06:48:11        IFACE   rxpck/s   txpck/s    rxkB/s    txkB/s   rxcmp/s   txcmp/s  rxmcst/s   %ifutil
06:48:12         ens5      3.00      2.00      0.15      0.44      0.00      0.00      0.00      0.00

06:48:12        IFACE   rxpck/s   txpck/s    rxkB/s    txkB/s   rxcmp/s   txcmp/s  rxmcst/s   %ifutil
06:48:13         ens5      4.00      4.00      0.20      0.72      0.00      0.00      0.00      0.00

06:48:13        IFACE   rxpck/s   txpck/s    rxkB/s    txkB/s   rxcmp/s   txcmp/s  rxmcst/s   %ifutil
06:48:14         ens5      0.00      0.00      0.00      0.00      0.00      0.00      0.00      0.00

06:48:14        IFACE   rxpck/s   txpck/s    rxkB/s    txkB/s   rxcmp/s   txcmp/s  rxmcst/s   %ifutil
06:48:15         ens5      3.00      3.00      0.23      1.76      0.00      0.00      0.00      0.00

06:48:15        IFACE   rxpck/s   txpck/s    rxkB/s    txkB/s   rxcmp/s   txcmp/s  rxmcst/s   %ifutil
06:48:16         ens5      0.00      0.00      0.00      0.00      0.00      0.00      0.00      0.00

06:48:16        IFACE   rxpck/s   txpck/s    rxkB/s    txkB/s   rxcmp/s   txcmp/s  rxmcst/s   %ifutil
06:48:17         ens5      0.00      0.00      0.00      0.00      0.00      0.00      0.00      0.00

06:48:17        IFACE   rxpck/s   txpck/s    rxkB/s    txkB/s   rxcmp/s   txcmp/s  rxmcst/s   %ifutil
06:48:18         ens5      0.00      0.00      0.00      0.00      0.00      0.00      0.00      0.00

06:48:18        IFACE   rxpck/s   txpck/s    rxkB/s    txkB/s   rxcmp/s   txcmp/s  rxmcst/s   %ifutil
06:48:19         ens5     23.00     24.00      1.66      9.39      0.00      0.00      0.00      0.00

06:48:19        IFACE   rxpck/s   txpck/s    rxkB/s    txkB/s   rxcmp/s   txcmp/s  rxmcst/s   %ifutil
06:48:20         ens5    131.00    179.00     10.51     72.58      0.00      0.00      0.00      0.00

06:48:20        IFACE   rxpck/s   txpck/s    rxkB/s    txkB/s   rxcmp/s   txcmp/s  rxmcst/s   %ifutil
06:48:21         ens5    109.00    124.00      8.29     51.50      0.00      0.00      0.00      0.00

06:48:21        IFACE   rxpck/s   txpck/s    rxkB/s    txkB/s   rxcmp/s   txcmp/s  rxmcst/s   %ifutil
06:48:22         ens5     14.00     18.00      1.08      7.04      0.00      0.00      0.00      0.00

06:48:22        IFACE   rxpck/s   txpck/s    rxkB/s    txkB/s   rxcmp/s   txcmp/s  rxmcst/s   %ifutil
06:48:23         ens5      0.00      0.00      0.00      0.00      0.00      0.00      0.00      0.00

06:48:23        IFACE   rxpck/s   txpck/s    rxkB/s    txkB/s   rxcmp/s   txcmp/s  rxmcst/s   %ifutil
06:48:24         ens5      0.00      0.00      0.00      0.00      0.00      0.00      0.00      0.00

06:48:24        IFACE   rxpck/s   txpck/s    rxkB/s    txkB/s   rxcmp/s   txcmp/s  rxmcst/s   %ifutil
06:48:25         ens5      1.00      1.00      0.07      0.09      0.00      0.00      0.00      0.00

06:48:25        IFACE   rxpck/s   txpck/s    rxkB/s    txkB/s   rxcmp/s   txcmp/s  rxmcst/s   %ifutil
06:48:26         ens5      0.00      0.00      0.00      0.00      0.00      0.00      0.00      0.00

06:48:26        IFACE   rxpck/s   txpck/s    rxkB/s    txkB/s   rxcmp/s   txcmp/s  rxmcst/s   %ifutil
06:48:27         ens5      0.00      0.00      0.00      0.00      0.00      0.00      0.00      0.00

06:48:27        IFACE   rxpck/s   txpck/s    rxkB/s    txkB/s   rxcmp/s   txcmp/s  rxmcst/s   %ifutil
06:48:28         ens5      0.00      0.00      0.00      0.00      0.00      0.00      0.00      0.00

06:48:28        IFACE   rxpck/s   txpck/s    rxkB/s    txkB/s   rxcmp/s   txcmp/s  rxmcst/s   %ifutil
06:48:29         ens5      0.00      0.00      0.00      0.00      0.00      0.00      0.00      0.00

06:48:29        IFACE   rxpck/s   txpck/s    rxkB/s    txkB/s   rxcmp/s   txcmp/s  rxmcst/s   %ifutil
06:48:30         ens5      0.00      0.00      0.00      0.00      0.00      0.00      0.00      0.00

06:48:30        IFACE   rxpck/s   txpck/s    rxkB/s    txkB/s   rxcmp/s   txcmp/s  rxmcst/s   %ifutil
06:48:31         ens5      0.00      0.00      0.00      0.00      0.00      0.00      0.00      0.00

06:48:31        IFACE   rxpck/s   txpck/s    rxkB/s    txkB/s   rxcmp/s   txcmp/s  rxmcst/s   %ifutil
06:48:32         ens5      0.00      0.00      0.00      0.00      0.00      0.00      0.00      0.00

06:48:32        IFACE   rxpck/s   txpck/s    rxkB/s    txkB/s   rxcmp/s   txcmp/s  rxmcst/s   %ifutil
06:48:33         ens5      0.00      0.00      0.00      0.00      0.00      0.00      0.00      0.00

06:48:33        IFACE   rxpck/s   txpck/s    rxkB/s    txkB/s   rxcmp/s   txcmp/s  rxmcst/s   %ifutil
06:48:34         ens5      0.00      0.00      0.00      0.00      0.00      0.00      0.00      0.00

06:48:34        IFACE   rxpck/s   txpck/s    rxkB/s    txkB/s   rxcmp/s   txcmp/s  rxmcst/s   %ifutil
06:48:35         ens5      0.00      0.00      0.00      0.00      0.00      0.00      0.00      0.00


Average:        IFACE   rxpck/s   txpck/s    rxkB/s    txkB/s   rxcmp/s   txcmp/s  rxmcst/s   %ifutil
Average:         ens5     12.34     14.18      0.92      4.98      0.00      0.00      0.00      0.00
