Linux 7.0.0-1008-aws (ip-172-31-20-134) 	08/07/26 	_x86_64_	(2 CPU)

17:15:43        CPU     %user     %nice   %system   %iowait    %steal     %idle
17:15:44        all      6.53      0.00      3.02      0.00      0.00     90.45
17:15:45        all      0.00      0.00      0.00      0.00      0.00    100.00
17:15:46        all      0.50      0.00      0.50      0.00      0.00     98.99
17:15:47        all      0.00      0.00      0.00      0.00      0.00    100.00
17:15:48        all      0.00      0.00      0.00      0.00      0.00    100.00
17:15:49        all      0.50      0.00      0.00      0.00      0.00     99.50
17:15:50        all      0.50      0.00      0.00      0.00      0.00     99.50
17:15:51        all      0.50      0.00      0.50      0.00      0.00     99.00
17:15:52        all      0.00      0.00      0.00      0.00      0.00    100.00
17:15:53        all      1.49      0.00      1.00      0.00      0.00     97.51
17:15:54        all      6.09      0.00      1.02      0.00      0.00     92.89
17:15:55        all      6.09      0.00      1.02      0.00      0.00     92.89
17:15:56        all      7.07      0.00      1.01      0.00      0.00     91.92
17:15:57        all      6.60      0.00      0.00      0.00      0.00     93.40
17:15:58        all      5.64      0.00      0.51      0.00      0.00     93.85
17:15:59        all     12.56      0.00      2.01      0.00      0.00     85.43
17:16:00        all      5.08      0.00      0.00      0.00      1.52     93.40
17:16:01        all      6.57      0.00      1.52      0.00      0.00     91.92
17:16:02        all      6.03      0.00      1.01      0.50      0.50     91.96
17:16:03        all      6.57      0.00      0.51      0.00      0.51     92.42
17:16:04        all      6.12      0.00      0.51      0.00      0.00     93.37
17:16:05        all      6.06      0.00      0.51      0.00      0.00     93.43
17:16:06        all      6.63      0.00      0.51      0.00      0.00     92.86
17:16:07        all      6.12      0.00      0.51      0.00      0.00     93.37
17:16:08        all      6.03      0.00      1.01      0.00      0.00     92.96
17:16:09        all      6.57      0.00      1.01      0.00      0.00     92.42
17:16:10        all      7.07      0.00      0.51      0.00      0.51     91.92
17:16:11        all      6.06      0.00      1.01      0.00      0.00     92.93
17:16:12        all      7.11      0.00      0.51      0.00      0.51     91.88
17:16:13        all      6.06      0.00      1.01      0.00      0.00     92.93
17:16:14        all     11.68      0.00      2.03      0.51      0.00     85.79
17:16:15        all      5.61      0.00      1.02      0.00      0.00     93.37
17:16:16        all      6.63      0.00      0.00      0.00      0.00     93.37
17:16:17        all      5.58      0.00      1.02      0.00      0.00     93.40
17:16:18        all      6.53      0.00      1.01      0.00      0.00     92.46
17:16:19        all      5.61      0.00      1.02      0.00      0.00     93.37
17:16:20        all      6.57      0.00      1.01      0.00      0.00     92.42
17:16:21        all      6.63      0.00      0.00      0.00      0.00     93.37
17:16:22        all      6.50      0.00      1.50      0.00      0.00     92.00
17:16:23        all      5.61      0.00      0.51      0.00      0.00     93.88
17:16:24        all      5.61      0.00      0.51      0.00      0.00     93.88
17:16:25        all      6.09      0.00      0.00      0.00      0.00     93.91
17:16:26        all      7.04      0.00      1.51      0.00      0.00     91.46
17:16:27        all      5.61      0.00      0.00      0.00      0.00     94.39
17:16:28        all      5.58      0.00      0.51      0.00      0.00     93.91
17:16:29        all     12.31      0.00      2.05      0.00      0.00     85.64
17:16:30        all      5.94      0.00      1.98      0.00      0.50     91.58
17:16:31        all      6.60      0.00      1.02      0.00      0.00     92.39
17:16:32        all      6.57      0.00      1.01      0.51      0.00     91.92
17:16:33        all      6.57      0.00      1.01      0.00      0.00     92.42
17:16:34        all      6.12      0.00      0.00      0.00      0.00     93.88
17:16:35        all      5.47      0.00      1.99      0.00      0.50     92.04
17:16:36        all      6.67      0.00      0.00      0.00      0.00     93.33
17:16:37        all      6.03      0.00      1.51      0.00      0.00     92.46
17:16:38        all      5.58      0.00      0.51      0.00      0.00     93.91
17:16:39        all      6.60      0.00      0.00      0.00      0.00     93.40
17:16:40        all      6.12      0.00      0.51      0.00      0.00     93.37
17:16:41        all      6.09      0.00      1.02      0.00      0.00     92.89
17:16:42        all      6.63      0.00      0.00      0.00      0.00     93.37
17:16:43        all      5.56      0.00      1.52      0.00      0.00     92.93
17:16:44        all     11.68      0.00      2.03      0.00      0.00     86.29
17:16:45        all      6.12      0.00      1.02      0.51      0.00     92.35
17:16:46        all      6.12      0.00      0.00      0.00      0.00     93.88
17:16:47        all      5.58      0.00      0.51      0.00      0.00     93.91
17:16:48        all      6.53      0.00      2.01      0.00      0.00     91.46
17:16:49        all      5.67      0.00      0.00      0.00      0.00     94.33
17:16:50        all      6.09      0.00      0.51      0.00      0.51     92.89
17:16:51        all      6.06      0.00      1.01      0.00      0.51     92.42
17:16:52        all      6.12      0.00      0.51      0.00      0.00     93.37
17:16:53        all      5.56      0.00      1.52      0.00      0.00     92.93
17:16:54        all      6.53      0.00      1.51      0.00      0.00     91.96
17:16:55        all      5.58      0.00      0.51      0.00      0.00     93.91
17:16:56        all      6.57      0.00      1.01      0.00      0.00     92.42
17:16:57        all      6.60      0.00      0.51      0.00      0.00     92.89
17:16:58        all      5.58      0.00      1.02      0.00      0.00     93.40
17:16:59        all     11.62      0.00      2.53      0.00      0.00     85.86
17:17:00        all      5.05      0.00      1.01      0.00      1.01     92.93
17:17:01        all      6.60      0.00      1.02      0.00      0.00     92.39
17:17:02        all      6.06      0.00      1.01      0.51      0.51     91.92
17:17:03        all      6.06      0.00      1.01      0.00      0.00     92.93
17:17:04        all      6.63      0.00      0.00      0.00      0.00     93.37
17:17:05        all      5.53      0.00      1.51      0.00      0.00     92.96
17:17:06        all      7.11      0.00      0.51      0.00      0.00     92.39
17:17:07        all      5.58      0.00      0.51      0.00      0.00     93.91
17:17:08        all      6.12      0.00      1.02      0.00      0.00     92.86
17:17:09        all      6.06      0.00      1.52      0.00      0.00     92.42
17:17:10        all      6.06      0.00      1.01      0.00      0.00     92.93
17:17:11        all      6.09      0.00      0.51      0.00      0.51     92.89
17:17:12        all      6.53      0.00      1.51      0.00      0.00     91.96
17:17:13        all      1.49      0.00      0.50      0.00      0.00     98.01
17:17:14        all      5.05      0.00      1.01      0.51      0.00     93.43

Average:        all      5.84      0.00      0.84      0.03      0.08     93.20
