Linux 7.0.0-1008-aws (ip-172-31-20-134) 	08/07/26 	_x86_64_	(2 CPU)

17:15:43    kbmemfree   kbavail kbmemused  %memused kbbuffers  kbcached  kbcommit   %commit  kbactive   kbinact   kbdirty
17:15:44        96772   1291372    377368     19.34     14084   1271588   1635836     83.86    750020    808932       344
17:15:45        96772   1291372    377368     19.34     14084   1271588   1635836     83.86    750020    808932       344
17:15:46        96772   1291372    377368     19.34     14084   1271588   1635836     83.86    750020    808932       344
17:15:47        96772   1291372    377364     19.34     14084   1271592   1635836     83.86    750020    808932       348
17:15:48        96772   1291372    377364     19.34     14084   1271592   1635836     83.86    750816    808932       348
17:15:49        96772   1291376    377364     19.34     14084   1271592   1635836     83.86    750884    808936       348
17:15:50        96772   1291376    377364     19.34     14084   1271592   1635836     83.86    750884    808936       348
17:15:51        96772   1291376    377368     19.34     14084   1271592   1635836     83.86    750884    808936       348
17:15:52        96772   1291380    377364     19.34     14084   1271596   1635836     83.86    751000    808940       304
17:15:53        96772   1291380    377364     19.34     14084   1271596   1641224     84.13    752512    808940       304
17:15:54        96772   1291672    377040     19.33     14084   1271924   1641800     84.16    755544    809232       632
17:15:55        96772   1292064    376684     19.31     14084   1272280   1642056     84.17    756772    809624       988
17:15:56        96772   1292328    376412     19.30     14084   1272552   1642084     84.18    756768    809888      1264
17:15:57        96772   1292688    376060     19.28     14084   1272904   1642084     84.18    757064    810248      1616
17:15:58        96772   1293104    375636     19.26     14084   1273328   1642128     84.18    757216    810664      2040
17:15:59        96772   1293364    375296     19.24     14084   1273672   1642172     84.18    757748    810924      2384
17:16:00        96772   1293740    375004     19.22     14084   1273964   1642352     84.19    758292    811300      2676
17:16:01        96772   1294148    374604     19.20     14084   1274364   1646504     84.40    758700    811708      3076
17:16:02        96772   1294408    374344     19.19     14108   1274600   1646504     84.40    759440    811968      3336
17:16:03        96772   1294784    373928     19.17     14108   1275020   1655108     84.84    759728    812344      3800
17:16:04        96772   1295076    373632     19.15     14108   1275316   1655116     84.84    759728    812636      4096
17:16:05        96772   1295524    373232     19.13     14108   1275716   1655220     84.85    760724    813084      4496
17:16:06        96772   1295852    372944     19.12     14108   1276004   1655260     84.85    761772    813412      4784
17:16:07        96772   1296124    372524     19.10     14108   1276424   1655260     84.85    761860    813684      5204
17:16:08        96772   1296416    372240     19.08     14108   1276708   1655260     84.85    761860    813976      5488
17:16:09        96772   1296812    371828     19.06     14108   1277120   1655268     84.85    761916    814372      5900
17:16:10        96772   1297188    371552     19.05     14108   1277396   1655320     84.85    761916    814748      6176
17:16:11        96772   1297596    371136     19.02     14108   1277812   1655320     84.85    762000    815156      6592
17:16:12        96772   1297888    370848     19.01     14108   1278100   1655448     84.86    762084    815448      6880
17:16:13        96772   1298288    370424     18.99     14108   1278524   1655448     84.86    762176    815848      7304
17:16:14        96772   1298616    370084     18.97     14108   1278864   1655564     84.87    762616    816176      7288
17:16:15        96772   1298896    369796     18.96     14108   1279152   1655564     84.87    762712    816456       268
17:16:16        96548   1299144    369592     18.95     14108   1279580   1655604     84.87    762792    816928       652
17:16:17        96548   1299312    369324     18.93     14108   1279848   1655604     84.87    762792    817096       920
17:16:18        96548   1299752    368900     18.91     14108   1280272   1659720     85.08    763920    817536      1344
17:16:19        96548   1300044    368620     18.90     14108   1280552   1659720     85.08    763920    817828      1624
17:16:20        96548   1300456    368208     18.87     14108   1280964   1659720     85.08    763960    818240      2036
17:16:21        96548   1300748    367924     18.86     14108   1281248   1659720     85.08    764212    818532      2320
17:16:22        95288   1299880    368752     18.90     14108   1281680   1659832     85.09    765880    818924      2752
17:16:23        95036   1299920    368744     18.90     14108   1281940   1659832     85.09    765880    819216      3012
17:16:24        94532   1299856    368816     18.91     14108   1282372   1659964     85.09    766016    819656      3444
17:16:25        94532   1300064    368556     18.89     14108   1282632   1659964     85.09    766100    819864      3704
17:16:26        94280   1300316    368380     18.88     14108   1283060   1659984     85.09    766172    820368      4132
17:16:27        94280   1300596    368084     18.87     14108   1283356   1659984     85.09    766184    820648      4428
17:16:28        94280   1300988    367684     18.85     14108   1283756   1659984     85.09    766204    821040      4776
17:16:29        94028   1301096    367576     18.84     14108   1284116   1659988     85.09    766696    821400      5140
17:16:30        93776   1301136    367544     18.84     14108   1284400   1659988     85.09    766696    821692      5424
17:16:31        93272   1301112    367644     18.85     14108   1284804   1660036     85.10    767784    822172      5828
17:16:32        93272   1301284    367360     18.83     14132   1285064   1660036     85.10    767820    822344      6196
17:16:33        93020   1301568    367180     18.82     14132   1285496   1664132     85.31    768400    822880      6580
17:16:34        92768   1301524    367140     18.82     14132   1285788   1664132     85.31    768400    823088      6872
17:16:35        92264   1301432    367224     18.82     14132   1286208   1664144     85.31    768400    823500      7292
17:16:36        90500   1300032    368720     18.90     14132   1286476   1664348     85.32    771016    823864      7560
17:16:37        90500   1300392    368292     18.88     14132   1286904   1664348     85.32    771148    824224      7988
17:16:38        89996   1300176    368508     18.89     14132   1287192   1664348     85.32    771152    824512      8276
17:16:39        89744   1300252    368348     18.88     14132   1287604   1664348     85.32    771152    824840      8688
17:16:40        89240   1300040    368580     18.89     14132   1287876   1664360     85.32    771152    825132      8960
17:16:41        88736   1300104    368652     18.90     14132   1288308   1664480     85.32    771284    825700      9392
17:16:42        88232   1299848    368872     18.91     14132   1288592   1664480     85.32    771328    825948      9676
17:16:43        87980   1299920    368708     18.90     14132   1289008   1664480     85.32    771332    826272     10092
17:16:44        87224   1299644    369108     18.92     14132   1289364   1664688     85.33    771400    826752     10448
17:16:45        86972   1299656    369004     18.92     14132   1289720   1664688     85.33    771572    827016       136
17:16:46        86720   1299700    368964     18.91     14132   1290012   1664688     85.33    771572    827312       420
17:16:47        85964   1299432    369316     18.93     14132   1290416   1664688     85.33    771744    827800       824
17:16:48        79904   1293592    375024     19.22     14132   1290768   1668784     85.54    773008    828020      1176
17:16:49        79904   1293932    374732     19.21     14132   1291060   1668784     85.54    773172    828360      1468
17:16:50        79904   1294344    374312     19.19     14132   1291480   1668784     85.54    773212    828772      1888
17:16:51        79904   1294632    374028     19.17     14132   1291764   1668784     85.54    773212    829060      2140
17:16:52        79904   1295048    373616     19.15     14132   1292172   1668784     85.54    773212    829472      2560
17:16:53        78896   1294440    374324     19.19     14132   1292472   1668916     85.55    774352    829872      2860
17:16:54        77636   1293536    375156     19.23     14132   1292880   1669200     85.57    776320    830208      3268
17:16:55        77636   1293788    374880     19.22     14132   1293152   1669200     85.57    776364    830456      3540
17:16:56        77636   1294248    374436     19.19     14132   1293584   1669224     85.57    776368    830904      3972
17:16:57        77636   1294584    374148     19.18     14132   1293872   1669344     85.57    776448    831240      4260
17:16:58        77384   1294588    374060     19.17     14132   1294200   1669344     85.57    776576    831484      4588
17:16:59        76628   1294388    374368     19.19     14132   1294636   1669344     85.57    776564    832028      5024
17:17:00        76376   1294228    374352     19.19     14132   1294896   1669344     85.57    776564    832112      5284
17:17:01        74612   1293048    375700     19.26     14132   1295300   1669328     85.57    776592    832684      5832
17:17:02        74360   1292972    375684     19.26     14156   1295536   1669328     85.57    776592    832852      6176
17:17:03        73604   1292668    376000     19.27     14156   1295964   1673424     85.78    777184    833292      6436
17:17:04        73604   1292960    375736     19.26     14156   1296228   1673424     85.78    777184    833584      6700
17:17:05        73604   1293288    375300     19.24     14156   1296652   1673424     85.78    777196    833900      7124
17:17:06        73352   1293332    375272     19.24     14156   1296928   1673424     85.78    777196    834192      7400
17:17:07        73100   1293460    375164     19.23     14156   1297280   1673424     85.78    777196    834564      7752
17:17:08        88852   1291096    377628     19.36     14148   1279060   1673572     85.79    780212    816436      8176
17:17:09        73708   1276184    392544     20.12     14148   1279324   1673572     85.79    780244    816684      8464
17:17:10        73708   1276632    392120     20.10     14148   1279748   1673572     85.79    780248    817132      8888
17:17:11        73708   1276776    391836     20.09     14148   1280032   1673572     85.79    780312    817276      9172
17:17:12        73204   1276688    392000     20.09     14148   1280372   1673572     85.79    780312    817692      9512
17:17:13        73204   1276732    391812     20.08     14148   1280560   1673572     85.79    780388    817736      9700
17:17:14        72476   1276272    392484     20.12     14148   1280616   1673572     85.79    780248    818004      9756

Average:        89196   1295024    373670     19.15     14117   1282822   1658959     85.04    766772    820138      4436
