Linux 7.0.0-1008-aws (ip-172-31-20-134) 	08/07/26 	_x86_64_	(2 CPU)

17:15:43        IFACE   rxpck/s   txpck/s    rxkB/s    txkB/s   rxcmp/s   txcmp/s  rxmcst/s   %ifutil
17:15:44         ens5     48.00     35.00      4.23      4.47      0.00      0.00      0.00      0.00

17:15:44        IFACE   rxpck/s   txpck/s    rxkB/s    txkB/s   rxcmp/s   txcmp/s  rxmcst/s   %ifutil
17:15:45         ens5     48.00     35.00      4.24      4.06      0.00      0.00      0.00      0.00

17:15:45        IFACE   rxpck/s   txpck/s    rxkB/s    txkB/s   rxcmp/s   txcmp/s  rxmcst/s   %ifutil
17:15:46         ens5     16.00      9.00      1.41      1.18      0.00      0.00      0.00      0.00

17:15:46        IFACE   rxpck/s   txpck/s    rxkB/s    txkB/s   rxcmp/s   txcmp/s  rxmcst/s   %ifutil
17:15:47         ens5      0.00      0.00      0.00      0.00      0.00      0.00      0.00      0.00

17:15:47        IFACE   rxpck/s   txpck/s    rxkB/s    txkB/s   rxcmp/s   txcmp/s  rxmcst/s   %ifutil
17:15:48         ens5      0.00      0.00      0.00      0.00      0.00      0.00      0.00      0.00

17:15:48        IFACE   rxpck/s   txpck/s    rxkB/s    txkB/s   rxcmp/s   txcmp/s  rxmcst/s   %ifutil
17:15:49         ens5      0.00      1.00      0.00      0.11      0.00      0.00      0.00      0.00

17:15:49        IFACE   rxpck/s   txpck/s    rxkB/s    txkB/s   rxcmp/s   txcmp/s  rxmcst/s   %ifutil
17:15:50         ens5      0.00      0.00      0.00      0.00      0.00      0.00      0.00      0.00

17:15:50        IFACE   rxpck/s   txpck/s    rxkB/s    txkB/s   rxcmp/s   txcmp/s  rxmcst/s   %ifutil
17:15:51         ens5      0.00      0.00      0.00      0.00      0.00      0.00      0.00      0.00

17:15:51        IFACE   rxpck/s   txpck/s    rxkB/s    txkB/s   rxcmp/s   txcmp/s  rxmcst/s   %ifutil
17:15:52         ens5      0.00      0.00      0.00      0.00      0.00      0.00      0.00      0.00

17:15:52        IFACE   rxpck/s   txpck/s    rxkB/s    txkB/s   rxcmp/s   txcmp/s  rxmcst/s   %ifutil
17:15:53         ens5     88.00     81.00     70.17     21.45      0.00      0.00      0.00      0.00

17:15:53        IFACE   rxpck/s   txpck/s    rxkB/s    txkB/s   rxcmp/s   txcmp/s  rxmcst/s   %ifutil
17:15:54         ens5    292.00    252.00    220.27    111.91      0.00      0.00      0.00      0.00

17:15:54        IFACE   rxpck/s   txpck/s    rxkB/s    txkB/s   rxcmp/s   txcmp/s  rxmcst/s   %ifutil
17:15:55         ens5    286.00    254.00    204.29    119.96      0.00      0.00      0.00      0.00

17:15:55        IFACE   rxpck/s   txpck/s    rxkB/s    txkB/s   rxcmp/s   txcmp/s  rxmcst/s   %ifutil
17:15:56         ens5    296.00    256.00    220.44    120.02      0.00      0.00      0.00      0.00

17:15:56        IFACE   rxpck/s   txpck/s    rxkB/s    txkB/s   rxcmp/s   txcmp/s  rxmcst/s   %ifutil
17:15:57         ens5    293.00    258.00    220.38    120.24      0.00      0.00      0.00      0.00

17:15:57        IFACE   rxpck/s   txpck/s    rxkB/s    txkB/s   rxcmp/s   txcmp/s  rxmcst/s   %ifutil
17:15:58         ens5    286.00    247.00    204.29    111.63      0.00      0.00      0.00      0.00

17:15:58        IFACE   rxpck/s   txpck/s    rxkB/s    txkB/s   rxcmp/s   txcmp/s  rxmcst/s   %ifutil
17:15:59         ens5    298.00    261.00    220.61    120.35      0.00      0.00      0.00      0.00

17:15:59        IFACE   rxpck/s   txpck/s    rxkB/s    txkB/s   rxcmp/s   txcmp/s  rxmcst/s   %ifutil
17:16:00         ens5    273.00    240.00    203.48    111.09      0.00      0.00      0.00      0.00

17:16:00        IFACE   rxpck/s   txpck/s    rxkB/s    txkB/s   rxcmp/s   txcmp/s  rxmcst/s   %ifutil
17:16:01         ens5    276.00    240.00    203.70    111.10      0.00      0.00      0.00      0.00

17:16:01        IFACE   rxpck/s   txpck/s    rxkB/s    txkB/s   rxcmp/s   txcmp/s  rxmcst/s   %ifutil
17:16:02         ens5    276.00    241.00    203.74    111.21      0.00      0.00      0.00      0.00

17:16:02        IFACE   rxpck/s   txpck/s    rxkB/s    txkB/s   rxcmp/s   txcmp/s  rxmcst/s   %ifutil
17:16:03         ens5    292.00    258.00    220.36    120.27      0.00      0.00      0.00      0.00

17:16:03        IFACE   rxpck/s   txpck/s    rxkB/s    txkB/s   rxcmp/s   txcmp/s  rxmcst/s   %ifutil
17:16:04         ens5    287.00    247.00    204.38    111.67      0.00      0.00      0.00      0.00

17:16:04        IFACE   rxpck/s   txpck/s    rxkB/s    txkB/s   rxcmp/s   txcmp/s  rxmcst/s   %ifutil
17:16:05         ens5    299.00    260.00    220.65    120.33      0.00      0.00      0.00      0.00

17:16:05        IFACE   rxpck/s   txpck/s    rxkB/s    txkB/s   rxcmp/s   txcmp/s  rxmcst/s   %ifutil
17:16:06         ens5    292.00    251.00    220.36    111.92      0.00      0.00      0.00      0.00

17:16:06        IFACE   rxpck/s   txpck/s    rxkB/s    txkB/s   rxcmp/s   txcmp/s  rxmcst/s   %ifutil
17:16:07         ens5    287.00    252.00    204.38    119.89      0.00      0.00      0.00      0.00

17:16:07        IFACE   rxpck/s   txpck/s    rxkB/s    txkB/s   rxcmp/s   txcmp/s  rxmcst/s   %ifutil
17:16:08         ens5    296.00    254.00    220.49    119.94      0.00      0.00      0.00      0.00

17:16:08        IFACE   rxpck/s   txpck/s    rxkB/s    txkB/s   rxcmp/s   txcmp/s  rxmcst/s   %ifutil
17:16:09         ens5    294.00    255.00    220.46    112.18      0.00      0.00      0.00      0.00

17:16:09        IFACE   rxpck/s   txpck/s    rxkB/s    txkB/s   rxcmp/s   txcmp/s  rxmcst/s   %ifutil
17:16:10         ens5    288.00    253.00    204.43    119.95      0.00      0.00      0.00      0.00

17:16:10        IFACE   rxpck/s   txpck/s    rxkB/s    txkB/s   rxcmp/s   txcmp/s  rxmcst/s   %ifutil
17:16:11         ens5    297.00    257.00    220.54    120.13      0.00      0.00      0.00      0.00

17:16:11        IFACE   rxpck/s   txpck/s    rxkB/s    txkB/s   rxcmp/s   txcmp/s  rxmcst/s   %ifutil
17:16:12         ens5    294.00    258.00    220.47    120.27      0.00      0.00      0.00      0.00

17:16:12        IFACE   rxpck/s   txpck/s    rxkB/s    txkB/s   rxcmp/s   txcmp/s  rxmcst/s   %ifutil
17:16:13         ens5    288.00    246.00    204.46    111.63      0.00      0.00      0.00      0.00

17:16:13        IFACE   rxpck/s   txpck/s    rxkB/s    txkB/s   rxcmp/s   txcmp/s  rxmcst/s   %ifutil
17:16:14         ens5    297.00    258.00    220.54    120.20      0.00      0.00      0.00      0.00

17:16:14        IFACE   rxpck/s   txpck/s    rxkB/s    txkB/s   rxcmp/s   txcmp/s  rxmcst/s   %ifutil
17:16:15         ens5    292.00    257.00    220.36    120.20      0.00      0.00      0.00      0.00

17:16:15        IFACE   rxpck/s   txpck/s    rxkB/s    txkB/s   rxcmp/s   txcmp/s  rxmcst/s   %ifutil
17:16:16         ens5    286.00    246.00    204.49    111.70      0.00      0.00      0.00      0.00

17:16:16        IFACE   rxpck/s   txpck/s    rxkB/s    txkB/s   rxcmp/s   txcmp/s  rxmcst/s   %ifutil
17:16:17         ens5    291.00    256.00    220.24    120.13      0.00      0.00      0.00      0.00

17:16:17        IFACE   rxpck/s   txpck/s    rxkB/s    txkB/s   rxcmp/s   txcmp/s  rxmcst/s   %ifutil
17:16:18         ens5    296.00    250.00    218.98    111.87      0.00      0.00      0.00      0.00

17:16:18        IFACE   rxpck/s   txpck/s    rxkB/s    txkB/s   rxcmp/s   txcmp/s  rxmcst/s   %ifutil
17:16:19         ens5    287.00    253.00    205.96    119.88      0.00      0.00      0.00      0.00

17:16:19        IFACE   rxpck/s   txpck/s    rxkB/s    txkB/s   rxcmp/s   txcmp/s  rxmcst/s   %ifutil
17:16:20         ens5    296.00    257.00    220.49    120.19      0.00      0.00      0.00      0.00

17:16:20        IFACE   rxpck/s   txpck/s    rxkB/s    txkB/s   rxcmp/s   txcmp/s  rxmcst/s   %ifutil
17:16:21         ens5    294.00    259.00    220.47    120.34      0.00      0.00      0.00      0.00

17:16:21        IFACE   rxpck/s   txpck/s    rxkB/s    txkB/s   rxcmp/s   txcmp/s  rxmcst/s   %ifutil
17:16:22         ens5    286.00    245.00    204.33    111.48      0.00      0.00      0.00      0.00

17:16:22        IFACE   rxpck/s   txpck/s    rxkB/s    txkB/s   rxcmp/s   txcmp/s  rxmcst/s   %ifutil
17:16:23         ens5    292.00    254.00    220.29    120.00      0.00      0.00      0.00      0.00

17:16:23        IFACE   rxpck/s   txpck/s    rxkB/s    txkB/s   rxcmp/s   txcmp/s  rxmcst/s   %ifutil
17:16:24         ens5    286.00    249.00    204.33    111.80      0.00      0.00      0.00      0.00

17:16:24        IFACE   rxpck/s   txpck/s    rxkB/s    txkB/s   rxcmp/s   txcmp/s  rxmcst/s   %ifutil
17:16:25         ens5    296.00    256.00    220.49    120.07      0.00      0.00      0.00      0.00

17:16:25        IFACE   rxpck/s   txpck/s    rxkB/s    txkB/s   rxcmp/s   txcmp/s  rxmcst/s   %ifutil
17:16:26         ens5    292.00    255.00    220.36    120.07      0.00      0.00      0.00      0.00

17:16:26        IFACE   rxpck/s   txpck/s    rxkB/s    txkB/s   rxcmp/s   txcmp/s  rxmcst/s   %ifutil
17:16:27         ens5    297.00    249.00    219.03    111.80      0.00      0.00      0.00      0.00

17:16:27        IFACE   rxpck/s   txpck/s    rxkB/s    txkB/s   rxcmp/s   txcmp/s  rxmcst/s   %ifutil
17:16:28         ens5    286.00    248.00    205.84    119.55      0.00      0.00      0.00      0.00

17:16:28        IFACE   rxpck/s   txpck/s    rxkB/s    txkB/s   rxcmp/s   txcmp/s  rxmcst/s   %ifutil
17:16:29         ens5    293.00    259.00    220.43    120.35      0.00      0.00      0.00      0.00

17:16:29        IFACE   rxpck/s   txpck/s    rxkB/s    txkB/s   rxcmp/s   txcmp/s  rxmcst/s   %ifutil
17:16:30         ens5    286.00    247.00    204.33    111.67      0.00      0.00      0.00      0.00

17:16:30        IFACE   rxpck/s   txpck/s    rxkB/s    txkB/s   rxcmp/s   txcmp/s  rxmcst/s   %ifutil
17:16:31         ens5    295.00    257.00    220.43    120.13      0.00      0.00      0.00      0.00

17:16:31        IFACE   rxpck/s   txpck/s    rxkB/s    txkB/s   rxcmp/s   txcmp/s  rxmcst/s   %ifutil
17:16:32         ens5    281.00    242.00    204.08    111.35      0.00      0.00      0.00      0.00

17:16:32        IFACE   rxpck/s   txpck/s    rxkB/s    txkB/s   rxcmp/s   txcmp/s  rxmcst/s   %ifutil
17:16:33         ens5    299.00    259.00    220.71    120.27      0.00      0.00      0.00      0.00

17:16:33        IFACE   rxpck/s   txpck/s    rxkB/s    txkB/s   rxcmp/s   txcmp/s  rxmcst/s   %ifutil
17:16:34         ens5    296.00    257.00    220.49    120.19      0.00      0.00      0.00      0.00

17:16:34        IFACE   rxpck/s   txpck/s    rxkB/s    txkB/s   rxcmp/s   txcmp/s  rxmcst/s   %ifutil
17:16:35         ens5    281.00    246.00    204.08    111.65      0.00      0.00      0.00      0.00

17:16:35        IFACE   rxpck/s   txpck/s    rxkB/s    txkB/s   rxcmp/s   txcmp/s  rxmcst/s   %ifutil
17:16:36         ens5    294.00    252.00    220.38    119.80      0.00      0.00      0.00      0.00

17:16:36        IFACE   rxpck/s   txpck/s    rxkB/s    txkB/s   rxcmp/s   txcmp/s  rxmcst/s   %ifutil
17:16:37         ens5    294.00    258.00    220.47    120.27      0.00      0.00      0.00      0.00

17:16:37        IFACE   rxpck/s   txpck/s    rxkB/s    txkB/s   rxcmp/s   txcmp/s  rxmcst/s   %ifutil
17:16:38         ens5    286.00    248.00    204.33    111.74      0.00      0.00      0.00      0.00

17:16:38        IFACE   rxpck/s   txpck/s    rxkB/s    txkB/s   rxcmp/s   txcmp/s  rxmcst/s   %ifutil
17:16:39         ens5    297.00    255.00    220.54    120.00      0.00      0.00      0.00      0.00

17:16:39        IFACE   rxpck/s   txpck/s    rxkB/s    txkB/s   rxcmp/s   txcmp/s  rxmcst/s   %ifutil
17:16:40         ens5    297.00    260.00    220.61    120.39      0.00      0.00      0.00      0.00

17:16:40        IFACE   rxpck/s   txpck/s    rxkB/s    txkB/s   rxcmp/s   txcmp/s  rxmcst/s   %ifutil
17:16:41         ens5    294.00    259.00    220.47    120.34      0.00      0.00      0.00      0.00

17:16:41        IFACE   rxpck/s   txpck/s    rxkB/s    txkB/s   rxcmp/s   txcmp/s  rxmcst/s   %ifutil
17:16:42         ens5    297.00    253.00    219.03    112.06      0.00      0.00      0.00      0.00

17:16:42        IFACE   rxpck/s   txpck/s    rxkB/s    txkB/s   rxcmp/s   txcmp/s  rxmcst/s   %ifutil
17:16:43         ens5    288.00    253.00    206.01    119.88      0.00      0.00      0.00      0.00

17:16:43        IFACE   rxpck/s   txpck/s    rxkB/s    txkB/s   rxcmp/s   txcmp/s  rxmcst/s   %ifutil
17:16:44         ens5    295.00    254.00    220.44    120.00      0.00      0.00      0.00      0.00

17:16:44        IFACE   rxpck/s   txpck/s    rxkB/s    txkB/s   rxcmp/s   txcmp/s  rxmcst/s   %ifutil
17:16:45         ens5    295.00    257.00    220.54    120.23      0.00      0.00      0.00      0.00

17:16:45        IFACE   rxpck/s   txpck/s    rxkB/s    txkB/s   rxcmp/s   txcmp/s  rxmcst/s   %ifutil
17:16:46         ens5    287.00    247.00    204.38    111.67      0.00      0.00      0.00      0.00

17:16:46        IFACE   rxpck/s   txpck/s    rxkB/s    txkB/s   rxcmp/s   txcmp/s  rxmcst/s   %ifutil
17:16:47         ens5    296.00    258.00    220.47    120.17      0.00      0.00      0.00      0.00

17:16:47        IFACE   rxpck/s   txpck/s    rxkB/s    txkB/s   rxcmp/s   txcmp/s  rxmcst/s   %ifutil
17:16:48         ens5    299.00    257.00    220.71    120.20      0.00      0.00      0.00      0.00

17:16:48        IFACE   rxpck/s   txpck/s    rxkB/s    txkB/s   rxcmp/s   txcmp/s  rxmcst/s   %ifutil
17:16:49         ens5    295.00    257.00    220.52    120.21      0.00      0.00      0.00      0.00

17:16:49        IFACE   rxpck/s   txpck/s    rxkB/s    txkB/s   rxcmp/s   txcmp/s  rxmcst/s   %ifutil
17:16:50         ens5    297.00    251.00    219.03    111.93      0.00      0.00      0.00      0.00

17:16:50        IFACE   rxpck/s   txpck/s    rxkB/s    txkB/s   rxcmp/s   txcmp/s  rxmcst/s   %ifutil
17:16:51         ens5    288.00    256.00    206.02    120.14      0.00      0.00      0.00      0.00

17:16:51        IFACE   rxpck/s   txpck/s    rxkB/s    txkB/s   rxcmp/s   txcmp/s  rxmcst/s   %ifutil
17:16:52         ens5    294.00    255.00    220.38    120.00      0.00      0.00      0.00      0.00

17:16:52        IFACE   rxpck/s   txpck/s    rxkB/s    txkB/s   rxcmp/s   txcmp/s  rxmcst/s   %ifutil
17:16:53         ens5    292.00    251.00    218.78    111.93      0.00      0.00      0.00      0.00

17:16:53        IFACE   rxpck/s   txpck/s    rxkB/s    txkB/s   rxcmp/s   txcmp/s  rxmcst/s   %ifutil
17:16:54         ens5    287.00    252.00    205.90    119.81      0.00      0.00      0.00      0.00

17:16:54        IFACE   rxpck/s   txpck/s    rxkB/s    txkB/s   rxcmp/s   txcmp/s  rxmcst/s   %ifutil
17:16:55         ens5    298.00    256.00    220.66    120.14      0.00      0.00      0.00      0.00

17:16:55        IFACE   rxpck/s   txpck/s    rxkB/s    txkB/s   rxcmp/s   txcmp/s  rxmcst/s   %ifutil
17:16:56         ens5    294.00    251.00    220.47    111.93      0.00      0.00      0.00      0.00

17:16:56        IFACE   rxpck/s   txpck/s    rxkB/s    txkB/s   rxcmp/s   txcmp/s  rxmcst/s   %ifutil
17:16:57         ens5    286.00    250.00    204.33    119.69      0.00      0.00      0.00      0.00

17:16:57        IFACE   rxpck/s   txpck/s    rxkB/s    txkB/s   rxcmp/s   txcmp/s  rxmcst/s   %ifutil
17:16:58         ens5    295.00    258.00    220.44    120.26      0.00      0.00      0.00      0.00

17:16:58        IFACE   rxpck/s   txpck/s    rxkB/s    txkB/s   rxcmp/s   txcmp/s  rxmcst/s   %ifutil
17:16:59         ens5    280.00    245.00    204.02    111.48      0.00      0.00      0.00      0.00

17:16:59        IFACE   rxpck/s   txpck/s    rxkB/s    txkB/s   rxcmp/s   txcmp/s  rxmcst/s   %ifutil
17:17:00         ens5    277.00    240.00    203.79    111.14      0.00      0.00      0.00      0.00

17:17:00        IFACE   rxpck/s   txpck/s    rxkB/s    txkB/s   rxcmp/s   txcmp/s  rxmcst/s   %ifutil
17:17:01         ens5    274.00    235.00    203.59    110.83      0.00      0.00      0.00      0.00

17:17:01        IFACE   rxpck/s   txpck/s    rxkB/s    txkB/s   rxcmp/s   txcmp/s  rxmcst/s   %ifutil
17:17:02         ens5    271.00    237.00    203.49    110.95      0.00      0.00      0.00      0.00

17:17:02        IFACE   rxpck/s   txpck/s    rxkB/s    txkB/s   rxcmp/s   txcmp/s  rxmcst/s   %ifutil
17:17:03         ens5    287.00    246.00    204.38    111.61      0.00      0.00      0.00      0.00

17:17:03        IFACE   rxpck/s   txpck/s    rxkB/s    txkB/s   rxcmp/s   txcmp/s  rxmcst/s   %ifutil
17:17:04         ens5    290.00    253.00    220.18    119.87      0.00      0.00      0.00      0.00

17:17:04        IFACE   rxpck/s   txpck/s    rxkB/s    txkB/s   rxcmp/s   txcmp/s  rxmcst/s   %ifutil
17:17:05         ens5    296.00    251.00    218.98    111.93      0.00      0.00      0.00      0.00

17:17:05        IFACE   rxpck/s   txpck/s    rxkB/s    txkB/s   rxcmp/s   txcmp/s  rxmcst/s   %ifutil
17:17:06         ens5    290.00    258.00    206.12    120.27      0.00      0.00      0.00      0.00

17:17:06        IFACE   rxpck/s   txpck/s    rxkB/s    txkB/s   rxcmp/s   txcmp/s  rxmcst/s   %ifutil
17:17:07         ens5    296.00    257.00    220.49    120.13      0.00      0.00      0.00      0.00

17:17:07        IFACE   rxpck/s   txpck/s    rxkB/s    txkB/s   rxcmp/s   txcmp/s  rxmcst/s   %ifutil
17:17:08         ens5    297.00    260.00    220.61    120.39      0.00      0.00      0.00      0.00

17:17:08        IFACE   rxpck/s   txpck/s    rxkB/s    txkB/s   rxcmp/s   txcmp/s  rxmcst/s   %ifutil
17:17:09         ens5    300.00    260.00    220.77    120.40      0.00      0.00      0.00      0.00

17:17:09        IFACE   rxpck/s   txpck/s    rxkB/s    txkB/s   rxcmp/s   txcmp/s  rxmcst/s   %ifutil
17:17:10         ens5    294.00    251.00    220.47    111.93      0.00      0.00      0.00      0.00

17:17:10        IFACE   rxpck/s   txpck/s    rxkB/s    txkB/s   rxcmp/s   txcmp/s  rxmcst/s   %ifutil
17:17:11         ens5    283.00    248.00    204.11    119.55      0.00      0.00      0.00      0.00

17:17:11        IFACE   rxpck/s   txpck/s    rxkB/s    txkB/s   rxcmp/s   txcmp/s  rxmcst/s   %ifutil
17:17:12         ens5    292.00    258.00    220.36    120.27      0.00      0.00      0.00      0.00

17:17:12        IFACE   rxpck/s   txpck/s    rxkB/s    txkB/s   rxcmp/s   txcmp/s  rxmcst/s   %ifutil
17:17:13         ens5     52.00     41.00     34.26     18.59      0.00      0.00      0.00      0.00

17:17:13        IFACE   rxpck/s   txpck/s    rxkB/s    txkB/s   rxcmp/s   txcmp/s  rxmcst/s   %ifutil
17:17:14         ens5      0.00      0.00      0.00      0.00      0.00      0.00      0.00      0.00


Average:        IFACE   rxpck/s   txpck/s    rxkB/s    txkB/s   rxcmp/s   txcmp/s  rxmcst/s   %ifutil
Average:         ens5    255.15    221.41    187.29    102.02      0.00      0.00      0.00      0.00
