Linux 7.0.0-1010-aws (ip-172-31-31-224) 	08/11/26 	_x86_64_	(2 CPU)

07:24:18        CPU     %user     %nice   %system   %iowait    %steal     %idle
07:24:19        all     51.26      0.00      4.52      0.00      1.01     43.22
07:24:20        all     48.76      0.00      4.98      0.00      2.99     43.28
07:24:21        all     48.48      0.00      4.04      0.00      1.01     46.46
07:24:22        all     49.00      0.00      4.00      0.00      1.00     46.00
07:24:23        all     49.75      0.00      3.52      0.00      1.51     45.23
07:24:24        all     46.77      0.00      3.48      0.00      1.00     48.76
07:24:25        all     49.25      0.00      3.02      0.00      2.51     45.23
07:24:26        all     50.51      0.00      4.55      0.00      0.00     44.95
07:24:27        all      8.08      0.00      0.00      0.00      0.51     91.41
07:24:28        all      0.00      0.00      0.00      0.00      0.00    100.00
07:24:29        all      8.50      0.00      4.00      3.00      0.50     84.00
07:24:30        all      0.50      0.00      0.50      0.00      0.00     99.00
07:24:31        all      0.00      0.00      0.00      0.00      0.00    100.00
07:24:32        all      0.00      0.00      0.00      0.00      0.00    100.00
07:24:33        all      0.00      0.00      0.00      0.00      0.00    100.00
07:24:34        all      0.50      0.00      0.50      0.00      0.00     99.00
07:24:35        all      0.50      0.00      0.00      0.00      0.00     99.50
07:24:36        all      0.00      0.00      0.00      0.00      0.51     99.49
07:24:37        all      0.99      0.00      0.99      0.00      0.50     97.52
07:24:38        all      2.56      0.00      1.54      0.00      0.00     95.90
07:24:39        all      5.08      0.00      2.03      0.00      1.02     91.88
07:24:40        all      2.53      0.00      1.52      0.00      0.51     95.45
07:24:41        all      0.50      0.00      0.00      0.00      0.50     99.00
07:24:42        all      0.50      0.00      0.00      0.00      0.00     99.50
07:24:43        all      0.00      0.00      0.50      0.00      0.00     99.50
07:24:44        all      5.10      0.00      0.51      0.00      0.00     94.39


Average:        all     16.53      0.00      1.70      0.12      0.58     81.07
