Linux 7.0.0-1010-aws (ip-172-31-31-224) 	08/11/26 	_x86_64_	(2 CPU)

07:24:18    kbmemfree   kbavail kbmemused  %memused kbbuffers  kbcached  kbcommit   %commit  kbactive   kbinact   kbdirty
07:24:19       744356   1277876    452984     23.22     16500    658972   1601940     82.11    380616    640440       232
07:24:20       680348   1213872    516988     26.50     16500    658976   1677420     85.98    455196    640444       236
07:24:21       607772   1141296    589564     30.22     16500    658976   1739892     89.18    517804    640444       236
07:24:22       495128   1028652    702208     35.99     16500    658976   1857144     95.19    634752    640444       236
07:24:23       414740    948264    782596     40.11     16500    658976   1936448     99.26    714024    640444       236
07:24:24       358292    891816    839044     43.01     16500    658976   1995144    102.27    772292    640444       236
07:24:25       311168    844696    886164     45.42     16500    658980   2045620    104.86    822816    640448       240
07:24:26       190460    723988   1006872     51.61     16500    658980   2170244    111.24    948576    640448       192
07:24:27       190460    723988   1006872     51.61     16500    658980   2170308    111.25    948576    640448       192
07:24:28       190460    723988   1006872     51.61     16500    658980   2170308    111.25    948576    640448       192
07:24:29       182060    721440   1009420     51.74     16504    664828   2170308    111.25    954508    640880       716
07:24:30       182060    721440   1009416     51.74     16504    664832   2170308    111.25    954508    640880       720
07:24:31       182060    721440   1009416     51.74     16504    664832   2170308    111.25    954508    640880       720
07:24:32       182060    721440   1009416     51.74     16504    664832   2170308    111.25    954508    640880       720
07:24:33       182060    721440   1009416     51.74     16504    664832   2170308    111.25    954508    640880       720
07:24:34       182060    721440   1009416     51.74     16504    664832   2170308    111.25    954508    640880       720
07:24:35       182060    721440   1009412     51.74     16504    664836   2170308    111.25    954508    640880       724
07:24:36       181304    720684   1010168     51.78     16504    664836   2170308    111.25    955096    640880       724
07:24:37       181432    720816   1010040     51.77     16504    664836   2170308    111.25    955124    640884       724
07:24:38       181432    720816   1010040     51.77     16504    664836   2170308    111.25    955124    640884       724
07:24:39       180888    720276   1010572     51.80     16504    664840   2170308    111.25    955244    640888       728
07:24:40       180440    719828   1011016     51.82     16504    664844   2170564    111.26    955244    640888       732
07:24:41       180440    719828   1011016     51.82     16504    664844   2170564    111.26    955244    640888       732
07:24:42       180440    719828   1011016     51.82     16504    664844   2170564    111.26    955244    640888       732
07:24:43       180440    719828   1011016     51.82     16504    664844   2170564    111.26    955244    640888       732
07:24:44       180440    719828   1011016     51.82     16504    664844   2170564    111.26    955160    640888       732

Average:       272495    809625    921230     47.22     16502    662583   2080411    106.64    862366    640715       532
