Linux 7.0.0-1010-aws (ip-172-31-31-224) 	08/11/26 	_x86_64_	(2 CPU)

07:24:18        IFACE   rxpck/s   txpck/s    rxkB/s    txkB/s   rxcmp/s   txcmp/s  rxmcst/s   %ifutil
07:24:19         ens5     59.00     57.00      4.65      6.71      0.00      0.00      0.00      0.00

07:24:19        IFACE   rxpck/s   txpck/s    rxkB/s    txkB/s   rxcmp/s   txcmp/s  rxmcst/s   %ifutil
07:24:20         ens5     53.00     53.00      4.38      5.88      0.00      0.00      0.00      0.00

07:24:20        IFACE   rxpck/s   txpck/s    rxkB/s    txkB/s   rxcmp/s   txcmp/s  rxmcst/s   %ifutil
07:24:21         ens5     40.00     42.00      3.30      5.02      0.00      0.00      0.00      0.00

07:24:21        IFACE   rxpck/s   txpck/s    rxkB/s    txkB/s   rxcmp/s   txcmp/s  rxmcst/s   %ifutil
07:24:22         ens5      7.00      6.00      0.36      1.25      0.00      0.00      0.00      0.00

07:24:22        IFACE   rxpck/s   txpck/s    rxkB/s    txkB/s   rxcmp/s   txcmp/s  rxmcst/s   %ifutil
07:24:23         ens5      6.00      7.00      0.30      1.54      0.00      0.00      0.00      0.00

07:24:23        IFACE   rxpck/s   txpck/s    rxkB/s    txkB/s   rxcmp/s   txcmp/s  rxmcst/s   %ifutil
07:24:24         ens5     10.00      9.00      0.51      1.88      0.00      0.00      0.00      0.00

07:24:24        IFACE   rxpck/s   txpck/s    rxkB/s    txkB/s   rxcmp/s   txcmp/s  rxmcst/s   %ifutil
07:24:25         ens5      6.00      6.00      0.30      1.30      0.00      0.00      0.00      0.00

07:24:25        IFACE   rxpck/s   txpck/s    rxkB/s    txkB/s   rxcmp/s   txcmp/s  rxmcst/s   %ifutil
07:24:26         ens5      3.00      3.00      0.15      0.66      0.00      0.00      0.00      0.00

07:24:26        IFACE   rxpck/s   txpck/s    rxkB/s    txkB/s   rxcmp/s   txcmp/s  rxmcst/s   %ifutil
07:24:27         ens5      3.00      3.00      0.15      0.61      0.00      0.00      0.00      0.00

07:24:27        IFACE   rxpck/s   txpck/s    rxkB/s    txkB/s   rxcmp/s   txcmp/s  rxmcst/s   %ifutil
07:24:28         ens5      0.00      0.00      0.00      0.00      0.00      0.00      0.00      0.00

07:24:28        IFACE   rxpck/s   txpck/s    rxkB/s    txkB/s   rxcmp/s   txcmp/s  rxmcst/s   %ifutil
07:24:29         ens5      0.00      0.00      0.00      0.00      0.00      0.00      0.00      0.00

07:24:29        IFACE   rxpck/s   txpck/s    rxkB/s    txkB/s   rxcmp/s   txcmp/s  rxmcst/s   %ifutil
07:24:30         ens5      0.00      0.00      0.00      0.00      0.00      0.00      0.00      0.00

07:24:30        IFACE   rxpck/s   txpck/s    rxkB/s    txkB/s   rxcmp/s   txcmp/s  rxmcst/s   %ifutil
07:24:31         ens5      0.00      0.00      0.00      0.00      0.00      0.00      0.00      0.00

07:24:31        IFACE   rxpck/s   txpck/s    rxkB/s    txkB/s   rxcmp/s   txcmp/s  rxmcst/s   %ifutil
07:24:32         ens5      2.00      2.00      0.10      0.13      0.00      0.00      0.00      0.00

07:24:32        IFACE   rxpck/s   txpck/s    rxkB/s    txkB/s   rxcmp/s   txcmp/s  rxmcst/s   %ifutil
07:24:33         ens5     33.00     47.00      4.92     47.79      0.00      0.00      0.00      0.00

07:24:33        IFACE   rxpck/s   txpck/s    rxkB/s    txkB/s   rxcmp/s   txcmp/s  rxmcst/s   %ifutil
07:24:34         ens5      0.00      0.00      0.00      0.00      0.00      0.00      0.00      0.00

07:24:34        IFACE   rxpck/s   txpck/s    rxkB/s    txkB/s   rxcmp/s   txcmp/s  rxmcst/s   %ifutil
07:24:35         ens5      0.00      0.00      0.00      0.00      0.00      0.00      0.00      0.00

07:24:35        IFACE   rxpck/s   txpck/s    rxkB/s    txkB/s   rxcmp/s   txcmp/s  rxmcst/s   %ifutil
07:24:36         ens5      0.00      0.00      0.00      0.00      0.00      0.00      0.00      0.00

07:24:36        IFACE   rxpck/s   txpck/s    rxkB/s    txkB/s   rxcmp/s   txcmp/s  rxmcst/s   %ifutil
07:24:37         ens5     72.00    104.00     14.30     96.53      0.00      0.00      0.00      0.00

07:24:37        IFACE   rxpck/s   txpck/s    rxkB/s    txkB/s   rxcmp/s   txcmp/s  rxmcst/s   %ifutil
07:24:38         ens5    722.00   1038.00    131.82    982.27      0.00      0.00      0.00      0.00

07:24:38        IFACE   rxpck/s   txpck/s    rxkB/s    txkB/s   rxcmp/s   txcmp/s  rxmcst/s   %ifutil
07:24:39         ens5   1345.00   1650.00    223.77   1549.24      0.00      0.00      0.00      0.00

07:24:39        IFACE   rxpck/s   txpck/s    rxkB/s    txkB/s   rxcmp/s   txcmp/s  rxmcst/s   %ifutil
07:24:40         ens5    762.00    860.00    104.91    821.67      0.00      0.00      0.00      0.00

07:24:40        IFACE   rxpck/s   txpck/s    rxkB/s    txkB/s   rxcmp/s   txcmp/s  rxmcst/s   %ifutil
07:24:41         ens5     10.00      5.00      0.51      2.95      0.00      0.00      0.00      0.00

07:24:41        IFACE   rxpck/s   txpck/s    rxkB/s    txkB/s   rxcmp/s   txcmp/s  rxmcst/s   %ifutil
07:24:42         ens5      0.00      0.00      0.00      0.00      0.00      0.00      0.00      0.00

07:24:42        IFACE   rxpck/s   txpck/s    rxkB/s    txkB/s   rxcmp/s   txcmp/s  rxmcst/s   %ifutil
07:24:43         ens5      0.00      0.00      0.00      0.00      0.00      0.00      0.00      0.00

07:24:43        IFACE   rxpck/s   txpck/s    rxkB/s    txkB/s   rxcmp/s   txcmp/s  rxmcst/s   %ifutil
07:24:44         ens5      0.00      0.00      0.00      0.00      0.00      0.00      0.00      0.00


Average:        IFACE   rxpck/s   txpck/s    rxkB/s    txkB/s   rxcmp/s   txcmp/s  rxmcst/s   %ifutil
Average:         ens5    120.50    149.69     19.02    135.59      0.00      0.00      0.00      0.00
