Linux 7.0.0-1010-aws (ip-172-31-31-224) 	08/11/26 	_x86_64_	(2 CPU)

07:02:06        CPU     %user     %nice   %system   %iowait    %steal     %idle
07:02:07        all     49.50      0.00      5.00      0.00      2.00     43.50
07:02:08        all     50.51      0.00      3.03      0.00      1.01     45.45
07:02:09        all     48.74      0.00      3.52      0.00      2.51     45.23
07:02:10        all     47.24      0.00      4.02      0.00      2.01     46.73
07:02:11        all     48.00      0.00      3.00      0.00      2.50     46.50
07:02:12        all     48.48      0.00      4.04      0.00      1.01     46.46
07:02:13        all     50.00      0.00      3.50      0.00      1.00     45.50
07:02:14        all     51.76      0.00      5.03      0.00      2.01     41.21
07:02:15        all     21.50      0.00      1.50      0.00      0.50     76.50
07:02:16        all      0.00      0.00      0.00      0.00      0.50     99.50
07:02:17        all      1.01      0.00      0.50      0.00      0.00     98.49
07:02:18        all      0.00      0.00      0.00      0.00      0.00    100.00
07:02:19        all      0.00      0.00      0.50      0.00      0.00     99.50
07:02:20        all      1.00      0.00      0.00      0.00      0.50     98.50
07:02:21        all      0.00      0.00      0.00      0.00      0.00    100.00
07:02:22        all      0.50      0.00      0.00      0.00      0.50     98.99
07:02:23        all      1.00      0.00      0.00      0.00      0.00     99.00
07:02:24        all      0.50      0.00      1.49      0.00      1.00     97.01
07:02:25        all      3.55      0.00      2.03      0.00      1.52     92.89
07:02:26        all      2.02      0.00      2.02      0.00      0.51     95.45
07:02:27        all      0.00      0.00      0.00      0.00      0.00    100.00
07:02:28        all      0.00      0.00      0.00      0.00      0.50     99.50
07:02:29        all      5.00      0.00      2.00      0.50      0.00     92.50
07:02:30        all      1.00      0.00      0.50      0.00      0.00     98.51
07:02:31        all      0.00      0.00      0.00      0.00      0.00    100.00
07:02:32        all      0.00      0.00      0.00      0.00      0.00    100.00
07:02:33        all      0.00      0.00      0.99      0.00      0.99     98.02
07:02:34        all      0.50      0.00      0.00      0.00      0.00     99.50
07:02:35        all      0.50      0.00      0.00      0.00      0.00     99.50
07:02:36        all      0.50      0.00      0.50      0.00      0.00     99.00
07:02:37        all      0.00      0.00      0.00      0.00      0.00    100.00

Average:        all     13.95      0.00      1.39      0.02      0.66     83.98
