Linux 7.0.0-1010-aws (ip-172-31-31-224) 	08/11/26 	_x86_64_	(2 CPU)

07:02:06    kbmemfree   kbavail kbmemused  %memused kbbuffers  kbcached  kbcommit   %commit  kbactive   kbinact   kbdirty
07:02:07       730596   1226088    504908     25.88     14524    622920   1606072     82.32    417116    629760       268
07:02:08       666588   1162080    568916     29.16     14524    622920   1677200     85.97    486820    629760       268
07:02:09       594012   1089504    641492     32.88     14524    622920   1751712     89.79    559880    629760       268
07:02:10       529752   1025248    705748     36.18     14524    622924   1835440     94.08    615556    629700       272
07:02:11       465744    961240    769756     39.46     14524    622924   1902500     97.52    683344    629700       272
07:02:12       393168    888664    842332     43.18     14524    622924   1969068    100.93    751624    629700       272
07:02:13       296652    792148    938848     48.12     14524    622924   2069784    106.09    848888    629700       272
07:02:14       208452    703960   1027036     52.64     14524    622936   2161320    110.79    941704    629712       284
07:02:15       160068    655576   1075416     55.12     14524    622940   2207080    113.13    987888    629712       288
07:02:16       160068    655576   1075416     55.12     14524    622940   2207080    113.13    987888    629712       288
07:02:17       160068    655596   1075392     55.12     14548    622940   2207080    113.13    988012    629732       316
07:02:18       160068    655604   1075392     55.12     14548    622940   2207080    113.13    988012    629740       188
07:02:19       160068    655604   1075392     55.12     14548    622940   2207080    113.13    988012    629740       188
07:02:20       160068    655604   1075392     55.12     14548    622940   2207080    113.13    988012    629740       188
07:02:21       160068    655604   1075392     55.12     14548    622940   2207080    113.13    988012    629740       188
07:02:22       160068    655608   1075388     55.12     14548    622944   2207080    113.13    988636    629744       144
07:02:23       160068    655608   1075388     55.12     14548    622944   2207080    113.13    988636    629744       144
07:02:24       160068    655608   1075388     55.12     14548    622944   2207080    113.13    988636    629744       144
07:02:25       160068    655612   1075384     55.12     14548    622948   2207080    113.13    988664    629748        24
07:02:26       160068    655612   1075384     55.12     14548    622948   2207080    113.13    988664    629748        24
07:02:27       160068    655612   1075380     55.12     14548    622952   2207080    113.13    988664    629748        28
07:02:28       160068    655612   1075380     55.12     14548    622952   2207080    113.13    988664    629748        28
07:02:29       160068    655612   1075380     55.12     14548    622952   2207080    113.13    988580    629748        28
07:02:30       160068    655616   1075372     55.12     14548    622960   2207080    113.13    988624    629752        36
07:02:31       160068    655616   1075368     55.12     14548    622964   2207080    113.13    988624    629752        40
07:02:32       160068    655616   1075368     55.12     14548    622964   2207080    113.13    988624    629752        40
07:02:33       160068    655616   1075368     55.12     14548    622964   2207080    113.13    988624    629752        40
07:02:34       160068    655616   1075368     55.12     14548    622964   2207080    113.13    988624    629752        40
07:02:35       160068    655616   1075368     55.12     14548    622964   2207080    113.13    988624    629752        40
07:02:36       160068    655616   1075364     55.12     14548    622968   2207080    113.13    988624    629752        44
07:02:37       160068    655632   1075364     55.12     14548    622968   2207080    113.13    989264    629768        36

Average:       244082    739610    991382     50.82     14540    622944   2120514    108.69    904501    629739       152
