Linux 7.0.0-1010-aws (ip-172-31-31-224) 	08/11/26 	_x86_64_	(2 CPU)

07:02:06        IFACE   rxpck/s   txpck/s    rxkB/s    txkB/s   rxcmp/s   txcmp/s  rxmcst/s   %ifutil
07:02:07         ens5     51.00     50.00      4.21      6.22      0.00      0.00      0.00      0.00

07:02:07        IFACE   rxpck/s   txpck/s    rxkB/s    txkB/s   rxcmp/s   txcmp/s  rxmcst/s   %ifutil
07:02:08         ens5     59.00     51.00      4.80      5.89      0.00      0.00      0.00      0.00

07:02:08        IFACE   rxpck/s   txpck/s    rxkB/s    txkB/s   rxcmp/s   txcmp/s  rxmcst/s   %ifutil
07:02:09         ens5     39.00     33.00      3.16      4.26      0.00      0.00      0.00      0.00

07:02:09        IFACE   rxpck/s   txpck/s    rxkB/s    txkB/s   rxcmp/s   txcmp/s  rxmcst/s   %ifutil
07:02:10         ens5      9.00      9.00      0.64      1.77      0.00      0.00      0.00      0.00

07:02:10        IFACE   rxpck/s   txpck/s    rxkB/s    txkB/s   rxcmp/s   txcmp/s  rxmcst/s   %ifutil
07:02:11         ens5      5.00      5.00      0.25      1.10      0.00      0.00      0.00      0.00

07:02:11        IFACE   rxpck/s   txpck/s    rxkB/s    txkB/s   rxcmp/s   txcmp/s  rxmcst/s   %ifutil
07:02:12         ens5      9.00      9.00      0.46      1.90      0.00      0.00      0.00      0.00

07:02:12        IFACE   rxpck/s   txpck/s    rxkB/s    txkB/s   rxcmp/s   txcmp/s  rxmcst/s   %ifutil
07:02:13         ens5      8.00      8.00      0.41      1.59      0.00      0.00      0.00      0.00

07:02:13        IFACE   rxpck/s   txpck/s    rxkB/s    txkB/s   rxcmp/s   txcmp/s  rxmcst/s   %ifutil
07:02:14         ens5      4.00      4.00      0.20      0.88      0.00      0.00      0.00      0.00

07:02:14        IFACE   rxpck/s   txpck/s    rxkB/s    txkB/s   rxcmp/s   txcmp/s  rxmcst/s   %ifutil
07:02:15         ens5      6.00      6.00      0.32      0.97      0.00      0.00      0.00      0.00

07:02:15        IFACE   rxpck/s   txpck/s    rxkB/s    txkB/s   rxcmp/s   txcmp/s  rxmcst/s   %ifutil
07:02:16         ens5      0.00      0.00      0.00      0.00      0.00      0.00      0.00      0.00

07:02:16        IFACE   rxpck/s   txpck/s    rxkB/s    txkB/s   rxcmp/s   txcmp/s  rxmcst/s   %ifutil
07:02:17         ens5      0.00      0.00      0.00      0.00      0.00      0.00      0.00      0.00

07:02:17        IFACE   rxpck/s   txpck/s    rxkB/s    txkB/s   rxcmp/s   txcmp/s  rxmcst/s   %ifutil
07:02:18         ens5      1.00      3.00      0.05      0.22      0.00      0.00      0.00      0.00

07:02:18        IFACE   rxpck/s   txpck/s    rxkB/s    txkB/s   rxcmp/s   txcmp/s  rxmcst/s   %ifutil
07:02:19         ens5      0.00      0.00      0.00      0.00      0.00      0.00      0.00      0.00

07:02:19        IFACE   rxpck/s   txpck/s    rxkB/s    txkB/s   rxcmp/s   txcmp/s  rxmcst/s   %ifutil
07:02:20         ens5     18.00     17.00      1.13      9.96      0.00      0.00      0.00      0.00

07:02:20        IFACE   rxpck/s   txpck/s    rxkB/s    txkB/s   rxcmp/s   txcmp/s  rxmcst/s   %ifutil
07:02:21         ens5      0.00      0.00      0.00      0.00      0.00      0.00      0.00      0.00

07:02:21        IFACE   rxpck/s   txpck/s    rxkB/s    txkB/s   rxcmp/s   txcmp/s  rxmcst/s   %ifutil
07:02:22         ens5      0.00      0.00      0.00      0.00      0.00      0.00      0.00      0.00

07:02:22        IFACE   rxpck/s   txpck/s    rxkB/s    txkB/s   rxcmp/s   txcmp/s  rxmcst/s   %ifutil
07:02:23         ens5      0.00      0.00      0.00      0.00      0.00      0.00      0.00      0.00

07:02:23        IFACE   rxpck/s   txpck/s    rxkB/s    txkB/s   rxcmp/s   txcmp/s  rxmcst/s   %ifutil
07:02:24         ens5    148.00    139.00      9.55     63.43      0.00      0.00      0.00      0.00

07:02:24        IFACE   rxpck/s   txpck/s    rxkB/s    txkB/s   rxcmp/s   txcmp/s  rxmcst/s   %ifutil
07:02:25         ens5    697.00    698.00     46.14    325.57      0.00      0.00      0.00      0.00

07:02:25        IFACE   rxpck/s   txpck/s    rxkB/s    txkB/s   rxcmp/s   txcmp/s  rxmcst/s   %ifutil
07:02:26         ens5    529.00    528.00     34.51    240.44      0.00      0.00      0.00      0.00

07:02:26        IFACE   rxpck/s   txpck/s    rxkB/s    txkB/s   rxcmp/s   txcmp/s  rxmcst/s   %ifutil
07:02:27         ens5     44.00     31.00      2.60     12.04      0.00      0.00      0.00      0.00

07:02:27        IFACE   rxpck/s   txpck/s    rxkB/s    txkB/s   rxcmp/s   txcmp/s  rxmcst/s   %ifutil
07:02:28         ens5      0.00      0.00      0.00      0.00      0.00      0.00      0.00      0.00

07:02:28        IFACE   rxpck/s   txpck/s    rxkB/s    txkB/s   rxcmp/s   txcmp/s  rxmcst/s   %ifutil
07:02:29         ens5      0.00      0.00      0.00      0.00      0.00      0.00      0.00      0.00

07:02:29        IFACE   rxpck/s   txpck/s    rxkB/s    txkB/s   rxcmp/s   txcmp/s  rxmcst/s   %ifutil
07:02:30         ens5      0.00      0.00      0.00      0.00      0.00      0.00      0.00      0.00

07:02:30        IFACE   rxpck/s   txpck/s    rxkB/s    txkB/s   rxcmp/s   txcmp/s  rxmcst/s   %ifutil
07:02:31         ens5      0.00      0.00      0.00      0.00      0.00      0.00      0.00      0.00

07:02:31        IFACE   rxpck/s   txpck/s    rxkB/s    txkB/s   rxcmp/s   txcmp/s  rxmcst/s   %ifutil
07:02:32         ens5      0.00      0.00      0.00      0.00      0.00      0.00      0.00      0.00

07:02:32        IFACE   rxpck/s   txpck/s    rxkB/s    txkB/s   rxcmp/s   txcmp/s  rxmcst/s   %ifutil
07:02:33         ens5      0.00      0.00      0.00      0.00      0.00      0.00      0.00      0.00

07:02:33        IFACE   rxpck/s   txpck/s    rxkB/s    txkB/s   rxcmp/s   txcmp/s  rxmcst/s   %ifutil
07:02:34         ens5      0.00      0.00      0.00      0.00      0.00      0.00      0.00      0.00

07:02:34        IFACE   rxpck/s   txpck/s    rxkB/s    txkB/s   rxcmp/s   txcmp/s  rxmcst/s   %ifutil
07:02:35         ens5      0.00      0.00      0.00      0.00      0.00      0.00      0.00      0.00

07:02:35        IFACE   rxpck/s   txpck/s    rxkB/s    txkB/s   rxcmp/s   txcmp/s  rxmcst/s   %ifutil
07:02:36         ens5      0.00      0.00      0.00      0.00      0.00      0.00      0.00      0.00

07:02:36        IFACE   rxpck/s   txpck/s    rxkB/s    txkB/s   rxcmp/s   txcmp/s  rxmcst/s   %ifutil
07:02:37         ens5      0.00      0.00      0.00      0.00      0.00      0.00      0.00      0.00


Average:        IFACE   rxpck/s   txpck/s    rxkB/s    txkB/s   rxcmp/s   txcmp/s  rxmcst/s   %ifutil
Average:         ens5     52.48     51.32      3.50     21.81      0.00      0.00      0.00      0.00
