Linux 7.0.0-1010-aws (ip-172-31-31-224) 	08/11/26 	_x86_64_	(2 CPU)

06:31:51        CPU     %user     %nice   %system   %iowait    %steal     %idle
06:31:52        all     51.50      0.00      5.00      0.00      0.50     43.00
06:31:53        all     49.25      0.00      3.02      0.00      2.01     45.73
06:31:54        all     48.48      0.00      4.04      0.00      1.01     46.46
06:31:55        all     47.00      0.00      5.00      0.00      1.50     46.50
06:31:56        all     46.97      0.00      3.54      0.00      2.53     46.97
06:31:57        all     49.50      0.00      2.50      0.00      2.00     46.00
06:31:58        all     49.75      0.00      3.52      0.00      1.01     45.73
06:31:59        all     56.06      0.00      6.57      0.00      0.00     37.37
06:32:00        all     10.68      0.00      0.49      0.00      4.37     84.47
06:32:01        all      0.49      0.00      0.00      0.00      2.46     97.04
06:32:02        all      0.48      0.00      0.48      0.00      5.31     93.72
06:32:03        all      0.48      0.00      0.00      0.00      5.71     93.81
06:32:04        all      0.50      0.00      0.00      0.00      0.50     98.99
06:32:05        all      0.50      0.00      0.50      0.00      1.00     98.00
06:32:06        all      3.02      0.00      1.01      0.00      0.50     95.48
06:32:07        all      8.59      0.00      4.04      0.00      1.01     86.36
06:32:08        all      6.03      0.00      2.01      0.00      1.01     90.95
06:32:09        all      0.00      0.00      0.50      0.00      0.50     98.99
06:32:10        all      1.01      0.00      0.00      0.00      0.00     98.99
06:32:11        all      0.00      0.00      0.00      0.00      0.50     99.50
06:32:12        all      0.00      0.00      0.50      0.00      0.00     99.50
06:32:13        all      0.50      0.00      0.00      0.00      0.00     99.50
06:32:14        all      5.50      0.00      1.50      0.00      0.00     93.00
06:32:15        all      0.00      0.00      0.00      0.00      1.00     99.00
06:32:16        all      0.50      0.00      0.00      0.00      0.00     99.50
06:32:17        all      0.51      0.00      0.00      0.51      0.00     98.99
06:32:18        all      0.00      0.00      0.00      0.00      0.00    100.00


Average:        all     16.12      0.00      1.63      0.02      1.30     80.94
