Linux 7.0.0-1010-aws (ip-172-31-31-224) 	08/11/26 	_x86_64_	(2 CPU)

06:31:51    kbmemfree   kbavail kbmemused  %memused kbbuffers  kbcached  kbcommit   %commit  kbactive   kbinact   kbdirty
06:31:52       695352   1293760    437968     22.45     14148    726420   1606080     82.33    352152    736444       184
06:31:53       623784   1222192    509536     26.12     14148    726420   1677080     85.96    422920    736444       184
06:31:54       551208   1149616    582112     29.84     14148    726420   1747808     89.59    491280    736444       184
06:31:55       455700   1054112    677616     34.73     14148    726424   1844024     94.52    590512    736448       188
06:31:56       375312    973724    758004     38.85     14148    726424   1927604     98.81    672412    736448       188
06:31:57       334992    933404    798324     40.92     14148    726424   1965428    100.74    709304    736448       188
06:31:58       246540    844952    886776     45.45     14148    726424   2053280    105.25    797864    736448       188
06:31:59       109704    708124   1023604     52.47     14148    726432   2190648    112.29    936592    736456       196
06:32:00       109704    708124   1023600     52.47     14148    726436   2190648    112.29    937016    736456       200
06:32:01       109704    708124   1023600     52.47     14148    726436   2190648    112.29    937016    736456       200
06:32:02       109704    708124   1023600     52.47     14148    726436   2190648    112.29    937016    736456       200
06:32:03       109704    708124   1023600     52.47     14148    726436   2190648    112.29    937016    736456       200
06:32:04       109704    708124   1023600     52.47     14148    726436   2190648    112.29    937016    736456       200
06:32:05       109704    708124   1023596     52.47     14148    726440   2190648    112.29    937016    736456       204
06:32:06       109816    708244   1023484     52.46     14148    726440   2190648    112.29    937752    736464       204
06:32:07       110136    708564   1023164     52.45     14148    726440   2190968    112.31    937752    736464       204
06:32:08       110136    708564   1023164     52.45     14148    726440   2190968    112.31    937836    736464       204
06:32:09       110136    708564   1023164     52.45     14148    726440   2190968    112.31    937876    736464       204
06:32:10       110136    708564   1023164     52.45     14148    726440   2190968    112.31    937876    736464       204
06:32:11       110136    708564   1023156     52.45     14148    726448   2190968    112.31    937876    736464       212
06:32:12       110136    708564   1023156     52.45     14148    726448   2190968    112.31    937876    736464       212
06:32:13       110136    708564   1023156     52.45     14148    726448   2190968    112.31    937876    736464       212
06:32:14       109912    708352   1023372     52.46     14148    726456   2190968    112.31    937940    736476       220
06:32:15       109912    708356   1023368     52.46     14148    726460   2190968    112.31    937940    736480       168
06:32:16       109912    708356   1023368     52.46     14148    726460   2190968    112.31    937940    736480       168
06:32:17       109912    708360   1023344     52.46     14172    726460   2190968    112.31    937980    736484       204
06:32:18       109912    708360   1023344     52.46     14172    726460   2190968    112.31    937980    736484        84


Average:       203005    801430    930294     47.69     14150    726439   2097708    107.53    843986    736460       193
