Linux 7.0.0-1010-aws (ip-172-31-31-224) 	08/11/26 	_x86_64_	(2 CPU)

06:31:51        IFACE   rxpck/s   txpck/s    rxkB/s    txkB/s   rxcmp/s   txcmp/s  rxmcst/s   %ifutil
06:31:52         ens5     48.00     47.00      4.12      6.10      0.00      0.00      0.00      0.00

06:31:52        IFACE   rxpck/s   txpck/s    rxkB/s    txkB/s   rxcmp/s   txcmp/s  rxmcst/s   %ifutil
06:31:53         ens5     42.00     36.00      3.43      4.40      0.00      0.00      0.00      0.00

06:31:53        IFACE   rxpck/s   txpck/s    rxkB/s    txkB/s   rxcmp/s   txcmp/s  rxmcst/s   %ifutil
06:31:54         ens5      3.00      8.00      0.15      1.70      0.00      0.00      0.00      0.00

06:31:54        IFACE   rxpck/s   txpck/s    rxkB/s    txkB/s   rxcmp/s   txcmp/s  rxmcst/s   %ifutil
06:31:55         ens5      7.00      7.00      0.36      1.48      0.00      0.00      0.00      0.00

06:31:55        IFACE   rxpck/s   txpck/s    rxkB/s    txkB/s   rxcmp/s   txcmp/s  rxmcst/s   %ifutil
06:31:56         ens5      4.00      5.00      0.20      1.10      0.00      0.00      0.00      0.00

06:31:56        IFACE   rxpck/s   txpck/s    rxkB/s    txkB/s   rxcmp/s   txcmp/s  rxmcst/s   %ifutil
06:31:57         ens5     10.00      9.00      0.51      1.88      0.00      0.00      0.00      0.00

06:31:57        IFACE   rxpck/s   txpck/s    rxkB/s    txkB/s   rxcmp/s   txcmp/s  rxmcst/s   %ifutil
06:31:58         ens5      8.00      7.00      0.43      1.39      0.00      0.00      0.00      0.00

06:31:58        IFACE   rxpck/s   txpck/s    rxkB/s    txkB/s   rxcmp/s   txcmp/s  rxmcst/s   %ifutil
06:31:59         ens5      3.00      3.00      0.15      0.66      0.00      0.00      0.00      0.00

06:31:59        IFACE   rxpck/s   txpck/s    rxkB/s    txkB/s   rxcmp/s   txcmp/s  rxmcst/s   %ifutil
06:32:00         ens5      3.00      3.00      0.15      0.61      0.00      0.00      0.00      0.00

06:32:00        IFACE   rxpck/s   txpck/s    rxkB/s    txkB/s   rxcmp/s   txcmp/s  rxmcst/s   %ifutil
06:32:01         ens5      0.00      0.00      0.00      0.00      0.00      0.00      0.00      0.00

06:32:01        IFACE   rxpck/s   txpck/s    rxkB/s    txkB/s   rxcmp/s   txcmp/s  rxmcst/s   %ifutil
06:32:02         ens5     16.00     26.00      8.31     22.51      0.00      0.00      0.00      0.00

06:32:02        IFACE   rxpck/s   txpck/s    rxkB/s    txkB/s   rxcmp/s   txcmp/s  rxmcst/s   %ifutil
06:32:03         ens5      0.00      0.00      0.00      0.00      0.00      0.00      0.00      0.00

06:32:03        IFACE   rxpck/s   txpck/s    rxkB/s    txkB/s   rxcmp/s   txcmp/s  rxmcst/s   %ifutil
06:32:04         ens5      0.00      0.00      0.00      0.00      0.00      0.00      0.00      0.00

06:32:04        IFACE   rxpck/s   txpck/s    rxkB/s    txkB/s   rxcmp/s   txcmp/s  rxmcst/s   %ifutil
06:32:05         ens5     11.00     20.00      7.21     15.43      0.00      0.00      0.00      0.00

06:32:05        IFACE   rxpck/s   txpck/s    rxkB/s    txkB/s   rxcmp/s   txcmp/s  rxmcst/s   %ifutil
06:32:06         ens5    170.00    249.00    101.66    185.53      0.00      0.00      0.00      0.00

06:32:06        IFACE   rxpck/s   txpck/s    rxkB/s    txkB/s   rxcmp/s   txcmp/s  rxmcst/s   %ifutil
06:32:07         ens5    575.00   1032.00    389.00    769.60      0.00      0.00      0.00      0.00

06:32:07        IFACE   rxpck/s   txpck/s    rxkB/s    txkB/s   rxcmp/s   txcmp/s  rxmcst/s   %ifutil
06:32:08         ens5    405.00    639.00    244.64    465.74      0.00      0.00      0.00      0.00

06:32:08        IFACE   rxpck/s   txpck/s    rxkB/s    txkB/s   rxcmp/s   txcmp/s  rxmcst/s   %ifutil
06:32:09         ens5      8.00     10.00      4.21      7.62      0.00      0.00      0.00      0.00

06:32:09        IFACE   rxpck/s   txpck/s    rxkB/s    txkB/s   rxcmp/s   txcmp/s  rxmcst/s   %ifutil
06:32:10         ens5     14.00     20.00      8.30     15.24      0.00      0.00      0.00      0.00

06:32:10        IFACE   rxpck/s   txpck/s    rxkB/s    txkB/s   rxcmp/s   txcmp/s  rxmcst/s   %ifutil
06:32:11         ens5      0.00      0.00      0.00      0.00      0.00      0.00      0.00      0.00

06:32:11        IFACE   rxpck/s   txpck/s    rxkB/s    txkB/s   rxcmp/s   txcmp/s  rxmcst/s   %ifutil
06:32:12         ens5      0.00      0.00      0.00      0.00      0.00      0.00      0.00      0.00

06:32:12        IFACE   rxpck/s   txpck/s    rxkB/s    txkB/s   rxcmp/s   txcmp/s  rxmcst/s   %ifutil
06:32:13         ens5      0.00      0.00      0.00      0.00      0.00      0.00      0.00      0.00

06:32:13        IFACE   rxpck/s   txpck/s    rxkB/s    txkB/s   rxcmp/s   txcmp/s  rxmcst/s   %ifutil
06:32:14         ens5      8.00     11.00      4.23      7.71      0.00      0.00      0.00      0.00

06:32:14        IFACE   rxpck/s   txpck/s    rxkB/s    txkB/s   rxcmp/s   txcmp/s  rxmcst/s   %ifutil
06:32:15         ens5      0.00      0.00      0.00      0.00      0.00      0.00      0.00      0.00

06:32:15        IFACE   rxpck/s   txpck/s    rxkB/s    txkB/s   rxcmp/s   txcmp/s  rxmcst/s   %ifutil
06:32:16         ens5      0.00      0.00      0.00      0.00      0.00      0.00      0.00      0.00

06:32:16        IFACE   rxpck/s   txpck/s    rxkB/s    txkB/s   rxcmp/s   txcmp/s  rxmcst/s   %ifutil
06:32:17         ens5      1.00      3.00      0.05      0.22      0.00      0.00      0.00      0.00

06:32:17        IFACE   rxpck/s   txpck/s    rxkB/s    txkB/s   rxcmp/s   txcmp/s  rxmcst/s   %ifutil
06:32:18         ens5      1.00      1.00      0.03      0.04      0.00      0.00      0.00      0.00


Average:        IFACE   rxpck/s   txpck/s    rxkB/s    txkB/s   rxcmp/s   txcmp/s  rxmcst/s   %ifutil
Average:         ens5     49.52     79.11     28.78     55.89      0.00      0.00      0.00      0.00
