Linux 7.0.0-1010-aws (ip-172-31-20-134) 	08/11/26 	_x86_64_	(2 CPU)

16:53:07        CPU     %user     %nice   %system   %iowait    %steal     %idle
16:53:08        all      2.01      0.00      1.01      0.00      0.00     96.98
16:53:09        all      0.00      0.00      0.50      0.00      0.00     99.50
16:53:10        all      0.00      0.00      0.50      0.00      0.00     99.50
16:53:11        all      0.50      0.00      0.00      1.00      0.00     98.50
16:53:12        all      0.00      0.00      0.50      0.00      0.00     99.50
16:53:13        all      0.00      0.00      0.00      0.00      0.00    100.00
16:53:14        all      4.52      0.00      1.51      0.00      0.00     93.97
16:53:15        all      1.50      0.00      0.50      0.00      0.00     98.00
16:53:16        all      0.00      0.00      0.00      0.00      1.00     99.00
16:53:17        all      0.00      0.00      0.00      0.00      0.00    100.00
16:53:18        all      0.51      0.00      0.00      0.00      0.00     99.49
16:53:19        all      0.50      0.00      0.50      0.00      0.00     99.00
16:53:20        all      2.01      0.00      0.00      0.00      0.00     97.99
16:53:21        all     44.62      0.00      4.10      0.00      0.00     51.28
16:53:22        all     89.34      0.00      6.09      0.00      0.00      4.57
16:53:23        all     78.68      0.00      3.05      0.00      0.00     18.27
16:53:24        all      0.00      0.00      0.00      0.00      0.00    100.00
16:53:25        all      0.00      0.00      0.00      0.00      0.00    100.00
16:53:26        all      0.99      0.00      0.50      0.00      0.00     98.51
16:53:27        all      0.00      0.00      0.00      0.00      0.00    100.00
16:53:28        all      0.00      0.00      0.00      0.00      0.00    100.00
16:53:29        all      5.03      0.00      1.51      0.00      0.00     93.47
16:53:30        all      0.00      0.00      0.50      0.00      0.00     99.50


Average:        all      9.91      0.00      0.90      0.04      0.04     89.10
