Linux 7.0.0-1010-aws (ip-172-31-20-134) 	08/11/26 	_x86_64_	(2 CPU)

16:53:07    kbmemfree   kbavail kbmemused  %memused kbbuffers  kbcached  kbcommit   %commit  kbactive   kbinact   kbdirty
16:53:08       139972   1323004    372184     19.08     34300   1260956   1478060     75.76    998120    567024      4216
16:53:09       139972   1323004    372184     19.08     34300   1260956   1478060     75.76    998120    567024      4216
16:53:10       139972   1323004    372184     19.08     34300   1260956   1478060     75.76    998120    567024      4216
16:53:11       139972   1323004    372180     19.08     34300   1260960   1478060     75.76    998196    567024       372
16:53:12       139972   1323004    372180     19.08     34300   1260960   1478060     75.76    998204    567024       320
16:53:13       139972   1323004    372180     19.08     34300   1260960   1478060     75.76    998204    567024       320
16:53:14       139216   1322248    372928     19.12     34300   1260968   1478060     75.76    997576    567024       328
16:53:15       137956   1320992    374188     19.18     34300   1260968   1479352     75.83    999256    567028       328
16:53:16       137956   1321048    374124     19.18     34300   1261024   1479352     75.83    999324    567080       384
16:53:17       137956   1321048    374120     19.18     34300   1261028   1479352     75.83    999324    567080       388
16:53:18       136444   1319536    375632     19.25     34300   1261028   1479352     75.83    999996    567080       388
16:53:19       136444   1319552    375632     19.25     34300   1261028   1479352     75.83   1000112    567096       344
16:53:20       136444   1319552    375632     19.25     34300   1261028   1483528     76.04   1001120    567096       344
16:53:21       133480   1317384    377760     19.36     34300   1261812   1601132     82.07   1006824    567880      1132
16:53:22       121900   1307308    387732     19.87     34300   1263392   1783424     91.42   1017140    569376      2712
16:53:23       119332   1305992    388988     19.94     34300   1264584   1783996     91.44   1018968    570592      3900
16:53:24       119332   1305992    388988     19.94     34300   1264584   1783996     91.44   1018968    570592      3900
16:53:25       119332   1305996    388964     19.94     34324   1264584   1783996     91.44   1019056    570596      3924
16:53:26       119332   1305996    388964     19.94     34324   1264584   1783996     91.44   1019056    570596      3840
16:53:27       119332   1305996    388960     19.94     34324   1264588   1783996     91.44   1019056    570596      3796
16:53:28       119332   1305996    388956     19.94     34324   1264592   1783996     91.44   1019056    570596      3800
16:53:29       118604   1305356    389668     19.97     34324   1264592   1783996     91.44   1019168    570684      3800
16:53:30       118604   1305356    389660     19.97     34324   1264600   1783996     91.44   1019168    570684      3808

Average:       130906   1315364    379739     19.46     34306   1262380   1603619     82.20   1007049    568427      2208
