Linux 7.0.0-1010-aws (ip-172-31-20-134) 	08/11/26 	_x86_64_	(2 CPU)

16:53:07        IFACE   rxpck/s   txpck/s    rxkB/s    txkB/s   rxcmp/s   txcmp/s  rxmcst/s   %ifutil
16:53:08         ens5     52.00     56.00      4.35      5.78      0.00      0.00      0.00      0.00

16:53:08        IFACE   rxpck/s   txpck/s    rxkB/s    txkB/s   rxcmp/s   txcmp/s  rxmcst/s   %ifutil
16:53:09         ens5     48.00     48.00      4.12      4.78      0.00      0.00      0.00      0.00

16:53:09        IFACE   rxpck/s   txpck/s    rxkB/s    txkB/s   rxcmp/s   txcmp/s  rxmcst/s   %ifutil
16:53:10         ens5     24.00     23.00      2.03      2.29      0.00      0.00      0.00      0.00

16:53:10        IFACE   rxpck/s   txpck/s    rxkB/s    txkB/s   rxcmp/s   txcmp/s  rxmcst/s   %ifutil
16:53:11         ens5      0.00      0.00      0.00      0.00      0.00      0.00      0.00      0.00

16:53:11        IFACE   rxpck/s   txpck/s    rxkB/s    txkB/s   rxcmp/s   txcmp/s  rxmcst/s   %ifutil
16:53:12         ens5      0.00      0.00      0.00      0.00      0.00      0.00      0.00      0.00

16:53:12        IFACE   rxpck/s   txpck/s    rxkB/s    txkB/s   rxcmp/s   txcmp/s  rxmcst/s   %ifutil
16:53:13         ens5      0.00      0.00      0.00      0.00      0.00      0.00      0.00      0.00

16:53:13        IFACE   rxpck/s   txpck/s    rxkB/s    txkB/s   rxcmp/s   txcmp/s  rxmcst/s   %ifutil
16:53:14         ens5      0.00      0.00      0.00      0.00      0.00      0.00      0.00      0.00

16:53:14        IFACE   rxpck/s   txpck/s    rxkB/s    txkB/s   rxcmp/s   txcmp/s  rxmcst/s   %ifutil
16:53:15         ens5     55.00     47.00     54.69      3.50      0.00      0.00      0.00      0.00

16:53:15        IFACE   rxpck/s   txpck/s    rxkB/s    txkB/s   rxcmp/s   txcmp/s  rxmcst/s   %ifutil
16:53:16         ens5      0.00      0.00      0.00      0.00      0.00      0.00      0.00      0.00

16:53:16        IFACE   rxpck/s   txpck/s    rxkB/s    txkB/s   rxcmp/s   txcmp/s  rxmcst/s   %ifutil
16:53:17         ens5      0.00      0.00      0.00      0.00      0.00      0.00      0.00      0.00

16:53:17        IFACE   rxpck/s   txpck/s    rxkB/s    txkB/s   rxcmp/s   txcmp/s  rxmcst/s   %ifutil
16:53:18         ens5      0.00      0.00      0.00      0.00      0.00      0.00      0.00      0.00

16:53:18        IFACE   rxpck/s   txpck/s    rxkB/s    txkB/s   rxcmp/s   txcmp/s  rxmcst/s   %ifutil
16:53:19         ens5      0.00      0.00      0.00      0.00      0.00      0.00      0.00      0.00

16:53:19        IFACE   rxpck/s   txpck/s    rxkB/s    txkB/s   rxcmp/s   txcmp/s  rxmcst/s   %ifutil
16:53:20         ens5     36.00     29.00     33.57      2.46      0.00      0.00      0.00      0.00

16:53:20        IFACE   rxpck/s   txpck/s    rxkB/s    txkB/s   rxcmp/s   txcmp/s  rxmcst/s   %ifutil
16:53:21         ens5    746.00    588.00    687.59     49.49      0.00      0.00      0.00      0.00

16:53:21        IFACE   rxpck/s   txpck/s    rxkB/s    txkB/s   rxcmp/s   txcmp/s  rxmcst/s   %ifutil
16:53:22         ens5   1483.00   1167.00   1333.22     96.24      0.00      0.00      0.00      0.00

16:53:22        IFACE   rxpck/s   txpck/s    rxkB/s    txkB/s   rxcmp/s   txcmp/s  rxmcst/s   %ifutil
16:53:23         ens5   1011.00    877.00   1000.70     76.65      0.00      0.00      0.00      0.00

16:53:23        IFACE   rxpck/s   txpck/s    rxkB/s    txkB/s   rxcmp/s   txcmp/s  rxmcst/s   %ifutil
16:53:24         ens5      1.00      1.00      0.07      0.09      0.00      0.00      0.00      0.00

16:53:24        IFACE   rxpck/s   txpck/s    rxkB/s    txkB/s   rxcmp/s   txcmp/s  rxmcst/s   %ifutil
16:53:25         ens5      0.00      0.00      0.00      0.00      0.00      0.00      0.00      0.00

16:53:25        IFACE   rxpck/s   txpck/s    rxkB/s    txkB/s   rxcmp/s   txcmp/s  rxmcst/s   %ifutil
16:53:26         ens5      0.00      0.00      0.00      0.00      0.00      0.00      0.00      0.00

16:53:26        IFACE   rxpck/s   txpck/s    rxkB/s    txkB/s   rxcmp/s   txcmp/s  rxmcst/s   %ifutil
16:53:27         ens5      0.00      0.00      0.00      0.00      0.00      0.00      0.00      0.00

16:53:27        IFACE   rxpck/s   txpck/s    rxkB/s    txkB/s   rxcmp/s   txcmp/s  rxmcst/s   %ifutil
16:53:28         ens5      0.00      0.00      0.00      0.00      0.00      0.00      0.00      0.00

16:53:28        IFACE   rxpck/s   txpck/s    rxkB/s    txkB/s   rxcmp/s   txcmp/s  rxmcst/s   %ifutil
16:53:29         ens5      0.00      0.00      0.00      0.00      0.00      0.00      0.00      0.00

16:53:29        IFACE   rxpck/s   txpck/s    rxkB/s    txkB/s   rxcmp/s   txcmp/s  rxmcst/s   %ifutil
16:53:30         ens5      0.00      0.00      0.00      0.00      0.00      0.00      0.00      0.00



Average:        IFACE   rxpck/s   txpck/s    rxkB/s    txkB/s   rxcmp/s   txcmp/s  rxmcst/s   %ifutil
Average:         ens5    150.26    123.30    135.67     10.49      0.00      0.00      0.00      0.00
