Linux 7.0.0-1010-aws (ip-172-31-20-134) 	08/11/26 	_x86_64_	(2 CPU)

18:59:22        CPU     %user     %nice   %system   %iowait    %steal     %idle
18:59:23        all      2.00      0.00      2.00      0.00      0.00     96.00
18:59:24        all      0.00      0.00      0.00      0.00      0.00    100.00
18:59:25        all      0.00      0.00      0.00      1.01      0.00     98.99
18:59:26        all      0.99      0.00      0.50      0.00      0.00     98.51
18:59:27        all      0.00      0.00      0.00      0.00      0.00    100.00
18:59:28        all      1.00      0.00      0.00      0.00      1.00     98.00
18:59:29        all      5.00      0.00      2.00      0.00      0.00     93.00
18:59:30        all      0.00      0.00      0.00      0.00      0.00    100.00
18:59:31        all      1.52      0.00      0.51      0.00      0.00     97.98
18:59:32        all     10.00      0.00      2.00      0.00      0.00     88.00
18:59:33        all     65.82      0.00      7.65      0.00      0.00     26.53
18:59:34        all     85.86      0.00     12.63      0.00      0.00      1.52
18:59:35        all     51.52      0.00      7.07      0.00      0.00     41.41
18:59:36        all      1.00      0.00      0.50      0.00      0.00     98.51
18:59:37        all      0.00      0.00      0.00      0.00      0.00    100.00
18:59:38        all      0.00      0.00      0.00      0.00      0.00    100.00
18:59:39        all      0.50      0.00      0.00      0.00      0.00     99.50
18:59:40        all      0.00      0.00      0.50      0.00      0.00     99.50
18:59:41        all      0.00      0.00      0.00      0.00      0.00    100.00
18:59:42        all      0.00      0.00      0.00      0.00      0.00    100.00
18:59:43        all      0.99      0.00      0.50      0.00      0.00     98.51
18:59:44        all      5.10      0.00      0.51      0.00      0.00     94.39
18:59:45        all      0.50      0.00      0.50      0.00      0.00     99.00

Average:        all     10.00      0.00      1.59      0.04      0.04     88.32
