Linux 7.0.0-1010-aws (ip-172-31-20-134) 	08/11/26 	_x86_64_	(2 CPU)

18:59:22        IFACE   rxpck/s   txpck/s    rxkB/s    txkB/s   rxcmp/s   txcmp/s  rxmcst/s   %ifutil
18:59:23         ens5     50.00     53.00      4.23      5.51      0.00      0.00      0.00      0.00

18:59:23        IFACE   rxpck/s   txpck/s    rxkB/s    txkB/s   rxcmp/s   txcmp/s  rxmcst/s   %ifutil
18:59:24         ens5     29.00     28.00      2.46      2.79      0.00      0.00      0.00      0.00

18:59:24        IFACE   rxpck/s   txpck/s    rxkB/s    txkB/s   rxcmp/s   txcmp/s  rxmcst/s   %ifutil
18:59:25         ens5      0.00      0.00      0.00      0.00      0.00      0.00      0.00      0.00

18:59:25        IFACE   rxpck/s   txpck/s    rxkB/s    txkB/s   rxcmp/s   txcmp/s  rxmcst/s   %ifutil
18:59:26         ens5      0.00      0.00      0.00      0.00      0.00      0.00      0.00      0.00

18:59:26        IFACE   rxpck/s   txpck/s    rxkB/s    txkB/s   rxcmp/s   txcmp/s  rxmcst/s   %ifutil
18:59:27         ens5      0.00      0.00      0.00      0.00      0.00      0.00      0.00      0.00

18:59:27        IFACE   rxpck/s   txpck/s    rxkB/s    txkB/s   rxcmp/s   txcmp/s  rxmcst/s   %ifutil
18:59:28         ens5     66.00     68.00     41.83     13.87      0.00      0.00      0.00      0.00

18:59:28        IFACE   rxpck/s   txpck/s    rxkB/s    txkB/s   rxcmp/s   txcmp/s  rxmcst/s   %ifutil
18:59:29         ens5      0.00      0.00      0.00      0.00      0.00      0.00      0.00      0.00

18:59:29        IFACE   rxpck/s   txpck/s    rxkB/s    txkB/s   rxcmp/s   txcmp/s  rxmcst/s   %ifutil
18:59:30         ens5      0.00      0.00      0.00      0.00      0.00      0.00      0.00      0.00

18:59:30        IFACE   rxpck/s   txpck/s    rxkB/s    txkB/s   rxcmp/s   txcmp/s  rxmcst/s   %ifutil
18:59:31         ens5      9.00     13.00      2.09      4.39      0.00      0.00      0.00      0.00

18:59:31        IFACE   rxpck/s   txpck/s    rxkB/s    txkB/s   rxcmp/s   txcmp/s  rxmcst/s   %ifutil
18:59:32         ens5    134.00    134.00     73.94     26.24      0.00      0.00      0.00      0.00

18:59:32        IFACE   rxpck/s   txpck/s    rxkB/s    txkB/s   rxcmp/s   txcmp/s  rxmcst/s   %ifutil
18:59:33         ens5    995.00    896.00    524.04    191.93      0.00      0.00      0.00      0.00

18:59:33        IFACE   rxpck/s   txpck/s    rxkB/s    txkB/s   rxcmp/s   txcmp/s  rxmcst/s   %ifutil
18:59:34         ens5   1186.00   1278.00    637.04    242.04      0.00      0.00      0.00      0.00

18:59:34        IFACE   rxpck/s   txpck/s    rxkB/s    txkB/s   rxcmp/s   txcmp/s  rxmcst/s   %ifutil
18:59:35         ens5    273.00    460.00    157.32     69.16      0.00      0.00      0.00      0.00

18:59:35        IFACE   rxpck/s   txpck/s    rxkB/s    txkB/s   rxcmp/s   txcmp/s  rxmcst/s   %ifutil
18:59:36         ens5      0.00      0.00      0.00      0.00      0.00      0.00      0.00      0.00

18:59:36        IFACE   rxpck/s   txpck/s    rxkB/s    txkB/s   rxcmp/s   txcmp/s  rxmcst/s   %ifutil
18:59:37         ens5      0.00      0.00      0.00      0.00      0.00      0.00      0.00      0.00

18:59:37        IFACE   rxpck/s   txpck/s    rxkB/s    txkB/s   rxcmp/s   txcmp/s  rxmcst/s   %ifutil
18:59:38         ens5      0.00      0.00      0.00      0.00      0.00      0.00      0.00      0.00

18:59:38        IFACE   rxpck/s   txpck/s    rxkB/s    txkB/s   rxcmp/s   txcmp/s  rxmcst/s   %ifutil
18:59:39         ens5      0.00      0.00      0.00      0.00      0.00      0.00      0.00      0.00

18:59:39        IFACE   rxpck/s   txpck/s    rxkB/s    txkB/s   rxcmp/s   txcmp/s  rxmcst/s   %ifutil
18:59:40         ens5      0.00      0.00      0.00      0.00      0.00      0.00      0.00      0.00

18:59:40        IFACE   rxpck/s   txpck/s    rxkB/s    txkB/s   rxcmp/s   txcmp/s  rxmcst/s   %ifutil
18:59:41         ens5      0.00      0.00      0.00      0.00      0.00      0.00      0.00      0.00

18:59:41        IFACE   rxpck/s   txpck/s    rxkB/s    txkB/s   rxcmp/s   txcmp/s  rxmcst/s   %ifutil
18:59:42         ens5      0.00      0.00      0.00      0.00      0.00      0.00      0.00      0.00

18:59:42        IFACE   rxpck/s   txpck/s    rxkB/s    txkB/s   rxcmp/s   txcmp/s  rxmcst/s   %ifutil
18:59:43         ens5      0.00      0.00      0.00      0.00      0.00      0.00      0.00      0.00

18:59:43        IFACE   rxpck/s   txpck/s    rxkB/s    txkB/s   rxcmp/s   txcmp/s  rxmcst/s   %ifutil
18:59:44         ens5      0.00      0.00      0.00      0.00      0.00      0.00      0.00      0.00

18:59:44        IFACE   rxpck/s   txpck/s    rxkB/s    txkB/s   rxcmp/s   txcmp/s  rxmcst/s   %ifutil
18:59:45         ens5     27.00     26.00      2.29      2.60      0.00      0.00      0.00      0.00


Average:        IFACE   rxpck/s   txpck/s    rxkB/s    txkB/s   rxcmp/s   txcmp/s  rxmcst/s   %ifutil
Average:         ens5    120.39    128.52     62.84     24.28      0.00      0.00      0.00      0.00
