Linux 7.0.0-1010-aws (ip-172-31-31-224) 	08/11/26 	_x86_64_	(2 CPU)

07:17:14    kbmemfree   kbavail kbmemused  %memused kbbuffers  kbcached  kbcommit   %commit  kbactive   kbinact   kbdirty
07:17:15       763196   1286932    443928     22.76     15612    650076   1610436     82.55    377924    638464       216
07:17:16       683060   1206796    524064     26.86     15612    650076   1681404     86.19    450768    638464       216
07:17:17       618800   1142560    588300     30.16     15636    650076   1748108     89.61    517840    638488       272
07:17:18       506156   1029916    700944     35.93     15636    650076   1860872     95.39    630864    638488       272
07:17:19       409640    933404    797456     40.88     15636    650080   1960912    100.51    728060    638492       276
07:17:20       385448    909212    821648     42.12     15636    650080   1986776    101.84    754100    638492       276
07:17:21       296996    820760    910100     46.65     15636    650080   2070276    106.12    836780    638492       276
07:17:22       159908    683672   1047188     53.68     15636    650080   2207508    113.15    976652    638492       276
07:17:23       159908    683672   1047188     53.68     15636    650080   2207508    113.15    976652    638492       276
07:17:24       159908    683672   1047184     53.68     15636    650084   2207508    113.15    976652    638492       280
07:17:25       159908    683672   1047184     53.68     15636    650084   2207508    113.15    976652    638492       280
07:17:26       159908    683672   1047184     53.68     15636    650084   2207508    113.15    976652    638492       280
07:17:27       159908    683672   1047184     53.68     15636    650084   2207508    113.15    976652    638492       280
07:17:28       159908    683672   1047184     53.68     15636    650084   2207508    113.15    976652    638492       280
07:17:29       159908    683676   1047172     53.68     15636    650096   2207508    113.15    976636    638496       292
07:17:30       159908    683676   1047172     53.68     15636    650096   2207508    113.15    976636    638496       292
07:17:31       159908    683676   1047172     53.68     15636    650096   2207508    113.15    976696    638496       184
07:17:32       159908    683676   1047172     53.68     15636    650096   2207508    113.15    976696    638496       184
07:17:33       159908    683676   1047172     53.68     15636    650096   2207508    113.15    976696    638496       184
07:17:34       159908    683676   1047172     53.68     15636    650096   2207508    113.15    976696    638496       184
07:17:35       159908    683676   1047164     53.68     15636    650104   2207508    113.15    976696    638496       188
07:17:36       159908    683692   1047164     53.68     15636    650104   2207508    113.15    977300    638512       188
07:17:37       159908    683692   1047164     53.68     15636    650104   2207508    113.15    977300    638512       188
07:17:38       159908    683692   1047164     53.68     15636    650104   2207508    113.15    977300    638512       188
07:17:39       159908    683692   1047164     53.68     15636    650104   2207508    113.15    977300    638512       188
07:17:40       159908    683696   1047160     53.68     15636    650108   2207508    113.15    977328    638516       144
07:17:41       159908    683696   1047160     53.68     15636    650108   2207508    113.15    977328    638516       144
07:17:42       159908    683696   1047160     53.68     15636    650108   2207508    113.15    977328    638516       144

Average:       250763    774531    956324     49.02     15634    650091   2117016    108.52    886101    638496       230
