Linux 7.0.0-1010-aws (ip-172-31-20-134) 	08/11/26 	_x86_64_	(2 CPU)

16:38:12        CPU     %user     %nice   %system   %iowait    %steal     %idle
16:38:13        all      7.04      0.00      2.01      0.00      0.50     90.45
16:38:14        all      0.00      0.00      0.00      0.00      0.00    100.00
16:38:15        all      0.00      0.00      0.00      0.00      0.00    100.00
16:38:16        all      1.00      0.00      0.50      0.00      0.00     98.51
16:38:17        all      0.00      0.00      0.00      0.00      0.00    100.00
16:38:18        all      0.50      0.00      0.50      0.00      0.00     98.99
16:38:19        all      1.51      0.00      0.50      0.00      0.00     97.99
16:38:20        all      0.00      0.00      0.00      0.00      0.00    100.00
16:38:21        all      0.50      0.00      0.00      0.00      0.00     99.50
16:38:22        all      0.50      0.00      0.50      0.00      0.00     99.00
16:38:23        all      3.06      0.00      0.00      0.00      0.00     96.94
16:38:24        all     57.29      0.00      6.03      0.00      0.00     36.68
16:38:25        all     91.46      0.00      6.53      0.00      0.00      2.01
16:38:26        all     80.40      0.00      4.02      0.00      0.00     15.58
16:38:27        all      0.50      0.00      0.00      0.00      0.00     99.50
16:38:28        all      5.03      0.00      1.51      0.00      0.00     93.47
16:38:29        all      0.50      0.00      0.00      0.00      0.00     99.50
16:38:30        all      0.00      0.00      0.00      0.00      0.00    100.00
16:38:31        all      0.00      0.00      0.00      0.00      0.00    100.00
16:38:32        all      0.00      0.00      0.00      0.00      0.00    100.00
16:38:33        all      1.00      0.00      0.00      0.00      0.00     99.00
16:38:34        all      0.00      0.00      0.50      0.00      0.00     99.50
16:38:35        all      0.00      0.00      0.00      0.00      0.00    100.00

Average:        all     10.88      0.00      0.98      0.00      0.02     88.11
