Linux 7.0.0-1010-aws (ip-172-31-20-134) 	08/11/26 	_x86_64_	(2 CPU)

16:38:12    kbmemfree   kbavail kbmemused  %memused kbbuffers  kbcached  kbcommit   %commit  kbactive   kbinact   kbdirty
16:38:13       186000   1325168    370952     19.01     33304   1218792   1478256     75.77    996448    524564       384
16:38:14       186000   1325168    370952     19.01     33304   1218792   1478256     75.77    996448    524564       384
16:38:15       186000   1325168    370952     19.01     33304   1218792   1478256     75.77    996448    524564       384
16:38:16       186000   1325168    370948     19.01     33304   1218796   1478256     75.77    996448    524564       388
16:38:17       186000   1325168    370948     19.01     33304   1218796   1478256     75.77    996448    524564       388
16:38:18       186000   1325180    370948     19.01     33304   1218796   1478256     75.77    997548    524576       388
16:38:19       184740   1323920    372208     19.08     33304   1218796   1479544     75.84    999904    524576       388
16:38:20       184740   1323920    372116     19.07     33304   1218888   1479544     75.84    999904    524576       480
16:38:21       184740   1323920    372112     19.07     33304   1218892   1479544     75.84    999904    524576       484
16:38:22       184740   1323920    372112     19.07     33304   1218892   1479544     75.84    999904    524576       484
16:38:23       182220   1321496    374632     19.20     33304   1218892   1492072     76.48   1002288    524672       484
16:38:24       163360   1304000    392076     20.10     33336   1220200   1720404     88.19   1011880    526012      1840
16:38:25       148744   1291316    404740     20.75     33336   1222100   1743380     89.36   1027120    527912      3612
16:38:26       148240   1292024    404000     20.71     33336   1223316   1744892     89.44   1024588    529112      4828
16:38:27       148240   1292148    403772     20.70     33336   1223528   1744892     89.44   1024592    529232      5040
16:38:28       148240   1292256    403772     20.70     33336   1223528   1744892     89.44   1024512    529340      5040
16:38:29       148240   1292256    403764     20.70     33336   1223536   1744892     89.44   1024512    529340      4996
16:38:30       148240   1292256    403764     20.70     33336   1223536   1744892     89.44   1024512    529340      4996
16:38:31       148240   1292256    403760     20.70     33336   1223540   1744892     89.44   1024512    529340      5004
16:38:32       148240   1292256    403760     20.70     33336   1223540   1744892     89.44   1024512    529340      5004
16:38:33       148240   1292264    403756     20.70     33336   1223544   1744892     89.44   1025124    529348      5008
16:38:34       148240   1292264    403756     20.70     33336   1223544   1744892     89.44   1025124    529348      5008
16:38:35       148240   1292264    403756     20.70     33336   1223544   1744892     89.44   1025124    529348      5008

Average:       166595   1308076    387981     19.89     33321   1221069   1617065     82.89   1011644    526843      2610
