Linux 7.0.0-1010-aws (ip-172-31-20-134) 	08/11/26 	_x86_64_	(2 CPU)

16:38:12        IFACE   rxpck/s   txpck/s    rxkB/s    txkB/s   rxcmp/s   txcmp/s  rxmcst/s   %ifutil
16:38:13         ens5     48.00     43.00      4.08      5.03      0.00      0.00      0.00      0.00

16:38:13        IFACE   rxpck/s   txpck/s    rxkB/s    txkB/s   rxcmp/s   txcmp/s  rxmcst/s   %ifutil
16:38:14         ens5     37.00     30.00      3.14      3.20      0.00      0.00      0.00      0.00

16:38:14        IFACE   rxpck/s   txpck/s    rxkB/s    txkB/s   rxcmp/s   txcmp/s  rxmcst/s   %ifutil
16:38:15         ens5      0.00      0.00      0.00      0.00      0.00      0.00      0.00      0.00

16:38:15        IFACE   rxpck/s   txpck/s    rxkB/s    txkB/s   rxcmp/s   txcmp/s  rxmcst/s   %ifutil
16:38:16         ens5      0.00      0.00      0.00      0.00      0.00      0.00      0.00      0.00

16:38:16        IFACE   rxpck/s   txpck/s    rxkB/s    txkB/s   rxcmp/s   txcmp/s  rxmcst/s   %ifutil
16:38:17         ens5      0.00      0.00      0.00      0.00      0.00      0.00      0.00      0.00

16:38:17        IFACE   rxpck/s   txpck/s    rxkB/s    txkB/s   rxcmp/s   txcmp/s  rxmcst/s   %ifutil
16:38:18         ens5      1.00      1.00      0.07      0.09      0.00      0.00      0.00      0.00

16:38:18        IFACE   rxpck/s   txpck/s    rxkB/s    txkB/s   rxcmp/s   txcmp/s  rxmcst/s   %ifutil
16:38:19         ens5     71.00     47.00     66.82     25.82      0.00      0.00      0.00      0.00

16:38:19        IFACE   rxpck/s   txpck/s    rxkB/s    txkB/s   rxcmp/s   txcmp/s  rxmcst/s   %ifutil
16:38:20         ens5      0.00      0.00      0.00      0.00      0.00      0.00      0.00      0.00

16:38:20        IFACE   rxpck/s   txpck/s    rxkB/s    txkB/s   rxcmp/s   txcmp/s  rxmcst/s   %ifutil
16:38:21         ens5      0.00      0.00      0.00      0.00      0.00      0.00      0.00      0.00

16:38:21        IFACE   rxpck/s   txpck/s    rxkB/s    txkB/s   rxcmp/s   txcmp/s  rxmcst/s   %ifutil
16:38:22         ens5      0.00      0.00      0.00      0.00      0.00      0.00      0.00      0.00

16:38:22        IFACE   rxpck/s   txpck/s    rxkB/s    txkB/s   rxcmp/s   txcmp/s  rxmcst/s   %ifutil
16:38:23         ens5     59.00     27.00     55.74     13.67      0.00      0.00      0.00      0.00

16:38:23        IFACE   rxpck/s   txpck/s    rxkB/s    txkB/s   rxcmp/s   txcmp/s  rxmcst/s   %ifutil
16:38:24         ens5   1143.00    432.00   1055.12    263.27      0.00      0.00      0.00      0.00

16:38:24        IFACE   rxpck/s   txpck/s    rxkB/s    txkB/s   rxcmp/s   txcmp/s  rxmcst/s   %ifutil
16:38:25         ens5   1561.00    536.00   1443.02    329.43      0.00      0.00      0.00      0.00

16:38:25        IFACE   rxpck/s   txpck/s    rxkB/s    txkB/s   rxcmp/s   txcmp/s  rxmcst/s   %ifutil
16:38:26         ens5    905.00    558.00    894.05    234.62      0.00      0.00      0.00      0.00

16:38:26        IFACE   rxpck/s   txpck/s    rxkB/s    txkB/s   rxcmp/s   txcmp/s  rxmcst/s   %ifutil
16:38:27         ens5      0.00      0.00      0.00      0.00      0.00      0.00      0.00      0.00

16:38:27        IFACE   rxpck/s   txpck/s    rxkB/s    txkB/s   rxcmp/s   txcmp/s  rxmcst/s   %ifutil
16:38:28         ens5      0.00      0.00      0.00      0.00      0.00      0.00      0.00      0.00

16:38:28        IFACE   rxpck/s   txpck/s    rxkB/s    txkB/s   rxcmp/s   txcmp/s  rxmcst/s   %ifutil
16:38:29         ens5      0.00      0.00      0.00      0.00      0.00      0.00      0.00      0.00

16:38:29        IFACE   rxpck/s   txpck/s    rxkB/s    txkB/s   rxcmp/s   txcmp/s  rxmcst/s   %ifutil
16:38:30         ens5      0.00      0.00      0.00      0.00      0.00      0.00      0.00      0.00

16:38:30        IFACE   rxpck/s   txpck/s    rxkB/s    txkB/s   rxcmp/s   txcmp/s  rxmcst/s   %ifutil
16:38:31         ens5      0.00      0.00      0.00      0.00      0.00      0.00      0.00      0.00

16:38:31        IFACE   rxpck/s   txpck/s    rxkB/s    txkB/s   rxcmp/s   txcmp/s  rxmcst/s   %ifutil
16:38:32         ens5      0.00      0.00      0.00      0.00      0.00      0.00      0.00      0.00

16:38:32        IFACE   rxpck/s   txpck/s    rxkB/s    txkB/s   rxcmp/s   txcmp/s  rxmcst/s   %ifutil
16:38:33         ens5      0.00      0.00      0.00      0.00      0.00      0.00      0.00      0.00

16:38:33        IFACE   rxpck/s   txpck/s    rxkB/s    txkB/s   rxcmp/s   txcmp/s  rxmcst/s   %ifutil
16:38:34         ens5      1.00      1.00      0.07      0.09      0.00      0.00      0.00      0.00

16:38:34        IFACE   rxpck/s   txpck/s    rxkB/s    txkB/s   rxcmp/s   txcmp/s  rxmcst/s   %ifutil
16:38:35         ens5      0.00      0.00      0.00      0.00      0.00      0.00      0.00      0.00


Average:        IFACE   rxpck/s   txpck/s    rxkB/s    txkB/s   rxcmp/s   txcmp/s  rxmcst/s   %ifutil
Average:         ens5    166.35     72.83    153.14     38.05      0.00      0.00      0.00      0.00
