Linux 7.0.0-1008-aws (ip-172-31-31-224) 	08/07/26 	_x86_64_	(2 CPU)

06:46:20        CPU     %user     %nice   %system   %iowait    %steal     %idle
06:46:21        all     52.53      0.00      4.04      0.00      0.00     43.43
06:46:22        all     49.75      0.00      4.02      0.00      0.00     46.23
06:46:23        all     50.00      0.00      4.00      0.00      0.00     46.00
06:46:24        all     50.51      0.00      4.55      0.00      0.00     44.95
06:46:25        all     49.75      0.00      3.52      0.00      0.00     46.73
06:46:26        all     47.00      0.00      3.50      0.00      0.00     49.50
06:46:27        all     51.26      0.00      3.52      0.00      0.00     45.23
06:46:28        all     35.00      0.00      4.00      0.00      0.00     61.00
06:46:29        all      0.00      0.00      0.00      0.00      0.00    100.00
06:46:30        all      1.01      0.00      0.00      0.00      0.00     98.99
06:46:31        all      0.00      0.00      0.51      0.00      0.00     99.49
06:46:32        all      1.00      0.00      1.00      0.00      0.00     98.00
06:46:33        all      1.00      0.00      0.50      0.00      0.50     98.00
06:46:34        all      0.51      0.00      0.51      0.00      0.00     98.99
06:46:35        all      1.01      0.00      0.50      0.00      0.00     98.49
06:46:36        all      0.51      0.00      0.00      0.00      0.00     99.49
06:46:37        all      0.51      0.00      0.51      0.00      0.00     98.99
06:46:38        all      0.51      0.00      0.00      0.00      0.00     99.49
06:46:39        all      4.50      0.00      0.50      0.00      0.00     95.00
06:46:40        all      0.00      0.00      0.51      0.00      0.00     99.49
06:46:41        all      1.01      0.00      0.50      0.00      0.00     98.49
06:46:42        all      1.00      0.00      1.00      0.00      0.00     98.01
06:46:43        all      0.51      0.00      0.00      0.00      0.00     99.49
06:46:44        all      1.01      0.00      0.00      0.00      0.00     98.99
06:46:45        all      0.50      0.00      1.00      0.00      0.00     98.50
06:46:46        all      0.51      0.00      0.51      0.00      0.00     98.99
06:46:47        all      1.01      0.00      0.50      0.00      0.00     98.49
06:46:48        all      0.51      0.00      0.51      0.51      0.00     98.48
06:46:49        all      1.00      0.00      1.00      0.00      0.00     98.00
06:46:50        all      0.50      0.00      0.00      0.00      0.00     99.50
06:46:51        all      1.01      0.00      0.00      0.00      0.00     98.99
06:46:52        all      0.51      0.00      0.51      0.00      0.00     98.99
06:46:53        all      0.51      0.00      0.00      0.00      0.00     99.49
06:46:54        all      0.99      0.00      0.99      0.00      0.50     97.52
06:46:55        all      0.00      0.00      0.00      0.00      0.00    100.00
06:46:56        all      1.01      0.00      0.00      0.00      0.00     98.99
06:46:57        all      0.50      0.00      1.50      0.00      0.00     98.00
06:46:58        all      1.01      0.00      0.00      0.00      0.00     98.99
06:46:59        all      0.51      0.00      0.00      0.00      0.00     99.49
06:47:00        all      0.50      0.00      1.01      0.00      0.00     98.49
06:47:01        all      1.00      0.00      0.00      0.00      0.00     99.00
06:47:02        all      0.51      0.00      0.51      0.00      0.00     98.99
06:47:03        all      1.01      0.00      0.00      0.00      0.50     98.49
06:47:04        all      0.50      0.00      1.00      0.00      0.00     98.50
06:47:05        all      0.50      0.00      0.50      0.00      0.00     98.99
06:47:06        all      0.51      0.00      0.51      0.00      0.00     98.99
06:47:07        all      0.51      0.00      0.00      0.00      0.00     99.49
06:47:08        all      0.50      0.00      1.00      0.00      0.00     98.50
06:47:09        all      0.51      0.00      0.00      0.00      0.00     99.49
06:47:10        all      1.00      0.00      0.50      0.00      0.00     98.50
06:47:11        all      1.01      0.00      0.50      0.00      0.00     98.49
06:47:12        all      0.51      0.00      0.51      0.00      0.00     98.99
06:47:13        all      0.51      0.00      0.00      0.00      0.00     99.49
06:47:14        all      0.50      0.00      0.50      0.00      0.00     98.99
06:47:15        all      1.01      0.00      0.50      0.00      0.00     98.49
06:47:16        all      0.51      0.00      0.51      0.00      0.00     98.99
06:47:17        all      0.51      0.00      0.51      0.00      0.00     98.99
06:47:18        all      1.01      0.00      0.00      0.51      0.00     98.48
06:47:19        all      1.00      0.00      1.00      0.00      0.00     98.00
06:47:20        all      1.01      0.00      0.00      0.00      0.00     98.99
06:47:21        all      0.51      0.00      0.51      0.00      0.00     98.98
06:47:22        all      0.50      0.00      1.49      0.00      0.00     98.01
06:47:23        all      1.01      0.00      0.00      0.00      0.50     98.49
06:47:24        all      0.51      0.00      0.00      0.00      0.00     99.49
06:47:25        all      1.00      0.00      1.00      0.00      0.00     98.00
06:47:26        all      0.51      0.00      0.00      0.00      0.00     99.49
06:47:27        all      1.00      0.00      1.00      0.00      0.00     98.00
06:47:28        all      0.51      0.00      0.00      0.00      0.00     99.49
06:47:29        all      1.01      0.00      0.50      0.00      0.00     98.49
06:47:30        all      0.00      0.00      0.00      0.00      0.00    100.00
06:47:31        all      1.00      0.00      1.00      0.00      0.00     98.00
06:47:32        all      0.50      0.00      0.50      0.00      0.00     98.99
06:47:33        all      1.00      0.00      0.50      0.00      0.00     98.50
06:47:34        all      0.51      0.00      0.00      0.00      0.00     99.49
06:47:35        all      1.00      0.00      1.00      0.00      0.00     98.01
06:47:36        all      0.00      0.00      0.00      0.00      0.00    100.00
06:47:37        all      1.00      0.00      0.50      0.00      0.00     98.50
06:47:38        all      0.50      0.00      1.50      0.00      0.00     98.00
06:47:39        all      1.01      0.00      0.00      0.00      0.00     98.99
06:47:40        all      0.00      0.00      0.51      0.00      0.00     99.49
06:47:41        all      1.00      0.00      0.50      0.00      0.00     98.50
06:47:42        all      0.50      0.00      0.50      0.00      0.00     98.99
06:47:43        all      0.51      0.00      0.00      0.00      0.00     99.49
06:47:44        all      0.99      0.00      0.99      0.00      0.50     97.52
06:47:45        all      0.51      0.00      0.00      0.00      0.00     99.49
06:47:46        all      0.51      0.00      0.00      0.00      0.00     99.49
06:47:47        all      1.00      0.00      1.00      0.00      0.00     98.00
06:47:48        all      0.51      0.00      0.51      0.00      0.00     98.98
06:47:49        all      1.01      0.00      0.00      0.00      0.00     98.99
06:47:50        all      0.50      0.00      1.00      0.00      0.00     98.50
06:47:51        all      1.01      0.00      0.50      0.00      0.00     98.49
06:47:52        all      0.51      0.00      0.51      0.00      0.00     98.99
06:47:53        all      0.50      0.00      0.00      0.00      0.50     98.99
06:47:54        all      0.50      0.00      1.00      0.00      0.00     98.50
06:47:55        all      0.51      0.00      0.51      0.00      0.00     98.99
06:47:56        all      1.01      0.00      0.50      0.00      0.00     98.49
06:47:57        all      0.00      0.00      0.00      0.00      0.00    100.00
06:47:58        all      1.00      0.00      1.00      0.00      0.00     98.00
06:47:59        all      0.51      0.00      0.00      0.00      0.00     99.49
06:48:00        all      0.00      0.00      0.00      0.00      0.00    100.00
06:48:01        all      0.50      0.00      1.00      0.00      0.00     98.50
06:48:02        all      1.01      0.00      0.00      0.00      0.00     98.99
06:48:03        all      0.50      0.00      0.00      0.00      0.00     99.50
06:48:04        all      0.50      0.00      1.50      0.00      0.00     98.00
06:48:05        all      0.51      0.00      0.00      0.00      0.00     99.49
06:48:06        all      1.01      0.00      0.00      0.00      0.00     98.99
06:48:07        all      0.50      0.00      1.00      0.00      0.00     98.50
06:48:08        all      0.51      0.00      0.51      0.00      0.00     98.99
06:48:09        all      1.01      0.00      0.00      0.00      0.00     98.99
06:48:10        all      1.01      0.00      0.00      0.00      0.00     98.99
06:48:11        all      0.50      0.00      0.50      0.00      0.00     98.99
06:48:12        all      1.01      0.00      0.50      0.00      0.00     98.49
06:48:13        all      0.00      0.00      0.00      0.00      0.00    100.00
06:48:14        all      1.01      0.00      0.00      0.00      0.00     98.99
06:48:15        all      0.00      0.00      0.51      0.00      0.00     99.49
06:48:16        all      1.01      0.00      0.50      0.00      0.00     98.49
06:48:17        all      0.51      0.00      0.00      0.00      0.00     99.49

Average:        all      3.95      0.00      0.66      0.01      0.03     95.35
