Linux 7.0.0-1010-aws (ip-172-31-31-224) 	08/11/26 	_x86_64_	(2 CPU)

06:46:13    kbmemfree   kbavail kbmemused  %memused kbbuffers  kbcached  kbcommit   %commit  kbactive   kbinact   kbdirty
06:46:14       698924   1294832    436708     22.38     14732    723336   1601964     82.11    394492    687304       188
06:46:15       630884   1226792    504748     25.87     14732    723336   1668932     85.55    462864    687304       188
06:46:16       554276   1150196    581340     29.80     14740    723344   1739404     89.16    533224    687316       272
06:46:17       482204   1078136    653404     33.49     14756    723336   1819044     93.24    610500    687328       284
06:46:18       377624    973556    757984     38.85     14756    723336   1915160     98.17    706896    687328       284
06:46:19       337304    933240    798300     40.92     14756    723340   1960928    100.51    752056    687332       288
06:46:20       256916    852852    878688     45.04     14756    723340   2040908    104.61    832712    687332       240
06:46:21       127892    723828   1007712     51.65     14756    723340   2165852    111.02    959192    687332       244
06:46:22       127892    723828   1007712     51.65     14756    723340   2165916    111.02    959192    687332       244
06:46:23       127892    723828   1007712     51.65     14756    723340   2165916    111.02    959192    687332       244
06:46:24       128152    724088   1007448     51.64     14756    723344   2165916    111.02    959192    687332       248
06:46:25       128152    724088   1007448     51.64     14756    723344   2165916    111.02    959192    687332       248
06:46:26       128152    724088   1007448     51.64     14756    723344   2165916    111.02    959192    687332       248
06:46:27       128152    724088   1007448     51.64     14756    723344   2165916    111.02    959192    687332       248
06:46:28       128152    724088   1007448     51.64     14756    723344   2165916    111.02    958532    687332       248
06:46:29       128152    724104   1007436     51.64     14756    723356   2165916    111.02    959408    687348       260
06:46:30       128400    724352   1007188     51.63     14756    723356   2165980    111.02    959408    687348       260
06:46:31       128408    724360   1007180     51.63     14756    723356   2165980    111.02    959408    687348       260
06:46:32       128408    724360   1007180     51.63     14756    723356   2165980    111.02    959408    687348       260
06:46:33       128408    724360   1007180     51.63     14756    723356   2165980    111.02    959408    687348       260
06:46:34       128408    724360   1007172     51.63     14756    723364   2165980    111.02    959408    687348       268
06:46:35       128408    724360   1007172     51.63     14756    723364   2165980    111.02    959408    687348       268
06:46:36       128408    724368   1007172     51.63     14756    723364   2165980    111.02    959524    687356       268
06:46:37       128408    724368   1007172     51.63     14756    723364   2165980    111.02    959524    687356       268
06:46:38       128408    724368   1007172     51.63     14756    723364   2165980    111.02    959524    687356       176
06:46:39       128408    724368   1007168     51.63     14756    723368   2165980    111.02    959600    687356       144
06:46:40       128408    724368   1007168     51.63     14756    723368   2165980    111.02    959600    687356       144
06:46:41       128408    724368   1007168     51.63     14756    723368   2165980    111.02    959600    687356       144
06:46:42       128408    724368   1007168     51.63     14756    723368   2165980    111.02    959600    687356       140

Average:       212414    808357    923181     47.32     14754    723351   2082664    106.75    875809    687339       236
