Linux 7.0.0-1010-aws (ip-172-31-31-224) 	08/11/26 	_x86_64_	(2 CPU)

06:46:13        IFACE   rxpck/s   txpck/s    rxkB/s    txkB/s   rxcmp/s   txcmp/s  rxmcst/s   %ifutil
06:46:14         ens5     62.00     57.00      4.99      6.92      0.00      0.00      0.00      0.00

06:46:14        IFACE   rxpck/s   txpck/s    rxkB/s    txkB/s   rxcmp/s   txcmp/s  rxmcst/s   %ifutil
06:46:15         ens5     53.00     48.00      4.47      5.65      0.00      0.00      0.00      0.00

06:46:15        IFACE   rxpck/s   txpck/s    rxkB/s    txkB/s   rxcmp/s   txcmp/s  rxmcst/s   %ifutil
06:46:16         ens5      9.00      7.00      0.53      1.28      0.00      0.00      0.00      0.00

06:46:16        IFACE   rxpck/s   txpck/s    rxkB/s    txkB/s   rxcmp/s   txcmp/s  rxmcst/s   %ifutil
06:46:17         ens5      8.00      8.00      0.41      1.66      0.00      0.00      0.00      0.00

06:46:17        IFACE   rxpck/s   txpck/s    rxkB/s    txkB/s   rxcmp/s   txcmp/s  rxmcst/s   %ifutil
06:46:18         ens5      5.00      5.00      0.25      1.10      0.00      0.00      0.00      0.00

06:46:18        IFACE   rxpck/s   txpck/s    rxkB/s    txkB/s   rxcmp/s   txcmp/s  rxmcst/s   %ifutil
06:46:19         ens5      9.00      9.00      0.46      1.90      0.00      0.00      0.00      0.00

06:46:19        IFACE   rxpck/s   txpck/s    rxkB/s    txkB/s   rxcmp/s   txcmp/s  rxmcst/s   %ifutil
06:46:20         ens5      7.00      7.00      0.36      1.38      0.00      0.00      0.00      0.00

06:46:20        IFACE   rxpck/s   txpck/s    rxkB/s    txkB/s   rxcmp/s   txcmp/s  rxmcst/s   %ifutil
06:46:21         ens5      5.00      5.00      0.25      1.10      0.00      0.00      0.00      0.00

06:46:21        IFACE   rxpck/s   txpck/s    rxkB/s    txkB/s   rxcmp/s   txcmp/s  rxmcst/s   %ifutil
06:46:22         ens5      4.00      4.00      0.21      0.80      0.00      0.00      0.00      0.00

06:46:22        IFACE   rxpck/s   txpck/s    rxkB/s    txkB/s   rxcmp/s   txcmp/s  rxmcst/s   %ifutil
06:46:23         ens5      0.00      0.00      0.00      0.00      0.00      0.00      0.00      0.00

06:46:23        IFACE   rxpck/s   txpck/s    rxkB/s    txkB/s   rxcmp/s   txcmp/s  rxmcst/s   %ifutil
06:46:24         ens5     15.00     11.00      8.27      7.14      0.00      0.00      0.00      0.00

06:46:24        IFACE   rxpck/s   txpck/s    rxkB/s    txkB/s   rxcmp/s   txcmp/s  rxmcst/s   %ifutil
06:46:25         ens5      0.00      0.00      0.00      0.00      0.00      0.00      0.00      0.00

06:46:25        IFACE   rxpck/s   txpck/s    rxkB/s    txkB/s   rxcmp/s   txcmp/s  rxmcst/s   %ifutil
06:46:26         ens5      0.00      0.00      0.00      0.00      0.00      0.00      0.00      0.00

06:46:26        IFACE   rxpck/s   txpck/s    rxkB/s    txkB/s   rxcmp/s   txcmp/s  rxmcst/s   %ifutil
06:46:27         ens5      0.00      0.00      0.00      0.00      0.00      0.00      0.00      0.00

06:46:27        IFACE   rxpck/s   txpck/s    rxkB/s    txkB/s   rxcmp/s   txcmp/s  rxmcst/s   %ifutil
06:46:28         ens5    168.00    137.00    107.92     69.36      0.00      0.00      0.00      0.00

06:46:28        IFACE   rxpck/s   txpck/s    rxkB/s    txkB/s   rxcmp/s   txcmp/s  rxmcst/s   %ifutil
06:46:29         ens5    568.00    529.00    391.01    267.27      0.00      0.00      0.00      0.00

06:46:29        IFACE   rxpck/s   txpck/s    rxkB/s    txkB/s   rxcmp/s   txcmp/s  rxmcst/s   %ifutil
06:46:30         ens5    374.00    326.00    247.29    164.11      0.00      0.00      0.00      0.00

06:46:30        IFACE   rxpck/s   txpck/s    rxkB/s    txkB/s   rxcmp/s   txcmp/s  rxmcst/s   %ifutil
06:46:31         ens5      9.00      7.00      4.29      2.84      0.00      0.00      0.00      0.00

06:46:31        IFACE   rxpck/s   txpck/s    rxkB/s    txkB/s   rxcmp/s   txcmp/s  rxmcst/s   %ifutil
06:46:32         ens5      0.00      0.00      0.00      0.00      0.00      0.00      0.00      0.00

06:46:32        IFACE   rxpck/s   txpck/s    rxkB/s    txkB/s   rxcmp/s   txcmp/s  rxmcst/s   %ifutil
06:46:33         ens5      0.00      0.00      0.00      0.00      0.00      0.00      0.00      0.00

06:46:33        IFACE   rxpck/s   txpck/s    rxkB/s    txkB/s   rxcmp/s   txcmp/s  rxmcst/s   %ifutil
06:46:34         ens5      0.00      0.00      0.00      0.00      0.00      0.00      0.00      0.00

06:46:34        IFACE   rxpck/s   txpck/s    rxkB/s    txkB/s   rxcmp/s   txcmp/s  rxmcst/s   %ifutil
06:46:35         ens5      0.00      0.00      0.00      0.00      0.00      0.00      0.00      0.00

06:46:35        IFACE   rxpck/s   txpck/s    rxkB/s    txkB/s   rxcmp/s   txcmp/s  rxmcst/s   %ifutil
06:46:36         ens5      0.00      0.00      0.00      0.00      0.00      0.00      0.00      0.00

06:46:36        IFACE   rxpck/s   txpck/s    rxkB/s    txkB/s   rxcmp/s   txcmp/s  rxmcst/s   %ifutil
06:46:37         ens5      0.00      0.00      0.00      0.00      0.00      0.00      0.00      0.00

06:46:37        IFACE   rxpck/s   txpck/s    rxkB/s    txkB/s   rxcmp/s   txcmp/s  rxmcst/s   %ifutil
06:46:38         ens5      1.00      1.00      0.03      0.04      0.00      0.00      0.00      0.00

06:46:38        IFACE   rxpck/s   txpck/s    rxkB/s    txkB/s   rxcmp/s   txcmp/s  rxmcst/s   %ifutil
06:46:39         ens5      0.00      0.00      0.00      0.00      0.00      0.00      0.00      0.00

06:46:39        IFACE   rxpck/s   txpck/s    rxkB/s    txkB/s   rxcmp/s   txcmp/s  rxmcst/s   %ifutil
06:46:40         ens5      0.00      0.00      0.00      0.00      0.00      0.00      0.00      0.00

06:46:40        IFACE   rxpck/s   txpck/s    rxkB/s    txkB/s   rxcmp/s   txcmp/s  rxmcst/s   %ifutil
06:46:41         ens5      0.00      0.00      0.00      0.00      0.00      0.00      0.00      0.00

06:46:41        IFACE   rxpck/s   txpck/s    rxkB/s    txkB/s   rxcmp/s   txcmp/s  rxmcst/s   %ifutil
06:46:42         ens5      0.00      0.00      0.00      0.00      0.00      0.00      0.00      0.00



Average:        IFACE   rxpck/s   txpck/s    rxkB/s    txkB/s   rxcmp/s   txcmp/s  rxmcst/s   %ifutil
Average:         ens5     44.72     40.03     26.58     18.36      0.00      0.00      0.00      0.00
