Linux 7.0.0-1008-aws (ip-172-31-31-224) 	08/07/26 	_x86_64_	(2 CPU)

07:13:49    kbmemfree   kbavail kbmemused  %memused kbbuffers  kbcached  kbcommit   %commit  kbactive   kbinact   kbdirty
07:13:50       720972   1258372    395012     20.25     15696    664388   1460828     74.88    252588    727612        16
07:13:51       633780   1171180    482204     24.72     15696    664388   1544244     79.16    337092    727612        16
07:13:52       577332   1114732    538652     27.61     15696    664388   1603212     82.18    396716    727612        16
07:13:53       448812    986212    667172     34.20     15696    664388   1732424     88.81    525716    727612        16
07:13:54       352044    889444    763940     39.16     15696    664388   1828120     93.71    619480    727612        16
07:13:55       295848    833248    820136     42.04     15696    664388   1887236     96.74    680248    727612        16
07:13:56       247968    785368    868016     44.50     15696    664388   1937228     99.30    731048    727612        16
07:13:57       118944    656344    997040     51.11     15696    664388   2061852    105.69    853384    727612        16
07:13:58       118944    656344    997040     51.11     15696    664388   2061852    105.69    853384    727612        16
07:13:59       118944    656344    997040     51.11     15696    664388   2061852    105.69    853384    727612        16
07:14:00       118944    656344    997040     51.11     15696    664388   2061852    105.69    853384    727612        16
07:14:01       118944    656344    997040     51.11     15696    664388   2061852    105.69    853508    727612        16
07:14:02       118944    656344    997040     51.11     15696    664388   2061852    105.69    853508    727612        16
07:14:03       118944    656344    997040     51.11     15696    664388   2061852    105.69    853632    727612        16
07:14:04       118944    656344    997040     51.11     15696    664388   2061852    105.69    853632    727612        16
07:14:05       118944    656344    997040     51.11     15696    664388   2061852    105.69    853632    727612        16
07:14:06       118944    656344    997040     51.11     15696    664388   2061852    105.69    853632    727612        16
07:14:07       118944    656344    997040     51.11     15696    664388   2061852    105.69    853632    727612        16
07:14:08       118944    656344    997040     51.11     15696    664388   2061852    105.69    853632    727612        16
07:14:09       118944    656344    997040     51.11     15696    664388   2061852    105.69    853632    727612        16
07:14:10       118944    656344    997036     51.11     15696    664392   2061852    105.69    853632    727612        20
07:14:11       118944    656344    997036     51.11     15696    664392   2061852    105.69    853632    727612        20
07:14:12       118944    656344    997036     51.11     15696    664392   2061852    105.69    853632    727612        20
07:14:13       118944    656344    997036     51.11     15696    664392   2061852    105.69    853632    727612        20
07:14:14       118944    656344    997036     51.11     15696    664392   2061852    105.69    853632    727612        20
07:14:15       118944    656344    997036     51.11     15696    664392   2061852    105.69    853632    727612        20
07:14:16       118944    656344    997036     51.11     15696    664392   2061852    105.69    853632    727612        20
07:14:17       118944    656348    997012     51.11     15720    664392   2061852    105.69    853832    727616       100
07:14:18       118944    656348    997012     51.11     15720    664392   2061852    105.69    853832    727616        96
07:14:19       118944    656348    997012     51.11     15720    664392   2061852    105.69    853832    727616        96
07:14:20       118944    656348    997012     51.11     15720    664392   2061852    105.69    853832    727616        96
07:14:21       118944    656348    997012     51.11     15720    664392   2061852    105.69    853832    727616        92
07:14:22       118944    656348    997012     51.11     15720    664392   2061852    105.69    853832    727616        92
07:14:23       118944    656348    997008     51.11     15720    664396   2061852    105.69    853832    727616        96
07:14:24       118944    656348    997008     51.11     15720    664396   2061852    105.69    853832    727616        96
07:14:25       118944    656348    997008     51.11     15720    664396   2061852    105.69    853832    727616        96
07:14:26       118944    656348    997008     51.11     15720    664396   2061852    105.69    853832    727616        96
07:14:27       118944    656348    997008     51.11     15720    664396   2061852    105.69    853832    727616        96
07:14:28       118944    656348    997008     51.11     15720    664396   2061852    105.69    853832    727616        96
07:14:29       118944    656348    997008     51.11     15720    664396   2061852    105.69    853832    727616        96
07:14:30       118944    656348    997004     51.11     15720    664400   2061852    105.69    853832    727616       100
07:14:31       118944    656348    997004     51.11     15720    664400   2061852    105.69    853832    727616       100
07:14:32       118944    656348    997004     51.11     15720    664400   2061852    105.69    853832    727616       100
07:14:33       118944    656348    997004     51.11     15720    664400   2061852    105.69    853832    727616       100
07:14:34       118944    656348    997004     51.11     15720    664400   2061852    105.69    853832    727616       100
07:14:35       118944    656348    997004     51.11     15720    664400   2061852    105.69    853832    727616       100
07:14:36       118944    656348    997004     51.11     15720    664400   2061852    105.69    853832    727616       100
07:14:37       118944    656348    997004     51.11     15720    664400   2061852    105.69    853832    727616       100
07:14:38       118944    656348    997004     51.11     15720    664400   2061852    105.69    853832    727616       100
07:14:39       118944    656348    997004     51.11     15720    664400   2061852    105.69    853832    727616       100
07:14:40       118944    656348    997000     51.11     15720    664404   2061852    105.69    853832    727616       104
07:14:41       118944    656348    997000     51.11     15720    664404   2061852    105.69    853832    727616       104
07:14:42       118944    656348    997000     51.11     15720    664404   2061852    105.69    853832    727616       104
07:14:43       118944    656348    997000     51.11     15720    664404   2061852    105.69    853832    727616       104
07:14:44       118944    656348    997000     51.11     15720    664404   2061852    105.69    853832    727616       104
07:14:45       118944    656348    997000     51.11     15720    664404   2061916    105.70    853832    727616       104
07:14:46       118944    656348    997000     51.11     15720    664404   2061916    105.70    853832    727616       104
07:14:47       118944    656372    996976     51.11     15744    664404   2061916    105.70    853848    727640       104
07:14:48       118944    656408    996976     51.11     15744    664404   2061916    105.70    853856    727676        24
07:14:49       118944    656408    996976     51.11     15744    664404   2061916    105.70    853856    727676        24
07:14:50       118944    656408    996972     51.11     15744    664408   2061916    105.70    853856    727676        28
07:14:51       118944    656408    996972     51.11     15744    664408   2061916    105.70    853856    727676         0
07:14:52       118944    656408    996972     51.11     15744    664408   2061916    105.70    853856    727676        12
07:14:53       118944    656408    996972     51.11     15744    664408   2061916    105.70    853856    727676        12
07:14:54       118944    656408    996972     51.11     15744    664408   2061916    105.70    853856    727676        12
07:14:55       118944    656408    996972     51.11     15744    664408   2061916    105.70    853856    727676        12
07:14:56       118944    656408    996968     51.11     15744    664412   2061916    105.70    853856    727676        16
07:14:57       118944    656408    996968     51.11     15744    664412   2061916    105.70    853856    727676        16
07:14:58       118944    656408    996968     51.11     15744    664412   2061916    105.70    853856    727676        16
07:14:59       118944    656408    996968     51.11     15744    664412   2061916    105.70    853856    727676        16
07:15:00       118944    656408    996968     51.11     15744    664412   2061916    105.70    853856    727676        16
07:15:01       118944    656408    996968     51.11     15744    664412   2061916    105.70    853856    727676        16


Average:       152890    690305    963064     49.37     15716    664397   2027983    103.96    819959    727626        52
