Linux 7.0.0-1008-aws (ip-172-31-31-224) 	08/07/26 	_x86_64_	(2 CPU)

07:13:49        IFACE   rxpck/s   txpck/s    rxkB/s    txkB/s   rxcmp/s   txcmp/s  rxmcst/s   %ifutil
07:13:50         ens5     41.00     39.00      3.91      5.72      0.00      0.00      0.00      0.00

07:13:50        IFACE   rxpck/s   txpck/s    rxkB/s    txkB/s   rxcmp/s   txcmp/s  rxmcst/s   %ifutil
07:13:51         ens5     44.00     37.00      3.96      4.88      0.00      0.00      0.00      0.00

07:13:51        IFACE   rxpck/s   txpck/s    rxkB/s    txkB/s   rxcmp/s   txcmp/s  rxmcst/s   %ifutil
07:13:52         ens5     11.00     10.00      0.56      2.11      0.00      0.00      0.00      0.00

07:13:52        IFACE   rxpck/s   txpck/s    rxkB/s    txkB/s   rxcmp/s   txcmp/s  rxmcst/s   %ifutil
07:13:53         ens5      7.00      7.00      0.36      1.52      0.00      0.00      0.00      0.00

07:13:53        IFACE   rxpck/s   txpck/s    rxkB/s    txkB/s   rxcmp/s   txcmp/s  rxmcst/s   %ifutil
07:13:54         ens5      3.00      3.00      0.15      0.66      0.00      0.00      0.00      0.00

07:13:54        IFACE   rxpck/s   txpck/s    rxkB/s    txkB/s   rxcmp/s   txcmp/s  rxmcst/s   %ifutil
07:13:55         ens5     12.00     12.00      0.63      2.39      0.00      0.00      0.00      0.00

07:13:55        IFACE   rxpck/s   txpck/s    rxkB/s    txkB/s   rxcmp/s   txcmp/s  rxmcst/s   %ifutil
07:13:56         ens5      5.00      5.00      0.25      1.10      0.00      0.00      0.00      0.00

07:13:56        IFACE   rxpck/s   txpck/s    rxkB/s    txkB/s   rxcmp/s   txcmp/s  rxmcst/s   %ifutil
07:13:57         ens5      5.00      5.00      0.25      1.05      0.00      0.00      0.00      0.00

07:13:57        IFACE   rxpck/s   txpck/s    rxkB/s    txkB/s   rxcmp/s   txcmp/s  rxmcst/s   %ifutil
07:13:58         ens5     72.00     75.00      4.25     56.77      0.00      0.00      0.00      0.00

07:13:58        IFACE   rxpck/s   txpck/s    rxkB/s    txkB/s   rxcmp/s   txcmp/s  rxmcst/s   %ifutil
07:13:59         ens5    126.00    127.00      7.51     91.71      0.00      0.00      0.00      0.00

07:13:59        IFACE   rxpck/s   txpck/s    rxkB/s    txkB/s   rxcmp/s   txcmp/s  rxmcst/s   %ifutil
07:14:00         ens5    124.00    121.00      7.31     86.11      0.00      0.00      0.00      0.00

07:14:00        IFACE   rxpck/s   txpck/s    rxkB/s    txkB/s   rxcmp/s   txcmp/s  rxmcst/s   %ifutil
07:14:01         ens5     96.00     96.00      5.68     68.84      0.00      0.00      0.00      0.00

07:14:01        IFACE   rxpck/s   txpck/s    rxkB/s    txkB/s   rxcmp/s   txcmp/s  rxmcst/s   %ifutil
07:14:02         ens5     88.00     88.00      5.21     63.10      0.00      0.00      0.00      0.00

07:14:02        IFACE   rxpck/s   txpck/s    rxkB/s    txkB/s   rxcmp/s   txcmp/s  rxmcst/s   %ifutil
07:14:03         ens5    130.00    130.00      7.66     91.89      0.00      0.00      0.00      0.00

07:14:03        IFACE   rxpck/s   txpck/s    rxkB/s    txkB/s   rxcmp/s   txcmp/s  rxmcst/s   %ifutil
07:14:04         ens5    130.00    134.00      7.74     97.38      0.00      0.00      0.00      0.00

07:14:04        IFACE   rxpck/s   txpck/s    rxkB/s    txkB/s   rxcmp/s   txcmp/s  rxmcst/s   %ifutil
07:14:05         ens5    133.00    129.00      7.84     91.88      0.00      0.00      0.00      0.00

07:14:05        IFACE   rxpck/s   txpck/s    rxkB/s    txkB/s   rxcmp/s   txcmp/s  rxmcst/s   %ifutil
07:14:06         ens5    128.00    128.00      7.59     91.83      0.00      0.00      0.00      0.00

07:14:06        IFACE   rxpck/s   txpck/s    rxkB/s    txkB/s   rxcmp/s   txcmp/s  rxmcst/s   %ifutil
07:14:07         ens5    130.00    128.00      7.70     91.83      0.00      0.00      0.00      0.00

07:14:07        IFACE   rxpck/s   txpck/s    rxkB/s    txkB/s   rxcmp/s   txcmp/s  rxmcst/s   %ifutil
07:14:08         ens5    130.00    129.00      7.70     91.90      0.00      0.00      0.00      0.00

07:14:08        IFACE   rxpck/s   txpck/s    rxkB/s    txkB/s   rxcmp/s   txcmp/s  rxmcst/s   %ifutil
07:14:09         ens5    129.00    128.00      7.64     91.83      0.00      0.00      0.00      0.00

07:14:09        IFACE   rxpck/s   txpck/s    rxkB/s    txkB/s   rxcmp/s   txcmp/s  rxmcst/s   %ifutil
07:14:10         ens5    131.00    134.00      7.81     97.43      0.00      0.00      0.00      0.00

07:14:10        IFACE   rxpck/s   txpck/s    rxkB/s    txkB/s   rxcmp/s   txcmp/s  rxmcst/s   %ifutil
07:14:11         ens5    133.00    130.00      7.87     91.98      0.00      0.00      0.00      0.00

07:14:11        IFACE   rxpck/s   txpck/s    rxkB/s    txkB/s   rxcmp/s   txcmp/s  rxmcst/s   %ifutil
07:14:12         ens5    129.00    128.00      7.64     91.83      0.00      0.00      0.00      0.00

07:14:12        IFACE   rxpck/s   txpck/s    rxkB/s    txkB/s   rxcmp/s   txcmp/s  rxmcst/s   %ifutil
07:14:13         ens5    129.00    129.00      7.65     91.90      0.00      0.00      0.00      0.00

07:14:13        IFACE   rxpck/s   txpck/s    rxkB/s    txkB/s   rxcmp/s   txcmp/s  rxmcst/s   %ifutil
07:14:14         ens5    128.00    128.00      7.59     91.83      0.00      0.00      0.00      0.00

07:14:14        IFACE   rxpck/s   txpck/s    rxkB/s    txkB/s   rxcmp/s   txcmp/s  rxmcst/s   %ifutil
07:14:15         ens5    128.00    127.00      7.59     91.76      0.00      0.00      0.00      0.00

07:14:15        IFACE   rxpck/s   txpck/s    rxkB/s    txkB/s   rxcmp/s   txcmp/s  rxmcst/s   %ifutil
07:14:16         ens5    129.00    129.00      7.65     91.90      0.00      0.00      0.00      0.00

07:14:16        IFACE   rxpck/s   txpck/s    rxkB/s    txkB/s   rxcmp/s   txcmp/s  rxmcst/s   %ifutil
07:14:17         ens5    134.00    135.00      7.96     97.50      0.00      0.00      0.00      0.00

07:14:17        IFACE   rxpck/s   txpck/s    rxkB/s    txkB/s   rxcmp/s   txcmp/s  rxmcst/s   %ifutil
07:14:18         ens5    130.00    128.00      7.70     91.83      0.00      0.00      0.00      0.00

07:14:18        IFACE   rxpck/s   txpck/s    rxkB/s    txkB/s   rxcmp/s   txcmp/s  rxmcst/s   %ifutil
07:14:19         ens5    129.00    128.00      7.64     91.83      0.00      0.00      0.00      0.00

07:14:19        IFACE   rxpck/s   txpck/s    rxkB/s    txkB/s   rxcmp/s   txcmp/s  rxmcst/s   %ifutil
07:14:20         ens5    128.00    128.00      7.59     91.83      0.00      0.00      0.00      0.00

07:14:20        IFACE   rxpck/s   txpck/s    rxkB/s    txkB/s   rxcmp/s   txcmp/s  rxmcst/s   %ifutil
07:14:21         ens5    128.00    128.00      7.59     91.83      0.00      0.00      0.00      0.00

07:14:21        IFACE   rxpck/s   txpck/s    rxkB/s    txkB/s   rxcmp/s   txcmp/s  rxmcst/s   %ifutil
07:14:22         ens5    131.00    135.00      7.81     97.50      0.00      0.00      0.00      0.00

07:14:22        IFACE   rxpck/s   txpck/s    rxkB/s    txkB/s   rxcmp/s   txcmp/s  rxmcst/s   %ifutil
07:14:23         ens5    133.00    129.00      7.85     91.89      0.00      0.00      0.00      0.00

07:14:23        IFACE   rxpck/s   txpck/s    rxkB/s    txkB/s   rxcmp/s   txcmp/s  rxmcst/s   %ifutil
07:14:24         ens5    130.00    128.00      7.73     91.83      0.00      0.00      0.00      0.00

07:14:24        IFACE   rxpck/s   txpck/s    rxkB/s    txkB/s   rxcmp/s   txcmp/s  rxmcst/s   %ifutil
07:14:25         ens5    129.00    129.00      7.65     91.90      0.00      0.00      0.00      0.00

07:14:25        IFACE   rxpck/s   txpck/s    rxkB/s    txkB/s   rxcmp/s   txcmp/s  rxmcst/s   %ifutil
07:14:26         ens5    131.00    135.00      7.81     97.50      0.00      0.00      0.00      0.00

07:14:26        IFACE   rxpck/s   txpck/s    rxkB/s    txkB/s   rxcmp/s   txcmp/s  rxmcst/s   %ifutil
07:14:27         ens5    128.00    128.00      7.59     91.83      0.00      0.00      0.00      0.00

07:14:27        IFACE   rxpck/s   txpck/s    rxkB/s    txkB/s   rxcmp/s   txcmp/s  rxmcst/s   %ifutil
07:14:28         ens5    129.00    129.00      7.67     91.92      0.00      0.00      0.00      0.00

07:14:28        IFACE   rxpck/s   txpck/s    rxkB/s    txkB/s   rxcmp/s   txcmp/s  rxmcst/s   %ifutil
07:14:29         ens5    128.00    128.00      7.59     91.83      0.00      0.00      0.00      0.00

07:14:29        IFACE   rxpck/s   txpck/s    rxkB/s    txkB/s   rxcmp/s   txcmp/s  rxmcst/s   %ifutil
07:14:30         ens5    132.00    129.00      7.80     91.89      0.00      0.00      0.00      0.00

07:14:30        IFACE   rxpck/s   txpck/s    rxkB/s    txkB/s   rxcmp/s   txcmp/s  rxmcst/s   %ifutil
07:14:31         ens5    128.00    128.00      7.59     91.83      0.00      0.00      0.00      0.00

07:14:31        IFACE   rxpck/s   txpck/s    rxkB/s    txkB/s   rxcmp/s   txcmp/s  rxmcst/s   %ifutil
07:14:32         ens5    129.00    128.00      7.64     91.83      0.00      0.00      0.00      0.00

07:14:32        IFACE   rxpck/s   txpck/s    rxkB/s    txkB/s   rxcmp/s   txcmp/s  rxmcst/s   %ifutil
07:14:33         ens5    129.00    128.00      7.64     91.83      0.00      0.00      0.00      0.00

07:14:33        IFACE   rxpck/s   txpck/s    rxkB/s    txkB/s   rxcmp/s   txcmp/s  rxmcst/s   %ifutil
07:14:34         ens5    129.00    128.00      7.64     91.83      0.00      0.00      0.00      0.00

07:14:34        IFACE   rxpck/s   txpck/s    rxkB/s    txkB/s   rxcmp/s   txcmp/s  rxmcst/s   %ifutil
07:14:35         ens5    129.00    129.00      7.65     91.90      0.00      0.00      0.00      0.00

07:14:35        IFACE   rxpck/s   txpck/s    rxkB/s    txkB/s   rxcmp/s   txcmp/s  rxmcst/s   %ifutil
07:14:36         ens5    128.00    128.00      7.59     91.83      0.00      0.00      0.00      0.00

07:14:36        IFACE   rxpck/s   txpck/s    rxkB/s    txkB/s   rxcmp/s   txcmp/s  rxmcst/s   %ifutil
07:14:37         ens5    128.00    129.00      7.59     91.94      0.00      0.00      0.00      0.00

07:14:37        IFACE   rxpck/s   txpck/s    rxkB/s    txkB/s   rxcmp/s   txcmp/s  rxmcst/s   %ifutil
07:14:38         ens5    130.00    134.00      7.76     97.43      0.00      0.00      0.00      0.00

07:14:38        IFACE   rxpck/s   txpck/s    rxkB/s    txkB/s   rxcmp/s   txcmp/s  rxmcst/s   %ifutil
07:14:39         ens5    132.00    129.00      7.80     91.89      0.00      0.00      0.00      0.00

07:14:39        IFACE   rxpck/s   txpck/s    rxkB/s    txkB/s   rxcmp/s   txcmp/s  rxmcst/s   %ifutil
07:14:40         ens5    124.00    127.00      7.39     91.76      0.00      0.00      0.00      0.00

07:14:40        IFACE   rxpck/s   txpck/s    rxkB/s    txkB/s   rxcmp/s   txcmp/s  rxmcst/s   %ifutil
07:14:41         ens5    133.00    129.00      7.85     91.89      0.00      0.00      0.00      0.00

07:14:41        IFACE   rxpck/s   txpck/s    rxkB/s    txkB/s   rxcmp/s   txcmp/s  rxmcst/s   %ifutil
07:14:42         ens5    128.00    128.00      7.59     91.83      0.00      0.00      0.00      0.00

07:14:42        IFACE   rxpck/s   txpck/s    rxkB/s    txkB/s   rxcmp/s   txcmp/s  rxmcst/s   %ifutil
07:14:43         ens5    129.00    129.00      7.65     91.90      0.00      0.00      0.00      0.00

07:14:43        IFACE   rxpck/s   txpck/s    rxkB/s    txkB/s   rxcmp/s   txcmp/s  rxmcst/s   %ifutil
07:14:44         ens5    131.00    135.00      7.83     97.52      0.00      0.00      0.00      0.00

07:14:44        IFACE   rxpck/s   txpck/s    rxkB/s    txkB/s   rxcmp/s   txcmp/s  rxmcst/s   %ifutil
07:14:45         ens5    126.00    122.00      7.43     86.23      0.00      0.00      0.00      0.00

07:14:45        IFACE   rxpck/s   txpck/s    rxkB/s    txkB/s   rxcmp/s   txcmp/s  rxmcst/s   %ifutil
07:14:46         ens5    134.00    135.00      7.96     97.50      0.00      0.00      0.00      0.00

07:14:46        IFACE   rxpck/s   txpck/s    rxkB/s    txkB/s   rxcmp/s   txcmp/s  rxmcst/s   %ifutil
07:14:47         ens5    130.00    128.00      7.73     91.83      0.00      0.00      0.00      0.00

07:14:47        IFACE   rxpck/s   txpck/s    rxkB/s    txkB/s   rxcmp/s   txcmp/s  rxmcst/s   %ifutil
07:14:48         ens5    128.00    128.00      7.59     91.83      0.00      0.00      0.00      0.00

07:14:48        IFACE   rxpck/s   txpck/s    rxkB/s    txkB/s   rxcmp/s   txcmp/s  rxmcst/s   %ifutil
07:14:49         ens5    128.00    128.00      7.59     91.83      0.00      0.00      0.00      0.00

07:14:49        IFACE   rxpck/s   txpck/s    rxkB/s    txkB/s   rxcmp/s   txcmp/s  rxmcst/s   %ifutil
07:14:50         ens5    129.00    129.00      7.65     91.90      0.00      0.00      0.00      0.00

07:14:50        IFACE   rxpck/s   txpck/s    rxkB/s    txkB/s   rxcmp/s   txcmp/s  rxmcst/s   %ifutil
07:14:51         ens5    127.00    127.00      7.54     91.76      0.00      0.00      0.00      0.00

07:14:51        IFACE   rxpck/s   txpck/s    rxkB/s    txkB/s   rxcmp/s   txcmp/s  rxmcst/s   %ifutil
07:14:52         ens5    120.00    120.00      7.12     86.09      0.00      0.00      0.00      0.00

07:14:52        IFACE   rxpck/s   txpck/s    rxkB/s    txkB/s   rxcmp/s   txcmp/s  rxmcst/s   %ifutil
07:14:53         ens5    123.00    127.00      7.34     91.76      0.00      0.00      0.00      0.00

07:14:53        IFACE   rxpck/s   txpck/s    rxkB/s    txkB/s   rxcmp/s   txcmp/s  rxmcst/s   %ifutil
07:14:54         ens5    128.00    128.00      7.59     91.83      0.00      0.00      0.00      0.00

07:14:54        IFACE   rxpck/s   txpck/s    rxkB/s    txkB/s   rxcmp/s   txcmp/s  rxmcst/s   %ifutil
07:14:55         ens5    130.69    127.72      7.72     90.98      0.00      0.00      0.00      0.00

07:14:55        IFACE   rxpck/s   txpck/s    rxkB/s    txkB/s   rxcmp/s   txcmp/s  rxmcst/s   %ifutil
07:14:56         ens5    129.00    128.00      7.64     91.83      0.00      0.00      0.00      0.00

07:14:56        IFACE   rxpck/s   txpck/s    rxkB/s    txkB/s   rxcmp/s   txcmp/s  rxmcst/s   %ifutil
07:14:57         ens5    128.00    128.00      7.59     91.83      0.00      0.00      0.00      0.00

07:14:57        IFACE   rxpck/s   txpck/s    rxkB/s    txkB/s   rxcmp/s   txcmp/s  rxmcst/s   %ifutil
07:14:58         ens5    129.00    129.00      7.65     91.90      0.00      0.00      0.00      0.00

07:14:58        IFACE   rxpck/s   txpck/s    rxkB/s    txkB/s   rxcmp/s   txcmp/s  rxmcst/s   %ifutil
07:14:59         ens5    128.00    128.00      7.59     91.83      0.00      0.00      0.00      0.00

07:14:59        IFACE   rxpck/s   txpck/s    rxkB/s    txkB/s   rxcmp/s   txcmp/s  rxmcst/s   %ifutil
07:15:00         ens5    121.00    121.00      7.19     86.18      0.00      0.00      0.00      0.00

07:15:00        IFACE   rxpck/s   txpck/s    rxkB/s    txkB/s   rxcmp/s   txcmp/s  rxmcst/s   %ifutil
07:15:01         ens5     47.00     47.00      2.79     34.36      0.00      0.00      0.00      0.00


Average:        IFACE   rxpck/s   txpck/s    rxkB/s    txkB/s   rxcmp/s   txcmp/s  rxmcst/s   %ifutil
Average:         ens5    113.39    113.10      6.76     80.21      0.00      0.00      0.00      0.00
