Linux 7.0.0-1010-aws (ip-172-31-20-134) 	08/11/26 	_x86_64_	(2 CPU)

17:21:36    kbmemfree   kbavail kbmemused  %memused kbbuffers  kbcached  kbcommit   %commit  kbactive   kbinact   kbdirty
17:21:37       103744   1326976    366416     18.78     31300   1302976   1469916     75.35   1000376    603632      1912
17:21:38       103744   1326976    366416     18.78     31300   1302976   1469916     75.35   1000376    603632      1912
17:21:39       103744   1326976    366416     18.78     31300   1302976   1469916     75.35   1000376    603632      1912
17:21:40       103744   1326976    366416     18.78     31300   1302976   1469916     75.35   1000376    603632      1912
17:21:41       103744   1326976    366384     18.78     31300   1303008   1471412     75.42   1001984    603632      1944
17:21:42       103744   1327008    366384     18.78     31300   1303008   1471412     75.42   1002040    603664       564
17:21:43       103744   1327008    366384     18.78     31300   1303008   1471412     75.42   1002040    603664       564
17:21:44       103744   1327016    366340     18.78     31300   1303052   1479920     75.86   1003596    603672       608
17:21:45        98956   1322552    370840     19.01     31300   1303340   1548048     79.35   1009284    603996       896
17:21:46        92416   1316808    376596     19.30     31300   1304080   1709660     87.63   1014740    604776      1636
17:21:47        91156   1315692    377664     19.36     31300   1304268   1710304     87.67   1013864    604916      1824
17:21:48        91156   1315756    377588     19.35     31300   1304344   1710304     87.67   1013848    604980      1900
17:21:49        91156   1315756    377588     19.35     31300   1304344   1710304     87.67   1014468    604980      1900
17:21:50        91156   1315756    377588     19.35     31300   1304344   1710304     87.67   1014468    604980      1900
17:21:51        91156   1315756    377588     19.35     31300   1304344   1710304     87.67   1014468    604980      1900
17:21:52        91156   1315756    377584     19.35     31300   1304348   1710304     87.67   1014468    604980      1904
17:21:53        91156   1315756    377584     19.35     31300   1304348   1710304     87.67   1014468    604980      1904
17:21:54        91156   1315756    377584     19.35     31300   1304348   1710304     87.67   1014468    604980      1904
17:21:55        91156   1315760    377552     19.35     31324   1304348   1710304     87.67   1014476    604980      2020
17:21:56        91156   1315760    377552     19.35     31324   1304348   1710304     87.67   1014476    604980      2020
17:21:57        91156   1315760    377544     19.35     31324   1304356   1710304     87.67   1014476    604980      2028

Average:        96383   1320406    372953     19.12     31303   1303769   1611661     82.61   1009197    604412      1670
