Linux 7.0.0-1008-aws (ip-172-31-20-134) 	08/07/26 	_x86_64_	(2 CPU)

16:14:35        CPU     %user     %nice   %system   %iowait    %steal     %idle
16:14:36        all      1.52      0.00      1.52      0.00      0.00     96.97
16:14:37        all      1.00      0.00      0.00      0.00      0.00     99.00
16:14:38        all      0.00      0.00      0.00      0.00      0.00    100.00
16:14:39        all      0.00      0.00      0.50      0.00      0.00     99.50
16:14:40        all      0.99      0.00      0.00      0.00      0.00     99.01
16:14:41        all      0.00      0.00      0.00      0.00      0.00    100.00
16:14:42        all      0.00      0.00      0.00      0.00      0.00    100.00
16:14:43        all      8.04      0.00      2.51      0.00      0.00     89.45
16:14:44        all     15.82      0.00      3.06      0.00      0.00     81.12
16:14:45        all      9.60      0.00      1.52      0.00      0.00     88.89
16:14:46        all      9.64      0.00      1.02      0.00      0.00     89.34
16:14:47        all      9.18      0.00      1.02      0.00      0.00     89.80
16:14:48        all      9.09      0.00      2.02      0.00      0.00     88.89
16:14:49        all      9.14      0.00      1.52      0.00      0.51     88.83
16:14:50        all      9.09      0.00      2.02      0.00      0.00     88.89
16:14:51        all      9.69      0.00      1.53      0.00      0.00     88.78
16:14:52        all      9.71      0.00      2.43      0.00      9.71     78.16
16:14:53        all      9.81      0.00      1.87      0.00     15.42     72.90
16:14:54        all      8.72      0.00      1.54      0.00      0.00     89.74
16:14:55        all      8.63      0.00      1.52      0.00      0.00     89.85
16:14:56        all      9.64      0.00      1.02      0.00      0.51     88.83
16:14:57        all      9.14      0.00      1.52      0.00      0.00     89.34
16:14:58        all      8.67      0.00      1.53      0.00      0.00     89.80
16:14:59        all     15.31      0.00      2.04      0.00      0.00     82.65
16:15:00        all      8.08      0.00      1.52      0.00      1.01     89.39
16:15:01        all      8.76      0.00      1.03      0.00      0.00     90.21
16:15:02        all      6.53      0.00      1.51      0.00      1.01     90.95
16:15:03        all      8.08      0.00      2.02      1.01      0.00     88.89
16:15:04        all      9.64      0.00      1.52      0.00      0.00     88.83
16:15:05        all      8.63      0.00      1.52      0.00      0.00     89.85
16:15:06        all      8.67      0.00      2.04      1.02      0.00     88.27
16:15:07        all      9.18      0.00      1.02      0.00      0.00     89.80
16:15:08        all      9.18      0.00      1.02      0.00      0.00     89.80
16:15:09        all      9.60      0.00      1.52      0.00      0.00     88.89
16:15:10        all      9.09      0.00      1.52      0.00      0.51     88.89
16:15:11        all      9.09      0.00      2.02      0.00      0.51     88.38
16:15:12        all      9.00      0.00      2.50      0.00      0.00     88.50
16:15:13        all      8.72      0.00      1.03      0.00      0.00     90.26
16:15:14        all     18.97      0.00      2.05      0.00      0.00     78.97
16:15:15        all      8.12      0.00      1.52      0.00      0.00     90.36
16:15:16        all      9.69      0.00      1.53      0.00      0.00     88.78
16:15:17        all      9.09      0.00      2.02      0.00      0.00     88.89
16:15:18        all      8.63      0.00      1.52      0.00      0.00     89.85
16:15:19        all      9.64      0.00      1.52      0.00      0.00     88.83
16:15:20        all      8.63      0.00      2.03      0.00      0.00     89.34
16:15:21        all      9.69      0.00      1.02      0.00      0.00     89.29
16:15:22        all      9.28      0.00      0.52      0.00      0.00     90.21
16:15:23        all      9.60      0.00      1.01      0.00      0.00     89.39
16:15:24        all      8.63      0.00      1.52      0.00      0.00     89.85
16:15:25        all      9.14      0.00      1.52      0.00      0.00     89.34
16:15:26        all      8.16      0.00      1.53      0.00      0.51     89.80
16:15:27        all      8.63      0.00      2.03      0.00      0.00     89.34
16:15:28        all      9.18      0.00      0.51      0.00      0.00     90.31
16:15:29        all     14.29      0.00      2.55      0.00      0.00     83.16
16:15:30        all      9.14      0.00      1.52      0.00      0.51     88.83
16:15:31        all      7.65      0.00      2.04      0.00      0.00     90.31
16:15:32        all      9.60      0.00      1.52      0.00      0.00     88.89
16:15:33        all      8.59      0.00      1.52      1.01      0.00     88.89
16:15:34        all      9.23      0.00      1.54      0.00      0.00     89.23
16:15:35        all      9.09      0.00      1.52      0.00      0.00     89.39
16:15:36        all      8.81      0.00      1.04      0.52      0.00     89.64
16:15:37        all      9.09      0.00      2.02      0.00      0.00     88.89
16:15:38        all      0.51      0.00      0.00      0.00      0.00     99.49
16:15:39        all      0.50      0.00      0.00      0.00      0.00     99.50
16:15:40        all      0.00      0.00      0.00      0.00      0.00    100.00
16:15:41        all      0.99      0.00      0.99      0.00      0.00     98.02
16:15:42        all      0.00      0.00      0.00      0.00      0.00    100.00
16:15:43        all      0.00      0.00      0.00      0.00      0.00    100.00
16:15:44        all      5.56      0.00      1.01      0.00      0.00     93.43
16:15:45        all      0.00      0.00      0.00      0.00      0.00    100.00
16:15:46        all      0.00      0.00      0.00      0.00      0.00    100.00
16:15:47        all      0.00      0.00      0.00      0.00      0.00    100.00
16:15:48        all      0.50      0.00      0.00      0.00      0.00     99.50
16:15:49        all      0.50      0.00      0.00      0.00      0.00     99.50
16:15:50        all      0.00      0.00      0.50      0.00      0.50     99.00
16:15:51        all      0.50      0.00      0.00      0.00      0.00     99.50
16:15:52        all      0.50      0.00      0.50      0.00      0.00     99.00
16:15:53        all      0.00      0.00      0.00      0.00      0.00    100.00
16:15:54        all      0.50      0.00      0.00      0.00      0.00     99.50
16:15:55        all      0.00      0.00      0.50      0.00      0.00     99.50
16:15:56        all      0.00      0.00      0.00      0.00      0.00    100.00
16:15:57        all      0.50      0.00      0.50      0.00      0.00     99.00
16:15:58        all      0.00      0.00      0.00      0.00      0.00    100.00
16:15:59        all      5.53      0.00      1.01      0.00      0.00     93.47
16:16:00        all      0.50      0.00      0.00      0.00      0.50     99.00
16:16:01        all      0.00      0.00      0.00      0.00      0.00    100.00
16:16:02        all      0.50      0.00      0.00      0.00      0.50     99.00
16:16:03        all      0.00      0.00      1.01      0.50      0.00     98.49
16:16:04        all      0.50      0.00      0.00      0.00      0.00     99.50
16:16:05        all      0.00      0.00      0.00      0.00      0.00    100.00
16:16:06        all      1.01      0.00      0.00      0.00      0.00     98.99
16:16:07        all      0.00      0.00      0.00      0.00      0.00    100.00
16:16:08        all      0.00      0.00      0.50      0.00      0.00     99.50
16:16:09        all      0.00      0.00      0.50      0.00      0.00     99.50
16:16:10        all      0.50      0.00      0.00      0.00      0.00     99.50

Average:        all      5.71      0.00      1.03      0.04      0.35     92.87
