Linux 7.0.0-1010-aws (ip-172-31-31-224) 	08/11/26 	_x86_64_	(2 CPU)

08:59:17    kbmemfree   kbavail kbmemused  %memused kbbuffers  kbcached  kbcommit   %commit  kbactive   kbinact   kbdirty
08:59:18       689808   1288744    441908     22.65     23956    716832   1614552     82.76    436440    650796        76
08:59:19       593544   1192484    538168     27.59     23956    716836   1706488     87.47    531284    650800        64
08:59:20       543396   1142336    588316     30.16     23956    716836   1764992     90.47    586340    650800        12
08:59:21       438816   1037756    692896     35.52     23956    716836   1869692     95.84    691824    650800        16
08:59:22       360192    959132    771520     39.55     23956    716836   1944772     99.69    770564    650800        16
08:59:23       287616    886556    844096     43.27     23956    716836   2020336    103.56    843264    650800        16
08:59:24       247548    846492    884160     45.32     23956    716840   2058040    105.49    881800    650804        20
08:59:25       118524    717468   1013184     51.93     23956    716840   2178760    111.68   1004348    650804        20
08:59:26       118524    717468   1013184     51.93     23956    716840   2178824    111.68   1004348    650804        20
08:59:27       118524    717468   1013184     51.93     23956    716840   2178824    111.68   1004348    650804        20
08:59:28       118524    717468   1013184     51.93     23956    716840   2178824    111.68   1004348    650804        20
08:59:29       118524    717468   1013172     51.93     23956    716852   2178824    111.68   1004268    650804        32
08:59:30       118524    717468   1013172     51.93     23956    716852   2178824    111.68   1004268    650804        32
08:59:31       118524    717468   1013172     51.93     23956    716852   2178824    111.68   1004268    650804        32
08:59:32       118524    717468   1013172     51.93     23956    716852   2178824    111.68   1004268    650804        32
08:59:33       118816    717764   1012880     51.92     23956    716852   2178824    111.68   1004388    650808        32
08:59:34       118816    717772   1012876     51.92     23956    716856   2178824    111.68   1004504    650816        36
08:59:35       118816    717772   1012876     51.92     23956    716856   2178824    111.68   1004504    650816        36
08:59:36       118816    717772   1012876     51.92     23956    716856   2182920    111.89   1005000    650816        36
08:59:37       118816    717772   1012876     51.92     23956    716856   2182920    111.89   1005000    650816        36
08:59:38       118816    717772   1012872     51.92     23956    716860   2182920    111.89   1005000    650816        40
08:59:39       118816    717772   1012872     51.92     23956    716860   2182920    111.89   1005000    650816        40
08:59:40       118816    717772   1012868     51.92     23956    716864   2182920    111.89   1005000    650816        44
08:59:41       118816    717772   1012868     51.92     23956    716864   2182920    111.89   1005000    650816        44

Average:       215769    814716    915931     46.95     23956    716848   2085141    106.88    909141    650807        32
