Linux 7.0.0-1010-aws (ip-172-31-31-224) 	08/11/26 	_x86_64_	(2 CPU)

08:59:17        IFACE   rxpck/s   txpck/s    rxkB/s    txkB/s   rxcmp/s   txcmp/s  rxmcst/s   %ifutil
08:59:18         ens5     63.00     61.00      4.99      7.11      0.00      0.00      0.00      0.00

08:59:18        IFACE   rxpck/s   txpck/s    rxkB/s    txkB/s   rxcmp/s   txcmp/s  rxmcst/s   %ifutil
08:59:19         ens5     58.00     56.00      4.74      6.18      0.00      0.00      0.00      0.00

08:59:19        IFACE   rxpck/s   txpck/s    rxkB/s    txkB/s   rxcmp/s   txcmp/s  rxmcst/s   %ifutil
08:59:20         ens5     21.00     22.00      1.52      3.20      0.00      0.00      0.00      0.00

08:59:20        IFACE   rxpck/s   txpck/s    rxkB/s    txkB/s   rxcmp/s   txcmp/s  rxmcst/s   %ifutil
08:59:21         ens5      6.00      6.00      0.30      1.28      0.00      0.00      0.00      0.00

08:59:21        IFACE   rxpck/s   txpck/s    rxkB/s    txkB/s   rxcmp/s   txcmp/s  rxmcst/s   %ifutil
08:59:22         ens5      5.00      5.00      0.25      1.10      0.00      0.00      0.00      0.00

08:59:22        IFACE   rxpck/s   txpck/s    rxkB/s    txkB/s   rxcmp/s   txcmp/s  rxmcst/s   %ifutil
08:59:23         ens5     10.00     10.00      0.51      2.09      0.00      0.00      0.00      0.00

08:59:23        IFACE   rxpck/s   txpck/s    rxkB/s    txkB/s   rxcmp/s   txcmp/s  rxmcst/s   %ifutil
08:59:24         ens5      5.00      5.00      0.25      1.09      0.00      0.00      0.00      0.00

08:59:24        IFACE   rxpck/s   txpck/s    rxkB/s    txkB/s   rxcmp/s   txcmp/s  rxmcst/s   %ifutil
08:59:25         ens5      4.00      4.00      0.23      0.75      0.00      0.00      0.00      0.00

08:59:25        IFACE   rxpck/s   txpck/s    rxkB/s    txkB/s   rxcmp/s   txcmp/s  rxmcst/s   %ifutil
08:59:26         ens5      3.00      3.00      0.15      0.61      0.00      0.00      0.00      0.00

08:59:26        IFACE   rxpck/s   txpck/s    rxkB/s    txkB/s   rxcmp/s   txcmp/s  rxmcst/s   %ifutil
08:59:27         ens5      0.00      0.00      0.00      0.00      0.00      0.00      0.00      0.00

08:59:27        IFACE   rxpck/s   txpck/s    rxkB/s    txkB/s   rxcmp/s   txcmp/s  rxmcst/s   %ifutil
08:59:28         ens5     27.00     29.00      4.58     22.18      0.00      0.00      0.00      0.00

08:59:28        IFACE   rxpck/s   txpck/s    rxkB/s    txkB/s   rxcmp/s   txcmp/s  rxmcst/s   %ifutil
08:59:29         ens5      0.00      0.00      0.00      0.00      0.00      0.00      0.00      0.00

08:59:29        IFACE   rxpck/s   txpck/s    rxkB/s    txkB/s   rxcmp/s   txcmp/s  rxmcst/s   %ifutil
08:59:30         ens5      0.00      0.00      0.00      0.00      0.00      0.00      0.00      0.00

08:59:30        IFACE   rxpck/s   txpck/s    rxkB/s    txkB/s   rxcmp/s   txcmp/s  rxmcst/s   %ifutil
08:59:31         ens5     27.00     26.00      4.94     15.58      0.00      0.00      0.00      0.00

08:59:31        IFACE   rxpck/s   txpck/s    rxkB/s    txkB/s   rxcmp/s   txcmp/s  rxmcst/s   %ifutil
08:59:32         ens5    141.00    143.00     26.82     85.70      0.00      0.00      0.00      0.00

08:59:32        IFACE   rxpck/s   txpck/s    rxkB/s    txkB/s   rxcmp/s   txcmp/s  rxmcst/s   %ifutil
08:59:33         ens5    960.00    953.00    178.93    562.36      0.00      0.00      0.00      0.00

08:59:33        IFACE   rxpck/s   txpck/s    rxkB/s    txkB/s   rxcmp/s   txcmp/s  rxmcst/s   %ifutil
08:59:34         ens5   1229.00   1105.00    211.24    665.83      0.00      0.00      0.00      0.00

08:59:34        IFACE   rxpck/s   txpck/s    rxkB/s    txkB/s   rxcmp/s   txcmp/s  rxmcst/s   %ifutil
08:59:35         ens5    213.00    181.00     34.03    103.41      0.00      0.00      0.00      0.00

08:59:35        IFACE   rxpck/s   txpck/s    rxkB/s    txkB/s   rxcmp/s   txcmp/s  rxmcst/s   %ifutil
08:59:36         ens5      0.00      0.00      0.00      0.00      0.00      0.00      0.00      0.00

08:59:36        IFACE   rxpck/s   txpck/s    rxkB/s    txkB/s   rxcmp/s   txcmp/s  rxmcst/s   %ifutil
08:59:37         ens5      0.00      0.00      0.00      0.00      0.00      0.00      0.00      0.00

08:59:37        IFACE   rxpck/s   txpck/s    rxkB/s    txkB/s   rxcmp/s   txcmp/s  rxmcst/s   %ifutil
08:59:38         ens5      0.00      0.00      0.00      0.00      0.00      0.00      0.00      0.00

08:59:38        IFACE   rxpck/s   txpck/s    rxkB/s    txkB/s   rxcmp/s   txcmp/s  rxmcst/s   %ifutil
08:59:39         ens5      0.00      0.00      0.00      0.00      0.00      0.00      0.00      0.00

08:59:39        IFACE   rxpck/s   txpck/s    rxkB/s    txkB/s   rxcmp/s   txcmp/s  rxmcst/s   %ifutil
08:59:40         ens5      0.00      0.00      0.00      0.00      0.00      0.00      0.00      0.00

08:59:40        IFACE   rxpck/s   txpck/s    rxkB/s    txkB/s   rxcmp/s   txcmp/s  rxmcst/s   %ifutil
08:59:41         ens5      1.00      1.00      0.07      0.09      0.00      0.00      0.00      0.00


Average:        IFACE   rxpck/s   txpck/s    rxkB/s    txkB/s   rxcmp/s   txcmp/s  rxmcst/s   %ifutil
Average:         ens5    115.54    108.75     19.73     61.61      0.00      0.00      0.00      0.00
