Linux 7.0.0-1010-aws (ip-172-31-20-134) 	08/11/26 	_x86_64_	(2 CPU)

19:15:09        CPU     %user     %nice   %system   %iowait    %steal     %idle
19:15:10        all      2.00      0.00      2.00      0.50      0.00     95.50
19:15:11        all      0.50      0.00      0.00      0.00      0.00     99.50
19:15:12        all      0.00      0.00      1.00      0.00      0.00     99.00
19:15:13        all      0.50      0.00      0.00      0.00      0.00     99.50
19:15:14        all      5.56      0.00      1.01      0.00      0.00     93.43
19:15:15        all      0.00      0.00      0.00      0.00      0.00    100.00
19:15:16        all      1.00      0.00      0.00      0.00      0.50     98.50
19:15:17        all      0.00      0.00      0.00      0.00      0.00    100.00
19:15:18        all      0.00      0.00      1.01      0.00      0.00     98.99
19:15:19        all      0.00      0.00      0.00      0.00      0.00    100.00
19:15:20        all      1.00      0.00      0.00      0.00      0.00     99.00
19:15:21        all      0.00      0.00      0.00      0.00      0.00    100.00
19:15:22        all      1.01      0.00      1.01      0.00      0.51     97.47
19:15:23        all      1.53      0.00      2.55      0.00      0.00     95.92
19:15:24        all      2.03      0.00      1.02      0.00      0.00     96.95
19:15:25        all      2.01      0.00      1.51      0.00      0.00     96.48
19:15:26        all      1.00      0.00      0.00      0.00      0.00     99.00
19:15:27        all      0.00      0.00      0.00      0.00      0.00    100.00
19:15:28        all      0.00      0.00      0.00      0.00      0.00    100.00
19:15:29        all      5.45      0.00      1.98      0.00      0.50     92.08
19:15:30        all      0.50      0.00      0.00      0.00      0.00     99.50
19:15:31        all      0.00      0.00      0.00      0.00      0.00    100.00
19:15:32        all      0.00      0.00      0.50      0.00      0.00     99.50


Average:        all      1.05      0.00      0.59      0.02      0.07     98.27
