Linux 7.0.0-1010-aws (ip-172-31-20-134) 	08/11/26 	_x86_64_	(2 CPU)

19:15:09    kbmemfree   kbavail kbmemused  %memused kbbuffers  kbcached  kbcommit   %commit  kbactive   kbinact   kbdirty
19:15:10       110836   1317568    373880     19.16     35204   1281216   1479156     75.82    756236    835592       196
19:15:11       110836   1317568    373880     19.16     35204   1281216   1479156     75.82    756284    835592       140
19:15:12       110836   1317568    373876     19.16     35204   1281220   1479156     75.82    756284    835592       144
19:15:13       110836   1317568    373876     19.16     35204   1281220   1479156     75.82    756284    835592       144
19:15:14       110836   1317568    373868     19.16     35204   1281228   1479156     75.82    756264    835592       152
19:15:15       110836   1317572    373868     19.16     35204   1281228   1479156     75.82    756300    835596       152
19:15:16       110836   1317572    373868     19.16     35204   1281228   1479156     75.82    756300    835596       152
19:15:17       110836   1317572    373864     19.16     35204   1281232   1479156     75.82    756300    835596       156
19:15:18       110836   1317580    373864     19.16     35204   1281232   1479156     75.82    757192    835604       156
19:15:19       110836   1317584    373864     19.16     35204   1281232   1479156     75.82    757352    835608       156
19:15:20       110836   1317584    373864     19.16     35204   1281232   1479156     75.82    757352    835608       112
19:15:21       110836   1317584    373864     19.16     35204   1281232   1479156     75.82    757352    835608       112
19:15:22       110836   1317604    373784     19.16     35204   1281312   1479156     75.82    757580    835628       196
19:15:23       110836   1317676    373680     19.15     35204   1281416   1479156     75.82    759224    835700       300
19:15:24       110836   1317928    373504     19.15     35204   1281580   1483252     76.03    759988    835948       464
19:15:25       110836   1318036    373396     19.14     35220   1281664   1483252     76.03    760492    836052       568
19:15:26       110836   1318088    373320     19.14     35220   1281740   1483252     76.03    760560    836104       644
19:15:27       110836   1318088    373320     19.14     35220   1281740   1483252     76.03    760560    836104       644
19:15:28       110836   1318088    373320     19.14     35220   1281740   1483252     76.03    760560    836104       644
19:15:29       110836   1318092    373316     19.14     35220   1281744   1483252     76.03    760688    836108       648
19:15:30       110836   1318092    373308     19.14     35220   1281752   1483252     76.03    760688    836108       656
19:15:31       110836   1318092    373308     19.14     35220   1281752   1483252     76.03    760688    836108       656
19:15:32       110836   1318092    373304     19.13     35220   1281756   1483252     76.03    760688    836108       660


Average:       110836   1317772    373652     19.15     35210   1281431   1480759     75.90    758314    835793       341
