Linux 7.0.0-1010-aws (ip-172-31-20-134) 	08/11/26 	_x86_64_	(2 CPU)

19:15:09        IFACE   rxpck/s   txpck/s    rxkB/s    txkB/s   rxcmp/s   txcmp/s  rxmcst/s   %ifutil
19:15:10         ens5     47.00     44.00      4.02      4.91      0.00      0.00      0.00      0.00

19:15:10        IFACE   rxpck/s   txpck/s    rxkB/s    txkB/s   rxcmp/s   txcmp/s  rxmcst/s   %ifutil
19:15:11         ens5     56.00     45.00      4.71      4.76      0.00      0.00      0.00      0.00

19:15:11        IFACE   rxpck/s   txpck/s    rxkB/s    txkB/s   rxcmp/s   txcmp/s  rxmcst/s   %ifutil
19:15:12         ens5      6.00      5.00      0.49      0.60      0.00      0.00      0.00      0.00

19:15:12        IFACE   rxpck/s   txpck/s    rxkB/s    txkB/s   rxcmp/s   txcmp/s  rxmcst/s   %ifutil
19:15:13         ens5      1.00      1.00      0.07      0.09      0.00      0.00      0.00      0.00

19:15:13        IFACE   rxpck/s   txpck/s    rxkB/s    txkB/s   rxcmp/s   txcmp/s  rxmcst/s   %ifutil
19:15:14         ens5      0.00      0.00      0.00      0.00      0.00      0.00      0.00      0.00

19:15:14        IFACE   rxpck/s   txpck/s    rxkB/s    txkB/s   rxcmp/s   txcmp/s  rxmcst/s   %ifutil
19:15:15         ens5      0.00      0.00      0.00      0.00      0.00      0.00      0.00      0.00

19:15:15        IFACE   rxpck/s   txpck/s    rxkB/s    txkB/s   rxcmp/s   txcmp/s  rxmcst/s   %ifutil
19:15:16         ens5      0.00      0.00      0.00      0.00      0.00      0.00      0.00      0.00

19:15:16        IFACE   rxpck/s   txpck/s    rxkB/s    txkB/s   rxcmp/s   txcmp/s  rxmcst/s   %ifutil
19:15:17         ens5     13.00     19.00      1.22      1.53      0.00      0.00      0.00      0.00

19:15:17        IFACE   rxpck/s   txpck/s    rxkB/s    txkB/s   rxcmp/s   txcmp/s  rxmcst/s   %ifutil
19:15:18         ens5      0.00      0.00      0.00      0.00      0.00      0.00      0.00      0.00

19:15:18        IFACE   rxpck/s   txpck/s    rxkB/s    txkB/s   rxcmp/s   txcmp/s  rxmcst/s   %ifutil
19:15:19         ens5      0.00      0.00      0.00      0.00      0.00      0.00      0.00      0.00

19:15:19        IFACE   rxpck/s   txpck/s    rxkB/s    txkB/s   rxcmp/s   txcmp/s  rxmcst/s   %ifutil
19:15:20         ens5      0.00      0.00      0.00      0.00      0.00      0.00      0.00      0.00

19:15:20        IFACE   rxpck/s   txpck/s    rxkB/s    txkB/s   rxcmp/s   txcmp/s  rxmcst/s   %ifutil
19:15:21         ens5     12.00     16.00      1.18      1.54      0.00      0.00      0.00      0.00

19:15:21        IFACE   rxpck/s   txpck/s    rxkB/s    txkB/s   rxcmp/s   txcmp/s  rxmcst/s   %ifutil
19:15:22         ens5    154.00    205.00     15.25     19.86      0.00      0.00      0.00      0.00

19:15:22        IFACE   rxpck/s   txpck/s    rxkB/s    txkB/s   rxcmp/s   txcmp/s  rxmcst/s   %ifutil
19:15:23         ens5    498.00    662.00     49.09     63.70      0.00      0.00      0.00      0.00

19:15:23        IFACE   rxpck/s   txpck/s    rxkB/s    txkB/s   rxcmp/s   txcmp/s  rxmcst/s   %ifutil
19:15:24         ens5    262.00    351.00     25.96     33.65      0.00      0.00      0.00      0.00

19:15:24        IFACE   rxpck/s   txpck/s    rxkB/s    txkB/s   rxcmp/s   txcmp/s  rxmcst/s   %ifutil
19:15:25         ens5    149.00    199.00     14.66     19.05      0.00      0.00      0.00      0.00

19:15:25        IFACE   rxpck/s   txpck/s    rxkB/s    txkB/s   rxcmp/s   txcmp/s  rxmcst/s   %ifutil
19:15:26         ens5     18.00     24.00      1.78      2.31      0.00      0.00      0.00      0.00

19:15:26        IFACE   rxpck/s   txpck/s    rxkB/s    txkB/s   rxcmp/s   txcmp/s  rxmcst/s   %ifutil
19:15:27         ens5      0.00      0.00      0.00      0.00      0.00      0.00      0.00      0.00

19:15:27        IFACE   rxpck/s   txpck/s    rxkB/s    txkB/s   rxcmp/s   txcmp/s  rxmcst/s   %ifutil
19:15:28         ens5      1.00      1.00      0.03      0.04      0.00      0.00      0.00      0.00

19:15:28        IFACE   rxpck/s   txpck/s    rxkB/s    txkB/s   rxcmp/s   txcmp/s  rxmcst/s   %ifutil
19:15:29         ens5      0.00      0.00      0.00      0.00      0.00      0.00      0.00      0.00

19:15:29        IFACE   rxpck/s   txpck/s    rxkB/s    txkB/s   rxcmp/s   txcmp/s  rxmcst/s   %ifutil
19:15:30         ens5      1.00      1.00      0.07      0.09      0.00      0.00      0.00      0.00

19:15:30        IFACE   rxpck/s   txpck/s    rxkB/s    txkB/s   rxcmp/s   txcmp/s  rxmcst/s   %ifutil
19:15:31         ens5      0.00      0.00      0.00      0.00      0.00      0.00      0.00      0.00

19:15:31        IFACE   rxpck/s   txpck/s    rxkB/s    txkB/s   rxcmp/s   txcmp/s  rxmcst/s   %ifutil
19:15:32         ens5      0.00      0.00      0.00      0.00      0.00      0.00      0.00      0.00



Average:        IFACE   rxpck/s   txpck/s    rxkB/s    txkB/s   rxcmp/s   txcmp/s  rxmcst/s   %ifutil
Average:         ens5     52.96     68.39      5.15      6.61      0.00      0.00      0.00      0.00
