Linux 7.0.0-1008-aws (ip-172-31-20-134) 	08/07/26 	_x86_64_	(2 CPU)

16:56:11        CPU     %user     %nice   %system   %iowait    %steal     %idle
16:56:12        all      1.50      0.00      1.50      0.00      0.00     97.00
16:56:13        all      0.00      0.00      0.00      0.00      0.00    100.00
16:56:14        all      5.05      0.00      1.01      0.00      0.00     93.94
16:56:15        all      0.00      0.00      0.00      0.00      0.00    100.00
16:56:16        all      0.50      0.00      0.00      0.00      0.00     99.50
16:56:17        all      0.50      0.00      0.00      0.00      0.00     99.50
16:56:18        all      0.50      0.00      1.01      0.00      0.00     98.49
16:56:19        all      3.57      0.00      1.02      0.00      0.00     95.41
16:56:20        all      5.05      0.00      0.00      0.00      0.00     94.95
16:56:21        all      4.55      0.00      1.52      0.00      0.00     93.94
16:56:22        all      5.10      0.00      0.00      0.00      0.00     94.90
16:56:23        all      4.04      0.00      1.52      0.00      0.00     94.44
16:56:24        all      4.55      0.00      0.51      0.00      0.00     94.95
16:56:25        all      4.06      0.00      0.51      0.00      0.00     95.43
16:56:26        all      5.08      0.00      0.51      0.00      0.00     94.42
16:56:27        all      5.05      0.00      0.51      0.00      0.00     94.44
16:56:28        all      3.57      0.00      1.02      0.00      0.00     95.41
16:56:29        all     10.71      0.00      1.53      0.00      0.00     87.76
16:56:30        all      4.06      0.00      0.00      0.00      1.02     94.92
16:56:31        all      5.53      0.00      1.01      0.00      0.00     93.47
16:56:32        all      4.55      0.00      1.01      0.51      0.51     93.43
16:56:33        all      4.55      0.00      1.01      0.00      0.00     94.44
16:56:34        all      5.05      0.00      0.51      0.00      0.00     94.44
16:56:35        all      4.08      0.00      0.51      0.00      0.00     95.41
16:56:36        all      4.50      0.00      2.00      0.00      0.00     93.50
16:56:37        all      5.08      0.00      0.00      0.00      0.00     94.92
16:56:38        all      4.04      0.00      0.51      0.00      0.00     95.45
16:56:39        all      4.57      0.00      1.02      0.00      0.00     94.42
16:56:40        all      5.05      0.00      0.00      0.00      0.00     94.95
16:56:41        all      4.08      0.00      1.02      0.00      0.00     94.90
16:56:42        all      4.59      0.00      0.00      0.00      0.00     95.41
16:56:43        all      4.02      0.00      1.51      0.00      0.00     94.47
16:56:44        all     10.15      0.00      2.03      0.00      0.00     87.82
16:56:45        all      4.06      0.00      1.02      0.00      0.00     94.92
16:56:46        all      4.02      0.00      1.01      0.00      0.50     94.47
16:56:47        all      4.10      0.00      0.51      0.51      0.00     94.87
16:56:48        all      5.53      0.00      1.01      0.00      0.00     93.47
16:56:49        all      4.52      0.00      1.01      0.00      0.00     94.47
16:56:50        all      4.08      0.00      0.51      0.00      0.00     95.41
16:56:51        all      5.03      0.00      1.51      0.00      0.00     93.47
16:56:52        all      4.06      0.00      0.51      0.00      0.00     95.43
16:56:53        all      4.57      0.00      1.02      0.00      0.00     94.42
16:56:54        all      4.57      0.00      0.51      0.00      0.00     94.92
16:56:55        all      4.55      0.00      1.52      0.00      0.00     93.94
16:56:56        all      4.55      0.00      1.01      0.00      0.00     94.44
16:56:57        all      4.08      0.00      0.00      0.00      0.00     95.92
16:56:58        all      4.04      0.00      1.01      0.00      0.00     94.95
16:56:59        all      9.69      0.00      2.04      0.00      0.00     88.27
16:57:00        all      5.03      0.00      0.50      0.00      1.01     93.47
16:57:01        all      3.57      0.00      1.02      0.00      0.00     95.41
16:57:02        all      4.62      0.00      0.51      0.00      0.00     94.87
16:57:03        all      5.56      0.00      0.00      0.00      0.51     93.94
16:57:04        all      4.06      0.00      1.02      0.00      0.00     94.92
16:57:05        all      3.52      0.00      1.51      0.00      0.00     94.97
16:57:06        all      6.06      0.00      1.01      0.00      0.00     92.93
16:57:07        all      4.52      0.00      1.01      0.00      0.00     94.47
16:57:08        all      4.08      0.00      0.00      0.00      0.00     95.92
16:57:09        all      4.57      0.00      0.51      0.00      0.00     94.92
16:57:10        all      4.55      0.00      1.01      0.00      0.00     94.44
16:57:11        all      4.52      0.00      1.01      0.00      0.00     94.47
16:57:12        all      4.59      0.00      0.00      0.00      0.00     95.41
16:57:13        all      4.55      0.00      1.01      0.00      0.00     94.44
16:57:14        all      8.59      0.00      2.02      0.51      0.00     88.89
16:57:15        all      8.59      0.00      0.51      0.00      0.00     90.91
16:57:16        all      5.05      0.00      0.51      0.00      0.00     94.44
16:57:17        all      4.02      0.00      1.51      0.00      0.00     94.47
16:57:18        all      4.10      0.00      0.00      0.00      0.00     95.90
16:57:19        all      4.04      0.00      1.52      0.00      0.00     94.44
16:57:20        all      4.55      0.00      0.51      0.00      0.00     94.95
16:57:21        all      5.08      0.00      0.51      0.00      0.00     94.42
16:57:22        all      5.00      0.00      1.50      0.50      0.00     93.00
16:57:23        all      4.08      0.00      0.00      0.00      0.00     95.92
16:57:24        all      4.52      0.00      1.51      0.00      0.00     93.97
16:57:25        all      4.59      0.00      0.00      0.00      0.00     95.41
16:57:26        all      4.04      0.00      0.51      0.00      0.51     94.95
16:57:27        all      4.57      0.00      0.51      0.00      0.00     94.92
16:57:28        all      4.04      0.00      1.52      0.00      0.00     94.44
16:57:29        all      9.64      0.00      1.52      0.00      0.00     88.83
16:57:30        all      4.08      0.00      0.51      0.00      0.00     95.41
16:57:31        all      4.55      0.00      1.01      0.00      0.00     94.44
16:57:32        all      5.08      0.00      1.02      0.00      0.00     93.91
16:57:33        all      5.03      0.00      1.01      0.00      0.00     93.97
16:57:34        all      4.57      0.00      0.00      0.00      0.00     95.43
16:57:35        all      4.04      0.00      1.01      0.00      0.00     94.95
16:57:36        all      4.57      0.00      0.51      0.00      0.00     94.92
16:57:37        all      4.55      0.00      1.01      0.00      0.00     94.44
16:57:38        all      4.59      0.00      0.00      0.00      0.00     95.41
16:57:39        all      4.52      0.00      1.01      0.00      0.00     94.47
16:57:40        all      4.04      0.00      1.01      0.00      0.51     94.44
16:57:41        all      4.55      0.00      0.51      0.00      0.00     94.95
16:57:42        all      4.08      0.00      0.51      0.00      0.00     95.41
16:57:43        all      4.55      0.00      1.01      0.00      0.00     94.44
16:57:44        all     29.29      0.00      5.05      7.58      0.00     58.08
16:57:45        all     42.64      0.00      2.54      1.52      0.00     53.30
16:57:46        all      4.57      0.00      0.51      0.00      0.00     94.92
16:57:47        all      5.03      0.00      1.01      0.00      0.50     93.47
16:57:48        all      2.50      0.00      0.50      0.00      0.00     97.00
16:57:49        all      0.00      0.00      0.00      0.00      0.00    100.00

Average:        all      5.14      0.00      0.84      0.11      0.05     93.86
