Linux 7.0.0-1008-aws (ip-172-31-20-134) 	08/07/26 	_x86_64_	(2 CPU)

16:56:11    kbmemfree   kbavail kbmemused  %memused kbbuffers  kbcached  kbcommit   %commit  kbactive   kbinact   kbdirty
16:56:12        92608   1295712    373080     19.12     12452   1280952   1635776     83.85    730616    840664       400
16:56:13        92608   1295712    373080     19.12     12452   1280952   1635776     83.85    730616    840664       400
16:56:14        92608   1295712    373072     19.12     12452   1280960   1635776     83.85    730520    840664       408
16:56:15        92608   1295712    373072     19.12     12452   1280960   1635776     83.85    730548    840664       408
16:56:16        92608   1295712    373072     19.12     12452   1280960   1635776     83.85    730548    840664       408
16:56:17        92608   1295724    373068     19.12     12452   1280964   1635776     83.85    730584    840676       404
16:56:18        92608   1295724    373068     19.12     12452   1280964   1635776     83.85    731508    840676       320
16:56:19        92608   1295728    373064     19.12     12452   1280968   1642036     84.17    736592    840680       192
16:56:20        92608   1295924    372868     19.11     12452   1281164   1642340     84.19    736132    840876       388
16:56:21        92608   1296120    372672     19.10     12452   1281360   1642348     84.19    736680    841072       584
16:56:22        92608   1296296    372492     19.09     12452   1281540   1650856     84.63    737044    841248       764
16:56:23        92608   1296484    372304     19.08     12452   1281728   1651112     84.64    738300    841436       952
16:56:24        92608   1296664    372124     19.08     12452   1281908   1651276     84.65    738700    841616      1132
16:56:25        92608   1296856    371932     19.07     12452   1282100   1651400     84.65    738920    841808      1324
16:56:26        92608   1296960    371752     19.06     12452   1282280   1651400     84.65    738940    841912      1504
16:56:27        86072   1290688    378096     19.38     12452   1282472   1651420     84.65    738956    842176      1696
16:56:28        86072   1290840    377904     19.37     12452   1282664   1651444     84.66    739388    842328      1888
16:56:29        85824   1290832    377952     19.37     12452   1282864   1651636     84.67    739628    842568      2088
16:56:30        85824   1291016    377776     19.37     12452   1283040   1651752     84.67    739760    842752      2264
16:56:31        85824   1291204    377584     19.36     12452   1283232   1651748     84.67    739808    842940      2456
16:56:32        85824   1291400    377400     19.35     12476   1283392   1651748     84.67    739820    843136      2724
16:56:33        85824   1291524    377180     19.33     12476   1283612   1651728     84.67    740388    843260      2908
16:56:34        85824   1291708    376996     19.33     12476   1283796   1651720     84.67    740452    843444      3092
16:56:35        85824   1291984    376808     19.32     12476   1283984   1655908     84.88    741912    843720      3280
16:56:36        85824   1292172    376616     19.31     12476   1284176   1655936     84.89    741136    843908      3472
16:56:37        85824   1292284    376432     19.30     12476   1284360   1655936     84.89    741148    844020      3656
16:56:38        85824   1292528    376252     19.29     12476   1284540   1655936     84.89    741152    844264      3836
16:56:39        85824   1292668    376064     19.28     12476   1284728   1656056     84.89    741232    844404      4024
16:56:40        85824   1292868    375876     19.27     12476   1284916   1656056     84.89    741280    844604      4212
16:56:41        85824   1292992    375700     19.26     12476   1285092   1656056     84.89    741280    844728      4388
16:56:42        85824   1293236    375500     19.25     12476   1285292   1656056     84.89    741284    844972      4588
16:56:43        85824   1293444    375316     19.24     12476   1285476   1656040     84.89    741284    845180      4772
16:56:44        85824   1293668    375120     19.23     12476   1285672   1656036     84.89    741364    845404      4824
16:56:45        85824   1293788    374940     19.22     12476   1285852   1656036     84.89    741368    845524      5004
16:56:46        85824   1294024    374748     19.21     12476   1286044   1656036     84.89    741380    845760      5196
16:56:47        85824   1294216    374560     19.20     12476   1286232   1656036     84.89    741388    845952       152
16:56:48        85824   1294424    374368     19.19     12476   1286424   1656036     84.89    742420    846160       356
16:56:49        85824   1294544    374188     19.18     12476   1286604   1656036     84.89    742424    846280       536
16:56:50        85824   1294800    373992     19.17     12476   1286800   1656104     84.89    742820    846536       732
16:56:51        85824   1294908    373812     19.16     12476   1286980   1656116     84.89    742836    846644       912
16:56:52        85824   1295152    373616     19.15     12476   1287176   1656116     84.89    742840    846888      1108
16:56:53        85824   1295276    373440     19.14     12476   1287352   1656372     84.91    742840    847012      1284
16:56:54        85824   1295540    373252     19.13     12476   1287540   1656448     84.91    743444    847276      1472
16:56:55        85824   1295656    373072     19.12     12476   1287720   1656448     84.91    743200    847392      1652
16:56:56        85824   1295900    372868     19.11     12476   1287924   1656424     84.91    743276    847636      1856
16:56:57        85824   1296008    372692     19.10     12476   1288100   1656424     84.91    743292    847744      2032
16:56:58        85824   1296252    372504     19.10     12476   1288288   1656424     84.91    743296    847988      2220
16:56:59        85192   1295828    372944     19.12     12476   1288480   1656424     84.91    743168    848196      2412
16:57:00        85192   1295984    372752     19.11     12476   1288672   1656424     84.91    743260    848352      2604
16:57:01        85192   1296096    372584     19.10     12476   1288840   1656424     84.91    743272    848464      2772
16:57:02        85192   1296380    372352     19.09     12500   1289048   1656424     84.91    743364    848748      2976
16:57:03        85192   1296608    372184     19.08     12500   1289216   1656440     84.91    743880    848976      3032
16:57:04        85192   1296784    372004     19.07     12500   1289396   1656440     84.91    743984    849152      3212
16:57:05        85192   1296916    371808     19.06     12500   1289592   1656440     84.91    743988    849284      3356
16:57:06        85192   1297168    371620     19.05     12500   1289780   1656584     84.92    744636    849536      3548
16:57:07        85192   1297320    371436     19.04     12500   1289964   1656584     84.92    744560    849688      3732
16:57:08        85192   1297432    371252     19.03     12500   1290148   1656584     84.92    744512    849800      3916
16:57:09        85192   1297716    371064     19.02     12500   1290336   1656692     84.92    744600    850084      4104
16:57:10        85192   1297808    370876     19.01     12500   1290524   1656692     84.92    744756    850176      4292
16:57:11        85192   1298056    370692     19.00     12500   1290708   1656692     84.92    744756    850424      4476
16:57:12        85192   1298280    370500     18.99     12500   1290900   1656732     84.93    744780    850648      4668
16:57:13        84940   1298152    370568     19.00     12500   1291084   1656732     84.93    745072    850772      4852
16:57:14        84184   1297656    371132     19.02     12500   1291276   1656732     84.93    745076    851032      5044
16:57:15        83932   1297524    371192     19.03     12500   1291468   1656732     84.93    745060    851152      5236
16:57:16        83680   1297508    371260     19.03     12500   1291652   1656732     84.93    745072    851388      5420
16:57:17        83680   1297632    371068     19.02     12500   1291844   1656732     84.93    745072    851512      5444
16:57:18        83176   1297400    371388     19.04     12500   1292028   1656732     84.93    745648    851784      5580
16:57:19        83176   1297564    371196     19.03     12500   1292220   1656732     84.93    745808    851948      5772
16:57:20        82168   1296768    372024     19.07     12500   1292400   1656864     84.93    746260    852160      5952
16:57:21        81916   1296700    372092     19.07     12500   1292584   1660964     85.14    747148    852344      6136
16:57:22        81916   1296900    371888     19.06     12500   1292788   1660964     85.14    746692    852544       124
16:57:23        81664   1296768    371960     19.07     12500   1292968   1660964     85.14    746692    852664       260
16:57:24        81412   1296640    372032     19.07     12500   1293148   1660956     85.14    746692    852788       440
16:57:25        81160   1296636    372096     19.07     12500   1293336   1661024     85.15    746692    853036       628
16:57:26        81160   1296812    371908     19.06     12500   1293524   1661024     85.15    746764    853212       816
16:57:27        80908   1296800    371972     19.07     12500   1293712   1661024     85.15    746768    853452      1004
16:57:28        80656   1296672    372036     19.07     12500   1293900   1661024     85.15    746768    853576      1192
16:57:29        80656   1296940    371840     19.06     12500   1294096   1661024     85.15    746748    853844      1388
16:57:30        80656   1297116    371664     19.05     12500   1294272   1661024     85.15    746784    854020      1564
16:57:31        78704   1295272    373424     19.14     12500   1294464   1661024     85.15    746792    854128      1756
16:57:32        78704   1295520    373232     19.13     12524   1294632   1661024     85.15    746792    854376      1948
16:57:33        78704   1295768    373012     19.12     12524   1294852   1661024     85.15    747276    854624      2208
16:57:34        78452   1295644    373076     19.12     12524   1295032   1661024     85.15    747280    854744      2388
16:57:35        78452   1295892    372884     19.11     12524   1295220   1661024     85.15    747284    854988      2576
16:57:36        78452   1296016    372696     19.10     12524   1295408   1661048     85.15    747368    855112      2764
16:57:37        78452   1296292    372500     19.09     12524   1295596   1661048     85.15    748540    855380      2904
16:57:38        78452   1296416    372312     19.09     12524   1295776   1661068     85.15    748296    855496      3084
16:57:39        78452   1296544    372124     19.08     12524   1295960   1661068     85.15    748296    855620      3268
16:57:40        78452   1296788    371940     19.07     12524   1296144   1661068     85.15    748300    855864      3452
16:57:41        78452   1296916    371732     19.06     12524   1296344   1661068     85.15    748304    855984      3656
16:57:42        78452   1297192    371552     19.05     12524   1296520   1661192     85.16    748400    856256      3832
16:57:43        78452   1297320    371356     19.04     12524   1296708   1661192     85.16    748404    856376      4020
16:57:44       109868   1268408    400340     20.52     12620   1236732   1744248     89.41    777976    794616      4412
16:57:45       112576   1274252    394536     20.22     12620   1239828   1661184     85.15    750252    797756      4704
16:57:46       112576   1274376    394344     20.21     12620   1240020   1661184     85.15    750252    797880      4896
16:57:47       112576   1274584    394168     20.21     12620   1240196   1661168     85.15    750252    798088      5072
16:57:48       112324   1274448    394232     20.21     12620   1240384   1661168     85.15    750752    798204      5044
16:57:49       112324   1274572    394160     20.21     12620   1240456   1661168     85.15    750752    798328      5116

Average:        86761   1294157    374595     19.20     12493   1285268   1656051     84.89    743309    844862      2728
