Linux 7.0.0-1008-aws (ip-172-31-31-224) 	08/07/26 	_x86_64_	(2 CPU)

04:59:32        IFACE   rxpck/s   txpck/s    rxkB/s    txkB/s   rxcmp/s   txcmp/s  rxmcst/s   %ifutil
04:59:33         ens5     59.00     59.00      4.72      6.91      0.00      0.00      0.00      0.00

04:59:33        IFACE   rxpck/s   txpck/s    rxkB/s    txkB/s   rxcmp/s   txcmp/s  rxmcst/s   %ifutil
04:59:34         ens5     41.00     40.00      3.31      4.59      0.00      0.00      0.00      0.00

04:59:34        IFACE   rxpck/s   txpck/s    rxkB/s    txkB/s   rxcmp/s   txcmp/s  rxmcst/s   %ifutil
04:59:35         ens5      9.00      9.00      0.46      1.90      0.00      0.00      0.00      0.00

04:59:35        IFACE   rxpck/s   txpck/s    rxkB/s    txkB/s   rxcmp/s   txcmp/s  rxmcst/s   %ifutil
04:59:36         ens5      7.00      7.00      0.36      1.52      0.00      0.00      0.00      0.00

04:59:36        IFACE   rxpck/s   txpck/s    rxkB/s    txkB/s   rxcmp/s   txcmp/s  rxmcst/s   %ifutil
04:59:37         ens5      2.00      2.00      0.10      0.45      0.00      0.00      0.00      0.00

04:59:37        IFACE   rxpck/s   txpck/s    rxkB/s    txkB/s   rxcmp/s   txcmp/s  rxmcst/s   %ifutil
04:59:38         ens5     11.00     11.00      0.56      2.30      0.00      0.00      0.00      0.00

04:59:38        IFACE   rxpck/s   txpck/s    rxkB/s    txkB/s   rxcmp/s   txcmp/s  rxmcst/s   %ifutil
04:59:39         ens5      5.00      5.00      0.25      1.10      0.00      0.00      0.00      0.00

04:59:39        IFACE   rxpck/s   txpck/s    rxkB/s    txkB/s   rxcmp/s   txcmp/s  rxmcst/s   %ifutil
04:59:40         ens5      4.00      4.00      0.20      0.84      0.00      0.00      0.00      0.00

04:59:40        IFACE   rxpck/s   txpck/s    rxkB/s    txkB/s   rxcmp/s   txcmp/s  rxmcst/s   %ifutil
04:59:41         ens5      0.00      0.00      0.00      0.00      0.00      0.00      0.00      0.00

04:59:41        IFACE   rxpck/s   txpck/s    rxkB/s    txkB/s   rxcmp/s   txcmp/s  rxmcst/s   %ifutil
04:59:42         ens5      0.00      0.00      0.00      0.00      0.00      0.00      0.00      0.00

04:59:42        IFACE   rxpck/s   txpck/s    rxkB/s    txkB/s   rxcmp/s   txcmp/s  rxmcst/s   %ifutil
04:59:43         ens5      1.00      1.00      0.07      0.09      0.00      0.00      0.00      0.00

04:59:43        IFACE   rxpck/s   txpck/s    rxkB/s    txkB/s   rxcmp/s   txcmp/s  rxmcst/s   %ifutil
04:59:44         ens5      0.00      0.00      0.00      0.00      0.00      0.00      0.00      0.00

04:59:44        IFACE   rxpck/s   txpck/s    rxkB/s    txkB/s   rxcmp/s   txcmp/s  rxmcst/s   %ifutil
04:59:45         ens5    112.00    113.00      6.77     71.94      0.00      0.00      0.00      0.00

04:59:45        IFACE   rxpck/s   txpck/s    rxkB/s    txkB/s   rxcmp/s   txcmp/s  rxmcst/s   %ifutil
04:59:46         ens5    159.00    160.00      9.68     97.16      0.00      0.00      0.00      0.00

04:59:46        IFACE   rxpck/s   txpck/s    rxkB/s    txkB/s   rxcmp/s   txcmp/s  rxmcst/s   %ifutil
04:59:47         ens5    155.00    159.00      9.50     97.14      0.00      0.00      0.00      0.00

04:59:47        IFACE   rxpck/s   txpck/s    rxkB/s    txkB/s   rxcmp/s   txcmp/s  rxmcst/s   %ifutil
04:59:48         ens5    155.00    151.00      9.39     91.19      0.00      0.00      0.00      0.00

04:59:48        IFACE   rxpck/s   txpck/s    rxkB/s    txkB/s   rxcmp/s   txcmp/s  rxmcst/s   %ifutil
04:59:49         ens5    160.00    160.00      9.75     97.20      0.00      0.00      0.00      0.00

04:59:49        IFACE   rxpck/s   txpck/s    rxkB/s    txkB/s   rxcmp/s   txcmp/s  rxmcst/s   %ifutil
04:59:50         ens5    160.00    160.00      9.75     97.20      0.00      0.00      0.00      0.00

04:59:50        IFACE   rxpck/s   txpck/s    rxkB/s    txkB/s   rxcmp/s   txcmp/s  rxmcst/s   %ifutil
04:59:51         ens5    159.00    160.00      9.70     97.20      0.00      0.00      0.00      0.00

04:59:51        IFACE   rxpck/s   txpck/s    rxkB/s    txkB/s   rxcmp/s   txcmp/s  rxmcst/s   %ifutil
04:59:52         ens5    152.00    150.00      9.31     91.13      0.00      0.00      0.00      0.00

04:59:52        IFACE   rxpck/s   txpck/s    rxkB/s    txkB/s   rxcmp/s   txcmp/s  rxmcst/s   %ifutil
04:59:53         ens5    134.00    150.00      8.29     91.13      0.00      0.00      0.00      0.00

04:59:53        IFACE   rxpck/s   txpck/s    rxkB/s    txkB/s   rxcmp/s   txcmp/s  rxmcst/s   %ifutil
04:59:54         ens5    139.00    159.00      8.68     97.14      0.00      0.00      0.00      0.00

04:59:54        IFACE   rxpck/s   txpck/s    rxkB/s    txkB/s   rxcmp/s   txcmp/s  rxmcst/s   %ifutil
04:59:55         ens5    142.00    154.00      8.75     91.57      0.00      0.00      0.00      0.00

04:59:55        IFACE   rxpck/s   txpck/s    rxkB/s    txkB/s   rxcmp/s   txcmp/s  rxmcst/s   %ifutil
04:59:56         ens5    143.00    158.00      8.85     96.86      0.00      0.00      0.00      0.00

04:59:56        IFACE   rxpck/s   txpck/s    rxkB/s    txkB/s   rxcmp/s   txcmp/s  rxmcst/s   %ifutil
04:59:57         ens5    144.00    160.00      8.94     97.20      0.00      0.00      0.00      0.00

04:59:57        IFACE   rxpck/s   txpck/s    rxkB/s    txkB/s   rxcmp/s   txcmp/s  rxmcst/s   %ifutil
04:59:58         ens5    144.00    160.00      8.96     97.33      0.00      0.00      0.00      0.00

04:59:58        IFACE   rxpck/s   txpck/s    rxkB/s    txkB/s   rxcmp/s   txcmp/s  rxmcst/s   %ifutil
04:59:59         ens5    140.00    154.00      8.73     91.79      0.00      0.00      0.00      0.00

04:59:59        IFACE   rxpck/s   txpck/s    rxkB/s    txkB/s   rxcmp/s   txcmp/s  rxmcst/s   %ifutil
05:00:00         ens5    134.00    149.00      8.35     91.21      0.00      0.00      0.00      0.00

05:00:00        IFACE   rxpck/s   txpck/s    rxkB/s    txkB/s   rxcmp/s   txcmp/s  rxmcst/s   %ifutil
05:00:01         ens5    142.00    158.00      8.83     96.99      0.00      0.00      0.00      0.00

05:00:01        IFACE   rxpck/s   txpck/s    rxkB/s    txkB/s   rxcmp/s   txcmp/s  rxmcst/s   %ifutil
05:00:02         ens5    109.00    120.00      6.78     73.04      0.00      0.00      0.00      0.00

05:00:02        IFACE   rxpck/s   txpck/s    rxkB/s    txkB/s   rxcmp/s   txcmp/s  rxmcst/s   %ifutil
05:00:03         ens5    112.00    129.00      7.03     79.03      0.00      0.00      0.00      0.00

05:00:03        IFACE   rxpck/s   txpck/s    rxkB/s    txkB/s   rxcmp/s   txcmp/s  rxmcst/s   %ifutil
05:00:04         ens5    146.00    144.00      8.91     85.68      0.00      0.00      0.00      0.00

05:00:04        IFACE   rxpck/s   txpck/s    rxkB/s    txkB/s   rxcmp/s   txcmp/s  rxmcst/s   %ifutil
05:00:05         ens5    153.00    156.00      9.42     96.86      0.00      0.00      0.00      0.00

05:00:05        IFACE   rxpck/s   txpck/s    rxkB/s    txkB/s   rxcmp/s   txcmp/s  rxmcst/s   %ifutil
05:00:06         ens5    149.00    146.00      9.22     85.97      0.00      0.00      0.00      0.00

05:00:06        IFACE   rxpck/s   txpck/s    rxkB/s    txkB/s   rxcmp/s   txcmp/s  rxmcst/s   %ifutil
05:00:07         ens5    149.00    149.00      9.11     91.20      0.00      0.00      0.00      0.00

05:00:07        IFACE   rxpck/s   txpck/s    rxkB/s    txkB/s   rxcmp/s   txcmp/s  rxmcst/s   %ifutil
05:00:08         ens5    158.00    158.00      9.64     97.00      0.00      0.00      0.00      0.00

05:00:08        IFACE   rxpck/s   txpck/s    rxkB/s    txkB/s   rxcmp/s   txcmp/s  rxmcst/s   %ifutil
05:00:09         ens5    155.00    159.00      9.53     97.31      0.00      0.00      0.00      0.00

05:00:09        IFACE   rxpck/s   txpck/s    rxkB/s    txkB/s   rxcmp/s   txcmp/s  rxmcst/s   %ifutil
05:00:10         ens5    158.00    154.00      9.62     91.76      0.00      0.00      0.00      0.00

05:00:10        IFACE   rxpck/s   txpck/s    rxkB/s    txkB/s   rxcmp/s   txcmp/s  rxmcst/s   %ifutil
05:00:11         ens5    157.00    157.00      9.59     96.92      0.00      0.00      0.00      0.00

05:00:11        IFACE   rxpck/s   txpck/s    rxkB/s    txkB/s   rxcmp/s   txcmp/s  rxmcst/s   %ifutil
05:00:12         ens5    160.00    161.00      9.79     97.57      0.00      0.00      0.00      0.00

05:00:12        IFACE   rxpck/s   txpck/s    rxkB/s    txkB/s   rxcmp/s   txcmp/s  rxmcst/s   %ifutil
05:00:13         ens5    162.00    160.00      9.88     97.34      0.00      0.00      0.00      0.00

05:00:13        IFACE   rxpck/s   txpck/s    rxkB/s    txkB/s   rxcmp/s   txcmp/s  rxmcst/s   %ifutil
05:00:14         ens5    156.00    159.00      9.58     97.30      0.00      0.00      0.00      0.00

05:00:14        IFACE   rxpck/s   txpck/s    rxkB/s    txkB/s   rxcmp/s   txcmp/s  rxmcst/s   %ifutil
05:00:15         ens5    160.00    155.00      9.74     91.86      0.00      0.00      0.00      0.00

05:00:15        IFACE   rxpck/s   txpck/s    rxkB/s    txkB/s   rxcmp/s   txcmp/s  rxmcst/s   %ifutil
05:00:16         ens5    159.00    159.00      9.72     97.31      0.00      0.00      0.00      0.00

05:00:16        IFACE   rxpck/s   txpck/s    rxkB/s    txkB/s   rxcmp/s   txcmp/s  rxmcst/s   %ifutil
05:00:17         ens5    160.00    158.00      9.75     97.04      0.00      0.00      0.00      0.00

05:00:17        IFACE   rxpck/s   txpck/s    rxkB/s    txkB/s   rxcmp/s   txcmp/s  rxmcst/s   %ifutil
05:00:18         ens5    160.00    160.00      9.78     97.36      0.00      0.00      0.00      0.00

05:00:18        IFACE   rxpck/s   txpck/s    rxkB/s    txkB/s   rxcmp/s   txcmp/s  rxmcst/s   %ifutil
05:00:19         ens5    148.00    160.00      9.21     97.35      0.00      0.00      0.00      0.00

05:00:19        IFACE   rxpck/s   txpck/s    rxkB/s    txkB/s   rxcmp/s   txcmp/s  rxmcst/s   %ifutil
05:00:20         ens5    151.00    153.00      9.26     91.70      0.00      0.00      0.00      0.00

05:00:20        IFACE   rxpck/s   txpck/s    rxkB/s    txkB/s   rxcmp/s   txcmp/s  rxmcst/s   %ifutil
05:00:21         ens5    158.00    159.00      9.67     97.28      0.00      0.00      0.00      0.00

05:00:21        IFACE   rxpck/s   txpck/s    rxkB/s    txkB/s   rxcmp/s   txcmp/s  rxmcst/s   %ifutil
05:00:22         ens5    160.00    160.00      9.78     97.36      0.00      0.00      0.00      0.00

05:00:22        IFACE   rxpck/s   txpck/s    rxkB/s    txkB/s   rxcmp/s   txcmp/s  rxmcst/s   %ifutil
05:00:23         ens5    159.00    158.00      9.70     97.00      0.00      0.00      0.00      0.00

05:00:23        IFACE   rxpck/s   txpck/s    rxkB/s    txkB/s   rxcmp/s   txcmp/s  rxmcst/s   %ifutil
05:00:24         ens5    155.00    159.00      9.53     97.29      0.00      0.00      0.00      0.00

05:00:24        IFACE   rxpck/s   txpck/s    rxkB/s    txkB/s   rxcmp/s   txcmp/s  rxmcst/s   %ifutil
05:00:25         ens5    158.00    154.00      9.62     91.78      0.00      0.00      0.00      0.00

05:00:25        IFACE   rxpck/s   txpck/s    rxkB/s    txkB/s   rxcmp/s   txcmp/s  rxmcst/s   %ifutil
05:00:26         ens5    159.00    159.00      9.72     97.29      0.00      0.00      0.00      0.00

05:00:26        IFACE   rxpck/s   txpck/s    rxkB/s    txkB/s   rxcmp/s   txcmp/s  rxmcst/s   %ifutil
05:00:27         ens5    159.00    158.00      9.70     97.00      0.00      0.00      0.00      0.00

05:00:27        IFACE   rxpck/s   txpck/s    rxkB/s    txkB/s   rxcmp/s   txcmp/s  rxmcst/s   %ifutil
05:00:28         ens5    160.00    160.00      9.78     97.36      0.00      0.00      0.00      0.00

05:00:28        IFACE   rxpck/s   txpck/s    rxkB/s    txkB/s   rxcmp/s   txcmp/s  rxmcst/s   %ifutil
05:00:29         ens5    158.00    159.00      9.68     97.31      0.00      0.00      0.00      0.00

05:00:29        IFACE   rxpck/s   txpck/s    rxkB/s    txkB/s   rxcmp/s   txcmp/s  rxmcst/s   %ifutil
05:00:30         ens5    147.00    160.00      9.16     97.35      0.00      0.00      0.00      0.00

05:00:30        IFACE   rxpck/s   txpck/s    rxkB/s    txkB/s   rxcmp/s   txcmp/s  rxmcst/s   %ifutil
05:00:31         ens5    143.00    155.00      8.88     91.84      0.00      0.00      0.00      0.00

05:00:31        IFACE   rxpck/s   txpck/s    rxkB/s    txkB/s   rxcmp/s   txcmp/s  rxmcst/s   %ifutil
05:00:32         ens5    157.00    157.00      9.59     96.95      0.00      0.00      0.00      0.00

05:00:32        IFACE   rxpck/s   txpck/s    rxkB/s    txkB/s   rxcmp/s   txcmp/s  rxmcst/s   %ifutil
05:00:33         ens5    160.00    160.00      9.78     97.36      0.00      0.00      0.00      0.00

05:00:33        IFACE   rxpck/s   txpck/s    rxkB/s    txkB/s   rxcmp/s   txcmp/s  rxmcst/s   %ifutil
05:00:34         ens5    158.00    159.00      9.68     97.31      0.00      0.00      0.00      0.00

05:00:34        IFACE   rxpck/s   txpck/s    rxkB/s    txkB/s   rxcmp/s   txcmp/s  rxmcst/s   %ifutil
05:00:35         ens5    155.00    154.00      9.47     91.76      0.00      0.00      0.00      0.00

05:00:35        IFACE   rxpck/s   txpck/s    rxkB/s    txkB/s   rxcmp/s   txcmp/s  rxmcst/s   %ifutil
05:00:36         ens5    160.00    160.00      9.78     97.34      0.00      0.00      0.00      0.00

05:00:36        IFACE   rxpck/s   txpck/s    rxkB/s    txkB/s   rxcmp/s   txcmp/s  rxmcst/s   %ifutil
05:00:37         ens5    158.00    159.00      9.67     97.29      0.00      0.00      0.00      0.00

05:00:37        IFACE   rxpck/s   txpck/s    rxkB/s    txkB/s   rxcmp/s   txcmp/s  rxmcst/s   %ifutil
05:00:38         ens5    160.00    158.00      9.75     97.00      0.00      0.00      0.00      0.00

05:00:38        IFACE   rxpck/s   txpck/s    rxkB/s    txkB/s   rxcmp/s   txcmp/s  rxmcst/s   %ifutil
05:00:39         ens5    160.00    160.00      9.78     97.36      0.00      0.00      0.00      0.00

05:00:39        IFACE   rxpck/s   txpck/s    rxkB/s    txkB/s   rxcmp/s   txcmp/s  rxmcst/s   %ifutil
05:00:40         ens5    159.00    160.00      9.73     97.35      0.00      0.00      0.00      0.00

05:00:40        IFACE   rxpck/s   txpck/s    rxkB/s    txkB/s   rxcmp/s   txcmp/s  rxmcst/s   %ifutil
05:00:41         ens5    154.00    153.00      9.42     91.67      0.00      0.00      0.00      0.00

05:00:41        IFACE   rxpck/s   txpck/s    rxkB/s    txkB/s   rxcmp/s   txcmp/s  rxmcst/s   %ifutil
05:00:42         ens5    145.00    157.00      9.01     96.93      0.00      0.00      0.00      0.00

05:00:42        IFACE   rxpck/s   txpck/s    rxkB/s    txkB/s   rxcmp/s   txcmp/s  rxmcst/s   %ifutil
05:00:43         ens5    144.00    160.00      8.97     97.38      0.00      0.00      0.00      0.00

05:00:43        IFACE   rxpck/s   txpck/s    rxkB/s    txkB/s   rxcmp/s   txcmp/s  rxmcst/s   %ifutil
05:00:44         ens5    140.00    159.00      8.77     97.29      0.00      0.00      0.00      0.00

05:00:44        IFACE   rxpck/s   txpck/s    rxkB/s    txkB/s   rxcmp/s   txcmp/s  rxmcst/s   %ifutil
05:00:45         ens5    148.00    161.00      9.17     97.42      0.00      0.00      0.00      0.00

05:00:45        IFACE   rxpck/s   txpck/s    rxkB/s    txkB/s   rxcmp/s   txcmp/s  rxmcst/s   %ifutil
05:00:46         ens5    141.00    159.00      8.82     97.30      0.00      0.00      0.00      0.00

05:00:46        IFACE   rxpck/s   txpck/s    rxkB/s    txkB/s   rxcmp/s   txcmp/s  rxmcst/s   %ifutil
05:00:47         ens5    144.00    155.00      8.93     91.86      0.00      0.00      0.00      0.00

05:00:47        IFACE   rxpck/s   txpck/s    rxkB/s    txkB/s   rxcmp/s   txcmp/s  rxmcst/s   %ifutil
05:00:48         ens5    154.00    170.00     14.28     99.84      0.00      0.00      0.00      0.00

05:00:48        IFACE   rxpck/s   txpck/s    rxkB/s    txkB/s   rxcmp/s   txcmp/s  rxmcst/s   %ifutil
05:00:49         ens5    143.00    159.00      8.91     97.27      0.00      0.00      0.00      0.00

05:00:49        IFACE   rxpck/s   txpck/s    rxkB/s    txkB/s   rxcmp/s   txcmp/s  rxmcst/s   %ifutil
05:00:50         ens5    144.00    158.00      8.93     96.98      0.00      0.00      0.00      0.00

05:00:50        IFACE   rxpck/s   txpck/s    rxkB/s    txkB/s   rxcmp/s   txcmp/s  rxmcst/s   %ifutil
05:00:51         ens5    141.00    160.00      8.82     97.34      0.00      0.00      0.00      0.00

05:00:51        IFACE   rxpck/s   txpck/s    rxkB/s    txkB/s   rxcmp/s   txcmp/s  rxmcst/s   %ifutil
05:00:52         ens5    143.00    160.00      8.92     97.37      0.00      0.00      0.00      0.00

05:00:52        IFACE   rxpck/s   txpck/s    rxkB/s    txkB/s   rxcmp/s   txcmp/s  rxmcst/s   %ifutil
05:00:53         ens5    141.00    153.00      8.75     91.67      0.00      0.00      0.00      0.00

05:00:53        IFACE   rxpck/s   txpck/s    rxkB/s    txkB/s   rxcmp/s   txcmp/s  rxmcst/s   %ifutil
05:00:54         ens5    143.00    158.00      8.92     97.01      0.00      0.00      0.00      0.00

05:00:54        IFACE   rxpck/s   txpck/s    rxkB/s    txkB/s   rxcmp/s   txcmp/s  rxmcst/s   %ifutil
05:00:55         ens5    146.00    160.00      9.07     97.35      0.00      0.00      0.00      0.00

05:00:55        IFACE   rxpck/s   txpck/s    rxkB/s    txkB/s   rxcmp/s   txcmp/s  rxmcst/s   %ifutil
05:00:56         ens5    139.00    154.00      8.63     91.73      0.00      0.00      0.00      0.00

05:00:56        IFACE   rxpck/s   txpck/s    rxkB/s    txkB/s   rxcmp/s   txcmp/s  rxmcst/s   %ifutil
05:00:57         ens5    144.00    157.00      8.93     96.95      0.00      0.00      0.00      0.00

05:00:57        IFACE   rxpck/s   txpck/s    rxkB/s    txkB/s   rxcmp/s   txcmp/s  rxmcst/s   %ifutil
05:00:58         ens5    143.00    160.00      8.92     97.38      0.00      0.00      0.00      0.00

05:00:58        IFACE   rxpck/s   txpck/s    rxkB/s    txkB/s   rxcmp/s   txcmp/s  rxmcst/s   %ifutil
05:00:59         ens5    141.00    159.00      8.82     97.30      0.00      0.00      0.00      0.00

05:00:59        IFACE   rxpck/s   txpck/s    rxkB/s    txkB/s   rxcmp/s   txcmp/s  rxmcst/s   %ifutil
05:01:00         ens5    132.00    143.00      8.19     85.61      0.00      0.00      0.00      0.00

05:01:00        IFACE   rxpck/s   txpck/s    rxkB/s    txkB/s   rxcmp/s   txcmp/s  rxmcst/s   %ifutil
05:01:01         ens5    138.00    157.00      8.63     96.93      0.00      0.00      0.00      0.00

05:01:01        IFACE   rxpck/s   txpck/s    rxkB/s    txkB/s   rxcmp/s   txcmp/s  rxmcst/s   %ifutil
05:01:02         ens5    121.00    131.00      7.49     79.18      0.00      0.00      0.00      0.00

05:01:02        IFACE   rxpck/s   txpck/s    rxkB/s    txkB/s   rxcmp/s   txcmp/s  rxmcst/s   %ifutil
05:01:03         ens5    140.00    154.00      8.73     91.75      0.00      0.00      0.00      0.00

05:01:03        IFACE   rxpck/s   txpck/s    rxkB/s    txkB/s   rxcmp/s   txcmp/s  rxmcst/s   %ifutil
05:01:04         ens5    144.00    157.00      8.93     96.93      0.00      0.00      0.00      0.00

05:01:04        IFACE   rxpck/s   txpck/s    rxkB/s    txkB/s   rxcmp/s   txcmp/s  rxmcst/s   %ifutil
05:01:05         ens5    143.00    160.00      8.92     97.38      0.00      0.00      0.00      0.00

05:01:05        IFACE   rxpck/s   txpck/s    rxkB/s    txkB/s   rxcmp/s   txcmp/s  rxmcst/s   %ifutil
05:01:06         ens5    143.00    160.00      8.95     97.40      0.00      0.00      0.00      0.00

05:01:06        IFACE   rxpck/s   txpck/s    rxkB/s    txkB/s   rxcmp/s   txcmp/s  rxmcst/s   %ifutil
05:01:07         ens5    141.00    154.00      8.76     91.75      0.00      0.00      0.00      0.00

05:01:07        IFACE   rxpck/s   txpck/s    rxkB/s    txkB/s   rxcmp/s   txcmp/s  rxmcst/s   %ifutil
05:01:08         ens5    142.00    157.00      8.82     96.96      0.00      0.00      0.00      0.00

05:01:08        IFACE   rxpck/s   txpck/s    rxkB/s    txkB/s   rxcmp/s   txcmp/s  rxmcst/s   %ifutil
05:01:09         ens5    143.00    160.00      8.92     97.36      0.00      0.00      0.00      0.00

05:01:09        IFACE   rxpck/s   txpck/s    rxkB/s    txkB/s   rxcmp/s   txcmp/s  rxmcst/s   %ifutil
05:01:10         ens5    138.00    153.00      8.60     91.69      0.00      0.00      0.00      0.00

05:01:10        IFACE   rxpck/s   txpck/s    rxkB/s    txkB/s   rxcmp/s   txcmp/s  rxmcst/s   %ifutil
05:01:11         ens5    144.00    159.00      8.96     97.29      0.00      0.00      0.00      0.00

05:01:11        IFACE   rxpck/s   txpck/s    rxkB/s    txkB/s   rxcmp/s   txcmp/s  rxmcst/s   %ifutil
05:01:12         ens5    142.00    158.00      8.83     97.04      0.00      0.00      0.00      0.00

05:01:12        IFACE   rxpck/s   txpck/s    rxkB/s    txkB/s   rxcmp/s   txcmp/s  rxmcst/s   %ifutil
05:01:13         ens5    140.00    159.00      8.77     97.30      0.00      0.00      0.00      0.00

05:01:13        IFACE   rxpck/s   txpck/s    rxkB/s    txkB/s   rxcmp/s   txcmp/s  rxmcst/s   %ifutil
05:01:14         ens5    141.00    153.00      8.75     91.68      0.00      0.00      0.00      0.00

05:01:14        IFACE   rxpck/s   txpck/s    rxkB/s    txkB/s   rxcmp/s   txcmp/s  rxmcst/s   %ifutil
05:01:15         ens5    143.00    158.00      8.88     97.00      0.00      0.00      0.00      0.00

05:01:15        IFACE   rxpck/s   txpck/s    rxkB/s    txkB/s   rxcmp/s   txcmp/s  rxmcst/s   %ifutil
05:01:16         ens5    144.00    160.00      8.97     97.35      0.00      0.00      0.00      0.00

05:01:16        IFACE   rxpck/s   txpck/s    rxkB/s    txkB/s   rxcmp/s   txcmp/s  rxmcst/s   %ifutil
05:01:17         ens5    137.00    153.00      8.55     91.69      0.00      0.00      0.00      0.00

05:01:17        IFACE   rxpck/s   txpck/s    rxkB/s    txkB/s   rxcmp/s   txcmp/s  rxmcst/s   %ifutil
05:01:18         ens5    144.00    158.00      8.96     96.98      0.00      0.00      0.00      0.00

05:01:18        IFACE   rxpck/s   txpck/s    rxkB/s    txkB/s   rxcmp/s   txcmp/s  rxmcst/s   %ifutil
05:01:19         ens5    140.00    160.00      8.79     97.40      0.00      0.00      0.00      0.00

05:01:19        IFACE   rxpck/s   txpck/s    rxkB/s    txkB/s   rxcmp/s   txcmp/s  rxmcst/s   %ifutil
05:01:20         ens5    142.00    154.00      8.81     91.76      0.00      0.00      0.00      0.00

05:01:20        IFACE   rxpck/s   txpck/s    rxkB/s    txkB/s   rxcmp/s   txcmp/s  rxmcst/s   %ifutil
05:01:21         ens5    143.00    159.00      8.91     97.28      0.00      0.00      0.00      0.00

05:01:21        IFACE   rxpck/s   txpck/s    rxkB/s    txkB/s   rxcmp/s   txcmp/s  rxmcst/s   %ifutil
05:01:22         ens5    142.00    158.00      8.83     97.03      0.00      0.00      0.00      0.00

05:01:22        IFACE   rxpck/s   txpck/s    rxkB/s    txkB/s   rxcmp/s   txcmp/s  rxmcst/s   %ifutil
05:01:23         ens5    142.00    159.00      8.87     97.30      0.00      0.00      0.00      0.00

05:01:23        IFACE   rxpck/s   txpck/s    rxkB/s    txkB/s   rxcmp/s   txcmp/s  rxmcst/s   %ifutil
05:01:24         ens5    145.00    160.00      9.02     97.34      0.00      0.00      0.00      0.00

05:01:24        IFACE   rxpck/s   txpck/s    rxkB/s    txkB/s   rxcmp/s   txcmp/s  rxmcst/s   %ifutil
05:01:25         ens5    143.00    154.00      8.86     91.75      0.00      0.00      0.00      0.00

05:01:25        IFACE   rxpck/s   txpck/s    rxkB/s    txkB/s   rxcmp/s   txcmp/s  rxmcst/s   %ifutil
05:01:26         ens5    142.00    157.00      8.82     96.95      0.00      0.00      0.00      0.00

05:01:26        IFACE   rxpck/s   txpck/s    rxkB/s    txkB/s   rxcmp/s   txcmp/s  rxmcst/s   %ifutil
05:01:27         ens5    144.00    160.00      8.97     97.37      0.00      0.00      0.00      0.00

05:01:27        IFACE   rxpck/s   txpck/s    rxkB/s    txkB/s   rxcmp/s   txcmp/s  rxmcst/s   %ifutil
05:01:28         ens5    149.00    160.00      9.22     97.36      0.00      0.00      0.00      0.00

05:01:28        IFACE   rxpck/s   txpck/s    rxkB/s    txkB/s   rxcmp/s   txcmp/s  rxmcst/s   %ifutil
05:01:29         ens5    157.00    159.00      9.63     97.29      0.00      0.00      0.00      0.00

05:01:29        IFACE   rxpck/s   txpck/s    rxkB/s    txkB/s   rxcmp/s   txcmp/s  rxmcst/s   %ifutil
05:01:30         ens5    150.00    153.00      9.24     91.68      0.00      0.00      0.00      0.00

05:01:30        IFACE   rxpck/s   txpck/s    rxkB/s    txkB/s   rxcmp/s   txcmp/s  rxmcst/s   %ifutil
05:01:31         ens5    142.00    158.00      8.83     97.01      0.00      0.00      0.00      0.00

05:01:31        IFACE   rxpck/s   txpck/s    rxkB/s    txkB/s   rxcmp/s   txcmp/s  rxmcst/s   %ifutil
05:01:32         ens5    142.00    159.00      8.87     97.29      0.00      0.00      0.00      0.00

05:01:32        IFACE   rxpck/s   txpck/s    rxkB/s    txkB/s   rxcmp/s   txcmp/s  rxmcst/s   %ifutil
05:01:33         ens5    156.00    153.00      9.51     91.68      0.00      0.00      0.00      0.00

05:01:33        IFACE   rxpck/s   txpck/s    rxkB/s    txkB/s   rxcmp/s   txcmp/s  rxmcst/s   %ifutil
05:01:34         ens5    158.00    158.00      9.64     97.00      0.00      0.00      0.00      0.00

05:01:34        IFACE   rxpck/s   txpck/s    rxkB/s    txkB/s   rxcmp/s   txcmp/s  rxmcst/s   %ifutil
05:01:35         ens5    160.00    160.00      9.78     97.37      0.00      0.00      0.00      0.00

05:01:35        IFACE   rxpck/s   txpck/s    rxkB/s    txkB/s   rxcmp/s   txcmp/s  rxmcst/s   %ifutil
05:01:36         ens5    158.00    161.00      9.70     97.46      0.00      0.00      0.00      0.00

05:01:36        IFACE   rxpck/s   txpck/s    rxkB/s    txkB/s   rxcmp/s   txcmp/s  rxmcst/s   %ifutil
05:01:37         ens5    160.00    160.00      9.78     97.35      0.00      0.00      0.00      0.00

05:01:37        IFACE   rxpck/s   txpck/s    rxkB/s    txkB/s   rxcmp/s   txcmp/s  rxmcst/s   %ifutil
05:01:38         ens5    158.00    154.00      9.62     91.77      0.00      0.00      0.00      0.00

05:01:38        IFACE   rxpck/s   txpck/s    rxkB/s    txkB/s   rxcmp/s   txcmp/s  rxmcst/s   %ifutil
05:01:39         ens5    161.00    159.00      9.82     97.29      0.00      0.00      0.00      0.00

05:01:39        IFACE   rxpck/s   txpck/s    rxkB/s    txkB/s   rxcmp/s   txcmp/s  rxmcst/s   %ifutil
05:01:40         ens5    158.00    158.00      9.64     97.03      0.00      0.00      0.00      0.00

05:01:40        IFACE   rxpck/s   txpck/s    rxkB/s    txkB/s   rxcmp/s   txcmp/s  rxmcst/s   %ifutil
05:01:41         ens5    157.00    159.00      9.63     97.30      0.00      0.00      0.00      0.00

05:01:41        IFACE   rxpck/s   txpck/s    rxkB/s    txkB/s   rxcmp/s   txcmp/s  rxmcst/s   %ifutil
05:01:42         ens5    151.00    153.00      9.29     91.68      0.00      0.00      0.00      0.00

05:01:42        IFACE   rxpck/s   txpck/s    rxkB/s    txkB/s   rxcmp/s   txcmp/s  rxmcst/s   %ifutil
05:01:43         ens5    143.00    158.00      8.88     97.00      0.00      0.00      0.00      0.00

05:01:43        IFACE   rxpck/s   txpck/s    rxkB/s    txkB/s   rxcmp/s   txcmp/s  rxmcst/s   %ifutil
05:01:44         ens5    143.00    161.00      8.92     97.45      0.00      0.00      0.00      0.00

05:01:44        IFACE   rxpck/s   txpck/s    rxkB/s    txkB/s   rxcmp/s   txcmp/s  rxmcst/s   %ifutil
05:01:45         ens5    139.00    153.00      8.65     91.70      0.00      0.00      0.00      0.00

05:01:45        IFACE   rxpck/s   txpck/s    rxkB/s    txkB/s   rxcmp/s   txcmp/s  rxmcst/s   %ifutil
05:01:46         ens5    142.00    159.00      8.86     97.28      0.00      0.00      0.00      0.00

05:01:46        IFACE   rxpck/s   txpck/s    rxkB/s    txkB/s   rxcmp/s   txcmp/s  rxmcst/s   %ifutil
05:01:47         ens5    144.00    160.00      8.97     97.35      0.00      0.00      0.00      0.00

05:01:47        IFACE   rxpck/s   txpck/s    rxkB/s    txkB/s   rxcmp/s   txcmp/s  rxmcst/s   %ifutil
05:01:48         ens5    152.00    159.00      9.34     97.07      0.00      0.00      0.00      0.00

05:01:48        IFACE   rxpck/s   txpck/s    rxkB/s    txkB/s   rxcmp/s   txcmp/s  rxmcst/s   %ifutil
05:01:49         ens5    160.00    160.00      9.78     97.33      0.00      0.00      0.00      0.00

05:01:49        IFACE   rxpck/s   txpck/s    rxkB/s    txkB/s   rxcmp/s   txcmp/s  rxmcst/s   %ifutil
05:01:50         ens5    156.00    159.00      9.58     97.32      0.00      0.00      0.00      0.00

05:01:50        IFACE   rxpck/s   txpck/s    rxkB/s    txkB/s   rxcmp/s   txcmp/s  rxmcst/s   %ifutil
05:01:51         ens5    156.44    152.48      9.52     90.84      0.00      0.00      0.00      0.00

05:01:51        IFACE   rxpck/s   txpck/s    rxkB/s    txkB/s   rxcmp/s   txcmp/s  rxmcst/s   %ifutil
05:01:52         ens5    158.00    158.00      9.66     97.00      0.00      0.00      0.00      0.00

05:01:52        IFACE   rxpck/s   txpck/s    rxkB/s    txkB/s   rxcmp/s   txcmp/s  rxmcst/s   %ifutil
05:01:53         ens5     50.00     50.00      3.06     30.43      0.00      0.00      0.00      0.00

05:01:53        IFACE   rxpck/s   txpck/s    rxkB/s    txkB/s   rxcmp/s   txcmp/s  rxmcst/s   %ifutil
05:01:54         ens5      0.00      0.00      0.00      0.00      0.00      0.00      0.00      0.00


Average:        IFACE   rxpck/s   txpck/s    rxkB/s    txkB/s   rxcmp/s   txcmp/s  rxmcst/s   %ifutil
Average:         ens5    134.93    142.17      8.37     85.97      0.00      0.00      0.00      0.00
