Linux 7.0.0-1010-aws (ip-172-31-20-134) 	08/11/26 	_x86_64_	(2 CPU)

17:13:13        CPU     %user     %nice   %system   %iowait    %steal     %idle
17:13:14        all      7.07      0.00      2.53      0.00      0.00     90.40
17:13:15        all      0.00      0.00      0.00      0.00      0.00    100.00
17:13:16        all      0.50      0.00      0.00      0.00      0.00     99.50
17:13:17        all      0.50      0.00      0.00      0.00      0.00     99.50
17:13:18        all      0.00      0.00      0.50      0.00      0.00     99.50
17:13:19        all      0.00      0.00      0.50      0.00      0.00     99.50
17:13:20        all      0.50      0.00      0.00      0.50      0.00     99.00
17:13:21        all      0.00      0.00      0.00      0.00      0.00    100.00
17:13:22        all      1.00      0.00      1.00      0.00      0.00     98.00
17:13:23        all      0.00      0.00      0.00      0.00      0.00    100.00
17:13:24        all      0.00      0.00      0.00      0.00      0.00    100.00
17:13:25        all      1.00      0.00      0.50      0.50      0.00     98.00
17:13:26        all     16.67      0.00      1.52      0.00      0.00     81.82
17:13:27        all     78.87      0.00      9.79      0.00      0.00     11.34
17:13:28        all     87.00      0.00      9.50      0.00      0.00      3.50
17:13:29        all     32.66      0.00      4.52      0.00      0.00     62.81
17:13:30        all      0.00      0.00      0.00      0.00      0.00    100.00
17:13:31        all      0.50      0.00      0.00      0.00      0.00     99.50
17:13:32        all      0.00      0.00      0.50      0.00      0.00     99.50
17:13:33        all      0.50      0.00      0.00      0.00      0.50     99.00
17:13:34        all      0.00      0.00      0.00      0.00      0.00    100.00

Average:        all     10.73      0.00      1.46      0.05      0.02     87.74
