Linux 7.0.0-1010-aws (ip-172-31-20-134) 	08/11/26 	_x86_64_	(2 CPU)

17:13:13        IFACE   rxpck/s   txpck/s    rxkB/s    txkB/s   rxcmp/s   txcmp/s  rxmcst/s   %ifutil
17:13:14         ens5     48.00     42.00      4.07      4.68      0.00      0.00      0.00      0.00

17:13:14        IFACE   rxpck/s   txpck/s    rxkB/s    txkB/s   rxcmp/s   txcmp/s  rxmcst/s   %ifutil
17:13:15         ens5     55.00     45.00      4.69      4.80      0.00      0.00      0.00      0.00

17:13:15        IFACE   rxpck/s   txpck/s    rxkB/s    txkB/s   rxcmp/s   txcmp/s  rxmcst/s   %ifutil
17:13:16         ens5      9.00      6.00      0.77      0.70      0.00      0.00      0.00      0.00

17:13:16        IFACE   rxpck/s   txpck/s    rxkB/s    txkB/s   rxcmp/s   txcmp/s  rxmcst/s   %ifutil
17:13:17         ens5      0.00      0.00      0.00      0.00      0.00      0.00      0.00      0.00

17:13:17        IFACE   rxpck/s   txpck/s    rxkB/s    txkB/s   rxcmp/s   txcmp/s  rxmcst/s   %ifutil
17:13:18         ens5      0.00      0.00      0.00      0.00      0.00      0.00      0.00      0.00

17:13:18        IFACE   rxpck/s   txpck/s    rxkB/s    txkB/s   rxcmp/s   txcmp/s  rxmcst/s   %ifutil
17:13:19         ens5      0.00      0.00      0.00      0.00      0.00      0.00      0.00      0.00

17:13:19        IFACE   rxpck/s   txpck/s    rxkB/s    txkB/s   rxcmp/s   txcmp/s  rxmcst/s   %ifutil
17:13:20         ens5      0.00      0.00      0.00      0.00      0.00      0.00      0.00      0.00

17:13:20        IFACE   rxpck/s   txpck/s    rxkB/s    txkB/s   rxcmp/s   txcmp/s  rxmcst/s   %ifutil
17:13:21         ens5      1.00      1.00      0.07      0.09      0.00      0.00      0.00      0.00

17:13:21        IFACE   rxpck/s   txpck/s    rxkB/s    txkB/s   rxcmp/s   txcmp/s  rxmcst/s   %ifutil
17:13:22         ens5     57.00     52.00     53.38      3.83      0.00      0.00      0.00      0.00

17:13:22        IFACE   rxpck/s   txpck/s    rxkB/s    txkB/s   rxcmp/s   txcmp/s  rxmcst/s   %ifutil
17:13:23         ens5      0.00      0.00      0.00      0.00      0.00      0.00      0.00      0.00

17:13:23        IFACE   rxpck/s   txpck/s    rxkB/s    txkB/s   rxcmp/s   txcmp/s  rxmcst/s   %ifutil
17:13:24         ens5      0.00      0.00      0.00      0.00      0.00      0.00      0.00      0.00

17:13:24        IFACE   rxpck/s   txpck/s    rxkB/s    txkB/s   rxcmp/s   txcmp/s  rxmcst/s   %ifutil
17:13:25         ens5      0.00      0.00      0.00      0.00      0.00      0.00      0.00      0.00

17:13:25        IFACE   rxpck/s   txpck/s    rxkB/s    txkB/s   rxcmp/s   txcmp/s  rxmcst/s   %ifutil
17:13:26         ens5    274.00    210.00    268.55     17.96      0.00      0.00      0.00      0.00

17:13:26        IFACE   rxpck/s   txpck/s    rxkB/s    txkB/s   rxcmp/s   txcmp/s  rxmcst/s   %ifutil
17:13:27         ens5   1467.00   1081.00   1438.60     87.83      0.00      0.00      0.00      0.00

17:13:27        IFACE   rxpck/s   txpck/s    rxkB/s    txkB/s   rxcmp/s   txcmp/s  rxmcst/s   %ifutil
17:13:28         ens5   1265.00    965.00   1264.25     79.56      0.00      0.00      0.00      0.00

17:13:28        IFACE   rxpck/s   txpck/s    rxkB/s    txkB/s   rxcmp/s   txcmp/s  rxmcst/s   %ifutil
17:13:29         ens5     89.00    163.00    100.23     21.20      0.00      0.00      0.00      0.00

17:13:29        IFACE   rxpck/s   txpck/s    rxkB/s    txkB/s   rxcmp/s   txcmp/s  rxmcst/s   %ifutil
17:13:30         ens5      0.00      0.00      0.00      0.00      0.00      0.00      0.00      0.00

17:13:30        IFACE   rxpck/s   txpck/s    rxkB/s    txkB/s   rxcmp/s   txcmp/s  rxmcst/s   %ifutil
17:13:31         ens5      0.00      0.00      0.00      0.00      0.00      0.00      0.00      0.00

17:13:31        IFACE   rxpck/s   txpck/s    rxkB/s    txkB/s   rxcmp/s   txcmp/s  rxmcst/s   %ifutil
17:13:32         ens5      0.00      0.00      0.00      0.00      0.00      0.00      0.00      0.00

17:13:32        IFACE   rxpck/s   txpck/s    rxkB/s    txkB/s   rxcmp/s   txcmp/s  rxmcst/s   %ifutil
17:13:33         ens5      0.00      0.00      0.00      0.00      0.00      0.00      0.00      0.00

17:13:33        IFACE   rxpck/s   txpck/s    rxkB/s    txkB/s   rxcmp/s   txcmp/s  rxmcst/s   %ifutil
17:13:34         ens5      0.00      0.00      0.00      0.00      0.00      0.00      0.00      0.00



Average:        IFACE   rxpck/s   txpck/s    rxkB/s    txkB/s   rxcmp/s   txcmp/s  rxmcst/s   %ifutil
Average:         ens5    155.48    122.14    149.27     10.51      0.00      0.00      0.00      0.00
