Linux 7.0.0-1010-aws (ip-172-31-31-224) 	08/11/26 	_x86_64_	(2 CPU)

07:22:18        CPU     %user     %nice   %system   %iowait    %steal     %idle
07:22:19        all     53.00      0.00      4.50      0.00      0.50     42.00
07:22:20        all     49.49      0.00      4.04      0.00      0.51     45.96
07:22:21        all     48.76      0.00      3.48      0.00      1.49     46.27
07:22:22        all     48.48      0.00      4.04      0.00      0.00     47.47
07:22:23        all     49.00      0.00      3.50      0.00      1.00     46.50
07:22:24        all     50.51      0.00      3.03      0.00      0.00     46.46
07:22:25        all     49.25      0.00      4.48      0.00      1.49     44.78
07:22:26        all     47.00      0.00      5.00      0.00      0.50     47.50
07:22:27        all      0.50      0.00      0.00      0.00      0.00     99.50
07:22:28        all      0.50      0.00      0.00      0.00      0.00     99.50
07:22:29        all      4.10      0.00      1.03      0.00      0.00     94.87
07:22:30        all      0.50      0.00      0.50      0.00      0.00     99.00
07:22:31        all      0.00      0.00      0.00      0.00      1.00     99.00
07:22:32        all      0.00      0.00      0.50      0.00      0.00     99.50
07:22:33        all      0.50      0.00      0.00      0.00      0.00     99.50
07:22:34        all      0.50      0.00      0.00      0.00      0.00     99.50
07:22:35        all      0.00      0.00      0.00      0.00      0.00    100.00
07:22:36        all      0.50      0.00      0.00      0.00      0.50     99.00
07:22:37        all      0.00      0.00      0.50      0.00      0.50     99.00
07:22:38        all      1.50      0.00      1.50      0.00      0.00     97.00
07:22:39        all      4.59      0.00      1.53      0.00      1.02     92.86
07:22:40        all      3.06      0.00      2.04      0.00      1.02     93.88
07:22:41        all      0.51      0.00      0.00      0.00      0.51     98.99
07:22:42        all      0.50      0.00      0.50      0.00      0.50     98.51
07:22:43        all      0.50      0.00      0.00      0.00      0.00     99.50

Average:        all     16.56      0.00      1.61      0.00      0.42     81.41
