Linux 7.0.0-1010-aws (ip-172-31-31-224) 	08/11/26 	_x86_64_	(2 CPU)

07:22:18    kbmemfree   kbavail kbmemused  %memused kbbuffers  kbcached  kbcommit   %commit  kbactive   kbinact   kbdirty
07:22:19       743728   1276700    454164     23.28     16380    658544   1610548     82.55    387716    640108       168
07:22:20       671656   1204632    526232     26.97     16380    658548   1677420     85.98    457788    640112       172
07:22:21       607144   1140120    590744     30.28     16380    658548   1748148     89.61    527984    640112       172
07:22:22       502564   1035540    695324     35.64     16380    658548   1856888     95.18    633116    640112       172
07:22:23       406048    939024    791840     40.59     16380    658548   1948480     99.88    727880    640112       172
07:22:24       381856    914832    816032     41.83     16380    658548   1978632    101.42    755784    640112       172
07:22:25       277276    810256    920608     47.19     16380    658552   2074484    106.33    852052    640116       176
07:22:26       140188    673168   1057696     54.22     16380    658552   2216068    113.59    993412    640116       176
07:22:27       140188    673168   1057696     54.22     16380    658552   2216068    113.59    993412    640116       176
07:22:28       140188    673168   1057696     54.22     16380    658552   2216068    113.59    993412    640116       176
07:22:29       140188    673176   1057684     54.22     16380    658564   2216068    113.59    993504    640124       188
07:22:30       140188    673176   1057684     54.22     16380    658564   2216068    113.59    993504    640124       188
07:22:31       140188    673176   1057684     54.22     16380    658564   2216068    113.59    993504    640124       188
07:22:32       140188    673180   1057684     54.22     16380    658564   2216068    113.59    993504    640128        52
07:22:33       140188    673180   1057684     54.22     16380    658564   2216068    113.59    993504    640128        52
07:22:34       140188    673180   1057684     54.22     16380    658564   2216068    113.59    993504    640128        52
07:22:35       140188    673180   1057684     54.22     16380    658564   2216068    113.59    993504    640128        52
07:22:36       140188    673180   1057680     54.22     16380    658568   2216068    113.59    993504    640128        56
07:22:37       140188    673180   1057676     54.21     16380    658572   2216068    113.59    994124    640128        60
07:22:38       140188    673180   1057676     54.21     16380    658572   2216068    113.59    994124    640128        60
07:22:39       140188    673180   1057672     54.21     16380    658576   2216068    113.59    994124    640128        64
07:22:40       140444    673436   1057416     54.20     16380    658576   2216068    113.59    994124    640128        64
07:22:41       140444    673436   1057412     54.20     16380    658580   2216068    113.59    994124    640128        68
07:22:42       140444    673436   1057412     54.20     16380    658580   2216068    113.59    994124    640128        68
07:22:43       140444    673436   1057412     54.20     16380    658580   2216068    113.59    994124    640128        68

Average:       244587    777573    953287     48.86     16380    658562   2111353    108.22    889178    640122       120
