Linux 7.0.0-1010-aws (ip-172-31-31-224) 	08/11/26 	_x86_64_	(2 CPU)

07:22:18        IFACE   rxpck/s   txpck/s    rxkB/s    txkB/s   rxcmp/s   txcmp/s  rxmcst/s   %ifutil
07:22:19         ens5     57.00     57.00      4.58      6.74      0.00      0.00      0.00      0.00

07:22:19        IFACE   rxpck/s   txpck/s    rxkB/s    txkB/s   rxcmp/s   txcmp/s  rxmcst/s   %ifutil
07:22:20         ens5     14.00     12.00      0.96      1.80      0.00      0.00      0.00      0.00

07:22:20        IFACE   rxpck/s   txpck/s    rxkB/s    txkB/s   rxcmp/s   txcmp/s  rxmcst/s   %ifutil
07:22:21         ens5      9.00      9.00      0.46      1.90      0.00      0.00      0.00      0.00

07:22:21        IFACE   rxpck/s   txpck/s    rxkB/s    txkB/s   rxcmp/s   txcmp/s  rxmcst/s   %ifutil
07:22:22         ens5      6.00      6.00      0.30      1.28      0.00      0.00      0.00      0.00

07:22:22        IFACE   rxpck/s   txpck/s    rxkB/s    txkB/s   rxcmp/s   txcmp/s  rxmcst/s   %ifutil
07:22:23         ens5      6.00      6.00      0.33      1.19      0.00      0.00      0.00      0.00

07:22:23        IFACE   rxpck/s   txpck/s    rxkB/s    txkB/s   rxcmp/s   txcmp/s  rxmcst/s   %ifutil
07:22:24         ens5     10.00     11.00      0.51      2.30      0.00      0.00      0.00      0.00

07:22:24        IFACE   rxpck/s   txpck/s    rxkB/s    txkB/s   rxcmp/s   txcmp/s  rxmcst/s   %ifutil
07:22:25         ens5      6.00      5.00      0.30      1.10      0.00      0.00      0.00      0.00

07:22:25        IFACE   rxpck/s   txpck/s    rxkB/s    txkB/s   rxcmp/s   txcmp/s  rxmcst/s   %ifutil
07:22:26         ens5      6.00      6.00      0.30      1.15      0.00      0.00      0.00      0.00

07:22:26        IFACE   rxpck/s   txpck/s    rxkB/s    txkB/s   rxcmp/s   txcmp/s  rxmcst/s   %ifutil
07:22:27         ens5      0.00      0.00      0.00      0.00      0.00      0.00      0.00      0.00

07:22:27        IFACE   rxpck/s   txpck/s    rxkB/s    txkB/s   rxcmp/s   txcmp/s  rxmcst/s   %ifutil
07:22:28         ens5      0.00      0.00      0.00      0.00      0.00      0.00      0.00      0.00

07:22:28        IFACE   rxpck/s   txpck/s    rxkB/s    txkB/s   rxcmp/s   txcmp/s  rxmcst/s   %ifutil
07:22:29         ens5      1.00      1.00      0.03      0.04      0.00      0.00      0.00      0.00

07:22:29        IFACE   rxpck/s   txpck/s    rxkB/s    txkB/s   rxcmp/s   txcmp/s  rxmcst/s   %ifutil
07:22:30         ens5      0.00      0.00      0.00      0.00      0.00      0.00      0.00      0.00

07:22:30        IFACE   rxpck/s   txpck/s    rxkB/s    txkB/s   rxcmp/s   txcmp/s  rxmcst/s   %ifutil
07:22:31         ens5      0.00      1.00      0.00      0.22      0.00      0.00      0.00      0.00

07:22:31        IFACE   rxpck/s   txpck/s    rxkB/s    txkB/s   rxcmp/s   txcmp/s  rxmcst/s   %ifutil
07:22:32         ens5      1.00      0.00      0.21      0.00      0.00      0.00      0.00      0.00

07:22:32        IFACE   rxpck/s   txpck/s    rxkB/s    txkB/s   rxcmp/s   txcmp/s  rxmcst/s   %ifutil
07:22:33         ens5     24.00     18.00      4.44      6.98      0.00      0.00      0.00      0.00

07:22:33        IFACE   rxpck/s   txpck/s    rxkB/s    txkB/s   rxcmp/s   txcmp/s  rxmcst/s   %ifutil
07:22:34         ens5      0.00      0.00      0.00      0.00      0.00      0.00      0.00      0.00

07:22:34        IFACE   rxpck/s   txpck/s    rxkB/s    txkB/s   rxcmp/s   txcmp/s  rxmcst/s   %ifutil
07:22:35         ens5      0.00      0.00      0.00      0.00      0.00      0.00      0.00      0.00

07:22:35        IFACE   rxpck/s   txpck/s    rxkB/s    txkB/s   rxcmp/s   txcmp/s  rxmcst/s   %ifutil
07:22:36         ens5      0.00      0.00      0.00      0.00      0.00      0.00      0.00      0.00

07:22:36        IFACE   rxpck/s   txpck/s    rxkB/s    txkB/s   rxcmp/s   txcmp/s  rxmcst/s   %ifutil
07:22:37         ens5      0.00      0.00      0.00      0.00      0.00      0.00      0.00      0.00

07:22:37        IFACE   rxpck/s   txpck/s    rxkB/s    txkB/s   rxcmp/s   txcmp/s  rxmcst/s   %ifutil
07:22:38         ens5    219.00    165.00     43.37     49.98      0.00      0.00      0.00      0.00

07:22:38        IFACE   rxpck/s   txpck/s    rxkB/s    txkB/s   rxcmp/s   txcmp/s  rxmcst/s   %ifutil
07:22:39         ens5   1035.00    790.00    210.25    242.98      0.00      0.00      0.00      0.00

07:22:39        IFACE   rxpck/s   txpck/s    rxkB/s    txkB/s   rxcmp/s   txcmp/s  rxmcst/s   %ifutil
07:22:40         ens5    814.00    605.00    159.58    183.31      0.00      0.00      0.00      0.00

07:22:40        IFACE   rxpck/s   txpck/s    rxkB/s    txkB/s   rxcmp/s   txcmp/s  rxmcst/s   %ifutil
07:22:41         ens5    119.00     89.00     23.94     27.58      0.00      0.00      0.00      0.00

07:22:41        IFACE   rxpck/s   txpck/s    rxkB/s    txkB/s   rxcmp/s   txcmp/s  rxmcst/s   %ifutil
07:22:42         ens5      0.00      0.00      0.00      0.00      0.00      0.00      0.00      0.00

07:22:42        IFACE   rxpck/s   txpck/s    rxkB/s    txkB/s   rxcmp/s   txcmp/s  rxmcst/s   %ifutil
07:22:43         ens5      0.00      0.00      0.00      0.00      0.00      0.00      0.00      0.00


Average:        IFACE   rxpck/s   txpck/s    rxkB/s    txkB/s   rxcmp/s   txcmp/s  rxmcst/s   %ifutil
Average:         ens5     93.08     71.24     17.98     21.14      0.00      0.00      0.00      0.00
