Linux 7.0.0-1008-aws (ip-172-31-31-224) 	08/07/26 	_x86_64_	(2 CPU)

07:47:27    kbmemfree   kbavail kbmemused  %memused kbbuffers  kbcached  kbcommit   %commit  kbactive   kbinact   kbdirty
07:47:28       797592   1249964    404872     20.75     16096    580852   1479092     75.82    436084    467436        56
07:47:29       717456   1169828    485008     24.86     16096    580852   1558700     79.90    512408    467436        56
07:47:30       645132   1097504    557332     28.57     16096    580852   1633532     83.74    587120    467436        56
07:47:31       556428   1008800    646036     33.12     16096    580852   1717488     88.04    672968    467436        56
07:47:32       435720    888092    766744     39.30     16096    580852   1833728     94.00    788532    467436        56
07:47:33       411528    863900    790936     40.54     16096    580852   1863680     95.53    819248    467436        56
07:47:34       306948    759320    895516     45.91     16096    580852   1964212    100.69    918816    467436        56
07:47:35       234372    686744    968092     49.63     16096    580852   2042492    104.70    996856    467436        52
07:47:36       234372    686744    968092     49.63     16096    580852   2046844    104.92    999708    467436        52
07:47:37       232608    684980    969856     49.72     16096    580852   2050940    105.13   1003428    467436        52
07:47:38       231348    683720    971116     49.78     16096    580852   2055356    105.36   1007520    467436        52
07:47:39       228324    680696    974140     49.94     16096    580852   2059452    105.57   1011488    467436        52
07:47:40       224040    676412    978424     50.16     16096    580852   2063548    105.78   1015704    467436        52
07:47:41       219756    672128    982708     50.37     16096    580852   2063804    105.79   1019548    467436        52
07:47:42       215976    668348    986488     50.57     16096    580852   2067900    106.00   1023392    467436        52
07:47:43       211944    664316    990520     50.78     16096    580852   2071996    106.21   1027608    467436        52
07:47:44       208164    660536    994300     50.97     16096    580852   2076228    106.43   1031576    467436        52
07:47:45       204132    656504    998332     51.18     16096    580852   2080580    106.65   1035544    467436        52
07:47:46       199596    651968   1002868     51.41     16096    580852   2084676    106.86   1039512    467436        52
07:47:47       196068    648460   1006372     51.59     16120    580852   2089028    107.09   1043516    467456        96
07:47:48       191784    644180   1010652     51.81     16120    580856   2093124    107.30   1047640    467460        16
07:47:49       187500    639900   1014936     52.03     16120    580856   2097220    107.51   1051684    467464        16
07:47:50       183972    636372   1018464     52.21     16120    580856   2101636    107.73   1055696    467464        16
07:47:51       179940    632340   1022496     52.41     16120    580856   2105732    107.94   1059748    467464        16
07:47:52       175656    628056   1026780     52.63     16120    580856   2109828    108.15   1063968    467464        16
07:47:53       174396    626796   1028040     52.70     16120    580856   2109892    108.16   1065356    467464        16
07:47:54       174144    626544   1028292     52.71     16120    580856   2109892    108.16   1065380    467464        16
07:47:55       174144    626544   1028292     52.71     16120    580856   2109892    108.16   1065380    467464        16
07:47:56       174144    626544   1028292     52.71     16120    580856   2109956    108.16   1065464    467464        16
07:47:57       174144    626544   1028292     52.71     16120    580856   2109956    108.16   1065504    467464        16
07:47:58       174144    626544   1028292     52.71     16120    580856   2109956    108.16   1065504    467464        16
07:47:59       174144    626544   1028292     52.71     16120    580856   2109956    108.16   1065524    467464        12
07:48:00       174144    626544   1028292     52.71     16120    580856   2109956    108.16   1065524    467464        12
07:48:01       174144    626544   1028288     52.71     16120    580860   2109956    108.16   1065524    467464        16
07:48:02       174144    626544   1028288     52.71     16120    580860   2109956    108.16   1065524    467464        16
07:48:03       174144    626544   1028288     52.71     16120    580860   2110020    108.16   1065524    467464        16
07:48:04       174144    626544   1028288     52.71     16120    580860   2110020    108.16   1065524    467464        16
07:48:05       174144    626544   1028288     52.71     16120    580860   2110020    108.16   1065524    467464        16
07:48:06       174144    626544   1028288     52.71     16120    580860   2110020    108.16   1065524    467464        16
07:48:07       174144    626544   1028288     52.71     16120    580860   2110020    108.16   1065608    467464        16
07:48:08       174144    626548   1028284     52.71     16120    580864   2110020    108.16   1065644    467468        20
07:48:09       174144    626548   1028284     52.71     16120    580864   2110084    108.17   1065644    467468        20
07:48:10       174144    626548   1028284     52.71     16120    580864   2110084    108.17   1065644    467468        20
07:48:11       173892    626296   1028536     52.72     16120    580864   2110084    108.17   1065644    467468        20
07:48:12       173892    626296   1028536     52.72     16120    580864   2110084    108.17   1065644    467468        20
07:48:13       173892    626296   1028536     52.72     16120    580864   2110084    108.17   1065644    467468        20
07:48:14       173892    626296   1028536     52.72     16120    580864   2110084    108.17   1065644    467468        20
07:48:15       173892    626296   1028536     52.72     16120    580864   2110084    108.17   1065644    467468        20

Average:       242389    694778    960056     49.21     16110    580856   2040435    104.60    995351    467453        33
