Linux 7.0.0-1008-aws (ip-172-31-31-224) 	08/07/26 	_x86_64_	(2 CPU)

07:47:27        IFACE   rxpck/s   txpck/s    rxkB/s    txkB/s   rxcmp/s   txcmp/s  rxmcst/s   %ifutil
07:47:28         ens5     40.00     39.00      3.82      5.69      0.00      0.00      0.00      0.00

07:47:28        IFACE   rxpck/s   txpck/s    rxkB/s    txkB/s   rxcmp/s   txcmp/s  rxmcst/s   %ifutil
07:47:29         ens5     37.00     31.00      3.67      4.57      0.00      0.00      0.00      0.00

07:47:29        IFACE   rxpck/s   txpck/s    rxkB/s    txkB/s   rxcmp/s   txcmp/s  rxmcst/s   %ifutil
07:47:30         ens5     26.00     22.00      2.16      3.72      0.00      0.00      0.00      0.00

07:47:30        IFACE   rxpck/s   txpck/s    rxkB/s    txkB/s   rxcmp/s   txcmp/s  rxmcst/s   %ifutil
07:47:31         ens5      8.00      7.00      0.41      1.52      0.00      0.00      0.00      0.00

07:47:31        IFACE   rxpck/s   txpck/s    rxkB/s    txkB/s   rxcmp/s   txcmp/s  rxmcst/s   %ifutil
07:47:32         ens5      3.00      3.00      0.15      0.66      0.00      0.00      0.00      0.00

07:47:32        IFACE   rxpck/s   txpck/s    rxkB/s    txkB/s   rxcmp/s   txcmp/s  rxmcst/s   %ifutil
07:47:33         ens5     11.00     11.00      0.56      2.30      0.00      0.00      0.00      0.00

07:47:33        IFACE   rxpck/s   txpck/s    rxkB/s    txkB/s   rxcmp/s   txcmp/s  rxmcst/s   %ifutil
07:47:34         ens5      5.00      5.00      0.25      1.10      0.00      0.00      0.00      0.00

07:47:34        IFACE   rxpck/s   txpck/s    rxkB/s    txkB/s   rxcmp/s   txcmp/s  rxmcst/s   %ifutil
07:47:35         ens5      6.00      6.00      0.30      1.15      0.00      0.00      0.00      0.00

07:47:35        IFACE   rxpck/s   txpck/s    rxkB/s    txkB/s   rxcmp/s   txcmp/s  rxmcst/s   %ifutil
07:47:36         ens5    130.00     98.00     77.84     58.38      0.00      0.00      0.00      0.00

07:47:36        IFACE   rxpck/s   txpck/s    rxkB/s    txkB/s   rxcmp/s   txcmp/s  rxmcst/s   %ifutil
07:47:37         ens5    187.00    135.00    109.79     76.40      0.00      0.00      0.00      0.00

07:47:37        IFACE   rxpck/s   txpck/s    rxkB/s    txkB/s   rxcmp/s   txcmp/s  rxmcst/s   %ifutil
07:47:38         ens5    184.00    135.00    110.75     78.79      0.00      0.00      0.00      0.00

07:47:38        IFACE   rxpck/s   txpck/s    rxkB/s    txkB/s   rxcmp/s   txcmp/s  rxmcst/s   %ifutil
07:47:39         ens5    187.00    133.00    110.09     76.47      0.00      0.00      0.00      0.00

07:47:39        IFACE   rxpck/s   txpck/s    rxkB/s    txkB/s   rxcmp/s   txcmp/s  rxmcst/s   %ifutil
07:47:40         ens5    187.00    135.00    111.06     78.83      0.00      0.00      0.00      0.00

07:47:40        IFACE   rxpck/s   txpck/s    rxkB/s    txkB/s   rxcmp/s   txcmp/s  rxmcst/s   %ifutil
07:47:41         ens5    182.00    130.00    107.98     75.73      0.00      0.00      0.00      0.00

07:47:41        IFACE   rxpck/s   txpck/s    rxkB/s    txkB/s   rxcmp/s   txcmp/s  rxmcst/s   %ifutil
07:47:42         ens5    185.00    131.00    109.38     75.88      0.00      0.00      0.00      0.00

07:47:42        IFACE   rxpck/s   txpck/s    rxkB/s    txkB/s   rxcmp/s   txcmp/s  rxmcst/s   %ifutil
07:47:43         ens5    184.00    131.00    108.35     76.06      0.00      0.00      0.00      0.00

07:47:43        IFACE   rxpck/s   txpck/s    rxkB/s    txkB/s   rxcmp/s   txcmp/s  rxmcst/s   %ifutil
07:47:44         ens5    184.00    134.00    110.52     78.48      0.00      0.00      0.00      0.00

07:47:44        IFACE   rxpck/s   txpck/s    rxkB/s    txkB/s   rxcmp/s   txcmp/s  rxmcst/s   %ifutil
07:47:45         ens5    161.00    132.00    108.53     76.25      0.00      0.00      0.00      0.00

07:47:45        IFACE   rxpck/s   txpck/s    rxkB/s    txkB/s   rxcmp/s   txcmp/s  rxmcst/s   %ifutil
07:47:46         ens5    158.00    132.00    107.42     76.48      0.00      0.00      0.00      0.00

07:47:46        IFACE   rxpck/s   txpck/s    rxkB/s    txkB/s   rxcmp/s   txcmp/s  rxmcst/s   %ifutil
07:47:47         ens5    160.00    136.00    110.47     78.75      0.00      0.00      0.00      0.00

07:47:47        IFACE   rxpck/s   txpck/s    rxkB/s    txkB/s   rxcmp/s   txcmp/s  rxmcst/s   %ifutil
07:47:48         ens5    156.00    130.00    106.54     75.72      0.00      0.00      0.00      0.00

07:47:48        IFACE   rxpck/s   txpck/s    rxkB/s    txkB/s   rxcmp/s   txcmp/s  rxmcst/s   %ifutil
07:47:49         ens5    157.00    134.00    109.05     78.50      0.00      0.00      0.00      0.00

07:47:49        IFACE   rxpck/s   txpck/s    rxkB/s    txkB/s   rxcmp/s   txcmp/s  rxmcst/s   %ifutil
07:47:50         ens5    161.00    133.00    108.46     76.26      0.00      0.00      0.00      0.00

07:47:50        IFACE   rxpck/s   txpck/s    rxkB/s    txkB/s   rxcmp/s   txcmp/s  rxmcst/s   %ifutil
07:47:51         ens5    155.00    130.00    106.48     75.70      0.00      0.00      0.00      0.00

07:47:51        IFACE   rxpck/s   txpck/s    rxkB/s    txkB/s   rxcmp/s   txcmp/s  rxmcst/s   %ifutil
07:47:52         ens5    158.00    135.00    109.43     78.87      0.00      0.00      0.00      0.00

07:47:52        IFACE   rxpck/s   txpck/s    rxkB/s    txkB/s   rxcmp/s   txcmp/s  rxmcst/s   %ifutil
07:47:53         ens5    161.00    133.00    108.51     76.34      0.00      0.00      0.00      0.00

07:47:53        IFACE   rxpck/s   txpck/s    rxkB/s    txkB/s   rxcmp/s   txcmp/s  rxmcst/s   %ifutil
07:47:54         ens5    158.00    135.00    109.21     78.63      0.00      0.00      0.00      0.00

07:47:54        IFACE   rxpck/s   txpck/s    rxkB/s    txkB/s   rxcmp/s   txcmp/s  rxmcst/s   %ifutil
07:47:55         ens5    159.00    131.00    108.09     75.86      0.00      0.00      0.00      0.00

07:47:55        IFACE   rxpck/s   txpck/s    rxkB/s    txkB/s   rxcmp/s   txcmp/s  rxmcst/s   %ifutil
07:47:56         ens5    161.00    135.00    109.76     78.84      0.00      0.00      0.00      0.00

07:47:56        IFACE   rxpck/s   txpck/s    rxkB/s    txkB/s   rxcmp/s   txcmp/s  rxmcst/s   %ifutil
07:47:57         ens5    157.00    132.00    108.13     76.26      0.00      0.00      0.00      0.00

07:47:57        IFACE   rxpck/s   txpck/s    rxkB/s    txkB/s   rxcmp/s   txcmp/s  rxmcst/s   %ifutil
07:47:58         ens5    155.00    130.00    106.43     75.77      0.00      0.00      0.00      0.00

07:47:58        IFACE   rxpck/s   txpck/s    rxkB/s    txkB/s   rxcmp/s   txcmp/s  rxmcst/s   %ifutil
07:47:59         ens5    159.00    136.00    109.58     78.92      0.00      0.00      0.00      0.00

07:47:59        IFACE   rxpck/s   txpck/s    rxkB/s    txkB/s   rxcmp/s   txcmp/s  rxmcst/s   %ifutil
07:48:00         ens5    169.00    125.00    103.36     72.83      0.00      0.00      0.00      0.00

07:48:00        IFACE   rxpck/s   txpck/s    rxkB/s    txkB/s   rxcmp/s   txcmp/s  rxmcst/s   %ifutil
07:48:01         ens5    109.00     77.00     64.06     44.16      0.00      0.00      0.00      0.00

07:48:01        IFACE   rxpck/s   txpck/s    rxkB/s    txkB/s   rxcmp/s   txcmp/s  rxmcst/s   %ifutil
07:48:02         ens5    116.00     84.00     69.18     49.36      0.00      0.00      0.00      0.00

07:48:02        IFACE   rxpck/s   txpck/s    rxkB/s    txkB/s   rxcmp/s   txcmp/s  rxmcst/s   %ifutil
07:48:03         ens5    186.00    132.00    109.71     76.23      0.00      0.00      0.00      0.00

07:48:03        IFACE   rxpck/s   txpck/s    rxkB/s    txkB/s   rxcmp/s   txcmp/s  rxmcst/s   %ifutil
07:48:04         ens5    185.00    134.00    110.62     78.43      0.00      0.00      0.00      0.00

07:48:04        IFACE   rxpck/s   txpck/s    rxkB/s    txkB/s   rxcmp/s   txcmp/s  rxmcst/s   %ifutil
07:48:05         ens5    186.00    133.00    109.66     76.34      0.00      0.00      0.00      0.00

07:48:05        IFACE   rxpck/s   txpck/s    rxkB/s    txkB/s   rxcmp/s   txcmp/s  rxmcst/s   %ifutil
07:48:06         ens5    160.00    130.00    106.87     75.71      0.00      0.00      0.00      0.00

07:48:06        IFACE   rxpck/s   txpck/s    rxkB/s    txkB/s   rxcmp/s   txcmp/s  rxmcst/s   %ifutil
07:48:07         ens5    156.00    134.00    108.93     78.50      0.00      0.00      0.00      0.00

07:48:07        IFACE   rxpck/s   txpck/s    rxkB/s    txkB/s   rxcmp/s   txcmp/s  rxmcst/s   %ifutil
07:48:08         ens5    157.00    131.00    107.76     75.80      0.00      0.00      0.00      0.00

07:48:08        IFACE   rxpck/s   txpck/s    rxkB/s    txkB/s   rxcmp/s   txcmp/s  rxmcst/s   %ifutil
07:48:09         ens5    160.00    136.00    110.46     78.70      0.00      0.00      0.00      0.00

07:48:09        IFACE   rxpck/s   txpck/s    rxkB/s    txkB/s   rxcmp/s   txcmp/s  rxmcst/s   %ifutil
07:48:10         ens5    156.00    131.00    106.85     76.07      0.00      0.00      0.00      0.00

07:48:10        IFACE   rxpck/s   txpck/s    rxkB/s    txkB/s   rxcmp/s   txcmp/s  rxmcst/s   %ifutil
07:48:11         ens5    160.00    135.00    109.70     78.79      0.00      0.00      0.00      0.00

07:48:11        IFACE   rxpck/s   txpck/s    rxkB/s    txkB/s   rxcmp/s   txcmp/s  rxmcst/s   %ifutil
07:48:12         ens5    159.00    131.00    108.06     75.87      0.00      0.00      0.00      0.00

07:48:12        IFACE   rxpck/s   txpck/s    rxkB/s    txkB/s   rxcmp/s   txcmp/s  rxmcst/s   %ifutil
07:48:13         ens5    160.00    135.00    109.69     78.87      0.00      0.00      0.00      0.00

07:48:13        IFACE   rxpck/s   txpck/s    rxkB/s    txkB/s   rxcmp/s   txcmp/s  rxmcst/s   %ifutil
07:48:14         ens5    157.00    131.00    106.71     75.78      0.00      0.00      0.00      0.00

07:48:14        IFACE   rxpck/s   txpck/s    rxkB/s    txkB/s   rxcmp/s   txcmp/s  rxmcst/s   %ifutil
07:48:15         ens5     15.00     11.00      9.61      5.96      0.00      0.00      0.00      0.00


Average:        IFACE   rxpck/s   txpck/s    rxkB/s    txkB/s   rxcmp/s   txcmp/s  rxmcst/s   %ifutil
Average:         ens5    135.69    107.71     86.34     61.46      0.00      0.00      0.00      0.00
