Linux 7.0.0-1008-aws (ip-172-31-31-224) 	08/07/26 	_x86_64_	(2 CPU)

07:37:49        CPU     %user     %nice   %system   %iowait    %steal     %idle
07:37:50        all     52.00      0.00      4.50      0.00      0.00     43.50
07:37:51        all     50.00      0.00      3.54      0.00      0.00     46.46
07:37:52        all     50.25      0.00      3.02      0.00      0.00     46.73
07:37:53        all     51.27      0.00      3.55      0.00      0.00     45.18
07:37:54        all     49.75      0.00      3.48      0.00      0.00     46.77
07:37:55        all     46.23      0.00      4.52      0.00      0.00     49.25
07:37:56        all     51.50      0.00      3.00      0.00      0.00     45.50
07:37:57        all     31.66      0.00      4.02      0.00      0.00     64.32
07:37:58        all      1.52      0.00      0.00      0.00      0.00     98.48
07:37:59        all      2.50      0.00      1.50      0.00      0.00     96.00
07:38:00        all      2.01      0.00      1.51      0.00      0.00     96.48
07:38:01        all      1.53      0.00      0.51      0.00      0.00     97.96
07:38:02        all      2.51      0.00      1.51      0.00      0.00     95.98
07:38:03        all      2.53      0.00      1.01      0.00      0.00     96.46
07:38:04        all      2.03      0.00      0.51      0.00      0.00     97.46
07:38:05        all      2.50      0.00      1.00      0.00      0.50     96.00
07:38:06        all      2.50      0.00      2.00      0.00      0.00     95.50
07:38:07        all      2.54      0.00      0.51      0.00      0.00     96.95
07:38:08        all      2.03      0.00      0.51      0.00      0.00     97.46
07:38:09        all      2.53      0.00      1.01      0.00      0.00     96.46
07:38:10        all      2.01      0.00      1.51      0.00      0.50     95.98
07:38:11        all      2.02      0.00      1.01      0.00      0.00     96.97
07:38:12        all      2.51      0.00      1.01      0.00      0.00     96.48
07:38:13        all      2.03      0.00      1.02      0.00      0.00     96.95
07:38:14        all      2.51      0.00      1.01      0.00      0.00     96.48
07:38:15        all      2.53      0.00      1.01      0.00      0.00     96.46
07:38:16        all      2.02      0.00      1.52      0.00      0.00     96.46
07:38:17        all      3.06      0.00      0.51      0.00      0.00     96.43
07:38:18        all      2.51      0.00      1.01      0.00      0.00     96.48
07:38:19        all      2.01      0.00      1.51      0.00      0.00     96.48
07:38:20        all      2.51      0.00      1.01      0.00      0.00     96.48
07:38:21        all      2.02      0.00      1.01      0.00      0.00     96.97
07:38:22        all      2.03      0.00      1.02      0.00      0.00     96.95
07:38:23        all      2.51      0.00      1.01      0.00      0.00     96.48
07:38:24        all      2.02      0.00      1.52      0.00      0.00     96.46
07:38:25        all      2.02      0.00      1.01      0.00      0.00     96.97
07:38:26        all      3.02      0.00      0.50      0.00      0.00     96.48
07:38:27        all      2.03      0.00      1.02      0.00      0.00     96.95
07:38:28        all      2.02      0.00      1.01      0.00      0.00     96.97
07:38:29        all      2.02      0.00      1.52      0.00      0.00     96.46
07:38:30        all      3.05      0.00      0.00      0.00      0.00     96.95
07:38:31        all      2.02      0.00      1.01      0.00      0.00     96.97
07:38:32        all      2.01      0.00      2.01      0.00      0.00     95.98
07:38:33        all      2.53      0.00      0.51      0.00      0.00     96.97
07:38:34        all      1.53      0.00      0.51      0.00      0.00     97.96
07:38:35        all      3.02      0.00      1.01      0.00      0.00     95.98
07:38:36        all      2.50      0.00      1.50      0.00      0.50     95.50
07:38:37        all      2.03      0.00      0.51      0.00      0.00     97.46
07:38:38        all      2.02      0.00      1.52      0.00      0.00     96.46
07:38:39        all      1.01      0.00      0.50      0.00      0.00     98.49
07:38:40        all      3.50      0.00      0.50      0.00      0.00     96.00
07:38:41        all      0.50      0.00      0.00      0.00      0.00     99.50
07:38:42        all      0.00      0.00      0.50      0.00      0.00     99.50


Average:        all      9.09      0.00      1.38      0.00      0.03     89.50
