Linux 7.0.0-1008-aws (ip-172-31-31-224) 	08/07/26 	_x86_64_	(2 CPU)

07:37:49    kbmemfree   kbavail kbmemused  %memused kbbuffers  kbcached  kbcommit   %commit  kbactive   kbinact   kbdirty
07:37:50       809092   1260492    394344     20.21     15600    580376   1479180     75.82    431112    466760        16
07:37:51       712828   1164228    490608     25.15     15600    580376   1570980     80.53    522584    466760        16
07:37:52       653608   1105008    549828     28.18     15600    580376   1629492     83.53    584240    466760        16
07:37:53       536932    988332    666504     34.17     15600    580376   1750768     89.75    702980    466760        16
07:37:54       448228    899628    755208     38.71     15600    580376   1833976     94.01    787960    466760        16
07:37:55       359776    811176    843660     43.25     15600    580376   1926316     98.75    878380    466760        16
07:37:56       311392    762792    892044     45.73     15600    580376   1975980    101.29    928860    466760        16
07:37:57       206560    657960    996876     51.10     15600    580376   2072252    106.23   1024972    466760        16
07:37:58       206336    657736    997100     51.11     15600    580376   2072252    106.23   1025220    466760        16
07:37:59       206336    657736    997100     51.11     15600    580376   2072252    106.23   1025220    466760        16
07:38:00       206336    657736    997100     51.11     15600    580376   2072252    106.23   1025220    466760        16
07:38:01       206336    657736    997100     51.11     15600    580376   2072252    106.23   1025344    466760        16
07:38:02       206336    657736    997100     51.11     15600    580376   2072252    106.23   1025344    466760        16
07:38:03       206336    657736    997100     51.11     15600    580376   2072252    106.23   1025344    466760        16
07:38:04       206336    657736    997100     51.11     15600    580376   2072252    106.23   1025344    466760        16
07:38:05       206336    657736    997100     51.11     15600    580376   2072252    106.23   1025344    466760        16
07:38:06       206336    657736    997100     51.11     15600    580376   2072252    106.23   1025344    466760        16
07:38:07       206336    657736    997100     51.11     15600    580376   2072316    106.23   1025468    466760        16
07:38:08       206336    657736    997100     51.11     15600    580376   2072316    106.23   1025468    466760        16
07:38:09       206336    657736    997100     51.11     15600    580376   2072316    106.23   1025468    466760        16
07:38:10       206336    657740    997096     51.11     15600    580380   2072316    106.23   1025588    466764        20
07:38:11       206336    657740    997096     51.11     15600    580380   2072316    106.23   1025588    466764        20
07:38:12       206336    657740    997096     51.11     15600    580380   2072316    106.23   1025588    466764        20
07:38:13       206336    657740    997096     51.11     15600    580380   2072316    106.23   1025588    466764        20
07:38:14       206336    657740    997096     51.11     15600    580380   2072380    106.23   1025588    466764        20
07:38:15       206336    657740    997096     51.11     15600    580380   2072380    106.23   1025588    466764        20
07:38:16       206336    657740    997096     51.11     15600    580380   2072380    106.23   1025588    466764        20
07:38:17       206336    657740    996980     51.11     15624    580472   2072380    106.23   1025668    466764        92
07:38:18       206336    657740    996980     51.11     15624    580472   2072380    106.23   1025668    466764        92
07:38:19       206336    657856    996980     51.11     15624    580472   2072380    106.23   1025876    466788        88
07:38:20       206336    657856    996980     51.11     15624    580472   2072444    106.24   1025908    466788        72
07:38:21       206336    657856    996980     51.11     15624    580472   2072444    106.24   1025908    466788        84
07:38:22       206336    657856    996980     51.11     15624    580472   2072444    106.24   1025908    466788        84
07:38:23       206336    657856    996976     51.11     15624    580476   2072444    106.24   1025908    466788        88
07:38:24       206336    657860    996976     51.11     15624    580476   2072444    106.24   1026028    466792        88
07:38:25       206336    657860    996976     51.11     15624    580476   2072700    106.25   1026152    466792        88
07:38:26       206336    657860    996976     51.11     15624    580476   2072764    106.25   1026152    466792        88
07:38:27       206336    657860    996976     51.11     15624    580476   2073020    106.27   1026276    466792        88
07:38:28       206336    657860    996976     51.11     15624    580476   2073020    106.27   1026400    466792        88
07:38:29       206336    657860    996976     51.11     15624    580476   2073020    106.27   1026400    466792        88
07:38:30       206336    657864    996972     51.11     15624    580480   2073020    106.27   1026644    466796        92
07:38:31       206336    657864    996972     51.11     15624    580480   2073020    106.27   1026644    466796        92
07:38:32       206336    657864    996972     51.11     15624    580480   2073020    106.27   1026644    466796        92
07:38:33       206336    657864    996972     51.11     15624    580480   2073596    106.30   1026768    466796        92
07:38:34       206336    657864    996972     51.11     15624    580480   2073596    106.30   1026892    466796        92
07:38:35       206336    657864    996972     51.11     15624    580480   2073596    106.30   1026892    466796        92
07:38:36       206336    657864    996972     51.11     15624    580480   2073596    106.30   1027016    466796        92
07:38:37       206336    657864    996972     51.11     15624    580480   2073596    106.30   1027308    466796        92
07:38:38       206336    657864    996972     51.11     15624    580480   2077692    106.51   1031108    466796        92
07:38:39       206336    657864    996972     51.11     15624    580480   2078000    106.52   1032728    466796        92
07:38:40       206336    657864    996968     51.11     15624    580484   2078000    106.52   1032728    466796        96
07:38:41       206336    657864    996968     51.11     15624    580484   2078000    106.52   1032728    466796        96
07:38:42       206336    657864    996968     51.11     15624    580484   2078000    106.52   1032728    466796        96


Average:       251387    702845    951986     48.80     15612    580426   2028928    104.01    982253    466776        53
