Linux 7.0.0-1008-aws (ip-172-31-31-224) 	08/07/26 	_x86_64_	(2 CPU)

07:37:49        IFACE   rxpck/s   txpck/s    rxkB/s    txkB/s   rxcmp/s   txcmp/s  rxmcst/s   %ifutil
07:37:50         ens5     40.00     37.00      3.79      5.53      0.00      0.00      0.00      0.00

07:37:50        IFACE   rxpck/s   txpck/s    rxkB/s    txkB/s   rxcmp/s   txcmp/s  rxmcst/s   %ifutil
07:37:51         ens5     24.00     22.00      2.06      3.04      0.00      0.00      0.00      0.00

07:37:51        IFACE   rxpck/s   txpck/s    rxkB/s    txkB/s   rxcmp/s   txcmp/s  rxmcst/s   %ifutil
07:37:52         ens5     10.00     10.00      0.51      2.11      0.00      0.00      0.00      0.00

07:37:52        IFACE   rxpck/s   txpck/s    rxkB/s    txkB/s   rxcmp/s   txcmp/s  rxmcst/s   %ifutil
07:37:53         ens5      7.00      7.00      0.36      1.52      0.00      0.00      0.00      0.00

07:37:53        IFACE   rxpck/s   txpck/s    rxkB/s    txkB/s   rxcmp/s   txcmp/s  rxmcst/s   %ifutil
07:37:54         ens5      3.00      3.00      0.15      0.66      0.00      0.00      0.00      0.00

07:37:54        IFACE   rxpck/s   txpck/s    rxkB/s    txkB/s   rxcmp/s   txcmp/s  rxmcst/s   %ifutil
07:37:55         ens5     12.00     12.00      0.63      2.39      0.00      0.00      0.00      0.00

07:37:55        IFACE   rxpck/s   txpck/s    rxkB/s    txkB/s   rxcmp/s   txcmp/s  rxmcst/s   %ifutil
07:37:56         ens5      5.00      5.00      0.25      1.10      0.00      0.00      0.00      0.00

07:37:56        IFACE   rxpck/s   txpck/s    rxkB/s    txkB/s   rxcmp/s   txcmp/s  rxmcst/s   %ifutil
07:37:57         ens5      5.00      5.00      0.25      1.05      0.00      0.00      0.00      0.00

07:37:57        IFACE   rxpck/s   txpck/s    rxkB/s    txkB/s   rxcmp/s   txcmp/s  rxmcst/s   %ifutil
07:37:58         ens5     87.00     90.00     50.25     53.33      0.00      0.00      0.00      0.00

07:37:58        IFACE   rxpck/s   txpck/s    rxkB/s    txkB/s   rxcmp/s   txcmp/s  rxmcst/s   %ifutil
07:37:59         ens5    175.00    175.00    104.18    101.04      0.00      0.00      0.00      0.00

07:37:59        IFACE   rxpck/s   txpck/s    rxkB/s    txkB/s   rxcmp/s   txcmp/s  rxmcst/s   %ifutil
07:38:00         ens5    157.00    157.00     92.47     89.72      0.00      0.00      0.00      0.00

07:38:00        IFACE   rxpck/s   txpck/s    rxkB/s    txkB/s   rxcmp/s   txcmp/s  rxmcst/s   %ifutil
07:38:01         ens5    153.00    156.00     92.08     89.39      0.00      0.00      0.00      0.00

07:38:01        IFACE   rxpck/s   txpck/s    rxkB/s    txkB/s   rxcmp/s   txcmp/s  rxmcst/s   %ifutil
07:38:02         ens5    169.00    169.00    100.04     97.10      0.00      0.00      0.00      0.00

07:38:02        IFACE   rxpck/s   txpck/s    rxkB/s    txkB/s   rxcmp/s   txcmp/s  rxmcst/s   %ifutil
07:38:03         ens5    175.00    177.00    103.27    101.71      0.00      0.00      0.00      0.00

07:38:03        IFACE   rxpck/s   txpck/s    rxkB/s    txkB/s   rxcmp/s   txcmp/s  rxmcst/s   %ifutil
07:38:04         ens5    171.00    168.00    101.10     96.88      0.00      0.00      0.00      0.00

07:38:04        IFACE   rxpck/s   txpck/s    rxkB/s    txkB/s   rxcmp/s   txcmp/s  rxmcst/s   %ifutil
07:38:05         ens5    173.00    179.00    103.19    102.22      0.00      0.00      0.00      0.00

07:38:05        IFACE   rxpck/s   txpck/s    rxkB/s    txkB/s   rxcmp/s   txcmp/s  rxmcst/s   %ifutil
07:38:06         ens5    172.00    171.00    101.24     97.69      0.00      0.00      0.00      0.00

07:38:06        IFACE   rxpck/s   txpck/s    rxkB/s    txkB/s   rxcmp/s   txcmp/s  rxmcst/s   %ifutil
07:38:07         ens5    176.00    175.00    104.31    101.45      0.00      0.00      0.00      0.00

07:38:07        IFACE   rxpck/s   txpck/s    rxkB/s    txkB/s   rxcmp/s   txcmp/s  rxmcst/s   %ifutil
07:38:08         ens5    176.00    178.00    104.58    101.84      0.00      0.00      0.00      0.00

07:38:08        IFACE   rxpck/s   txpck/s    rxkB/s    txkB/s   rxcmp/s   txcmp/s  rxmcst/s   %ifutil
07:38:09         ens5    169.00    174.00     99.95     98.91      0.00      0.00      0.00      0.00

07:38:09        IFACE   rxpck/s   txpck/s    rxkB/s    txkB/s   rxcmp/s   txcmp/s  rxmcst/s   %ifutil
07:38:10         ens5    175.00    179.00    104.07    102.23      0.00      0.00      0.00      0.00

07:38:10        IFACE   rxpck/s   txpck/s    rxkB/s    txkB/s   rxcmp/s   txcmp/s  rxmcst/s   %ifutil
07:38:11         ens5    174.00    177.00    103.74    101.31      0.00      0.00      0.00      0.00

07:38:11        IFACE   rxpck/s   txpck/s    rxkB/s    txkB/s   rxcmp/s   txcmp/s  rxmcst/s   %ifutil
07:38:12         ens5    175.00    178.00    104.27    101.95      0.00      0.00      0.00      0.00

07:38:12        IFACE   rxpck/s   txpck/s    rxkB/s    txkB/s   rxcmp/s   txcmp/s  rxmcst/s   %ifutil
07:38:13         ens5    170.00    167.00     99.88     96.72      0.00      0.00      0.00      0.00

07:38:13        IFACE   rxpck/s   txpck/s    rxkB/s    txkB/s   rxcmp/s   txcmp/s  rxmcst/s   %ifutil
07:38:14         ens5    178.00    177.00    104.43    101.27      0.00      0.00      0.00      0.00

07:38:14        IFACE   rxpck/s   txpck/s    rxkB/s    txkB/s   rxcmp/s   txcmp/s  rxmcst/s   %ifutil
07:38:15         ens5    155.00    166.00     99.48     96.99      0.00      0.00      0.00      0.00

07:38:15        IFACE   rxpck/s   txpck/s    rxkB/s    txkB/s   rxcmp/s   txcmp/s  rxmcst/s   %ifutil
07:38:16         ens5    152.00    178.00    103.72    101.86      0.00      0.00      0.00      0.00

07:38:16        IFACE   rxpck/s   txpck/s    rxkB/s    txkB/s   rxcmp/s   txcmp/s  rxmcst/s   %ifutil
07:38:17         ens5    151.00    173.00    102.75    100.72      0.00      0.00      0.00      0.00

07:38:17        IFACE   rxpck/s   txpck/s    rxkB/s    txkB/s   rxcmp/s   txcmp/s  rxmcst/s   %ifutil
07:38:18         ens5    143.00    167.00     98.31     96.71      0.00      0.00      0.00      0.00

07:38:18        IFACE   rxpck/s   txpck/s    rxkB/s    txkB/s   rxcmp/s   txcmp/s  rxmcst/s   %ifutil
07:38:19         ens5    149.00    175.00    102.61    100.84      0.00      0.00      0.00      0.00

07:38:19        IFACE   rxpck/s   txpck/s    rxkB/s    txkB/s   rxcmp/s   txcmp/s  rxmcst/s   %ifutil
07:38:20         ens5    145.00    168.00     98.82     97.07      0.00      0.00      0.00      0.00

07:38:20        IFACE   rxpck/s   txpck/s    rxkB/s    txkB/s   rxcmp/s   txcmp/s  rxmcst/s   %ifutil
07:38:21         ens5    149.00    175.00    102.51    100.83      0.00      0.00      0.00      0.00

07:38:21        IFACE   rxpck/s   txpck/s    rxkB/s    txkB/s   rxcmp/s   txcmp/s  rxmcst/s   %ifutil
07:38:22         ens5    151.00    175.00    101.88    101.02      0.00      0.00      0.00      0.00

07:38:22        IFACE   rxpck/s   txpck/s    rxkB/s    txkB/s   rxcmp/s   txcmp/s  rxmcst/s   %ifutil
07:38:23         ens5    151.00    171.00    100.84     97.68      0.00      0.00      0.00      0.00

07:38:23        IFACE   rxpck/s   txpck/s    rxkB/s    txkB/s   rxcmp/s   txcmp/s  rxmcst/s   %ifutil
07:38:24         ens5    154.00    181.00    104.09    102.90      0.00      0.00      0.00      0.00

07:38:24        IFACE   rxpck/s   txpck/s    rxkB/s    txkB/s   rxcmp/s   txcmp/s  rxmcst/s   %ifutil
07:38:25         ens5    144.00    171.00     98.82     97.87      0.00      0.00      0.00      0.00

07:38:25        IFACE   rxpck/s   txpck/s    rxkB/s    txkB/s   rxcmp/s   txcmp/s  rxmcst/s   %ifutil
07:38:26         ens5    151.00    180.00    103.07    102.64      0.00      0.00      0.00      0.00

07:38:26        IFACE   rxpck/s   txpck/s    rxkB/s    txkB/s   rxcmp/s   txcmp/s  rxmcst/s   %ifutil
07:38:27         ens5    150.00    181.00    102.67    102.42      0.00      0.00      0.00      0.00

07:38:27        IFACE   rxpck/s   txpck/s    rxkB/s    txkB/s   rxcmp/s   txcmp/s  rxmcst/s   %ifutil
07:38:28         ens5    152.00    179.00    102.11    102.16      0.00      0.00      0.00      0.00

07:38:28        IFACE   rxpck/s   txpck/s    rxkB/s    txkB/s   rxcmp/s   txcmp/s  rxmcst/s   %ifutil
07:38:29         ens5    148.00    170.00    100.33     97.29      0.00      0.00      0.00      0.00

07:38:29        IFACE   rxpck/s   txpck/s    rxkB/s    txkB/s   rxcmp/s   txcmp/s  rxmcst/s   %ifutil
07:38:30         ens5    149.00    178.00    101.65    102.10      0.00      0.00      0.00      0.00

07:38:30        IFACE   rxpck/s   txpck/s    rxkB/s    txkB/s   rxcmp/s   txcmp/s  rxmcst/s   %ifutil
07:38:31         ens5    148.00    178.00    100.34     99.86      0.00      0.00      0.00      0.00

07:38:31        IFACE   rxpck/s   txpck/s    rxkB/s    txkB/s   rxcmp/s   txcmp/s  rxmcst/s   %ifutil
07:38:32         ens5    151.00    179.00    102.97    102.29      0.00      0.00      0.00      0.00

07:38:32        IFACE   rxpck/s   txpck/s    rxkB/s    txkB/s   rxcmp/s   txcmp/s  rxmcst/s   %ifutil
07:38:33         ens5    149.00    178.00    101.68    102.10      0.00      0.00      0.00      0.00

07:38:33        IFACE   rxpck/s   txpck/s    rxkB/s    txkB/s   rxcmp/s   txcmp/s  rxmcst/s   %ifutil
07:38:34         ens5    148.00    175.00    100.31     99.08      0.00      0.00      0.00      0.00

07:38:34        IFACE   rxpck/s   txpck/s    rxkB/s    txkB/s   rxcmp/s   txcmp/s  rxmcst/s   %ifutil
07:38:35         ens5    150.00    177.00    102.65    101.79      0.00      0.00      0.00      0.00

07:38:35        IFACE   rxpck/s   txpck/s    rxkB/s    txkB/s   rxcmp/s   txcmp/s  rxmcst/s   %ifutil
07:38:36         ens5    146.00    170.00     98.97     97.52      0.00      0.00      0.00      0.00

07:38:36        IFACE   rxpck/s   txpck/s    rxkB/s    txkB/s   rxcmp/s   txcmp/s  rxmcst/s   %ifutil
07:38:37         ens5    152.00    177.00    103.06    101.22      0.00      0.00      0.00      0.00

07:38:37        IFACE   rxpck/s   txpck/s    rxkB/s    txkB/s   rxcmp/s   txcmp/s  rxmcst/s   %ifutil
07:38:38         ens5    148.00    174.00    101.29    100.67      0.00      0.00      0.00      0.00

07:38:38        IFACE   rxpck/s   txpck/s    rxkB/s    txkB/s   rxcmp/s   txcmp/s  rxmcst/s   %ifutil
07:38:39         ens5     65.00     71.00     42.89     40.77      0.00      0.00      0.00      0.00

07:38:39        IFACE   rxpck/s   txpck/s    rxkB/s    txkB/s   rxcmp/s   txcmp/s  rxmcst/s   %ifutil
07:38:40         ens5      0.00      0.00      0.00      0.00      0.00      0.00      0.00      0.00

07:38:40        IFACE   rxpck/s   txpck/s    rxkB/s    txkB/s   rxcmp/s   txcmp/s  rxmcst/s   %ifutil
07:38:41         ens5      0.00      0.00      0.00      0.00      0.00      0.00      0.00      0.00

07:38:41        IFACE   rxpck/s   txpck/s    rxkB/s    txkB/s   rxcmp/s   txcmp/s  rxmcst/s   %ifutil
07:38:42         ens5      0.00      0.00      0.00      0.00      0.00      0.00      0.00      0.00


Average:        IFACE   rxpck/s   txpck/s    rxkB/s    txkB/s   rxcmp/s   txcmp/s  rxmcst/s   %ifutil
Average:         ens5    124.19    136.13     78.47     77.33      0.00      0.00      0.00      0.00
