Linux 7.0.0-1010-aws (ip-172-31-31-224) 	08/11/26 	_x86_64_	(2 CPU)

07:25:11        CPU     %user     %nice   %system   %iowait    %steal     %idle
07:25:12        all     52.00      0.00      4.00      0.00      0.50     43.50
07:25:13        all     49.75      0.00      4.02      0.00      0.00     46.23
07:25:14        all     56.85      0.00      4.06      0.00      1.02     38.07
07:25:15        all     48.26      0.00      4.48      0.00      1.00     46.27
07:25:16        all     50.75      0.00      4.02      0.00      1.01     44.22
07:25:17        all     47.98      0.00      3.03      0.00      0.00     48.99
07:25:18        all     51.00      0.00      2.50      0.00      1.50     45.00
07:25:19        all     47.50      0.00      4.50      0.00      0.50     47.50
07:25:20        all      0.50      0.00      0.00      0.00      0.50     98.99
07:25:21        all      0.50      0.00      0.00      0.00      0.00     99.50
07:25:22        all      0.00      0.00      0.00      0.00      0.00    100.00
07:25:23        all      0.50      0.00      1.00      0.00      0.00     98.51
07:25:24        all      0.00      0.00      0.50      0.00      0.50     99.00
07:25:25        all      0.00      0.00      0.00      0.00      0.00    100.00
07:25:26        all      1.02      0.00      0.00      0.00      0.00     98.98
07:25:27        all      4.00      0.00      3.50      0.00      1.50     91.00
07:25:28        all      4.06      0.00      2.54      0.00      0.51     92.89
07:25:29        all      5.08      0.00      2.03      0.00      0.00     92.89
07:25:30        all      0.50      0.00      0.00      0.00      2.97     96.53
07:25:31        all      0.00      0.00      0.00      0.00      0.00    100.00
07:25:32        all      0.50      0.00      0.00      0.00      0.50     99.00
07:25:33        all      0.00      0.00      0.50      0.00      0.00     99.50

Average:        all     19.13      0.00      1.85      0.00      0.55     78.48
