Linux 7.0.0-1010-aws (ip-172-31-31-224) 	08/11/26 	_x86_64_	(2 CPU)

07:25:11    kbmemfree   kbavail kbmemused  %memused kbbuffers  kbcached  kbcommit   %commit  kbactive   kbinact   kbdirty
07:25:12       745940   1285440    445400     22.83     16536    664916   1606364     82.34    401448    618468       176
07:25:13       657740   1197240    533600     27.35     16536    664916   1693748     86.82    489128    618468       176
07:25:14       610364   1149876    580968     29.78     16536    664928   1744132     89.40    539088    618480       188
07:25:15       493940   1033456    697388     35.75     16536    664932   1865344     95.61    659928    618484       192
07:25:16       409268    948784    782060     40.09     16536    664932   1944648     99.68    739624    618484       192
07:25:17       345008    884548    846296     43.38     16560    664932   2007924    102.92    803480    618508       308
07:25:18       288812    828352    902492     46.26     16560    664932   2066108    105.91    859040    618508       308
07:25:19       167852    707392   1023452     52.46     16560    664932   2178388    111.66    974388    618508       308
07:25:20       167852    707392   1023452     52.46     16560    664932   2178388    111.66    974420    618508       292
07:25:21       167852    707392   1023448     52.46     16560    664936   2182484    111.87    975040    618508       296
07:25:22       167852    707392   1023448     52.46     16560    664936   2182484    111.87    975040    618508       296
07:25:23       167852    707392   1023448     52.46     16560    664936   2182484    111.87    975040    618508       296
07:25:24       167852    707392   1023448     52.46     16560    664936   2182484    111.87    975040    618508       296
07:25:25       167852    707392   1023448     52.46     16560    664936   2182484    111.87    975040    618508       296
07:25:26       167852    707392   1023448     52.46     16560    664936   2182548    111.87    975164    618508       296
07:25:27       167180    706720   1024120     52.49     16560    664936   2182804    111.89    975164    618508       296
07:25:28       166628    706168   1024672     52.52     16560    664936   2182804    111.89    975164    618508       296
07:25:29       166636    706180   1024652     52.52     16560    664948   2182804    111.89    975220    618512       308
07:25:30       166636    706180   1024652     52.52     16560    664948   2182804    111.89    975220    618512       308
07:25:31       166636    706180   1024648     52.52     16560    664952   2182804    111.89    975220    618512       312
07:25:32       166636    706180   1024644     52.52     16560    664956   2182804    111.89    975220    618512       316
07:25:33       166636    706180   1024644     52.52     16560    664956   2182804    111.89    975220    618512       316

Average:       275494    815028    915810     46.94     16555    664936   2075438    106.38    868970    618502       276
