Linux 7.0.0-1010-aws (ip-172-31-31-224) 	08/11/26 	_x86_64_	(2 CPU)

07:26:45    kbmemfree   kbavail kbmemused  %memused kbbuffers  kbcached  kbcommit   %commit  kbactive   kbinact   kbdirty
07:26:46       754436   1294276    436560     22.38     16620    665172   1606432     82.34    402384    618576       240
07:26:47       674552   1214416    516420     26.47     16644    665172   1685760     86.41    481704    618600       304
07:26:48       610040   1149904    580932     29.78     16644    665172   1748688     89.64    543200    618600       164
07:26:49       481520   1021388    709448     36.37     16644    665176   1869572     95.83    666132    618604       168
07:26:50       408944    948812    782024     40.09     16644    665176   1949140     99.91    746744    618604       168
07:26:51       344180    884048    846788     43.41     16644    665176   2016256    103.35    810216    618604       168
07:26:52       288236    828104    902732     46.27     16644    665176   2070528    106.13    864808    618604       168
07:26:53       167276    707144   1023692     52.47     16644    665176   2187024    112.10    984996    618604       168
07:26:54       167276    707144   1023688     52.47     16644    665180   2187024    112.10    984996    618604       172
07:26:55       167276    707144   1023688     52.47     16644    665180   2187024    112.10    985120    618604       172
07:26:56       167276    707144   1023688     52.47     16644    665180   2187024    112.10    985120    618604       172
07:26:57       167276    707144   1023688     52.47     16644    665180   2187024    112.10    985120    618604       172
07:26:58       167276    707144   1023688     52.47     16644    665180   2187024    112.10    984992    618604       172
07:26:59       167276    707148   1023676     52.47     16644    665192   2187088    112.11    985180    618608       184
07:27:00       167276    707180   1023576     52.47     16644    665292   2187088    112.11    985284    618616       184
07:27:01       167276    707180   1023576     52.47     16644    665292   2187088    112.11    985284    618616       184
07:27:02       167276    707256   1023576     52.47     16644    665292   2187088    112.11    985408    618616       184
07:27:03       167276    707256   1023576     52.47     16644    665292   2187088    112.11    985408    618616       184
07:27:04       167276    707256   1023576     52.47     16644    665292   2187088    112.11    985408    618616       184

Average:       293117    833005    897821     46.02     16643    665208   2062687    105.73    859869    618605       185
