Linux 7.0.0-1010-aws (ip-172-31-31-224) 	08/11/26 	_x86_64_	(2 CPU)

09:09:49        CPU     %user     %nice   %system   %iowait    %steal     %idle
09:09:50        all     50.25      0.00      4.52      0.00      2.01     43.22
09:09:51        all     48.74      0.00      2.51      0.00      3.02     45.73
09:09:52        all     47.74      0.00      3.52      0.00      2.51     46.23
09:09:53        all     47.76      0.00      3.48      0.00      1.99     46.77
09:09:54        all     47.24      0.00      4.02      0.00      2.01     46.73
09:09:55        all     49.49      0.00      3.03      0.00      1.01     46.46
09:09:56        all     49.25      0.00      3.52      0.00      1.51     45.73
09:09:57        all     41.00      0.00      5.00      0.00      5.50     48.50
09:09:58        all     25.13      0.00      1.01      0.00      1.01     72.86
09:09:59        all      5.50      0.00      2.00      0.00      0.00     92.50
09:10:00        all      0.00      0.00      0.49      0.00      1.97     97.54
09:10:01        all      0.46      0.00      0.00      0.00      9.26     90.28
09:10:02        all      0.46      0.00      0.00      0.00      8.72     90.83
09:10:03        all      0.00      0.00      0.48      0.00      5.31     94.20
09:10:04        all      0.49      0.00      0.49      0.00      3.88     95.15
09:10:05        all      0.50      0.00      0.00      0.00      1.49     98.02
09:10:06        all      0.51      0.00      0.00      0.00      0.00     99.49
09:10:07        all      0.00      0.00      0.50      0.00      1.00     98.50
09:10:08        all      1.00      0.00      0.00      0.00      1.00     98.00
09:10:09        all      0.00      0.00      1.01      0.00      0.00     98.99
09:10:10        all      0.50      0.00      0.00      0.00      0.00     99.50
09:10:11        all      0.50      0.00      0.00      0.00      0.50     99.00
09:10:12        all      0.00      0.00      0.00      0.00      0.50     99.50
09:10:13        all      0.00      0.00      0.00      0.00      0.00    100.00
09:10:14        all      7.07      0.00      2.53      0.00      0.00     90.40
09:10:15        all      0.00      0.00      0.00      0.00      0.00    100.00
09:10:16        all      0.50      0.00      0.00      0.00      0.00     99.50
09:10:17        all      0.00      0.00      0.00      1.01      0.00     98.99
09:10:18        all      0.50      0.00      0.00      0.00      0.99     98.51
09:10:19        all      0.50      0.00      0.50      0.00      0.00     99.00
09:10:20        all      0.00      0.00      1.00      0.00      0.00     99.00
09:10:21        all      0.50      0.00      0.00      0.00      0.00     99.50
09:10:22        all      0.50      0.00      0.00      0.00      0.00     99.50
09:10:23        all      0.00      0.00      0.50      0.00      0.00     99.50
09:10:24        all      0.50      0.00      0.50      0.00      0.00     99.00
09:10:25        all      3.03      0.00      2.02      0.00      0.51     94.44
09:10:26        all      5.53      0.00      2.51      0.00      0.50     91.46
09:10:27        all      1.03      0.00      0.00      0.00      0.00     98.97
09:10:28        all      0.00      0.00      0.00      0.00      0.50     99.50
09:10:29        all      6.00      0.00      2.00      0.00      0.00     92.00
09:10:30        all      0.00      0.00      0.00      0.00      0.50     99.50
09:10:31        all      0.00      0.00      0.00      0.00      0.00    100.00
09:10:32        all      0.50      0.00      0.00      0.00      0.00     99.50
09:10:33        all      0.50      0.00      0.50      0.00      0.00     99.00
09:10:34        all      0.50      0.00      0.00      0.00      0.00     99.50

Average:        all      9.80      0.00      1.05      0.02      1.31     87.82
