Linux 7.0.0-1010-aws (ip-172-31-31-224) 	08/11/26 	_x86_64_	(2 CPU)

09:09:49    kbmemfree   kbavail kbmemused  %memused kbbuffers  kbcached  kbcommit   %commit  kbactive   kbinact   kbdirty
09:09:50       741332   1292524    438184     22.46     22800    670212   1610504     82.55    430696    606900       792
09:09:51       669260   1220456    510252     26.15     22800    670216   1681824     86.21    500592    606904       796
09:09:52       604748   1155944    574764     29.46     22800    670216   1748200     89.61    568608    606904       752
09:09:53       516296   1067492    663216     34.00     22800    670216   1831936     93.90    649032    606904       752
09:09:54       435908    987104    743604     38.12     22800    670216   1915764     98.20    735608    606904       756
09:09:55       379460    930656    800052     41.01     22800    670216   1969788    100.97    787588    606904       756
09:09:56       291008    842204    888504     45.54     22800    670216   2053864    105.28    874204    606904       756
09:09:57       170048    721244   1009464     51.74     22800    670216   2186872    112.10   1004204    606904       756
09:09:58       161984    713180   1017528     52.16     22800    670216   2191032    112.31   1011100    606904       756
09:09:59       161984    713180   1017512     52.16     22800    670232   2191032    112.31   1011036    606904       772
09:10:00       161984    713180   1017512     52.16     22800    670232   2191032    112.31   1011036    606904       772
09:10:01       161984    713180   1017512     52.16     22800    670232   2191032    112.31   1011036    606904       772
09:10:02       161984    713180   1017512     52.16     22800    670232   2191032    112.31   1011036    606904       772
09:10:03       161984    713180   1017512     52.16     22800    670232   2191032    112.31   1011036    606904       772
09:10:04       161984    713180   1017512     52.16     22800    670232   2191032    112.31   1011036    606904       772
09:10:05       161984    713180   1017512     52.16     22800    670232   2191032    112.31   1011036    606904       772
09:10:06       161984    713192   1017508     52.16     22800    670236   2191032    112.31   1011608    606916       776
09:10:07       161744    712960   1017748     52.17     22800    670236   2191032    112.31   1011728    606924       172
09:10:08       161744    712960   1017748     52.17     22800    670236   2191032    112.31   1011728    606924       172
09:10:09       161744    712960   1017748     52.17     22800    670236   2191032    112.31   1011728    606924       172
09:10:10       161744    712960   1017744     52.17     22800    670240   2191032    112.31   1011728    606924       176
09:10:11       161744    712960   1017744     52.17     22800    670240   2191032    112.31   1011728    606924       176
09:10:12       161744    712960   1017744     52.17     22800    670240   2191032    112.31   1011728    606924       176
09:10:13       161744    712960   1017744     52.17     22800    670240   2191032    112.31   1011728    606924       176
09:10:14       160736    711968   1018732     52.22     22800    670260   2191032    112.31   1011840    606940       756
09:10:15       160736    711968   1018732     52.22     22800    670260   2191032    112.31   1011840    606940       756
09:10:16       160736    711968   1018732     52.22     22800    670260   2191032    112.31   1011840    606940       756
09:10:17       160736    711976   1018716     52.22     22816    670260   2191032    112.31   1011840    606948       868
09:10:18       160736    711976   1018716     52.22     22816    670260   2191032    112.31   1011840    606948       868
09:10:19       160736    711976   1018716     52.22     22816    670260   2191032    112.31   1011840    606948       868
09:10:20       160736    711996   1018712     52.22     22816    670264   2191032    112.31   1011892    606968       856
09:10:21       160736    711996   1018712     52.22     22816    670264   2191032    112.31   1012388    606968       868
09:10:22       160736    711996   1018712     52.22     22816    670264   2191032    112.31   1012472    606968       784
09:10:23       160736    711996   1018708     52.22     22816    670268   2191032    112.31   1012512    606968       736
09:10:24       160736    711996   1018708     52.22     22816    670268   2191096    112.31   1012404    606968       736
09:10:25       160736    712004   1018704     52.22     22816    670272   2191096    112.31   1012428    606976       692
09:10:26       160864    712132   1018576     52.21     22816    670272   2191096    112.31   1012428    606976       692
09:10:27       160864    712132   1018576     52.21     22816    670272   2191096    112.31   1012428    606976       692
09:10:28       160864    712132   1018576     52.21     22816    670272   2191096    112.31   1012428    606976       692
09:10:29       160864    712132   1018564     52.21     22816    670284   2191096    112.31   1012424    606976       708
09:10:30       160864    712132   1018560     52.21     22816    670288   2191096    112.31   1012424    606976       712
09:10:31       160864    712132   1018560     52.21     22816    670288   2191096    112.31   1012424    606976       712
09:10:32       160864    712132   1018560     52.21     22816    670288   2191096    112.31   1012424    606976       712
09:10:33       160864    712132   1018560     52.21     22816    670288   2191096    112.31   1012424    606976       712
09:10:34       160864    712132   1018560     52.21     22816    670288   2191096    112.31   1012424    606976       712

Average:       217216    768444    962257     49.32     22806    670248   2134836    109.43    955323    606936       670
