Linux 7.0.0-1010-aws (ip-172-31-31-224) 	08/11/26 	_x86_64_	(2 CPU)

09:09:49        IFACE   rxpck/s   txpck/s    rxkB/s    txkB/s   rxcmp/s   txcmp/s  rxmcst/s   %ifutil
09:09:50         ens5     59.00     54.00      4.91      6.80      0.00      0.00      0.00      0.00

09:09:50        IFACE   rxpck/s   txpck/s    rxkB/s    txkB/s   rxcmp/s   txcmp/s  rxmcst/s   %ifutil
09:09:51         ens5     18.00     15.00      1.34      2.17      0.00      0.00      0.00      0.00

09:09:51        IFACE   rxpck/s   txpck/s    rxkB/s    txkB/s   rxcmp/s   txcmp/s  rxmcst/s   %ifutil
09:09:52         ens5      6.00      6.00      0.30      1.29      0.00      0.00      0.00      0.00

09:09:52        IFACE   rxpck/s   txpck/s    rxkB/s    txkB/s   rxcmp/s   txcmp/s  rxmcst/s   %ifutil
09:09:53         ens5      7.00      7.00      0.36      1.46      0.00      0.00      0.00      0.00

09:09:53        IFACE   rxpck/s   txpck/s    rxkB/s    txkB/s   rxcmp/s   txcmp/s  rxmcst/s   %ifutil
09:09:54         ens5      5.00      5.00      0.25      1.10      0.00      0.00      0.00      0.00

09:09:54        IFACE   rxpck/s   txpck/s    rxkB/s    txkB/s   rxcmp/s   txcmp/s  rxmcst/s   %ifutil
09:09:55         ens5     10.00     10.00      0.53      1.99      0.00      0.00      0.00      0.00

09:09:55        IFACE   rxpck/s   txpck/s    rxkB/s    txkB/s   rxcmp/s   txcmp/s  rxmcst/s   %ifutil
09:09:56         ens5      6.00      7.00      0.30      1.49      0.00      0.00      0.00      0.00

09:09:56        IFACE   rxpck/s   txpck/s    rxkB/s    txkB/s   rxcmp/s   txcmp/s  rxmcst/s   %ifutil
09:09:57         ens5      5.00      4.00      0.25      0.88      0.00      0.00      0.00      0.00

09:09:57        IFACE   rxpck/s   txpck/s    rxkB/s    txkB/s   rxcmp/s   txcmp/s  rxmcst/s   %ifutil
09:09:58         ens5      3.00      3.00      0.15      0.61      0.00      0.00      0.00      0.00

09:09:58        IFACE   rxpck/s   txpck/s    rxkB/s    txkB/s   rxcmp/s   txcmp/s  rxmcst/s   %ifutil
09:09:59         ens5      0.00      0.00      0.00      0.00      0.00      0.00      0.00      0.00

09:09:59        IFACE   rxpck/s   txpck/s    rxkB/s    txkB/s   rxcmp/s   txcmp/s  rxmcst/s   %ifutil
09:10:00         ens5      1.00      1.00      0.03      0.04      0.00      0.00      0.00      0.00

09:10:00        IFACE   rxpck/s   txpck/s    rxkB/s    txkB/s   rxcmp/s   txcmp/s  rxmcst/s   %ifutil
09:10:01         ens5      0.00      0.00      0.00      0.00      0.00      0.00      0.00      0.00

09:10:01        IFACE   rxpck/s   txpck/s    rxkB/s    txkB/s   rxcmp/s   txcmp/s  rxmcst/s   %ifutil
09:10:02         ens5      0.00      0.00      0.00      0.00      0.00      0.00      0.00      0.00

09:10:02        IFACE   rxpck/s   txpck/s    rxkB/s    txkB/s   rxcmp/s   txcmp/s  rxmcst/s   %ifutil
09:10:03         ens5      0.00      0.00      0.00      0.00      0.00      0.00      0.00      0.00

09:10:03        IFACE   rxpck/s   txpck/s    rxkB/s    txkB/s   rxcmp/s   txcmp/s  rxmcst/s   %ifutil
09:10:04         ens5      0.00      1.00      0.00      0.22      0.00      0.00      0.00      0.00

09:10:04        IFACE   rxpck/s   txpck/s    rxkB/s    txkB/s   rxcmp/s   txcmp/s  rxmcst/s   %ifutil
09:10:05         ens5      1.00      0.00      0.21      0.00      0.00      0.00      0.00      0.00

09:10:05        IFACE   rxpck/s   txpck/s    rxkB/s    txkB/s   rxcmp/s   txcmp/s  rxmcst/s   %ifutil
09:10:06         ens5      0.00      0.00      0.00      0.00      0.00      0.00      0.00      0.00

09:10:06        IFACE   rxpck/s   txpck/s    rxkB/s    txkB/s   rxcmp/s   txcmp/s  rxmcst/s   %ifutil
09:10:07         ens5      0.00      0.00      0.00      0.00      0.00      0.00      0.00      0.00

09:10:07        IFACE   rxpck/s   txpck/s    rxkB/s    txkB/s   rxcmp/s   txcmp/s  rxmcst/s   %ifutil
09:10:08         ens5      0.00      0.00      0.00      0.00      0.00      0.00      0.00      0.00

09:10:08        IFACE   rxpck/s   txpck/s    rxkB/s    txkB/s   rxcmp/s   txcmp/s  rxmcst/s   %ifutil
09:10:09         ens5      0.00      0.00      0.00      0.00      0.00      0.00      0.00      0.00

09:10:09        IFACE   rxpck/s   txpck/s    rxkB/s    txkB/s   rxcmp/s   txcmp/s  rxmcst/s   %ifutil
09:10:10         ens5      0.00      0.00      0.00      0.00      0.00      0.00      0.00      0.00

09:10:10        IFACE   rxpck/s   txpck/s    rxkB/s    txkB/s   rxcmp/s   txcmp/s  rxmcst/s   %ifutil
09:10:11         ens5      0.00      0.00      0.00      0.00      0.00      0.00      0.00      0.00

09:10:11        IFACE   rxpck/s   txpck/s    rxkB/s    txkB/s   rxcmp/s   txcmp/s  rxmcst/s   %ifutil
09:10:12         ens5      1.00      1.00      0.07      0.09      0.00      0.00      0.00      0.00

09:10:12        IFACE   rxpck/s   txpck/s    rxkB/s    txkB/s   rxcmp/s   txcmp/s  rxmcst/s   %ifutil
09:10:13         ens5      0.00      0.00      0.00      0.00      0.00      0.00      0.00      0.00

09:10:13        IFACE   rxpck/s   txpck/s    rxkB/s    txkB/s   rxcmp/s   txcmp/s  rxmcst/s   %ifutil
09:10:14         ens5      0.00      0.00      0.00      0.00      0.00      0.00      0.00      0.00

09:10:14        IFACE   rxpck/s   txpck/s    rxkB/s    txkB/s   rxcmp/s   txcmp/s  rxmcst/s   %ifutil
09:10:15         ens5      0.00      0.00      0.00      0.00      0.00      0.00      0.00      0.00

09:10:15        IFACE   rxpck/s   txpck/s    rxkB/s    txkB/s   rxcmp/s   txcmp/s  rxmcst/s   %ifutil
09:10:16         ens5      0.00      0.00      0.00      0.00      0.00      0.00      0.00      0.00

09:10:16        IFACE   rxpck/s   txpck/s    rxkB/s    txkB/s   rxcmp/s   txcmp/s  rxmcst/s   %ifutil
09:10:17         ens5      0.00      0.00      0.00      0.00      0.00      0.00      0.00      0.00

09:10:17        IFACE   rxpck/s   txpck/s    rxkB/s    txkB/s   rxcmp/s   txcmp/s  rxmcst/s   %ifutil
09:10:18         ens5      0.00      0.00      0.00      0.00      0.00      0.00      0.00      0.00

09:10:18        IFACE   rxpck/s   txpck/s    rxkB/s    txkB/s   rxcmp/s   txcmp/s  rxmcst/s   %ifutil
09:10:19         ens5      0.00      0.00      0.00      0.00      0.00      0.00      0.00      0.00

09:10:19        IFACE   rxpck/s   txpck/s    rxkB/s    txkB/s   rxcmp/s   txcmp/s  rxmcst/s   %ifutil
09:10:20         ens5     12.00      9.00      2.22      3.02      0.00      0.00      0.00      0.00

09:10:20        IFACE   rxpck/s   txpck/s    rxkB/s    txkB/s   rxcmp/s   txcmp/s  rxmcst/s   %ifutil
09:10:21         ens5      0.00      0.00      0.00      0.00      0.00      0.00      0.00      0.00

09:10:21        IFACE   rxpck/s   txpck/s    rxkB/s    txkB/s   rxcmp/s   txcmp/s  rxmcst/s   %ifutil
09:10:22         ens5      0.00      0.00      0.00      0.00      0.00      0.00      0.00      0.00

09:10:22        IFACE   rxpck/s   txpck/s    rxkB/s    txkB/s   rxcmp/s   txcmp/s  rxmcst/s   %ifutil
09:10:23         ens5      0.00      0.00      0.00      0.00      0.00      0.00      0.00      0.00

09:10:23        IFACE   rxpck/s   txpck/s    rxkB/s    txkB/s   rxcmp/s   txcmp/s  rxmcst/s   %ifutil
09:10:24         ens5     13.00     10.00      2.46      2.52      0.00      0.00      0.00      0.00

09:10:24        IFACE   rxpck/s   txpck/s    rxkB/s    txkB/s   rxcmp/s   txcmp/s  rxmcst/s   %ifutil
09:10:25         ens5    653.00    503.00    133.40    136.97      0.00      0.00      0.00      0.00

09:10:25        IFACE   rxpck/s   txpck/s    rxkB/s    txkB/s   rxcmp/s   txcmp/s  rxmcst/s   %ifutil
09:10:26         ens5   1132.00    887.00    234.68    241.91      0.00      0.00      0.00      0.00

09:10:26        IFACE   rxpck/s   txpck/s    rxkB/s    txkB/s   rxcmp/s   txcmp/s  rxmcst/s   %ifutil
09:10:27         ens5    330.00    247.00     65.11     66.51      0.00      0.00      0.00      0.00

09:10:27        IFACE   rxpck/s   txpck/s    rxkB/s    txkB/s   rxcmp/s   txcmp/s  rxmcst/s   %ifutil
09:10:28         ens5      1.00      1.00      0.07      0.09      0.00      0.00      0.00      0.00

09:10:28        IFACE   rxpck/s   txpck/s    rxkB/s    txkB/s   rxcmp/s   txcmp/s  rxmcst/s   %ifutil
09:10:29         ens5      0.00      0.00      0.00      0.00      0.00      0.00      0.00      0.00

09:10:29        IFACE   rxpck/s   txpck/s    rxkB/s    txkB/s   rxcmp/s   txcmp/s  rxmcst/s   %ifutil
09:10:30         ens5      0.00      0.00      0.00      0.00      0.00      0.00      0.00      0.00

09:10:30        IFACE   rxpck/s   txpck/s    rxkB/s    txkB/s   rxcmp/s   txcmp/s  rxmcst/s   %ifutil
09:10:31         ens5      0.00      0.00      0.00      0.00      0.00      0.00      0.00      0.00

09:10:31        IFACE   rxpck/s   txpck/s    rxkB/s    txkB/s   rxcmp/s   txcmp/s  rxmcst/s   %ifutil
09:10:32         ens5      0.00      0.00      0.00      0.00      0.00      0.00      0.00      0.00

09:10:32        IFACE   rxpck/s   txpck/s    rxkB/s    txkB/s   rxcmp/s   txcmp/s  rxmcst/s   %ifutil
09:10:33         ens5      0.00      0.00      0.00      0.00      0.00      0.00      0.00      0.00

09:10:33        IFACE   rxpck/s   txpck/s    rxkB/s    txkB/s   rxcmp/s   txcmp/s  rxmcst/s   %ifutil
09:10:34         ens5      0.00      0.00      0.00      0.00      0.00      0.00      0.00      0.00



Average:        IFACE   rxpck/s   txpck/s    rxkB/s    txkB/s   rxcmp/s   txcmp/s  rxmcst/s   %ifutil
Average:         ens5     50.28     39.35      9.92     10.42      0.00      0.00      0.00      0.00
