Linux 7.0.0-1008-aws (ip-172-31-31-224) 	08/07/26 	_x86_64_	(2 CPU)

07:56:40        CPU     %user     %nice   %system   %iowait    %steal     %idle
07:56:41        all     52.53      0.00      4.04      0.00      0.00     43.43
07:56:42        all     49.75      0.00      4.48      0.00      0.00     45.77
07:56:43        all     50.25      0.00      3.48      0.00      0.00     46.27
07:56:44        all     50.51      0.00      4.55      0.00      0.00     44.95
07:56:45        all     50.25      0.00      3.02      0.00      0.00     46.73
07:56:46        all     51.00      0.00      3.50      0.00      0.00     45.50
07:56:47        all     48.24      0.00      3.02      0.50      0.00     48.24
07:56:48        all     33.67      0.00      2.51      0.00      0.00     63.82
07:56:49        all      0.00      0.00      0.00      0.00      0.00    100.00
07:56:50        all      0.00      0.00      0.51      0.00      0.00     99.49
07:56:51        all      1.01      0.00      0.50      0.00      0.00     98.49
07:56:52        all      0.00      0.00      0.00      0.00      0.00    100.00
07:56:53        all      0.49      0.00      1.97      0.00      0.00     97.54
07:56:54        all      0.50      0.00      0.50      0.00      0.00     98.99
07:56:55        all      0.51      0.00      0.00      0.00      0.00     99.49
07:56:56        all      0.50      0.00      0.00      0.00      0.00     99.50
07:56:57        all      0.00      0.00      0.51      0.00      0.00     99.49
07:56:58        all      1.01      0.00      0.00      0.00      0.00     98.99
07:56:59        all      0.50      0.00      0.50      0.00      0.50     98.50
07:57:00        all      0.50      0.00      1.00      0.00      0.00     98.51
07:57:01        all      0.00      0.00      0.00      0.00      0.00    100.00
07:57:02        all      0.50      0.00      1.00      0.00      0.00     98.50
07:57:03        all      0.51      0.00      0.00      0.00      0.00     99.49
07:57:04        all      0.50      0.00      0.50      0.00      0.00     98.99
07:57:05        all      0.51      0.00      0.51      0.00      0.00     98.99
07:57:06        all      0.50      0.00      0.00      0.00      0.00     99.50
07:57:07        all      0.50      0.00      0.50      0.00      0.00     98.99
07:57:08        all      0.00      0.00      0.00      0.00      0.00    100.00
07:57:09        all      0.50      0.00      1.49      0.00      0.50     97.52
07:57:10        all      0.50      0.00      0.00      0.00      0.00     99.50
07:57:11        all      0.00      0.00      0.00      0.00      0.00    100.00
07:57:12        all      0.50      0.00      1.00      0.00      0.00     98.51
07:57:13        all      0.51      0.00      0.00      0.00      0.00     99.49
07:57:14        all      0.00      0.00      0.50      0.00      0.00     99.50
07:57:15        all      0.51      0.00      0.51      0.00      0.00     98.99
07:57:16        all      0.50      0.00      0.00      0.00      0.00     99.50
07:57:17        all      1.01      0.00      0.51      0.00      0.00     98.48
07:57:18        all      0.00      0.00      0.51      0.00      0.00     99.49
07:57:19        all      0.50      0.00      0.50      0.00      0.00     98.99
07:57:20        all      1.00      0.00      1.00      0.00      0.00     98.01
07:57:21        all      0.00      0.00      0.00      0.00      0.00    100.00
07:57:22        all      0.50      0.00      0.50      0.00      0.00     98.99
07:57:23        all      0.00      0.00      1.01      0.00      0.00     98.99
07:57:24        all      0.51      0.00      0.00      0.00      0.00     99.49
07:57:25        all      0.50      0.00      0.50      0.00      0.00     99.00
07:57:26        all      0.51      0.00      0.51      0.00      0.00     98.99
07:57:27        all      0.00      0.00      0.00      0.00      0.00    100.00
07:57:28        all      0.51      0.00      0.51      0.00      0.00     98.99
07:57:29        all      0.50      0.00      0.50      0.00      0.00     99.00
07:57:30        all      0.51      0.00      0.00      0.00      0.00     99.49
07:57:31        all      0.50      0.00      1.00      0.00      0.00     98.51
07:57:32        all      0.00      0.00      0.00      0.00      0.00    100.00
07:57:33        all      0.50      0.00      1.00      0.00      0.00     98.51
07:57:34        all      0.50      0.00      0.50      0.00      0.00     98.99
07:57:35        all      0.51      0.00      0.00      0.00      0.00     99.49
07:57:36        all      0.00      0.00      1.01      0.00      0.00     98.99
07:57:37        all      0.51      0.00      0.00      0.00      0.00     99.49
07:57:38        all      0.50      0.00      1.00      0.00      0.00     98.50
07:57:39        all      0.00      0.00      0.00      0.00      0.00    100.00
07:57:40        all      0.50      0.00      0.50      0.00      0.00     98.99
07:57:41        all      1.01      0.00      0.00      0.00      0.00     98.99
07:57:42        all      0.50      0.00      1.01      0.00      0.00     98.49
07:57:43        all      0.00      0.00      0.00      0.00      0.00    100.00
07:57:44        all      0.50      0.00      0.50      0.00      0.00     99.00
07:57:45        all      0.50      0.00      0.50      0.00      0.00     98.99
07:57:46        all      0.00      0.00      0.00      0.00      0.51     99.49
07:57:47        all      1.00      0.00      1.00      0.50      0.00     97.50
07:57:48        all      0.50      0.00      0.50      0.00      0.00     98.99
07:57:49        all      1.01      0.00      0.00      0.00      0.00     98.99
07:57:50        all      0.00      0.00      0.50      0.00      0.00     99.50
07:57:51        all      0.00      0.00      0.00      0.00      0.00    100.00


Average:        all      5.82      0.00      0.78      0.01      0.02     93.37
