Linux 7.0.0-1008-aws (ip-172-31-31-224) 	08/07/26 	_x86_64_	(2 CPU)

07:56:40        IFACE   rxpck/s   txpck/s    rxkB/s    txkB/s   rxcmp/s   txcmp/s  rxmcst/s   %ifutil
07:56:41         ens5     33.00     27.00      3.40      4.85      0.00      0.00      0.00      0.00

07:56:41        IFACE   rxpck/s   txpck/s    rxkB/s    txkB/s   rxcmp/s   txcmp/s  rxmcst/s   %ifutil
07:56:42         ens5     38.00     31.00      3.72      4.57      0.00      0.00      0.00      0.00

07:56:42        IFACE   rxpck/s   txpck/s    rxkB/s    txkB/s   rxcmp/s   txcmp/s  rxmcst/s   %ifutil
07:56:43         ens5     15.00     13.00      0.97      2.51      0.00      0.00      0.00      0.00

07:56:43        IFACE   rxpck/s   txpck/s    rxkB/s    txkB/s   rxcmp/s   txcmp/s  rxmcst/s   %ifutil
07:56:44         ens5      7.00      7.00      0.36      1.52      0.00      0.00      0.00      0.00

07:56:44        IFACE   rxpck/s   txpck/s    rxkB/s    txkB/s   rxcmp/s   txcmp/s  rxmcst/s   %ifutil
07:56:45         ens5      3.00      3.00      0.15      0.66      0.00      0.00      0.00      0.00

07:56:45        IFACE   rxpck/s   txpck/s    rxkB/s    txkB/s   rxcmp/s   txcmp/s  rxmcst/s   %ifutil
07:56:46         ens5     12.00     12.00      0.63      2.39      0.00      0.00      0.00      0.00

07:56:46        IFACE   rxpck/s   txpck/s    rxkB/s    txkB/s   rxcmp/s   txcmp/s  rxmcst/s   %ifutil
07:56:47         ens5      5.00      5.00      0.25      1.10      0.00      0.00      0.00      0.00

07:56:47        IFACE   rxpck/s   txpck/s    rxkB/s    txkB/s   rxcmp/s   txcmp/s  rxmcst/s   %ifutil
07:56:48         ens5      5.00      5.00      0.25      1.05      0.00      0.00      0.00      0.00

07:56:48        IFACE   rxpck/s   txpck/s    rxkB/s    txkB/s   rxcmp/s   txcmp/s  rxmcst/s   %ifutil
07:56:49         ens5     63.00     45.00      3.86      6.21      0.00      0.00      0.00      0.00

07:56:49        IFACE   rxpck/s   txpck/s    rxkB/s    txkB/s   rxcmp/s   txcmp/s  rxmcst/s   %ifutil
07:56:50         ens5    118.00     85.00      7.25     11.77      0.00      0.00      0.00      0.00

07:56:50        IFACE   rxpck/s   txpck/s    rxkB/s    txkB/s   rxcmp/s   txcmp/s  rxmcst/s   %ifutil
07:56:51         ens5    115.00     81.00      7.04     11.15      0.00      0.00      0.00      0.00

07:56:51        IFACE   rxpck/s   txpck/s    rxkB/s    txkB/s   rxcmp/s   txcmp/s  rxmcst/s   %ifutil
07:56:52         ens5    117.00     84.00      7.20     11.70      0.00      0.00      0.00      0.00

07:56:52        IFACE   rxpck/s   txpck/s    rxkB/s    txkB/s   rxcmp/s   txcmp/s  rxmcst/s   %ifutil
07:56:53         ens5    114.85     83.17      7.08     11.59      0.00      0.00      0.00      0.00

07:56:53        IFACE   rxpck/s   txpck/s    rxkB/s    txkB/s   rxcmp/s   txcmp/s  rxmcst/s   %ifutil
07:56:54         ens5    115.00     81.00      7.03     11.14      0.00      0.00      0.00      0.00

07:56:54        IFACE   rxpck/s   txpck/s    rxkB/s    txkB/s   rxcmp/s   txcmp/s  rxmcst/s   %ifutil
07:56:55         ens5    115.00     84.00      7.11     11.72      0.00      0.00      0.00      0.00

07:56:55        IFACE   rxpck/s   txpck/s    rxkB/s    txkB/s   rxcmp/s   txcmp/s  rxmcst/s   %ifutil
07:56:56         ens5    117.00     82.00      7.15     11.25      0.00      0.00      0.00      0.00

07:56:56        IFACE   rxpck/s   txpck/s    rxkB/s    txkB/s   rxcmp/s   txcmp/s  rxmcst/s   %ifutil
07:56:57         ens5    118.00     84.00      7.26     11.73      0.00      0.00      0.00      0.00

07:56:57        IFACE   rxpck/s   txpck/s    rxkB/s    txkB/s   rxcmp/s   txcmp/s  rxmcst/s   %ifutil
07:56:58         ens5    115.00     84.00      7.12     11.74      0.00      0.00      0.00      0.00

07:56:58        IFACE   rxpck/s   txpck/s    rxkB/s    txkB/s   rxcmp/s   txcmp/s  rxmcst/s   %ifutil
07:56:59         ens5    116.00     81.00      7.09     11.17      0.00      0.00      0.00      0.00

07:56:59        IFACE   rxpck/s   txpck/s    rxkB/s    txkB/s   rxcmp/s   txcmp/s  rxmcst/s   %ifutil
07:57:00         ens5    112.00     80.00      6.89     11.11      0.00      0.00      0.00      0.00

07:57:00        IFACE   rxpck/s   txpck/s    rxkB/s    txkB/s   rxcmp/s   txcmp/s  rxmcst/s   %ifutil
07:57:01         ens5     92.00     66.00      5.66      9.10      0.00      0.00      0.00      0.00

07:57:01        IFACE   rxpck/s   txpck/s    rxkB/s    txkB/s   rxcmp/s   txcmp/s  rxmcst/s   %ifutil
07:57:02         ens5    108.00     79.00      6.70     11.06      0.00      0.00      0.00      0.00

07:57:02        IFACE   rxpck/s   txpck/s    rxkB/s    txkB/s   rxcmp/s   txcmp/s  rxmcst/s   %ifutil
07:57:03         ens5    118.00     83.00      7.18     11.29      0.00      0.00      0.00      0.00

07:57:03        IFACE   rxpck/s   txpck/s    rxkB/s    txkB/s   rxcmp/s   txcmp/s  rxmcst/s   %ifutil
07:57:04         ens5    118.00     84.00      7.26     11.73      0.00      0.00      0.00      0.00

07:57:04        IFACE   rxpck/s   txpck/s    rxkB/s    txkB/s   rxcmp/s   txcmp/s  rxmcst/s   %ifutil
07:57:05         ens5    115.00     84.00      7.12     11.74      0.00      0.00      0.00      0.00

07:57:05        IFACE   rxpck/s   txpck/s    rxkB/s    txkB/s   rxcmp/s   txcmp/s  rxmcst/s   %ifutil
07:57:06         ens5    116.00     81.00      7.09     11.17      0.00      0.00      0.00      0.00

07:57:06        IFACE   rxpck/s   txpck/s    rxkB/s    txkB/s   rxcmp/s   txcmp/s  rxmcst/s   %ifutil
07:57:07         ens5    118.00     85.00      7.27     11.80      0.00      0.00      0.00      0.00

07:57:07        IFACE   rxpck/s   txpck/s    rxkB/s    txkB/s   rxcmp/s   txcmp/s  rxmcst/s   %ifutil
07:57:08         ens5    117.00     84.00      7.25     11.74      0.00      0.00      0.00      0.00

07:57:08        IFACE   rxpck/s   txpck/s    rxkB/s    txkB/s   rxcmp/s   txcmp/s  rxmcst/s   %ifutil
07:57:09         ens5    117.00     82.00      7.15     11.25      0.00      0.00      0.00      0.00

07:57:09        IFACE   rxpck/s   txpck/s    rxkB/s    txkB/s   rxcmp/s   txcmp/s  rxmcst/s   %ifutil
07:57:10         ens5    118.00     84.00      7.26     11.73      0.00      0.00      0.00      0.00

07:57:10        IFACE   rxpck/s   txpck/s    rxkB/s    txkB/s   rxcmp/s   txcmp/s  rxmcst/s   %ifutil
07:57:11         ens5    118.00     85.00      7.27     11.80      0.00      0.00      0.00      0.00

07:57:11        IFACE   rxpck/s   txpck/s    rxkB/s    txkB/s   rxcmp/s   txcmp/s  rxmcst/s   %ifutil
07:57:12         ens5    116.00     84.00      7.17     11.74      0.00      0.00      0.00      0.00

07:57:12        IFACE   rxpck/s   txpck/s    rxkB/s    txkB/s   rxcmp/s   txcmp/s  rxmcst/s   %ifutil
07:57:13         ens5    116.00     81.00      7.09     11.17      0.00      0.00      0.00      0.00

07:57:13        IFACE   rxpck/s   txpck/s    rxkB/s    txkB/s   rxcmp/s   txcmp/s  rxmcst/s   %ifutil
07:57:14         ens5    120.00     86.00      7.37     11.87      0.00      0.00      0.00      0.00

07:57:14        IFACE   rxpck/s   txpck/s    rxkB/s    txkB/s   rxcmp/s   txcmp/s  rxmcst/s   %ifutil
07:57:15         ens5    116.00     84.00      7.17     11.74      0.00      0.00      0.00      0.00

07:57:15        IFACE   rxpck/s   txpck/s    rxkB/s    txkB/s   rxcmp/s   txcmp/s  rxmcst/s   %ifutil
07:57:16         ens5    115.00     81.00      7.04     11.17      0.00      0.00      0.00      0.00

07:57:16        IFACE   rxpck/s   txpck/s    rxkB/s    txkB/s   rxcmp/s   txcmp/s  rxmcst/s   %ifutil
07:57:17         ens5    118.00     85.00      7.27     11.80      0.00      0.00      0.00      0.00

07:57:17        IFACE   rxpck/s   txpck/s    rxkB/s    txkB/s   rxcmp/s   txcmp/s  rxmcst/s   %ifutil
07:57:18         ens5    115.00     82.00      7.07     11.27      0.00      0.00      0.00      0.00

07:57:18        IFACE   rxpck/s   txpck/s    rxkB/s    txkB/s   rxcmp/s   txcmp/s  rxmcst/s   %ifutil
07:57:19         ens5    118.00     84.00      7.26     11.73      0.00      0.00      0.00      0.00

07:57:19        IFACE   rxpck/s   txpck/s    rxkB/s    txkB/s   rxcmp/s   txcmp/s  rxmcst/s   %ifutil
07:57:20         ens5    113.00     81.00      6.95     11.18      0.00      0.00      0.00      0.00

07:57:20        IFACE   rxpck/s   txpck/s    rxkB/s    txkB/s   rxcmp/s   txcmp/s  rxmcst/s   %ifutil
07:57:21         ens5    118.00     84.00      7.26     11.73      0.00      0.00      0.00      0.00

07:57:21        IFACE   rxpck/s   txpck/s    rxkB/s    txkB/s   rxcmp/s   txcmp/s  rxmcst/s   %ifutil
07:57:22         ens5    118.00     85.00      7.27     11.80      0.00      0.00      0.00      0.00

07:57:22        IFACE   rxpck/s   txpck/s    rxkB/s    txkB/s   rxcmp/s   txcmp/s  rxmcst/s   %ifutil
07:57:23         ens5    116.00     84.00      7.17     11.74      0.00      0.00      0.00      0.00

07:57:23        IFACE   rxpck/s   txpck/s    rxkB/s    txkB/s   rxcmp/s   txcmp/s  rxmcst/s   %ifutil
07:57:24         ens5    117.00     82.00      7.15     11.25      0.00      0.00      0.00      0.00

07:57:24        IFACE   rxpck/s   txpck/s    rxkB/s    txkB/s   rxcmp/s   txcmp/s  rxmcst/s   %ifutil
07:57:25         ens5    118.00     84.00      7.26     11.73      0.00      0.00      0.00      0.00

07:57:25        IFACE   rxpck/s   txpck/s    rxkB/s    txkB/s   rxcmp/s   txcmp/s  rxmcst/s   %ifutil
07:57:26         ens5    113.00     81.00      6.95     11.18      0.00      0.00      0.00      0.00

07:57:26        IFACE   rxpck/s   txpck/s    rxkB/s    txkB/s   rxcmp/s   txcmp/s  rxmcst/s   %ifutil
07:57:27         ens5    118.00     84.00      7.26     11.73      0.00      0.00      0.00      0.00

07:57:27        IFACE   rxpck/s   txpck/s    rxkB/s    txkB/s   rxcmp/s   txcmp/s  rxmcst/s   %ifutil
07:57:28         ens5    119.00     85.00      7.32     11.80      0.00      0.00      0.00      0.00

07:57:28        IFACE   rxpck/s   txpck/s    rxkB/s    txkB/s   rxcmp/s   txcmp/s  rxmcst/s   %ifutil
07:57:29         ens5    115.00     85.00      7.12     11.84      0.00      0.00      0.00      0.00

07:57:29        IFACE   rxpck/s   txpck/s    rxkB/s    txkB/s   rxcmp/s   txcmp/s  rxmcst/s   %ifutil
07:57:30         ens5    117.00     81.00      7.18     11.17      0.00      0.00      0.00      0.00

07:57:30        IFACE   rxpck/s   txpck/s    rxkB/s    txkB/s   rxcmp/s   txcmp/s  rxmcst/s   %ifutil
07:57:31         ens5    119.00     85.00      7.32     11.80      0.00      0.00      0.00      0.00

07:57:31        IFACE   rxpck/s   txpck/s    rxkB/s    txkB/s   rxcmp/s   txcmp/s  rxmcst/s   %ifutil
07:57:32         ens5    118.00     85.00      7.27     11.80      0.00      0.00      0.00      0.00

07:57:32        IFACE   rxpck/s   txpck/s    rxkB/s    txkB/s   rxcmp/s   txcmp/s  rxmcst/s   %ifutil
07:57:33         ens5    113.00     80.00      6.94     11.11      0.00      0.00      0.00      0.00

07:57:33        IFACE   rxpck/s   txpck/s    rxkB/s    txkB/s   rxcmp/s   txcmp/s  rxmcst/s   %ifutil
07:57:34         ens5    119.00     86.00      7.34     11.89      0.00      0.00      0.00      0.00

07:57:34        IFACE   rxpck/s   txpck/s    rxkB/s    txkB/s   rxcmp/s   txcmp/s  rxmcst/s   %ifutil
07:57:35         ens5    114.00     81.00      7.00     11.18      0.00      0.00      0.00      0.00

07:57:35        IFACE   rxpck/s   txpck/s    rxkB/s    txkB/s   rxcmp/s   txcmp/s  rxmcst/s   %ifutil
07:57:36         ens5    118.00     84.00      7.26     11.73      0.00      0.00      0.00      0.00

07:57:36        IFACE   rxpck/s   txpck/s    rxkB/s    txkB/s   rxcmp/s   txcmp/s  rxmcst/s   %ifutil
07:57:37         ens5    118.00     85.00      7.27     11.80      0.00      0.00      0.00      0.00

07:57:37        IFACE   rxpck/s   txpck/s    rxkB/s    txkB/s   rxcmp/s   txcmp/s  rxmcst/s   %ifutil
07:57:38         ens5    114.00     81.00      7.00     11.18      0.00      0.00      0.00      0.00

07:57:38        IFACE   rxpck/s   txpck/s    rxkB/s    txkB/s   rxcmp/s   txcmp/s  rxmcst/s   %ifutil
07:57:39         ens5    117.00     84.00      7.21     11.73      0.00      0.00      0.00      0.00

07:57:39        IFACE   rxpck/s   txpck/s    rxkB/s    txkB/s   rxcmp/s   txcmp/s  rxmcst/s   %ifutil
07:57:40         ens5    119.00     85.00      7.32     11.80      0.00      0.00      0.00      0.00

07:57:40        IFACE   rxpck/s   txpck/s    rxkB/s    txkB/s   rxcmp/s   txcmp/s  rxmcst/s   %ifutil
07:57:41         ens5    114.00     81.00      7.00     11.18      0.00      0.00      0.00      0.00

07:57:41        IFACE   rxpck/s   txpck/s    rxkB/s    txkB/s   rxcmp/s   txcmp/s  rxmcst/s   %ifutil
07:57:42         ens5    119.00     85.00      7.32     11.80      0.00      0.00      0.00      0.00

07:57:42        IFACE   rxpck/s   txpck/s    rxkB/s    txkB/s   rxcmp/s   txcmp/s  rxmcst/s   %ifutil
07:57:43         ens5    118.00     84.00      7.26     11.73      0.00      0.00      0.00      0.00

07:57:43        IFACE   rxpck/s   txpck/s    rxkB/s    txkB/s   rxcmp/s   txcmp/s  rxmcst/s   %ifutil
07:57:44         ens5    119.00     85.00      7.32     11.80      0.00      0.00      0.00      0.00

07:57:44        IFACE   rxpck/s   txpck/s    rxkB/s    txkB/s   rxcmp/s   txcmp/s  rxmcst/s   %ifutil
07:57:45         ens5    119.00     85.00      7.32     11.80      0.00      0.00      0.00      0.00

07:57:45        IFACE   rxpck/s   txpck/s    rxkB/s    txkB/s   rxcmp/s   txcmp/s  rxmcst/s   %ifutil
07:57:46         ens5    118.00     85.00      7.27     11.80      0.00      0.00      0.00      0.00

07:57:46        IFACE   rxpck/s   txpck/s    rxkB/s    txkB/s   rxcmp/s   txcmp/s  rxmcst/s   %ifutil
07:57:47         ens5    114.00     81.00      7.00     11.18      0.00      0.00      0.00      0.00

07:57:47        IFACE   rxpck/s   txpck/s    rxkB/s    txkB/s   rxcmp/s   txcmp/s  rxmcst/s   %ifutil
07:57:48         ens5    117.00     84.00      7.21     11.73      0.00      0.00      0.00      0.00

07:57:48        IFACE   rxpck/s   txpck/s    rxkB/s    txkB/s   rxcmp/s   txcmp/s  rxmcst/s   %ifutil
07:57:49         ens5     99.00     70.00      6.08      9.72      0.00      0.00      0.00      0.00

07:57:49        IFACE   rxpck/s   txpck/s    rxkB/s    txkB/s   rxcmp/s   txcmp/s  rxmcst/s   %ifutil
07:57:50         ens5      1.00      1.00      0.07      0.09      0.00      0.00      0.00      0.00

07:57:50        IFACE   rxpck/s   txpck/s    rxkB/s    txkB/s   rxcmp/s   txcmp/s  rxmcst/s   %ifutil
07:57:51         ens5      0.00      0.00      0.00      0.00      0.00      0.00      0.00      0.00


Average:        IFACE   rxpck/s   txpck/s    rxkB/s    txkB/s   rxcmp/s   txcmp/s  rxmcst/s   %ifutil
Average:         ens5    100.45     72.03      6.21     10.05      0.00      0.00      0.00      0.00
