Linux 7.0.0-1008-aws (ip-172-31-31-224) 	08/07/26 	_x86_64_	(2 CPU)

00:58:19    kbmemfree   kbavail kbmemused  %memused kbbuffers  kbcached  kbcommit   %commit  kbactive   kbinact   kbdirty
00:58:20       708500   1267860    382472     19.61     47864    655144   1459404     74.81    465884    540804        52
00:58:21       620300   1179660    470672     24.13     47864    655144   1538660     78.87    546048    540804        52
00:58:22       563852   1123212    527120     27.02     47864    655144   1605556     82.30    612356    540804        52
00:58:23       443396   1002756    647576     33.20     47864    655144   1722664     88.31    729900    540804        52
00:58:24       338564    897924    752408     38.57     47864    655144   1830648     93.84    835380    540804        52
00:58:25       298244    857604    792728     40.64     47864    655144   1873060     96.02    878996    540804        52
00:58:26       242048    801408    848924     43.52     47864    655144   1927212     98.79    932092    540804        52
00:58:27       113024    672384    977948     50.13     47864    655144   2051956    105.19   1058008    540804        52
00:58:28       113024    672384    977948     50.13     47864    655144   2051956    105.19   1058008    540804        52
00:58:29       113024    672384    977948     50.13     47864    655144   2051956    105.19   1058008    540804        52
00:58:30       113024    672384    977948     50.13     47864    655144   2051956    105.19   1058008    540804        52
00:58:31       113024    672384    977948     50.13     47864    655144   2051956    105.19   1058008    540804        52
00:58:32       113024    672384    977948     50.13     47864    655144   2051956    105.19   1058008    540804        52
00:58:33       113024    672384    977948     50.13     47864    655144   2051956    105.19   1058008    540804        52
00:58:34       113024    672384    977948     50.13     47864    655144   2051956    105.19   1058008    540804        52
00:58:35       113024    672384    977948     50.13     47864    655144   2051956    105.19   1058008    540804        52
00:58:36       113024    672384    977948     50.13     47864    655144   2051956    105.19   1058008    540804        52
00:58:37       113024    672384    977948     50.13     47864    655144   2051956    105.19   1058008    540804        52
00:58:38       113024    672384    977948     50.13     47864    655144   2051956    105.19   1058008    540804        52
00:58:39       113024    672384    977948     50.13     47864    655144   2051956    105.19   1058008    540804        52
00:58:40       113024    672384    977944     50.13     47864    655148   2051956    105.19   1058008    540804        56
00:58:41       113024    672384    977944     50.13     47864    655148   2051956    105.19   1058008    540804        56
00:58:42       113024    672384    977944     50.13     47864    655148   2051956    105.19   1058008    540804        56
00:58:43       113024    672384    977944     50.13     47864    655148   2051956    105.19   1058080    540804        52
00:58:44       113024    672384    977944     50.13     47864    655148   2051956    105.19   1058248    540804        52
00:58:45       113024    672388    977944     50.13     47864    655148   2056052    105.40   1061052    540808        52
00:58:46       113024    672388    977944     50.13     47864    655148   2056380    105.41   1062768    540808        52
00:58:47       113024    672392    977940     50.13     47868    655148   2056444    105.42   1063068    540812       100
00:58:48       113024    672392    977940     50.13     47868    655148   2056444    105.42   1063084    540812        16
00:58:49       113024    672392    977940     50.13     47868    655148   2056444    105.42   1063084    540812        16
00:58:50       113024    672392    977940     50.13     47868    655148   2056444    105.42   1063084    540812        16
00:58:51       113024    672392    977940     50.13     47868    655148   2056444    105.42   1063164    540812        12
00:58:52       113024    672392    977940     50.13     47868    655148   2056700    105.43   1063164    540812        12
00:58:53       113024    672392    977936     50.13     47868    655152   2056700    105.43   1063164    540812        16
00:58:54       113024    672392    977936     50.13     47868    655152   2056700    105.43   1063164    540812        16
00:58:55       113024    672392    977936     50.13     47868    655152   2056700    105.43   1063164    540812        16
00:58:56       113024    672392    977936     50.13     47868    655152   2056700    105.43   1063164    540812        16
00:58:57       113024    672392    977936     50.13     47868    655152   2056764    105.43   1063164    540812        16
00:58:58       113024    672396    977936     50.13     47868    655152   2056764    105.43   1063284    540816        16
00:58:59       113024    672396    977936     50.13     47868    655152   2056764    105.43   1063284    540816        16
00:59:00       113024    672396    977932     50.13     47868    655156   2056764    105.43   1063368    540816        20
00:59:01       113024    672400    977932     50.13     47868    655156   2056764    105.43   1063404    540820        20
00:59:02       113024    672400    977932     50.13     47868    655156   2056764    105.43   1063404    540820        20
00:59:03       113024    672400    977932     50.13     47868    655156   2056764    105.43   1063404    540820        20
00:59:04       113024    672400    977932     50.13     47868    655156   2056764    105.43   1063404    540820        20
00:59:05       113024    672400    977920     50.13     47868    655168   2056764    105.43   1063404    540820        20
00:59:06       113024    672400    977920     50.13     47868    655168   2056828    105.44   1063404    540820        20
00:59:07       113024    672400    977920     50.13     47868    655168   2056828    105.44   1063404    540820        20
00:59:08       113024    672400    977920     50.13     47868    655168   2056828    105.44   1063404    540820        20
00:59:09       113024    672400    977920     50.13     47868    655168   2056828    105.44   1063404    540820        20
00:59:10       113024    672400    977916     50.13     47868    655172   2056828    105.44   1063404    540820        24
00:59:11       113024    672400    977916     50.13     47868    655172   2056828    105.44   1063404    540820        24
00:59:12       113024    672400    977916     50.13     47868    655172   2056828    105.44   1063404    540820        24
00:59:13       113024    672400    977916     50.13     47868    655172   2056828    105.44   1063404    540820        24
00:59:14       113024    672400    977916     50.13     47868    655172   2056828    105.44   1063404    540820        24
00:59:15       113024    672400    977916     50.13     47868    655172   2056892    105.44   1063488    540820        24
00:59:16       113152    672544    977788     50.12     47868    655172   2056892    105.44   1063648    540824        24
00:59:17       112396    671788    978544     50.16     47868    655172   2061500    105.68   1066756    540824        24
00:59:18       112396    671796    978544     50.16     47868    655172   2061500    105.68   1066828    540824        64
00:59:19       112396    671796    978544     50.16     47868    655172   2061500    105.68   1066828    540824        64
00:59:20       112396    671796    978540     50.16     47868    655176   2061500    105.68   1066828    540824        68
00:59:21       112396    671796    978540     50.16     47868    655176   2061500    105.68   1066912    540824        68
00:59:22       112396    671792    978540     50.16     47868    655176   2056892    105.44   1063692    540828        56
00:59:23       112396    671792    978540     50.16     47868    655176   2056956    105.44   1063692    540828        56
00:59:24       112396    671792    978540     50.16     47868    655176   2056956    105.44   1063692    540828        56
00:59:25       112396    671792    978540     50.16     47868    655176   2056956    105.44   1063692    540828        56
00:59:26       112396    671792    978536     50.16     47868    655180   2056956    105.44   1063692    540828        60
00:59:27       112396    671792    978536     50.16     47868    655180   2056956    105.44   1063768    540828        60
00:59:28       112396    671792    978536     50.16     47868    655180   2056956    105.44   1063768    540828        60
00:59:29       112396    671792    978536     50.16     47868    655180   2056956    105.44   1063768    540828        60
00:59:30       112516    671912    978416     50.15     47868    655180   2056956    105.44   1063852    540828        60
00:59:31       112524    671924    978408     50.15     47868    655180   2057212    105.46   1064012    540832        60
00:59:32       112524    671924    978408     50.15     47868    655180   2057276    105.46   1064012    540832        60
00:59:33       112524    671924    978408     50.15     47868    655180   2057276    105.46   1064012    540832        60
00:59:34       112524    671924    978408     50.15     47868    655180   2057276    105.46   1064096    540832        60
00:59:35       112524    671924    978408     50.15     47868    655180   2057276    105.46   1064260    540832        60
00:59:36       112524    671924    978408     50.15     47868    655180   2057276    105.46   1064260    540832        60
00:59:37       112524    671924    978408     50.15     47868    655180   2057532    105.47   1064260    540832        60
00:59:38       112524    671924    978408     50.15     47868    655180   2057532    105.47   1064344    540832        60
00:59:39       112524    671924    978408     50.15     47868    655180   2057788    105.48   1064508    540832        60
00:59:40       112524    671924    978404     50.15     47868    655184   2057788    105.48   1064508    540832        64

Average:       142779    702156    948174     48.60     47867    655160   2025938    103.85   1032323    540816        43
