Linux 7.0.0-1010-aws (ip-172-31-31-224) 	08/11/26 	_x86_64_	(2 CPU)

06:50:53        CPU     %user     %nice   %system   %iowait    %steal     %idle
06:50:54        all     55.56      0.00      4.04      0.00      0.51     39.90
06:50:55        all     49.50      0.00      3.50      0.00      2.00     45.00
06:50:56        all     49.49      0.00      4.04      0.00      0.00     46.46
06:50:57        all     48.00      0.00      4.50      0.00      1.00     46.50
06:50:58        all     48.48      0.00      3.54      0.00      1.01     46.97
06:50:59        all     55.78      0.00      3.02      0.00      1.01     40.20
06:51:00        all     41.95      0.00      3.41      0.00     10.24     44.39
06:51:01        all     33.33      0.00      2.45      0.00     16.67     47.55
06:51:02        all     15.96      0.00      3.29      0.00     35.21     45.54
06:51:03        all     23.04      0.00      2.45      0.00     18.14     56.37
06:51:04        all      0.50      0.00      1.00      0.00      0.50     98.01
06:51:05        all      0.50      0.00      0.00      0.00      0.50     99.00
06:51:06        all      0.50      0.00      0.50      0.00      0.50     98.50
06:51:07        all      0.00      0.00      0.00      0.00      0.00    100.00
06:51:08        all      0.00      0.00      0.50      0.00      0.50     98.99
06:51:09        all      1.50      0.00      1.00      0.00      0.00     97.50
06:51:10        all      2.00      0.00      1.00      0.00      2.00     95.00
06:51:11        all      0.51      0.00      0.51      0.00      0.00     98.99
06:51:12        all      0.50      0.00      0.50      0.00      0.00     99.00
06:51:13        all      0.00      0.00      0.00      0.00      0.50     99.50
06:51:14        all      6.00      0.00      1.00      0.00      0.50     92.50
06:51:15        all      0.00      0.00      0.00      0.00      0.50     99.50
06:51:16        all      0.50      0.00      0.00      0.00      0.00     99.50
06:51:17        all      0.50      0.00      0.50      0.00      0.00     98.99
06:51:18        all      0.00      0.00      0.50      0.00      0.00     99.50
06:51:19        all      0.50      0.00      0.00      0.00      0.00     99.50
06:51:20        all      0.50      0.00      0.50      0.00      0.00     99.00
06:51:21        all      0.50      0.00      0.00      0.00      0.00     99.50

Average:        all     15.58      0.00      1.50      0.00      3.37     79.56
