Linux 7.0.0-1010-aws (ip-172-31-31-224) 	08/11/26 	_x86_64_	(2 CPU)

06:50:53    kbmemfree   kbavail kbmemused  %memused kbbuffers  kbcached  kbcommit   %commit  kbactive   kbinact   kbdirty
06:50:54       705640   1305296    426180     21.85     15820    725996   1601852     82.11    395756    689056       112
06:50:55       622480   1222136    509340     26.11     15820    725996   1672980     85.75    468568    689056        96
06:50:56       557968   1157624    573852     29.41     15820    725996   1751780     89.79    544332    689056        96
06:50:57       461452   1061108    670368     34.36     15820    725996   1843956     94.52    638272    689056        96
06:50:58       373000    972656    758820     38.90     15820    725996   1931632     99.01    725860    689056        96
06:50:59       332680    932348    799124     40.96     15820    726012   1969456    100.95    762568    689068       112
06:51:00       236668    836340    895136     45.88     15820    726012   2061732    105.68    857636    689072       112
06:51:01       212476    812148    919328     47.12     15820    726012   2086436    106.95    882004    689072       112
06:51:02       147964    747636    983840     50.43     15820    726012   2161388    110.79    953960    689072       112
06:51:03        91516    691188   1040288     53.32     15820    726012   2206964    113.13   1000980    689072       112
06:51:04        91484    691156   1040320     53.33     15820    726012   2206964    113.13   1000980    689072       112
06:51:05        91484    691156   1040320     53.33     15820    726012   2206964    113.13   1000980    689072       112
06:51:06        91452    691124   1040348     53.33     15820    726016   2206964    113.13   1001600    689072       116
06:51:07        91452    691124   1040348     53.33     15820    726016   2206964    113.13   1001600    689072       116
06:51:08        91452    691124   1040348     53.33     15820    726016   2206964    113.13   1001600    689072       116
06:51:09        91452    691124   1040344     53.33     15820    726020   2206964    113.13   1001600    689072       120
06:51:10        91452    691124   1040344     53.33     15820    726020   2206964    113.13   1001600    689072       120
06:51:11        91452    691124   1040344     53.33     15820    726020   2206964    113.13   1001600    689072       120
06:51:12        91452    691124   1040344     53.33     15820    726020   2206964    113.13   1001600    689072       120
06:51:13        91452    691124   1040344     53.33     15820    726020   2206964    113.13   1001600    689072       120
06:51:14        91356    691032   1040424     53.33     15820    726036   2206964    113.13   1001028    689076       136
06:51:15        91356    691032   1040424     53.33     15820    726036   2206964    113.13   1001028    689076       136
06:51:16        91356    691032   1040424     53.33     15820    726036   2206964    113.13   1001028    689076       136
06:51:17        91356    691052   1040400     53.33     15844    726036   2206904    113.12   1001036    689096       176
06:51:18        91356    691052   1040400     53.33     15844    726036   2206904    113.12   1001036    689096       176
06:51:19        91356    691052   1040400     53.33     15844    726036   2206904    113.12   1001036    689096       176
06:51:20        91356    691052   1040396     53.33     15844    726040   2206904    113.12   1001036    689096       180
06:51:21        91356    691052   1040396     53.33     15844    726040   2206904    113.12   1001036    689096        20


Average:       192403    792076    939391     48.15     15824    726018   2107615    108.03    901891    689074       120
