Linux 7.0.0-1010-aws (ip-172-31-31-224) 	08/11/26 	_x86_64_	(2 CPU)

06:50:53        IFACE   rxpck/s   txpck/s    rxkB/s    txkB/s   rxcmp/s   txcmp/s  rxmcst/s   %ifutil
06:50:54         ens5     61.00     58.00      4.79      6.81      0.00      0.00      0.00      0.00

06:50:54        IFACE   rxpck/s   txpck/s    rxkB/s    txkB/s   rxcmp/s   txcmp/s  rxmcst/s   %ifutil
06:50:55         ens5     37.00     36.00      2.97      4.19      0.00      0.00      0.00      0.00

06:50:55        IFACE   rxpck/s   txpck/s    rxkB/s    txkB/s   rxcmp/s   txcmp/s  rxmcst/s   %ifutil
06:50:56         ens5      6.00      9.00      0.34      1.77      0.00      0.00      0.00      0.00

06:50:56        IFACE   rxpck/s   txpck/s    rxkB/s    txkB/s   rxcmp/s   txcmp/s  rxmcst/s   %ifutil
06:50:57         ens5      7.00      7.00      0.36      1.48      0.00      0.00      0.00      0.00

06:50:57        IFACE   rxpck/s   txpck/s    rxkB/s    txkB/s   rxcmp/s   txcmp/s  rxmcst/s   %ifutil
06:50:58         ens5      6.00      5.00      0.30      1.10      0.00      0.00      0.00      0.00

06:50:58        IFACE   rxpck/s   txpck/s    rxkB/s    txkB/s   rxcmp/s   txcmp/s  rxmcst/s   %ifutil
06:50:59         ens5      9.00      9.00      0.46      1.88      0.00      0.00      0.00      0.00

06:50:59        IFACE   rxpck/s   txpck/s    rxkB/s    txkB/s   rxcmp/s   txcmp/s  rxmcst/s   %ifutil
06:51:00         ens5      4.00      4.00      0.20      0.86      0.00      0.00      0.00      0.00

06:51:00        IFACE   rxpck/s   txpck/s    rxkB/s    txkB/s   rxcmp/s   txcmp/s  rxmcst/s   %ifutil
06:51:01         ens5      3.00      3.00      0.15      0.66      0.00      0.00      0.00      0.00

06:51:01        IFACE   rxpck/s   txpck/s    rxkB/s    txkB/s   rxcmp/s   txcmp/s  rxmcst/s   %ifutil
06:51:02         ens5      2.00      2.00      0.10      0.44      0.00      0.00      0.00      0.00

06:51:02        IFACE   rxpck/s   txpck/s    rxkB/s    txkB/s   rxcmp/s   txcmp/s  rxmcst/s   %ifutil
06:51:03         ens5      3.00      3.00      0.15      0.61      0.00      0.00      0.00      0.00

06:51:03        IFACE   rxpck/s   txpck/s    rxkB/s    txkB/s   rxcmp/s   txcmp/s  rxmcst/s   %ifutil
06:51:04         ens5     10.00      9.00      0.63      4.42      0.00      0.00      0.00      0.00

06:51:04        IFACE   rxpck/s   txpck/s    rxkB/s    txkB/s   rxcmp/s   txcmp/s  rxmcst/s   %ifutil
06:51:05         ens5      0.00      0.00      0.00      0.00      0.00      0.00      0.00      0.00

06:51:05        IFACE   rxpck/s   txpck/s    rxkB/s    txkB/s   rxcmp/s   txcmp/s  rxmcst/s   %ifutil
06:51:06         ens5      0.99      0.99      0.07      0.09      0.00      0.00      0.00      0.00

06:51:06        IFACE   rxpck/s   txpck/s    rxkB/s    txkB/s   rxcmp/s   txcmp/s  rxmcst/s   %ifutil
06:51:07         ens5      0.00      0.00      0.00      0.00      0.00      0.00      0.00      0.00

06:51:07        IFACE   rxpck/s   txpck/s    rxkB/s    txkB/s   rxcmp/s   txcmp/s  rxmcst/s   %ifutil
06:51:08         ens5      8.00      8.00      0.55      4.41      0.00      0.00      0.00      0.00

06:51:08        IFACE   rxpck/s   txpck/s    rxkB/s    txkB/s   rxcmp/s   txcmp/s  rxmcst/s   %ifutil
06:51:09         ens5     90.00     91.00      6.19     50.62      0.00      0.00      0.00      0.00

06:51:09        IFACE   rxpck/s   txpck/s    rxkB/s    txkB/s   rxcmp/s   txcmp/s  rxmcst/s   %ifutil
06:51:10         ens5    205.00    209.00     14.35    121.98      0.00      0.00      0.00      0.00

06:51:10        IFACE   rxpck/s   txpck/s    rxkB/s    txkB/s   rxcmp/s   txcmp/s  rxmcst/s   %ifutil
06:51:11         ens5     42.00     40.00      2.84     22.05      0.00      0.00      0.00      0.00

06:51:11        IFACE   rxpck/s   txpck/s    rxkB/s    txkB/s   rxcmp/s   txcmp/s  rxmcst/s   %ifutil
06:51:12         ens5      0.00      0.00      0.00      0.00      0.00      0.00      0.00      0.00

06:51:12        IFACE   rxpck/s   txpck/s    rxkB/s    txkB/s   rxcmp/s   txcmp/s  rxmcst/s   %ifutil
06:51:13         ens5      0.00      0.00      0.00      0.00      0.00      0.00      0.00      0.00

06:51:13        IFACE   rxpck/s   txpck/s    rxkB/s    txkB/s   rxcmp/s   txcmp/s  rxmcst/s   %ifutil
06:51:14         ens5      0.00      0.00      0.00      0.00      0.00      0.00      0.00      0.00

06:51:14        IFACE   rxpck/s   txpck/s    rxkB/s    txkB/s   rxcmp/s   txcmp/s  rxmcst/s   %ifutil
06:51:15         ens5      0.00      0.00      0.00      0.00      0.00      0.00      0.00      0.00

06:51:15        IFACE   rxpck/s   txpck/s    rxkB/s    txkB/s   rxcmp/s   txcmp/s  rxmcst/s   %ifutil
06:51:16         ens5      0.00      0.00      0.00      0.00      0.00      0.00      0.00      0.00

06:51:16        IFACE   rxpck/s   txpck/s    rxkB/s    txkB/s   rxcmp/s   txcmp/s  rxmcst/s   %ifutil
06:51:17         ens5      1.00      1.00      0.05      0.06      0.00      0.00      0.00      0.00

06:51:17        IFACE   rxpck/s   txpck/s    rxkB/s    txkB/s   rxcmp/s   txcmp/s  rxmcst/s   %ifutil
06:51:18         ens5      0.00      0.00      0.00      0.00      0.00      0.00      0.00      0.00

06:51:18        IFACE   rxpck/s   txpck/s    rxkB/s    txkB/s   rxcmp/s   txcmp/s  rxmcst/s   %ifutil
06:51:19         ens5      0.00      0.00      0.00      0.00      0.00      0.00      0.00      0.00

06:51:19        IFACE   rxpck/s   txpck/s    rxkB/s    txkB/s   rxcmp/s   txcmp/s  rxmcst/s   %ifutil
06:51:20         ens5      0.00      0.00      0.00      0.00      0.00      0.00      0.00      0.00

06:51:20        IFACE   rxpck/s   txpck/s    rxkB/s    txkB/s   rxcmp/s   txcmp/s  rxmcst/s   %ifutil
06:51:21         ens5      0.00      0.00      0.00      0.00      0.00      0.00      0.00      0.00


Average:        IFACE   rxpck/s   txpck/s    rxkB/s    txkB/s   rxcmp/s   txcmp/s  rxmcst/s   %ifutil
Average:         ens5     17.67     17.67      1.23      7.98      0.00      0.00      0.00      0.00
