Linux 7.0.0-1010-aws (ip-172-31-20-134) 	08/11/26 	_x86_64_	(2 CPU)

17:05:01        CPU     %user     %nice   %system   %iowait    %steal     %idle
17:05:02        all      1.94      0.00      1.94      0.00      4.37     91.75
17:05:03        all      4.55      0.00      0.00      0.00      0.00     95.45
17:05:04        all      0.00      0.00      0.00      0.00      0.00    100.00
17:05:05        all      0.00      0.00      0.00      0.00      0.00    100.00
17:05:06        all      1.00      0.00      0.00      0.00      0.00     99.00
17:05:07        all      0.00      0.00      0.50      0.00      0.00     99.50
17:05:08        all      0.00      0.00      0.50      0.00      0.00     99.50
17:05:09        all      1.01      0.00      0.00      0.00      0.00     98.99
17:05:10        all      0.00      0.00      0.50      0.00      0.00     99.50
17:05:11        all      0.50      0.00      0.00      0.00      0.00     99.50
17:05:12        all      0.00      0.00      0.00      0.00      0.00    100.00
17:05:13        all      3.96      0.00      0.99      0.00      0.99     94.06
17:05:14        all     42.35      0.00      5.61      0.00      0.00     52.04
17:05:15        all     83.33      0.00     12.63      0.00      0.00      4.04
17:05:16        all     72.59      0.00     12.69      0.00      0.00     14.72
17:05:17        all      0.50      0.00      0.00      0.00      0.00     99.50
17:05:18        all      0.50      0.00      0.50      0.00      0.00     99.00
17:05:19        all      0.00      0.00      0.00      0.00      0.00    100.00
17:05:20        all      0.00      0.00      0.00      0.00      0.00    100.00
17:05:21        all      0.50      0.00      0.00      0.00      0.00     99.50
17:05:22        all      0.50      0.00      0.00      0.00      0.00     99.50
17:05:23        all      0.00      0.00      0.50      0.00      0.00     99.50
17:05:24        all      0.00      0.00      0.00      0.00      0.00    100.00
17:05:25        all      0.50      0.00      0.50      0.50      0.00     98.50

Average:        all      8.82      0.00      1.53      0.02      0.23     89.40
