Linux 7.0.0-1010-aws (ip-172-31-20-134) 	08/11/26 	_x86_64_	(2 CPU)

17:05:01    kbmemfree   kbavail kbmemused  %memused kbbuffers  kbcached  kbcommit   %commit  kbactive   kbinact   kbdirty
17:05:02       126364   1328676    365232     18.72     31504   1282464   1474088     75.56    995756    587616       320
17:05:03       125608   1327920    365988     18.76     31504   1282464   1478440     75.78    996764    587616       320
17:05:04       125608   1327920    365984     18.76     31504   1282468   1478440     75.78    996872    587616       324
17:05:05       125608   1327920    365984     18.76     31504   1282468   1478440     75.78    996872    587616       324
17:05:06       125608   1327920    365984     18.76     31504   1282468   1478440     75.78    996872    587616       324
17:05:07       125608   1327920    365980     18.76     31504   1282472   1478440     75.78    996872    587616       328
17:05:08       125608   1327920    365980     18.76     31504   1282472   1478440     75.78    996872    587616       328
17:05:09       123844   1326156    367744     18.85     31504   1282472   1479680     75.85    998132    587616       328
17:05:10       123844   1326164    367724     18.85     31504   1282492   1479680     75.85    998228    587624       348
17:05:11       123844   1326164    367724     18.85     31504   1282492   1479680     75.85    998228    587624       348
17:05:12       123844   1326164    367724     18.85     31504   1282492   1479680     75.85    998228    587624       348
17:05:13       123844   1326164    367724     18.85     31504   1282492   1480104     75.87    999740    587624       348
17:05:14       117544   1319972    373932     19.17     31524   1282560   1540464     78.96   1004924    587728       244
17:05:15       100528   1303288    390144     20.00     31524   1282884   2286792    117.22   1019948    588056       568
17:05:16        93000   1296040    396832     20.34     31524   1283168   2556816    131.06   1024504    588320       852
17:05:17        93000   1296068    396696     20.33     31524   1283304   2556816    131.06   1023816    588348       988
17:05:18        93000   1296152    396696     20.33     31524   1283304   2556816    131.06   1024404    588432       988
17:05:19        93000   1296180    396696     20.33     31524   1283304   2556816    131.06   1024448    588460       988
17:05:20        93000   1296180    396696     20.33     31524   1283304   2556816    131.06   1024448    588460       988
17:05:21        93000   1296180    396696     20.33     31524   1283304   2556816    131.06   1024448    588460       988
17:05:22        93000   1296180    396688     20.33     31524   1283312   2556816    131.06   1024448    588460       996
17:05:23        93000   1296180    396688     20.33     31524   1283312   2556816    131.06   1024448    588460       996
17:05:24        93000   1296180    396688     20.33     31524   1283312   2556816    131.06   1024448    588460       996
17:05:25        93000   1296220    396664     20.33     31548   1283312   2556816    131.06   1024512    588500       996

Average:       110304   1312993    380454     19.50     31515   1282837   1964124    100.68   1009926    587982       607
