Linux 7.0.0-1010-aws (ip-172-31-20-134) 	08/11/26 	_x86_64_	(2 CPU)

17:05:01        IFACE   rxpck/s   txpck/s    rxkB/s    txkB/s   rxcmp/s   txcmp/s  rxmcst/s   %ifutil
17:05:02         ens5     48.00     44.00      4.10      5.02      0.00      0.00      0.00      0.00

17:05:02        IFACE   rxpck/s   txpck/s    rxkB/s    txkB/s   rxcmp/s   txcmp/s  rxmcst/s   %ifutil
17:05:03         ens5     51.00     44.00      4.38      4.63      0.00      0.00      0.00      0.00

17:05:03        IFACE   rxpck/s   txpck/s    rxkB/s    txkB/s   rxcmp/s   txcmp/s  rxmcst/s   %ifutil
17:05:04         ens5      0.00      0.00      0.00      0.00      0.00      0.00      0.00      0.00

17:05:04        IFACE   rxpck/s   txpck/s    rxkB/s    txkB/s   rxcmp/s   txcmp/s  rxmcst/s   %ifutil
17:05:05         ens5      0.00      0.00      0.00      0.00      0.00      0.00      0.00      0.00

17:05:05        IFACE   rxpck/s   txpck/s    rxkB/s    txkB/s   rxcmp/s   txcmp/s  rxmcst/s   %ifutil
17:05:06         ens5      0.00      0.00      0.00      0.00      0.00      0.00      0.00      0.00

17:05:06        IFACE   rxpck/s   txpck/s    rxkB/s    txkB/s   rxcmp/s   txcmp/s  rxmcst/s   %ifutil
17:05:07         ens5      0.00      0.00      0.00      0.00      0.00      0.00      0.00      0.00

17:05:07        IFACE   rxpck/s   txpck/s    rxkB/s    txkB/s   rxcmp/s   txcmp/s  rxmcst/s   %ifutil
17:05:08         ens5      0.00      0.00      0.00      0.00      0.00      0.00      0.00      0.00

17:05:08        IFACE   rxpck/s   txpck/s    rxkB/s    txkB/s   rxcmp/s   txcmp/s  rxmcst/s   %ifutil
17:05:09         ens5     34.00     40.00     18.67      3.03      0.00      0.00      0.00      0.00

17:05:09        IFACE   rxpck/s   txpck/s    rxkB/s    txkB/s   rxcmp/s   txcmp/s  rxmcst/s   %ifutil
17:05:10         ens5      0.00      0.00      0.00      0.00      0.00      0.00      0.00      0.00

17:05:10        IFACE   rxpck/s   txpck/s    rxkB/s    txkB/s   rxcmp/s   txcmp/s  rxmcst/s   %ifutil
17:05:11         ens5      0.00      0.00      0.00      0.00      0.00      0.00      0.00      0.00

17:05:11        IFACE   rxpck/s   txpck/s    rxkB/s    txkB/s   rxcmp/s   txcmp/s  rxmcst/s   %ifutil
17:05:12         ens5      0.00      0.00      0.00      0.00      0.00      0.00      0.00      0.00

17:05:12        IFACE   rxpck/s   txpck/s    rxkB/s    txkB/s   rxcmp/s   txcmp/s  rxmcst/s   %ifutil
17:05:13         ens5     24.00     28.00      7.07      2.73      0.00      0.00      0.00      0.00

17:05:13        IFACE   rxpck/s   txpck/s    rxkB/s    txkB/s   rxcmp/s   txcmp/s  rxmcst/s   %ifutil
17:05:14         ens5    261.00    297.00     84.38     28.51      0.00      0.00      0.00      0.00

17:05:14        IFACE   rxpck/s   txpck/s    rxkB/s    txkB/s   rxcmp/s   txcmp/s  rxmcst/s   %ifutil
17:05:15         ens5    759.00    741.00    242.69     64.38      0.00      0.00      0.00      0.00

17:05:15        IFACE   rxpck/s   txpck/s    rxkB/s    txkB/s   rxcmp/s   txcmp/s  rxmcst/s   %ifutil
17:05:16         ens5    231.00    391.00     80.05     44.36      0.00      0.00      0.00      0.00

17:05:16        IFACE   rxpck/s   txpck/s    rxkB/s    txkB/s   rxcmp/s   txcmp/s  rxmcst/s   %ifutil
17:05:17         ens5      0.00      0.00      0.00      0.00      0.00      0.00      0.00      0.00

17:05:17        IFACE   rxpck/s   txpck/s    rxkB/s    txkB/s   rxcmp/s   txcmp/s  rxmcst/s   %ifutil
17:05:18         ens5      0.00      0.00      0.00      0.00      0.00      0.00      0.00      0.00

17:05:18        IFACE   rxpck/s   txpck/s    rxkB/s    txkB/s   rxcmp/s   txcmp/s  rxmcst/s   %ifutil
17:05:19         ens5      0.00      0.00      0.00      0.00      0.00      0.00      0.00      0.00

17:05:19        IFACE   rxpck/s   txpck/s    rxkB/s    txkB/s   rxcmp/s   txcmp/s  rxmcst/s   %ifutil
17:05:20         ens5      0.00      0.00      0.00      0.00      0.00      0.00      0.00      0.00

17:05:20        IFACE   rxpck/s   txpck/s    rxkB/s    txkB/s   rxcmp/s   txcmp/s  rxmcst/s   %ifutil
17:05:21         ens5      0.00      0.00      0.00      0.00      0.00      0.00      0.00      0.00

17:05:21        IFACE   rxpck/s   txpck/s    rxkB/s    txkB/s   rxcmp/s   txcmp/s  rxmcst/s   %ifutil
17:05:22         ens5      0.00      0.00      0.00      0.00      0.00      0.00      0.00      0.00

17:05:22        IFACE   rxpck/s   txpck/s    rxkB/s    txkB/s   rxcmp/s   txcmp/s  rxmcst/s   %ifutil
17:05:23         ens5      0.00      0.00      0.00      0.00      0.00      0.00      0.00      0.00

17:05:23        IFACE   rxpck/s   txpck/s    rxkB/s    txkB/s   rxcmp/s   txcmp/s  rxmcst/s   %ifutil
17:05:24         ens5      0.00      0.00      0.00      0.00      0.00      0.00      0.00      0.00

17:05:24        IFACE   rxpck/s   txpck/s    rxkB/s    txkB/s   rxcmp/s   txcmp/s  rxmcst/s   %ifutil
17:05:25         ens5      1.00      1.00      0.03      0.04      0.00      0.00      0.00      0.00


Average:        IFACE   rxpck/s   txpck/s    rxkB/s    txkB/s   rxcmp/s   txcmp/s  rxmcst/s   %ifutil
Average:         ens5     58.71     66.08     18.39      6.36      0.00      0.00      0.00      0.00
