Linux 7.0.0-1010-aws (ip-172-31-31-224) 	08/11/26 	_x86_64_	(2 CPU)

07:28:19        CPU     %user     %nice   %system   %iowait    %steal     %idle
07:28:20        all     50.00      0.00      5.00      0.00      2.50     42.50
07:28:21        all     49.00      0.00      4.00      0.00      1.00     46.00
07:28:22        all     51.26      0.00      2.51      0.50      0.50     45.23
07:28:23        all     46.53      0.00      3.96      0.00      2.97     46.53
07:28:24        all     47.47      0.00      3.54      0.00      2.53     46.46
07:28:25        all     49.00      0.00      3.00      0.00      2.00     46.00
07:28:26        all     50.75      0.00      2.99      0.00      1.00     45.27
07:28:27        all     47.98      0.00      5.56      0.00      1.52     44.95
07:28:28        all     11.06      0.00      0.50      0.00      0.50     87.94
07:28:29        all      5.53      0.00      1.51      0.00      0.00     92.96
07:28:30        all      0.50      0.00      0.50      0.00      1.49     97.51
07:28:31        all      0.00      0.00      0.00      0.00      0.50     99.50
07:28:32        all      0.50      0.00      0.00      0.50      0.00     99.00
07:28:33        all      0.00      0.00      0.00      0.00      0.50     99.50
07:28:34        all      0.00      0.00      1.00      0.00      0.00     99.00
07:28:35        all      0.50      0.00      0.00      0.00      0.00     99.50
07:28:36        all      0.00      0.00      0.00      0.00      0.50     99.50
07:28:37        all      0.50      0.00      0.00      0.00      0.00     99.50
07:28:38        all      1.00      0.00      1.00      0.00      0.00     98.00
07:28:39        all      2.54      0.00      1.02      0.00      1.02     95.43
07:28:40        all      6.15      0.00      2.05      0.00      1.54     90.26
07:28:41        all      1.00      0.00      1.00      0.00      0.50     97.50
07:28:42        all      0.50      0.00      0.00      0.00      0.00     99.50
07:28:43        all      0.00      0.00      0.00      0.00      0.00    100.00
07:28:44        all      5.05      0.00      1.52      0.00      0.00     93.43


Average:        all     17.10      0.00      1.63      0.04      0.82     80.41
