Linux 7.0.0-1010-aws (ip-172-31-31-224) 	08/11/26 	_x86_64_	(2 CPU)

07:28:19    kbmemfree   kbavail kbmemused  %memused kbbuffers  kbcached  kbcommit   %commit  kbactive   kbinact   kbdirty
07:28:20       753476   1294724    436116     22.35     16756    666444   1602080     82.12    401236    618884       860
07:28:21       673340   1214588    516252     26.46     16756    666444   1681656     86.20    479368    618884       860
07:28:22       608828   1150076    580764     29.77     16756    666444   1744192     89.40    543216    618884       580
07:28:23       513320   1054568    676272     34.66     16756    666444   1848664     94.76    645060    618884       580
07:28:24       424868    966116    764724     39.20     16756    666444   1932428     99.05    727536    618884       580
07:28:25       384548    925800    805040     41.27     16756    666448   1973972    101.18    770392    618888       588
07:28:26       312224    853476    877364     44.97     16756    666448   2045696    104.86    842236    618888       588
07:28:27       183200    724452   1006388     51.59     16756    666448   2174416    111.46    970576    618888       588
07:28:28       183200    724452   1006388     51.59     16756    666448   2174480    111.46    970576    618888       588
07:28:29       183200    724452   1006380     51.59     16756    666456   2174480    111.46    970604    618888       596
07:28:30       183200    724452   1006376     51.59     16756    666460   2174480    111.46    970604    618888       600
07:28:31       183200    724452   1006376     51.59     16756    666460   2174480    111.46    970604    618888       600
07:28:32       183200    724452   1006376     51.59     16756    666460   2174480    111.46    970648    618888       140
07:28:33       183200    724452   1006376     51.59     16756    666460   2174480    111.46    970648    618888       140
07:28:34       183200    724452   1006376     51.59     16756    666460   2174480    111.46    970648    618888       140
07:28:35       183200    724452   1006372     51.59     16756    666464   2174480    111.46    970648    618888       144
07:28:36       183200    724464   1006372     51.59     16756    666464   2174480    111.46    971244    618900       144
07:28:37       183200    724464   1006372     51.59     16756    666464   2174480    111.46    971244    618900       144
07:28:38       183200    724464   1006372     51.59     16756    666464   2174736    111.47    971368    618900       144
07:28:39       183200    724464   1006372     51.59     16756    666464   2174736    111.47    971368    618900       144
07:28:40       183200    724464   1006364     51.58     16756    666472   2174736    111.47    971368    618900       152
07:28:41       183200    724464   1006364     51.58     16756    666472   2174736    111.47    971368    618900       152
07:28:42       183200    724464   1006364     51.58     16756    666472   2174736    111.47    971368    618900       152
07:28:43       183200    724464   1006364     51.58     16756    666472   2174736    111.47    971368    618900       152
07:28:44       183200    724472   1006356     51.58     16756    666480   2174736    111.47    971352    618908       160

Average:       278728    819984    910850     46.69     16756    666458   2078842    106.56    875466    618892       381
