Linux 7.0.0-1008-aws (ip-172-31-31-224) 	08/07/26 	_x86_64_	(2 CPU)

07:17:35        CPU     %user     %nice   %system   %iowait    %steal     %idle
07:17:36        all     51.52      0.00      4.55      0.00      0.00     43.94
07:17:37        all     50.75      0.00      3.52      0.00      0.00     45.73
07:17:38        all     50.50      0.00      3.00      0.00      0.00     46.50
07:17:39        all     50.00      0.00      4.55      0.00      0.00     45.45
07:17:40        all     50.25      0.00      3.52      0.00      0.00     46.23
07:17:41        all     46.73      0.00      4.02      0.00      0.00     49.25
07:17:42        all     51.24      0.00      2.99      0.00      0.50     45.27
07:17:43        all     33.67      0.00      3.02      0.00      0.00     63.32
07:17:44        all      0.00      0.00      0.50      0.00      0.00     99.50
07:17:45        all      0.00      0.00      1.01      0.00      0.00     98.99
07:17:46        all      0.00      0.00      0.00      0.00      0.00    100.00
07:17:47        all      1.52      0.00      0.00      0.51      0.00     97.98
07:17:48        all      0.50      0.00      1.00      0.00      0.00     98.51
07:17:49        all      0.51      0.00      0.00      0.00      0.00     99.49
07:17:50        all      0.50      0.00      1.00      0.00      0.00     98.51
07:17:51        all      0.51      0.00      0.00      0.00      0.00     99.49
07:17:52        all      0.00      0.00      0.00      0.00      0.00    100.00
07:17:53        all      1.00      0.00      0.50      0.00      0.00     98.50
07:17:54        all      0.00      0.00      0.00      0.00      0.00    100.00
07:17:55        all      0.50      0.00      0.50      0.00      0.00     99.00
07:17:56        all      0.51      0.00      0.51      0.00      0.00     98.99
07:17:57        all      0.50      0.00      0.50      0.00      0.00     99.00
07:17:58        all      0.51      0.00      0.51      0.00      0.00     98.99
07:17:59        all      0.50      0.00      0.00      0.00      0.00     99.50
07:18:00        all      0.50      0.00      1.49      0.00      0.00     98.01
07:18:01        all      0.51      0.00      0.00      0.00      0.00     99.49
07:18:02        all      0.00      0.00      0.50      0.00      0.50     99.00
07:18:03        all      1.01      0.00      0.50      0.00      0.00     98.49
07:18:04        all      0.00      0.00      0.00      0.00      0.00    100.00
07:18:05        all      0.50      0.00      0.50      0.00      0.00     99.00
07:18:06        all      0.51      0.00      0.51      0.00      0.00     98.99
07:18:07        all      0.50      0.00      0.00      0.00      0.00     99.50
07:18:08        all      0.51      0.00      0.00      0.00      0.00     99.49
07:18:09        all      0.50      0.00      1.00      0.00      0.00     98.51
07:18:10        all      0.51      0.00      0.00      0.00      0.00     99.49
07:18:11        all      0.50      0.00      1.00      0.00      0.00     98.51
07:18:12        all      0.00      0.00      0.00      0.00      0.00    100.00
07:18:13        all      0.00      0.00      0.50      0.00      0.00     99.50
07:18:14        all      1.00      0.00      0.50      0.00      0.00     98.50
07:18:15        all      0.00      0.00      0.51      0.00      0.00     99.49
07:18:16        all      1.01      0.00      0.00      0.00      0.00     98.99
07:18:17        all      0.00      0.00      0.51      0.51      0.00     98.98
07:18:18        all      1.00      0.00      0.50      0.00      0.00     98.50
07:18:19        all      0.00      0.00      0.51      0.00      0.00     99.49
07:18:20        all      0.00      0.00      0.50      0.00      0.00     99.50
07:18:21        all      1.01      0.00      0.00      0.00      0.50     98.49
07:18:22        all      0.00      0.00      1.00      0.00      0.00     99.00
07:18:23        all      0.51      0.00      0.00      0.00      0.00     99.49
07:18:24        all      0.00      0.00      0.50      0.00      0.00     99.50
07:18:25        all      1.00      0.00      0.50      0.00      0.00     98.50
07:18:26        all      0.00      0.00      0.00      0.00      0.00    100.00
07:18:27        all      0.50      0.00      0.00      0.00      0.00     99.50
07:18:28        all      0.00      0.00      1.01      0.00      0.00     98.99
07:18:29        all      1.01      0.00      0.00      0.00      0.00     98.99
07:18:30        all      0.00      0.00      0.00      0.00      0.00    100.00
07:18:31        all      0.00      0.00      1.49      0.00      0.00     98.51
07:18:32        all      1.01      0.00      0.00      0.00      0.00     98.99
07:18:33        all      0.00      0.00      1.00      0.00      0.00     99.00
07:18:34        all      1.01      0.00      0.00      0.00      0.00     98.99
07:18:35        all      0.00      0.00      0.00      0.00      0.00    100.00
07:18:36        all      1.00      0.00      1.00      0.00      0.00     98.00
07:18:37        all      0.00      0.00      0.51      0.00      0.00     99.49
07:18:38        all      1.00      0.00      0.50      0.00      0.50     98.01
07:18:39        all      0.00      0.00      0.00      0.00      0.00    100.00
07:18:40        all      3.54      0.00      0.51      0.00      0.00     95.96
07:18:41        all      1.01      0.00      0.50      0.00      0.00     98.49
07:18:42        all      0.00      0.00      0.50      0.00      0.00     99.50
07:18:43        all      0.51      0.00      0.00      0.00      0.00     99.49
07:18:44        all      1.00      0.00      0.50      0.00      0.00     98.50
07:18:45        all      0.00      0.00      0.00      0.00      0.00    100.00
07:18:46        all      0.99      0.00      0.99      0.00      0.00     98.02
07:18:47        all      0.51      0.00      0.00      0.51      0.00     98.98
07:18:48        all      1.00      0.00      0.00      0.00      0.00     99.00
07:18:49        all      0.00      0.00      0.51      0.00      0.00     99.49
07:18:50        all      0.00      0.00      0.50      0.00      0.00     99.50
07:18:51        all      1.00      0.00      0.50      0.00      0.00     98.50
07:18:52        all      0.51      0.00      0.00      0.00      0.00     99.49
07:18:53        all      0.00      0.00      0.00      0.00      0.00    100.00
07:18:54        all      0.50      0.00      1.00      0.00      0.00     98.50
07:18:55        all      0.50      0.00      0.50      0.00      0.00     99.00
07:18:56        all      0.51      0.00      0.00      0.00      0.00     99.49
07:18:57        all      0.50      0.00      0.50      0.00      0.00     99.00
07:18:58        all      0.50      0.00      0.50      0.00      0.00     98.99
07:18:59        all      0.51      0.00      0.00      0.00      0.00     99.49
07:19:00        all      0.00      0.00      0.00      0.00      0.00    100.00
07:19:01        all      1.00      0.00      0.50      0.00      0.00     98.50
07:19:02        all      0.51      0.00      0.00      0.00      0.00     99.49
07:19:03        all      0.00      0.00      0.00      0.00      0.00    100.00
07:19:04        all      0.50      0.00      1.49      0.00      0.00     98.02
07:19:05        all      0.00      0.00      0.00      0.00      0.00    100.00

Average:        all      4.71      0.00      0.68      0.02      0.02     94.57
