Linux 7.0.0-1008-aws (ip-172-31-31-224) 	08/07/26 	_x86_64_	(2 CPU)

07:17:35    kbmemfree   kbavail kbmemused  %memused kbbuffers  kbcached  kbcommit   %commit  kbactive   kbinact   kbdirty
07:17:36       719604   1257260    396124     20.31     15872    664468   1456812     74.68    252292    727848        76
07:17:37       632412   1170068    483316     24.78     15872    664468   1544324     79.16    341408    727848        76
07:17:38       575964   1113620    539764     27.67     15872    664468   1603092     82.18    400508    727848        76
07:17:39       447444    985100    668284     34.26     15872    664468   1732496     88.81    527308    727848        76
07:17:40       358740    896396    756988     38.80     15872    664468   1819672     93.28    615836    727848        76
07:17:41       286416    824072    829312     42.51     15872    664468   1891344     96.95    688392    727848        76
07:17:42       238032    775688    877696     44.99     15872    664468   1941400     99.52    737588    727848        76
07:17:43       125136    662792    990592     50.78     15872    664468   2053664    105.27    851608    727848        76
07:17:44       125136    662792    990592     50.78     15872    664468   2053664    105.27    851608    727848        76
07:17:45       125136    662792    990592     50.78     15872    664468   2053664    105.27    851608    727848        76
07:17:46       125136    662792    990592     50.78     15872    664468   2053664    105.27    851664    727848        64
07:17:47       125136    662792    990568     50.78     15896    664468   2053664    105.27    851748    727848        96
07:17:48       125136    662792    990568     50.78     15896    664468   2053664    105.27    851748    727848        16
07:17:49       125136    662792    990568     50.78     15896    664468   2053664    105.27    851748    727848        16
07:17:50       125136    662792    990568     50.78     15896    664468   2053664    105.27    851748    727848        16
07:17:51       125136    662792    990568     50.78     15896    664468   2053664    105.27    851748    727848        16
07:17:52       125136    662792    990568     50.78     15896    664468   2053664    105.27    851748    727848        16
07:17:53       125136    662792    990568     50.78     15896    664468   2053664    105.27    851748    727848        16
07:17:54       125136    662792    990568     50.78     15896    664468   2053664    105.27    851748    727848        16
07:17:55       125136    662792    990568     50.78     15896    664468   2053664    105.27    851748    727848        16
07:17:56       125136    662792    990564     50.78     15896    664472   2053664    105.27    851748    727848        20
07:17:57       125136    662792    990564     50.78     15896    664472   2053664    105.27    851748    727848        20
07:17:58       125136    662792    990564     50.78     15896    664472   2053664    105.27    851748    727848        20
07:17:59       125136    662792    990564     50.78     15896    664472   2053664    105.27    851748    727848        20
07:18:00       125136    662792    990564     50.78     15896    664472   2053664    105.27    851748    727848        20
07:18:01       125136    662792    990564     50.78     15896    664472   2053664    105.27    851748    727848        20
07:18:02       125136    662792    990564     50.78     15896    664472   2053664    105.27    851748    727848        20
07:18:03       125136    662792    990564     50.78     15896    664472   2053664    105.27    851748    727848        20
07:18:04       125136    662792    990564     50.78     15896    664472   2053664    105.27    851748    727848        20
07:18:05       125136    662792    990564     50.78     15896    664472   2053664    105.27    851748    727848        20
07:18:06       125136    662820    990564     50.78     15896    664472   2053664    105.27    851752    727876         4
07:18:07       125136    662820    990564     50.78     15896    664472   2053664    105.27    851752    727876        12
07:18:08       125136    662820    990564     50.78     15896    664472   2053664    105.27    851752    727876        12
07:18:09       125136    662820    990560     50.78     15896    664476   2053664    105.27    851752    727876        16
07:18:10       125136    662820    990560     50.78     15896    664476   2053664    105.27    851752    727876        16
07:18:11       125136    662820    990560     50.78     15896    664476   2053664    105.27    851752    727876        16
07:18:12       125136    662820    990560     50.78     15896    664476   2053664    105.27    851752    727876        16
07:18:13       125136    662820    990560     50.78     15896    664476   2053728    105.28    851752    727876        16
07:18:14       125136    662820    990560     50.78     15896    664476   2053728    105.28    851752    727876        16
07:18:15       125136    662820    990560     50.78     15896    664476   2053728    105.28    851752    727876        16
07:18:16       125136    662820    990556     50.78     15896    664480   2053728    105.28    851752    727876        20
07:18:17       125136    662820    990556     50.78     15920    664456   2053728    105.28    851752    727876        20
07:18:18       125136    662836    990516     50.78     15920    664480   2053728    105.28    851760    727884        60
07:18:19       125136    662836    990516     50.78     15920    664480   2053728    105.28    851760    727884        60
07:18:20       125136    662836    990516     50.78     15920    664480   2053728    105.28    851760    727884        60
07:18:21       125136    662836    990516     50.78     15920    664480   2053728    105.28    851760    727884        60
07:18:22       125136    662836    990516     50.78     15920    664480   2053728    105.28    851760    727884        60
07:18:23       125136    662836    990516     50.78     15920    664480   2053728    105.28    851760    727884        60
07:18:24       125136    662836    990516     50.78     15920    664480   2053728    105.28    851760    727884        60
07:18:25       125136    662836    990516     50.78     15920    664480   2053728    105.28    851760    727884        60
07:18:26       125136    662836    990512     50.77     15920    664484   2053728    105.28    851760    727884        64
07:18:27       125136    662836    990512     50.77     15920    664484   2053728    105.28    851760    727884        64
07:18:28       125136    662836    990512     50.77     15920    664484   2053728    105.28    851760    727884        64
07:18:29       125136    662836    990512     50.77     15920    664484   2053728    105.28    851760    727884        64
07:18:30       125136    662836    990512     50.77     15920    664484   2053728    105.28    851760    727884        64
07:18:31       125136    662836    990512     50.77     15920    664484   2053728    105.28    851760    727884        64
07:18:32       125136    662836    990512     50.77     15920    664484   2053728    105.28    851760    727884        64
07:18:33       125136    662836    990512     50.77     15920    664484   2053728    105.28    851760    727884        64
07:18:34       125136    662836    990512     50.77     15920    664484   2053728    105.28    851760    727884        64
07:18:35       125136    662836    990512     50.77     15920    664484   2053728    105.28    851760    727884        64
07:18:36       125136    662836    990508     50.77     15920    664488   2053728    105.28    851760    727884        68
07:18:37       125136    662836    990508     50.77     15920    664488   2053728    105.28    851760    727884        68
07:18:38       125136    662860    990508     50.77     15920    664488   2053728    105.28    851760    727908        52
07:18:39       125136    662860    990508     50.77     15920    664488   2053728    105.28    851760    727908        52
07:18:40       125136    662860    990508     50.77     15920    664488   2053728    105.28    851760    727908        52
07:18:41       125136    662860    990508     50.77     15920    664488   2053728    105.28    851760    727908        52
07:18:42       125136    662860    990504     50.77     15920    664492   2053728    105.28    851760    727908        56
07:18:43       125136    662860    990504     50.77     15920    664492   2053728    105.28    851760    727908        56
07:18:44       125136    662860    990504     50.77     15920    664492   2053728    105.28    851760    727908        56
07:18:45       125136    662860    990504     50.77     15920    664492   2053728    105.28    851760    727908        56
07:18:46       125136    662860    990504     50.77     15920    664492   2053728    105.28    851760    727908        56
07:18:47       125136    662860    990504     50.77     15944    664468   2053728    105.28    851760    727908        56
07:18:48       125136    662896    990480     50.77     15944    664492   2053728    105.28    851784    727944        16
07:18:49       125136    662896    990480     50.77     15944    664492   2053728    105.28    851784    727944        16
07:18:50       125136    662896    990480     50.77     15944    664492   2053728    105.28    851784    727944        16
07:18:51       125136    662896    990480     50.77     15944    664492   2053728    105.28    851784    727944        16
07:18:52       125136    662896    990480     50.77     15944    664492   2053728    105.28    851784    727944        16
07:18:53       125136    662896    990480     50.77     15944    664492   2053728    105.28    851784    727944        16
07:18:54       125136    662896    990480     50.77     15944    664492   2053728    105.28    851784    727944        16
07:18:55       125136    662896    990480     50.77     15944    664492   2053728    105.28    851784    727944        16
07:18:56       125136    662896    990476     50.77     15944    664496   2053728    105.28    851784    727944        20
07:18:57       125136    662896    990476     50.77     15944    664496   2053728    105.28    851784    727944        20
07:18:58       125136    662896    990476     50.77     15944    664496   2053728    105.28    851784    727944        20
07:18:59       125136    662896    990476     50.77     15944    664496   2053728    105.28    851784    727944        20
07:19:00       125136    662896    990476     50.77     15944    664496   2053728    105.28    851784    727944        20
07:19:01       125136    662896    990476     50.77     15944    664496   2053728    105.28    851784    727944        20
07:19:02       125136    662896    990476     50.77     15944    664496   2053728    105.28    851784    727944        20
07:19:03       125136    662896    990476     50.77     15944    664496   2053728    105.28    851784    727944        20
07:19:04       125136    662896    990476     50.77     15944    664496   2053728    105.28    851784    727944        20
07:19:05       125136    662896    990476     50.77     15944    664496   2053728    105.28    851784    727944        20

Average:       151610    689308    964058     49.42     15911    664480   2027185    103.92    825100    727886        40
