Linux 7.0.0-1008-aws (ip-172-31-31-224) 	08/07/26 	_x86_64_	(2 CPU)

07:17:35        IFACE   rxpck/s   txpck/s    rxkB/s    txkB/s   rxcmp/s   txcmp/s  rxmcst/s   %ifutil
07:17:36         ens5     54.00     53.00      4.46      6.52      0.00      0.00      0.00      0.00

07:17:36        IFACE   rxpck/s   txpck/s    rxkB/s    txkB/s   rxcmp/s   txcmp/s  rxmcst/s   %ifutil
07:17:37         ens5     46.00     44.00      4.02      5.30      0.00      0.00      0.00      0.00

07:17:37        IFACE   rxpck/s   txpck/s    rxkB/s    txkB/s   rxcmp/s   txcmp/s  rxmcst/s   %ifutil
07:17:38         ens5     13.00     12.00      0.73      2.30      0.00      0.00      0.00      0.00

07:17:38        IFACE   rxpck/s   txpck/s    rxkB/s    txkB/s   rxcmp/s   txcmp/s  rxmcst/s   %ifutil
07:17:39         ens5      7.00      7.00      0.36      1.52      0.00      0.00      0.00      0.00

07:17:39        IFACE   rxpck/s   txpck/s    rxkB/s    txkB/s   rxcmp/s   txcmp/s  rxmcst/s   %ifutil
07:17:40         ens5      3.00      3.00      0.15      0.66      0.00      0.00      0.00      0.00

07:17:40        IFACE   rxpck/s   txpck/s    rxkB/s    txkB/s   rxcmp/s   txcmp/s  rxmcst/s   %ifutil
07:17:41         ens5     11.00     11.00      0.56      2.30      0.00      0.00      0.00      0.00

07:17:41        IFACE   rxpck/s   txpck/s    rxkB/s    txkB/s   rxcmp/s   txcmp/s  rxmcst/s   %ifutil
07:17:42         ens5      6.00      6.00      0.33      1.19      0.00      0.00      0.00      0.00

07:17:42        IFACE   rxpck/s   txpck/s    rxkB/s    txkB/s   rxcmp/s   txcmp/s  rxmcst/s   %ifutil
07:17:43         ens5      5.00      5.00      0.25      1.05      0.00      0.00      0.00      0.00

07:17:43        IFACE   rxpck/s   txpck/s    rxkB/s    txkB/s   rxcmp/s   txcmp/s  rxmcst/s   %ifutil
07:17:44         ens5     38.00     54.00      2.17     59.83      0.00      0.00      0.00      0.00

07:17:44        IFACE   rxpck/s   txpck/s    rxkB/s    txkB/s   rxcmp/s   txcmp/s  rxmcst/s   %ifutil
07:17:45         ens5    152.00    207.00      8.73    222.53      0.00      0.00      0.00      0.00

07:17:45        IFACE   rxpck/s   txpck/s    rxkB/s    txkB/s   rxcmp/s   txcmp/s  rxmcst/s   %ifutil
07:17:46         ens5    154.00    207.00      8.85    222.58      0.00      0.00      0.00      0.00

07:17:46        IFACE   rxpck/s   txpck/s    rxkB/s    txkB/s   rxcmp/s   txcmp/s  rxmcst/s   %ifutil
07:17:47         ens5    156.00    208.00      8.95    222.64      0.00      0.00      0.00      0.00

07:17:47        IFACE   rxpck/s   txpck/s    rxkB/s    txkB/s   rxcmp/s   txcmp/s  rxmcst/s   %ifutil
07:17:48         ens5    144.00    193.00      8.26    205.58      0.00      0.00      0.00      0.00

07:17:48        IFACE   rxpck/s   txpck/s    rxkB/s    txkB/s   rxcmp/s   txcmp/s  rxmcst/s   %ifutil
07:17:49         ens5    155.00    207.00      8.90    222.57      0.00      0.00      0.00      0.00

07:17:49        IFACE   rxpck/s   txpck/s    rxkB/s    txkB/s   rxcmp/s   txcmp/s  rxmcst/s   %ifutil
07:17:50         ens5    147.00    194.00      8.46    205.65      0.00      0.00      0.00      0.00

07:17:50        IFACE   rxpck/s   txpck/s    rxkB/s    txkB/s   rxcmp/s   txcmp/s  rxmcst/s   %ifutil
07:17:51         ens5    152.00    207.00      8.74    222.56      0.00      0.00      0.00      0.00

07:17:51        IFACE   rxpck/s   txpck/s    rxkB/s    txkB/s   rxcmp/s   txcmp/s  rxmcst/s   %ifutil
07:17:52         ens5    147.00    193.00      8.42    205.59      0.00      0.00      0.00      0.00

07:17:52        IFACE   rxpck/s   txpck/s    rxkB/s    txkB/s   rxcmp/s   txcmp/s  rxmcst/s   %ifutil
07:17:53         ens5    157.00    208.00      9.01    222.68      0.00      0.00      0.00      0.00

07:17:53        IFACE   rxpck/s   txpck/s    rxkB/s    txkB/s   rxcmp/s   txcmp/s  rxmcst/s   %ifutil
07:17:54         ens5    155.00    207.00      8.90    222.60      0.00      0.00      0.00      0.00

07:17:54        IFACE   rxpck/s   txpck/s    rxkB/s    txkB/s   rxcmp/s   txcmp/s  rxmcst/s   %ifutil
07:17:55         ens5    148.00    193.00      8.48    205.62      0.00      0.00      0.00      0.00

07:17:55        IFACE   rxpck/s   txpck/s    rxkB/s    txkB/s   rxcmp/s   txcmp/s  rxmcst/s   %ifutil
07:17:56         ens5    156.00    207.00      8.96    222.60      0.00      0.00      0.00      0.00

07:17:56        IFACE   rxpck/s   txpck/s    rxkB/s    txkB/s   rxcmp/s   txcmp/s  rxmcst/s   %ifutil
07:17:57         ens5    155.00    208.00      8.91    222.68      0.00      0.00      0.00      0.00

07:17:57        IFACE   rxpck/s   txpck/s    rxkB/s    txkB/s   rxcmp/s   txcmp/s  rxmcst/s   %ifutil
07:17:58         ens5    150.00    195.00      8.77    205.93      0.00      0.00      0.00      0.00

07:17:58        IFACE   rxpck/s   txpck/s    rxkB/s    txkB/s   rxcmp/s   txcmp/s  rxmcst/s   %ifutil
07:17:59         ens5    154.00    207.00      8.85    222.60      0.00      0.00      0.00      0.00

07:17:59        IFACE   rxpck/s   txpck/s    rxkB/s    txkB/s   rxcmp/s   txcmp/s  rxmcst/s   %ifutil
07:18:00         ens5    144.00    192.00      8.27    205.54      0.00      0.00      0.00      0.00

07:18:00        IFACE   rxpck/s   txpck/s    rxkB/s    txkB/s   rxcmp/s   txcmp/s  rxmcst/s   %ifutil
07:18:01         ens5    155.00    207.00      8.91    222.61      0.00      0.00      0.00      0.00

07:18:01        IFACE   rxpck/s   txpck/s    rxkB/s    txkB/s   rxcmp/s   txcmp/s  rxmcst/s   %ifutil
07:18:02         ens5    111.00    145.00      6.36    154.22      0.00      0.00      0.00      0.00

07:18:02        IFACE   rxpck/s   txpck/s    rxkB/s    txkB/s   rxcmp/s   txcmp/s  rxmcst/s   %ifutil
07:18:03         ens5    135.00    176.00      7.74    188.42      0.00      0.00      0.00      0.00

07:18:03        IFACE   rxpck/s   txpck/s    rxkB/s    txkB/s   rxcmp/s   txcmp/s  rxmcst/s   %ifutil
07:18:04         ens5    154.00    207.00      8.86    222.61      0.00      0.00      0.00      0.00

07:18:04        IFACE   rxpck/s   txpck/s    rxkB/s    txkB/s   rxcmp/s   txcmp/s  rxmcst/s   %ifutil
07:18:05         ens5    148.00    193.00      8.48    205.61      0.00      0.00      0.00      0.00

07:18:05        IFACE   rxpck/s   txpck/s    rxkB/s    txkB/s   rxcmp/s   txcmp/s  rxmcst/s   %ifutil
07:18:06         ens5    155.00    208.00      8.91    222.68      0.00      0.00      0.00      0.00

07:18:06        IFACE   rxpck/s   txpck/s    rxkB/s    txkB/s   rxcmp/s   txcmp/s  rxmcst/s   %ifutil
07:18:07         ens5    147.00    193.00      8.43    205.62      0.00      0.00      0.00      0.00

07:18:07        IFACE   rxpck/s   txpck/s    rxkB/s    txkB/s   rxcmp/s   txcmp/s  rxmcst/s   %ifutil
07:18:08         ens5    154.00    207.00      8.85    222.60      0.00      0.00      0.00      0.00

07:18:08        IFACE   rxpck/s   txpck/s    rxkB/s    txkB/s   rxcmp/s   txcmp/s  rxmcst/s   %ifutil
07:18:09         ens5    154.00    209.00      8.84    222.71      0.00      0.00      0.00      0.00

07:18:09        IFACE   rxpck/s   txpck/s    rxkB/s    txkB/s   rxcmp/s   txcmp/s  rxmcst/s   %ifutil
07:18:10         ens5    148.00    205.00      8.56    220.71      0.00      0.00      0.00      0.00

07:18:10        IFACE   rxpck/s   txpck/s    rxkB/s    txkB/s   rxcmp/s   txcmp/s  rxmcst/s   %ifutil
07:18:11         ens5    154.00    195.00      8.78    207.51      0.00      0.00      0.00      0.00

07:18:11        IFACE   rxpck/s   txpck/s    rxkB/s    txkB/s   rxcmp/s   txcmp/s  rxmcst/s   %ifutil
07:18:12         ens5    157.00    209.00      9.01    222.74      0.00      0.00      0.00      0.00

07:18:12        IFACE   rxpck/s   txpck/s    rxkB/s    txkB/s   rxcmp/s   txcmp/s  rxmcst/s   %ifutil
07:18:13         ens5    148.00    193.00      8.48    205.62      0.00      0.00      0.00      0.00

07:18:13        IFACE   rxpck/s   txpck/s    rxkB/s    txkB/s   rxcmp/s   txcmp/s  rxmcst/s   %ifutil
07:18:14         ens5    158.00    208.00      9.08    222.69      0.00      0.00      0.00      0.00

07:18:14        IFACE   rxpck/s   txpck/s    rxkB/s    txkB/s   rxcmp/s   txcmp/s  rxmcst/s   %ifutil
07:18:15         ens5    147.00    205.00      8.51    220.71      0.00      0.00      0.00      0.00

07:18:15        IFACE   rxpck/s   txpck/s    rxkB/s    txkB/s   rxcmp/s   txcmp/s  rxmcst/s   %ifutil
07:18:16         ens5    153.00    195.00      8.73    207.51      0.00      0.00      0.00      0.00

07:18:16        IFACE   rxpck/s   txpck/s    rxkB/s    txkB/s   rxcmp/s   txcmp/s  rxmcst/s   %ifutil
07:18:17         ens5    158.00    208.00      9.06    222.68      0.00      0.00      0.00      0.00

07:18:17        IFACE   rxpck/s   txpck/s    rxkB/s    txkB/s   rxcmp/s   txcmp/s  rxmcst/s   %ifutil
07:18:18         ens5    148.00    192.00      8.51    205.54      0.00      0.00      0.00      0.00

07:18:18        IFACE   rxpck/s   txpck/s    rxkB/s    txkB/s   rxcmp/s   txcmp/s  rxmcst/s   %ifutil
07:18:19         ens5    155.00    208.00      8.91    222.67      0.00      0.00      0.00      0.00

07:18:19        IFACE   rxpck/s   txpck/s    rxkB/s    txkB/s   rxcmp/s   txcmp/s  rxmcst/s   %ifutil
07:18:20         ens5    157.00    207.00      9.01    222.61      0.00      0.00      0.00      0.00

07:18:20        IFACE   rxpck/s   txpck/s    rxkB/s    txkB/s   rxcmp/s   txcmp/s  rxmcst/s   %ifutil
07:18:21         ens5    145.00    193.00      8.32    205.61      0.00      0.00      0.00      0.00

07:18:21        IFACE   rxpck/s   txpck/s    rxkB/s    txkB/s   rxcmp/s   txcmp/s  rxmcst/s   %ifutil
07:18:22         ens5    156.00    208.00      8.96    222.67      0.00      0.00      0.00      0.00

07:18:22        IFACE   rxpck/s   txpck/s    rxkB/s    txkB/s   rxcmp/s   txcmp/s  rxmcst/s   %ifutil
07:18:23         ens5    149.00    207.00      8.61    222.61      0.00      0.00      0.00      0.00

07:18:23        IFACE   rxpck/s   txpck/s    rxkB/s    txkB/s   rxcmp/s   txcmp/s  rxmcst/s   %ifutil
07:18:24         ens5    151.00    194.00      8.64    205.68      0.00      0.00      0.00      0.00

07:18:24        IFACE   rxpck/s   txpck/s    rxkB/s    txkB/s   rxcmp/s   txcmp/s  rxmcst/s   %ifutil
07:18:25         ens5    156.00    207.00      8.96    222.61      0.00      0.00      0.00      0.00

07:18:25        IFACE   rxpck/s   txpck/s    rxkB/s    txkB/s   rxcmp/s   txcmp/s  rxmcst/s   %ifutil
07:18:26         ens5    157.00    208.00      9.01    222.68      0.00      0.00      0.00      0.00

07:18:26        IFACE   rxpck/s   txpck/s    rxkB/s    txkB/s   rxcmp/s   txcmp/s  rxmcst/s   %ifutil
07:18:27         ens5    157.00    207.00      9.01    222.61      0.00      0.00      0.00      0.00

07:18:27        IFACE   rxpck/s   txpck/s    rxkB/s    txkB/s   rxcmp/s   txcmp/s  rxmcst/s   %ifutil
07:18:28         ens5    151.00    194.00      8.64    205.68      0.00      0.00      0.00      0.00

07:18:28        IFACE   rxpck/s   txpck/s    rxkB/s    txkB/s   rxcmp/s   txcmp/s  rxmcst/s   %ifutil
07:18:29         ens5    155.00    207.00      8.90    222.60      0.00      0.00      0.00      0.00

07:18:29        IFACE   rxpck/s   txpck/s    rxkB/s    txkB/s   rxcmp/s   txcmp/s  rxmcst/s   %ifutil
07:18:30         ens5    150.00    205.00      8.66    220.71      0.00      0.00      0.00      0.00

07:18:30        IFACE   rxpck/s   txpck/s    rxkB/s    txkB/s   rxcmp/s   txcmp/s  rxmcst/s   %ifutil
07:18:31         ens5    154.00    196.00      8.80    207.60      0.00      0.00      0.00      0.00

07:18:31        IFACE   rxpck/s   txpck/s    rxkB/s    txkB/s   rxcmp/s   txcmp/s  rxmcst/s   %ifutil
07:18:32         ens5    152.00    208.00      8.76    222.67      0.00      0.00      0.00      0.00

07:18:32        IFACE   rxpck/s   txpck/s    rxkB/s    txkB/s   rxcmp/s   txcmp/s  rxmcst/s   %ifutil
07:18:33         ens5    153.00    207.00      8.81    222.61      0.00      0.00      0.00      0.00

07:18:33        IFACE   rxpck/s   txpck/s    rxkB/s    txkB/s   rxcmp/s   txcmp/s  rxmcst/s   %ifutil
07:18:34         ens5    147.00    193.00      8.43    205.61      0.00      0.00      0.00      0.00

07:18:34        IFACE   rxpck/s   txpck/s    rxkB/s    txkB/s   rxcmp/s   txcmp/s  rxmcst/s   %ifutil
07:18:35         ens5    155.00    207.00      8.91    222.61      0.00      0.00      0.00      0.00

07:18:35        IFACE   rxpck/s   txpck/s    rxkB/s    txkB/s   rxcmp/s   txcmp/s  rxmcst/s   %ifutil
07:18:36         ens5    150.00    194.00      8.59    205.69      0.00      0.00      0.00      0.00

07:18:36        IFACE   rxpck/s   txpck/s    rxkB/s    txkB/s   rxcmp/s   txcmp/s  rxmcst/s   %ifutil
07:18:37         ens5    153.00    207.00      8.80    222.61      0.00      0.00      0.00      0.00

07:18:37        IFACE   rxpck/s   txpck/s    rxkB/s    txkB/s   rxcmp/s   txcmp/s  rxmcst/s   %ifutil
07:18:38         ens5    156.00    208.00      8.96    222.67      0.00      0.00      0.00      0.00

07:18:38        IFACE   rxpck/s   txpck/s    rxkB/s    txkB/s   rxcmp/s   txcmp/s  rxmcst/s   %ifutil
07:18:39         ens5    145.00    194.00      8.33    205.72      0.00      0.00      0.00      0.00

07:18:39        IFACE   rxpck/s   txpck/s    rxkB/s    txkB/s   rxcmp/s   txcmp/s  rxmcst/s   %ifutil
07:18:40         ens5    157.00    207.00      9.01    222.60      0.00      0.00      0.00      0.00

07:18:40        IFACE   rxpck/s   txpck/s    rxkB/s    txkB/s   rxcmp/s   txcmp/s  rxmcst/s   %ifutil
07:18:41         ens5    149.00    205.00      8.61    220.71      0.00      0.00      0.00      0.00

07:18:41        IFACE   rxpck/s   txpck/s    rxkB/s    txkB/s   rxcmp/s   txcmp/s  rxmcst/s   %ifutil
07:18:42         ens5    155.00    195.00      8.83    207.51      0.00      0.00      0.00      0.00

07:18:42        IFACE   rxpck/s   txpck/s    rxkB/s    txkB/s   rxcmp/s   txcmp/s  rxmcst/s   %ifutil
07:18:43         ens5    156.00    207.00      8.96    222.61      0.00      0.00      0.00      0.00

07:18:43        IFACE   rxpck/s   txpck/s    rxkB/s    txkB/s   rxcmp/s   txcmp/s  rxmcst/s   %ifutil
07:18:44         ens5    148.00    193.00      8.48    205.61      0.00      0.00      0.00      0.00

07:18:44        IFACE   rxpck/s   txpck/s    rxkB/s    txkB/s   rxcmp/s   txcmp/s  rxmcst/s   %ifutil
07:18:45         ens5    156.00    208.00      9.00    222.68      0.00      0.00      0.00      0.00

07:18:45        IFACE   rxpck/s   txpck/s    rxkB/s    txkB/s   rxcmp/s   txcmp/s  rxmcst/s   %ifutil
07:18:46         ens5    146.00    193.00      8.38    205.62      0.00      0.00      0.00      0.00

07:18:46        IFACE   rxpck/s   txpck/s    rxkB/s    txkB/s   rxcmp/s   txcmp/s  rxmcst/s   %ifutil
07:18:47         ens5    156.00    208.00      8.98    222.69      0.00      0.00      0.00      0.00

07:18:47        IFACE   rxpck/s   txpck/s    rxkB/s    txkB/s   rxcmp/s   txcmp/s  rxmcst/s   %ifutil
07:18:48         ens5    155.00    207.00      8.91    222.62      0.00      0.00      0.00      0.00

07:18:48        IFACE   rxpck/s   txpck/s    rxkB/s    txkB/s   rxcmp/s   txcmp/s  rxmcst/s   %ifutil
07:18:49         ens5    148.00    193.00      8.48    205.61      0.00      0.00      0.00      0.00

07:18:49        IFACE   rxpck/s   txpck/s    rxkB/s    txkB/s   rxcmp/s   txcmp/s  rxmcst/s   %ifutil
07:18:50         ens5    155.00    208.00      8.91    222.68      0.00      0.00      0.00      0.00

07:18:50        IFACE   rxpck/s   txpck/s    rxkB/s    txkB/s   rxcmp/s   txcmp/s  rxmcst/s   %ifutil
07:18:51         ens5    148.00    205.00      8.56    220.71      0.00      0.00      0.00      0.00

07:18:51        IFACE   rxpck/s   txpck/s    rxkB/s    txkB/s   rxcmp/s   txcmp/s  rxmcst/s   %ifutil
07:18:52         ens5    154.00    195.00      8.78    207.51      0.00      0.00      0.00      0.00

07:18:52        IFACE   rxpck/s   txpck/s    rxkB/s    txkB/s   rxcmp/s   txcmp/s  rxmcst/s   %ifutil
07:18:53         ens5    153.00    207.00      8.81    222.61      0.00      0.00      0.00      0.00

07:18:53        IFACE   rxpck/s   txpck/s    rxkB/s    txkB/s   rxcmp/s   txcmp/s  rxmcst/s   %ifutil
07:18:54         ens5    142.00    194.00      8.18    205.68      0.00      0.00      0.00      0.00

07:18:54        IFACE   rxpck/s   txpck/s    rxkB/s    txkB/s   rxcmp/s   txcmp/s  rxmcst/s   %ifutil
07:18:55         ens5    156.00    207.00      8.96    222.60      0.00      0.00      0.00      0.00

07:18:55        IFACE   rxpck/s   txpck/s    rxkB/s    txkB/s   rxcmp/s   txcmp/s  rxmcst/s   %ifutil
07:18:56         ens5    152.00    207.00      8.76    222.61      0.00      0.00      0.00      0.00

07:18:56        IFACE   rxpck/s   txpck/s    rxkB/s    txkB/s   rxcmp/s   txcmp/s  rxmcst/s   %ifutil
07:18:57         ens5    146.00    194.00      8.38    205.68      0.00      0.00      0.00      0.00

07:18:57        IFACE   rxpck/s   txpck/s    rxkB/s    txkB/s   rxcmp/s   txcmp/s  rxmcst/s   %ifutil
07:18:58         ens5    154.00    207.00      8.86    222.61      0.00      0.00      0.00      0.00

07:18:58        IFACE   rxpck/s   txpck/s    rxkB/s    txkB/s   rxcmp/s   txcmp/s  rxmcst/s   %ifutil
07:18:59         ens5    146.00    193.00      8.38    205.61      0.00      0.00      0.00      0.00

07:18:59        IFACE   rxpck/s   txpck/s    rxkB/s    txkB/s   rxcmp/s   txcmp/s  rxmcst/s   %ifutil
07:19:00         ens5    145.00    193.00      8.33    205.62      0.00      0.00      0.00      0.00

07:19:00        IFACE   rxpck/s   txpck/s    rxkB/s    txkB/s   rxcmp/s   txcmp/s  rxmcst/s   %ifutil
07:19:01         ens5    155.00    207.00      8.90    222.60      0.00      0.00      0.00      0.00

07:19:01        IFACE   rxpck/s   txpck/s    rxkB/s    txkB/s   rxcmp/s   txcmp/s  rxmcst/s   %ifutil
07:19:02         ens5    121.00    160.00      6.95    171.29      0.00      0.00      0.00      0.00

07:19:02        IFACE   rxpck/s   txpck/s    rxkB/s    txkB/s   rxcmp/s   txcmp/s  rxmcst/s   %ifutil
07:19:03         ens5    154.00    208.00      8.88    222.70      0.00      0.00      0.00      0.00

07:19:03        IFACE   rxpck/s   txpck/s    rxkB/s    txkB/s   rxcmp/s   txcmp/s  rxmcst/s   %ifutil
07:19:04         ens5    113.00    145.00      6.46    154.23      0.00      0.00      0.00      0.00

07:19:04        IFACE   rxpck/s   txpck/s    rxkB/s    txkB/s   rxcmp/s   txcmp/s  rxmcst/s   %ifutil
07:19:05         ens5      0.00      0.00      0.00      0.00      0.00      0.00      0.00      0.00



Average:        IFACE   rxpck/s   txpck/s    rxkB/s    txkB/s   rxcmp/s   txcmp/s  rxmcst/s   %ifutil
Average:         ens5    135.74    179.87      7.83    191.03      0.00      0.00      0.00      0.00
