Linux 7.0.0-1008-aws (ip-172-31-20-134) 	08/07/26 	_x86_64_	(2 CPU)

15:37:12    kbmemfree   kbavail kbmemused  %memused kbbuffers  kbcached  kbcommit   %commit  kbactive   kbinact   kbdirty
15:37:13       220452   1288940    369920     18.96      9412   1165204   1635656     83.85    817024    633004       344
15:37:14       220452   1288940    369920     18.96      9412   1165204   1635656     83.85    816992    633004       344
15:37:15       220452   1288940    369912     18.96      9412   1165212   1635656     83.85    816992    633004       352
15:37:16       220452   1288940    369912     18.96      9412   1165212   1635656     83.85    816992    633004       352
15:37:17       220452   1288940    369908     18.96      9412   1165216   1635656     83.85    816992    633004       356
15:37:18       220452   1288940    369908     18.96      9412   1165216   1639752     84.06    818000    633004       356
15:37:19       220452   1288952    369908     18.96      9412   1165216   1639752     84.06    818096    633016       308
15:37:20       220452   1288952    369908     18.96      9412   1165216   1639752     84.06    818096    633016       308
15:37:21       220452   1288952    369908     18.96      9412   1165216   1639752     84.06    818096    633016       308
15:37:22       220452   1288952    369904     18.96      9412   1165220   1639752     84.06    818096    633016       316
15:37:23       220200   1288700    370156     18.97      9412   1165220   1641448     84.14    821624    633016       316
15:37:24       218940   1287524    371336     19.04      9412   1165300   1642272     84.19    823292    633084       380
15:37:25       218940   1287572    371284     19.03      9412   1165352   1642320     84.19    823716    633132       432
15:37:26       218436   1287084    371728     19.06      9412   1165412   1642776     84.21    824380    633148       492
15:37:27       218436   1287204    371652     19.05      9412   1165480   1642808     84.21    824552    633264       560
15:37:28       218184   1286960    371844     19.06      9412   1165540   1642876     84.22    824960    633272       620
15:37:29       218184   1287068    371768     19.06      9412   1165616   1651204     84.64    825212    633380       696
15:37:30       218184   1287068    371720     19.05      9412   1165664   1651424     84.65    825548    633380       744
15:37:31       218184   1287196    371640     19.05      9412   1165740   1651708     84.67    825868    633508       820
15:37:32       218184   1287272    371540     19.05      9436   1165816   1651740     84.67    826376    633584       956
15:37:33       218184   1287312    371504     19.04      9436   1165852   1651740     84.67    826652    633624      1004
15:37:34       216168   1285400    373452     19.14      9436   1165920   1656100     84.89    828252    633728      1072
15:37:35       216168   1285472    373372     19.14      9436   1165992   1656232     84.90    827416    633796      1144
15:37:36       216168   1285472    373316     19.14      9436   1166048   1656232     84.90    827384    633796      1200
15:37:37       215916   1285324    373508     19.15      9436   1166108   1656308     84.90    827404    633900      1260
15:37:38       215916   1285324    373452     19.14      9436   1166164   1656316     84.91    827404    633900      1316
15:37:39       215916   1285380    373380     19.14      9436   1166236   1656316     84.91    827472    633956      1388
15:37:40       215664   1285216    373580     19.15      9436   1166284   1656340     84.91    827556    634040      1436
15:37:41       215664   1285336    373508     19.15      9436   1166356   1656340     84.91    827624    634160      1364
15:37:42       215664   1285336    373456     19.14      9436   1166408   1656340     84.91    827624    634160      1416
15:37:43       215664   1285452    373340     19.14      9436   1166524   1656352     84.91    827632    634276      1532
15:37:44       215412   1285248    373564     19.15      9436   1166544   1656384     84.91    827600    634320      1436
15:37:45       215412   1285360    373504     19.15      9436   1166604   1656516     84.92    827696    634432      1496
15:37:46       215160   1285152    373684     19.16      9436   1166676   1656516     84.92    827716    634476        56
15:37:47       215160   1285236    373624     19.15      9436   1166736   1656552     84.92    827716    634560       124
15:37:48       214404   1284500    374276     19.19      9436   1166836   1656552     84.92    828356    634580       224
15:37:49       214404   1284584    374256     19.18      9436   1166856   1656552     84.92    828356    634664       244
15:37:50       213900   1284140    374652     19.21      9436   1166964   1657156     84.95    829208    634724       352
15:37:51       213648   1283932    374872     19.22      9436   1166988   1657156     84.95    829224    634764       376
15:37:52       213648   1283992    374816     19.21      9436   1167044   1657156     84.95    829056    634824       380
15:37:53       213648   1283996    374744     19.21      9436   1167112   1657156     84.95    829004    634824       448
15:37:54       213648   1284100    374648     19.20      9436   1167208   1657156     84.95    829024    634928       544
15:37:55       213396   1283984    374884     19.22      9436   1167224   1657212     84.95    829076    635064       560
15:37:56       213396   1284000    374768     19.21      9436   1167340   1657212     84.95    829100    635080       680
15:37:57       213144   1283748    375008     19.22      9436   1167352   1657440     84.96    829268    635080       692
15:37:58       213144   1283820    374900     19.22      9436   1167452   1657440     84.96    829364    635148       792
15:37:59       212892   1283688    375136     19.23      9436   1167468   1657440     84.96    829252    635268       808
15:38:00       212892   1283688    375136     19.23      9436   1167468   1657440     84.96    829332    635268       808

Average:       216766   1286194    372627     19.10      9426   1166147   1650443     84.60    825243    633921       698
