Linux 7.0.0-1010-aws (ip-172-31-20-134) 	08/11/26 	_x86_64_	(2 CPU)

19:20:02        CPU     %user     %nice   %system   %iowait    %steal     %idle
19:20:03        all      2.51      0.00      1.51      0.00      1.01     94.97
19:20:04        all      0.50      0.00      1.00      1.00      0.00     97.50
19:20:05        all      0.50      0.00      0.00      0.00      0.00     99.50
19:20:06        all      0.00      0.00      0.00      0.00      0.00    100.00
19:20:07        all      0.00      0.00      0.50      0.00      0.00     99.50
19:20:08        all      0.00      0.00      0.50      0.00      0.00     99.50
19:20:09        all      0.50      0.00      0.50      0.00      0.00     99.00
19:20:10        all      0.00      0.00      0.00      0.00      0.00    100.00
19:20:11        all      0.00      0.00      0.00      0.00      0.00    100.00
19:20:12        all      0.50      0.00      0.00      0.00      0.00     99.50
19:20:13        all      0.50      0.00      0.50      0.00      0.00     99.00
19:20:14        all      6.06      0.00      1.52      0.00      0.00     92.42
19:20:15        all      2.04      0.00      1.53      0.00      0.51     95.92
19:20:16        all      1.99      0.00      1.99      0.00      0.50     95.52
19:20:17        all      1.01      0.00      0.50      0.00      0.00     98.49
19:20:18        all      0.50      0.00      0.00      0.00      0.00     99.50
19:20:19        all      0.00      0.00      0.00      0.00      0.00    100.00
19:20:20        all      0.00      0.00      0.50      0.00      0.00     99.50
19:20:21        all      0.00      0.00      0.00      0.00      0.00    100.00
19:20:22        all      1.00      0.00      0.00      0.00      0.00     99.00
19:20:23        all      0.00      0.00      0.50      0.00      0.00     99.50
19:20:24        all      0.00      0.00      0.00      0.00      0.00    100.00
19:20:25        all      1.00      0.00      0.00      0.50      0.00     98.50
19:20:26        all      0.00      0.00      0.50      0.00      0.00     99.50

Average:        all      0.77      0.00      0.48      0.06      0.08     98.60
