Linux 7.0.0-1010-aws (ip-172-31-20-134) 	08/11/26 	_x86_64_	(2 CPU)

19:20:02        IFACE   rxpck/s   txpck/s    rxkB/s    txkB/s   rxcmp/s   txcmp/s  rxmcst/s   %ifutil
19:20:03         ens5     52.00     45.00      4.33      4.88      0.00      0.00      0.00      0.00

19:20:03        IFACE   rxpck/s   txpck/s    rxkB/s    txkB/s   rxcmp/s   txcmp/s  rxmcst/s   %ifutil
19:20:04         ens5     49.00     40.00      4.14      4.23      0.00      0.00      0.00      0.00

19:20:04        IFACE   rxpck/s   txpck/s    rxkB/s    txkB/s   rxcmp/s   txcmp/s  rxmcst/s   %ifutil
19:20:05         ens5     22.00     18.00      1.84      1.89      0.00      0.00      0.00      0.00

19:20:05        IFACE   rxpck/s   txpck/s    rxkB/s    txkB/s   rxcmp/s   txcmp/s  rxmcst/s   %ifutil
19:20:06         ens5      0.00      0.00      0.00      0.00      0.00      0.00      0.00      0.00

19:20:06        IFACE   rxpck/s   txpck/s    rxkB/s    txkB/s   rxcmp/s   txcmp/s  rxmcst/s   %ifutil
19:20:07         ens5      0.00      0.00      0.00      0.00      0.00      0.00      0.00      0.00

19:20:07        IFACE   rxpck/s   txpck/s    rxkB/s    txkB/s   rxcmp/s   txcmp/s  rxmcst/s   %ifutil
19:20:08         ens5      0.00      0.00      0.00      0.00      0.00      0.00      0.00      0.00

19:20:08        IFACE   rxpck/s   txpck/s    rxkB/s    txkB/s   rxcmp/s   txcmp/s  rxmcst/s   %ifutil
19:20:09         ens5      0.00      0.00      0.00      0.00      0.00      0.00      0.00      0.00

19:20:09        IFACE   rxpck/s   txpck/s    rxkB/s    txkB/s   rxcmp/s   txcmp/s  rxmcst/s   %ifutil
19:20:10         ens5      4.00      4.00      0.66      0.46      0.00      0.00      0.00      0.00

19:20:10        IFACE   rxpck/s   txpck/s    rxkB/s    txkB/s   rxcmp/s   txcmp/s  rxmcst/s   %ifutil
19:20:11         ens5      0.00      0.00      0.00      0.00      0.00      0.00      0.00      0.00

19:20:11        IFACE   rxpck/s   txpck/s    rxkB/s    txkB/s   rxcmp/s   txcmp/s  rxmcst/s   %ifutil
19:20:12         ens5      0.00      0.00      0.00      0.00      0.00      0.00      0.00      0.00

19:20:12        IFACE   rxpck/s   txpck/s    rxkB/s    txkB/s   rxcmp/s   txcmp/s  rxmcst/s   %ifutil
19:20:13         ens5      0.00      0.00      0.00      0.00      0.00      0.00      0.00      0.00

19:20:13        IFACE   rxpck/s   txpck/s    rxkB/s    txkB/s   rxcmp/s   txcmp/s  rxmcst/s   %ifutil
19:20:14         ens5     36.00     36.00      4.88      4.96      0.00      0.00      0.00      0.00

19:20:14        IFACE   rxpck/s   txpck/s    rxkB/s    txkB/s   rxcmp/s   txcmp/s  rxmcst/s   %ifutil
19:20:15         ens5    297.00    297.00     40.22     40.90      0.00      0.00      0.00      0.00

19:20:15        IFACE   rxpck/s   txpck/s    rxkB/s    txkB/s   rxcmp/s   txcmp/s  rxmcst/s   %ifutil
19:20:16         ens5    162.00    162.00     21.94     22.31      0.00      0.00      0.00      0.00

19:20:16        IFACE   rxpck/s   txpck/s    rxkB/s    txkB/s   rxcmp/s   txcmp/s  rxmcst/s   %ifutil
19:20:17         ens5     51.00     51.00      6.91      7.02      0.00      0.00      0.00      0.00

19:20:17        IFACE   rxpck/s   txpck/s    rxkB/s    txkB/s   rxcmp/s   txcmp/s  rxmcst/s   %ifutil
19:20:18         ens5      0.00      0.00      0.00      0.00      0.00      0.00      0.00      0.00

19:20:18        IFACE   rxpck/s   txpck/s    rxkB/s    txkB/s   rxcmp/s   txcmp/s  rxmcst/s   %ifutil
19:20:19         ens5      0.00      0.00      0.00      0.00      0.00      0.00      0.00      0.00

19:20:19        IFACE   rxpck/s   txpck/s    rxkB/s    txkB/s   rxcmp/s   txcmp/s  rxmcst/s   %ifutil
19:20:20         ens5      0.00      0.00      0.00      0.00      0.00      0.00      0.00      0.00

19:20:20        IFACE   rxpck/s   txpck/s    rxkB/s    txkB/s   rxcmp/s   txcmp/s  rxmcst/s   %ifutil
19:20:21         ens5      1.00      1.00      0.07      0.09      0.00      0.00      0.00      0.00

19:20:21        IFACE   rxpck/s   txpck/s    rxkB/s    txkB/s   rxcmp/s   txcmp/s  rxmcst/s   %ifutil
19:20:22         ens5      0.00      0.00      0.00      0.00      0.00      0.00      0.00      0.00

19:20:22        IFACE   rxpck/s   txpck/s    rxkB/s    txkB/s   rxcmp/s   txcmp/s  rxmcst/s   %ifutil
19:20:23         ens5      0.00      0.00      0.00      0.00      0.00      0.00      0.00      0.00

19:20:23        IFACE   rxpck/s   txpck/s    rxkB/s    txkB/s   rxcmp/s   txcmp/s  rxmcst/s   %ifutil
19:20:24         ens5      0.00      0.00      0.00      0.00      0.00      0.00      0.00      0.00

19:20:24        IFACE   rxpck/s   txpck/s    rxkB/s    txkB/s   rxcmp/s   txcmp/s  rxmcst/s   %ifutil
19:20:25         ens5      0.00      0.00      0.00      0.00      0.00      0.00      0.00      0.00

19:20:25        IFACE   rxpck/s   txpck/s    rxkB/s    txkB/s   rxcmp/s   txcmp/s  rxmcst/s   %ifutil
19:20:26         ens5      0.00      0.00      0.00      0.00      0.00      0.00      0.00      0.00


Average:        IFACE   rxpck/s   txpck/s    rxkB/s    txkB/s   rxcmp/s   txcmp/s  rxmcst/s   %ifutil
Average:         ens5     28.08     27.25      3.54      3.61      0.00      0.00      0.00      0.00
