Linux 7.0.0-1010-aws (ip-172-31-31-224) 	08/11/26 	_x86_64_	(2 CPU)

06:34:48        CPU     %user     %nice   %system   %iowait    %steal     %idle
06:34:49        all     49.50      0.00      5.50      0.00      1.50     43.50
06:34:50        all     50.75      0.00      4.02      0.00      1.01     44.22
06:34:51        all     47.50      0.00      4.00      0.00      2.00     46.50
06:34:52        all     47.50      0.00      3.50      0.00      2.00     47.00
06:34:53        all     51.78      0.00      3.05      0.00      2.54     42.64
06:34:54        all     47.52      0.00      2.97      0.00      3.96     45.54
06:34:55        all     49.75      0.00      3.55      0.00      1.02     45.69
06:34:56        all     46.73      0.00      3.02      0.00      1.01     49.25
06:34:57        all     23.27      0.00      2.97      0.00      0.99     72.77
06:34:58        all      2.01      0.00      0.50      0.00      0.00     97.49
06:34:59        all      4.04      0.00      1.01      0.00      0.00     94.95
06:35:00        all      0.00      0.00      0.00      0.00      3.00     97.00
06:35:01        all      0.47      0.00      0.47      0.93     10.23     87.91
06:35:02        all      0.47      0.00      0.00      0.00      8.92     90.61
06:35:03        all      3.27      0.00      1.40      0.00     13.08     82.24
06:35:04        all      7.69      0.00      3.37      0.00     11.06     77.88
06:35:05        all      7.32      0.00      2.93      0.00      8.78     80.98
06:35:06        all      2.50      0.00      1.00      0.00      2.50     94.00
06:35:07        all      0.00      0.00      0.50      0.00      1.00     98.50
06:35:08        all      0.00      0.00      0.00      0.00      0.00    100.00
06:35:09        all      1.00      0.00      0.50      0.00      0.00     98.50
06:35:10        all      0.00      0.00      0.50      0.00      1.00     98.51
06:35:11        all      0.50      0.00      0.50      0.00      0.00     99.00
06:35:12        all      0.00      0.00      0.50      0.00      0.00     99.50
06:35:13        all      2.00      0.00      0.50      0.00      0.50     97.00
06:35:14        all      4.04      0.00      1.01      0.00      0.00     94.95
06:35:15        all      0.50      0.00      0.00      0.00      0.00     99.50
06:35:16        all      0.50      0.00      0.50      0.00      0.00     99.00
06:35:17        all      0.00      0.00      0.00      0.00      0.51     99.49
06:35:18        all      0.00      0.00      0.00      0.00      0.00    100.00


Average:        all     14.90      0.00      1.59      0.03      2.63     80.85
