Linux 7.0.0-1010-aws (ip-172-31-31-224) 	08/11/26 	_x86_64_	(2 CPU)

06:34:48    kbmemfree   kbavail kbmemused  %memused kbbuffers  kbcached  kbcommit   %commit  kbactive   kbinact   kbdirty
06:34:49       703064   1302420    429276     22.00     14308    727208   1605736     82.31    364716    721020       340
06:34:50       630992   1230348    501348     25.70     14308    727208   1677312     85.98    438252    721020       340
06:34:51       558416   1157772    573924     29.42     14308    727208   1751496     89.78    510296    721020       340
06:34:52       469964   1069320    662376     33.95     14308    727208   1835552     94.09    595088    721020       340
06:34:53       413768   1013124    718572     36.83     14308    727208   1894420     97.11    653528    721020       340
06:34:54       341192    940552    791144     40.55     14308    727212   1969116    100.93    729784    721024       344
06:34:55       236612    835972    895724     45.91     14308    727212   2065736    105.89    824692    721024       344
06:34:56       164036    763396    968300     49.63     14308    727212   2140560    109.72    901996    721024       344
06:34:57       107588    706948   1024748     52.53     14308    727212   2202840    112.91    963448    721024       344
06:34:58       107588    706948   1024748     52.53     14308    727212   2203096    112.93    963532    721024       344
06:34:59       107588    706948   1024736     52.53     14308    727224   2203096    112.93    963340    721024       356
06:35:00       107588    706948   1024736     52.53     14308    727224   2203096    112.93    963340    721024       356
06:35:01       107588    706952   1024712     52.53     14332    727224   2203096    112.93    963400    721028       260
06:35:02       107588    706960   1024712     52.53     14332    727224   2203096    112.93    963456    721036       184
06:35:03       107708    707080   1024592     52.52     14332    727224   2203096    112.93    963456    721036       184
06:35:04       107844    707216   1024452     52.51     14332    727228   2203160    112.93    963456    721036       188
06:35:05       108092    707492   1024204     52.50     14332    727228   2203160    112.93    963656    721064       140
06:35:06       108100    707500   1024196     52.50     14332    727228   2203160    112.93    964276    721064       144
06:35:07       108100    707500   1024196     52.50     14332    727228   2203160    112.93    964276    721064       144
06:35:08       108100    707500   1024192     52.50     14332    727232   2203160    112.93    964284    721064       132
06:35:09       108100    707500   1024188     52.50     14332    727236   2203160    112.93    964284    721064       132
06:35:10       108100    707500   1024188     52.50     14332    727236   2203160    112.93    964284    721064       132
06:35:11       108100    707500   1024188     52.50     14332    727236   2203160    112.93    964284    721064       132
06:35:12       108100    707500   1024188     52.50     14332    727236   2203160    112.93    964284    721064       132
06:35:13       108100    707500   1024188     52.50     14332    727236   2203160    112.93    964200    721064       132
06:35:14       108100    707504   1024176     52.50     14332    727248   2203160    112.93    964192    721068       144
06:35:15       108100    707504   1024176     52.50     14332    727248   2203160    112.93    964192    721068       144
06:35:16       108100    707504   1024176     52.50     14332    727248   2203160    112.93    964192    721068       144
06:35:17       108100    707520   1024152     52.50     14356    727248   2203160    112.93    964296    721084        36
06:35:18       108100    707520   1024152     52.50     14356    727248   2203160    112.93    964296    721084        36


Average:       196417    795798    935889     47.97     14324    727226   2113625    108.34    874159    721045       222
