Linux 7.0.0-1010-aws (ip-172-31-20-134) 	08/11/26 	_x86_64_	(2 CPU)

19:09:52    kbmemfree   kbavail kbmemused  %memused kbbuffers  kbcached  kbcommit   %commit  kbactive   kbinact   kbdirty
19:09:53       131444   1321788    369848     18.96     34892   1265276   1478600     75.79    755756    819772       428
19:09:54       131444   1321788    369848     18.96     34892   1265276   1478600     75.79    755756    819772       428
19:09:55       131444   1321796    369832     18.96     34908   1265276   1478600     75.79    755832    819780       432
19:09:56       131444   1321796    369832     18.96     34908   1265276   1478600     75.79    755832    819780       432
19:09:57       131444   1321796    369828     18.96     34908   1265280   1478600     75.79    755832    819780       436
19:09:58       131444   1321796    369828     18.96     34908   1265280   1478600     75.79    755832    819780       436
19:09:59       131444   1321800    369828     18.96     34908   1265280   1478600     75.79    755776    819784       436
19:10:00       131444   1321800    369820     18.96     34908   1265288   1478600     75.79    755776    819784       444
19:10:01       131444   1321800    369820     18.96     34908   1265288   1478600     75.79    755776    819784       444
19:10:02       131444   1321800    369816     18.96     34908   1265292   1478600     75.79    755776    819784       448
19:10:03       131444   1321800    369816     18.96     34908   1265292   1478600     75.79    755776    819784       448
19:10:04       131444   1321800    369816     18.96     34908   1265292   1478600     75.79    756520    819784       448
19:10:05       131444   1321800    369816     18.96     34908   1265292   1478600     75.79    756520    819784       448
19:10:06       131444   1321800    369816     18.96     34908   1265292   1478600     75.79    756520    819784       448
19:10:07       131444   1321800    369812     18.96     34908   1265296   1478600     75.79    756520    819784       452
19:10:08       131444   1321800    369812     18.96     34908   1265296   1478600     75.79    756520    819784       452
19:10:09       131444   1321800    369812     18.96     34908   1265296   1478600     75.79    756520    819784       452
19:10:10       131444   1321800    369812     18.96     34908   1265296   1478600     75.79    756520    819784       452
19:10:11       131444   1321800    369812     18.96     34908   1265296   1478600     75.79    756520    819784       452
19:10:12       131444   1321800    369804     18.96     34908   1265304   1478600     75.79    756520    819784       460
19:10:13       131444   1321800    369804     18.96     34908   1265304   1478600     75.79    756520    819784       460
19:10:14       131444   1321832    369796     18.96     34908   1265312   1478600     75.79    756860    819816       640
19:10:15       131444   1321832    369796     18.96     34908   1265312   1478600     75.79    756860    819816       640
19:10:16       131444   1321832    369796     18.96     34908   1265312   1478600     75.79    756860    819816       640
19:10:17       131444   1321832    369792     18.95     34908   1265316   1478600     75.79    756860    819816       644
19:10:18       131444   1321832    369792     18.95     34908   1265316   1478600     75.79    756860    819816       644
19:10:19       131444   1321844    369792     18.95     34908   1265316   1478600     75.79    756972    819828       644
19:10:20       131444   1321844    369792     18.95     34908   1265316   1478600     75.79    756972    819828       644
19:10:21       131444   1321844    369788     18.95     34908   1265320   1478856     75.80    757220    819828       648
19:10:22       131444   1321844    369772     18.95     34908   1265336   1478856     75.80    757220    819828       400
19:10:23       131444   1321864    369772     18.95     34908   1265336   1478856     75.80    757328    819848       320
19:10:24       131444   1321864    369772     18.95     34908   1265336   1478856     75.80    757328    819848       320
19:10:25       130688   1321128    370496     18.99     34920   1265356   1478856     75.80    758516    819868       416
19:10:26       128924   1319892    371720     19.05     34920   1265880   1483208     76.03    760528    820392       940
19:10:27       128168   1319664    371916     19.06     34920   1266424   1483208     76.03    760988    820912      1488
19:10:28       128168   1319808    371800     19.06     34920   1266532   1483208     76.03    761020    821052        96
19:10:29       128168   1319808    371772     19.06     34920   1266560   1483208     76.03    760532    821052       136
19:10:30       128168   1319808    371772     19.06     34920   1266560   1483208     76.03    760532    821052       136
19:10:31       128168   1319808    371772     19.06     34920   1266560   1483208     76.03    760532    821052       136
19:10:32       128168   1319808    371768     19.06     34920   1266564   1483208     76.03    760532    821052       140
19:10:33       128168   1319808    371764     19.06     34920   1266568   1483208     76.03    760532    821052       144
19:10:34       127916   1319592    372016     19.07     34920   1266568   1483208     76.03    760744    821088       144
19:10:35       127916   1319592    372016     19.07     34920   1266568   1483208     76.03    760744    821088       144

Average:       130670   1321320    370295     18.98     34910   1265575   1479701     75.85    757476    820074       452
