Linux 7.0.0-1010-aws (ip-172-31-20-134) 	08/11/26 	_x86_64_	(2 CPU)

19:09:52        IFACE   rxpck/s   txpck/s    rxkB/s    txkB/s   rxcmp/s   txcmp/s  rxmcst/s   %ifutil
19:09:53         ens5     50.00     45.00      4.29      5.21      0.00      0.00      0.00      0.00

19:09:53        IFACE   rxpck/s   txpck/s    rxkB/s    txkB/s   rxcmp/s   txcmp/s  rxmcst/s   %ifutil
19:09:54         ens5     21.00     15.00      1.64      1.56      0.00      0.00      0.00      0.00

19:09:54        IFACE   rxpck/s   txpck/s    rxkB/s    txkB/s   rxcmp/s   txcmp/s  rxmcst/s   %ifutil
19:09:55         ens5      0.00      0.00      0.00      0.00      0.00      0.00      0.00      0.00

19:09:55        IFACE   rxpck/s   txpck/s    rxkB/s    txkB/s   rxcmp/s   txcmp/s  rxmcst/s   %ifutil
19:09:56         ens5      0.00      0.00      0.00      0.00      0.00      0.00      0.00      0.00

19:09:56        IFACE   rxpck/s   txpck/s    rxkB/s    txkB/s   rxcmp/s   txcmp/s  rxmcst/s   %ifutil
19:09:57         ens5      0.00      0.00      0.00      0.00      0.00      0.00      0.00      0.00

19:09:57        IFACE   rxpck/s   txpck/s    rxkB/s    txkB/s   rxcmp/s   txcmp/s  rxmcst/s   %ifutil
19:09:58         ens5      0.00      0.00      0.00      0.00      0.00      0.00      0.00      0.00

19:09:58        IFACE   rxpck/s   txpck/s    rxkB/s    txkB/s   rxcmp/s   txcmp/s  rxmcst/s   %ifutil
19:09:59         ens5      0.00      0.00      0.00      0.00      0.00      0.00      0.00      0.00

19:09:59        IFACE   rxpck/s   txpck/s    rxkB/s    txkB/s   rxcmp/s   txcmp/s  rxmcst/s   %ifutil
19:10:00         ens5      0.00      0.00      0.00      0.00      0.00      0.00      0.00      0.00

19:10:00        IFACE   rxpck/s   txpck/s    rxkB/s    txkB/s   rxcmp/s   txcmp/s  rxmcst/s   %ifutil
19:10:01         ens5      0.00      0.00      0.00      0.00      0.00      0.00      0.00      0.00

19:10:01        IFACE   rxpck/s   txpck/s    rxkB/s    txkB/s   rxcmp/s   txcmp/s  rxmcst/s   %ifutil
19:10:02         ens5      0.00      0.00      0.00      0.00      0.00      0.00      0.00      0.00

19:10:02        IFACE   rxpck/s   txpck/s    rxkB/s    txkB/s   rxcmp/s   txcmp/s  rxmcst/s   %ifutil
19:10:03         ens5      0.00      0.00      0.00      0.00      0.00      0.00      0.00      0.00

19:10:03        IFACE   rxpck/s   txpck/s    rxkB/s    txkB/s   rxcmp/s   txcmp/s  rxmcst/s   %ifutil
19:10:04         ens5      0.00      0.00      0.00      0.00      0.00      0.00      0.00      0.00

19:10:04        IFACE   rxpck/s   txpck/s    rxkB/s    txkB/s   rxcmp/s   txcmp/s  rxmcst/s   %ifutil
19:10:05         ens5      0.00      0.00      0.00      0.00      0.00      0.00      0.00      0.00

19:10:05        IFACE   rxpck/s   txpck/s    rxkB/s    txkB/s   rxcmp/s   txcmp/s  rxmcst/s   %ifutil
19:10:06         ens5      0.00      0.00      0.00      0.00      0.00      0.00      0.00      0.00

19:10:06        IFACE   rxpck/s   txpck/s    rxkB/s    txkB/s   rxcmp/s   txcmp/s  rxmcst/s   %ifutil
19:10:07         ens5      1.00      1.00      0.07      0.09      0.00      0.00      0.00      0.00

19:10:07        IFACE   rxpck/s   txpck/s    rxkB/s    txkB/s   rxcmp/s   txcmp/s  rxmcst/s   %ifutil
19:10:08         ens5      0.00      0.00      0.00      0.00      0.00      0.00      0.00      0.00

19:10:08        IFACE   rxpck/s   txpck/s    rxkB/s    txkB/s   rxcmp/s   txcmp/s  rxmcst/s   %ifutil
19:10:09         ens5      0.00      0.00      0.00      0.00      0.00      0.00      0.00      0.00

19:10:09        IFACE   rxpck/s   txpck/s    rxkB/s    txkB/s   rxcmp/s   txcmp/s  rxmcst/s   %ifutil
19:10:10         ens5      0.00      0.00      0.00      0.00      0.00      0.00      0.00      0.00

19:10:10        IFACE   rxpck/s   txpck/s    rxkB/s    txkB/s   rxcmp/s   txcmp/s  rxmcst/s   %ifutil
19:10:11         ens5      0.00      0.00      0.00      0.00      0.00      0.00      0.00      0.00

19:10:11        IFACE   rxpck/s   txpck/s    rxkB/s    txkB/s   rxcmp/s   txcmp/s  rxmcst/s   %ifutil
19:10:12         ens5      0.00      0.00      0.00      0.00      0.00      0.00      0.00      0.00

19:10:12        IFACE   rxpck/s   txpck/s    rxkB/s    txkB/s   rxcmp/s   txcmp/s  rxmcst/s   %ifutil
19:10:13         ens5      0.00      0.00      0.00      0.00      0.00      0.00      0.00      0.00

19:10:13        IFACE   rxpck/s   txpck/s    rxkB/s    txkB/s   rxcmp/s   txcmp/s  rxmcst/s   %ifutil
19:10:14         ens5      0.00      0.00      0.00      0.00      0.00      0.00      0.00      0.00

19:10:14        IFACE   rxpck/s   txpck/s    rxkB/s    txkB/s   rxcmp/s   txcmp/s  rxmcst/s   %ifutil
19:10:15         ens5      0.00      0.00      0.00      0.00      0.00      0.00      0.00      0.00

19:10:15        IFACE   rxpck/s   txpck/s    rxkB/s    txkB/s   rxcmp/s   txcmp/s  rxmcst/s   %ifutil
19:10:16         ens5      0.00      0.00      0.00      0.00      0.00      0.00      0.00      0.00

19:10:16        IFACE   rxpck/s   txpck/s    rxkB/s    txkB/s   rxcmp/s   txcmp/s  rxmcst/s   %ifutil
19:10:17         ens5      0.00      0.00      0.00      0.00      0.00      0.00      0.00      0.00

19:10:17        IFACE   rxpck/s   txpck/s    rxkB/s    txkB/s   rxcmp/s   txcmp/s  rxmcst/s   %ifutil
19:10:18         ens5      0.00      0.00      0.00      0.00      0.00      0.00      0.00      0.00

19:10:18        IFACE   rxpck/s   txpck/s    rxkB/s    txkB/s   rxcmp/s   txcmp/s  rxmcst/s   %ifutil
19:10:19         ens5      0.00      0.00      0.00      0.00      0.00      0.00      0.00      0.00

19:10:19        IFACE   rxpck/s   txpck/s    rxkB/s    txkB/s   rxcmp/s   txcmp/s  rxmcst/s   %ifutil
19:10:20         ens5      0.00      0.00      0.00      0.00      0.00      0.00      0.00      0.00

19:10:20        IFACE   rxpck/s   txpck/s    rxkB/s    txkB/s   rxcmp/s   txcmp/s  rxmcst/s   %ifutil
19:10:21         ens5     26.00     33.00      7.87      6.93      0.00      0.00      0.00      0.00

19:10:21        IFACE   rxpck/s   txpck/s    rxkB/s    txkB/s   rxcmp/s   txcmp/s  rxmcst/s   %ifutil
19:10:22         ens5      0.00      0.00      0.00      0.00      0.00      0.00      0.00      0.00

19:10:22        IFACE   rxpck/s   txpck/s    rxkB/s    txkB/s   rxcmp/s   txcmp/s  rxmcst/s   %ifutil
19:10:23         ens5      1.00      1.00      0.07      0.09      0.00      0.00      0.00      0.00

19:10:23        IFACE   rxpck/s   txpck/s    rxkB/s    txkB/s   rxcmp/s   txcmp/s  rxmcst/s   %ifutil
19:10:24         ens5      0.00      0.00      0.00      0.00      0.00      0.00      0.00      0.00

19:10:24        IFACE   rxpck/s   txpck/s    rxkB/s    txkB/s   rxcmp/s   txcmp/s  rxmcst/s   %ifutil
19:10:25         ens5    200.00    259.00     45.82     55.96      0.00      0.00      0.00      0.00

19:10:25        IFACE   rxpck/s   txpck/s    rxkB/s    txkB/s   rxcmp/s   txcmp/s  rxmcst/s   %ifutil
19:10:26         ens5   1045.00   1359.00    238.95    294.64      0.00      0.00      0.00      0.00

19:10:26        IFACE   rxpck/s   txpck/s    rxkB/s    txkB/s   rxcmp/s   txcmp/s  rxmcst/s   %ifutil
19:10:27         ens5    548.00    710.00    126.05    150.02      0.00      0.00      0.00      0.00

19:10:27        IFACE   rxpck/s   txpck/s    rxkB/s    txkB/s   rxcmp/s   txcmp/s  rxmcst/s   %ifutil
19:10:28         ens5     40.00     52.00      9.18     11.18      0.00      0.00      0.00      0.00

19:10:28        IFACE   rxpck/s   txpck/s    rxkB/s    txkB/s   rxcmp/s   txcmp/s  rxmcst/s   %ifutil
19:10:29         ens5      0.00      0.00      0.00      0.00      0.00      0.00      0.00      0.00

19:10:29        IFACE   rxpck/s   txpck/s    rxkB/s    txkB/s   rxcmp/s   txcmp/s  rxmcst/s   %ifutil
19:10:30         ens5      0.00      0.00      0.00      0.00      0.00      0.00      0.00      0.00

19:10:30        IFACE   rxpck/s   txpck/s    rxkB/s    txkB/s   rxcmp/s   txcmp/s  rxmcst/s   %ifutil
19:10:31         ens5      0.00      0.00      0.00      0.00      0.00      0.00      0.00      0.00

19:10:31        IFACE   rxpck/s   txpck/s    rxkB/s    txkB/s   rxcmp/s   txcmp/s  rxmcst/s   %ifutil
19:10:32         ens5      0.00      0.00      0.00      0.00      0.00      0.00      0.00      0.00

19:10:32        IFACE   rxpck/s   txpck/s    rxkB/s    txkB/s   rxcmp/s   txcmp/s  rxmcst/s   %ifutil
19:10:33         ens5      0.00      0.00      0.00      0.00      0.00      0.00      0.00      0.00

19:10:33        IFACE   rxpck/s   txpck/s    rxkB/s    txkB/s   rxcmp/s   txcmp/s  rxmcst/s   %ifutil
19:10:34         ens5      0.00      0.00      0.00      0.00      0.00      0.00      0.00      0.00

19:10:34        IFACE   rxpck/s   txpck/s    rxkB/s    txkB/s   rxcmp/s   txcmp/s  rxmcst/s   %ifutil
19:10:35         ens5      0.00      0.00      0.00      0.00      0.00      0.00      0.00      0.00


Average:        IFACE   rxpck/s   txpck/s    rxkB/s    txkB/s   rxcmp/s   txcmp/s  rxmcst/s   %ifutil
Average:         ens5     44.93     57.56     10.09     12.23      0.00      0.00      0.00      0.00
