Linux 7.0.0-1008-aws (ip-172-31-20-134) 	08/07/26 	_x86_64_	(2 CPU)

16:43:28        CPU     %user     %nice   %system   %iowait    %steal     %idle
16:43:29        all      7.07      0.00      2.53      0.51      0.00     89.90
16:43:30        all      0.00      0.00      0.00      0.00      0.00    100.00
16:43:31        all      1.00      0.00      0.00      0.00      0.00     99.00
16:43:32        all      0.00      0.00      0.00      0.00      0.00    100.00
16:43:33        all      1.00      0.00      0.00      0.50      0.00     98.51
16:43:34        all      0.50      0.00      1.01      0.00      0.00     98.49
16:43:35        all      5.61      0.00      0.51      0.00      0.00     93.88
16:43:36        all      6.03      0.00      1.51      0.00      0.00     92.46
16:43:37        all      6.09      0.00      0.00      0.00      0.00     93.91
16:43:38        all      5.08      0.00      1.02      0.00      0.00     93.91
16:43:39        all      6.00      0.00      1.50      0.00      0.00     92.50
16:43:40        all      5.10      0.00      0.51      0.00      0.00     94.39
16:43:41        all      5.61      0.00      0.51      0.00      0.00     93.88
16:43:42        all      5.03      0.00      1.51      0.00      0.50     92.96
16:43:43        all      5.56      0.00      0.51      0.00      0.51     93.43
16:43:44        all     11.06      0.00      2.51      0.00      0.00     86.43
16:43:45        all      5.15      0.00      0.00      0.00      0.00     94.85
16:43:46        all      5.50      0.00      1.50      0.00      0.00     93.00
16:43:47        all      5.61      0.00      1.02      0.00      0.00     93.37
16:43:48        all      5.56      0.00      1.01      0.00      0.00     93.43
16:43:49        all      5.58      0.00      1.02      0.00      0.00     93.40
16:43:50        all      5.03      0.00      1.51      0.00      0.50     92.96
16:43:51        all      6.57      0.00      0.51      0.00      0.51     92.42
16:43:52        all      5.13      0.00      1.03      0.00      0.00     93.85
16:43:53        all      5.08      0.00      0.51      0.00      0.00     94.42
16:43:54        all      5.08      0.00      1.02      0.00      0.00     93.91
16:43:55        all      6.06      0.00      0.51      0.00      0.00     93.43
16:43:56        all      5.53      0.00      1.51      0.00      0.00     92.96
16:43:57        all      5.61      0.00      0.51      0.00      0.00     93.88
16:43:58        all      5.53      0.00      1.01      0.00      0.00     93.47
16:43:59        all     11.22      0.00      1.53      0.00      0.00     87.24
16:44:00        all      4.04      0.00      1.52      0.00      1.01     93.43
16:44:01        all      5.56      0.00      0.51      0.00      0.00     93.94
16:44:02        all      5.10      0.00      1.02      0.00      0.00     93.88
16:44:03        all      6.03      0.00      0.50      1.01      0.50     91.96
16:44:04        all      5.08      0.00      1.02      0.00      0.00     93.91
16:44:05        all      5.53      0.00      1.01      0.00      0.00     93.47
16:44:06        all      5.05      0.00      1.52      0.00      0.00     93.43
16:44:07        all      5.58      0.00      0.51      0.00      0.00     93.91
16:44:08        all      6.09      0.00      0.51      0.00      0.00     93.40
16:44:09        all      5.03      0.00      1.01      0.00      0.00     93.97
16:44:10        all      5.58      0.00      1.02      0.00      0.00     93.40
16:44:11        all      5.05      0.00      1.01      0.00      0.00     93.94
16:44:12        all      5.13      0.00      0.51      0.00      0.00     94.36
16:44:13        all      5.56      0.00      0.51      0.00      0.00     93.94
16:44:14        all     10.61      0.00      2.02      0.00      0.51     86.87
16:44:15        all      5.56      0.00      1.01      0.00      0.00     93.43
16:44:16        all      5.56      0.00      1.01      0.00      0.00     93.43
16:44:17        all      6.06      0.00      0.51      0.00      0.00     93.43
16:44:18        all      5.08      0.00      0.51      0.00      0.00     94.42
16:44:19        all      5.53      0.00      1.51      0.00      0.00     92.96
16:44:20        all      5.58      0.00      0.51      0.00      0.00     93.91
16:44:21        all      5.58      0.00      0.51      0.00      0.00     93.91
16:44:22        all      5.56      0.00      1.01      0.00      0.00     93.43
16:44:23        all      5.56      0.00      1.01      0.00      0.00     93.43
16:44:24        all      5.53      0.00      1.01      0.00      0.00     93.47
16:44:25        all      5.56      0.00      1.52      0.00      0.00     92.93
16:44:26        all      5.56      0.00      1.01      0.00      0.00     93.43
16:44:27        all      5.61      0.00      0.00      0.00      0.00     94.39
16:44:28        all      4.57      0.00      1.02      0.00      0.00     94.42
16:44:29        all     10.71      0.00      1.53      0.00      0.00     87.76
16:44:30        all      4.55      0.00      1.52      0.51      0.51     92.93
16:44:31        all      6.09      0.00      0.51      0.00      0.00     93.40
16:44:32        all      5.56      0.00      1.52      0.00      0.00     92.93
16:44:33        all      5.08      0.00      0.51      0.51      0.00     93.91
16:44:34        all      5.56      0.00      1.01      0.00      0.00     93.43
16:44:35        all      4.59      0.00      1.02      0.00      0.00     94.39
16:44:36        all      6.53      0.00      0.50      0.00      0.00     92.96
16:44:37        all      5.03      0.00      1.51      0.00      0.00     93.47
16:44:38        all      6.09      0.00      0.51      0.00      0.00     93.40
16:44:39        all      4.57      0.00      1.02      0.00      0.00     94.42
16:44:40        all      5.56      0.00      0.51      0.00      0.00     93.94
16:44:41        all      6.09      0.00      0.51      0.00      0.00     93.40
16:44:42        all      4.52      0.00      2.01      0.00      0.00     93.47
16:44:43        all      6.09      0.00      0.00      0.00      0.00     93.91
16:44:44        all     10.10      0.00      2.53      0.00      0.00     87.37
16:44:45        all      5.58      0.00      0.51      0.00      0.51     93.40
16:44:46        all      5.05      0.00      1.01      0.00      0.00     93.94
16:44:47        all      5.05      0.00      1.01      0.00      0.00     93.94
16:44:48        all      5.58      0.00      0.51      0.00      0.00     93.91
16:44:49        all      5.53      0.00      1.51      0.00      0.00     92.96
16:44:50        all      5.10      0.00      0.00      0.00      0.00     94.90
16:44:51        all      6.53      0.00      1.01      0.00      0.50     91.96
16:44:52        all      6.25      0.00      1.44      0.00     11.06     81.25
16:44:53        all      6.67      0.00      0.95      0.00     10.00     82.38
16:44:54        all      5.56      0.00      1.01      0.00      0.00     93.43
16:44:55        all      5.05      0.00      1.01      0.00      0.00     93.94
16:44:56        all      6.53      0.00      1.01      0.00      0.00     92.46
16:44:57        all      5.05      0.00      1.01      0.00      0.00     93.94
16:44:58        all      5.10      0.00      0.51      0.00      0.00     94.39
16:44:59        all     10.55      0.00      2.51      0.00      0.00     86.93
16:45:00        all      4.50      0.00      1.00      0.00      3.50     91.00
16:45:01        all      6.60      0.00      0.51      0.51      0.00     92.39
16:45:02        all      6.40      0.00      1.97      0.00      1.48     90.15
16:45:03        all      5.58      0.00      1.02      0.51      0.00     92.89
16:45:04        all      5.58      0.00      0.51      0.00      0.00     93.91
16:45:05        all      5.13      0.00      0.00      0.00      0.00     94.87
16:45:06        all      5.42      0.00      2.46      0.00      0.49     91.63
16:45:07        all      5.08      0.00      0.51      0.00      0.00     94.42
16:45:08        all      5.13      0.00      0.51      0.00      0.00     94.36
16:45:09        all      5.56      0.00      0.51      0.00      0.00     93.94
16:45:10        all      4.59      0.00      0.51      0.00      0.00     94.90
16:45:11        all      6.06      0.00      1.01      0.00      0.00     92.93
16:45:12        all      4.57      0.00      1.02      0.00      0.00     94.42
16:45:13        all      5.05      0.00      1.01      0.00      0.00     93.94
16:45:14        all     11.11      0.00      2.02      0.00      0.00     86.87
16:45:15        all      8.59      0.00      1.01      0.00      0.00     90.40
16:45:16        all      5.61      0.00      0.00      0.00      0.00     94.39
16:45:17        all      5.58      0.00      1.02      0.00      0.00     93.40
16:45:18        all      5.50      0.00      1.00      0.00      0.00     93.50
16:45:19        all      4.59      0.00      1.02      0.00      0.00     94.39
16:45:20        all      6.57      0.00      0.00      0.00      0.00     93.43
16:45:21        all      4.04      0.00      1.52      0.00      0.00     94.44
16:45:22        all      0.00      0.00      0.50      0.00      0.00     99.50
16:45:23        all      0.00      0.00      0.00      0.00      0.50     99.50
16:45:24        all      1.00      0.00      0.00      0.00      0.00     99.00

Average:        all      5.47      0.00      0.92      0.03      0.29     93.29
