Linux 7.0.0-1008-aws (ip-172-31-20-134) 	08/07/26 	_x86_64_	(2 CPU)

16:43:28    kbmemfree   kbavail kbmemused  %memused kbbuffers  kbcached  kbcommit   %commit  kbactive   kbinact   kbdirty
16:43:29       135740   1303720    365076     18.71     12096   1247476   1627636     83.43    728552    807832       272
16:43:30       135740   1303720    365064     18.71     12096   1247488   1627636     83.43    728552    807832       284
16:43:31       135740   1303720    365064     18.71     12096   1247488   1627636     83.43    728552    807832       284
16:43:32       135740   1303720    365060     18.71     12096   1247492   1627636     83.43    728552    807832       288
16:43:33       135740   1303748    365036     18.71     12120   1247492   1627636     83.43    728660    807860       408
16:43:34       135740   1303760    365036     18.71     12120   1247492   1628792     83.49    730804    807872       408
16:43:35       133976   1302244    366532     18.79     12120   1247760   1642496     84.20    734228    808120       676
16:43:36       133472   1301972    366728     18.80     12120   1248068   1642496     84.20    734628    808352       984
16:43:37       133220   1302116    366680     18.80     12120   1248368   1642592     84.20    734976    808748      1284
16:43:38       132464   1301732    367064     18.82     12120   1248740   1642896     84.22    735844    809120      1656
16:43:39       132212   1301780    366976     18.81     12120   1249080   1642896     84.22    736368    809420      1996
16:43:40       131708   1301624    367172     18.82     12120   1249388   1643120     84.23    736764    809768      2304
16:43:41       131708   1301892    366904     18.81     12120   1249656   1643168     84.23    737244    810036      2572
16:43:42       131708   1302260    366528     18.79     12120   1250032   1643168     84.23    737368    810404      2948
16:43:43       130952   1301672    367036     18.81     12120   1250280   1643168     84.23    737864    810572      3196
16:43:44       130952   1302152    366644     18.79     12120   1250672   1643192     84.23    737880    811052      3588
16:43:45       130952   1302384    366324     18.78     12120   1250992   1643204     84.23    738392    811284      3908
16:43:46       130952   1302648    366076     18.77     12120   1251240   1651584     84.66    738420    811548      4156
16:43:47       130952   1303068    365684     18.75     12120   1251624   1651692     84.67    738668    811960      4540
16:43:48       130448   1302824    365856     18.75     12120   1251944   1651836     84.68    739128    812208      4860
16:43:49       129692   1302448    366344     18.78     12120   1252212   1656016     84.89    739984    812588      5128
16:43:50       129692   1302840    365952     18.76     12120   1252592   1656064     84.89    740140    812968      5508
16:43:51       129188   1302508    366200     18.77     12120   1252840   1656196     84.90    741272    813132      5756
16:43:52       128936   1302648    366044     18.76     12120   1253236   1656224     84.90    741100    813512      6100
16:43:53       120100   1294120    374636     19.20     12120   1253480   1656224     84.90    741232    813820      6344
16:43:54       119596   1294060    374736     19.21     12120   1253872   1656292     84.90    741580    814252      6736
16:43:55       119344   1293972    374736     19.21     12120   1254124   1656304     84.90    741624    814416      6988
16:43:56       119092   1294176    374596     19.20     12120   1254500   1656640     84.92    741720    814856      7368
16:43:57       118840   1294220    374568     19.20     12120   1254772   1656728     84.93    741892    815144      7640
16:43:58       118840   1294576    374180     19.18     12120   1255148   1656728     84.93    742080    815488      8016
16:43:59       118084   1294128    374668     19.21     12120   1255416   1656728     84.93    742172    815796       144
16:44:00       117832   1294284    374512     19.20     12120   1255804   1656728     84.93    742348    816184       468
16:44:01       117832   1294416    374292     19.19     12120   1256024   1656728     84.93    742592    816316       688
16:44:02       117328   1294372    374392     19.19     12120   1256416   1656728     84.93    743132    816764      1080
16:44:03       117328   1294652    374128     19.18     12144   1256656   1656860     84.93    743188    817044      1332
16:44:04       117076   1294744    373992     19.17     12144   1257028   1656860     84.93    743392    817372      1572
16:44:05       117076   1295040    373732     19.16     12144   1257288   1656876     84.93    743512    817668      1832
16:44:06       116068   1294452    374340     19.19     12144   1257676   1661288     85.16    744920    818076      2220
16:44:07       115312   1293968    374828     19.21     12144   1257936   1661324     85.16    746064    818340      2480
16:44:08       115060   1293936    374760     19.21     12144   1258252   1661324     85.16    746100    818556      2796
16:44:09       115060   1294396    374372     19.19     12144   1258628   1661324     85.16    746104    819004      3172
16:44:10       115060   1294688    374108     19.18     12144   1258892   1661396     85.17    746228    819296      3436
16:44:11       114808   1294680    374028     19.17     12144   1259208   1661396     85.17    746288    819524      3752
16:44:12       114556   1294776    373892     19.17     12144   1259584   1661448     85.17    746364    819860      4128
16:44:13       114052   1294648    374136     19.18     12144   1259840   1661740     85.18    746492    820232      4384
16:44:14       112288   1293276    375496     19.25     12144   1260232   1661740     85.18    746700    820612      4776
16:44:15       112288   1293444    375252     19.24     12144   1260476   1661740     85.18    746700    820780      5020
16:44:16       112288   1293812    374832     19.21     12144   1260876   1661740     85.18    746792    821128      5420
16:44:17       112288   1294104    374588     19.20     12144   1261120   1661740     85.18    746792    821420      5664
16:44:18       112036   1294308    374448     19.19     12144   1261500   1661740     85.18    746924    821864      6044
16:44:19       111280   1293852    374936     19.22     12144   1261768   1661760     85.18    747536    822164      6312
16:44:20       111280   1294144    374544     19.20     12144   1262140   1661760     85.18    747592    822436      6684
16:44:21       110776   1294004    374788     19.21     12144   1262400   1661888     85.19    749384    822800      6944
16:44:22       110524   1294124    374640     19.20     12144   1262788   1661888     85.19    749472    823160      7332
16:44:23       110524   1294364    374392     19.19     12144   1263032   1661968     85.19    749528    823396      7576
16:44:24       110272   1294488    374232     19.18     12144   1263432   1662088     85.20    749616    823760      7976
16:44:25       102872   1287404    381388     19.55     12144   1263676   1662192     85.21    749964    824076      8220
16:44:26       102872   1287728    380964     19.53     12144   1264080   1662192     85.21    749988    824380      8624
16:44:27       102872   1288068    380632     19.51     12144   1264408   1662192     85.21    749988    824716      8952
16:44:28       102872   1288444    380248     19.49     12144   1264780   1662192     85.21    750008    825080      9272
16:44:29       101864   1287772    380988     19.53     12144   1265040   1662220     85.21    750048    825408      9536
16:44:30       101612   1287804    380904     19.53     12148   1265372   1662220     85.21    750108    825692       272
16:44:31       101360   1287968    380820     19.52     12148   1265688   1662220     85.21    750164    826088       600
16:44:32       101360   1288304    380492     19.50     12148   1266016   1662220     85.21    750164    826424       928
16:44:33       101360   1288648    380136     19.49     12176   1266332   1662244     85.21    750488    826756      1316
16:44:34       101108   1288720    380060     19.48     12176   1266660   1666368     85.42    751576    827080      1644
16:44:35       101108   1289020    379652     19.46     12176   1267052   1666424     85.42    751616    827364      2036
16:44:36       100856   1289056    379648     19.46     12176   1267308   1666488     85.43    751620    827652      2292
16:44:37       100604   1289220    379512     19.45     12176   1267684   1666488     85.43    751752    828056      2668
16:44:38        99596   1288472    380240     19.49     12176   1267956   1666664     85.44    753408    828308      2940
16:44:39        99344   1288604    380100     19.48     12176   1268328   1666664     85.44    753780    828672      3312
16:44:40        99092   1288688    380080     19.48     12176   1268600   1666664     85.44    753780    829008      3584
16:44:41        98588   1288504    380196     19.49     12176   1268976   1666664     85.44    753840    829316      3960
16:44:42        98588   1288800    379920     19.48     12176   1269248   1666664     85.44    753840    829608      4232
16:44:43        98336   1288912    379788     19.47     12176   1269620   1666664     85.44    754064    829960      4604
16:44:44        98084   1288940    379768     19.47     12176   1269892   1666664     85.44    753928    830240      4876
16:44:45        98084   1289360    379376     19.45     12176   1270272   1666664     85.44    754044    830648      5256
16:44:46        98084   1289712    379096     19.43     12176   1270544   1666664     85.44    754076    830992      5528
16:44:47        98084   1289968    378792     19.42     12176   1270836   1666664     85.44    754076    831236      5820
16:44:48        98084   1290236    378464     19.40     12176   1271164   1667036     85.45    754140    831504      6148
16:44:49        97832   1290388    378380     19.40     12176   1271480   1667036     85.45    754788    831888      6464
16:44:50        97580   1290344    378304     19.39     12176   1271808   1667120     85.46    754788    832096      6792
16:44:51        97328   1290540    378232     19.39     12176   1272116   1667120     85.46    754892    832528      7100
16:44:52        96824   1290216    378484     19.40     12176   1272368   1667120     85.46    754960    832708      7352
16:44:53        94556   1288432    380332     19.50     12176   1272776   1671296     85.67    756884    833180      7760
16:44:54        94052   1288212    380580     19.51     12176   1273032   1671296     85.67    757184    833464      8016
16:44:55        93800   1288276    380420     19.50     12176   1273424   1671296     85.67    757296    833760      8408
16:44:56        93296   1288108    380668     19.51     12176   1273680   1671296     85.67    757296    834096      8664
16:44:57        88564   1283716    384996     19.74     12176   1274068   1671296     85.67    757320    834420      9052
16:44:58        88312   1283800    384992     19.74     12176   1274324   1671296     85.67    757320    834756      9308
16:44:59        86800   1282600    386088     19.79     12176   1274720   1671296     85.67    757532    835048      9704
16:45:00        86548   1282600    386084     19.79     12176   1274976   1671296     85.67    757532    835300      9876
16:45:01        86044   1282476    386212     19.80     12180   1275336   1671296     85.67    757576    835668       392
16:45:02        85792   1282484    386212     19.80     12180   1275588   1671368     85.68    757608    835928       652
16:45:03        85288   1282420    386312     19.80     12208   1275944   1671368     85.68    757720    836348       936
16:45:04        85036   1282428    386304     19.80     12208   1276204   1671512     85.68    757960    836608      1196
16:45:05        84532   1282304    386412     19.81     12208   1276588   1671552     85.69    758084    836976      1580
16:45:06        84280   1282388    386408     19.81     12208   1276844   1671552     85.69    758084    837312      1836
16:45:07        83524   1281996    386760     19.83     12208   1277232   1671612     85.69    758640    837660      2224
16:45:08        82264   1280948    387764     19.88     12208   1277488   1675776     85.90    760332    837872      2480
16:45:09        82264   1281384    387344     19.86     12208   1277888   1675776     85.90    760368    838288      2880
16:45:10        82264   1281552    387172     19.85     12208   1278060   1675776     85.90    760452    838456      3052
16:45:11        82264   1281976    386696     19.82     12208   1278524   1675788     85.90    760532    838868      3516
16:45:12        82264   1282228    386440     19.81     12208   1278780   1675788     85.90    760532    839120      3772
16:45:13        82264   1282712    386048     19.79     12208   1279152   1675788     85.90    760560    839584      4144
16:45:14        82012   1282668    386036     19.79     12208   1279416   1675788     85.90    760712    839792      4408
16:45:15        82012   1283128    385636     19.77     12208   1279800   1675788     85.90    760644    840236      4792
16:45:16        82012   1283296    385372     19.75     12208   1280064   1675788     85.90    760644    840404      5056
16:45:17        82012   1283732    385004     19.74     12208   1280420   1675840     85.91    761004    840828      5412
16:45:18        82012   1283960    384744     19.72     12208   1280680   1675840     85.91    761108    841056      5672
16:45:19        81004   1283408    385356     19.75     12208   1281056   1675840     85.91    761744    841492      6048
16:45:20        80500   1283176    385528     19.76     12208   1281380   1675904     85.91    761852    841756      6372
16:45:21        80248   1283092    385520     19.76     12208   1281640   1675904     85.91    761852    841924      6632
16:45:22        80248   1283176    385476     19.76     12208   1281672   1675904     85.91    761860    841996      6664
16:45:23        80248   1283176    385476     19.76     12208   1281672   1675904     85.91    761860    841996      6664
16:45:24        80248   1283176    385476     19.76     12208   1281672   1675904     85.91    761860    841996      6664

Average:       106592   1291709    377029     19.33     12157   1264270   1661329     85.16    748895    824630      4376
