Linux 7.0.0-1008-aws (ip-172-31-20-134) 	08/07/26 	_x86_64_	(2 CPU)

16:43:28        IFACE   rxpck/s   txpck/s    rxkB/s    txkB/s   rxcmp/s   txcmp/s  rxmcst/s   %ifutil
16:43:29         ens5     39.00     32.00      3.81      4.31      0.00      0.00      0.00      0.00

16:43:29        IFACE   rxpck/s   txpck/s    rxkB/s    txkB/s   rxcmp/s   txcmp/s  rxmcst/s   %ifutil
16:43:30         ens5      4.00      2.00      0.34      0.27      0.00      0.00      0.00      0.00

16:43:30        IFACE   rxpck/s   txpck/s    rxkB/s    txkB/s   rxcmp/s   txcmp/s  rxmcst/s   %ifutil
16:43:31         ens5      0.00      0.00      0.00      0.00      0.00      0.00      0.00      0.00

16:43:31        IFACE   rxpck/s   txpck/s    rxkB/s    txkB/s   rxcmp/s   txcmp/s  rxmcst/s   %ifutil
16:43:32         ens5      0.00      0.00      0.00      0.00      0.00      0.00      0.00      0.00

16:43:32        IFACE   rxpck/s   txpck/s    rxkB/s    txkB/s   rxcmp/s   txcmp/s  rxmcst/s   %ifutil
16:43:33         ens5      0.00      0.00      0.00      0.00      0.00      0.00      0.00      0.00

16:43:33        IFACE   rxpck/s   txpck/s    rxkB/s    txkB/s   rxcmp/s   txcmp/s  rxmcst/s   %ifutil
16:43:34         ens5     46.00     54.00     21.42     13.39      0.00      0.00      0.00      0.00

16:43:34        IFACE   rxpck/s   txpck/s    rxkB/s    txkB/s   rxcmp/s   txcmp/s  rxmcst/s   %ifutil
16:43:35         ens5    328.00    276.00    223.58    122.24      0.00      0.00      0.00      0.00

16:43:35        IFACE   rxpck/s   txpck/s    rxkB/s    txkB/s   rxcmp/s   txcmp/s  rxmcst/s   %ifutil
16:43:36         ens5    287.00    243.00    177.62    112.57      0.00      0.00      0.00      0.00

16:43:36        IFACE   rxpck/s   txpck/s    rxkB/s    txkB/s   rxcmp/s   txcmp/s  rxmcst/s   %ifutil
16:43:37         ens5    284.00    252.00    177.35    113.94      0.00      0.00      0.00      0.00

16:43:37        IFACE   rxpck/s   txpck/s    rxkB/s    txkB/s   rxcmp/s   txcmp/s  rxmcst/s   %ifutil
16:43:38         ens5    308.00    265.00    195.85    121.40      0.00      0.00      0.00      0.00

16:43:38        IFACE   rxpck/s   txpck/s    rxkB/s    txkB/s   rxcmp/s   txcmp/s  rxmcst/s   %ifutil
16:43:39         ens5    286.00    250.00    177.78    114.62      0.00      0.00      0.00      0.00

16:43:39        IFACE   rxpck/s   txpck/s    rxkB/s    txkB/s   rxcmp/s   txcmp/s  rxmcst/s   %ifutil
16:43:40         ens5    295.00    258.00    195.15    120.98      0.00      0.00      0.00      0.00

16:43:40        IFACE   rxpck/s   txpck/s    rxkB/s    txkB/s   rxcmp/s   txcmp/s  rxmcst/s   %ifutil
16:43:41         ens5    291.00    249.00    177.85    112.94      0.00      0.00      0.00      0.00

16:43:41        IFACE   rxpck/s   txpck/s    rxkB/s    txkB/s   rxcmp/s   txcmp/s  rxmcst/s   %ifutil
16:43:42         ens5    288.00    247.00    177.55    113.61      0.00      0.00      0.00      0.00

16:43:42        IFACE   rxpck/s   txpck/s    rxkB/s    txkB/s   rxcmp/s   txcmp/s  rxmcst/s   %ifutil
16:43:43         ens5    298.00    261.00    195.32    121.14      0.00      0.00      0.00      0.00

16:43:43        IFACE   rxpck/s   txpck/s    rxkB/s    txkB/s   rxcmp/s   txcmp/s  rxmcst/s   %ifutil
16:43:44         ens5    292.00    250.00    177.87    113.01      0.00      0.00      0.00      0.00

16:43:44        IFACE   rxpck/s   txpck/s    rxkB/s    txkB/s   rxcmp/s   txcmp/s  rxmcst/s   %ifutil
16:43:45         ens5    288.00    251.00    179.01    114.05      0.00      0.00      0.00      0.00

16:43:45        IFACE   rxpck/s   txpck/s    rxkB/s    txkB/s   rxcmp/s   txcmp/s  rxmcst/s   %ifutil
16:43:46         ens5    292.00    247.00    193.57    112.07      0.00      0.00      0.00      0.00

16:43:46        IFACE   rxpck/s   txpck/s    rxkB/s    txkB/s   rxcmp/s   txcmp/s  rxmcst/s   %ifutil
16:43:47         ens5    290.00    259.00    177.82    121.69      0.00      0.00      0.00      0.00

16:43:47        IFACE   rxpck/s   txpck/s    rxkB/s    txkB/s   rxcmp/s   txcmp/s  rxmcst/s   %ifutil
16:43:48         ens5    300.00    254.00    193.05    114.26      0.00      0.00      0.00      0.00

16:43:48        IFACE   rxpck/s   txpck/s    rxkB/s    txkB/s   rxcmp/s   txcmp/s  rxmcst/s   %ifutil
16:43:49         ens5    293.00    256.00    180.25    120.71      0.00      0.00      0.00      0.00

16:43:49        IFACE   rxpck/s   txpck/s    rxkB/s    txkB/s   rxcmp/s   txcmp/s  rxmcst/s   %ifutil
16:43:50         ens5    285.15    247.52    177.59    113.68      0.00      0.00      0.00      0.00

16:43:50        IFACE   rxpck/s   txpck/s    rxkB/s    txkB/s   rxcmp/s   txcmp/s  rxmcst/s   %ifutil
16:43:51         ens5    305.00    258.00    194.28    120.83      0.00      0.00      0.00      0.00

16:43:51        IFACE   rxpck/s   txpck/s    rxkB/s    txkB/s   rxcmp/s   txcmp/s  rxmcst/s   %ifutil
16:43:52         ens5    288.00    249.00    177.93    114.61      0.00      0.00      0.00      0.00

16:43:52        IFACE   rxpck/s   txpck/s    rxkB/s    txkB/s   rxcmp/s   txcmp/s  rxmcst/s   %ifutil
16:43:53         ens5    296.00    248.00    195.23    112.31      0.00      0.00      0.00      0.00

16:43:53        IFACE   rxpck/s   txpck/s    rxkB/s    txkB/s   rxcmp/s   txcmp/s  rxmcst/s   %ifutil
16:43:54         ens5    291.00    261.00    177.88    121.82      0.00      0.00      0.00      0.00

16:43:54        IFACE   rxpck/s   txpck/s    rxkB/s    txkB/s   rxcmp/s   txcmp/s  rxmcst/s   %ifutil
16:43:55         ens5    290.00    250.00    179.13    114.03      0.00      0.00      0.00      0.00

16:43:55        IFACE   rxpck/s   txpck/s    rxkB/s    txkB/s   rxcmp/s   txcmp/s  rxmcst/s   %ifutil
16:43:56         ens5    306.00    260.00    194.32    120.97      0.00      0.00      0.00      0.00

16:43:56        IFACE   rxpck/s   txpck/s    rxkB/s    txkB/s   rxcmp/s   txcmp/s  rxmcst/s   %ifutil
16:43:57         ens5    290.00    253.00    179.46    115.00      0.00      0.00      0.00      0.00

16:43:57        IFACE   rxpck/s   txpck/s    rxkB/s    txkB/s   rxcmp/s   txcmp/s  rxmcst/s   %ifutil
16:43:58         ens5    304.00    259.00    194.22    120.90      0.00      0.00      0.00      0.00

16:43:58        IFACE   rxpck/s   txpck/s    rxkB/s    txkB/s   rxcmp/s   txcmp/s  rxmcst/s   %ifutil
16:43:59         ens5    289.00    252.00    179.41    114.95      0.00      0.00      0.00      0.00

16:43:59        IFACE   rxpck/s   txpck/s    rxkB/s    txkB/s   rxcmp/s   txcmp/s  rxmcst/s   %ifutil
16:44:00         ens5    260.00    217.00    171.27     99.74      0.00      0.00      0.00      0.00

16:44:00        IFACE   rxpck/s   txpck/s    rxkB/s    txkB/s   rxcmp/s   txcmp/s  rxmcst/s   %ifutil
16:44:01         ens5    291.00    257.00    180.13    120.76      0.00      0.00      0.00      0.00

16:44:01        IFACE   rxpck/s   txpck/s    rxkB/s    txkB/s   rxcmp/s   txcmp/s  rxmcst/s   %ifutil
16:44:02         ens5    281.00    242.00    176.99    111.73      0.00      0.00      0.00      0.00

16:44:02        IFACE   rxpck/s   txpck/s    rxkB/s    txkB/s   rxcmp/s   txcmp/s  rxmcst/s   %ifutil
16:44:03         ens5    289.00    246.00    177.95    112.79      0.00      0.00      0.00      0.00

16:44:03        IFACE   rxpck/s   txpck/s    rxkB/s    txkB/s   rxcmp/s   txcmp/s  rxmcst/s   %ifutil
16:44:04         ens5    295.00    250.00    192.58    114.01      0.00      0.00      0.00      0.00

16:44:04        IFACE   rxpck/s   txpck/s    rxkB/s    txkB/s   rxcmp/s   txcmp/s  rxmcst/s   %ifutil
16:44:05         ens5    297.00    261.00    180.78    121.83      0.00      0.00      0.00      0.00

16:44:05        IFACE   rxpck/s   txpck/s    rxkB/s    txkB/s   rxcmp/s   txcmp/s  rxmcst/s   %ifutil
16:44:06         ens5    299.00    249.00    193.00    113.96      0.00      0.00      0.00      0.00

16:44:06        IFACE   rxpck/s   txpck/s    rxkB/s    txkB/s   rxcmp/s   txcmp/s  rxmcst/s   %ifutil
16:44:07         ens5    294.00    257.00    180.30    120.79      0.00      0.00      0.00      0.00

16:44:07        IFACE   rxpck/s   txpck/s    rxkB/s    txkB/s   rxcmp/s   txcmp/s  rxmcst/s   %ifutil
16:44:08         ens5    288.00    248.00    177.93    114.54      0.00      0.00      0.00      0.00

16:44:08        IFACE   rxpck/s   txpck/s    rxkB/s    txkB/s   rxcmp/s   txcmp/s  rxmcst/s   %ifutil
16:44:09         ens5    296.00    250.00    195.23    112.42      0.00      0.00      0.00      0.00

16:44:09        IFACE   rxpck/s   txpck/s    rxkB/s    txkB/s   rxcmp/s   txcmp/s  rxmcst/s   %ifutil
16:44:10         ens5    282.00    251.00    177.04    120.36      0.00      0.00      0.00      0.00

16:44:10        IFACE   rxpck/s   txpck/s    rxkB/s    txkB/s   rxcmp/s   txcmp/s  rxmcst/s   %ifutil
16:44:11         ens5    293.00    250.00    178.20    113.04      0.00      0.00      0.00      0.00

16:44:11        IFACE   rxpck/s   txpck/s    rxkB/s    txkB/s   rxcmp/s   txcmp/s  rxmcst/s   %ifutil
16:44:12         ens5    294.00    249.00    192.53    113.96      0.00      0.00      0.00      0.00

16:44:12        IFACE   rxpck/s   txpck/s    rxkB/s    txkB/s   rxcmp/s   txcmp/s  rxmcst/s   %ifutil
16:44:13         ens5    291.00    255.00    180.14    120.66      0.00      0.00      0.00      0.00

16:44:13        IFACE   rxpck/s   txpck/s    rxkB/s    txkB/s   rxcmp/s   txcmp/s  rxmcst/s   %ifutil
16:44:14         ens5    286.00    250.00    177.81    114.65      0.00      0.00      0.00      0.00

16:44:14        IFACE   rxpck/s   txpck/s    rxkB/s    txkB/s   rxcmp/s   txcmp/s  rxmcst/s   %ifutil
16:44:15         ens5    297.00    256.00    195.28    120.88      0.00      0.00      0.00      0.00

16:44:15        IFACE   rxpck/s   txpck/s    rxkB/s    txkB/s   rxcmp/s   txcmp/s  rxmcst/s   %ifutil
16:44:16         ens5    292.00    252.00    177.59    112.35      0.00      0.00      0.00      0.00

16:44:16        IFACE   rxpck/s   txpck/s    rxkB/s    txkB/s   rxcmp/s   txcmp/s  rxmcst/s   %ifutil
16:44:17         ens5    290.00    251.00    178.00    114.67      0.00      0.00      0.00      0.00

16:44:17        IFACE   rxpck/s   txpck/s    rxkB/s    txkB/s   rxcmp/s   txcmp/s  rxmcst/s   %ifutil
16:44:18         ens5    299.00    261.00    195.40    121.18      0.00      0.00      0.00      0.00

16:44:18        IFACE   rxpck/s   txpck/s    rxkB/s    txkB/s   rxcmp/s   txcmp/s  rxmcst/s   %ifutil
16:44:19         ens5    289.00    247.00    177.75    112.87      0.00      0.00      0.00      0.00

16:44:19        IFACE   rxpck/s   txpck/s    rxkB/s    txkB/s   rxcmp/s   txcmp/s  rxmcst/s   %ifutil
16:44:20         ens5    297.00    252.00    192.90    114.16      0.00      0.00      0.00      0.00

16:44:20        IFACE   rxpck/s   txpck/s    rxkB/s    txkB/s   rxcmp/s   txcmp/s  rxmcst/s   %ifutil
16:44:21         ens5    296.00    261.00    180.73    121.02      0.00      0.00      0.00      0.00

16:44:21        IFACE   rxpck/s   txpck/s    rxkB/s    txkB/s   rxcmp/s   txcmp/s  rxmcst/s   %ifutil
16:44:22         ens5    287.00    250.00    178.98    114.81      0.00      0.00      0.00      0.00

16:44:22        IFACE   rxpck/s   txpck/s    rxkB/s    txkB/s   rxcmp/s   txcmp/s  rxmcst/s   %ifutil
16:44:23         ens5    301.00    261.00    194.07    121.02      0.00      0.00      0.00      0.00

16:44:23        IFACE   rxpck/s   txpck/s    rxkB/s    txkB/s   rxcmp/s   txcmp/s  rxmcst/s   %ifutil
16:44:24         ens5    288.00    250.00    177.92    113.07      0.00      0.00      0.00      0.00

16:44:24        IFACE   rxpck/s   txpck/s    rxkB/s    txkB/s   rxcmp/s   txcmp/s  rxmcst/s   %ifutil
16:44:25         ens5    298.00    261.00    195.33    122.82      0.00      0.00      0.00      0.00

16:44:25        IFACE   rxpck/s   txpck/s    rxkB/s    txkB/s   rxcmp/s   txcmp/s  rxmcst/s   %ifutil
16:44:26         ens5    295.00    252.00    178.29    113.17      0.00      0.00      0.00      0.00

16:44:26        IFACE   rxpck/s   txpck/s    rxkB/s    txkB/s   rxcmp/s   txcmp/s  rxmcst/s   %ifutil
16:44:27         ens5    284.00    253.00    178.60    114.22      0.00      0.00      0.00      0.00

16:44:27        IFACE   rxpck/s   txpck/s    rxkB/s    txkB/s   rxcmp/s   txcmp/s  rxmcst/s   %ifutil
16:44:28         ens5    298.00    257.00    193.92    120.78      0.00      0.00      0.00      0.00

16:44:28        IFACE   rxpck/s   txpck/s    rxkB/s    txkB/s   rxcmp/s   txcmp/s  rxmcst/s   %ifutil
16:44:29         ens5    291.00    251.00    178.05    114.72      0.00      0.00      0.00      0.00

16:44:29        IFACE   rxpck/s   txpck/s    rxkB/s    txkB/s   rxcmp/s   txcmp/s  rxmcst/s   %ifutil
16:44:30         ens5    309.00    263.00    195.91    121.35      0.00      0.00      0.00      0.00

16:44:30        IFACE   rxpck/s   txpck/s    rxkB/s    txkB/s   rxcmp/s   txcmp/s  rxmcst/s   %ifutil
16:44:31         ens5    285.00    255.00    177.75    114.97      0.00      0.00      0.00      0.00

16:44:31        IFACE   rxpck/s   txpck/s    rxkB/s    txkB/s   rxcmp/s   txcmp/s  rxmcst/s   %ifutil
16:44:32         ens5    302.00    262.00    195.58    121.28      0.00      0.00      0.00      0.00

16:44:32        IFACE   rxpck/s   txpck/s    rxkB/s    txkB/s   rxcmp/s   txcmp/s  rxmcst/s   %ifutil
16:44:33         ens5    290.00    248.00    177.99    112.90      0.00      0.00      0.00      0.00

16:44:33        IFACE   rxpck/s   txpck/s    rxkB/s    txkB/s   rxcmp/s   txcmp/s  rxmcst/s   %ifutil
16:44:34         ens5    297.00    254.00    192.67    114.27      0.00      0.00      0.00      0.00

16:44:34        IFACE   rxpck/s   txpck/s    rxkB/s    txkB/s   rxcmp/s   txcmp/s  rxmcst/s   %ifutil
16:44:35         ens5    295.00    262.00    180.33    121.10      0.00      0.00      0.00      0.00

16:44:35        IFACE   rxpck/s   txpck/s    rxkB/s    txkB/s   rxcmp/s   txcmp/s  rxmcst/s   %ifutil
16:44:36         ens5    286.00    250.00    177.80    114.65      0.00      0.00      0.00      0.00

16:44:36        IFACE   rxpck/s   txpck/s    rxkB/s    txkB/s   rxcmp/s   txcmp/s  rxmcst/s   %ifutil
16:44:37         ens5    304.00    262.00    195.68    121.27      0.00      0.00      0.00      0.00

16:44:37        IFACE   rxpck/s   txpck/s    rxkB/s    txkB/s   rxcmp/s   txcmp/s  rxmcst/s   %ifutil
16:44:38         ens5    288.00    250.00    177.89    114.64      0.00      0.00      0.00      0.00

16:44:38        IFACE   rxpck/s   txpck/s    rxkB/s    txkB/s   rxcmp/s   txcmp/s  rxmcst/s   %ifutil
16:44:39         ens5    299.00    263.00    195.37    121.32      0.00      0.00      0.00      0.00

16:44:39        IFACE   rxpck/s   txpck/s    rxkB/s    txkB/s   rxcmp/s   txcmp/s  rxmcst/s   %ifutil
16:44:40         ens5    294.00    252.00    178.26    114.79      0.00      0.00      0.00      0.00

16:44:40        IFACE   rxpck/s   txpck/s    rxkB/s    txkB/s   rxcmp/s   txcmp/s  rxmcst/s   %ifutil
16:44:41         ens5    302.00    262.00    195.60    121.30      0.00      0.00      0.00      0.00

16:44:41        IFACE   rxpck/s   txpck/s    rxkB/s    txkB/s   rxcmp/s   txcmp/s  rxmcst/s   %ifutil
16:44:42         ens5    288.00    249.00    177.89    112.98      0.00      0.00      0.00      0.00

16:44:42        IFACE   rxpck/s   txpck/s    rxkB/s    txkB/s   rxcmp/s   txcmp/s  rxmcst/s   %ifutil
16:44:43         ens5    298.00    261.00    195.37    122.80      0.00      0.00      0.00      0.00

16:44:43        IFACE   rxpck/s   txpck/s    rxkB/s    txkB/s   rxcmp/s   txcmp/s  rxmcst/s   %ifutil
16:44:44         ens5    292.00    251.00    178.12    113.13      0.00      0.00      0.00      0.00

16:44:44        IFACE   rxpck/s   txpck/s    rxkB/s    txkB/s   rxcmp/s   txcmp/s  rxmcst/s   %ifutil
16:44:45         ens5    305.00    265.00    195.74    123.09      0.00      0.00      0.00      0.00

16:44:45        IFACE   rxpck/s   txpck/s    rxkB/s    txkB/s   rxcmp/s   txcmp/s  rxmcst/s   %ifutil
16:44:46         ens5    286.00    239.00    177.64    112.33      0.00      0.00      0.00      0.00

16:44:46        IFACE   rxpck/s   txpck/s    rxkB/s    txkB/s   rxcmp/s   txcmp/s  rxmcst/s   %ifutil
16:44:47         ens5    285.00    247.00    178.80    113.84      0.00      0.00      0.00      0.00

16:44:47        IFACE   rxpck/s   txpck/s    rxkB/s    txkB/s   rxcmp/s   txcmp/s  rxmcst/s   %ifutil
16:44:48         ens5    299.00    261.00    193.97    121.04      0.00      0.00      0.00      0.00

16:44:48        IFACE   rxpck/s   txpck/s    rxkB/s    txkB/s   rxcmp/s   txcmp/s  rxmcst/s   %ifutil
16:44:49         ens5    288.00    245.00    177.90    114.33      0.00      0.00      0.00      0.00

16:44:49        IFACE   rxpck/s   txpck/s    rxkB/s    txkB/s   rxcmp/s   txcmp/s  rxmcst/s   %ifutil
16:44:50         ens5    297.00    251.00    195.27    112.50      0.00      0.00      0.00      0.00

16:44:50        IFACE   rxpck/s   txpck/s    rxkB/s    txkB/s   rxcmp/s   txcmp/s  rxmcst/s   %ifutil
16:44:51         ens5    292.00    258.00    177.92    120.83      0.00      0.00      0.00      0.00

16:44:51        IFACE   rxpck/s   txpck/s    rxkB/s    txkB/s   rxcmp/s   txcmp/s  rxmcst/s   %ifutil
16:44:52         ens5    270.00    236.00    176.05    111.30      0.00      0.00      0.00      0.00

16:44:52        IFACE   rxpck/s   txpck/s    rxkB/s    txkB/s   rxcmp/s   txcmp/s  rxmcst/s   %ifutil
16:44:53         ens5    266.00    224.00    158.75    102.29      0.00      0.00      0.00      0.00

16:44:53        IFACE   rxpck/s   txpck/s    rxkB/s    txkB/s   rxcmp/s   txcmp/s  rxmcst/s   %ifutil
16:44:54         ens5    304.00    264.00    195.68    121.41      0.00      0.00      0.00      0.00

16:44:54        IFACE   rxpck/s   txpck/s    rxkB/s    txkB/s   rxcmp/s   txcmp/s  rxmcst/s   %ifutil
16:44:55         ens5    291.00    253.00    179.51    115.01      0.00      0.00      0.00      0.00

16:44:55        IFACE   rxpck/s   txpck/s    rxkB/s    txkB/s   rxcmp/s   txcmp/s  rxmcst/s   %ifutil
16:44:56         ens5    299.00    256.00    193.97    120.72      0.00      0.00      0.00      0.00

16:44:56        IFACE   rxpck/s   txpck/s    rxkB/s    txkB/s   rxcmp/s   txcmp/s  rxmcst/s   %ifutil
16:44:57         ens5    289.00    246.00    177.96    112.81      0.00      0.00      0.00      0.00

16:44:57        IFACE   rxpck/s   txpck/s    rxkB/s    txkB/s   rxcmp/s   txcmp/s  rxmcst/s   %ifutil
16:44:58         ens5    295.00    247.00    192.58    113.82      0.00      0.00      0.00      0.00

16:44:58        IFACE   rxpck/s   txpck/s    rxkB/s    txkB/s   rxcmp/s   txcmp/s  rxmcst/s   %ifutil
16:44:59         ens5    290.00    259.00    180.10    120.92      0.00      0.00      0.00      0.00

16:44:59        IFACE   rxpck/s   txpck/s    rxkB/s    txkB/s   rxcmp/s   txcmp/s  rxmcst/s   %ifutil
16:45:00         ens5    281.00    245.00    176.98    111.90      0.00      0.00      0.00      0.00

16:45:00        IFACE   rxpck/s   txpck/s    rxkB/s    txkB/s   rxcmp/s   txcmp/s  rxmcst/s   %ifutil
16:45:01         ens5    284.00    249.00    177.47    112.97      0.00      0.00      0.00      0.00

16:45:01        IFACE   rxpck/s   txpck/s    rxkB/s    txkB/s   rxcmp/s   txcmp/s  rxmcst/s   %ifutil
16:45:02         ens5    280.00    240.00    176.58    110.78      0.00      0.00      0.00      0.00

16:45:02        IFACE   rxpck/s   txpck/s    rxkB/s    txkB/s   rxcmp/s   txcmp/s  rxmcst/s   %ifutil
16:45:03         ens5    287.00    250.00    177.86    114.63      0.00      0.00      0.00      0.00

16:45:03        IFACE   rxpck/s   txpck/s    rxkB/s    txkB/s   rxcmp/s   txcmp/s  rxmcst/s   %ifutil
16:45:04         ens5    301.00    260.00    195.53    121.15      0.00      0.00      0.00      0.00

16:45:04        IFACE   rxpck/s   txpck/s    rxkB/s    txkB/s   rxcmp/s   txcmp/s  rxmcst/s   %ifutil
16:45:05         ens5    286.00    245.00    177.57    112.70      0.00      0.00      0.00      0.00

16:45:05        IFACE   rxpck/s   txpck/s    rxkB/s    txkB/s   rxcmp/s   txcmp/s  rxmcst/s   %ifutil
16:45:06         ens5    286.00    257.00    178.93    114.48      0.00      0.00      0.00      0.00

16:45:06        IFACE   rxpck/s   txpck/s    rxkB/s    txkB/s   rxcmp/s   txcmp/s  rxmcst/s   %ifutil
16:45:07         ens5    306.00    260.00    194.32    120.95      0.00      0.00      0.00      0.00

16:45:07        IFACE   rxpck/s   txpck/s    rxkB/s    txkB/s   rxcmp/s   txcmp/s  rxmcst/s   %ifutil
16:45:08         ens5    285.00    250.00    177.75    114.65      0.00      0.00      0.00      0.00

16:45:08        IFACE   rxpck/s   txpck/s    rxkB/s    txkB/s   rxcmp/s   txcmp/s  rxmcst/s   %ifutil
16:45:09         ens5    302.00    263.00    195.57    121.34      0.00      0.00      0.00      0.00

16:45:09        IFACE   rxpck/s   txpck/s    rxkB/s    txkB/s   rxcmp/s   txcmp/s  rxmcst/s   %ifutil
16:45:10         ens5    289.00    248.00    177.94    112.91      0.00      0.00      0.00      0.00

16:45:10        IFACE   rxpck/s   txpck/s    rxkB/s    txkB/s   rxcmp/s   txcmp/s  rxmcst/s   %ifutil
16:45:11         ens5    298.00    251.00    195.33    114.11      0.00      0.00      0.00      0.00

16:45:11        IFACE   rxpck/s   txpck/s    rxkB/s    txkB/s   rxcmp/s   txcmp/s  rxmcst/s   %ifutil
16:45:12         ens5    290.00    254.00    177.49    120.56      0.00      0.00      0.00      0.00

16:45:12        IFACE   rxpck/s   txpck/s    rxkB/s    txkB/s   rxcmp/s   txcmp/s  rxmcst/s   %ifutil
16:45:13         ens5    287.00    248.00    177.88    114.54      0.00      0.00      0.00      0.00

16:45:13        IFACE   rxpck/s   txpck/s    rxkB/s    txkB/s   rxcmp/s   txcmp/s  rxmcst/s   %ifutil
16:45:14         ens5    298.00    252.00    195.32    112.56      0.00      0.00      0.00      0.00

16:45:14        IFACE   rxpck/s   txpck/s    rxkB/s    txkB/s   rxcmp/s   txcmp/s  rxmcst/s   %ifutil
16:45:15         ens5    291.00    251.00    177.54    120.35      0.00      0.00      0.00      0.00

16:45:15        IFACE   rxpck/s   txpck/s    rxkB/s    txkB/s   rxcmp/s   txcmp/s  rxmcst/s   %ifutil
16:45:16         ens5    285.00    248.00    177.75    114.52      0.00      0.00      0.00      0.00

16:45:16        IFACE   rxpck/s   txpck/s    rxkB/s    txkB/s   rxcmp/s   txcmp/s  rxmcst/s   %ifutil
16:45:17         ens5    283.00    244.00    178.54    112.02      0.00      0.00      0.00      0.00

16:45:17        IFACE   rxpck/s   txpck/s    rxkB/s    txkB/s   rxcmp/s   txcmp/s  rxmcst/s   %ifutil
16:45:18         ens5    298.00    254.00    193.93    120.59      0.00      0.00      0.00      0.00

16:45:18        IFACE   rxpck/s   txpck/s    rxkB/s    txkB/s   rxcmp/s   txcmp/s  rxmcst/s   %ifutil
16:45:19         ens5    284.00    245.00    177.47    112.71      0.00      0.00      0.00      0.00

16:45:19        IFACE   rxpck/s   txpck/s    rxkB/s    txkB/s   rxcmp/s   txcmp/s  rxmcst/s   %ifutil
16:45:20         ens5    298.00    257.00    192.95    114.48      0.00      0.00      0.00      0.00

16:45:20        IFACE   rxpck/s   txpck/s    rxkB/s    txkB/s   rxcmp/s   txcmp/s  rxmcst/s   %ifutil
16:45:21         ens5    260.00    231.00    160.48    108.43      0.00      0.00      0.00      0.00

16:45:21        IFACE   rxpck/s   txpck/s    rxkB/s    txkB/s   rxcmp/s   txcmp/s  rxmcst/s   %ifutil
16:45:22         ens5      1.00      1.00      0.05      0.06      0.00      0.00      0.00      0.00

16:45:22        IFACE   rxpck/s   txpck/s    rxkB/s    txkB/s   rxcmp/s   txcmp/s  rxmcst/s   %ifutil
16:45:23         ens5      0.00      0.00      0.00      0.00      0.00      0.00      0.00      0.00

16:45:23        IFACE   rxpck/s   txpck/s    rxkB/s    txkB/s   rxcmp/s   txcmp/s  rxmcst/s   %ifutil
16:45:24         ens5      0.00      0.00      0.00      0.00      0.00      0.00      0.00      0.00


Average:        IFACE   rxpck/s   txpck/s    rxkB/s    txkB/s   rxcmp/s   txcmp/s  rxmcst/s   %ifutil
Average:         ens5    270.14    233.52    170.13    107.29      0.00      0.00      0.00      0.00
