Linux 7.0.0-1008-aws (ip-172-31-31-224) 	08/07/26 	_x86_64_	(2 CPU)

06:58:29        CPU     %user     %nice   %system   %iowait    %steal     %idle
06:58:30        all     51.50      0.00      5.00      0.00      0.00     43.50
06:58:31        all     49.49      0.00      4.55      0.00      0.00     45.96
06:58:32        all     49.25      0.00      3.52      0.00      0.00     47.24
06:58:33        all     52.02      0.00      3.03      0.00      0.00     44.95
06:58:34        all     49.50      0.00      4.00      0.00      0.00     46.50
06:58:35        all     50.75      0.00      3.52      0.00      0.00     45.73
06:58:36        all     47.74      0.00      3.02      0.00      0.00     49.25
06:58:37        all     32.00      0.00      4.00      0.00      0.00     64.00
06:58:38        all      0.50      0.00      0.00      0.00      0.00     99.50
06:58:39        all      4.55      0.00      0.00      0.00      0.00     95.45
06:58:40        all      1.00      0.00      0.50      0.00      0.00     98.51
06:58:41        all      0.50      0.00      1.01      0.00      0.00     98.49
06:58:42        all      0.51      0.00      0.51      0.00      0.00     98.99
06:58:43        all      1.01      0.00      0.00      0.00      0.00     98.99
06:58:44        all      1.01      0.00      0.00      0.00      0.00     98.99
06:58:45        all      1.01      0.00      0.00      0.00      0.00     98.99
06:58:46        all      0.00      0.00      0.51      0.00      0.51     98.99
06:58:47        all      1.49      0.00      1.00      1.00      0.00     96.52
06:58:48        all      1.01      0.00      0.00      0.00      0.00     98.99
06:58:49        all      0.50      0.00      0.50      0.00      0.00     98.99
06:58:50        all      1.01      0.00      0.00      0.00      0.00     98.99
06:58:51        all      1.01      0.00      0.00      0.00      0.00     98.99
06:58:52        all      0.00      0.00      0.51      0.00      0.00     99.49
06:58:53        all      1.00      0.00      0.50      0.00      0.00     98.50
06:58:54        all      1.00      0.00      1.49      0.00      0.00     97.51
06:58:55        all      1.01      0.00      0.00      0.00      0.00     98.99
06:58:56        all      0.51      0.00      0.51      0.00      0.00     98.99
06:58:57        all      0.51      0.00      0.00      0.00      0.51     98.99
06:58:58        all      0.51      0.00      0.00      0.00      0.00     99.49
06:58:59        all      1.01      0.00      0.00      0.00      0.00     98.99
06:59:00        all      1.01      0.00      0.50      0.00      0.00     98.49
06:59:01        all      0.50      0.00      1.01      0.00      0.00     98.49
06:59:02        all      0.50      0.00      0.00      0.00      0.00     99.50
06:59:03        all      1.01      0.00      0.00      0.00      0.00     98.99
06:59:04        all      0.51      0.00      0.51      0.00      0.00     98.99
06:59:05        all      1.01      0.00      0.50      0.00      0.00     98.49
06:59:06        all      0.50      0.00      0.50      0.00      0.00     98.99
06:59:07        all      1.01      0.00      0.00      0.00      0.00     98.99
06:59:08        all      0.00      0.00      0.51      0.00      0.00     99.49
06:59:09        all      1.00      0.00      0.50      0.00      0.00     98.50
06:59:10        all      0.51      0.00      0.51      0.00      0.00     98.99
06:59:11        all      1.01      0.00      0.00      0.00      0.00     98.99
06:59:12        all      1.00      0.00      1.00      0.00      0.00     98.00
06:59:13        all      0.51      0.00      0.00      0.00      0.00     99.49
06:59:14        all      0.51      0.00      0.51      0.00      0.00     98.99
06:59:15        all      1.01      0.00      0.50      0.00      0.00     98.49
06:59:16        all      0.50      0.00      0.50      0.00      0.00     98.99
06:59:17        all      1.02      0.00      0.00      0.00      0.00     98.98
06:59:18        all      1.01      0.00      0.50      0.00      0.00     98.49
06:59:19        all      1.01      0.00      0.50      0.00      0.00     98.49
06:59:20        all      0.51      0.00      0.00      0.00      0.00     99.49
06:59:21        all      0.50      0.00      0.50      0.00      0.00     98.99
06:59:22        all      0.50      0.00      0.50      0.00      0.00     98.99
06:59:23        all      0.51      0.00      0.00      0.00      0.00     99.49
06:59:24        all      0.99      0.00      1.97      0.00      0.00     97.04
06:59:25        all      0.51      0.00      0.00      0.00      0.00     99.49
06:59:26        all      0.51      0.00      0.00      0.00      0.00     99.49
06:59:27        all      0.51      0.00      0.00      0.00      0.00     99.49
06:59:28        all      1.00      0.00      1.00      0.00      0.00     98.01
06:59:29        all      0.51      0.00      0.51      0.00      0.00     98.99
06:59:30        all      1.00      0.00      0.50      0.00      0.50     98.00
06:59:31        all      0.50      0.00      1.01      0.00      0.00     98.49
06:59:32        all      1.01      0.00      0.50      0.00      0.00     98.49
06:59:33        all      0.00      0.00      0.51      0.00      0.00     99.49
06:59:34        all      1.01      0.00      0.50      0.00      0.00     98.49
06:59:35        all      0.51      0.00      0.00      0.00      0.00     99.49
06:59:36        all      0.51      0.00      0.00      0.00      0.00     99.49
06:59:37        all      1.00      0.00      1.00      0.00      0.00     98.01
06:59:38        all      1.01      0.00      0.50      0.00      0.00     98.49
06:59:39        all      0.51      0.00      0.00      0.00      0.00     99.49
06:59:40        all      0.00      0.00      0.51      0.00      0.00     99.49
06:59:41        all      1.00      0.00      0.50      0.00      0.00     98.50
06:59:42        all      0.51      0.00      0.00      0.00      0.00     99.49
06:59:43        all      1.01      0.00      0.00      0.00      0.00     98.99
06:59:44        all      0.50      0.00      1.01      0.00      0.00     98.49
06:59:45        all      0.51      0.00      0.00      0.00      0.00     99.49
06:59:46        all      1.01      0.00      0.50      0.00      0.00     98.49
06:59:47        all      1.00      0.00      1.00      0.50      0.00     97.50
06:59:48        all      1.01      0.00      0.50      0.00      0.00     98.49
06:59:49        all      0.51      0.00      0.00      0.00      0.00     99.49
06:59:50        all      0.50      0.00      0.50      0.00      0.00     98.99
06:59:51        all      1.01      0.00      0.00      0.00      0.50     98.49
06:59:52        all      0.50      0.00      1.01      0.00      0.00     98.49
06:59:53        all      1.01      0.00      0.00      0.00      0.00     98.99
06:59:54        all      0.00      0.00      0.00      0.00      0.00    100.00
06:59:55        all      1.49      0.00      1.00      0.00      0.00     97.51
06:59:56        all      0.00      0.00      0.00      0.00      0.00    100.00
06:59:57        all      1.01      0.00      0.00      0.00      0.00     98.99
06:59:58        all      0.51      0.00      0.00      0.00      0.00     99.49
06:59:59        all      1.01      0.00      0.00      0.00      0.00     98.99
07:00:00        all      1.00      0.00      1.00      0.00      0.00     98.01
07:00:01        all      0.51      0.00      0.00      0.00      0.00     99.49
07:00:02        all      0.51      0.00      0.00      0.00      0.00     99.49
07:00:03        all      0.51      0.00      0.00      0.00      0.00     99.49
07:00:04        all      0.50      0.00      1.00      0.00      0.00     98.50
07:00:05        all     12.56      0.00      4.02      0.00      0.00     83.42
07:00:06        all     50.00      0.00      2.02      0.00      0.00     47.98
07:00:07        all      0.50      0.00      1.01      0.00      0.00     98.49
07:00:08        all      0.50      0.00      0.50      0.00      0.00     99.00
07:00:09        all      0.50      0.00      0.00      0.00      0.00     99.50


Average:        all      5.13      0.00      0.71      0.02      0.02     94.13
