Linux 7.0.0-1008-aws (ip-172-31-31-224) 	08/07/26 	_x86_64_	(2 CPU)

06:58:29        IFACE   rxpck/s   txpck/s    rxkB/s    txkB/s   rxcmp/s   txcmp/s  rxmcst/s   %ifutil
06:58:30         ens5     29.00     31.00      3.30      5.21      0.00      0.00      0.00      0.00

06:58:30        IFACE   rxpck/s   txpck/s    rxkB/s    txkB/s   rxcmp/s   txcmp/s  rxmcst/s   %ifutil
06:58:31         ens5     40.00     33.00      3.68      4.56      0.00      0.00      0.00      0.00

06:58:31        IFACE   rxpck/s   txpck/s    rxkB/s    txkB/s   rxcmp/s   txcmp/s  rxmcst/s   %ifutil
06:58:32         ens5     31.00     28.00      3.33      5.02      0.00      0.00      0.00      0.00

06:58:32        IFACE   rxpck/s   txpck/s    rxkB/s    txkB/s   rxcmp/s   txcmp/s  rxmcst/s   %ifutil
06:58:33         ens5      7.00      7.00      0.36      1.52      0.00      0.00      0.00      0.00

06:58:33        IFACE   rxpck/s   txpck/s    rxkB/s    txkB/s   rxcmp/s   txcmp/s  rxmcst/s   %ifutil
06:58:34         ens5      4.00      4.00      0.23      0.75      0.00      0.00      0.00      0.00

06:58:34        IFACE   rxpck/s   txpck/s    rxkB/s    txkB/s   rxcmp/s   txcmp/s  rxmcst/s   %ifutil
06:58:35         ens5     11.00     11.00      0.56      2.30      0.00      0.00      0.00      0.00

06:58:35        IFACE   rxpck/s   txpck/s    rxkB/s    txkB/s   rxcmp/s   txcmp/s  rxmcst/s   %ifutil
06:58:36         ens5      5.00      5.00      0.25      1.10      0.00      0.00      0.00      0.00

06:58:36        IFACE   rxpck/s   txpck/s    rxkB/s    txkB/s   rxcmp/s   txcmp/s  rxmcst/s   %ifutil
06:58:37         ens5      5.00      5.00      0.25      1.05      0.00      0.00      0.00      0.00

06:58:37        IFACE   rxpck/s   txpck/s    rxkB/s    txkB/s   rxcmp/s   txcmp/s  rxmcst/s   %ifutil
06:58:38         ens5      0.00      0.00      0.00      0.00      0.00      0.00      0.00      0.00

06:58:38        IFACE   rxpck/s   txpck/s    rxkB/s    txkB/s   rxcmp/s   txcmp/s  rxmcst/s   %ifutil
06:58:39         ens5    113.00     86.00     23.00     31.59      0.00      0.00      0.00      0.00

06:58:39        IFACE   rxpck/s   txpck/s    rxkB/s    txkB/s   rxcmp/s   txcmp/s  rxmcst/s   %ifutil
06:58:40         ens5    140.00    104.00     26.87     35.34      0.00      0.00      0.00      0.00

06:58:40        IFACE   rxpck/s   txpck/s    rxkB/s    txkB/s   rxcmp/s   txcmp/s  rxmcst/s   %ifutil
06:58:41         ens5    134.00    101.00     26.41     34.11      0.00      0.00      0.00      0.00

06:58:41        IFACE   rxpck/s   txpck/s    rxkB/s    txkB/s   rxcmp/s   txcmp/s  rxmcst/s   %ifutil
06:58:42         ens5    142.00    108.00     28.57     37.04      0.00      0.00      0.00      0.00

06:58:42        IFACE   rxpck/s   txpck/s    rxkB/s    txkB/s   rxcmp/s   txcmp/s  rxmcst/s   %ifutil
06:58:43         ens5    135.00    100.00     26.45     34.05      0.00      0.00      0.00      0.00

06:58:43        IFACE   rxpck/s   txpck/s    rxkB/s    txkB/s   rxcmp/s   txcmp/s  rxmcst/s   %ifutil
06:58:44         ens5    140.00    107.00     28.49     36.99      0.00      0.00      0.00      0.00

06:58:44        IFACE   rxpck/s   txpck/s    rxkB/s    txkB/s   rxcmp/s   txcmp/s  rxmcst/s   %ifutil
06:58:45         ens5    135.00     99.00     26.44     33.98      0.00      0.00      0.00      0.00

06:58:45        IFACE   rxpck/s   txpck/s    rxkB/s    txkB/s   rxcmp/s   txcmp/s  rxmcst/s   %ifutil
06:58:46         ens5    133.00    100.00     26.36     34.05      0.00      0.00      0.00      0.00

06:58:46        IFACE   rxpck/s   txpck/s    rxkB/s    txkB/s   rxcmp/s   txcmp/s  rxmcst/s   %ifutil
06:58:47         ens5    141.00    107.00     28.54     36.99      0.00      0.00      0.00      0.00

06:58:47        IFACE   rxpck/s   txpck/s    rxkB/s    txkB/s   rxcmp/s   txcmp/s  rxmcst/s   %ifutil
06:58:48         ens5    134.00     99.00     26.40     34.01      0.00      0.00      0.00      0.00

06:58:48        IFACE   rxpck/s   txpck/s    rxkB/s    txkB/s   rxcmp/s   txcmp/s  rxmcst/s   %ifutil
06:58:49         ens5    142.00    108.00     28.61     37.10      0.00      0.00      0.00      0.00

06:58:49        IFACE   rxpck/s   txpck/s    rxkB/s    txkB/s   rxcmp/s   txcmp/s  rxmcst/s   %ifutil
06:58:50         ens5    135.00    100.00     26.47     34.10      0.00      0.00      0.00      0.00

06:58:50        IFACE   rxpck/s   txpck/s    rxkB/s    txkB/s   rxcmp/s   txcmp/s  rxmcst/s   %ifutil
06:58:51         ens5    136.00    103.00     28.12     35.73      0.00      0.00      0.00      0.00

06:58:51        IFACE   rxpck/s   txpck/s    rxkB/s    txkB/s   rxcmp/s   txcmp/s  rxmcst/s   %ifutil
06:58:52         ens5    138.00    104.00     26.80     35.38      0.00      0.00      0.00      0.00

06:58:52        IFACE   rxpck/s   txpck/s    rxkB/s    txkB/s   rxcmp/s   txcmp/s  rxmcst/s   %ifutil
06:58:53         ens5    134.00     99.00     26.40     34.01      0.00      0.00      0.00      0.00

06:58:53        IFACE   rxpck/s   txpck/s    rxkB/s    txkB/s   rxcmp/s   txcmp/s  rxmcst/s   %ifutil
06:58:54         ens5    136.00    103.00     28.12     35.73      0.00      0.00      0.00      0.00

06:58:54        IFACE   rxpck/s   txpck/s    rxkB/s    txkB/s   rxcmp/s   txcmp/s  rxmcst/s   %ifutil
06:58:55         ens5    140.00    104.00     26.89     35.38      0.00      0.00      0.00      0.00

06:58:55        IFACE   rxpck/s   txpck/s    rxkB/s    txkB/s   rxcmp/s   txcmp/s  rxmcst/s   %ifutil
06:58:56         ens5    137.00    104.00     28.21     35.79      0.00      0.00      0.00      0.00

06:58:56        IFACE   rxpck/s   txpck/s    rxkB/s    txkB/s   rxcmp/s   txcmp/s  rxmcst/s   %ifutil
06:58:57         ens5    138.00    104.00     26.80     35.38      0.00      0.00      0.00      0.00

06:58:57        IFACE   rxpck/s   txpck/s    rxkB/s    txkB/s   rxcmp/s   txcmp/s  rxmcst/s   %ifutil
06:58:58         ens5    135.00    100.00     26.46     34.08      0.00      0.00      0.00      0.00

06:58:58        IFACE   rxpck/s   txpck/s    rxkB/s    txkB/s   rxcmp/s   txcmp/s  rxmcst/s   %ifutil
06:58:59         ens5    141.00    107.00     28.55     37.03      0.00      0.00      0.00      0.00

06:58:59        IFACE   rxpck/s   txpck/s    rxkB/s    txkB/s   rxcmp/s   txcmp/s  rxmcst/s   %ifutil
06:59:00         ens5    134.00     99.00     26.40     34.01      0.00      0.00      0.00      0.00

06:59:00        IFACE   rxpck/s   txpck/s    rxkB/s    txkB/s   rxcmp/s   txcmp/s  rxmcst/s   %ifutil
06:59:01         ens5    132.00     99.00     26.31     34.01      0.00      0.00      0.00      0.00

06:59:01        IFACE   rxpck/s   txpck/s    rxkB/s    txkB/s   rxcmp/s   txcmp/s  rxmcst/s   %ifutil
06:59:02         ens5    100.00     76.00     20.94     26.45      0.00      0.00      0.00      0.00

06:59:02        IFACE   rxpck/s   txpck/s    rxkB/s    txkB/s   rxcmp/s   txcmp/s  rxmcst/s   %ifutil
06:59:03         ens5    140.00    104.00     26.89     35.38      0.00      0.00      0.00      0.00

06:59:03        IFACE   rxpck/s   txpck/s    rxkB/s    txkB/s   rxcmp/s   txcmp/s  rxmcst/s   %ifutil
06:59:04         ens5    133.00    100.00     26.37     34.08      0.00      0.00      0.00      0.00

06:59:04        IFACE   rxpck/s   txpck/s    rxkB/s    txkB/s   rxcmp/s   txcmp/s  rxmcst/s   %ifutil
06:59:05         ens5    141.00    107.00     28.55     37.03      0.00      0.00      0.00      0.00

06:59:05        IFACE   rxpck/s   txpck/s    rxkB/s    txkB/s   rxcmp/s   txcmp/s  rxmcst/s   %ifutil
06:59:06         ens5    134.00     99.00     26.40     34.01      0.00      0.00      0.00      0.00

06:59:06        IFACE   rxpck/s   txpck/s    rxkB/s    txkB/s   rxcmp/s   txcmp/s  rxmcst/s   %ifutil
06:59:07         ens5    137.00    104.00     28.19     35.82      0.00      0.00      0.00      0.00

06:59:07        IFACE   rxpck/s   txpck/s    rxkB/s    txkB/s   rxcmp/s   txcmp/s  rxmcst/s   %ifutil
06:59:08         ens5    140.00    104.00     26.89     35.38      0.00      0.00      0.00      0.00

06:59:08        IFACE   rxpck/s   txpck/s    rxkB/s    txkB/s   rxcmp/s   txcmp/s  rxmcst/s   %ifutil
06:59:09         ens5    133.00    100.00     26.37     34.08      0.00      0.00      0.00      0.00

06:59:09        IFACE   rxpck/s   txpck/s    rxkB/s    txkB/s   rxcmp/s   txcmp/s  rxmcst/s   %ifutil
06:59:10         ens5    135.00    102.00     28.06     35.66      0.00      0.00      0.00      0.00

06:59:10        IFACE   rxpck/s   txpck/s    rxkB/s    txkB/s   rxcmp/s   txcmp/s  rxmcst/s   %ifutil
06:59:11         ens5    140.00    104.00     26.89     35.38      0.00      0.00      0.00      0.00

06:59:11        IFACE   rxpck/s   txpck/s    rxkB/s    txkB/s   rxcmp/s   txcmp/s  rxmcst/s   %ifutil
06:59:12         ens5    136.00    103.00     28.12     35.73      0.00      0.00      0.00      0.00

06:59:12        IFACE   rxpck/s   txpck/s    rxkB/s    txkB/s   rxcmp/s   txcmp/s  rxmcst/s   %ifutil
06:59:13         ens5    132.00     99.00     26.31     34.01      0.00      0.00      0.00      0.00

06:59:13        IFACE   rxpck/s   txpck/s    rxkB/s    txkB/s   rxcmp/s   txcmp/s  rxmcst/s   %ifutil
06:59:14         ens5    140.00    104.00     26.89     35.38      0.00      0.00      0.00      0.00

06:59:14        IFACE   rxpck/s   txpck/s    rxkB/s    txkB/s   rxcmp/s   txcmp/s  rxmcst/s   %ifutil
06:59:15         ens5    132.00     99.00     26.31     34.01      0.00      0.00      0.00      0.00

06:59:15        IFACE   rxpck/s   txpck/s    rxkB/s    txkB/s   rxcmp/s   txcmp/s  rxmcst/s   %ifutil
06:59:16         ens5    140.00    107.00     28.48     37.01      0.00      0.00      0.00      0.00

06:59:16        IFACE   rxpck/s   txpck/s    rxkB/s    txkB/s   rxcmp/s   txcmp/s  rxmcst/s   %ifutil
06:59:17         ens5    138.00    102.00     26.62     34.23      0.00      0.00      0.00      0.00

06:59:17        IFACE   rxpck/s   txpck/s    rxkB/s    txkB/s   rxcmp/s   txcmp/s  rxmcst/s   %ifutil
06:59:18         ens5    136.00    103.00     26.50     34.28      0.00      0.00      0.00      0.00

06:59:18        IFACE   rxpck/s   txpck/s    rxkB/s    txkB/s   rxcmp/s   txcmp/s  rxmcst/s   %ifutil
06:59:19         ens5    139.00    106.00     28.42     36.94      0.00      0.00      0.00      0.00

06:59:19        IFACE   rxpck/s   txpck/s    rxkB/s    txkB/s   rxcmp/s   txcmp/s  rxmcst/s   %ifutil
06:59:20         ens5    137.00    101.00     26.57     34.16      0.00      0.00      0.00      0.00

06:59:20        IFACE   rxpck/s   txpck/s    rxkB/s    txkB/s   rxcmp/s   txcmp/s  rxmcst/s   %ifutil
06:59:21         ens5    133.00    100.00     26.37     34.08      0.00      0.00      0.00      0.00

06:59:21        IFACE   rxpck/s   txpck/s    rxkB/s    txkB/s   rxcmp/s   txcmp/s  rxmcst/s   %ifutil
06:59:22         ens5    135.00    102.00     28.06     35.66      0.00      0.00      0.00      0.00

06:59:22        IFACE   rxpck/s   txpck/s    rxkB/s    txkB/s   rxcmp/s   txcmp/s  rxmcst/s   %ifutil
06:59:23         ens5    142.00    106.00     27.17     35.69      0.00      0.00      0.00      0.00

06:59:23        IFACE   rxpck/s   txpck/s    rxkB/s    txkB/s   rxcmp/s   txcmp/s  rxmcst/s   %ifutil
06:59:24         ens5    137.00    103.00     28.17     35.73      0.00      0.00      0.00      0.00

06:59:24        IFACE   rxpck/s   txpck/s    rxkB/s    txkB/s   rxcmp/s   txcmp/s  rxmcst/s   %ifutil
06:59:25         ens5    139.00    104.00     26.84     35.38      0.00      0.00      0.00      0.00

06:59:25        IFACE   rxpck/s   txpck/s    rxkB/s    txkB/s   rxcmp/s   txcmp/s  rxmcst/s   %ifutil
06:59:26         ens5    133.00    100.00     26.36     34.07      0.00      0.00      0.00      0.00

06:59:26        IFACE   rxpck/s   txpck/s    rxkB/s    txkB/s   rxcmp/s   txcmp/s  rxmcst/s   %ifutil
06:59:27         ens5    133.00    100.00     26.37     34.08      0.00      0.00      0.00      0.00

06:59:27        IFACE   rxpck/s   txpck/s    rxkB/s    txkB/s   rxcmp/s   txcmp/s  rxmcst/s   %ifutil
06:59:28         ens5    141.00    107.00     28.55     37.03      0.00      0.00      0.00      0.00

06:59:28        IFACE   rxpck/s   txpck/s    rxkB/s    txkB/s   rxcmp/s   txcmp/s  rxmcst/s   %ifutil
06:59:29         ens5    135.00    100.00     26.48     34.07      0.00      0.00      0.00      0.00

06:59:29        IFACE   rxpck/s   txpck/s    rxkB/s    txkB/s   rxcmp/s   txcmp/s  rxmcst/s   %ifutil
06:59:30         ens5    136.00    103.00     28.12     35.73      0.00      0.00      0.00      0.00

06:59:30        IFACE   rxpck/s   txpck/s    rxkB/s    txkB/s   rxcmp/s   txcmp/s  rxmcst/s   %ifutil
06:59:31         ens5    138.00    104.00     26.80     35.38      0.00      0.00      0.00      0.00

06:59:31        IFACE   rxpck/s   txpck/s    rxkB/s    txkB/s   rxcmp/s   txcmp/s  rxmcst/s   %ifutil
06:59:32         ens5    134.00     99.00     26.40     34.01      0.00      0.00      0.00      0.00

06:59:32        IFACE   rxpck/s   txpck/s    rxkB/s    txkB/s   rxcmp/s   txcmp/s  rxmcst/s   %ifutil
06:59:33         ens5    139.00    106.00     28.43     36.95      0.00      0.00      0.00      0.00

06:59:33        IFACE   rxpck/s   txpck/s    rxkB/s    txkB/s   rxcmp/s   txcmp/s  rxmcst/s   %ifutil
06:59:34         ens5    137.00    101.00     26.57     34.16      0.00      0.00      0.00      0.00

06:59:34        IFACE   rxpck/s   txpck/s    rxkB/s    txkB/s   rxcmp/s   txcmp/s  rxmcst/s   %ifutil
06:59:35         ens5    138.00    105.00     28.21     35.86      0.00      0.00      0.00      0.00

06:59:35        IFACE   rxpck/s   txpck/s    rxkB/s    txkB/s   rxcmp/s   txcmp/s  rxmcst/s   %ifutil
06:59:36         ens5    141.00    105.00     26.93     35.45      0.00      0.00      0.00      0.00

06:59:36        IFACE   rxpck/s   txpck/s    rxkB/s    txkB/s   rxcmp/s   txcmp/s  rxmcst/s   %ifutil
06:59:37         ens5    137.00    104.00     26.53     34.33      0.00      0.00      0.00      0.00

06:59:37        IFACE   rxpck/s   txpck/s    rxkB/s    txkB/s   rxcmp/s   txcmp/s  rxmcst/s   %ifutil
06:59:38         ens5    140.00    107.00     28.48     37.01      0.00      0.00      0.00      0.00

06:59:38        IFACE   rxpck/s   txpck/s    rxkB/s    txkB/s   rxcmp/s   txcmp/s  rxmcst/s   %ifutil
06:59:39         ens5    136.00    102.00     26.56     34.25      0.00      0.00      0.00      0.00

06:59:39        IFACE   rxpck/s   txpck/s    rxkB/s    txkB/s   rxcmp/s   txcmp/s  rxmcst/s   %ifutil
06:59:40         ens5    135.00    100.00     26.44     34.07      0.00      0.00      0.00      0.00

06:59:40        IFACE   rxpck/s   txpck/s    rxkB/s    txkB/s   rxcmp/s   txcmp/s  rxmcst/s   %ifutil
06:59:41         ens5    138.00    105.00     28.21     35.86      0.00      0.00      0.00      0.00

06:59:41        IFACE   rxpck/s   txpck/s    rxkB/s    txkB/s   rxcmp/s   txcmp/s  rxmcst/s   %ifutil
06:59:42         ens5    139.00    105.00     26.84     35.45      0.00      0.00      0.00      0.00

06:59:42        IFACE   rxpck/s   txpck/s    rxkB/s    txkB/s   rxcmp/s   txcmp/s  rxmcst/s   %ifutil
06:59:43         ens5    136.00    101.00     26.48     34.12      0.00      0.00      0.00      0.00

06:59:43        IFACE   rxpck/s   txpck/s    rxkB/s    txkB/s   rxcmp/s   txcmp/s  rxmcst/s   %ifutil
06:59:44         ens5    142.00    108.00     28.60     37.09      0.00      0.00      0.00      0.00

06:59:44        IFACE   rxpck/s   txpck/s    rxkB/s    txkB/s   rxcmp/s   txcmp/s  rxmcst/s   %ifutil
06:59:45         ens5    134.00     99.00     26.40     34.01      0.00      0.00      0.00      0.00

06:59:45        IFACE   rxpck/s   txpck/s    rxkB/s    txkB/s   rxcmp/s   txcmp/s  rxmcst/s   %ifutil
06:59:46         ens5    140.00    107.00     28.30     35.99      0.00      0.00      0.00      0.00

06:59:46        IFACE   rxpck/s   txpck/s    rxkB/s    txkB/s   rxcmp/s   txcmp/s  rxmcst/s   %ifutil
06:59:47         ens5    140.00    104.00     26.89     35.38      0.00      0.00      0.00      0.00

06:59:47        IFACE   rxpck/s   txpck/s    rxkB/s    txkB/s   rxcmp/s   txcmp/s  rxmcst/s   %ifutil
06:59:48         ens5    134.00    101.00     26.41     34.15      0.00      0.00      0.00      0.00

06:59:48        IFACE   rxpck/s   txpck/s    rxkB/s    txkB/s   rxcmp/s   txcmp/s  rxmcst/s   %ifutil
06:59:49         ens5    139.00    106.00     28.42     36.94      0.00      0.00      0.00      0.00

06:59:49        IFACE   rxpck/s   txpck/s    rxkB/s    txkB/s   rxcmp/s   txcmp/s  rxmcst/s   %ifutil
06:59:50         ens5    138.00    102.00     26.62     34.23      0.00      0.00      0.00      0.00

06:59:50        IFACE   rxpck/s   txpck/s    rxkB/s    txkB/s   rxcmp/s   txcmp/s  rxmcst/s   %ifutil
06:59:51         ens5    134.00    101.00     26.40     34.14      0.00      0.00      0.00      0.00

06:59:51        IFACE   rxpck/s   txpck/s    rxkB/s    txkB/s   rxcmp/s   txcmp/s  rxmcst/s   %ifutil
06:59:52         ens5    135.00    102.00     26.44     34.20      0.00      0.00      0.00      0.00

06:59:52        IFACE   rxpck/s   txpck/s    rxkB/s    txkB/s   rxcmp/s   txcmp/s  rxmcst/s   %ifutil
06:59:53         ens5    132.00    101.00     26.31     34.14      0.00      0.00      0.00      0.00

06:59:53        IFACE   rxpck/s   txpck/s    rxkB/s    txkB/s   rxcmp/s   txcmp/s  rxmcst/s   %ifutil
06:59:54         ens5    135.00    100.00     26.44     34.07      0.00      0.00      0.00      0.00

06:59:54        IFACE   rxpck/s   txpck/s    rxkB/s    txkB/s   rxcmp/s   txcmp/s  rxmcst/s   %ifutil
06:59:55         ens5    137.00    104.00     28.19     35.82      0.00      0.00      0.00      0.00

06:59:55        IFACE   rxpck/s   txpck/s    rxkB/s    txkB/s   rxcmp/s   txcmp/s  rxmcst/s   %ifutil
06:59:56         ens5    135.00    102.00     26.62     35.23      0.00      0.00      0.00      0.00

06:59:56        IFACE   rxpck/s   txpck/s    rxkB/s    txkB/s   rxcmp/s   txcmp/s  rxmcst/s   %ifutil
06:59:57         ens5    138.00    102.00     26.62     34.23      0.00      0.00      0.00      0.00

06:59:57        IFACE   rxpck/s   txpck/s    rxkB/s    txkB/s   rxcmp/s   txcmp/s  rxmcst/s   %ifutil
06:59:58         ens5    133.00    100.00     26.35     34.07      0.00      0.00      0.00      0.00

06:59:58        IFACE   rxpck/s   txpck/s    rxkB/s    txkB/s   rxcmp/s   txcmp/s  rxmcst/s   %ifutil
06:59:59         ens5    139.00    106.00     28.43     36.95      0.00      0.00      0.00      0.00

06:59:59        IFACE   rxpck/s   txpck/s    rxkB/s    txkB/s   rxcmp/s   txcmp/s  rxmcst/s   %ifutil
07:00:00         ens5    120.00     89.00     23.92     30.69      0.00      0.00      0.00      0.00

07:00:00        IFACE   rxpck/s   txpck/s    rxkB/s    txkB/s   rxcmp/s   txcmp/s  rxmcst/s   %ifutil
07:00:01         ens5    126.00     94.00     24.23     31.36      0.00      0.00      0.00      0.00

07:00:01        IFACE   rxpck/s   txpck/s    rxkB/s    txkB/s   rxcmp/s   txcmp/s  rxmcst/s   %ifutil
07:00:02         ens5     72.00     54.00     14.35     18.55      0.00      0.00      0.00      0.00

07:00:02        IFACE   rxpck/s   txpck/s    rxkB/s    txkB/s   rxcmp/s   txcmp/s  rxmcst/s   %ifutil
07:00:03         ens5    108.00     81.00     21.52     27.83      0.00      0.00      0.00      0.00

07:00:03        IFACE   rxpck/s   txpck/s    rxkB/s    txkB/s   rxcmp/s   txcmp/s  rxmcst/s   %ifutil
07:00:04         ens5    130.00     99.00     26.22     33.99      0.00      0.00      0.00      0.00

07:00:04        IFACE   rxpck/s   txpck/s    rxkB/s    txkB/s   rxcmp/s   txcmp/s  rxmcst/s   %ifutil
07:00:05         ens5    125.00     93.00     24.18     31.13      0.00      0.00      0.00      0.00

07:00:05        IFACE   rxpck/s   txpck/s    rxkB/s    txkB/s   rxcmp/s   txcmp/s  rxmcst/s   %ifutil
07:00:06         ens5    131.00    100.00     26.26     34.07      0.00      0.00      0.00      0.00

07:00:06        IFACE   rxpck/s   txpck/s    rxkB/s    txkB/s   rxcmp/s   txcmp/s  rxmcst/s   %ifutil
07:00:07         ens5    123.00     91.00     24.05     30.98      0.00      0.00      0.00      0.00

07:00:07        IFACE   rxpck/s   txpck/s    rxkB/s    txkB/s   rxcmp/s   txcmp/s  rxmcst/s   %ifutil
07:00:08         ens5    121.00     91.00     23.96     30.98      0.00      0.00      0.00      0.00

07:00:08        IFACE   rxpck/s   txpck/s    rxkB/s    txkB/s   rxcmp/s   txcmp/s  rxmcst/s   %ifutil
07:00:09         ens5      0.00      0.00      0.00      0.00      0.00      0.00      0.00      0.00



Average:        IFACE   rxpck/s   txpck/s    rxkB/s    txkB/s   rxcmp/s   txcmp/s  rxmcst/s   %ifutil
Average:         ens5    122.13     91.99     24.11     31.25      0.00      0.00      0.00      0.00
