Linux 7.0.0-1010-aws (ip-172-31-20-134) 	08/11/26 	_x86_64_	(2 CPU)

16:05:15    kbmemfree   kbavail kbmemused  %memused kbbuffers  kbcached  kbcommit   %commit  kbactive   kbinact   kbdirty
16:05:16       230932   1330456    367176     18.82     31472   1181524   1478180     75.77    993036    488392       408
16:05:17       230932   1330456    367172     18.82     31472   1181528   1478180     75.77    993036    488392       412
16:05:18       230932   1330456    367172     18.82     31472   1181528   1478180     75.77    993036    488392       412
16:05:19       230932   1330456    367172     18.82     31472   1181528   1478180     75.77    993780    488392       412
16:05:20       230932   1330456    367172     18.82     31472   1181528   1478180     75.77    993780    488392       412
16:05:21       230932   1330456    367172     18.82     31472   1181528   1478180     75.77    993780    488392       412
16:05:22       230932   1330456    367168     18.82     31472   1181532   1478180     75.77    993780    488392       416
16:05:23       230932   1330456    367168     18.82     31472   1181532   1478180     75.77    993780    488392       416
16:05:24       230932   1330456    367168     18.82     31472   1181532   1478180     75.77    993780    488392       416
16:05:25       230932   1330472    367144     18.82     31496   1181532   1478180     75.77    993956    488408       420
16:05:26       230932   1330488    367144     18.82     31496   1181532   1483820     76.06    996344    488424       312
16:05:27       230932   1330488    367088     18.82     31496   1181588   1483820     76.06    996420    488424       368
16:05:28       230932   1330488    367088     18.82     31496   1181588   1483820     76.06    996420    488424       368
16:05:29       230680   1330300    367328     18.83     31496   1181600   1483820     76.06    996420    488488       380
16:05:30       230680   1330304    367328     18.83     31496   1181600   1483836     76.06    996672    488492       328
16:05:31       227152   1326976    370656     19.00     31496   1181800   1551924     79.55   1001948    488692       528
16:05:32       216340   1317008    380688     19.51     31496   1182580   1652476     84.70   1011444    489536      1312
16:05:33       207016   1308284    389380     19.96     31496   1183180   1652848     84.72   1009420    490136      1912
16:05:34       207016   1308396    389192     19.95     31496   1183368   1656944     84.93   1010048    490248      2100
16:05:35       207112   1308552    389000     19.94     31496   1183464   1656944     84.93   1010112    490308      2196
16:05:36       207112   1308552    388992     19.94     31496   1183472   1656944     84.93   1010112    490308      2204
16:05:37       207112   1308552    388992     19.94     31496   1183472   1656944     84.93   1010112    490308      2204
16:05:38       207112   1308552    388992     19.94     31496   1183472   1656944     84.93   1010112    490308      2204
16:05:39       207112   1308552    388992     19.94     31496   1183472   1656944     84.93   1010112    490308      2204
16:05:40       207112   1308552    388992     19.94     31496   1183472   1656944     84.93   1010112    490308      2204
16:05:41       207112   1308552    388992     19.94     31496   1183472   1656944     84.93   1010112    490308      2204
16:05:42       207112   1308552    388988     19.94     31496   1183476   1656944     84.93   1010112    490308      2208
16:05:43       206864   1308364    389236     19.95     31496   1183476   1656944     84.93   1010060    490368      2296
16:05:44       207116   1308616    388984     19.94     31496   1183476   1656944     84.93   1009816    490368      2296
16:05:45       207116   1308620    388976     19.94     31496   1183484   1656944     84.93   1009852    490372      2304
16:05:46       207116   1308624    388976     19.94     31496   1183484   1656944     84.93   1009920    490376        32
16:05:47       207116   1308624    388972     19.94     31496   1183488   1656944     84.93   1009920    490376        40
16:05:48       207116   1308624    388972     19.94     31496   1183488   1656944     84.93   1009920    490376        40
16:05:49       207116   1308624    388968     19.94     31496   1183492   1656944     84.93   1010416    490376        44
16:05:50       207116   1308624    388968     19.94     31496   1183492   1656944     84.93   1010416    490376        44
16:05:51       207116   1308624    388968     19.94     31496   1183492   1656944     84.93   1010416    490376        44
16:05:52       207116   1308624    388964     19.94     31496   1183496   1656944     84.93   1010416    490376        48
16:05:53       207116   1308624    388964     19.94     31496   1183496   1656944     84.93   1010416    490376        52
16:05:54       207116   1308624    388952     19.94     31496   1183508   1656944     84.93   1010416    490376        64


Average:       217001   1317665    379934     19.47     31490   1182661   1586000     81.30   1003943    489532       940
