Linux 7.0.0-1008-aws (ip-172-31-20-134) 	08/07/26 	_x86_64_	(2 CPU)

16:17:08        CPU     %user     %nice   %system   %iowait    %steal     %idle
16:17:09        all      2.01      0.00      1.01      0.00      0.00     96.98
16:17:10        all      0.00      0.00      0.00      0.00      0.00    100.00
16:17:11        all      0.99      0.00      0.50      0.00      0.50     98.02
16:17:12        all      0.00      0.00      0.00      0.00      0.00    100.00
16:17:13        all      9.00      0.00      1.50      0.00      0.00     89.50
16:17:14        all      0.00      0.00      0.00      0.00      0.50     99.50
16:17:15        all      3.50      0.00      1.00      0.00      0.00     95.50
16:17:16        all     10.55      0.00      1.51      0.00      0.00     87.94
16:17:17        all      9.60      0.00      1.52      0.00      0.00     88.89
16:17:18        all      9.28      0.00      1.03      0.00      0.00     89.69
16:17:19        all      9.60      0.00      1.52      0.00      0.00     88.89
16:17:20        all      9.60      0.00      2.02      0.00      0.00     88.38
16:17:21        all      9.18      0.00      2.04      0.00      0.00     88.78
16:17:22        all      9.64      0.00      1.02      0.00      0.00     89.34
16:17:23        all      9.23      0.00      1.03      0.00      0.00     89.74
16:17:24        all      9.64      0.00      1.02      0.00      0.00     89.34
16:17:25        all      8.63      0.00      2.54      0.00      0.00     88.83
16:17:26        all     10.61      0.00      1.01      0.00      0.00     88.38
16:17:27        all      9.60      0.00      1.52      0.00      0.00     88.89
16:17:28        all     15.74      0.00      2.03      0.00      0.00     82.23
16:17:29        all      9.14      0.00      1.52      0.00      0.00     89.34
16:17:30        all      9.60      0.00      1.52      0.00      0.00     88.89
16:17:31        all     10.15      0.00      1.02      0.00      0.00     88.83
16:17:32        all      9.05      0.00      2.51      1.01      0.00     87.44
16:17:33        all     10.20      0.00      1.02      0.00      0.00     88.78
16:17:34        all      8.12      0.00      2.03      0.00      0.00     89.85
16:17:35        all      9.69      0.00      1.02      0.00      0.00     89.29
16:17:36        all     10.10      0.00      1.52      0.00      0.00     88.38
16:17:37        all      9.14      0.00      1.52      0.00      0.00     89.34
16:17:38        all      9.18      0.00      0.51      0.00      0.00     90.31
16:17:39        all      8.67      0.00      1.53      1.02      0.00     88.78
16:17:40        all      9.60      0.00      2.53      0.00      0.00     87.88
16:17:41        all      9.60      0.00      1.01      0.00      1.01     88.38
16:17:42        all      9.64      0.00      1.52      0.00      0.00     88.83
16:17:43        all     14.72      0.00      2.54      0.00      0.00     82.74
16:17:44        all      9.05      0.00      2.51      0.00      0.00     88.44
16:17:45        all      9.18      0.00      1.53      0.00      0.00     89.29
16:17:46        all      9.23      0.00      1.03      0.00      0.00     89.74
16:17:47        all      9.60      0.00      2.02      0.00      0.00     88.38
16:17:48        all      8.72      0.00      1.54      0.00      0.00     89.74
16:17:49        all      9.60      0.00      1.52      0.00      0.00     88.89
16:17:50        all      9.60      0.00      1.52      0.00      0.51     88.38
16:17:51        all      9.18      0.00      2.04      0.00      0.00     88.78
16:17:52        all      9.18      0.00      1.02      0.00      0.00     89.80
16:17:53        all      9.60      0.00      2.02      0.00      0.00     88.38
16:17:54        all      9.18      0.00      1.02      0.00      0.00     89.80
16:17:55        all      9.09      0.00      2.02      0.00      0.51     88.38
16:17:56        all      9.18      0.00      1.02      0.00      0.00     89.80
16:17:57        all      9.23      0.00      0.51      0.00      0.00     90.26
16:17:58        all     14.65      0.00      3.54      0.00      0.00     81.82
16:17:59        all      8.67      0.00      1.02      0.00      0.00     90.31
16:18:00        all      8.16      0.00      1.02      0.00      0.51     90.31
16:18:01        all      7.04      0.00      1.01      0.00      0.50     91.46
16:18:02        all      7.18      0.00      1.03      0.00      0.00     91.79
16:18:03        all      9.05      0.00      2.51      0.00      0.00     88.44
16:18:04        all      9.74      0.00      0.00      0.00      0.00     90.26
16:18:05        all      8.67      0.00      1.53      0.00      0.00     89.80
16:18:06        all     10.10      0.00      1.01      0.00      0.00     88.89
16:18:07        all      9.18      0.00      1.02      0.00      0.00     89.80
16:18:08        all      8.63      0.00      2.03      0.00      0.00     89.34
16:18:09        all      9.69      0.00      1.02      1.02      0.00     88.27
16:18:10        all      8.67      0.00      1.02      0.00      0.00     90.31
16:18:11        all      9.60      0.00      1.52      0.00      0.51     88.38
16:18:12        all      8.16      0.00      2.04      0.00      0.00     89.80
16:18:13        all     15.38      0.00      2.05      0.00      0.00     82.56
16:18:14        all      9.18      0.00      1.02      0.00      0.00     89.80
16:18:15        all      9.09      0.00      2.53      0.00      0.00     88.38
16:18:16        all      9.18      0.00      1.53      0.00      0.00     89.29
16:18:17        all      9.64      0.00      1.02      0.00      0.00     89.34
16:18:18        all      9.14      0.00      2.03      0.00      0.00     88.83
16:18:19        all      9.64      0.00      1.02      0.00      0.00     89.34
16:18:20        all      9.23      0.00      0.51      0.00      0.00     90.26
16:18:21        all      9.09      0.00      2.53      0.00      0.00     88.38
16:18:22        all      9.09      0.00      1.52      0.00      0.00     89.39
16:18:23        all      9.64      0.00      1.02      0.00      0.00     89.34
16:18:24        all      9.69      0.00      0.51      0.00      0.00     89.80
16:18:25        all      8.63      0.00      2.54      0.00      0.00     88.83
16:18:26        all      9.05      0.00      2.01      0.00      0.00     88.94
16:18:27        all      8.76      0.00      1.03      0.00      0.00     90.21
16:18:28        all      7.61      0.00      1.52      0.00      0.00     90.86
16:18:29        all      0.00      0.00      0.00      0.00      0.00    100.00
16:18:30        all      0.00      0.00      0.00      0.00      0.50     99.50
16:18:31        all      0.00      0.00      0.51      0.00      0.00     99.49

Average:        all      8.57      0.00      1.38      0.04      0.06     89.95
