Linux 7.0.0-1008-aws (ip-172-31-20-134) 	08/07/26 	_x86_64_	(2 CPU)

16:17:08        IFACE   rxpck/s   txpck/s    rxkB/s    txkB/s   rxcmp/s   txcmp/s  rxmcst/s   %ifutil
16:17:09         ens5     48.00     37.00      4.30      4.54      0.00      0.00      0.00      0.00

16:17:09        IFACE   rxpck/s   txpck/s    rxkB/s    txkB/s   rxcmp/s   txcmp/s  rxmcst/s   %ifutil
16:17:10         ens5     30.00     19.00      2.71      2.41      0.00      0.00      0.00      0.00

16:17:10        IFACE   rxpck/s   txpck/s    rxkB/s    txkB/s   rxcmp/s   txcmp/s  rxmcst/s   %ifutil
16:17:11         ens5      0.00      0.00      0.00      0.00      0.00      0.00      0.00      0.00

16:17:11        IFACE   rxpck/s   txpck/s    rxkB/s    txkB/s   rxcmp/s   txcmp/s  rxmcst/s   %ifutil
16:17:12         ens5      0.00      0.00      0.00      0.00      0.00      0.00      0.00      0.00

16:17:12        IFACE   rxpck/s   txpck/s    rxkB/s    txkB/s   rxcmp/s   txcmp/s  rxmcst/s   %ifutil
16:17:13         ens5      0.00      0.00      0.00      0.00      0.00      0.00      0.00      0.00

16:17:13        IFACE   rxpck/s   txpck/s    rxkB/s    txkB/s   rxcmp/s   txcmp/s  rxmcst/s   %ifutil
16:17:14         ens5      0.00      0.00      0.00      0.00      0.00      0.00      0.00      0.00

16:17:14        IFACE   rxpck/s   txpck/s    rxkB/s    txkB/s   rxcmp/s   txcmp/s  rxmcst/s   %ifutil
16:17:15         ens5    130.00     94.00    121.43     67.55      0.00      0.00      0.00      0.00

16:17:15        IFACE   rxpck/s   txpck/s    rxkB/s    txkB/s   rxcmp/s   txcmp/s  rxmcst/s   %ifutil
16:17:16         ens5    356.00    255.00    332.55    202.68      0.00      0.00      0.00      0.00

16:17:16        IFACE   rxpck/s   txpck/s    rxkB/s    txkB/s   rxcmp/s   txcmp/s  rxmcst/s   %ifutil
16:17:17         ens5    355.00    244.00    326.22    195.20      0.00      0.00      0.00      0.00

16:17:17        IFACE   rxpck/s   txpck/s    rxkB/s    txkB/s   rxcmp/s   txcmp/s  rxmcst/s   %ifutil
16:17:18         ens5    359.00    252.00    335.05    203.71      0.00      0.00      0.00      0.00

16:17:18        IFACE   rxpck/s   txpck/s    rxkB/s    txkB/s   rxcmp/s   txcmp/s  rxmcst/s   %ifutil
16:17:19         ens5    352.00    252.00    325.82    202.41      0.00      0.00      0.00      0.00

16:17:19        IFACE   rxpck/s   txpck/s    rxkB/s    txkB/s   rxcmp/s   txcmp/s  rxmcst/s   %ifutil
16:17:20         ens5    355.00    250.00    332.36    200.77      0.00      0.00      0.00      0.00

16:17:20        IFACE   rxpck/s   txpck/s    rxkB/s    txkB/s   rxcmp/s   txcmp/s  rxmcst/s   %ifutil
16:17:21         ens5    359.00    252.00    335.04    203.70      0.00      0.00      0.00      0.00

16:17:21        IFACE   rxpck/s   txpck/s    rxkB/s    txkB/s   rxcmp/s   txcmp/s  rxmcst/s   %ifutil
16:17:22         ens5    357.00    256.00    334.97    204.02      0.00      0.00      0.00      0.00

16:17:22        IFACE   rxpck/s   txpck/s    rxkB/s    txkB/s   rxcmp/s   txcmp/s  rxmcst/s   %ifutil
16:17:23         ens5    357.00    254.00    333.84    202.68      0.00      0.00      0.00      0.00

16:17:23        IFACE   rxpck/s   txpck/s    rxkB/s    txkB/s   rxcmp/s   txcmp/s  rxmcst/s   %ifutil
16:17:24         ens5    356.00    254.00    334.94    203.92      0.00      0.00      0.00      0.00

16:17:24        IFACE   rxpck/s   txpck/s    rxkB/s    txkB/s   rxcmp/s   txcmp/s  rxmcst/s   %ifutil
16:17:25         ens5    352.00    251.00    334.67    203.60      0.00      0.00      0.00      0.00

16:17:25        IFACE   rxpck/s   txpck/s    rxkB/s    txkB/s   rxcmp/s   txcmp/s  rxmcst/s   %ifutil
16:17:26         ens5    359.00    254.00    335.16    203.78      0.00      0.00      0.00      0.00

16:17:26        IFACE   rxpck/s   txpck/s    rxkB/s    txkB/s   rxcmp/s   txcmp/s  rxmcst/s   %ifutil
16:17:27         ens5    366.00    254.00    335.59    203.96      0.00      0.00      0.00      0.00

16:17:27        IFACE   rxpck/s   txpck/s    rxkB/s    txkB/s   rxcmp/s   txcmp/s  rxmcst/s   %ifutil
16:17:28         ens5    356.00    254.00    334.88    203.90      0.00      0.00      0.00      0.00

16:17:28        IFACE   rxpck/s   txpck/s    rxkB/s    txkB/s   rxcmp/s   txcmp/s  rxmcst/s   %ifutil
16:17:29         ens5    358.00    253.00    335.15    203.96      0.00      0.00      0.00      0.00

16:17:29        IFACE   rxpck/s   txpck/s    rxkB/s    txkB/s   rxcmp/s   txcmp/s  rxmcst/s   %ifutil
16:17:30         ens5    360.00    245.00    333.75    195.29      0.00      0.00      0.00      0.00

16:17:30        IFACE   rxpck/s   txpck/s    rxkB/s    txkB/s   rxcmp/s   txcmp/s  rxmcst/s   %ifutil
16:17:31         ens5    359.00    250.00    335.10    203.54      0.00      0.00      0.00      0.00

16:17:31        IFACE   rxpck/s   txpck/s    rxkB/s    txkB/s   rxcmp/s   txcmp/s  rxmcst/s   %ifutil
16:17:32         ens5    359.00    253.00    335.15    203.88      0.00      0.00      0.00      0.00

16:17:32        IFACE   rxpck/s   txpck/s    rxkB/s    txkB/s   rxcmp/s   txcmp/s  rxmcst/s   %ifutil
16:17:33         ens5    352.00    262.00    334.77    212.45      0.00      0.00      0.00      0.00

16:17:33        IFACE   rxpck/s   txpck/s    rxkB/s    txkB/s   rxcmp/s   txcmp/s  rxmcst/s   %ifutil
16:17:34         ens5    363.00    247.00    335.31    195.44      0.00      0.00      0.00      0.00

16:17:34        IFACE   rxpck/s   txpck/s    rxkB/s    txkB/s   rxcmp/s   txcmp/s  rxmcst/s   %ifutil
16:17:35         ens5    360.00    253.00    335.19    203.87      0.00      0.00      0.00      0.00

16:17:35        IFACE   rxpck/s   txpck/s    rxkB/s    txkB/s   rxcmp/s   txcmp/s  rxmcst/s   %ifutil
16:17:36         ens5    356.00    250.00    334.93    203.58      0.00      0.00      0.00      0.00

16:17:36        IFACE   rxpck/s   txpck/s    rxkB/s    txkB/s   rxcmp/s   txcmp/s  rxmcst/s   %ifutil
16:17:37         ens5    346.00    249.00    325.88    203.49      0.00      0.00      0.00      0.00

16:17:37        IFACE   rxpck/s   txpck/s    rxkB/s    txkB/s   rxcmp/s   txcmp/s  rxmcst/s   %ifutil
16:17:38         ens5    356.00    256.00    334.98    204.09      0.00      0.00      0.00      0.00

16:17:38        IFACE   rxpck/s   txpck/s    rxkB/s    txkB/s   rxcmp/s   txcmp/s  rxmcst/s   %ifutil
16:17:39         ens5    358.00    253.00    335.05    203.81      0.00      0.00      0.00      0.00

16:17:39        IFACE   rxpck/s   txpck/s    rxkB/s    txkB/s   rxcmp/s   txcmp/s  rxmcst/s   %ifutil
16:17:40         ens5    361.00    254.00    335.22    203.92      0.00      0.00      0.00      0.00

16:17:40        IFACE   rxpck/s   txpck/s    rxkB/s    txkB/s   rxcmp/s   txcmp/s  rxmcst/s   %ifutil
16:17:41         ens5    352.00    252.00    325.90    202.43      0.00      0.00      0.00      0.00

16:17:41        IFACE   rxpck/s   txpck/s    rxkB/s    txkB/s   rxcmp/s   txcmp/s  rxmcst/s   %ifutil
16:17:42         ens5    366.00    255.00    344.34    205.22      0.00      0.00      0.00      0.00

16:17:42        IFACE   rxpck/s   txpck/s    rxkB/s    txkB/s   rxcmp/s   txcmp/s  rxmcst/s   %ifutil
16:17:43         ens5    351.00    254.00    325.86    202.65      0.00      0.00      0.00      0.00

16:17:43        IFACE   rxpck/s   txpck/s    rxkB/s    txkB/s   rxcmp/s   txcmp/s  rxmcst/s   %ifutil
16:17:44         ens5    360.00    252.00    335.13    203.76      0.00      0.00      0.00      0.00

16:17:44        IFACE   rxpck/s   txpck/s    rxkB/s    txkB/s   rxcmp/s   txcmp/s  rxmcst/s   %ifutil
16:17:45         ens5    354.00    249.00    332.35    200.72      0.00      0.00      0.00      0.00

16:17:45        IFACE   rxpck/s   txpck/s    rxkB/s    txkB/s   rxcmp/s   txcmp/s  rxmcst/s   %ifutil
16:17:46         ens5    356.00    253.00    334.94    203.84      0.00      0.00      0.00      0.00

16:17:46        IFACE   rxpck/s   txpck/s    rxkB/s    txkB/s   rxcmp/s   txcmp/s  rxmcst/s   %ifutil
16:17:47         ens5    359.00    256.00    335.09    203.97      0.00      0.00      0.00      0.00

16:17:47        IFACE   rxpck/s   txpck/s    rxkB/s    txkB/s   rxcmp/s   txcmp/s  rxmcst/s   %ifutil
16:17:48         ens5    357.00    253.00    335.08    203.86      0.00      0.00      0.00      0.00

16:17:48        IFACE   rxpck/s   txpck/s    rxkB/s    txkB/s   rxcmp/s   txcmp/s  rxmcst/s   %ifutil
16:17:49         ens5    354.00    252.00    333.72    202.56      0.00      0.00      0.00      0.00

16:17:49        IFACE   rxpck/s   txpck/s    rxkB/s    txkB/s   rxcmp/s   txcmp/s  rxmcst/s   %ifutil
16:17:50         ens5    355.00    249.00    334.82    203.50      0.00      0.00      0.00      0.00

16:17:50        IFACE   rxpck/s   txpck/s    rxkB/s    txkB/s   rxcmp/s   txcmp/s  rxmcst/s   %ifutil
16:17:51         ens5    357.00    254.00    333.61    203.91      0.00      0.00      0.00      0.00

16:17:51        IFACE   rxpck/s   txpck/s    rxkB/s    txkB/s   rxcmp/s   txcmp/s  rxmcst/s   %ifutil
16:17:52         ens5    348.00    246.00    325.90    195.39      0.00      0.00      0.00      0.00

16:17:52        IFACE   rxpck/s   txpck/s    rxkB/s    txkB/s   rxcmp/s   txcmp/s  rxmcst/s   %ifutil
16:17:53         ens5    365.00    256.00    344.09    204.07      0.00      0.00      0.00      0.00

16:17:53        IFACE   rxpck/s   txpck/s    rxkB/s    txkB/s   rxcmp/s   txcmp/s  rxmcst/s   %ifutil
16:17:54         ens5    357.00    254.00    335.02    203.93      0.00      0.00      0.00      0.00

16:17:54        IFACE   rxpck/s   txpck/s    rxkB/s    txkB/s   rxcmp/s   txcmp/s  rxmcst/s   %ifutil
16:17:55         ens5    351.00    253.00    326.09    203.87      0.00      0.00      0.00      0.00

16:17:55        IFACE   rxpck/s   txpck/s    rxkB/s    txkB/s   rxcmp/s   txcmp/s  rxmcst/s   %ifutil
16:17:56         ens5    367.00    257.00    344.14    204.15      0.00      0.00      0.00      0.00

16:17:56        IFACE   rxpck/s   txpck/s    rxkB/s    txkB/s   rxcmp/s   txcmp/s  rxmcst/s   %ifutil
16:17:57         ens5    358.00    262.00    335.03    212.47      0.00      0.00      0.00      0.00

16:17:57        IFACE   rxpck/s   txpck/s    rxkB/s    txkB/s   rxcmp/s   txcmp/s  rxmcst/s   %ifutil
16:17:58         ens5    338.00    242.00    316.54    193.76      0.00      0.00      0.00      0.00

16:17:58        IFACE   rxpck/s   txpck/s    rxkB/s    txkB/s   rxcmp/s   txcmp/s  rxmcst/s   %ifutil
16:17:59         ens5    357.00    249.00    332.49    200.66      0.00      0.00      0.00      0.00

16:17:59        IFACE   rxpck/s   txpck/s    rxkB/s    txkB/s   rxcmp/s   txcmp/s  rxmcst/s   %ifutil
16:18:00         ens5    326.00    232.00    308.19    187.84      0.00      0.00      0.00      0.00

16:18:00        IFACE   rxpck/s   txpck/s    rxkB/s    txkB/s   rxcmp/s   txcmp/s  rxmcst/s   %ifutil
16:18:01         ens5    235.00    161.00    217.15    130.91      0.00      0.00      0.00      0.00

16:18:01        IFACE   rxpck/s   txpck/s    rxkB/s    txkB/s   rxcmp/s   txcmp/s  rxmcst/s   %ifutil
16:18:02         ens5    257.00    178.00    239.37    145.39      0.00      0.00      0.00      0.00

16:18:02        IFACE   rxpck/s   txpck/s    rxkB/s    txkB/s   rxcmp/s   txcmp/s  rxmcst/s   %ifutil
16:18:03         ens5    354.00    250.00    333.43    203.54      0.00      0.00      0.00      0.00

16:18:03        IFACE   rxpck/s   txpck/s    rxkB/s    txkB/s   rxcmp/s   txcmp/s  rxmcst/s   %ifutil
16:18:04         ens5    351.00    242.00    326.07    195.06      0.00      0.00      0.00      0.00

16:18:04        IFACE   rxpck/s   txpck/s    rxkB/s    txkB/s   rxcmp/s   txcmp/s  rxmcst/s   %ifutil
16:18:05         ens5    360.00    253.00    335.20    203.86      0.00      0.00      0.00      0.00

16:18:05        IFACE   rxpck/s   txpck/s    rxkB/s    txkB/s   rxcmp/s   txcmp/s  rxmcst/s   %ifutil
16:18:06         ens5    365.00    263.00    344.07    212.55      0.00      0.00      0.00      0.00

16:18:06        IFACE   rxpck/s   txpck/s    rxkB/s    txkB/s   rxcmp/s   txcmp/s  rxmcst/s   %ifutil
16:18:07         ens5    347.00    242.00    325.87    195.08      0.00      0.00      0.00      0.00

16:18:07        IFACE   rxpck/s   txpck/s    rxkB/s    txkB/s   rxcmp/s   txcmp/s  rxmcst/s   %ifutil
16:18:08         ens5    356.00    257.00    334.96    204.14      0.00      0.00      0.00      0.00

16:18:08        IFACE   rxpck/s   txpck/s    rxkB/s    txkB/s   rxcmp/s   txcmp/s  rxmcst/s   %ifutil
16:18:09         ens5    356.00    251.00    334.95    203.59      0.00      0.00      0.00      0.00

16:18:09        IFACE   rxpck/s   txpck/s    rxkB/s    txkB/s   rxcmp/s   txcmp/s  rxmcst/s   %ifutil
16:18:10         ens5    354.00    252.00    326.00    202.50      0.00      0.00      0.00      0.00

16:18:10        IFACE   rxpck/s   txpck/s    rxkB/s    txkB/s   rxcmp/s   txcmp/s  rxmcst/s   %ifutil
16:18:11         ens5    358.00    251.00    335.08    203.67      0.00      0.00      0.00      0.00

16:18:11        IFACE   rxpck/s   txpck/s    rxkB/s    txkB/s   rxcmp/s   txcmp/s  rxmcst/s   %ifutil
16:18:12         ens5    363.00    252.00    335.29    203.69      0.00      0.00      0.00      0.00

16:18:12        IFACE   rxpck/s   txpck/s    rxkB/s    txkB/s   rxcmp/s   txcmp/s  rxmcst/s   %ifutil
16:18:13         ens5    363.00    251.00    335.34    203.62      0.00      0.00      0.00      0.00

16:18:13        IFACE   rxpck/s   txpck/s    rxkB/s    txkB/s   rxcmp/s   txcmp/s  rxmcst/s   %ifutil
16:18:14         ens5    367.00    255.00    344.37    205.24      0.00      0.00      0.00      0.00

16:18:14        IFACE   rxpck/s   txpck/s    rxkB/s    txkB/s   rxcmp/s   txcmp/s  rxmcst/s   %ifutil
16:18:15         ens5    355.00    253.00    326.09    202.64      0.00      0.00      0.00      0.00

16:18:15        IFACE   rxpck/s   txpck/s    rxkB/s    txkB/s   rxcmp/s   txcmp/s  rxmcst/s   %ifutil
16:18:16         ens5    361.00    254.00    335.21    203.94      0.00      0.00      0.00      0.00

16:18:16        IFACE   rxpck/s   txpck/s    rxkB/s    txkB/s   rxcmp/s   txcmp/s  rxmcst/s   %ifutil
16:18:17         ens5    360.00    253.00    335.12    203.85      0.00      0.00      0.00      0.00

16:18:17        IFACE   rxpck/s   txpck/s    rxkB/s    txkB/s   rxcmp/s   txcmp/s  rxmcst/s   %ifutil
16:18:18         ens5    360.00    254.00    335.18    203.91      0.00      0.00      0.00      0.00

16:18:18        IFACE   rxpck/s   txpck/s    rxkB/s    txkB/s   rxcmp/s   txcmp/s  rxmcst/s   %ifutil
16:18:19         ens5    363.00    255.00    335.28    203.98      0.00      0.00      0.00      0.00

16:18:19        IFACE   rxpck/s   txpck/s    rxkB/s    txkB/s   rxcmp/s   txcmp/s  rxmcst/s   %ifutil
16:18:20         ens5    363.00    254.00    333.97    203.92      0.00      0.00      0.00      0.00

16:18:20        IFACE   rxpck/s   txpck/s    rxkB/s    txkB/s   rxcmp/s   txcmp/s  rxmcst/s   %ifutil
16:18:21         ens5    361.00    253.00    336.54    203.86      0.00      0.00      0.00      0.00

16:18:21        IFACE   rxpck/s   txpck/s    rxkB/s    txkB/s   rxcmp/s   txcmp/s  rxmcst/s   %ifutil
16:18:22         ens5    362.00    254.00    335.24    203.92      0.00      0.00      0.00      0.00

16:18:22        IFACE   rxpck/s   txpck/s    rxkB/s    txkB/s   rxcmp/s   txcmp/s  rxmcst/s   %ifutil
16:18:23         ens5    358.00    248.00    332.58    200.68      0.00      0.00      0.00      0.00

16:18:23        IFACE   rxpck/s   txpck/s    rxkB/s    txkB/s   rxcmp/s   txcmp/s  rxmcst/s   %ifutil
16:18:24         ens5    359.00    256.00    335.10    204.06      0.00      0.00      0.00      0.00

16:18:24        IFACE   rxpck/s   txpck/s    rxkB/s    txkB/s   rxcmp/s   txcmp/s  rxmcst/s   %ifutil
16:18:25         ens5    362.00    253.00    335.20    203.77      0.00      0.00      0.00      0.00

16:18:25        IFACE   rxpck/s   txpck/s    rxkB/s    txkB/s   rxcmp/s   txcmp/s  rxmcst/s   %ifutil
16:18:26         ens5    360.00    253.00    334.02    202.62      0.00      0.00      0.00      0.00

16:18:26        IFACE   rxpck/s   txpck/s    rxkB/s    txkB/s   rxcmp/s   txcmp/s  rxmcst/s   %ifutil
16:18:27         ens5    354.00    252.00    333.34    203.71      0.00      0.00      0.00      0.00

16:18:27        IFACE   rxpck/s   txpck/s    rxkB/s    txkB/s   rxcmp/s   txcmp/s  rxmcst/s   %ifutil
16:18:28         ens5    109.00     75.00     97.54     58.47      0.00      0.00      0.00      0.00

16:18:28        IFACE   rxpck/s   txpck/s    rxkB/s    txkB/s   rxcmp/s   txcmp/s  rxmcst/s   %ifutil
16:18:29         ens5      0.00      0.00      0.00      0.00      0.00      0.00      0.00      0.00

16:18:29        IFACE   rxpck/s   txpck/s    rxkB/s    txkB/s   rxcmp/s   txcmp/s  rxmcst/s   %ifutil
16:18:30         ens5      0.00      0.00      0.00      0.00      0.00      0.00      0.00      0.00

16:18:30        IFACE   rxpck/s   txpck/s    rxkB/s    txkB/s   rxcmp/s   txcmp/s  rxmcst/s   %ifutil
16:18:31         ens5      1.00      1.00      0.07      0.09      0.00      0.00      0.00      0.00


Average:        IFACE   rxpck/s   txpck/s    rxkB/s    txkB/s   rxcmp/s   txcmp/s  rxmcst/s   %ifutil
Average:         ens5    310.81    219.43    289.35    175.96      0.00      0.00      0.00      0.00
