Linux 7.0.0-1010-aws (ip-172-31-20-134) 	08/11/26 	_x86_64_	(2 CPU)

16:54:38        CPU     %user     %nice   %system   %iowait    %steal     %idle
16:54:39        all      1.50      0.00      2.00      0.00      0.50     96.00
16:54:40        all      0.00      0.00      0.00      0.00      0.00    100.00
16:54:41        all      1.01      0.00      0.00      0.00      0.00     98.99
16:54:42        all      0.00      0.00      0.00      0.00      0.00    100.00
16:54:43        all      0.00      0.00      0.00      0.00      0.00    100.00
16:54:44        all      5.53      0.00      1.51      0.00      0.00     92.96
16:54:45        all      0.50      0.00      0.50      0.00      0.00     98.99
16:54:46        all      0.50      0.00      0.50      0.00      0.00     99.00
16:54:47        all      0.00      0.00      0.00      0.00      0.00    100.00
16:54:48        all      0.50      0.00      0.00      1.00      0.00     98.50
16:54:49        all      0.00      0.00      0.00      0.00      0.00    100.00
16:54:50        all     19.70      0.00      3.03      0.00      0.00     77.27
16:54:51        all     82.23      0.00     10.66      0.00      0.00      7.11
16:54:52        all     86.50      0.00     11.50      0.00      0.00      2.00
16:54:53        all     29.65      0.00      3.52      0.00      0.50     66.33
16:54:54        all      0.00      0.00      0.00      0.00      0.00    100.00
16:54:55        all      0.51      0.00      0.51      0.00      0.00     98.99
16:54:56        all      1.00      0.00      0.00      0.00      0.00     99.00
16:54:57        all      0.00      0.00      0.00      0.00      0.00    100.00
16:54:58        all      0.00      0.00      0.00      0.00      0.00    100.00
16:54:59        all      4.55      0.00      1.52      0.00      0.00     93.94
16:55:00        all      0.50      0.00      0.00      0.00      1.00     98.51
16:55:01        all      0.50      0.00      0.00      0.00      0.00     99.50
16:55:02        all      3.90      0.00      0.49      0.00      2.93     92.68
16:55:03        all      0.51      0.00      0.00      0.00      0.00     99.49

Average:        all      9.54      0.00      1.43      0.04      0.20     88.80
