Linux 7.0.0-1010-aws (ip-172-31-31-224) 	08/11/26 	_x86_64_	(2 CPU)

07:16:41        CPU     %user     %nice   %system   %iowait    %steal     %idle
07:16:42        all     51.27      0.00      5.08      0.00      0.51     43.15
07:16:43        all     50.25      0.00      3.98      0.00      1.00     44.78
07:16:44        all     57.07      0.00      3.54      0.00      0.00     39.39
07:16:45        all     46.23      0.00      4.52      0.00      2.01     47.24
07:16:46        all     50.00      0.00      3.03      0.00      1.01     45.96
07:16:47        all     51.52      0.00      2.53      0.00      0.00     45.96
07:16:48        all     49.50      0.00      3.96      0.50      0.99     45.05
07:16:49        all     50.51      0.00      5.05      0.00      0.00     44.44
07:16:50        all      0.50      0.00      1.00      0.00      0.00     98.51
07:16:51        all      0.50      0.00      0.99      0.00      0.50     98.02
07:16:52        all      0.00      0.00      0.00      0.00      0.00    100.00
07:16:53        all      1.52      0.00      0.51      0.00      0.51     97.47
07:16:54        all      1.52      0.00      2.53      0.00      1.01     94.95
07:16:55        all      4.06      0.00      0.51      0.00      0.00     95.43
07:16:56        all      0.00      0.00      0.50      0.00      0.00     99.50
07:16:57        all      0.00      0.00      0.50      0.00      0.00     99.50
07:16:58        all      0.51      0.00      0.00      0.00      0.00     99.49
07:16:59        all      5.00      0.00      1.50      0.00      0.50     93.00

Average:        all     23.31      0.00      2.21      0.03      0.45     74.01
