Linux 7.0.0-1010-aws (ip-172-31-31-224) 	08/11/26 	_x86_64_	(2 CPU)

07:16:41    kbmemfree   kbavail kbmemused  %memused kbbuffers  kbcached  kbcommit   %commit  kbactive   kbinact   kbdirty
07:16:42       755996   1279548    451308     23.13     15564    649940   1610420     82.55    378948    638352       140
07:16:43       684932   1208484    522372     26.78     15564    649940   1681388     86.19    451376    638352       140
07:16:44       613616   1137176    593676     30.43     15564    649952   1751796     89.79    518900    638360       152
07:16:45       517100   1040664    690192     35.38     15564    649952   1843972     94.52    613860    638364       152
07:16:46       437720    961320    769536     39.45     15564    649988   1927808     98.82    697400    638364       152
07:16:47       397652    921276    809580     41.50     15588    649988   1969728    100.97    740300    638388       152
07:16:48       301388    825012    905844     46.43     15588    649988   2070260    106.12    836848    638388        36
07:16:49       156236    679864   1050992     53.87     15588    649992   2207492    113.15    977956    638392        40
07:16:50       156236    679864   1050992     53.87     15588    649992   2207492    113.15    977956    638392        40
07:16:51       156236    679864   1050992     53.87     15588    649992   2211588    113.36    978576    638392        40
07:16:52       156236    679864   1050992     53.87     15588    649992   2211588    113.36    978576    638392        40
07:16:53       156236    679864   1050992     53.87     15588    649992   2211588    113.36    978576    638392        40
07:16:54       156236    679864   1050988     53.87     15588    649996   2211588    113.36    978576    638392        44
07:16:55       156236    679864   1050988     53.87     15588    649996   2211588    113.36    978576    638392        44
07:16:56       156236    679864   1050988     53.87     15588    649996   2211588    113.36    978576    638392        44
07:16:57       156236    679864   1050988     53.87     15588    649996   2211588    113.36    978576    638392        44
07:16:58       156236    679864   1050988     53.87     15588    649996   2211588    113.36    978576    638392        44
07:16:59       156236    679876   1050976     53.87     15588    650008   2211588    113.36    978604    638404        56

Average:       301500    825111    905744     46.43     15581    649983   2065258    105.86    833375    638383        78
