Linux 7.0.0-1008-aws (ip-172-31-31-224) 	07/24/26 	_x86_64_	(2 CPU)

06:21:11    kbmemfree   kbavail kbmemused  %memused kbbuffers  kbcached  kbcommit   %commit  kbactive   kbinact   kbdirty
06:21:12       461672   1346744    352656     18.08     13308    988584   1498056     76.79    774352    494556       252
06:21:13       461672   1346744    352656     18.08     13308    988584   1498056     76.79    774352    494556       252
06:21:14       461672   1346744    352648     18.08     13308    988592   1498056     76.79    774360    494556       260
06:21:15       461672   1346744    352644     18.08     13308    988596   1498056     76.79    774360    494556       264
06:21:16       461672   1346744    352644     18.08     13308    988596   1498056     76.79    774360    494556       264
06:21:17       461672   1346744    352644     18.08     13308    988596   1498056     76.79    774360    494556       264
06:21:18       461672   1346744    352644     18.08     13308    988596   1498056     76.79    774360    494556       264
06:21:19       461672   1346744    352644     18.08     13308    988596   1498056     76.79    774360    494556       264
06:21:20       461672   1346744    352640     18.08     13308    988600   1498056     76.79    774360    494556       268
06:21:21       461672   1346744    352640     18.08     13308    988600   1498056     76.79    774360    494556       268
06:21:22       461672   1346752    352640     18.08     13308    988600   1498056     76.79    775252    494564       224
06:21:23       461672   1346752    352640     18.08     13308    988600   1498056     76.79    775252    494564       224
06:21:24       461672   1346752    352640     18.08     13308    988600   1498056     76.79    775252    494564       224
06:21:25       461672   1346752    352636     18.08     13308    988604   1498056     76.79    775252    494564       232
06:21:26       461672   1346752    352636     18.08     13308    988604   1498056     76.79    775252    494564       232
06:21:27       461672   1346764    352628     18.08     13308    988604   1498312     76.81    775488    494576       232
06:21:28       461672   1346764    352628     18.08     13308    988604   1502408     77.02    775992    494576       232
06:21:29       461672   1346764    352620     18.08     13308    988612   1502664     77.03    777364    494576       240
06:21:30       461672   1346764    352616     18.08     13308    988616   1502664     77.03    777364    494576       244
06:21:31       461672   1346776    352616     18.08     13308    988616   1502664     77.03    778924    494588       244
06:21:32       461672   1346780    352612     18.08     13308    988620   1502664     77.03    779912    494592       248
06:21:33       461672   1346780    352612     18.08     13308    988620   1502664     77.03    779952    494592       248
06:21:34       461672   1346780    352612     18.08     13308    988620   1502664     77.03    779616    494592       248
06:21:35       461672   1346780    352608     18.08     13308    988624   1502664     77.03    779656    494592       252
06:21:36       461672   1346808    352584     18.07     13332    988624   1502664     77.03    779784    494620       204
06:21:37       461672   1346808    352584     18.07     13332    988624   1502664     77.03    779788    494620       176
06:21:38       461672   1346808    352584     18.07     13332    988624   1502664     77.03    779932    494620        40
06:21:39       461672   1346808    352584     18.07     13332    988624   1502664     77.03    779932    494620        40
06:21:40       461672   1346808    352580     18.07     13332    988628   1502664     77.03    779932    494620        44
06:21:41       461672   1346808    352580     18.07     13332    988628   1502664     77.03    779932    494620        44
06:21:42       461672   1346808    352580     18.07     13332    988628   1502664     77.03    779932    494620        44


Average:       461672   1346768    352622     18.08     13313    988609   1500286     76.91    776882    494580       211
