Linux 7.0.0-1008-aws (ip-172-31-20-134) 	07/24/26 	_x86_64_	(2 CPU)

16:21:20        IFACE   rxpck/s   txpck/s    rxkB/s    txkB/s   rxcmp/s   txcmp/s  rxmcst/s   %ifutil
16:21:21         ens5     55.00     57.00      4.62      6.04      0.00      0.00      0.00      0.00

16:21:21        IFACE   rxpck/s   txpck/s    rxkB/s    txkB/s   rxcmp/s   txcmp/s  rxmcst/s   %ifutil
16:21:22         ens5     51.00     50.00      4.34      4.97      0.00      0.00      0.00      0.00

16:21:22        IFACE   rxpck/s   txpck/s    rxkB/s    txkB/s   rxcmp/s   txcmp/s  rxmcst/s   %ifutil
16:21:23         ens5      0.00      0.00      0.00      0.00      0.00      0.00      0.00      0.00

16:21:23        IFACE   rxpck/s   txpck/s    rxkB/s    txkB/s   rxcmp/s   txcmp/s  rxmcst/s   %ifutil
16:21:24         ens5      0.00      0.00      0.00      0.00      0.00      0.00      0.00      0.00

16:21:24        IFACE   rxpck/s   txpck/s    rxkB/s    txkB/s   rxcmp/s   txcmp/s  rxmcst/s   %ifutil
16:21:25         ens5      0.00      0.00      0.00      0.00      0.00      0.00      0.00      0.00

16:21:25        IFACE   rxpck/s   txpck/s    rxkB/s    txkB/s   rxcmp/s   txcmp/s  rxmcst/s   %ifutil
16:21:26         ens5    192.00    132.00    152.18     85.39      0.00      0.00      0.00      0.00

16:21:26        IFACE   rxpck/s   txpck/s    rxkB/s    txkB/s   rxcmp/s   txcmp/s  rxmcst/s   %ifutil
16:21:27         ens5    274.00    196.00    203.75    130.12      0.00      0.00      0.00      0.00

16:21:27        IFACE   rxpck/s   txpck/s    rxkB/s    txkB/s   rxcmp/s   txcmp/s  rxmcst/s   %ifutil
16:21:28         ens5    261.00    197.00    199.84    126.38      0.00      0.00      0.00      0.00

16:21:28        IFACE   rxpck/s   txpck/s    rxkB/s    txkB/s   rxcmp/s   txcmp/s  rxmcst/s   %ifutil
16:21:29         ens5    255.00    199.00    206.18    128.24      0.00      0.00      0.00      0.00

16:21:29        IFACE   rxpck/s   txpck/s    rxkB/s    txkB/s   rxcmp/s   txcmp/s  rxmcst/s   %ifutil
16:21:30         ens5    246.00    196.00    200.15    127.63      0.00      0.00      0.00      0.00

16:21:30        IFACE   rxpck/s   txpck/s    rxkB/s    txkB/s   rxcmp/s   txcmp/s  rxmcst/s   %ifutil
16:21:31         ens5    254.00    197.00    208.28    130.54      0.00      0.00      0.00      0.00

16:21:31        IFACE   rxpck/s   txpck/s    rxkB/s    txkB/s   rxcmp/s   txcmp/s  rxmcst/s   %ifutil
16:21:32         ens5    247.00    195.00    198.83    126.04      0.00      0.00      0.00      0.00

16:21:32        IFACE   rxpck/s   txpck/s    rxkB/s    txkB/s   rxcmp/s   txcmp/s  rxmcst/s   %ifutil
16:21:33         ens5    258.00    202.00    209.99    132.45      0.00      0.00      0.00      0.00

16:21:33        IFACE   rxpck/s   txpck/s    rxkB/s    txkB/s   rxcmp/s   txcmp/s  rxmcst/s   %ifutil
16:21:34         ens5    248.00    193.00    202.53    129.53      0.00      0.00      0.00      0.00

16:21:34        IFACE   rxpck/s   txpck/s    rxkB/s    txkB/s   rxcmp/s   txcmp/s  rxmcst/s   %ifutil
16:21:35         ens5    254.00    206.00    206.15    128.96      0.00      0.00      0.00      0.00

16:21:35        IFACE   rxpck/s   txpck/s    rxkB/s    txkB/s   rxcmp/s   txcmp/s  rxmcst/s   %ifutil
16:21:36         ens5    245.00    198.00    199.84    127.74      0.00      0.00      0.00      0.00

16:21:36        IFACE   rxpck/s   txpck/s    rxkB/s    txkB/s   rxcmp/s   txcmp/s  rxmcst/s   %ifutil
16:21:37         ens5    107.00     85.00     87.09     54.69      0.00      0.00      0.00      0.00

16:21:37        IFACE   rxpck/s   txpck/s    rxkB/s    txkB/s   rxcmp/s   txcmp/s  rxmcst/s   %ifutil
16:21:38         ens5      1.00      1.00      0.07      0.09      0.00      0.00      0.00      0.00

16:21:38        IFACE   rxpck/s   txpck/s    rxkB/s    txkB/s   rxcmp/s   txcmp/s  rxmcst/s   %ifutil
16:21:39         ens5      0.00      0.00      0.00      0.00      0.00      0.00      0.00      0.00

16:21:39        IFACE   rxpck/s   txpck/s    rxkB/s    txkB/s   rxcmp/s   txcmp/s  rxmcst/s   %ifutil
16:21:40         ens5      0.00      0.00      0.00      0.00      0.00      0.00      0.00      0.00

16:21:40        IFACE   rxpck/s   txpck/s    rxkB/s    txkB/s   rxcmp/s   txcmp/s  rxmcst/s   %ifutil
16:21:41         ens5      0.00      0.00      0.00      0.00      0.00      0.00      0.00      0.00

16:21:41        IFACE   rxpck/s   txpck/s    rxkB/s    txkB/s   rxcmp/s   txcmp/s  rxmcst/s   %ifutil
16:21:42         ens5      0.00      0.00      0.00      0.00      0.00      0.00      0.00      0.00


Average:        IFACE   rxpck/s   txpck/s    rxkB/s    txkB/s   rxcmp/s   txcmp/s  rxmcst/s   %ifutil
Average:         ens5    134.00    104.73    103.81     65.40      0.00      0.00      0.00      0.00
