Linux 7.0.0-1008-aws (ip-172-31-20-134) 	07/24/26 	_x86_64_	(2 CPU)

16:21:20    kbmemfree   kbavail kbmemused  %memused kbbuffers  kbcached  kbcommit   %commit  kbactive   kbinact   kbdirty
16:21:21       365076   1327480    369576     18.94     45992   1032356   1374800     70.47    285156   1048600       484
16:21:22       365076   1327480    369576     18.94     45992   1032356   1374800     70.47    285156   1048600       484
16:21:23       365364   1327768    369288     18.93     45992   1032356   1374800     70.47    285156   1048600       484
16:21:24       365364   1327768    369288     18.93     45992   1032356   1374800     70.47    285156   1048600       484
16:21:25       365364   1327768    369288     18.93     45992   1032356   1374800     70.47    285156   1048600       484
16:21:26       363628   1326040    371020     19.02     45992   1032360   1375312     70.50    287752   1048608       488
16:21:27       361612   1324464    372564     19.10     45992   1032832   1379408     70.71    289112   1049048       960
16:21:28       360352   1323560    373500     19.15     45992   1033156   1379408     70.71    289164   1049404      1284
16:21:29       360100   1323632    373396     19.14     45992   1033480   1379408     70.71    290208   1049724      1604
16:21:30       359596   1323396    373572     19.15     45992   1033808   1379408     70.71    290436   1049992      1932
16:21:31       358840   1323020    374004     19.17     45992   1034132   1379408     70.71    291048   1050372      2256
16:21:32       358084   1322592    374432     19.19     45992   1034460   1379408     70.71    291208   1050700      2540
16:21:33       357580   1322312    374620     19.20     45992   1034776   1379408     70.71    291480   1050924      2860
16:21:34       356320   1321484    375544     19.25     45992   1035112   1379408     70.71    291920   1051356      3196
16:21:35       355816   1321300    375728     19.26     45992   1035432   1379408     70.71    292096   1051676      3516
16:21:36       355564   1321328    375648     19.26     45992   1035764   1379408     70.71    292188   1051956      3848
16:21:37       355060   1320956    376072     19.28     45992   1035844   1379408     70.71    292552   1052088      3928
16:21:38       355060   1321048    375932     19.27     45992   1035984   1379408     70.71    292584   1052180      4068
16:21:39       355060   1321048    375932     19.27     45992   1035984   1379408     70.71    292584   1052180      4068
16:21:40       355060   1321048    375932     19.27     45992   1035984   1379408     70.71    292584   1052180      4068
16:21:41       355060   1321048    375924     19.27     45992   1035992   1379408     70.71    292584   1052180      4076
16:21:42       355060   1321048    375924     19.27     45992   1035992   1379408     70.71    292584   1052180      4076

Average:       359277   1323527    373489     19.15     45992   1034221   1378175     70.65    289903   1050443      2327
