Linux 7.0.0-1008-aws (ip-172-31-20-134) 	08/07/26 	_x86_64_	(2 CPU)

16:05:16        CPU     %user     %nice   %system   %iowait    %steal     %idle
16:05:17        all      2.49      0.00      1.99      0.00      0.50     95.02
16:05:18        all      0.00      0.00      0.50      0.00      0.00     99.50
16:05:19        all      0.00      0.00      0.00      0.00      0.00    100.00
16:05:20        all      1.00      0.00      0.00      0.00      0.00     99.00
16:05:21        all      0.00      0.00      0.50      0.00      0.00     99.50
16:05:22        all      0.50      0.00      0.00      0.00      0.00     99.50
16:05:23        all      0.00      0.00      0.50      0.00      0.00     99.50
16:05:24        all     10.20      0.00      1.02      0.00      0.00     88.78
16:05:25        all      8.59      0.00      1.52      0.00      0.00     89.90
16:05:26        all      8.16      0.00      1.53      0.00      0.00     90.31
16:05:27        all      9.14      0.00      1.52      0.00      0.00     89.34
16:05:28        all      9.55      0.00      1.51      0.00      0.00     88.94
16:05:29        all     13.92      0.00      2.06      0.00      0.00     84.02
16:05:30        all      9.55      0.00      1.51      0.00      0.00     88.94
16:05:31        all      8.67      0.00      1.02      0.00      0.00     90.31
16:05:32        all      9.14      0.00      2.03      0.00      0.00     88.83
16:05:33        all      8.72      0.00      1.03      0.00      0.00     90.26
16:05:34        all      8.72      0.00      1.54      0.00      0.00     89.74
16:05:35        all      9.55      0.00      1.01      0.00      0.00     89.45
16:05:36        all      8.72      0.00      1.03      0.00      0.00     90.26
16:05:37        all      8.67      0.00      1.53      0.00      0.00     89.80
16:05:38        all      8.12      0.00      1.52      0.00      0.00     90.36
16:05:39        all      9.14      0.00      1.52      0.00      0.00     89.34
16:05:40        all      8.67      0.00      1.02      0.00      0.00     90.31
16:05:41        all      8.59      0.00      1.52      0.00      0.00     89.90
16:05:42        all      9.14      0.00      1.52      0.00      0.00     89.34
16:05:43        all      8.12      0.00      2.03      0.00      0.51     89.34
16:05:44        all     14.21      0.00      2.03      0.00      0.00     83.76
16:05:45        all      9.18      0.00      1.53      0.00      0.00     89.29
16:05:46        all      8.16      0.00      1.53      0.00      0.00     90.31
16:05:47        all      9.09      0.00      2.02      1.52      0.00     87.37
16:05:48        all      8.59      0.00      1.52      0.00      0.51     89.39
16:05:49        all      9.60      0.00      1.01      0.00      0.00     89.39
16:05:50        all      9.60      0.00      1.52      0.00      0.00     88.89
16:05:51        all      8.72      0.00      1.03      0.00      0.00     90.26
16:05:52        all      9.55      0.00      2.01      0.00      0.00     88.44
16:05:53        all      8.67      0.00      1.53      0.00      0.00     89.80
16:05:54        all      9.09      0.00      1.52      0.00      0.00     89.39
16:05:55        all      8.67      0.00      1.53      0.00      0.00     89.80
16:05:56        all      9.14      0.00      0.51      0.00      0.00     90.36
16:05:57        all      9.09      0.00      2.02      0.00      0.00     88.89
16:05:58        all      8.67      0.00      1.02      0.00      0.00     90.31
16:05:59        all     14.72      0.00      2.54      0.00      0.51     82.23
16:06:00        all      7.54      0.00      1.51      0.00      1.51     89.45
16:06:01        all      8.63      0.00      1.52      0.00      0.00     89.85
16:06:02        all      5.61      0.00      0.51      0.00      0.00     93.88
16:06:03        all      6.03      0.00      1.01      0.50      0.00     92.46
16:06:04        all      7.65      0.00      2.04      0.00      0.00     90.31
16:06:05        all      8.63      0.00      1.02      0.00      0.00     90.36
16:06:06        all      9.18      0.00      1.02      0.00      0.00     89.80
16:06:07        all      9.50      0.00      2.00      0.00      0.00     88.50
16:06:08        all      8.16      0.00      1.02      0.00      0.51     90.31
16:06:09        all      8.67      0.00      1.53      0.00      0.00     89.80
16:06:10        all      9.14      0.00      0.51      0.00      0.51     89.85
16:06:11        all      9.05      0.00      2.01      0.00      0.00     88.94
16:06:12        all      9.60      0.00      1.52      0.00      0.00     88.89
16:06:13        all      8.12      0.00      1.52      0.00      0.00     90.36
16:06:14        all     13.85      0.00      2.56      0.00      0.00     83.59
16:06:15        all      9.14      0.00      1.52      0.00      0.00     89.34
16:06:16        all      8.59      0.00      1.52      0.00      0.00     89.90
16:06:17        all      8.63      0.00      1.52      0.00      0.00     89.85
16:06:18        all      0.00      0.00      0.00      0.00      0.00    100.00
16:06:19        all      1.00      0.00      0.00      0.00      0.00     99.00
16:06:20        all      0.00      0.00      0.00      0.00      0.00    100.00
16:06:21        all      0.00      0.00      0.00      0.00      0.00    100.00
16:06:22        all      0.50      0.00      0.50      0.50      0.00     98.50

Average:        all      7.54      0.00      1.27      0.04      0.07     91.08
