Linux 7.0.0-1008-aws (ip-172-31-20-134) 	08/07/26 	_x86_64_	(2 CPU)

16:05:16    kbmemfree   kbavail kbmemused  %memused kbbuffers  kbcached  kbcommit   %commit  kbactive   kbinact   kbdirty
16:05:17       185580   1270628    388144     19.90     11308   1179784   1627644     83.44    828324    639660       392
16:05:18       185948   1270996    387776     19.88     11308   1179784   1627644     83.44    828324    639660       392
16:05:19       185948   1270996    387776     19.88     11308   1179784   1627644     83.44    829068    639660       392
16:05:20       185948   1270996    387776     19.88     11308   1179784   1627644     83.44    829068    639660       392
16:05:21       185948   1270996    387776     19.88     11308   1179784   1627644     83.44    829068    639660       392
16:05:22       185948   1270996    387772     19.88     11308   1179788   1627644     83.44    829068    639660       396
16:05:23       185948   1271000    387772     19.88     11308   1179788   1627644     83.44    829404    639664       348
16:05:24       181664   1266980    391784     20.08     11308   1180052   1642268     84.19    834308    639924       612
16:05:25       181160   1266688    392072     20.10     11308   1180268   1650796     84.62    835416    640136       828
16:05:26       180908   1266700    391972     20.09     11308   1180608   1650896     84.63    835760    640392      1168
16:05:27       180404   1266460    392288     20.11     11308   1180796   1650940     84.63    835872    640656      1360
16:05:28       179900   1266280    392448     20.12     11308   1181128   1651004     84.63    836268    640976      1692
16:05:29       179900   1266540    392176     20.10     11308   1181400   1651004     84.63    835648    641236      1964
16:05:30       179396   1266260    392408     20.12     11308   1181660   1651020     84.63    835996    641452      2224
16:05:31       179144   1266344    392384     20.11     11308   1181936   1651068     84.64    835996    641788      2500
16:05:32       178892   1266336    392368     20.11     11308   1182188   1651084     84.64    836128    642024      2752
16:05:33       178640   1266348    392320     20.11     11332   1182448   1651088     84.64    836196    642280      3028
16:05:34       177380   1265344    393388     20.17     11332   1182640   1651088     84.64    836500    642536      3220
16:05:35       177128   1265360    393372     20.16     11332   1182904   1651096     84.64    836544    642804      3484
16:05:36       177128   1265660    393036     20.15     11332   1183228   1651096     84.64    836564    643096      3808
16:05:37       177128   1265828    392828     20.14     11332   1183436   1651096     84.64    836564    643264      4016
16:05:38       177128   1266080    392564     20.12     11332   1183692   1651108     84.64    836496    643512      4272
16:05:39       176624   1265892    392800     20.14     11332   1183956   1651144     84.64    836552    643828      4536
16:05:40       176120   1265664    392964     20.14     11332   1184284   1651172     84.64    836612    644096      4864
16:05:41       175868   1265580    392940     20.14     11332   1184560   1651172     84.64    836612    644264      5140
16:05:42       175616   1265744    392932     20.14     11332   1184808   1651172     84.64    836776    644676      5388
16:05:43       175364   1265660    392992     20.15     11332   1185000   1651172     84.64    836776    644844      5580
16:05:44       174608   1265284    393392     20.17     11332   1185340   1651172     84.64    837272    645216      5920
16:05:45       174356   1265200    393380     20.17     11332   1185604   1651180     84.64    837120    645384      6184
16:05:46       174104   1265260    393368     20.16     11332   1185856   1651212     84.64    836808    645688      6436
16:05:47       173852   1265292    393328     20.16     11340   1186136   1651316     84.65    836940    645972       296
16:05:48       173348   1265096    393560     20.17     11340   1186400   1651316     84.65    837464    646276       572
16:05:49       172088   1264044    394544     20.22     11340   1186676   1651316     84.65    838132    646484       848
16:05:50       172340   1264656    394024     20.20     11340   1186928   1651316     84.65    837788    646836      1100
16:05:51       172088   1264580    394008     20.20     11340   1187196   1651316     84.65    837820    647012      1368
16:05:52       171836   1264588    393992     20.20     11340   1187452   1651324     84.65    837816    647264      1624
16:05:53       171332   1264420    394224     20.21     11340   1187724   1651324     84.65    837816    647600      1896
16:05:54       171080   1264400    394204     20.21     11340   1187976   1651360     84.65    837876    647824      2148
16:05:55       170828   1264316    394188     20.21     11340   1188244   1651360     84.65    837876    647992      2416
16:05:56       170576   1264368    394172     20.21     11340   1188500   1651420     84.65    838032    648288      2672
16:05:57       170324   1264424    394144     20.20     11340   1188772   1651520     84.66    838100    648592      2944
16:05:58       170072   1264436    394132     20.20     11340   1189036   1651520     84.66    838200    648856      3152
16:05:59       169568   1264268    394352     20.22     11340   1189308   1651652     84.67    838104    649188      3428
16:06:00       169316   1264184    394424     20.22     11340   1189488   1651664     84.67    838000    649356      3608
16:06:01       169064   1264156    394432     20.22     11340   1189728   1651664     84.67    838028    649576      3848
16:06:02       169064   1264320    394256     20.21     11340   1189896   1651664     84.67    838032    649736      4016
16:06:03       168812   1264308    394324     20.21     11364   1190056   1651664     84.67    838068    649976      4244
16:06:04       167804   1263548    395088     20.25     11364   1190296   1651676     84.67    838212    650224      4484
16:06:05       167804   1263792    394836     20.24     11364   1190540   1651752     84.67    838684    650464      4728
16:06:06       167552   1263796    394744     20.24     11364   1190872   1651752     84.67    838440    650712      5060
16:06:07       167300   1263792    394728     20.23     11364   1191136   1651752     84.67    838476    650960      5324
16:06:08       167048   1263708    394788     20.24     11364   1191328   1651752     84.67    838476    651128      5516
16:06:09       167048   1263952    394528     20.22     11364   1191580   1651752     84.67    838484    651368      5768
16:06:10       166796   1264064    394508     20.22     11364   1191844   1651752     84.67    838620    651728      6032
16:06:11       166544   1264204    394404     20.22     11364   1192184   1651752     84.67    838688    652112      6372
16:06:12       166292   1264120    394468     20.22     11364   1192372   1651756     84.67    838688    652280      6560
16:06:13       166040   1264204    394376     20.22     11364   1192704   1651756     84.67    838688    652608      6892
16:06:14       165164   1263568    394984     20.25     11364   1192964   1651756     84.67    838800    652680      7152
16:06:15       164912   1263484    394960     20.25     11364   1193240   1651756     84.67    838800    652848      7428
16:06:16       164660   1263564    394936     20.24     11364   1193500   1651756     84.67    838804    653172      7688
16:06:17       164660   1263816    394748     20.24     11364   1193688   1651756     84.67    838888    653424      7540
16:06:18       164660   1263908    394688     20.23     11364   1193748   1651756     84.67    838924    653516      7560
16:06:19       163904   1263156    395432     20.27     11364   1193752   1651756     84.67    839544    653516      7564
16:06:20       163904   1263156    395432     20.27     11364   1193752   1651756     84.67    839544    653516      7564
16:06:21       163904   1263156    395432     20.27     11364   1193752   1651756     84.67    839544    653516      7564
16:06:22       163904   1263156    395428     20.27     11364   1193756   1651756     84.67    839544    653516       180

Average:       173414   1265456    393179     20.15     11338   1186709   1648750     84.52    836652    646543      3649
