Linux 7.0.0-1010-aws (ip-172-31-31-224) 	08/11/26 	_x86_64_	(2 CPU)

06:08:26        CPU     %user     %nice   %system   %iowait    %steal     %idle
06:08:27        all     50.25      0.00      5.53      0.00      1.01     43.22
06:08:28        all     49.25      0.00      3.52      0.00      1.51     45.73
06:08:29        all     54.00      0.00      6.00      0.00      1.00     39.00
06:08:30        all     47.74      0.00      3.52      0.00      2.01     46.73
06:08:31        all     48.50      0.00      3.50      0.00      1.50     46.50
06:08:32        all     48.48      0.00      3.03      0.00      2.02     46.46
06:08:33        all     49.25      0.00      3.98      0.00      1.49     45.27
06:08:34        all     49.75      0.00      4.57      0.00      0.51     45.18
06:08:35        all     11.44      0.00      1.00      0.00      1.00     86.57
06:08:36        all      0.50      0.00      0.50      0.00      0.00     98.99
06:08:37        all      0.00      0.00      0.50      0.00      0.00     99.50
06:08:38        all      0.00      0.00      1.00      0.00      0.00     99.00
06:08:39        all      0.00      0.00      0.00      0.00      1.00     99.00
06:08:40        all      1.50      0.00      0.50      0.00      0.00     98.00
06:08:41        all      3.08      0.00      1.03      0.00      1.54     94.36
06:08:42        all      7.11      0.00      3.55      0.00      1.02     88.32
06:08:43        all      5.53      0.00      2.01      0.00      1.01     91.46
06:08:44        all      6.03      0.00      1.51      0.00      0.00     92.46
06:08:45        all      0.50      0.00      0.00      0.00      1.01     98.49
06:08:46        all      0.00      0.00      0.00      0.00      0.50     99.50
06:08:47        all      1.00      0.00      0.00      0.50      0.50     98.00
06:08:48        all      0.00      0.00      0.00      0.00      0.00    100.00
06:08:49        all      0.00      0.00      0.50      0.00      0.00     99.50
06:08:50        all      1.00      0.00      0.00      0.00      0.00     99.00
06:08:51        all      0.00      0.00      0.50      0.00      0.00     99.50
06:08:52        all      0.00      0.00      0.00      0.00      0.50     99.50
06:08:53        all      3.50      0.00      0.50      0.00      0.00     96.00
06:08:54        all      0.50      0.00      0.00      0.00      0.00     99.50
06:08:55        all      0.50      0.00      0.50      0.00      0.00     99.00
06:08:56        all      0.00      0.00      0.00      0.00      0.00    100.00
06:08:57        all      0.00      0.00      0.00      0.00      0.50     99.50


Average:        all     14.17      0.00      1.52      0.02      0.63     83.66
