Linux 7.0.0-1010-aws (ip-172-31-31-224) 	08/11/26 	_x86_64_	(2 CPU)

06:08:26    kbmemfree   kbavail kbmemused  %memused kbbuffers  kbcached  kbcommit   %commit  kbactive   kbinact   kbdirty
06:08:27       745264   1301336    430484     22.07     12132    686100   1601596     82.10    305624    736456       100
06:08:28       673192   1229264    502556     25.76     12132    686100   1680916     86.16    380704    736456       100
06:08:29       608680   1164760    567060     29.07     12132    686108   1743388     89.36    443684    736464       108
06:08:30       512668   1068752    663068     33.99     12132    686112   1835316     94.08    538224    736468       112
06:08:31       424216    980300    751520     38.52     12132    686112   1927600     98.81    627576    736468       112
06:08:32       375832    931916    799904     41.00     12132    686112   1965232    100.73    668116    736468       112
06:08:33       303508    859592    872228     44.71     12132    686112   2044892    104.82    746052    736468       112
06:08:34       166420    722504   1009316     51.74     12132    686112   2177708    111.63    880964    736468       112
06:08:35       166420    722504   1009312     51.74     12132    686116   2177708    111.63    880964    736468       116
06:08:36       166420    722504   1009312     51.74     12132    686116   2177708    111.63    881584    736468       116
06:08:37       166420    722504   1009312     51.74     12132    686116   2177708    111.63    881584    736468       116
06:08:38       166420    722504   1009312     51.74     12132    686116   2177708    111.63    881584    736468       116
06:08:39       166420    722504   1009312     51.74     12132    686116   2177708    111.63    881584    736468       116
06:08:40       166420    722508   1009308     51.74     12132    686120   2177708    111.63    881704    736472       120
06:08:41       166420    722512   1009308     51.74     12132    686120   2178028    111.64    881820    736476        72
06:08:42       166420    722512   1009308     51.74     12132    686120   2178028    111.64    881820    736476        72
06:08:43       166420    722512   1009308     51.74     12132    686120   2178092    111.65    881944    736476        72
06:08:44       166420    722512   1009300     51.74     12132    686128   2178092    111.65    881956    736476        84
06:08:45       166420    722512   1009300     51.74     12132    686128   2178092    111.65    881956    736476        84
06:08:46       166420    722512   1009296     51.73     12132    686132   2178092    111.65    881956    736476        88
06:08:47       166420    722524   1009292     51.73     12156    686112   2178092    111.65    882060    736488       176
06:08:48       166420    722528   1009268     51.73     12156    686136   2178092    111.65    882068    736492       200
06:08:49       166420    722528   1009268     51.73     12156    686136   2178092    111.65    882068    736492       200
06:08:50       166420    722528   1009268     51.73     12156    686136   2178092    111.65    882068    736492       200
06:08:51       166420    722532   1009264     51.73     12156    686140   2182188    111.86    882560    736496       204
06:08:52       166420    722532   1009264     51.73     12156    686140   2182188    111.86    882560    736496       204
06:08:53       166420    722532   1009264     51.73     12156    686140   2182188    111.86    882560    736496       204
06:08:54       166420    722532   1009264     51.73     12156    686140   2182188    111.86    882560    736496       204
06:08:55       166420    722532   1009264     51.73     12156    686140   2182188    111.86    882560    736496       204
06:08:56       166420    722560   1009260     51.73     12156    686144   2182188    111.86    882672    736524       148
06:08:57       166420    722560   1009260     51.73     12156    686144   2182188    111.86    882672    736524       148


Average:       246369    802465    929347     47.64     12141    686123   2099968    107.64    802510    736480       133
