Linux 7.0.0-1010-aws (ip-172-31-31-224) 	08/11/26 	_x86_64_	(2 CPU)

06:08:26        IFACE   rxpck/s   txpck/s    rxkB/s    txkB/s   rxcmp/s   txcmp/s  rxmcst/s   %ifutil
06:08:27         ens5     60.00     53.00      4.80      6.56      0.00      0.00      0.00      0.00

06:08:27        IFACE   rxpck/s   txpck/s    rxkB/s    txkB/s   rxcmp/s   txcmp/s  rxmcst/s   %ifutil
06:08:28         ens5     48.51     43.56      4.13      5.25      0.00      0.00      0.00      0.00

06:08:28        IFACE   rxpck/s   txpck/s    rxkB/s    txkB/s   rxcmp/s   txcmp/s  rxmcst/s   %ifutil
06:08:29         ens5     41.00     37.00      3.38      4.60      0.00      0.00      0.00      0.00

06:08:29        IFACE   rxpck/s   txpck/s    rxkB/s    txkB/s   rxcmp/s   txcmp/s  rxmcst/s   %ifutil
06:08:30         ens5      7.00      7.00      0.36      1.46      0.00      0.00      0.00      0.00

06:08:30        IFACE   rxpck/s   txpck/s    rxkB/s    txkB/s   rxcmp/s   txcmp/s  rxmcst/s   %ifutil
06:08:31         ens5      7.00      7.00      0.38      1.42      0.00      0.00      0.00      0.00

06:08:31        IFACE   rxpck/s   txpck/s    rxkB/s    txkB/s   rxcmp/s   txcmp/s  rxmcst/s   %ifutil
06:08:32         ens5      8.00      9.00      0.41      1.87      0.00      0.00      0.00      0.00

06:08:32        IFACE   rxpck/s   txpck/s    rxkB/s    txkB/s   rxcmp/s   txcmp/s  rxmcst/s   %ifutil
06:08:33         ens5      7.00      7.00      0.36      1.52      0.00      0.00      0.00      0.00

06:08:33        IFACE   rxpck/s   txpck/s    rxkB/s    txkB/s   rxcmp/s   txcmp/s  rxmcst/s   %ifutil
06:08:34         ens5      4.00      3.00      0.20      0.66      0.00      0.00      0.00      0.00

06:08:34        IFACE   rxpck/s   txpck/s    rxkB/s    txkB/s   rxcmp/s   txcmp/s  rxmcst/s   %ifutil
06:08:35         ens5      3.00      3.00      0.15      0.61      0.00      0.00      0.00      0.00

06:08:35        IFACE   rxpck/s   txpck/s    rxkB/s    txkB/s   rxcmp/s   txcmp/s  rxmcst/s   %ifutil
06:08:36         ens5     16.00     18.00      8.33     12.02      0.00      0.00      0.00      0.00

06:08:36        IFACE   rxpck/s   txpck/s    rxkB/s    txkB/s   rxcmp/s   txcmp/s  rxmcst/s   %ifutil
06:08:37         ens5      0.00      0.00      0.00      0.00      0.00      0.00      0.00      0.00

06:08:37        IFACE   rxpck/s   txpck/s    rxkB/s    txkB/s   rxcmp/s   txcmp/s  rxmcst/s   %ifutil
06:08:38         ens5      0.00      0.00      0.00      0.00      0.00      0.00      0.00      0.00

06:08:38        IFACE   rxpck/s   txpck/s    rxkB/s    txkB/s   rxcmp/s   txcmp/s  rxmcst/s   %ifutil
06:08:39         ens5      0.00      0.00      0.00      0.00      0.00      0.00      0.00      0.00

06:08:39        IFACE   rxpck/s   txpck/s    rxkB/s    txkB/s   rxcmp/s   txcmp/s  rxmcst/s   %ifutil
06:08:40         ens5     31.00     34.00     19.28     19.01      0.00      0.00      0.00      0.00

06:08:40        IFACE   rxpck/s   txpck/s    rxkB/s    txkB/s   rxcmp/s   txcmp/s  rxmcst/s   %ifutil
06:08:41         ens5    235.00    272.00    153.97    147.14      0.00      0.00      0.00      0.00

06:08:41        IFACE   rxpck/s   txpck/s    rxkB/s    txkB/s   rxcmp/s   txcmp/s  rxmcst/s   %ifutil
06:08:42         ens5    516.00    651.00    344.58    354.92      0.00      0.00      0.00      0.00

06:08:42        IFACE   rxpck/s   txpck/s    rxkB/s    txkB/s   rxcmp/s   txcmp/s  rxmcst/s   %ifutil
06:08:43         ens5    396.00    492.00    249.25    254.03      0.00      0.00      0.00      0.00

06:08:43        IFACE   rxpck/s   txpck/s    rxkB/s    txkB/s   rxcmp/s   txcmp/s  rxmcst/s   %ifutil
06:08:44         ens5      1.00      0.00      0.05      0.00      0.00      0.00      0.00      0.00

06:08:44        IFACE   rxpck/s   txpck/s    rxkB/s    txkB/s   rxcmp/s   txcmp/s  rxmcst/s   %ifutil
06:08:45         ens5      1.00      1.00      0.03      0.04      0.00      0.00      0.00      0.00

06:08:45        IFACE   rxpck/s   txpck/s    rxkB/s    txkB/s   rxcmp/s   txcmp/s  rxmcst/s   %ifutil
06:08:46         ens5      0.00      0.00      0.00      0.00      0.00      0.00      0.00      0.00

06:08:46        IFACE   rxpck/s   txpck/s    rxkB/s    txkB/s   rxcmp/s   txcmp/s  rxmcst/s   %ifutil
06:08:47         ens5      1.00      1.00      0.07      0.09      0.00      0.00      0.00      0.00

06:08:47        IFACE   rxpck/s   txpck/s    rxkB/s    txkB/s   rxcmp/s   txcmp/s  rxmcst/s   %ifutil
06:08:48         ens5      0.00      0.00      0.00      0.00      0.00      0.00      0.00      0.00

06:08:48        IFACE   rxpck/s   txpck/s    rxkB/s    txkB/s   rxcmp/s   txcmp/s  rxmcst/s   %ifutil
06:08:49         ens5      0.00      0.00      0.00      0.00      0.00      0.00      0.00      0.00

06:08:49        IFACE   rxpck/s   txpck/s    rxkB/s    txkB/s   rxcmp/s   txcmp/s  rxmcst/s   %ifutil
06:08:50         ens5      0.00      0.00      0.00      0.00      0.00      0.00      0.00      0.00

06:08:50        IFACE   rxpck/s   txpck/s    rxkB/s    txkB/s   rxcmp/s   txcmp/s  rxmcst/s   %ifutil
06:08:51         ens5      0.00      0.00      0.00      0.00      0.00      0.00      0.00      0.00

06:08:51        IFACE   rxpck/s   txpck/s    rxkB/s    txkB/s   rxcmp/s   txcmp/s  rxmcst/s   %ifutil
06:08:52         ens5      0.00      0.00      0.00      0.00      0.00      0.00      0.00      0.00

06:08:52        IFACE   rxpck/s   txpck/s    rxkB/s    txkB/s   rxcmp/s   txcmp/s  rxmcst/s   %ifutil
06:08:53         ens5      0.00      0.00      0.00      0.00      0.00      0.00      0.00      0.00

06:08:53        IFACE   rxpck/s   txpck/s    rxkB/s    txkB/s   rxcmp/s   txcmp/s  rxmcst/s   %ifutil
06:08:54         ens5      0.00      0.00      0.00      0.00      0.00      0.00      0.00      0.00

06:08:54        IFACE   rxpck/s   txpck/s    rxkB/s    txkB/s   rxcmp/s   txcmp/s  rxmcst/s   %ifutil
06:08:55         ens5      0.00      0.00      0.00      0.00      0.00      0.00      0.00      0.00

06:08:55        IFACE   rxpck/s   txpck/s    rxkB/s    txkB/s   rxcmp/s   txcmp/s  rxmcst/s   %ifutil
06:08:56         ens5      0.00      0.00      0.00      0.00      0.00      0.00      0.00      0.00

06:08:56        IFACE   rxpck/s   txpck/s    rxkB/s    txkB/s   rxcmp/s   txcmp/s  rxmcst/s   %ifutil
06:08:57         ens5      0.00      0.00      0.00      0.00      0.00      0.00      0.00      0.00


Average:        IFACE   rxpck/s   txpck/s    rxkB/s    txkB/s   rxcmp/s   txcmp/s  rxmcst/s   %ifutil
Average:         ens5     44.60     52.85     25.47     26.16      0.00      0.00      0.00      0.00
