Linux 7.0.0-1010-aws (ip-172-31-20-134) 	08/11/26 	_x86_64_	(2 CPU)

16:29:21        CPU     %user     %nice   %system   %iowait    %steal     %idle
16:29:22        all      2.50      0.00      2.00      0.00      0.00     95.50
16:29:23        all      0.00      0.00      0.00      0.00      0.00    100.00
16:29:24        all      0.50      0.00      0.00      0.00      0.00     99.50
16:29:25        all      0.00      0.00      0.00      1.01      0.00     98.99
16:29:26        all      0.50      0.00      1.00      0.00      0.00     98.51
16:29:27        all      0.00      0.00      0.00      0.00      0.50     99.50
16:29:28        all      0.50      0.00      0.00      0.00      0.50     99.00
16:29:29        all      5.08      0.00      0.51      0.00      0.00     94.42
16:29:30        all      1.51      0.00      1.01      0.00      0.00     97.49
16:29:31        all      0.50      0.00      0.50      0.00      1.00     98.01
16:29:32        all      0.00      0.00      0.00      0.00      0.00    100.00
16:29:33        all      0.50      0.00      0.00      0.00      1.00     98.50
16:29:34        all      4.50      0.00      1.50      0.00      0.00     94.00
16:29:35        all     37.63      0.00      5.15      0.00      1.55     55.67
16:29:36        all     79.59      0.00     11.22      0.00      1.02      8.16
16:29:37        all     82.14      0.00     10.71      0.00      0.00      7.14
16:29:38        all      2.00      0.00      1.00      0.00      0.50     96.50
16:29:39        all      0.00      0.00      0.00      0.00      0.00    100.00
16:29:40        all      0.50      0.00      0.00      0.00      0.00     99.50
16:29:41        all      0.51      0.00      0.00      0.00      0.00     99.49
16:29:42        all      0.00      0.00      0.00      0.00      0.00    100.00
16:29:43        all      0.00      0.00      1.49      0.00      0.99     97.52
16:29:44        all      5.05      0.00      1.01      0.00      0.00     93.94
16:29:45        all      1.00      0.00      0.00      0.00      0.00     99.00
16:29:46        all      0.00      0.00      0.00      0.00      0.00    100.00
16:29:47        all      0.00      0.00      0.00      0.00      0.00    100.00
16:29:48        all      0.50      0.00      0.00      0.00      0.00     99.50
16:29:49        all      0.50      0.00      0.00      0.00      0.00     99.50
16:29:50        all      0.00      0.00      0.00      0.00      0.00    100.00
16:29:51        all      0.50      0.00      0.99      0.00      0.50     98.02

Average:        all      7.42      0.00      1.26      0.03      0.25     91.04
