Linux 7.0.0-1008-aws (ip-172-31-20-134) 	08/07/26 	_x86_64_	(2 CPU)

16:51:19        CPU     %user     %nice   %system   %iowait    %steal     %idle
16:51:20        all      2.02      0.00      1.01      0.00      0.00     96.97
16:51:21        all      0.50      0.00      0.50      0.00      0.00     98.99
16:51:22        all      0.00      0.00      0.00      0.00      0.00    100.00
16:51:23        all      0.50      0.00      0.00      0.00      0.00     99.50
16:51:24        all      0.00      0.00      0.00      0.00      0.00    100.00
16:51:25        all      0.00      0.00      0.00      0.00      0.00    100.00
16:51:26        all      4.02      0.00      1.01      0.00      0.00     94.97
16:51:27        all      6.06      0.00      1.52      0.00      0.00     92.42
16:51:28        all      5.53      0.00      1.01      0.00      0.50     92.96
16:51:29        all     10.71      0.00      2.04      0.00      0.00     87.24
16:51:30        all      5.61      0.00      0.51      0.00      0.00     93.88
16:51:31        all      6.09      0.00      1.02      0.00      0.00     92.89
16:51:32        all      5.61      0.00      1.02      0.00      0.00     93.37
16:51:33        all      5.53      0.00      1.01      0.50      0.00     92.96
16:51:34        all      6.09      0.00      0.51      0.00      0.00     93.40
16:51:35        all      5.08      0.00      0.51      0.00      0.00     94.42
16:51:36        all      6.12      0.00      0.51      0.00      0.00     93.37
16:51:37        all      5.53      0.00      1.01      0.00      0.00     93.47
16:51:38        all      5.10      0.00      1.02      0.00      0.00     93.88
16:51:39        all      5.53      0.00      1.51      0.00      0.00     92.96
16:51:40        all      5.58      0.00      0.51      0.00      0.00     93.91
16:51:41        all      6.03      0.00      1.01      0.00      0.50     92.46
16:51:42        all      5.08      0.00      1.02      0.00      0.00     93.91
16:51:43        all      6.09      0.00      0.00      0.00      0.00     93.91
16:51:44        all     10.61      0.00      2.53      0.00      0.00     86.87
16:51:45        all      6.09      0.00      0.51      0.00      0.00     93.40
16:51:46        all      6.06      0.00      1.01      0.00      0.00     92.93
16:51:47        all      5.61      0.00      0.51      0.00      0.00     93.88
16:51:48        all      5.58      0.00      1.02      0.00      0.00     93.40
16:51:49        all      5.50      0.00      1.50      0.50      0.00     92.50
16:51:50        all      5.64      0.00      0.51      0.00      0.00     93.85
16:51:51        all      6.53      0.00      1.01      0.00      0.50     91.96
16:51:52        all      5.58      0.00      1.02      0.00      0.00     93.40
16:51:53        all      6.53      0.00      0.50      0.00      0.00     92.96
16:51:54        all      4.59      0.00      1.02      0.00      0.00     94.39
16:51:55        all      6.09      0.00      0.51      0.00      0.00     93.40
16:51:56        all      6.09      0.00      0.51      0.00      0.00     93.40
16:51:57        all      5.50      0.00      1.50      0.00      0.50     92.50
16:51:58        all      5.08      0.00      1.52      0.00      0.00     93.40
16:51:59        all     10.77      0.00      1.54      0.00      0.00     87.69
16:52:00        all      5.56      0.00      0.51      0.00      1.01     92.93
16:52:01        all      5.56      0.00      1.01      0.00      0.00     93.43
16:52:02        all      5.10      0.00      0.00      0.00      0.00     94.90
16:52:03        all      5.08      0.00      1.52      0.00      0.00     93.40
16:52:04        all      5.05      0.00      1.01      0.00      0.51     93.43
16:52:05        all      5.56      0.00      1.01      0.00      0.00     93.43
16:52:06        all      6.09      0.00      0.51      0.00      0.00     93.40
16:52:07        all      5.08      0.00      1.02      0.00      0.00     93.91
16:52:08        all      5.56      0.00      1.52      0.00      0.00     92.93
16:52:09        all      6.06      0.00      0.51      0.00      0.00     93.43
16:52:10        all      5.56      0.00      1.52      0.00      0.00     92.93
16:52:11        all      5.58      0.00      1.02      0.00      0.00     93.40
16:52:12        all      5.05      0.00      1.01      0.00      0.00     93.94
16:52:13        all      5.58      0.00      0.51      0.00      0.00     93.91
16:52:14        all     10.26      0.00      1.54      0.00      0.51     87.69
16:52:15        all      6.06      0.00      0.51      0.00      0.00     93.43
16:52:16        all      6.09      0.00      0.51      0.00      0.00     93.40
16:52:17        all      5.05      0.00      1.52      0.00      0.00     93.43
16:52:18        all      6.00      0.00      1.50      0.00      0.00     92.50
16:52:19        all      5.61      0.00      0.51      0.00      0.00     93.88
16:52:20        all      4.57      0.00      1.02      0.00      0.00     94.42
16:52:21        all      6.06      0.00      1.01      0.00      0.00     92.93
16:52:22        all      5.61      0.00      0.00      0.00      0.00     94.39
16:52:23        all      5.08      0.00      1.02      0.00      0.00     93.91
16:52:24        all      5.13      0.00      0.00      0.00      0.00     94.87
16:52:25        all      5.56      0.00      1.01      0.00      0.00     93.43
16:52:26        all      5.58      0.00      1.02      0.00      0.00     93.40
16:52:27        all      5.53      0.00      0.50      0.00      0.00     93.97
16:52:28        all      5.56      0.00      1.01      0.00      0.00     93.43
16:52:29        all     10.66      0.00      1.52      0.00      0.00     87.82
16:52:30        all      6.06      0.00      1.01      0.00      0.00     92.93
16:52:31        all      5.10      0.00      0.51      0.00      0.00     94.39
16:52:32        all      5.53      0.00      1.51      1.01      0.00     91.96
16:52:33        all      5.58      0.00      0.51      0.00      0.00     93.91
16:52:34        all      5.03      0.00      1.01      0.00      0.00     93.97
16:52:35        all      5.56      0.00      1.01      0.00      0.00     93.43
16:52:36        all      5.58      0.00      1.02      0.00      0.00     93.40
16:52:37        all      5.05      0.00      1.01      0.00      0.00     93.94
16:52:38        all      5.61      0.00      0.51      0.00      0.00     93.88
16:52:39        all      5.64      0.00      0.00      0.00      0.00     94.36
16:52:40        all      5.00      0.00      1.00      0.00      0.50     93.50
16:52:41        all      6.06      0.00      0.51      0.00      0.00     93.43
16:52:42        all      5.56      0.00      1.52      0.00      0.00     92.93
16:52:43        all      5.53      0.00      1.01      0.00      0.00     93.47
16:52:44        all     11.22      0.00      1.02      0.00      0.00     87.76
16:52:45        all      6.03      0.00      1.01      0.00      0.00     92.96
16:52:46        all      5.08      0.00      1.02      0.00      0.51     93.40
16:52:47        all      5.58      0.00      0.00      0.00      0.00     94.42
16:52:48        all      6.53      0.00      1.01      0.00      0.00     92.46
16:52:49        all      5.05      0.00      1.01      0.00      0.00     93.94
16:52:50        all      5.56      0.00      1.01      0.00      0.00     93.43
16:52:51        all      5.58      0.00      1.02      0.00      0.00     93.40
16:52:52        all      5.61      0.00      0.51      0.00      0.00     93.88
16:52:53        all      5.08      0.00      0.51      0.00      0.00     94.42
16:52:54        all      5.97      0.00      1.49      0.00      0.00     92.54
16:52:55        all      4.64      0.00      0.00      0.00      0.00     95.36
16:52:56        all      5.56      0.00      1.52      0.00      0.00     92.93
16:52:57        all      5.58      0.00      0.51      0.00      0.00     93.91
16:52:58        all      5.03      0.00      1.01      0.00      0.00     93.97
16:52:59        all      7.58      0.00      1.52      0.00      0.00     90.91
16:53:00        all      0.00      0.00      0.00      0.00      1.01     98.99
16:53:01        all      0.50      0.00      0.00      0.00      0.00     99.50


Average:        all      5.47      0.00      0.86      0.02      0.06     93.59
