Linux 7.0.0-1008-aws (ip-172-31-20-134) 	08/07/26 	_x86_64_	(2 CPU)

16:51:19        IFACE   rxpck/s   txpck/s    rxkB/s    txkB/s   rxcmp/s   txcmp/s  rxmcst/s   %ifutil
16:51:20         ens5     54.00     58.00      4.50      6.08      0.00      0.00      0.00      0.00

16:51:20        IFACE   rxpck/s   txpck/s    rxkB/s    txkB/s   rxcmp/s   txcmp/s  rxmcst/s   %ifutil
16:51:21         ens5     50.00     50.00      4.30      4.98      0.00      0.00      0.00      0.00

16:51:21        IFACE   rxpck/s   txpck/s    rxkB/s    txkB/s   rxcmp/s   txcmp/s  rxmcst/s   %ifutil
16:51:22         ens5     31.00     30.00      2.59      2.95      0.00      0.00      0.00      0.00

16:51:22        IFACE   rxpck/s   txpck/s    rxkB/s    txkB/s   rxcmp/s   txcmp/s  rxmcst/s   %ifutil
16:51:23         ens5      0.00      0.00      0.00      0.00      0.00      0.00      0.00      0.00

16:51:23        IFACE   rxpck/s   txpck/s    rxkB/s    txkB/s   rxcmp/s   txcmp/s  rxmcst/s   %ifutil
16:51:24         ens5      0.00      0.00      0.00      0.00      0.00      0.00      0.00      0.00

16:51:24        IFACE   rxpck/s   txpck/s    rxkB/s    txkB/s   rxcmp/s   txcmp/s  rxmcst/s   %ifutil
16:51:25         ens5      1.00      1.00      0.07      0.09      0.00      0.00      0.00      0.00

16:51:25        IFACE   rxpck/s   txpck/s    rxkB/s    txkB/s   rxcmp/s   txcmp/s  rxmcst/s   %ifutil
16:51:26         ens5    158.00    165.00     57.43     39.77      0.00      0.00      0.00      0.00

16:51:26        IFACE   rxpck/s   txpck/s    rxkB/s    txkB/s   rxcmp/s   txcmp/s  rxmcst/s   %ifutil
16:51:27         ens5    209.00    209.00     53.83     52.63      0.00      0.00      0.00      0.00

16:51:27        IFACE   rxpck/s   txpck/s    rxkB/s    txkB/s   rxcmp/s   txcmp/s  rxmcst/s   %ifutil
16:51:28         ens5    213.00    213.00     54.09     52.90      0.00      0.00      0.00      0.00

16:51:28        IFACE   rxpck/s   txpck/s    rxkB/s    txkB/s   rxcmp/s   txcmp/s  rxmcst/s   %ifutil
16:51:29         ens5    206.00    206.00     53.64     52.44      0.00      0.00      0.00      0.00

16:51:29        IFACE   rxpck/s   txpck/s    rxkB/s    txkB/s   rxcmp/s   txcmp/s  rxmcst/s   %ifutil
16:51:30         ens5    213.00    213.00     54.09     52.90      0.00      0.00      0.00      0.00

16:51:30        IFACE   rxpck/s   txpck/s    rxkB/s    txkB/s   rxcmp/s   txcmp/s  rxmcst/s   %ifutil
16:51:31         ens5    210.00    210.00     53.89     52.70      0.00      0.00      0.00      0.00

16:51:31        IFACE   rxpck/s   txpck/s    rxkB/s    txkB/s   rxcmp/s   txcmp/s  rxmcst/s   %ifutil
16:51:32         ens5    207.00    207.00     53.72     52.50      0.00      0.00      0.00      0.00

16:51:32        IFACE   rxpck/s   txpck/s    rxkB/s    txkB/s   rxcmp/s   txcmp/s  rxmcst/s   %ifutil
16:51:33         ens5    207.00    207.00     53.72     52.54      0.00      0.00      0.00      0.00

16:51:33        IFACE   rxpck/s   txpck/s    rxkB/s    txkB/s   rxcmp/s   txcmp/s  rxmcst/s   %ifutil
16:51:34         ens5    213.00    213.00     54.09     52.90      0.00      0.00      0.00      0.00

16:51:34        IFACE   rxpck/s   txpck/s    rxkB/s    txkB/s   rxcmp/s   txcmp/s  rxmcst/s   %ifutil
16:51:35         ens5    212.00    210.00     54.00     52.74      0.00      0.00      0.00      0.00

16:51:35        IFACE   rxpck/s   txpck/s    rxkB/s    txkB/s   rxcmp/s   txcmp/s  rxmcst/s   %ifutil
16:51:36         ens5    209.00    209.00     53.87     52.69      0.00      0.00      0.00      0.00

16:51:36        IFACE   rxpck/s   txpck/s    rxkB/s    txkB/s   rxcmp/s   txcmp/s  rxmcst/s   %ifutil
16:51:37         ens5    211.00    211.00     54.31     53.61      0.00      0.00      0.00      0.00

16:51:37        IFACE   rxpck/s   txpck/s    rxkB/s    txkB/s   rxcmp/s   txcmp/s  rxmcst/s   %ifutil
16:51:38         ens5    204.00    206.00     53.29     51.70      0.00      0.00      0.00      0.00

16:51:38        IFACE   rxpck/s   txpck/s    rxkB/s    txkB/s   rxcmp/s   txcmp/s  rxmcst/s   %ifutil
16:51:39         ens5    202.00    201.00     51.59     51.19      0.00      0.00      0.00      0.00

16:51:39        IFACE   rxpck/s   txpck/s    rxkB/s    txkB/s   rxcmp/s   txcmp/s  rxmcst/s   %ifutil
16:51:40         ens5    209.00    209.00     53.87     52.69      0.00      0.00      0.00      0.00

16:51:40        IFACE   rxpck/s   txpck/s    rxkB/s    txkB/s   rxcmp/s   txcmp/s  rxmcst/s   %ifutil
16:51:41         ens5    210.00    210.00     53.95     52.78      0.00      0.00      0.00      0.00

16:51:41        IFACE   rxpck/s   txpck/s    rxkB/s    txkB/s   rxcmp/s   txcmp/s  rxmcst/s   %ifutil
16:51:42         ens5    209.00    209.00     53.87     52.69      0.00      0.00      0.00      0.00

16:51:42        IFACE   rxpck/s   txpck/s    rxkB/s    txkB/s   rxcmp/s   txcmp/s  rxmcst/s   %ifutil
16:51:43         ens5    209.00    209.00     53.87     52.69      0.00      0.00      0.00      0.00

16:51:43        IFACE   rxpck/s   txpck/s    rxkB/s    txkB/s   rxcmp/s   txcmp/s  rxmcst/s   %ifutil
16:51:44         ens5    207.00    206.00     52.32     52.33      0.00      0.00      0.00      0.00

16:51:44        IFACE   rxpck/s   txpck/s    rxkB/s    txkB/s   rxcmp/s   txcmp/s  rxmcst/s   %ifutil
16:51:45         ens5    211.00    212.00     55.43     53.05      0.00      0.00      0.00      0.00

16:51:45        IFACE   rxpck/s   txpck/s    rxkB/s    txkB/s   rxcmp/s   txcmp/s  rxmcst/s   %ifutil
16:51:46         ens5    206.00    206.00     52.27     52.33      0.00      0.00      0.00      0.00

16:51:46        IFACE   rxpck/s   txpck/s    rxkB/s    txkB/s   rxcmp/s   txcmp/s  rxmcst/s   %ifutil
16:51:47         ens5    212.00    212.00     55.48     53.05      0.00      0.00      0.00      0.00

16:51:47        IFACE   rxpck/s   txpck/s    rxkB/s    txkB/s   rxcmp/s   txcmp/s  rxmcst/s   %ifutil
16:51:48         ens5    209.00    207.00     53.87     52.40      0.00      0.00      0.00      0.00

16:51:48        IFACE   rxpck/s   txpck/s    rxkB/s    txkB/s   rxcmp/s   txcmp/s  rxmcst/s   %ifutil
16:51:49         ens5    212.00    215.00     55.90     54.23      0.00      0.00      0.00      0.00

16:51:49        IFACE   rxpck/s   txpck/s    rxkB/s    txkB/s   rxcmp/s   txcmp/s  rxmcst/s   %ifutil
16:51:50         ens5    209.00    209.00     53.87     52.69      0.00      0.00      0.00      0.00

16:51:50        IFACE   rxpck/s   txpck/s    rxkB/s    txkB/s   rxcmp/s   txcmp/s  rxmcst/s   %ifutil
16:51:51         ens5    209.00    209.00     53.87     52.69      0.00      0.00      0.00      0.00

16:51:51        IFACE   rxpck/s   txpck/s    rxkB/s    txkB/s   rxcmp/s   txcmp/s  rxmcst/s   %ifutil
16:51:52         ens5    214.00    214.00     54.33     53.17      0.00      0.00      0.00      0.00

16:51:52        IFACE   rxpck/s   txpck/s    rxkB/s    txkB/s   rxcmp/s   txcmp/s  rxmcst/s   %ifutil
16:51:53         ens5    205.00    205.00     53.62     52.43      0.00      0.00      0.00      0.00

16:51:53        IFACE   rxpck/s   txpck/s    rxkB/s    txkB/s   rxcmp/s   txcmp/s  rxmcst/s   %ifutil
16:51:54         ens5    206.00    205.00     51.85     51.45      0.00      0.00      0.00      0.00

16:51:54        IFACE   rxpck/s   txpck/s    rxkB/s    txkB/s   rxcmp/s   txcmp/s  rxmcst/s   %ifutil
16:51:55         ens5    212.00    213.00     55.90     53.94      0.00      0.00      0.00      0.00

16:51:55        IFACE   rxpck/s   txpck/s    rxkB/s    txkB/s   rxcmp/s   txcmp/s  rxmcst/s   %ifutil
16:51:56         ens5    206.00    205.00     51.85     51.45      0.00      0.00      0.00      0.00

16:51:56        IFACE   rxpck/s   txpck/s    rxkB/s    txkB/s   rxcmp/s   txcmp/s  rxmcst/s   %ifutil
16:51:57         ens5    210.00    210.00     53.95     52.78      0.00      0.00      0.00      0.00

16:51:57        IFACE   rxpck/s   txpck/s    rxkB/s    txkB/s   rxcmp/s   txcmp/s  rxmcst/s   %ifutil
16:51:58         ens5    209.00    209.00     53.87     52.69      0.00      0.00      0.00      0.00

16:51:58        IFACE   rxpck/s   txpck/s    rxkB/s    txkB/s   rxcmp/s   txcmp/s  rxmcst/s   %ifutil
16:51:59         ens5    209.00    209.00     53.87     52.69      0.00      0.00      0.00      0.00

16:51:59        IFACE   rxpck/s   txpck/s    rxkB/s    txkB/s   rxcmp/s   txcmp/s  rxmcst/s   %ifutil
16:52:00         ens5    200.00    199.00     51.40     49.47      0.00      0.00      0.00      0.00

16:52:00        IFACE   rxpck/s   txpck/s    rxkB/s    txkB/s   rxcmp/s   txcmp/s  rxmcst/s   %ifutil
16:52:01         ens5    187.00    189.00     48.83     47.83      0.00      0.00      0.00      0.00

16:52:01        IFACE   rxpck/s   txpck/s    rxkB/s    txkB/s   rxcmp/s   txcmp/s  rxmcst/s   %ifutil
16:52:02         ens5    152.00    152.00     39.18     38.32      0.00      0.00      0.00      0.00

16:52:02        IFACE   rxpck/s   txpck/s    rxkB/s    txkB/s   rxcmp/s   txcmp/s  rxmcst/s   %ifutil
16:52:03         ens5    209.00    209.00     53.87     52.69      0.00      0.00      0.00      0.00

16:52:03        IFACE   rxpck/s   txpck/s    rxkB/s    txkB/s   rxcmp/s   txcmp/s  rxmcst/s   %ifutil
16:52:04         ens5    214.00    212.00     54.46     53.69      0.00      0.00      0.00      0.00

16:52:04        IFACE   rxpck/s   txpck/s    rxkB/s    txkB/s   rxcmp/s   txcmp/s  rxmcst/s   %ifutil
16:52:05         ens5    209.00    209.00     53.87     52.69      0.00      0.00      0.00      0.00

16:52:05        IFACE   rxpck/s   txpck/s    rxkB/s    txkB/s   rxcmp/s   txcmp/s  rxmcst/s   %ifutil
16:52:06         ens5    207.00    207.00     53.44     51.77      0.00      0.00      0.00      0.00

16:52:06        IFACE   rxpck/s   txpck/s    rxkB/s    txkB/s   rxcmp/s   txcmp/s  rxmcst/s   %ifutil
16:52:07         ens5    208.00    210.00     53.83     52.75      0.00      0.00      0.00      0.00

16:52:07        IFACE   rxpck/s   txpck/s    rxkB/s    txkB/s   rxcmp/s   txcmp/s  rxmcst/s   %ifutil
16:52:08         ens5    209.00    209.00     53.87     52.69      0.00      0.00      0.00      0.00

16:52:08        IFACE   rxpck/s   txpck/s    rxkB/s    txkB/s   rxcmp/s   txcmp/s  rxmcst/s   %ifutil
16:52:09         ens5    209.00    209.00     53.87     52.69      0.00      0.00      0.00      0.00

16:52:09        IFACE   rxpck/s   txpck/s    rxkB/s    txkB/s   rxcmp/s   txcmp/s  rxmcst/s   %ifutil
16:52:10         ens5    209.00    209.00     53.88     52.70      0.00      0.00      0.00      0.00

16:52:10        IFACE   rxpck/s   txpck/s    rxkB/s    txkB/s   rxcmp/s   txcmp/s  rxmcst/s   %ifutil
16:52:11         ens5    209.00    209.00     53.87     52.69      0.00      0.00      0.00      0.00

16:52:11        IFACE   rxpck/s   txpck/s    rxkB/s    txkB/s   rxcmp/s   txcmp/s  rxmcst/s   %ifutil
16:52:12         ens5    210.00    210.00     53.90     52.73      0.00      0.00      0.00      0.00

16:52:12        IFACE   rxpck/s   txpck/s    rxkB/s    txkB/s   rxcmp/s   txcmp/s  rxmcst/s   %ifutil
16:52:13         ens5    210.00    210.00     53.95     52.78      0.00      0.00      0.00      0.00

16:52:13        IFACE   rxpck/s   txpck/s    rxkB/s    txkB/s   rxcmp/s   txcmp/s  rxmcst/s   %ifutil
16:52:14         ens5    205.00    205.00     53.62     52.43      0.00      0.00      0.00      0.00

16:52:14        IFACE   rxpck/s   txpck/s    rxkB/s    txkB/s   rxcmp/s   txcmp/s  rxmcst/s   %ifutil
16:52:15         ens5    211.00    211.00     54.00     52.80      0.00      0.00      0.00      0.00

16:52:15        IFACE   rxpck/s   txpck/s    rxkB/s    txkB/s   rxcmp/s   txcmp/s  rxmcst/s   %ifutil
16:52:16         ens5    211.00    211.00     54.00     52.84      0.00      0.00      0.00      0.00

16:52:16        IFACE   rxpck/s   txpck/s    rxkB/s    txkB/s   rxcmp/s   txcmp/s  rxmcst/s   %ifutil
16:52:17         ens5    212.00    210.00     54.02     52.76      0.00      0.00      0.00      0.00

16:52:17        IFACE   rxpck/s   txpck/s    rxkB/s    txkB/s   rxcmp/s   txcmp/s  rxmcst/s   %ifutil
16:52:18         ens5    214.00    213.00     54.68     53.75      0.00      0.00      0.00      0.00

16:52:18        IFACE   rxpck/s   txpck/s    rxkB/s    txkB/s   rxcmp/s   txcmp/s  rxmcst/s   %ifutil
16:52:19         ens5    197.00    200.00     52.67     51.30      0.00      0.00      0.00      0.00

16:52:19        IFACE   rxpck/s   txpck/s    rxkB/s    txkB/s   rxcmp/s   txcmp/s  rxmcst/s   %ifutil
16:52:20         ens5    199.00    197.00     49.81     49.15      0.00      0.00      0.00      0.00

16:52:20        IFACE   rxpck/s   txpck/s    rxkB/s    txkB/s   rxcmp/s   txcmp/s  rxmcst/s   %ifutil
16:52:21         ens5    200.00    202.00     53.04     51.44      0.00      0.00      0.00      0.00

16:52:21        IFACE   rxpck/s   txpck/s    rxkB/s    txkB/s   rxcmp/s   txcmp/s  rxmcst/s   %ifutil
16:52:22         ens5    203.00    202.00     50.24     51.09      0.00      0.00      0.00      0.00

16:52:22        IFACE   rxpck/s   txpck/s    rxkB/s    txkB/s   rxcmp/s   txcmp/s  rxmcst/s   %ifutil
16:52:23         ens5    203.00    202.00     53.00     49.83      0.00      0.00      0.00      0.00

16:52:23        IFACE   rxpck/s   txpck/s    rxkB/s    txkB/s   rxcmp/s   txcmp/s  rxmcst/s   %ifutil
16:52:24         ens5    203.00    205.00     53.53     52.41      0.00      0.00      0.00      0.00

16:52:24        IFACE   rxpck/s   txpck/s    rxkB/s    txkB/s   rxcmp/s   txcmp/s  rxmcst/s   %ifutil
16:52:25         ens5    203.00    202.00     50.24     51.09      0.00      0.00      0.00      0.00

16:52:25        IFACE   rxpck/s   txpck/s    rxkB/s    txkB/s   rxcmp/s   txcmp/s  rxmcst/s   %ifutil
16:52:26         ens5    205.00    204.00     53.44     50.75      0.00      0.00      0.00      0.00

16:52:26        IFACE   rxpck/s   txpck/s    rxkB/s    txkB/s   rxcmp/s   txcmp/s  rxmcst/s   %ifutil
16:52:27         ens5    193.00    192.00     49.35     48.04      0.00      0.00      0.00      0.00

16:52:27        IFACE   rxpck/s   txpck/s    rxkB/s    txkB/s   rxcmp/s   txcmp/s  rxmcst/s   %ifutil
16:52:28         ens5    199.00    202.00     52.79     51.41      0.00      0.00      0.00      0.00

16:52:28        IFACE   rxpck/s   txpck/s    rxkB/s    txkB/s   rxcmp/s   txcmp/s  rxmcst/s   %ifutil
16:52:29         ens5    199.00    197.00     49.81     49.19      0.00      0.00      0.00      0.00

16:52:29        IFACE   rxpck/s   txpck/s    rxkB/s    txkB/s   rxcmp/s   txcmp/s  rxmcst/s   %ifutil
16:52:30         ens5    198.00    199.00     51.05     50.26      0.00      0.00      0.00      0.00

16:52:30        IFACE   rxpck/s   txpck/s    rxkB/s    txkB/s   rxcmp/s   txcmp/s  rxmcst/s   %ifutil
16:52:31         ens5    200.00    199.00     51.40     49.48      0.00      0.00      0.00      0.00

16:52:31        IFACE   rxpck/s   txpck/s    rxkB/s    txkB/s   rxcmp/s   txcmp/s  rxmcst/s   %ifutil
16:52:32         ens5    195.00    194.00     49.78     48.96      0.00      0.00      0.00      0.00

16:52:32        IFACE   rxpck/s   txpck/s    rxkB/s    txkB/s   rxcmp/s   txcmp/s  rxmcst/s   %ifutil
16:52:33         ens5    197.00    199.00     52.67     50.28      0.00      0.00      0.00      0.00

16:52:33        IFACE   rxpck/s   txpck/s    rxkB/s    txkB/s   rxcmp/s   txcmp/s  rxmcst/s   %ifutil
16:52:34         ens5    202.00    200.00     50.18     50.32      0.00      0.00      0.00      0.00

16:52:34        IFACE   rxpck/s   txpck/s    rxkB/s    txkB/s   rxcmp/s   txcmp/s  rxmcst/s   %ifutil
16:52:35         ens5    201.00    204.00     52.92     51.56      0.00      0.00      0.00      0.00

16:52:35        IFACE   rxpck/s   txpck/s    rxkB/s    txkB/s   rxcmp/s   txcmp/s  rxmcst/s   %ifutil
16:52:36         ens5    199.00    198.00     49.99     50.83      0.00      0.00      0.00      0.00

16:52:36        IFACE   rxpck/s   txpck/s    rxkB/s    txkB/s   rxcmp/s   txcmp/s  rxmcst/s   %ifutil
16:52:37         ens5    213.00    212.00     55.53     52.95      0.00      0.00      0.00      0.00

16:52:37        IFACE   rxpck/s   txpck/s    rxkB/s    txkB/s   rxcmp/s   txcmp/s  rxmcst/s   %ifutil
16:52:38         ens5    206.00    207.00     52.27     52.49      0.00      0.00      0.00      0.00

16:52:38        IFACE   rxpck/s   txpck/s    rxkB/s    txkB/s   rxcmp/s   txcmp/s  rxmcst/s   %ifutil
16:52:39         ens5    209.00    209.00     53.87     52.69      0.00      0.00      0.00      0.00

16:52:39        IFACE   rxpck/s   txpck/s    rxkB/s    txkB/s   rxcmp/s   txcmp/s  rxmcst/s   %ifutil
16:52:40         ens5    205.00    204.00     53.44     50.75      0.00      0.00      0.00      0.00

16:52:40        IFACE   rxpck/s   txpck/s    rxkB/s    txkB/s   rxcmp/s   txcmp/s  rxmcst/s   %ifutil
16:52:41         ens5    194.00    193.00     49.39     48.10      0.00      0.00      0.00      0.00

16:52:41        IFACE   rxpck/s   txpck/s    rxkB/s    txkB/s   rxcmp/s   txcmp/s  rxmcst/s   %ifutil
16:52:42         ens5    206.00    207.00     53.50     52.55      0.00      0.00      0.00      0.00

16:52:42        IFACE   rxpck/s   txpck/s    rxkB/s    txkB/s   rxcmp/s   txcmp/s  rxmcst/s   %ifutil
16:52:43         ens5    204.00    204.00     53.29     51.55      0.00      0.00      0.00      0.00

16:52:43        IFACE   rxpck/s   txpck/s    rxkB/s    txkB/s   rxcmp/s   txcmp/s  rxmcst/s   %ifutil
16:52:44         ens5    207.00    209.00     53.75     52.69      0.00      0.00      0.00      0.00

16:52:44        IFACE   rxpck/s   txpck/s    rxkB/s    txkB/s   rxcmp/s   txcmp/s  rxmcst/s   %ifutil
16:52:45         ens5    206.00    205.00     51.84     51.49      0.00      0.00      0.00      0.00

16:52:45        IFACE   rxpck/s   txpck/s    rxkB/s    txkB/s   rxcmp/s   txcmp/s  rxmcst/s   %ifutil
16:52:46         ens5    206.00    206.00     52.26     52.33      0.00      0.00      0.00      0.00

16:52:46        IFACE   rxpck/s   txpck/s    rxkB/s    txkB/s   rxcmp/s   txcmp/s  rxmcst/s   %ifutil
16:52:47         ens5    200.00    201.00     52.86     49.76      0.00      0.00      0.00      0.00

16:52:47        IFACE   rxpck/s   txpck/s    rxkB/s    txkB/s   rxcmp/s   txcmp/s  rxmcst/s   %ifutil
16:52:48         ens5    205.00    205.00     53.62     52.43      0.00      0.00      0.00      0.00

16:52:48        IFACE   rxpck/s   txpck/s    rxkB/s    txkB/s   rxcmp/s   txcmp/s  rxmcst/s   %ifutil
16:52:49         ens5    206.00    205.00     51.84     51.45      0.00      0.00      0.00      0.00

16:52:49        IFACE   rxpck/s   txpck/s    rxkB/s    txkB/s   rxcmp/s   txcmp/s  rxmcst/s   %ifutil
16:52:50         ens5    205.00    203.00     52.21     50.53      0.00      0.00      0.00      0.00

16:52:50        IFACE   rxpck/s   txpck/s    rxkB/s    txkB/s   rxcmp/s   txcmp/s  rxmcst/s   %ifutil
16:52:51         ens5    206.00    207.00     53.50     52.55      0.00      0.00      0.00      0.00

16:52:51        IFACE   rxpck/s   txpck/s    rxkB/s    txkB/s   rxcmp/s   txcmp/s  rxmcst/s   %ifutil
16:52:52         ens5    205.00    207.00     53.34     51.76      0.00      0.00      0.00      0.00

16:52:52        IFACE   rxpck/s   txpck/s    rxkB/s    txkB/s   rxcmp/s   txcmp/s  rxmcst/s   %ifutil
16:52:53         ens5    195.00    193.00     49.56     48.89      0.00      0.00      0.00      0.00

16:52:53        IFACE   rxpck/s   txpck/s    rxkB/s    txkB/s   rxcmp/s   txcmp/s  rxmcst/s   %ifutil
16:52:54         ens5    208.00    208.00     53.49     51.84      0.00      0.00      0.00      0.00

16:52:54        IFACE   rxpck/s   txpck/s    rxkB/s    txkB/s   rxcmp/s   txcmp/s  rxmcst/s   %ifutil
16:52:55         ens5    199.00    200.00     51.45     51.12      0.00      0.00      0.00      0.00

16:52:55        IFACE   rxpck/s   txpck/s    rxkB/s    txkB/s   rxcmp/s   txcmp/s  rxmcst/s   %ifutil
16:52:56         ens5    200.00    199.00     51.40     49.48      0.00      0.00      0.00      0.00

16:52:56        IFACE   rxpck/s   txpck/s    rxkB/s    txkB/s   rxcmp/s   txcmp/s  rxmcst/s   %ifutil
16:52:57         ens5    199.00    200.00     51.45     51.12      0.00      0.00      0.00      0.00

16:52:57        IFACE   rxpck/s   txpck/s    rxkB/s    txkB/s   rxcmp/s   txcmp/s  rxmcst/s   %ifutil
16:52:58         ens5    202.00    201.00     51.83     50.39      0.00      0.00      0.00      0.00

16:52:58        IFACE   rxpck/s   txpck/s    rxkB/s    txkB/s   rxcmp/s   txcmp/s  rxmcst/s   %ifutil
16:52:59         ens5     54.00     54.00     14.20     13.38      0.00      0.00      0.00      0.00

16:52:59        IFACE   rxpck/s   txpck/s    rxkB/s    txkB/s   rxcmp/s   txcmp/s  rxmcst/s   %ifutil
16:53:00         ens5      0.00      0.00      0.00      0.00      0.00      0.00      0.00      0.00

16:53:00        IFACE   rxpck/s   txpck/s    rxkB/s    txkB/s   rxcmp/s   txcmp/s  rxmcst/s   %ifutil
16:53:01         ens5      1.00      1.00      0.07      0.09      0.00      0.00      0.00      0.00



Average:        IFACE   rxpck/s   txpck/s    rxkB/s    txkB/s   rxcmp/s   txcmp/s  rxmcst/s   %ifutil
Average:         ens5    188.48    188.56     48.46     47.27      0.00      0.00      0.00      0.00
