Linux 7.0.0-1010-aws (ip-172-31-20-134) 	08/11/26 	_x86_64_	(2 CPU)

17:16:14    kbmemfree   kbavail kbmemused  %memused kbbuffers  kbcached  kbcommit   %commit  kbactive   kbinact   kbdirty
17:16:15       103236   1313640    379848     19.47     30940   1290612   1469924     75.35    994988    596260       484
17:16:16       103236   1313640    379844     19.47     30940   1290616   1469924     75.35    994988    596260       488
17:16:17       103236   1313640    379844     19.47     30940   1290616   1469924     75.35    994988    596260       488
17:16:18       103236   1313640    379844     19.47     30940   1290616   1469924     75.35    994988    596260       488
17:16:19       103236   1313644    379844     19.47     30940   1290616   1469924     75.35    995852    596264       488
17:16:20       103236   1313776    379616     19.46     30940   1290828   1469924     75.35    996016    596264       272
17:16:21       103236   1313776    379616     19.46     30940   1290828   1469924     75.35    996016    596264       272
17:16:22       103236   1313868    379612     19.46     30940   1290832   1471104     75.41    997252    596268       276
17:16:23       103236   1313868    379596     19.46     30940   1290848   1471104     75.41    997252    596268       292
17:16:24       103236   1313868    379596     19.46     30940   1290848   1471104     75.41    997252    596268       292
17:16:25       103236   1313900    379572     19.46     30964   1290848   1471104     75.41    997344    596300       304
17:16:26       103236   1313900    379572     19.46     30964   1290848   1479824     75.85    997932    596300       304
17:16:27       103236   1313952    379524     19.45     30964   1290896   1535292     78.70   1003224    596352       304
17:16:28       100536   1311596    381872     19.57     30964   1291232   1705432     87.42   1008884    596692       640
17:16:29       100488   1311664    381792     19.57     30964   1291352   1705864     87.44   1008344    596804       760
17:16:30       100488   1311684    381716     19.57     30964   1291424   1705864     87.44   1008356    596820       836
17:16:31       100488   1311684    381716     19.57     30964   1291424   1705864     87.44   1008356    596820       836
17:16:32       100488   1311684    381712     19.57     30964   1291428   1705864     87.44   1008356    596820       840
17:16:33       100488   1311684    381712     19.57     30964   1291428   1705864     87.44   1008356    596820       840
17:16:34       100488   1311692    381708     19.57     30964   1291432   1705864     87.44   1008904    596828       844
17:16:35       100488   1311752    381708     19.57     30964   1291432   1705864     87.44   1008948    596888       840
17:16:36       100488   1311752    381708     19.57     30964   1291432   1705864     87.44   1008948    596888       840
17:16:37       100488   1311756    381704     19.57     30964   1291436   1705864     87.44   1008948    596892       732
17:16:38       100488   1311756    381704     19.57     30964   1291436   1705864     87.44   1008948    596892       732

Average:       101978   1312826    380624     19.51     30954   1291054   1581378     81.06   1002227    596531       562
