Linux 7.0.0-1010-aws (ip-172-31-20-134) 	08/11/26 	_x86_64_	(2 CPU)

17:16:14        IFACE   rxpck/s   txpck/s    rxkB/s    txkB/s   rxcmp/s   txcmp/s  rxmcst/s   %ifutil
17:16:15         ens5     52.00     50.00      4.38      5.58      0.00      0.00      0.00      0.00

17:16:15        IFACE   rxpck/s   txpck/s    rxkB/s    txkB/s   rxcmp/s   txcmp/s  rxmcst/s   %ifutil
17:16:16         ens5     42.00     32.00      3.69      3.68      0.00      0.00      0.00      0.00

17:16:16        IFACE   rxpck/s   txpck/s    rxkB/s    txkB/s   rxcmp/s   txcmp/s  rxmcst/s   %ifutil
17:16:17         ens5      0.00      0.00      0.00      0.00      0.00      0.00      0.00      0.00

17:16:17        IFACE   rxpck/s   txpck/s    rxkB/s    txkB/s   rxcmp/s   txcmp/s  rxmcst/s   %ifutil
17:16:18         ens5      0.00      0.00      0.00      0.00      0.00      0.00      0.00      0.00

17:16:18        IFACE   rxpck/s   txpck/s    rxkB/s    txkB/s   rxcmp/s   txcmp/s  rxmcst/s   %ifutil
17:16:19         ens5      0.00      0.00      0.00      0.00      0.00      0.00      0.00      0.00

17:16:19        IFACE   rxpck/s   txpck/s    rxkB/s    txkB/s   rxcmp/s   txcmp/s  rxmcst/s   %ifutil
17:16:20         ens5      1.00      1.00      0.07      0.09      0.00      0.00      0.00      0.00

17:16:20        IFACE   rxpck/s   txpck/s    rxkB/s    txkB/s   rxcmp/s   txcmp/s  rxmcst/s   %ifutil
17:16:21         ens5      0.00      0.00      0.00      0.00      0.00      0.00      0.00      0.00

17:16:21        IFACE   rxpck/s   txpck/s    rxkB/s    txkB/s   rxcmp/s   txcmp/s  rxmcst/s   %ifutil
17:16:22         ens5     30.00     39.00     13.42      2.97      0.00      0.00      0.00      0.00

17:16:22        IFACE   rxpck/s   txpck/s    rxkB/s    txkB/s   rxcmp/s   txcmp/s  rxmcst/s   %ifutil
17:16:23         ens5      0.00      0.00      0.00      0.00      0.00      0.00      0.00      0.00

17:16:23        IFACE   rxpck/s   txpck/s    rxkB/s    txkB/s   rxcmp/s   txcmp/s  rxmcst/s   %ifutil
17:16:24         ens5      0.00      0.00      0.00      0.00      0.00      0.00      0.00      0.00

17:16:24        IFACE   rxpck/s   txpck/s    rxkB/s    txkB/s   rxcmp/s   txcmp/s  rxmcst/s   %ifutil
17:16:25         ens5      0.00      0.00      0.00      0.00      0.00      0.00      0.00      0.00

17:16:25        IFACE   rxpck/s   txpck/s    rxkB/s    txkB/s   rxcmp/s   txcmp/s  rxmcst/s   %ifutil
17:16:26         ens5     12.00     16.00      1.82      1.55      0.00      0.00      0.00      0.00

17:16:26        IFACE   rxpck/s   txpck/s    rxkB/s    txkB/s   rxcmp/s   txcmp/s  rxmcst/s   %ifutil
17:16:27         ens5    262.00    345.00     39.69     33.34      0.00      0.00      0.00      0.00

17:16:27        IFACE   rxpck/s   txpck/s    rxkB/s    txkB/s   rxcmp/s   txcmp/s  rxmcst/s   %ifutil
17:16:28         ens5    664.00    881.00    100.18     85.01      0.00      0.00      0.00      0.00

17:16:28        IFACE   rxpck/s   txpck/s    rxkB/s    txkB/s   rxcmp/s   txcmp/s  rxmcst/s   %ifutil
17:16:29         ens5    159.00    221.00     25.17     21.57      0.00      0.00      0.00      0.00

17:16:29        IFACE   rxpck/s   txpck/s    rxkB/s    txkB/s   rxcmp/s   txcmp/s  rxmcst/s   %ifutil
17:16:30         ens5      1.00      1.00      0.05      0.06      0.00      0.00      0.00      0.00

17:16:30        IFACE   rxpck/s   txpck/s    rxkB/s    txkB/s   rxcmp/s   txcmp/s  rxmcst/s   %ifutil
17:16:31         ens5      0.00      0.00      0.00      0.00      0.00      0.00      0.00      0.00

17:16:31        IFACE   rxpck/s   txpck/s    rxkB/s    txkB/s   rxcmp/s   txcmp/s  rxmcst/s   %ifutil
17:16:32         ens5      0.00      0.00      0.00      0.00      0.00      0.00      0.00      0.00

17:16:32        IFACE   rxpck/s   txpck/s    rxkB/s    txkB/s   rxcmp/s   txcmp/s  rxmcst/s   %ifutil
17:16:33         ens5      0.00      0.00      0.00      0.00      0.00      0.00      0.00      0.00

17:16:33        IFACE   rxpck/s   txpck/s    rxkB/s    txkB/s   rxcmp/s   txcmp/s  rxmcst/s   %ifutil
17:16:34         ens5      0.00      1.00      0.00      0.22      0.00      0.00      0.00      0.00

17:16:34        IFACE   rxpck/s   txpck/s    rxkB/s    txkB/s   rxcmp/s   txcmp/s  rxmcst/s   %ifutil
17:16:35         ens5      1.00      0.00      0.21      0.00      0.00      0.00      0.00      0.00

17:16:35        IFACE   rxpck/s   txpck/s    rxkB/s    txkB/s   rxcmp/s   txcmp/s  rxmcst/s   %ifutil
17:16:36         ens5      4.00      3.00      0.25      0.24      0.00      0.00      0.00      0.00

17:16:36        IFACE   rxpck/s   txpck/s    rxkB/s    txkB/s   rxcmp/s   txcmp/s  rxmcst/s   %ifutil
17:16:37         ens5      0.00      0.00      0.00      0.00      0.00      0.00      0.00      0.00

17:16:37        IFACE   rxpck/s   txpck/s    rxkB/s    txkB/s   rxcmp/s   txcmp/s  rxmcst/s   %ifutil
17:16:38         ens5      0.00      0.00      0.00      0.00      0.00      0.00      0.00      0.00


Average:        IFACE   rxpck/s   txpck/s    rxkB/s    txkB/s   rxcmp/s   txcmp/s  rxmcst/s   %ifutil
Average:         ens5     51.17     66.25      7.87      6.43      0.00      0.00      0.00      0.00
