Linux 7.0.0-1008-aws (ip-172-31-20-134) 	08/07/26 	_x86_64_	(2 CPU)

17:06:50        CPU     %user     %nice   %system   %iowait    %steal     %idle
17:06:51        all      2.50      0.00      1.50      0.00      0.00     96.00
17:06:52        all      0.50      0.00      0.00      0.00      0.00     99.50
17:06:53        all      0.00      0.00      0.00      0.00      0.00    100.00
17:06:54        all      0.00      0.00      0.50      0.00      0.00     99.50
17:06:55        all      0.50      0.00      0.00      0.00      0.00     99.50
17:06:56        all      0.50      0.00      0.00      0.00      0.00     99.50
17:06:57        all      0.00      0.00      0.00      0.00      0.00    100.00
17:06:58        all      8.12      0.00      1.52      0.00      0.00     90.36
17:06:59        all      6.57      0.00      1.01      0.00      0.00     92.42
17:07:00        all      6.00      0.00      1.00      0.50      1.00     91.50
17:07:01        all      5.10      0.00      0.51      0.00      0.00     94.39
17:07:02        all      7.11      0.00      1.02      0.00      0.00     91.88
17:07:03        all      7.04      0.00      1.01      0.00      0.00     91.96
17:07:04        all      5.61      0.00      1.02      0.00      0.00     93.37
17:07:05        all      6.60      0.00      0.51      0.00      0.00     92.89
17:07:06        all      6.60      0.00      1.02      0.00      0.00     92.39
17:07:07        all      6.09      0.00      0.51      0.00      0.00     93.40
17:07:08        all      6.12      0.00      0.51      0.00      0.00     93.37
17:07:09        all      7.54      0.00      1.01      0.00      0.00     91.46
17:07:10        all      6.12      0.00      0.51      0.00      0.00     93.37
17:07:11        all      6.53      0.00      1.51      0.00      0.00     91.96
17:07:12        all      7.11      0.00      0.00      0.00      0.00     92.89
17:07:13        all     12.24      0.00      2.04      0.00      0.00     85.71
17:07:14        all      6.09      0.00      0.51      0.00      0.00     93.40
17:07:15        all     10.15      0.00      1.52      0.00      0.00     88.32
17:07:16        all      6.60      0.00      1.02      0.00      0.00     92.39
17:07:17        all      6.57      0.00      1.01      0.00      0.00     92.42
17:07:18        all      6.53      0.00      1.01      0.00      0.50     91.96
17:07:19        all      6.12      0.00      0.00      0.00      0.00     93.88
17:07:20        all      6.06      0.00      1.01      0.00      0.51     92.42
17:07:21        all      7.07      0.00      1.52      0.00      0.00     91.41
17:07:22        all      6.09      0.00      0.51      0.51      0.00     92.89
17:07:23        all      6.57      0.00      0.51      0.00      0.00     92.93
17:07:24        all      6.09      0.00      1.02      0.00      0.00     92.89
17:07:25        all      7.11      0.00      0.51      0.00      0.00     92.39
17:07:26        all      6.63      0.00      0.00      0.00      0.00     93.37
17:07:27        all      5.56      0.00      2.02      0.00      0.00     92.42
17:07:28        all     12.69      0.00      2.03      0.00      0.00     85.28
17:07:29        all      6.50      0.00      1.00      0.00      0.00     92.50
17:07:30        all      6.67      0.00      0.00      0.00      0.00     93.33
17:07:31        all      6.57      0.00      1.01      0.00      0.00     92.42
17:07:32        all      6.70      0.00      0.00      0.00      0.00     93.30
17:07:33        all      6.57      0.00      1.52      0.00      0.00     91.92
17:07:34        all      6.09      0.00      1.02      0.00      0.00     92.89
17:07:35        all      7.11      0.00      0.00      0.00      0.00     92.89
17:07:36        all      6.50      0.00      2.00      0.00      0.00     91.50
17:07:37        all      6.09      0.00      1.02      0.00      0.00     92.89
17:07:38        all      6.63      0.00      0.00      0.00      0.00     93.37
17:07:39        all      6.06      0.00      0.51      0.00      1.01     92.42
17:07:40        all      7.07      0.00      1.01      0.00      0.00     91.92
17:07:41        all      6.06      0.00      1.52      0.00      0.00     92.42
17:07:42        all      6.70      0.00      0.00      0.00      0.00     93.30
17:07:43        all     12.12      0.00      2.53      0.00      0.00     85.35
17:07:44        all      6.63      0.00      0.00      0.00      0.00     93.37
17:07:45        all      7.04      0.00      0.50      0.00      0.50     91.96
17:07:46        all      6.12      0.00      1.02      0.00      0.00     92.86
17:07:47        all      6.53      0.00      0.50      0.00      0.50     92.46
17:07:48        all      6.63      0.00      0.51      0.00      0.00     92.86
17:07:49        all      6.12      0.00      0.51      0.00      0.00     93.37
17:07:50        all      6.12      0.00      0.51      0.00      0.00     93.37
17:07:51        all      6.57      0.00      1.52      0.00      0.00     91.92
17:07:52        all      7.11      0.00      0.51      0.00      0.00     92.39
17:07:53        all      6.03      0.00      1.01      0.50      0.00     92.46
17:07:54        all      6.12      0.00      1.02      0.00      0.00     92.86
17:07:55        all      7.04      0.00      1.01      0.00      0.00     91.96
17:07:56        all      6.57      0.00      0.51      0.00      0.00     92.93
17:07:57        all      6.60      0.00      0.51      0.00      0.00     92.89
17:07:58        all     10.77      0.00      2.05      0.00      0.00     87.18
17:07:59        all      6.57      0.00      1.01      0.00      0.00     92.42
17:08:00        all      6.06      0.00      0.51      0.00      0.51     92.93
17:08:01        all      6.57      0.00      1.01      0.00      0.51     91.92
17:08:02        all      0.50      0.00      0.00      0.50      0.00     98.99
17:08:03        all      0.50      0.00      0.00      0.00      0.00     99.50

Average:        all      6.10      0.00      0.80      0.03      0.07     93.00
