Linux 7.0.0-1008-aws (ip-172-31-20-134) 	08/07/26 	_x86_64_	(2 CPU)

17:06:50    kbmemfree   kbavail kbmemused  %memused kbbuffers  kbcached  kbcommit   %commit  kbactive   kbinact   kbdirty
17:06:51       102748   1298708    370020     18.97     13572   1273156   1636024     83.86    733208    830632       468
17:06:52       102748   1298708    370020     18.97     13572   1273156   1636024     83.86    733208    830632       468
17:06:53       102748   1298708    370024     18.97     13572   1273156   1636024     83.86    733208    830632       468
17:06:54       102748   1298708    370024     18.97     13572   1273156   1636024     83.86    733208    830632       468
17:06:55       102748   1298708    370024     18.97     13572   1273156   1636024     83.86    733208    830632       468
17:06:56       102748   1298712    370020     18.97     13572   1273160   1636024     83.86    733208    830636       308
17:06:57       102748   1298712    370020     18.97     13572   1273160   1636024     83.86    733208    830636       308
17:06:58       102748   1298712    370012     18.97     13572   1273168   1637464     83.94    735680    830636       316
17:06:59       102748   1298772    369960     18.96     13572   1273220   1641936     84.17    738432    830696       368
17:07:00       102748   1298840    369888     18.96     13572   1273292   1642216     84.18    738880    830764       284
17:07:01       102748   1298920    369812     18.96     13572   1273368   1642232     84.18    739172    830844       360
17:07:02       102748   1299012    369716     18.95     13604   1273432   1642432     84.19    739320    830936       536
17:07:03       102244   1298580    370148     18.97     13604   1273504   1642432     84.19    740488    831008       608
17:07:04       101992   1298412    370320     18.98     13604   1273584   1642576     84.20    741212    831092       640
17:07:05       101488   1297980    370748     19.01     13604   1273660   1642868     84.22    741880    831164       716
17:07:06       100984   1297560    371172     19.03     13604   1273740   1642864     84.22    741860    831248       800
17:07:07       100984   1297616    371092     19.02     13604   1273820   1642916     84.22    741608    831304       880
17:07:08       100984   1297712    371016     19.02     13604   1273896   1651372     84.65    742008    831400       956
17:07:09       100984   1297792    370936     19.01     13604   1273976   1651508     84.66    742176    831480      1036
17:07:10       100984   1297792    370856     19.01     13604   1274056   1651516     84.66    742176    831480      1116
17:07:11       100984   1297880    370776     19.01     13604   1274136   1651516     84.66    742212    831568      1196
17:07:12       100984   1298012    370696     19.00     13604   1274216   1651592     84.66    742328    831700      1276
17:07:13       100984   1298104    370624     19.00     13604   1274288   1651592     84.66    741892    831792      1348
17:07:14       100984   1298188    370532     18.99     13604   1274380   1651592     84.66    742112    831876      1440
17:07:15       100984   1298228    370456     18.99     13604   1274456   1651608     84.66    742196    831916      1516
17:07:16       100984   1298228    370376     18.99     13604   1274536   1651616     84.66    742196    831916      1596
17:07:17       100732   1298120    370552     19.00     13604   1274612   1651616     84.66    742300    832060      1672
17:07:18        99976   1297492    371228     19.03     13604   1274692   1651624     84.66    742792    832188      1752
17:07:19        99976   1297520    371152     19.03     13604   1274768   1651624     84.66    742888    832216      1828
17:07:20        90272   1287928    380780     19.52     13604   1274844   1651624     84.66    743000    832328      1904
17:07:21        90020   1287780    380948     19.53     13604   1274928   1655792     84.88    744300    832432      1988
17:07:22        90020   1287788    380872     19.52     13604   1275004   1655792     84.88    743108    832440       260
17:07:23        89768   1287640    381044     19.53     13604   1275084   1655792     84.88    743108    832544       344
17:07:24        89768   1287716    380964     19.53     13604   1275164   1655920     84.88    743156    832620       424
17:07:25        89516   1287548    381136     19.54     13604   1275244   1655936     84.89    743196    832704       504
17:07:26        89516   1287664    381056     19.53     13604   1275324   1655936     84.89    743244    832820       484
17:07:27        89516   1287664    380980     19.53     13604   1275400   1655936     84.89    743244    832820       560
17:07:28        88760   1287072    381652     19.56     13604   1275484   1655928     84.89    743000    832984       644
17:07:29        88760   1287100    381572     19.56     13604   1275564   1655928     84.89    743220    833012       724
17:07:30        88760   1287224    381492     19.56     13604   1275644   1655912     84.88    743212    833136       804
17:07:31        88760   1287300    381416     19.55     13604   1275720   1655912     84.88    743260    833212       880
17:07:32        88760   1287400    381308     19.55     13628   1275804   1655912     84.88    743304    833312       972
17:07:33        88508   1287240    381488     19.56     13628   1275876   1655912     84.88    743784    833404       924
17:07:34        88508   1287252    381408     19.55     13628   1275956   1655912     84.88    743896    833416      1004
17:07:35        88256   1287148    381584     19.56     13628   1276032   1655948     84.89    744244    833564      1080
17:07:36        88256   1287228    381500     19.56     13628   1276116   1656336     84.91    744288    833644      1164
17:07:37        88004   1287052    381676     19.57     13628   1276192   1656336     84.91    744456    833720      1188
17:07:38        88004   1287136    381596     19.56     13628   1276272   1656348     84.91    744232    833804      1268
17:07:39        88004   1287156    381520     19.56     13628   1276348   1656348     84.91    744248    833824      1344
17:07:40        88004   1287280    381440     19.55     13628   1276428   1656348     84.91    744248    833948      1424
17:07:41        88004   1287364    381360     19.55     13628   1276508   1656352     84.91    744248    834032      1508
17:07:42        88004   1287400    381284     19.55     13628   1276584   1656376     84.91    744252    834068      1584
17:07:43        87752   1287296    381380     19.55     13628   1276740   1656400     84.91    744104    834216      1740
17:07:44        87752   1287388    381372     19.55     13628   1276748   1656400     84.91    744220    834308      1748
17:07:45        87752   1287428    381292     19.55     13628   1276828   1656452     84.91    744220    834348      1828
17:07:46        87500   1287260    381464     19.55     13628   1276908   1656708     84.93    744220    834432      1908
17:07:47        87500   1287300    381316     19.55     13628   1277056   1656708     84.93    744220    834472      2056
17:07:48        87248   1287152    381556     19.56     13628   1277068   1656708     84.93    744572    834576      2068
17:07:49        87248   1287308    381412     19.55     13628   1277212   1656708     84.93    744580    834732      2212
17:07:50        86744   1286824    381904     19.58     13628   1277224   1656728     84.93    745800    834752      2224
17:07:51        86492   1286632    382076     19.59     13628   1277304   1656728     84.93    745864    834812      2304
17:07:52        86492   1286728    381928     19.58     13628   1277452   1656812     84.93    745092    834908      2452
17:07:53        85508   1285824    382904     19.63     13628   1277460   1656812     84.93    745108    834988        40
17:07:54        85256   1285688    383012     19.63     13628   1277604   1656824     84.93    745116    835104       192
17:07:55        85256   1285688    383004     19.63     13628   1277612   1656824     84.93    745116    835104       200
17:07:56        85256   1285812    382828     19.62     13628   1277788   1656824     84.93    745136    835208       352
17:07:57        85004   1285644    383068     19.64     13628   1277800   1656824     84.93    745136    835292       364
17:07:58        85004   1285708    382912     19.63     13628   1277956   1656824     84.93    745128    835352       520
17:07:59        85004   1285792    382904     19.63     13628   1277964   1656824     84.93    745164    835436       528
17:08:00        85004   1285956    382760     19.62     13628   1278108   1656824     84.93    745164    835600       672
17:08:01        85004   1285956    382748     19.62     13628   1278120   1656824     84.93    745164    835600       684
17:08:02        85004   1286068    382656     19.62     13652   1278188   1656824     84.93    745184    835712       820
17:08:03        85004   1286068    382656     19.62     13652   1278188   1656824     84.93    745308    835712       820

Average:        93188   1291453    377253     19.34     13610   1275449   1651600     84.66    742276    832934      1012
