Linux 7.0.0-1008-aws (ip-172-31-20-134) 	08/07/26 	_x86_64_	(2 CPU)

17:36:18        CPU     %user     %nice   %system   %iowait    %steal     %idle
17:36:19        all      1.52      0.00      1.01      0.00      0.00     97.47
17:36:20        all      0.00      0.00      0.00      0.00      0.50     99.50
17:36:21        all      1.51      0.00      0.00      0.00      0.00     98.49
17:36:22        all      0.00      0.00      0.00      0.00      0.00    100.00
17:36:23        all      0.00      0.00      0.50      0.00      0.00     99.50
17:36:24        all      0.00      0.00      0.50      0.00      0.00     99.50
17:36:25        all      0.50      0.00      0.00      0.00      0.00     99.50
17:36:26        all     12.76      0.00      1.53      0.00      0.00     85.71
17:36:27        all     13.07      0.00      2.01      0.00      0.00     84.92
17:36:28        all     16.33      0.00      2.04      0.51      0.00     81.12
17:36:29        all     13.78      0.00      1.53      0.00      0.00     84.69
17:36:30        all     12.12      0.00      2.02      0.00      0.00     85.86
17:36:31        all     13.20      0.00      0.51      0.00      0.51     85.79
17:36:32        all     12.76      0.00      1.02      0.51      0.00     85.71
17:36:33        all     12.06      0.00      2.51      0.00      0.00     85.43
17:36:34        all     12.24      0.00      1.02      0.00      0.00     86.73
17:36:35        all     12.18      0.00      1.02      0.00      0.00     86.80
17:36:36        all     12.31      0.00      1.54      0.00      0.00     86.15
17:36:37        all     12.24      0.00      1.02      0.00      0.00     86.73
17:36:38        all     11.62      0.00      2.02      0.00      0.00     86.36
17:36:39        all     13.07      0.00      1.51      0.00      0.50     84.92
17:36:40        all     12.69      0.00      1.52      0.00      0.00     85.79
17:36:41        all     12.76      0.00      1.02      0.00      0.00     86.22
17:36:42        all     11.79      0.00      1.03      0.00      0.00     87.18
17:36:43        all     16.92      0.00      1.54      0.00      0.00     81.54
17:36:44        all     13.27      0.00      1.53      0.00      0.00     85.20
17:36:45        all     13.00      0.00      1.50      0.00      1.50     84.00
17:36:46        all     12.18      0.00      2.03      0.00      0.00     85.79
17:36:47        all     11.79      0.00      1.03      0.00      0.00     87.18
17:36:48        all     12.69      0.00      1.02      0.00      0.51     85.79
17:36:49        all     12.31      0.00      1.03      0.00      0.00     86.67
17:36:50        all     12.63      0.00      1.01      0.51      0.51     85.35
17:36:51        all     14.21      0.00      1.52      0.00      0.00     84.26
17:36:52        all     12.18      0.00      1.02      0.00      0.00     86.80
17:36:53        all     12.76      0.00      1.02      0.00      0.51     85.71
17:36:54        all     11.68      0.00      1.52      0.00      0.51     86.29
17:36:55        all     12.69      0.00      1.02      0.00      0.00     86.29
17:36:56        all     12.76      0.00      1.53      0.00      0.00     85.71
17:36:57        all     12.12      0.00      2.02      0.00      0.00     85.86
17:36:58        all     18.00      0.00      2.00      0.00      1.00     79.00
17:36:59        all     13.85      0.00      1.03      0.00      0.00     85.13
17:37:00        all     11.56      0.00      1.51      0.00      3.52     83.42
17:37:01        all     10.05      0.00      2.01      0.00      1.01     86.93
17:37:02        all     12.82      0.00      1.03      0.00      0.00     86.15
17:37:03        all     12.63      0.00      1.52      0.00      0.51     85.35
17:37:04        all     12.18      0.00      1.52      0.00      0.00     86.29
17:37:05        all     12.69      0.00      1.52      0.00      0.00     85.79
17:37:06        all      6.57      0.00      1.01      0.00      0.00     92.42
17:37:07        all      0.00      0.00      0.00      0.00      0.00    100.00

Average:        all     10.67      0.00      1.23      0.03      0.23     87.84
