Linux 7.0.0-1008-aws (ip-172-31-20-134) 	08/07/26 	_x86_64_	(2 CPU)

17:36:18    kbmemfree   kbavail kbmemused  %memused kbbuffers  kbcached  kbcommit   %commit  kbactive   kbinact   kbdirty
17:36:19       268868   1299068    369760     18.95     15712   1107444   1631796     83.65    744448    651772       124
17:36:20       268868   1299068    369760     18.95     15712   1107444   1631796     83.65    744448    651772       124
17:36:21       268868   1299068    369756     18.95     15712   1107448   1631796     83.65    744448    651772       128
17:36:22       268868   1299068    369756     18.95     15712   1107448   1631796     83.65    744448    651772       128
17:36:23       268868   1299068    369756     18.95     15712   1107448   1631796     83.65    744448    651772       128
17:36:24       268868   1299068    369756     18.95     15712   1107448   1631796     83.65    744448    651772       128
17:36:25       268868   1299068    369756     18.95     15712   1107448   1631796     83.65    744616    651772       128
17:36:26       266852   1297244    371580     19.05     15712   1107640   1638008     83.97    749880    651964       320
17:36:27       261648   1292120    376708     19.31     15712   1107716   1646580     84.41    751240    652044       396
17:36:28       261144   1291792    377036     19.33     15712   1107892   1646716     84.41    750792    652220       572
17:36:29       260388   1291272    377536     19.35     15712   1108148   1646828     84.42    751752    652456       828
17:36:30       260388   1291416    377324     19.34     15712   1108360   1646828     84.42    751856    652600      1040
17:36:31       260136   1291432    377400     19.35     15712   1108536   1646828     84.42    752380    652868      1216
17:36:32       260136   1291700    377120     19.33     15736   1108792   1646832     84.42    752508    653136      1580
17:36:33       259632   1291368    377452     19.35     15736   1108964   1651064     84.64    752752    653308      1752
17:36:34       259380   1291376    377448     19.35     15736   1109220   1651164     84.64    753436    653568      2008
17:36:35       259380   1291588    377228     19.34     15736   1109440   1651184     84.64    753620    653780      2228
17:36:36       259380   1291800    377012     19.33     15736   1109656   1651244     84.65    753456    653992      2444
17:36:37       259380   1292020    376796     19.32     15736   1109872   1651260     84.65    753548    654212      2660
17:36:38       259380   1292232    376584     19.30     15736   1110084   1651260     84.65    753584    654424      2872
17:36:39       259380   1292400    376416     19.30     15736   1110252   1651260     84.65    753648    654592      3040
17:36:40       259380   1292648    376148     19.28     15736   1110520   1651260     84.65    753728    654840      3308
17:36:41       259380   1292732    375980     19.27     15736   1110688   1651260     84.65    753728    654924      3476
17:36:42       259380   1293040    375716     19.26     15736   1110952   1651284     84.65    753832    655232      3740
17:36:43       259380   1293328    375500     19.25     15736   1111168   1651284     84.65    752900    655520      3956
17:36:44       259380   1293528    375292     19.24     15736   1111376   1651284     84.65    753776    655720      4164
17:36:45       259380   1293760    375060     19.23     15736   1111608   1651312     84.65    754188    655952      4396
17:36:46       259380   1293972    374844     19.22     15736   1111824   1651312     84.65    754412    656164      4564
17:36:47       259380   1294056    374672     19.21     15736   1111996   1651320     84.65    754412    656248      4736
17:36:48       258624   1293656    375168     19.23     15736   1112256   1651364     84.65    755336    656604      5000
17:36:49       258624   1293824    374996     19.22     15736   1112428   1651364     84.65    754200    656772      5172
17:36:50       258384   1293840    374980     19.22     15736   1112684   1651424     84.65    754248    657028       132
17:36:51       258384   1294052    374764     19.21     15736   1112900   1651496     84.66    754508    657240       360
17:36:52       258384   1294260    374560     19.20     15736   1113104   1651500     84.66    755088    657448       564
17:36:53       258384   1294480    374332     19.19     15736   1113332   1651764     84.67    755196    657668       792
17:36:54       258384   1294688    374116     19.18     15736   1113548   1651804     84.67    755236    657876      1008
17:36:55       258384   1294772    373948     19.17     15736   1113716   1651804     84.67    755236    657960      1176
17:36:56       258384   1295056    373688     19.16     15736   1113976   1651804     84.67    755240    658244      1436
17:36:57       258384   1295324    373472     19.14     15736   1114192   1651804     84.67    755344    658512      1652
17:36:58       258384   1295568    373260     19.13     15736   1114404   1651804     84.67    754380    658756      1864
17:36:59       258384   1295792    373032     19.12     15736   1114632   1651852     84.68    755756    658980      2092
17:37:00       258384   1295876    372864     19.11     15736   1114800   1651852     84.68    755756    659064      2260
17:37:01       258384   1296016    372616     19.10     15736   1115048   1651852     84.68    755820    659204      2508
17:37:02       258384   1296392    372416     19.09     15760   1115224   1651852     84.68    755852    659580      2692
17:37:03       258384   1296684    372056     19.07     15760   1115584   1651852     84.68    756280    659872      2936
17:37:04       258384   1297016    371800     19.06     15760   1115840   1651860     84.68    756424    660204      3192
17:37:05       258384   1297236    371584     19.05     15760   1116056   1651860     84.68    756576    660424      3408
17:37:06       258384   1297320    371488     19.04     15760   1116152   1651860     84.68    756576    660508      3504
17:37:07       258384   1297336    371468     19.04     15760   1116172   1651860     84.68    756600    660524      3524


Average:       260651   1294683    374118     19.18     15733   1111283   1647848     84.47    752783    655605      2071
