Linux 7.0.0-1008-aws (ip-172-31-20-134) 	08/07/26 	_x86_64_	(2 CPU)

17:36:18        IFACE   rxpck/s   txpck/s    rxkB/s    txkB/s   rxcmp/s   txcmp/s  rxmcst/s   %ifutil
17:36:19         ens5     45.00     34.00      4.01      4.33      0.00      0.00      0.00      0.00

17:36:19        IFACE   rxpck/s   txpck/s    rxkB/s    txkB/s   rxcmp/s   txcmp/s  rxmcst/s   %ifutil
17:36:20         ens5     30.00     19.00      2.72      2.42      0.00      0.00      0.00      0.00

17:36:20        IFACE   rxpck/s   txpck/s    rxkB/s    txkB/s   rxcmp/s   txcmp/s  rxmcst/s   %ifutil
17:36:21         ens5      0.00      0.00      0.00      0.00      0.00      0.00      0.00      0.00

17:36:21        IFACE   rxpck/s   txpck/s    rxkB/s    txkB/s   rxcmp/s   txcmp/s  rxmcst/s   %ifutil
17:36:22         ens5      0.00      0.00      0.00      0.00      0.00      0.00      0.00      0.00

17:36:22        IFACE   rxpck/s   txpck/s    rxkB/s    txkB/s   rxcmp/s   txcmp/s  rxmcst/s   %ifutil
17:36:23         ens5      0.00      0.00      0.00      0.00      0.00      0.00      0.00      0.00

17:36:23        IFACE   rxpck/s   txpck/s    rxkB/s    txkB/s   rxcmp/s   txcmp/s  rxmcst/s   %ifutil
17:36:24         ens5      0.00      0.00      0.00      0.00      0.00      0.00      0.00      0.00

17:36:24        IFACE   rxpck/s   txpck/s    rxkB/s    txkB/s   rxcmp/s   txcmp/s  rxmcst/s   %ifutil
17:36:25         ens5      6.00      9.00      4.18      8.03      0.00      0.00      0.00      0.00

17:36:25        IFACE   rxpck/s   txpck/s    rxkB/s    txkB/s   rxcmp/s   txcmp/s  rxmcst/s   %ifutil
17:36:26         ens5    174.00    169.00    107.82    115.39      0.00      0.00      0.00      0.00

17:36:26        IFACE   rxpck/s   txpck/s    rxkB/s    txkB/s   rxcmp/s   txcmp/s  rxmcst/s   %ifutil
17:36:27         ens5    154.00    153.00     87.73    107.48      0.00      0.00      0.00      0.00

17:36:27        IFACE   rxpck/s   txpck/s    rxkB/s    txkB/s   rxcmp/s   txcmp/s  rxmcst/s   %ifutil
17:36:28         ens5    148.00    149.00     84.26    105.86      0.00      0.00      0.00      0.00

17:36:28        IFACE   rxpck/s   txpck/s    rxkB/s    txkB/s   rxcmp/s   txcmp/s  rxmcst/s   %ifutil
17:36:29         ens5    152.00    151.00     87.59    107.18      0.00      0.00      0.00      0.00

17:36:29        IFACE   rxpck/s   txpck/s    rxkB/s    txkB/s   rxcmp/s   txcmp/s  rxmcst/s   %ifutil
17:36:30         ens5    151.00    147.00     87.33    104.19      0.00      0.00      0.00      0.00

17:36:30        IFACE   rxpck/s   txpck/s    rxkB/s    txkB/s   rxcmp/s   txcmp/s  rxmcst/s   %ifutil
17:36:31         ens5    151.00    150.00     87.90    107.16      0.00      0.00      0.00      0.00

17:36:31        IFACE   rxpck/s   txpck/s    rxkB/s    txkB/s   rxcmp/s   txcmp/s  rxmcst/s   %ifutil
17:36:32         ens5    151.00    150.00     87.06    106.59      0.00      0.00      0.00      0.00

17:36:32        IFACE   rxpck/s   txpck/s    rxkB/s    txkB/s   rxcmp/s   txcmp/s  rxmcst/s   %ifutil
17:36:33         ens5    150.00    150.00     87.01    106.74      0.00      0.00      0.00      0.00

17:36:33        IFACE   rxpck/s   txpck/s    rxkB/s    txkB/s   rxcmp/s   txcmp/s  rxmcst/s   %ifutil
17:36:34         ens5    150.00    150.00     87.00    106.71      0.00      0.00      0.00      0.00

17:36:34        IFACE   rxpck/s   txpck/s    rxkB/s    txkB/s   rxcmp/s   txcmp/s  rxmcst/s   %ifutil
17:36:35         ens5    149.00    152.00     87.25    107.15      0.00      0.00      0.00      0.00

17:36:35        IFACE   rxpck/s   txpck/s    rxkB/s    txkB/s   rxcmp/s   txcmp/s  rxmcst/s   %ifutil
17:36:36         ens5    150.00    150.00     87.01    106.63      0.00      0.00      0.00      0.00

17:36:36        IFACE   rxpck/s   txpck/s    rxkB/s    txkB/s   rxcmp/s   txcmp/s  rxmcst/s   %ifutil
17:36:37         ens5    150.00    150.00     87.01    106.70      0.00      0.00      0.00      0.00

17:36:37        IFACE   rxpck/s   txpck/s    rxkB/s    txkB/s   rxcmp/s   txcmp/s  rxmcst/s   %ifutil
17:36:38         ens5    153.00    151.00     87.77    107.31      0.00      0.00      0.00      0.00

17:36:38        IFACE   rxpck/s   txpck/s    rxkB/s    txkB/s   rxcmp/s   txcmp/s  rxmcst/s   %ifutil
17:36:39         ens5    150.00    151.00     87.03    106.77      0.00      0.00      0.00      0.00

17:36:39        IFACE   rxpck/s   txpck/s    rxkB/s    txkB/s   rxcmp/s   txcmp/s  rxmcst/s   %ifutil
17:36:40         ens5    151.00    151.00     87.34    107.06      0.00      0.00      0.00      0.00

17:36:40        IFACE   rxpck/s   txpck/s    rxkB/s    txkB/s   rxcmp/s   txcmp/s  rxmcst/s   %ifutil
17:36:41         ens5    152.00    151.00     87.71    107.36      0.00      0.00      0.00      0.00

17:36:41        IFACE   rxpck/s   txpck/s    rxkB/s    txkB/s   rxcmp/s   txcmp/s  rxmcst/s   %ifutil
17:36:42         ens5    149.00    150.00     86.96    106.71      0.00      0.00      0.00      0.00

17:36:42        IFACE   rxpck/s   txpck/s    rxkB/s    txkB/s   rxcmp/s   txcmp/s  rxmcst/s   %ifutil
17:36:43         ens5    151.00    150.00     87.07    106.63      0.00      0.00      0.00      0.00

17:36:43        IFACE   rxpck/s   txpck/s    rxkB/s    txkB/s   rxcmp/s   txcmp/s  rxmcst/s   %ifutil
17:36:44         ens5    152.00    154.00     87.96    107.92      0.00      0.00      0.00      0.00

17:36:44        IFACE   rxpck/s   txpck/s    rxkB/s    txkB/s   rxcmp/s   txcmp/s  rxmcst/s   %ifutil
17:36:45         ens5    153.00    153.00     88.07    107.88      0.00      0.00      0.00      0.00

17:36:45        IFACE   rxpck/s   txpck/s    rxkB/s    txkB/s   rxcmp/s   txcmp/s  rxmcst/s   %ifutil
17:36:46         ens5    152.00    153.00     87.90    107.51      0.00      0.00      0.00      0.00

17:36:46        IFACE   rxpck/s   txpck/s    rxkB/s    txkB/s   rxcmp/s   txcmp/s  rxmcst/s   %ifutil
17:36:47         ens5    151.00    151.00     87.34    107.09      0.00      0.00      0.00      0.00

17:36:47        IFACE   rxpck/s   txpck/s    rxkB/s    txkB/s   rxcmp/s   txcmp/s  rxmcst/s   %ifutil
17:36:48         ens5    153.00    150.00     88.08    106.96      0.00      0.00      0.00      0.00

17:36:48        IFACE   rxpck/s   txpck/s    rxkB/s    txkB/s   rxcmp/s   txcmp/s  rxmcst/s   %ifutil
17:36:49         ens5    148.00    149.00     84.62    105.68      0.00      0.00      0.00      0.00

17:36:49        IFACE   rxpck/s   txpck/s    rxkB/s    txkB/s   rxcmp/s   txcmp/s  rxmcst/s   %ifutil
17:36:50         ens5    151.00    151.00     87.71    107.07      0.00      0.00      0.00      0.00

17:36:50        IFACE   rxpck/s   txpck/s    rxkB/s    txkB/s   rxcmp/s   txcmp/s  rxmcst/s   %ifutil
17:36:51         ens5    151.00    148.00     87.60    104.31      0.00      0.00      0.00      0.00

17:36:51        IFACE   rxpck/s   txpck/s    rxkB/s    txkB/s   rxcmp/s   txcmp/s  rxmcst/s   %ifutil
17:36:52         ens5    154.00    151.00     88.35    107.10      0.00      0.00      0.00      0.00

17:36:52        IFACE   rxpck/s   txpck/s    rxkB/s    txkB/s   rxcmp/s   txcmp/s  rxmcst/s   %ifutil
17:36:53         ens5    153.00    151.00     87.74    107.11      0.00      0.00      0.00      0.00

17:36:53        IFACE   rxpck/s   txpck/s    rxkB/s    txkB/s   rxcmp/s   txcmp/s  rxmcst/s   %ifutil
17:36:54         ens5    150.00    151.00     87.29    106.80      0.00      0.00      0.00      0.00

17:36:54        IFACE   rxpck/s   txpck/s    rxkB/s    txkB/s   rxcmp/s   txcmp/s  rxmcst/s   %ifutil
17:36:55         ens5    145.00    146.00     83.66    105.04      0.00      0.00      0.00      0.00

17:36:55        IFACE   rxpck/s   txpck/s    rxkB/s    txkB/s   rxcmp/s   txcmp/s  rxmcst/s   %ifutil
17:36:56         ens5    152.00    151.00     87.74    107.37      0.00      0.00      0.00      0.00

17:36:56        IFACE   rxpck/s   txpck/s    rxkB/s    txkB/s   rxcmp/s   txcmp/s  rxmcst/s   %ifutil
17:36:57         ens5    150.00    151.00     87.29    107.09      0.00      0.00      0.00      0.00

17:36:57        IFACE   rxpck/s   txpck/s    rxkB/s    txkB/s   rxcmp/s   txcmp/s  rxmcst/s   %ifutil
17:36:58         ens5    152.00    152.00     87.65    107.38      0.00      0.00      0.00      0.00

17:36:58        IFACE   rxpck/s   txpck/s    rxkB/s    txkB/s   rxcmp/s   txcmp/s  rxmcst/s   %ifutil
17:36:59         ens5    152.00    152.00     87.16    106.85      0.00      0.00      0.00      0.00

17:36:59        IFACE   rxpck/s   txpck/s    rxkB/s    txkB/s   rxcmp/s   txcmp/s  rxmcst/s   %ifutil
17:37:00         ens5    140.00    139.00     80.72     98.76      0.00      0.00      0.00      0.00

17:37:00        IFACE   rxpck/s   txpck/s    rxkB/s    txkB/s   rxcmp/s   txcmp/s  rxmcst/s   %ifutil
17:37:01         ens5    126.00    124.00     73.67     87.30      0.00      0.00      0.00      0.00

17:37:01        IFACE   rxpck/s   txpck/s    rxkB/s    txkB/s   rxcmp/s   txcmp/s  rxmcst/s   %ifutil
17:37:02         ens5    139.00    141.00     80.14    100.89      0.00      0.00      0.00      0.00

17:37:02        IFACE   rxpck/s   txpck/s    rxkB/s    txkB/s   rxcmp/s   txcmp/s  rxmcst/s   %ifutil
17:37:03         ens5    151.00    151.00     87.33    107.07      0.00      0.00      0.00      0.00

17:37:03        IFACE   rxpck/s   txpck/s    rxkB/s    txkB/s   rxcmp/s   txcmp/s  rxmcst/s   %ifutil
17:37:04         ens5    150.00    147.00     87.30    104.15      0.00      0.00      0.00      0.00

17:37:04        IFACE   rxpck/s   txpck/s    rxkB/s    txkB/s   rxcmp/s   txcmp/s  rxmcst/s   %ifutil
17:37:05         ens5    150.00    151.00     87.27    107.00      0.00      0.00      0.00      0.00

17:37:05        IFACE   rxpck/s   txpck/s    rxkB/s    txkB/s   rxcmp/s   txcmp/s  rxmcst/s   %ifutil
17:37:06         ens5     79.00     79.00     45.31     55.55      0.00      0.00      0.00      0.00

17:37:06        IFACE   rxpck/s   txpck/s    rxkB/s    txkB/s   rxcmp/s   txcmp/s  rxmcst/s   %ifutil
17:37:07         ens5      0.00      0.00      0.00      0.00      0.00      0.00      0.00      0.00


Average:        IFACE   rxpck/s   txpck/s    rxkB/s    txkB/s   rxcmp/s   txcmp/s  rxmcst/s   %ifutil
Average:         ens5    125.94    125.16     72.20     88.05      0.00      0.00      0.00      0.00
