Linux 7.0.0-1010-aws (ip-172-31-31-224) 	08/11/26 	_x86_64_	(2 CPU)

07:24:47        CPU     %user     %nice   %system   %iowait    %steal     %idle
07:24:48        all     49.49      0.00      4.55      0.00      1.52     44.44
07:24:49        all     50.25      0.00      3.48      0.00      2.49     43.78
07:24:50        all     49.75      0.00      3.52      0.00      0.50     46.23
07:24:51        all     48.24      0.00      3.52      0.00      1.51     46.73
07:24:52        all     48.73      0.00      3.55      0.00      0.51     47.21
07:24:53        all     47.03      0.00      3.47      0.00      3.96     45.54
07:24:54        all     49.00      0.00      4.00      0.00      2.00     45.00
07:24:55        all     49.49      0.00      3.54      0.00      1.52     45.45
07:24:56        all     18.59      0.00      2.51      0.00      1.51     77.39
07:24:57        all      1.00      0.00      0.50      0.00      0.00     98.51
07:24:58        all      0.50      0.00      1.01      0.00      0.00     98.49
07:24:59        all      5.50      0.00      1.00      0.00      0.00     93.50
07:25:00        all      0.00      0.00      0.00      0.00      5.37     94.63
07:25:01        all      1.80      0.00      2.25      0.00     19.82     76.13
07:25:02        all      5.43      0.00      1.81      0.00     22.17     70.59
07:25:03        all      3.56      0.00      3.11      0.44     22.67     70.22
07:25:04        all      0.97      0.00      0.97      0.00      4.85     93.20
07:25:05        all      0.50      0.00      0.00      0.00      1.98     97.52
07:25:06        all      0.50      0.00      0.00      0.00      0.50     99.00
07:25:07        all      0.00      0.00      0.00      0.00      0.00    100.00

Average:        all     21.12      0.00      2.14      0.02      4.94     71.78
