Linux 7.0.0-1010-aws (ip-172-31-31-224) 	08/11/26 	_x86_64_	(2 CPU)

07:24:47        IFACE   rxpck/s   txpck/s    rxkB/s    txkB/s   rxcmp/s   txcmp/s  rxmcst/s   %ifutil
07:24:48         ens5     51.00     49.00      4.21      6.18      0.00      0.00      0.00      0.00

07:24:48        IFACE   rxpck/s   txpck/s    rxkB/s    txkB/s   rxcmp/s   txcmp/s  rxmcst/s   %ifutil
07:24:49         ens5     49.00     41.00      4.00      5.00      0.00      0.00      0.00      0.00

07:24:49        IFACE   rxpck/s   txpck/s    rxkB/s    txkB/s   rxcmp/s   txcmp/s  rxmcst/s   %ifutil
07:24:50         ens5      6.00      7.00      0.30      1.49      0.00      0.00      0.00      0.00

07:24:50        IFACE   rxpck/s   txpck/s    rxkB/s    txkB/s   rxcmp/s   txcmp/s  rxmcst/s   %ifutil
07:24:51         ens5      7.00      6.00      0.36      1.25      0.00      0.00      0.00      0.00

07:24:51        IFACE   rxpck/s   txpck/s    rxkB/s    txkB/s   rxcmp/s   txcmp/s  rxmcst/s   %ifutil
07:24:52         ens5      7.00      7.00      0.36      1.54      0.00      0.00      0.00      0.00

07:24:52        IFACE   rxpck/s   txpck/s    rxkB/s    txkB/s   rxcmp/s   txcmp/s  rxmcst/s   %ifutil
07:24:53         ens5      7.00      8.00      0.36      1.66      0.00      0.00      0.00      0.00

07:24:53        IFACE   rxpck/s   txpck/s    rxkB/s    txkB/s   rxcmp/s   txcmp/s  rxmcst/s   %ifutil
07:24:54         ens5      7.00      6.00      0.36      1.29      0.00      0.00      0.00      0.00

07:24:54        IFACE   rxpck/s   txpck/s    rxkB/s    txkB/s   rxcmp/s   txcmp/s  rxmcst/s   %ifutil
07:24:55         ens5      4.00      4.00      0.20      0.88      0.00      0.00      0.00      0.00

07:24:55        IFACE   rxpck/s   txpck/s    rxkB/s    txkB/s   rxcmp/s   txcmp/s  rxmcst/s   %ifutil
07:24:56         ens5      3.00      3.00      0.15      0.61      0.00      0.00      0.00      0.00

07:24:56        IFACE   rxpck/s   txpck/s    rxkB/s    txkB/s   rxcmp/s   txcmp/s  rxmcst/s   %ifutil
07:24:57         ens5     33.00     46.00      4.91     47.55      0.00      0.00      0.00      0.00

07:24:57        IFACE   rxpck/s   txpck/s    rxkB/s    txkB/s   rxcmp/s   txcmp/s  rxmcst/s   %ifutil
07:24:58         ens5      0.00      0.00      0.00      0.00      0.00      0.00      0.00      0.00

07:24:58        IFACE   rxpck/s   txpck/s    rxkB/s    txkB/s   rxcmp/s   txcmp/s  rxmcst/s   %ifutil
07:24:59         ens5      0.00      0.00      0.00      0.00      0.00      0.00      0.00      0.00

07:24:59        IFACE   rxpck/s   txpck/s    rxkB/s    txkB/s   rxcmp/s   txcmp/s  rxmcst/s   %ifutil
07:25:00         ens5      0.00      0.00      0.00      0.00      0.00      0.00      0.00      0.00

07:25:00        IFACE   rxpck/s   txpck/s    rxkB/s    txkB/s   rxcmp/s   txcmp/s  rxmcst/s   %ifutil
07:25:01         ens5    475.00    684.00     85.48    641.08      0.00      0.00      0.00      0.00

07:25:01        IFACE   rxpck/s   txpck/s    rxkB/s    txkB/s   rxcmp/s   txcmp/s  rxmcst/s   %ifutil
07:25:02         ens5   1263.00   1464.00    214.31   1342.53      0.00      0.00      0.00      0.00

07:25:02        IFACE   rxpck/s   txpck/s    rxkB/s    txkB/s   rxcmp/s   txcmp/s  rxmcst/s   %ifutil
07:25:03         ens5   1341.00   1436.00    180.50   1381.89      0.00      0.00      0.00      0.00

07:25:03        IFACE   rxpck/s   txpck/s    rxkB/s    txkB/s   rxcmp/s   txcmp/s  rxmcst/s   %ifutil
07:25:04         ens5     80.00     91.00      8.25     89.91      0.00      0.00      0.00      0.00

07:25:04        IFACE   rxpck/s   txpck/s    rxkB/s    txkB/s   rxcmp/s   txcmp/s  rxmcst/s   %ifutil
07:25:05         ens5      0.00      0.00      0.00      0.00      0.00      0.00      0.00      0.00

07:25:05        IFACE   rxpck/s   txpck/s    rxkB/s    txkB/s   rxcmp/s   txcmp/s  rxmcst/s   %ifutil
07:25:06         ens5      0.00      0.00      0.00      0.00      0.00      0.00      0.00      0.00

07:25:06        IFACE   rxpck/s   txpck/s    rxkB/s    txkB/s   rxcmp/s   txcmp/s  rxmcst/s   %ifutil
07:25:07         ens5      0.00      0.00      0.00      0.00      0.00      0.00      0.00      0.00


Average:        IFACE   rxpck/s   txpck/s    rxkB/s    txkB/s   rxcmp/s   txcmp/s  rxmcst/s   %ifutil
Average:         ens5    166.65    192.60     25.19    176.14      0.00      0.00      0.00      0.00
