Linux 7.0.0-1010-aws (ip-172-31-31-224) 	08/11/26 	_x86_64_	(2 CPU)

09:02:57        CPU     %user     %nice   %system   %iowait    %steal     %idle
09:02:58        all     50.75      0.00      4.52      0.00      1.51     43.22
09:02:59        all     57.29      0.00      5.03      0.00      0.00     37.69
09:03:00        all     46.27      0.00      2.99      0.00      8.46     42.29
09:03:01        all     45.77      0.00      2.49      0.00      4.48     47.26
09:03:02        all     23.41      0.00      2.93      0.00     26.34     47.32
09:03:03        all     30.58      0.00      1.94      0.00     24.76     42.72
09:03:04        all     48.24      0.00      3.52      0.00      2.01     46.23
09:03:05        all     47.74      0.00      4.52      0.00      2.51     45.23
09:03:06        all     45.27      0.00      3.98      0.00      1.99     48.76
09:03:07        all     26.50      0.00      3.00      0.00      1.50     69.00
09:03:08        all      0.00      0.00      0.00      0.00      0.00    100.00
09:03:09        all      1.00      0.00      0.00      0.00      0.00     99.00
09:03:10        all      0.00      0.00      0.00      0.00      1.01     98.99
09:03:11        all      0.00      0.00      0.50      0.00      0.00     99.50
09:03:12        all      0.50      0.00      0.00      0.00      0.00     99.50
09:03:13        all      0.50      0.00      0.00      0.00      0.00     99.50
09:03:14        all      8.16      0.00      3.06      0.00      0.00     88.78
09:03:15        all      4.06      0.00      2.03      0.00      2.03     91.88
09:03:16        all      2.49      0.00      1.99      0.00      0.00     95.52
09:03:17        all      0.50      0.00      0.50      0.00      0.50     98.49
09:03:18        all      0.00      0.00      0.00      0.50      0.00     99.50
09:03:19        all      0.50      0.00      0.00      0.00      0.00     99.50
09:03:20        all      0.99      0.00      0.50      0.00      0.50     98.02
09:03:21        all      0.00      0.00      0.00      0.00      0.00    100.00

Average:        all     18.41      0.00      1.81      0.02      3.29     76.46
