Linux 7.0.0-1010-aws (ip-172-31-31-224) 	08/11/26 	_x86_64_	(2 CPU)

09:02:57    kbmemfree   kbavail kbmemused  %memused kbbuffers  kbcached  kbcommit   %commit  kbactive   kbinact   kbdirty
09:02:58       708340   1255236    475476     24.37     22484    666236   1618864     82.98    468988    605640       328
09:02:59       652400   1199308    531404     27.24     22484    666248   1681640     86.20    534808    605652       328
09:03:00       571760   1118668    612044     31.37     22484    666248   1760240     90.23    611564    605652       328
09:03:01       507500   1054408    676304     34.67     22484    666248   1823744     93.48    675356    605652       328
09:03:02       451304    998212    732500     37.55     22484    666248   1886004     96.67    735916    605652       328
09:03:03       435176    982084    748628     38.37     22484    666248   1898740     97.33    749824    605652       328
09:03:04       354536    901444    829268     42.51     22484    666248   1977668    101.37    827832    605652       328
09:03:05       258020    804932    925780     47.45     22484    666252   2070392    106.13    922604    605656       332
09:03:06       185948    732860    997852     51.15     22484    666252   2149312    110.17    997968    605656       332
09:03:07       113372    660284   1070428     54.87     22484    666252   2207496    113.15   1060244    605656       332
09:03:08       113372    660284   1070428     54.87     22484    666252   2207496    113.15   1060244    605656       332
09:03:09       113372    660284   1070428     54.87     22484    666252   2207496    113.15   1060368    605656       332
09:03:10       113372    660284   1070424     54.87     22484    666256   2207496    113.15   1060368    605656       336
09:03:11       113372    660284   1070424     54.87     22484    666256   2207496    113.15   1060368    605656       336
09:03:12       113372    660284   1070424     54.87     22484    666256   2207496    113.15   1060368    605656       336
09:03:13       113372    660284   1070424     54.87     22484    666256   2207496    113.15   1060368    605656       336
09:03:14       113372    660288   1070412     54.87     22484    666268   2207752    113.17   1060204    605660       348
09:03:15       113500    660416   1070284     54.86     22484    666268   2207752    113.17   1060204    605660       348
09:03:16       113500    660416   1070284     54.86     22484    666268   2207816    113.17   1060204    605660       348
09:03:17       113500    660416   1070272     54.86     22492    666272   2207816    113.17   1060252    605660       360
09:03:18       113500    660416   1070272     54.86     22492    666272   2207816    113.17   1060252    605660       276
09:03:19       113500    660440   1070272     54.86     22492    666272   2207816    113.17   1060268    605684        72
09:03:20       113500    660440   1070272     54.86     22492    666272   2207816    113.17   1060268    605684        52
09:03:21       113500    660444   1070264     54.86     22492    666280   2211912    113.38   1060724    605688        60

Average:       242769    789684    941024     48.24     22486    666258   2082732    106.76    934565    605659       298
