Linux 7.0.0-1010-aws (ip-172-31-31-224) 	08/11/26 	_x86_64_	(2 CPU)

09:12:13    kbmemfree   kbavail kbmemused  %memused kbbuffers  kbcached  kbcommit   %commit  kbactive   kbinact   kbdirty
09:12:14       727804   1287252    443316     22.72     22996    678272   1610416     82.55    430548    614128       168
09:12:15       663544   1222996    507572     26.02     22996    678276   1681480     86.19    503000    614132       172
09:12:16       583156   1142608    587960     30.14     22996    678276   1760336     90.23    579136    614132       172
09:12:17       494956   1054540    676028     34.65     23020    678384   1852752     94.97    671192    614164       816
09:12:18       406504    966088    764480     39.19     23020    678384   1931980     99.03    752604    614164       816
09:12:19       366184    925768    804800     41.25     23020    678384   1974156    101.19    793072    614164       816
09:12:20       277732    837320    893248     45.79     23020    678388   2066176    105.91    887108    614168       820
09:12:21       132580    692168   1038400     53.23     23020    678388   2207824    113.17   1027672    614168       820
09:12:22       132580    692168   1038400     53.23     23020    678388   2207824    113.17   1028220    614168       820
09:12:23       132580    692168   1038400     53.23     23020    678388   2207824    113.17   1028220    614168       820
09:12:24       132580    692168   1038400     53.23     23020    678388   2207824    113.17   1028220    614168       820
09:12:25       132580    692168   1038396     53.23     23020    678392   2207824    113.17   1028220    614168       824
09:12:26       132580    692168   1038396     53.23     23020    678392   2207824    113.17   1028220    614168       824
09:12:27       132580    692168   1038396     53.23     23020    678392   2207824    113.17   1028220    614168       824
09:12:28       132580    692168   1038396     53.23     23020    678392   2207824    113.17   1028220    614168       824
09:12:29       132580    692172   1038388     53.23     23020    678400   2207824    113.17   1028284    614172       832
09:12:30       132580    692172   1038384     53.23     23020    678404   2207824    113.17   1028284    614172       836
09:12:31       132580    692184   1038384     53.23     23020    678404   2207888    113.17   1028396    614184       836
09:12:32       132660    692264   1038304     53.22     23020    678404   2207888    113.17   1028644    614184       836
09:12:33       132788    692392   1038176     53.22     23020    678404   2207888    113.17   1028684    614184       836
09:12:34       132796    692400   1038164     53.21     23020    678408   2207888    113.17   1028684    614184       840
09:12:35       132796    692400   1038160     53.21     23020    678412   2207888    113.17   1028684    614184       844
09:12:36       132796    692400   1038156     53.21     23020    678416   2207888    113.17   1029272    614184       848


Average:       245309    804883    925683     47.45     23017    678380   2095777    107.43    916122    614167       742
