Linux 7.0.0-1010-aws (ip-172-31-31-224) 	08/11/26 	_x86_64_	(2 CPU)

09:12:13        IFACE   rxpck/s   txpck/s    rxkB/s    txkB/s   rxcmp/s   txcmp/s  rxmcst/s   %ifutil
09:12:14         ens5     56.00     52.00      4.61      6.56      0.00      0.00      0.00      0.00

09:12:14        IFACE   rxpck/s   txpck/s    rxkB/s    txkB/s   rxcmp/s   txcmp/s  rxmcst/s   %ifutil
09:12:15         ens5     26.00     23.00      2.11      3.07      0.00      0.00      0.00      0.00

09:12:15        IFACE   rxpck/s   txpck/s    rxkB/s    txkB/s   rxcmp/s   txcmp/s  rxmcst/s   %ifutil
09:12:16         ens5      7.00      7.00      0.36      1.49      0.00      0.00      0.00      0.00

09:12:16        IFACE   rxpck/s   txpck/s    rxkB/s    txkB/s   rxcmp/s   txcmp/s  rxmcst/s   %ifutil
09:12:17         ens5      7.00     10.00      0.36      1.69      0.00      0.00      0.00      0.00

09:12:17        IFACE   rxpck/s   txpck/s    rxkB/s    txkB/s   rxcmp/s   txcmp/s  rxmcst/s   %ifutil
09:12:18         ens5      7.00      6.00      0.36      1.32      0.00      0.00      0.00      0.00

09:12:18        IFACE   rxpck/s   txpck/s    rxkB/s    txkB/s   rxcmp/s   txcmp/s  rxmcst/s   %ifutil
09:12:19         ens5      8.00      9.00      0.41      1.88      0.00      0.00      0.00      0.00

09:12:19        IFACE   rxpck/s   txpck/s    rxkB/s    txkB/s   rxcmp/s   txcmp/s  rxmcst/s   %ifutil
09:12:20         ens5      7.00      6.00      0.36      1.30      0.00      0.00      0.00      0.00

09:12:20        IFACE   rxpck/s   txpck/s    rxkB/s    txkB/s   rxcmp/s   txcmp/s  rxmcst/s   %ifutil
09:12:21         ens5      4.00      4.00      0.23      0.75      0.00      0.00      0.00      0.00

09:12:21        IFACE   rxpck/s   txpck/s    rxkB/s    txkB/s   rxcmp/s   txcmp/s  rxmcst/s   %ifutil
09:12:22         ens5      3.00      3.00      0.15      0.61      0.00      0.00      0.00      0.00

09:12:22        IFACE   rxpck/s   txpck/s    rxkB/s    txkB/s   rxcmp/s   txcmp/s  rxmcst/s   %ifutil
09:12:23         ens5      0.00      0.00      0.00      0.00      0.00      0.00      0.00      0.00

09:12:23        IFACE   rxpck/s   txpck/s    rxkB/s    txkB/s   rxcmp/s   txcmp/s  rxmcst/s   %ifutil
09:12:24         ens5      0.00      0.00      0.00      0.00      0.00      0.00      0.00      0.00

09:12:24        IFACE   rxpck/s   txpck/s    rxkB/s    txkB/s   rxcmp/s   txcmp/s  rxmcst/s   %ifutil
09:12:25         ens5      0.00      0.00      0.00      0.00      0.00      0.00      0.00      0.00

09:12:25        IFACE   rxpck/s   txpck/s    rxkB/s    txkB/s   rxcmp/s   txcmp/s  rxmcst/s   %ifutil
09:12:26         ens5      8.00      6.00      4.16      3.14      0.00      0.00      0.00      0.00

09:12:26        IFACE   rxpck/s   txpck/s    rxkB/s    txkB/s   rxcmp/s   txcmp/s  rxmcst/s   %ifutil
09:12:27         ens5      0.00      0.00      0.00      0.00      0.00      0.00      0.00      0.00

09:12:27        IFACE   rxpck/s   txpck/s    rxkB/s    txkB/s   rxcmp/s   txcmp/s  rxmcst/s   %ifutil
09:12:28         ens5      0.00      0.00      0.00      0.00      0.00      0.00      0.00      0.00

09:12:28        IFACE   rxpck/s   txpck/s    rxkB/s    txkB/s   rxcmp/s   txcmp/s  rxmcst/s   %ifutil
09:12:29         ens5      0.00      0.00      0.00      0.00      0.00      0.00      0.00      0.00

09:12:29        IFACE   rxpck/s   txpck/s    rxkB/s    txkB/s   rxcmp/s   txcmp/s  rxmcst/s   %ifutil
09:12:30         ens5      4.00      5.00      3.92      2.26      0.00      0.00      0.00      0.00

09:12:30        IFACE   rxpck/s   txpck/s    rxkB/s    txkB/s   rxcmp/s   txcmp/s  rxmcst/s   %ifutil
09:12:31         ens5    285.00    248.00    204.41    115.07      0.00      0.00      0.00      0.00

09:12:31        IFACE   rxpck/s   txpck/s    rxkB/s    txkB/s   rxcmp/s   txcmp/s  rxmcst/s   %ifutil
09:12:32         ens5    620.00    583.00    470.95    267.45      0.00      0.00      0.00      0.00

09:12:32        IFACE   rxpck/s   txpck/s    rxkB/s    txkB/s   rxcmp/s   txcmp/s  rxmcst/s   %ifutil
09:12:33         ens5     70.00     65.00     52.02     29.46      0.00      0.00      0.00      0.00

09:12:33        IFACE   rxpck/s   txpck/s    rxkB/s    txkB/s   rxcmp/s   txcmp/s  rxmcst/s   %ifutil
09:12:34         ens5      0.00      0.00      0.00      0.00      0.00      0.00      0.00      0.00

09:12:34        IFACE   rxpck/s   txpck/s    rxkB/s    txkB/s   rxcmp/s   txcmp/s  rxmcst/s   %ifutil
09:12:35         ens5      0.00      0.00      0.00      0.00      0.00      0.00      0.00      0.00

09:12:35        IFACE   rxpck/s   txpck/s    rxkB/s    txkB/s   rxcmp/s   txcmp/s  rxmcst/s   %ifutil
09:12:36         ens5      0.00      0.00      0.00      0.00      0.00      0.00      0.00      0.00


Average:        IFACE   rxpck/s   txpck/s    rxkB/s    txkB/s   rxcmp/s   txcmp/s  rxmcst/s   %ifutil
Average:         ens5     48.35     44.65     32.36     18.96      0.00      0.00      0.00      0.00
