Linux 7.0.0-1010-aws (ip-172-31-20-134) 	08/11/26 	_x86_64_	(2 CPU)

17:08:27        CPU     %user     %nice   %system   %iowait    %steal     %idle
17:08:28        all      2.49      0.00      1.49      0.00      0.50     95.52
17:08:29        all      5.08      0.00      1.02      0.00      0.00     93.91
17:08:30        all      0.00      0.00      0.00      0.00      0.00    100.00
17:08:31        all      0.50      0.00      0.50      0.00      0.00     99.00
17:08:32        all      0.00      0.00      0.00      0.00      0.00    100.00
17:08:33        all      0.50      0.00      0.99      0.00      0.00     98.51
17:08:34        all      0.00      0.00      0.00      0.00      0.00    100.00
17:08:35        all      0.51      0.00      0.00      0.00      0.00     99.49
17:08:36        all      0.50      0.00      0.00      0.00      0.00     99.50
17:08:37        all      0.50      0.00      0.00      0.00      0.00     99.50
17:08:38        all      1.00      0.00      1.00      0.00      0.00     98.00
17:08:39        all     11.62      0.00      1.52      0.00      0.00     86.87
17:08:40        all     83.51      0.00      8.25      0.00      0.00      8.25
17:08:41        all     45.92      0.00      4.08      0.00      0.00     50.00
17:08:42        all      0.00      0.00      0.00      0.00      0.00    100.00
17:08:43        all      0.00      0.00      0.00      0.00      0.00    100.00
17:08:44        all      4.55      0.00      1.01      0.00      0.00     94.44
17:08:45        all      0.00      0.00      0.50      0.00      0.00     99.50
17:08:46        all      0.50      0.00      0.00      0.00      0.00     99.50
17:08:47        all      0.00      0.00      0.00      0.00      0.00    100.00
17:08:48        all      0.00      0.00      1.00      0.00      0.00     99.00
17:08:49        all      1.00      0.00      0.00      0.00      0.00     99.00
17:08:50        all      0.00      0.00      0.50      0.00      0.00     99.50
17:08:51        all      0.51      0.00      0.00      0.00      0.00     99.49

Average:        all      6.50      0.00      0.90      0.00      0.02     92.58
