Linux 7.0.0-1010-aws (ip-172-31-20-134) 	08/11/26 	_x86_64_	(2 CPU)

17:08:27    kbmemfree   kbavail kbmemused  %memused kbbuffers  kbcached  kbcommit   %commit  kbactive   kbinact   kbdirty
17:08:28       111136   1317924    375912     19.27     31724   1286664   1478448     75.78    995920    592036       340
17:08:29       111136   1317924    375900     19.27     31724   1286676   1478448     75.78    996116    592036       352
17:08:30       111136   1317924    375900     19.27     31724   1286676   1478448     75.78    996116    592036       352
17:08:31       111136   1317924    375900     19.27     31724   1286676   1478448     75.78    996116    592036       352
17:08:32       111136   1317924    375896     19.27     31724   1286680   1478448     75.78    996116    592036       356
17:08:33       111136   1317924    375896     19.27     31724   1286680   1482544     75.99    996788    592036       356
17:08:34       111136   1317936    375896     19.27     31724   1286680   1482544     75.99    996848    592048       356
17:08:35       111136   1317940    375896     19.27     31724   1286680   1483872     76.06    998332    592052       356
17:08:36       111136   1317940    375860     19.27     31724   1286716   1483872     76.06    998332    592052       392
17:08:37       111136   1317940    375860     19.27     31724   1286716   1483872     76.06    998332    592052       392
17:08:38       111136   1317940    375860     19.27     31724   1286716   1484036     76.07    999172    592052       392
17:08:39       109372   1316240    377596     19.35     31724   1286744   1501664     76.97   1002604    592116       420
17:08:40        98860   1306500    387336     19.85     31724   1287516   1780112     91.25   1013236    592884      1192
17:08:41        97048   1305224    388528     19.92     31724   1288116   1784836     91.49   1010908    593412      1792
17:08:42        97048   1305224    388520     19.91     31724   1288124   1784836     91.49   1010908    593412      1800
17:08:43        97048   1305224    388520     19.91     31724   1288124   1784836     91.49   1010908    593412      1800
17:08:44        97048   1305316    388508     19.91     31724   1288136   1784836     91.49   1011136    593504      1812
17:08:45        97048   1305320    388508     19.91     31724   1288136   1784836     91.49   1011136    593508      1760
17:08:46        97048   1305320    388508     19.91     31724   1288136   1784836     91.49   1011136    593508      1760
17:08:47        97048   1305320    388504     19.91     31724   1288140   1784836     91.49   1011136    593508      1768
17:08:48        97048   1305320    388500     19.91     31724   1288144   1784836     91.49   1011556    593508      1772
17:08:49        97048   1305320    388500     19.91     31724   1288144   1784836     91.49   1011632    593508      1772
17:08:50        97048   1305320    388500     19.91     31724   1288144   1784836     91.49   1011632    593508      1772
17:08:51        97048   1305320    388500     19.91     31724   1288144   1784836     91.49   1011632    593508      1772


Average:       104094   1311592    382221     19.59     31724   1287388   1633665     83.74   1004490    592740      1050
