Linux 7.0.0-1010-aws (ip-172-31-20-134) 	08/11/26 	_x86_64_	(2 CPU)

17:15:38        CPU     %user     %nice   %system   %iowait    %steal     %idle
17:15:39        all      2.50      0.00      1.00      0.00      0.00     96.50
17:15:40        all      0.00      0.00      0.00      0.00      0.00    100.00
17:15:41        all      0.00      0.00      0.00      0.00      0.00    100.00
17:15:42        all      0.50      0.00      0.00      0.00      0.00     99.50
17:15:43        all      0.50      0.00      0.50      0.00      0.00     99.00
17:15:44        all      4.06      0.00      1.52      0.00      0.00     94.42
17:15:45        all      0.00      0.00      0.00      0.00      0.00    100.00
17:15:46        all      1.00      0.00      0.00      0.50      0.00     98.50
17:15:47        all      0.00      0.00      0.50      0.00      0.00     99.50
17:15:48        all      0.00      0.00      0.50      0.00      0.00     99.50
17:15:49        all      0.00      0.00      0.50      0.00      0.00     99.50
17:15:50        all      0.51      0.00      0.00      0.00      0.00     99.49
17:15:51        all      1.00      0.00      0.00      0.00      0.00     99.00
17:15:52        all      0.00      0.00      0.00      0.00      0.00    100.00
17:15:53        all      0.00      0.00      0.50      0.00      0.50     99.00
17:15:54        all      1.50      0.00      0.50      0.00      0.00     98.00
17:15:55        all     32.32      0.00      3.03      0.51      0.00     64.14
17:15:56        all     66.49      0.00      6.70      0.00      0.00     26.80
17:15:57        all     25.51      0.00      2.55      0.00      0.00     71.94
17:15:58        all      0.50      0.00      0.00      0.00      0.00     99.50
17:15:59        all      5.03      0.00      1.51      0.00      0.00     93.47
17:16:00        all      0.50      0.00      0.00      0.00      0.50     99.00
17:16:01        all      0.00      0.00      0.00      0.00      0.51     99.49
17:16:02        all      0.49      0.00      0.49      0.00      1.96     97.06
17:16:03        all      1.01      0.00      0.00      0.00      0.00     98.99
17:16:04        all      0.00      0.00      0.00      0.00      0.00    100.00

Average:        all      5.43      0.00      0.75      0.04      0.14     93.64
