Linux 7.0.0-1010-aws (ip-172-31-20-134) 	08/11/26 	_x86_64_	(2 CPU)

17:15:38    kbmemfree   kbavail kbmemused  %memused kbbuffers  kbcached  kbcommit   %commit  kbactive   kbinact   kbdirty
17:15:39       108492   1318172    375332     19.24     30880   1289960   1478580     75.79    994940    595548       616
17:15:40       110504   1320184    373320     19.14     30880   1289960   1478580     75.79    994940    595548       616
17:15:41       110920   1320600    372900     19.11     30880   1289964   1478580     75.79    994940    595548       620
17:15:42       110920   1320600    372900     19.11     30880   1289964   1478580     75.79    994940    595548       620
17:15:43       110920   1320600    372900     19.11     30880   1289964   1478580     75.79    994940    595548       440
17:15:44       111928   1321612    371884     19.06     30880   1289972   1478580     75.79    995408    595552       408
17:15:45       111928   1321612    371884     19.06     30880   1289972   1478580     75.79    995408    595552       408
17:15:46       111928   1321612    371884     19.06     30896   1289956   1478580     75.79    995408    595552       156
17:15:47       111928   1321628    371864     19.06     30896   1289976   1478580     75.79    995436    595568       216
17:15:48       111928   1321628    371864     19.06     30896   1289976   1478580     75.79    996024    595568       216
17:15:49       111928   1321628    371864     19.06     30896   1289976   1478580     75.79    996056    595568       216
17:15:50       111928   1321628    371864     19.06     30896   1289976   1479760     75.85    997232    595568       216
17:15:51       111928   1321644    371844     19.06     30896   1289996   1479760     75.85    997404    595584       236
17:15:52       111928   1321644    371844     19.06     30896   1289996   1479760     75.85    997404    595584       236
17:15:53       111928   1321660    371844     19.06     30896   1289996   1479760     75.85    997472    595600       188
17:15:54       111928   1321660    371844     19.06     30896   1289996   1488292     76.29    997892    595600       188
17:15:55       109168   1318964    374536     19.20     30920   1290040   1568596     80.40   1003848    595664       232
17:15:56       107404   1317480    375912     19.27     30920   1290416   1578380     80.91   1006564    595936       476
17:15:57       107152   1317376    376112     19.28     30920   1290468   1578852     80.93   1006996    596084       528
17:15:58       106900   1317184    376272     19.29     30920   1290560   1578852     80.93   1007100    596144       620
17:15:59       106144   1316476    377016     19.33     30920   1290572   1578852     80.93   1007012    596192       632
17:16:00       106144   1316476    377016     19.33     30920   1290572   1578852     80.93   1007012    596192       632
17:16:01       106144   1316476    377016     19.33     30920   1290572   1578852     80.93   1007012    596192       632
17:16:02       106144   1316476    377012     19.33     30920   1290576   1578852     80.93   1007012    596192       636
17:16:03       105136   1315468    378020     19.38     30920   1290576   1578852     80.93   1007600    596192       636
17:16:04       105136   1315476    378020     19.38     30920   1290576   1578852     80.93   1007624    596200       636

Average:       109555   1319460    374030     19.17     30901   1290174   1517289     77.77   1000139    595770       433
