Linux 7.0.0-1010-aws (ip-172-31-20-134) 	08/11/26 	_x86_64_	(2 CPU)

17:15:38        IFACE   rxpck/s   txpck/s    rxkB/s    txkB/s   rxcmp/s   txcmp/s  rxmcst/s   %ifutil
17:15:39         ens5     51.00     46.00      4.34      5.12      0.00      0.00      0.00      0.00

17:15:39        IFACE   rxpck/s   txpck/s    rxkB/s    txkB/s   rxcmp/s   txcmp/s  rxmcst/s   %ifutil
17:15:40         ens5     48.00     39.00      4.12      4.20      0.00      0.00      0.00      0.00

17:15:40        IFACE   rxpck/s   txpck/s    rxkB/s    txkB/s   rxcmp/s   txcmp/s  rxmcst/s   %ifutil
17:15:41         ens5     14.00     11.00      1.10      1.10      0.00      0.00      0.00      0.00

17:15:41        IFACE   rxpck/s   txpck/s    rxkB/s    txkB/s   rxcmp/s   txcmp/s  rxmcst/s   %ifutil
17:15:42         ens5      0.00      0.00      0.00      0.00      0.00      0.00      0.00      0.00

17:15:42        IFACE   rxpck/s   txpck/s    rxkB/s    txkB/s   rxcmp/s   txcmp/s  rxmcst/s   %ifutil
17:15:43         ens5      0.00      0.00      0.00      0.00      0.00      0.00      0.00      0.00

17:15:43        IFACE   rxpck/s   txpck/s    rxkB/s    txkB/s   rxcmp/s   txcmp/s  rxmcst/s   %ifutil
17:15:44         ens5      0.00      0.00      0.00      0.00      0.00      0.00      0.00      0.00

17:15:44        IFACE   rxpck/s   txpck/s    rxkB/s    txkB/s   rxcmp/s   txcmp/s  rxmcst/s   %ifutil
17:15:45         ens5      0.00      0.00      0.00      0.00      0.00      0.00      0.00      0.00

17:15:45        IFACE   rxpck/s   txpck/s    rxkB/s    txkB/s   rxcmp/s   txcmp/s  rxmcst/s   %ifutil
17:15:46         ens5      0.00      0.00      0.00      0.00      0.00      0.00      0.00      0.00

17:15:46        IFACE   rxpck/s   txpck/s    rxkB/s    txkB/s   rxcmp/s   txcmp/s  rxmcst/s   %ifutil
17:15:47         ens5      1.00      1.00      0.07      0.09      0.00      0.00      0.00      0.00

17:15:47        IFACE   rxpck/s   txpck/s    rxkB/s    txkB/s   rxcmp/s   txcmp/s  rxmcst/s   %ifutil
17:15:48         ens5      0.00      0.00      0.00      0.00      0.00      0.00      0.00      0.00

17:15:48        IFACE   rxpck/s   txpck/s    rxkB/s    txkB/s   rxcmp/s   txcmp/s  rxmcst/s   %ifutil
17:15:49         ens5      0.00      0.00      0.00      0.00      0.00      0.00      0.00      0.00

17:15:49        IFACE   rxpck/s   txpck/s    rxkB/s    txkB/s   rxcmp/s   txcmp/s  rxmcst/s   %ifutil
17:15:50         ens5     30.00     39.00     13.42      2.97      0.00      0.00      0.00      0.00

17:15:50        IFACE   rxpck/s   txpck/s    rxkB/s    txkB/s   rxcmp/s   txcmp/s  rxmcst/s   %ifutil
17:15:51         ens5      0.00      0.00      0.00      0.00      0.00      0.00      0.00      0.00

17:15:51        IFACE   rxpck/s   txpck/s    rxkB/s    txkB/s   rxcmp/s   txcmp/s  rxmcst/s   %ifutil
17:15:52         ens5      0.00      0.00      0.00      0.00      0.00      0.00      0.00      0.00

17:15:52        IFACE   rxpck/s   txpck/s    rxkB/s    txkB/s   rxcmp/s   txcmp/s  rxmcst/s   %ifutil
17:15:53         ens5      0.00      0.00      0.00      0.00      0.00      0.00      0.00      0.00

17:15:53        IFACE   rxpck/s   txpck/s    rxkB/s    txkB/s   rxcmp/s   txcmp/s  rxmcst/s   %ifutil
17:15:54         ens5      9.00     12.00      1.16      1.20      0.00      0.00      0.00      0.00

17:15:54        IFACE   rxpck/s   txpck/s    rxkB/s    txkB/s   rxcmp/s   txcmp/s  rxmcst/s   %ifutil
17:15:55         ens5    278.00    365.00     41.77     35.22      0.00      0.00      0.00      0.00

17:15:55        IFACE   rxpck/s   txpck/s    rxkB/s    txkB/s   rxcmp/s   txcmp/s  rxmcst/s   %ifutil
17:15:56         ens5    572.00    765.00     87.22     73.98      0.00      0.00      0.00      0.00

17:15:56        IFACE   rxpck/s   txpck/s    rxkB/s    txkB/s   rxcmp/s   txcmp/s  rxmcst/s   %ifutil
17:15:57         ens5    233.00    314.00     35.85     30.37      0.00      0.00      0.00      0.00

17:15:57        IFACE   rxpck/s   txpck/s    rxkB/s    txkB/s   rxcmp/s   txcmp/s  rxmcst/s   %ifutil
17:15:58         ens5      0.00      0.00      0.00      0.00      0.00      0.00      0.00      0.00

17:15:58        IFACE   rxpck/s   txpck/s    rxkB/s    txkB/s   rxcmp/s   txcmp/s  rxmcst/s   %ifutil
17:15:59         ens5      0.00      0.00      0.00      0.00      0.00      0.00      0.00      0.00

17:15:59        IFACE   rxpck/s   txpck/s    rxkB/s    txkB/s   rxcmp/s   txcmp/s  rxmcst/s   %ifutil
17:16:00         ens5      0.00      0.00      0.00      0.00      0.00      0.00      0.00      0.00

17:16:00        IFACE   rxpck/s   txpck/s    rxkB/s    txkB/s   rxcmp/s   txcmp/s  rxmcst/s   %ifutil
17:16:01         ens5      0.00      0.00      0.00      0.00      0.00      0.00      0.00      0.00

17:16:01        IFACE   rxpck/s   txpck/s    rxkB/s    txkB/s   rxcmp/s   txcmp/s  rxmcst/s   %ifutil
17:16:02         ens5      0.00      0.00      0.00      0.00      0.00      0.00      0.00      0.00

17:16:02        IFACE   rxpck/s   txpck/s    rxkB/s    txkB/s   rxcmp/s   txcmp/s  rxmcst/s   %ifutil
17:16:03         ens5      1.00      1.00      0.07      0.09      0.00      0.00      0.00      0.00

17:16:03        IFACE   rxpck/s   txpck/s    rxkB/s    txkB/s   rxcmp/s   txcmp/s  rxmcst/s   %ifutil
17:16:04         ens5      0.00      0.00      0.00      0.00      0.00      0.00      0.00      0.00


Average:        IFACE   rxpck/s   txpck/s    rxkB/s    txkB/s   rxcmp/s   txcmp/s  rxmcst/s   %ifutil
Average:         ens5     47.58     61.27      7.27      5.94      0.00      0.00      0.00      0.00
