Linux 7.0.0-1008-aws (ip-172-31-20-134) 	08/07/26 	_x86_64_	(2 CPU)

17:56:42    kbmemfree   kbavail kbmemused  %memused kbbuffers  kbcached  kbcommit   %commit  kbactive   kbinact   kbdirty
17:56:43       129580   1307608    361220     18.52     22432   1248028   1623844     83.24    764212    782428       284
17:56:44       128824   1306860    361964     18.55     22432   1248040   1623844     83.24    764184    782436       296
17:56:45       128824   1306860    361964     18.55     22432   1248040   1623844     83.24    764196    782436       296
17:56:46       128824   1306860    361964     18.55     22432   1248040   1623844     83.24    764196    782436       296
17:56:47       128824   1306860    361960     18.55     22432   1248044   1623844     83.24    764196    782436       300
17:56:48       128824   1306860    361960     18.55     22432   1248044   1623844     83.24    764196    782436       300
17:56:49       127816   1305852    362968     18.61     22432   1248044   1627940     83.45    764816    782436       300
17:56:50       127816   1305864    362964     18.61     22432   1248048   1627940     83.45    765052    782448       304
17:56:51       127816   1305908    362876     18.60     22432   1248136   1627940     83.45    765256    782492       392
17:56:52       127816   1305944    362872     18.60     22432   1248140   1627940     83.45    765360    782528       240
17:56:53       127816   1305984    362784     18.60     22432   1248228   1627940     83.45    765484    782568       328
17:56:54       127816   1306044    362780     18.60     22432   1248232   1627940     83.45    765632    782628       332
17:56:55       125800   1304080    364708     18.70     22432   1248316   1627940     83.45    765872    782676       416
17:56:56       125800   1304080    364704     18.70     22432   1248320   1627940     83.45    765956    782676       420
17:56:57       125800   1304196    364616     18.69     22432   1248408   1627940     83.45    766252    782792       508
17:56:58       125800   1304196    364612     18.69     22432   1248412   1627940     83.45    766252    782792       512
17:56:59       125800   1304264    364520     18.69     22432   1248504   1627940     83.45    766420    782860       604
17:57:00       125800   1304264    364516     18.69     22432   1248508   1627940     83.45    766420    782860       608
17:57:01       125800   1304368    364420     18.68     22432   1248596   1627940     83.45    766572    782956       696
17:57:02       125800   1304368    364416     18.68     22464   1248568   1627940     83.45    766572    782956       784
17:57:03       125800   1304468    364300     18.67     22464   1248680   1627940     83.45    766644    783052       892
17:57:04       125800   1304524    364296     18.67     22464   1248684   1627940     83.45    767416    783108       896
17:57:05       125800   1304544    364212     18.67     22464   1248768   1627940     83.45    767560    783128       980
17:57:06       125800   1304544    364208     18.67     22464   1248772   1627940     83.45    767560    783128       984
17:57:07       125800   1304632    364116     18.67     22464   1248864   1627940     83.45    767668    783216      1024
17:57:08       125800   1304712    364112     18.66     22464   1248868   1627940     83.45    767796    783296      1028
17:57:09       125800   1304764    364020     18.66     22464   1248952   1627940     83.45    767916    783340      1112
17:57:10       125800   1304772    364016     18.66     22464   1248956   1627940     83.45    768032    783348      1116
17:57:11       125800   1304852    363928     18.66     22464   1249044   1627940     83.45    768076    783428      1208
17:57:12       125800   1304868    363920     18.66     22464   1249052   1627940     83.45    768184    783444      1216
17:57:13       125800   1304932    363832     18.65     22464   1249140   1627940     83.45    768244    783508      1304
17:57:14       124792   1303972    364832     18.70     22464   1249148   1627940     83.45    768444    783556      1312
17:57:15       124792   1304032    364776     18.70     22464   1249204   1627940     83.45    768508    783616      1368
17:57:16       124792   1304128    364724     18.70     22464   1249252   1627940     83.45    768564    783708       248
17:57:17       124792   1304136    364640     18.69     22464   1249336   1627940     83.45    768624    783716       284
17:57:18       124792   1304144    364636     18.69     22464   1249340   1627940     83.45    768656    783724       240
17:57:19       124540   1303980    364800     18.70     22464   1249428   1627940     83.45    768940    783812       328
17:57:20       124540   1303980    364796     18.70     22464   1249432   1627940     83.45    768940    783812       332
17:57:21       124540   1304072    364740     18.70     22464   1249480   1627940     83.45    768940    783896       380
17:57:22       124540   1304096    364692     18.69     22464   1249528   1627940     83.45    768956    783920       428
17:57:23       124540   1304096    364644     18.69     22464   1249576   1627940     83.45    768956    783920       476
17:57:24       124540   1304180    364600     18.69     22464   1249620   1627940     83.45    768956    784004       520
17:57:25       124540   1304216    364516     18.69     22464   1249704   1627940     83.45    768960    784040       604
17:57:26       124540   1304300    364512     18.69     22464   1249708   1627940     83.45    768960    784124       608
17:57:27       124540   1304328    364416     18.68     22464   1249800   1627940     83.45    768976    784148       700
17:57:28       124540   1304328    364412     18.68     22464   1249804   1627940     83.45    768976    784148       704
17:57:29       124036   1303956    364836     18.70     22464   1249884   1627940     83.45    768912    784280       784
17:57:30       124036   1303956    364820     18.70     22464   1249900   1627940     83.45    768912    784280       800
17:57:31       124036   1304044    364720     18.70     22464   1249992   1627940     83.45    768956    784360       892
17:57:32       124036   1304064    364712     18.70     22488   1249976   1627940     83.45    769048    784380       900
17:57:33       124036   1304176    364600     18.69     22488   1250080   1627940     83.45    769060    784492       916
17:57:34       123784   1303936    364832     18.70     22488   1250092   1627940     83.45    769684    784504       880
17:57:35       123784   1304028    364752     18.70     22488   1250172   1627940     83.45    769716    784596       960
17:57:36       123784   1304028    364736     18.70     22488   1250180   1627940     83.45    769716    784596       968
17:57:37       123784   1304032    364644     18.69     22488   1250268   1627940     83.45    769716    784596      1056
17:57:38       123784   1304116    364632     18.69     22488   1250272   1627940     83.45    769716    784680      1060
17:57:39       123784   1304152    364540     18.69     22488   1250356   1627940     83.45    769720    784716      1144
17:57:40       123784   1304236    364532     18.69     22488   1250364   1627940     83.45    769720    784800      1152
17:57:41       123784   1304276    364440     18.68     22488   1250448   1627940     83.45    769728    784832      1236
17:57:42       123532   1304024    364672     18.69     22488   1250460   1627940     83.45    769728    784832      1248
17:57:43       123532   1304072    364572     18.69     22488   1250548   1627940     83.45    769732    784876      1284
17:57:44        88504   1269192    399544     20.48     22488   1250604   1717388     88.04    803380    785016      1516
17:57:45        94532   1275256    393464     20.17     22488   1250648   1627940     83.45    769760    785060      1660
17:57:46        94532   1275256    393408     20.17     22488   1250696   1627940     83.45    769760    785060      1708
17:57:47        97292   1278168    390580     20.02     22496   1250756   1627940     83.45    769768    785212       340
17:57:48        98972   1279856    388840     19.93     22496   1250800   1627940     83.45    769768    785212       388
17:57:49        98720   1279604    389072     19.94     22496   1250812   1627940     83.45    769768    785212       400
17:57:50        98720   1279712    389012     19.94     22496   1250872   1627940     83.45    769784    785320       460
17:57:51        98720   1279712    389012     19.94     22496   1250872   1627940     83.45    769784    785320       460
17:57:52        98720   1279712    389008     19.94     22496   1250876   1627940     83.45    769784    785320       464

Average:       121805   1301178    367592     18.84     22463   1249354   1628867     83.50    768402    783742       731
