Linux 7.0.0-1008-aws (ip-172-31-20-134) 	08/07/26 	_x86_64_	(2 CPU)

17:56:42        IFACE   rxpck/s   txpck/s    rxkB/s    txkB/s   rxcmp/s   txcmp/s  rxmcst/s   %ifutil
17:56:43         ens5     44.00     31.00      3.90      4.09      0.00      0.00      0.00      0.00

17:56:43        IFACE   rxpck/s   txpck/s    rxkB/s    txkB/s   rxcmp/s   txcmp/s  rxmcst/s   %ifutil
17:56:44         ens5     16.00     10.00      1.55      1.38      0.00      0.00      0.00      0.00

17:56:44        IFACE   rxpck/s   txpck/s    rxkB/s    txkB/s   rxcmp/s   txcmp/s  rxmcst/s   %ifutil
17:56:45         ens5      0.00      0.00      0.00      0.00      0.00      0.00      0.00      0.00

17:56:45        IFACE   rxpck/s   txpck/s    rxkB/s    txkB/s   rxcmp/s   txcmp/s  rxmcst/s   %ifutil
17:56:46         ens5      0.00      0.00      0.00      0.00      0.00      0.00      0.00      0.00

17:56:46        IFACE   rxpck/s   txpck/s    rxkB/s    txkB/s   rxcmp/s   txcmp/s  rxmcst/s   %ifutil
17:56:47         ens5      0.00      0.00      0.00      0.00      0.00      0.00      0.00      0.00

17:56:47        IFACE   rxpck/s   txpck/s    rxkB/s    txkB/s   rxcmp/s   txcmp/s  rxmcst/s   %ifutil
17:56:48         ens5      0.00      0.00      0.00      0.00      0.00      0.00      0.00      0.00

17:56:48        IFACE   rxpck/s   txpck/s    rxkB/s    txkB/s   rxcmp/s   txcmp/s  rxmcst/s   %ifutil
17:56:49         ens5      8.00     11.00      0.61      0.86      0.00      0.00      0.00      0.00

17:56:49        IFACE   rxpck/s   txpck/s    rxkB/s    txkB/s   rxcmp/s   txcmp/s  rxmcst/s   %ifutil
17:56:50         ens5    166.00    169.00     13.21     14.25      0.00      0.00      0.00      0.00

17:56:50        IFACE   rxpck/s   txpck/s    rxkB/s    txkB/s   rxcmp/s   txcmp/s  rxmcst/s   %ifutil
17:56:51         ens5    167.00    165.00     12.98     13.85      0.00      0.00      0.00      0.00

17:56:51        IFACE   rxpck/s   txpck/s    rxkB/s    txkB/s   rxcmp/s   txcmp/s  rxmcst/s   %ifutil
17:56:52         ens5    167.00    168.00     13.11     14.22      0.00      0.00      0.00      0.00

17:56:52        IFACE   rxpck/s   txpck/s    rxkB/s    txkB/s   rxcmp/s   txcmp/s  rxmcst/s   %ifutil
17:56:53         ens5    166.00    167.00     13.12     14.16      0.00      0.00      0.00      0.00

17:56:53        IFACE   rxpck/s   txpck/s    rxkB/s    txkB/s   rxcmp/s   txcmp/s  rxmcst/s   %ifutil
17:56:54         ens5    167.00    165.00     12.98     13.85      0.00      0.00      0.00      0.00

17:56:54        IFACE   rxpck/s   txpck/s    rxkB/s    txkB/s   rxcmp/s   txcmp/s  rxmcst/s   %ifutil
17:56:55         ens5    163.00    165.00     12.90     14.02      0.00      0.00      0.00      0.00

17:56:55        IFACE   rxpck/s   txpck/s    rxkB/s    txkB/s   rxcmp/s   txcmp/s  rxmcst/s   %ifutil
17:56:56         ens5    168.00    166.00     13.10     13.99      0.00      0.00      0.00      0.00

17:56:56        IFACE   rxpck/s   txpck/s    rxkB/s    txkB/s   rxcmp/s   txcmp/s  rxmcst/s   %ifutil
17:56:57         ens5    164.00    166.00     13.00     14.14      0.00      0.00      0.00      0.00

17:56:57        IFACE   rxpck/s   txpck/s    rxkB/s    txkB/s   rxcmp/s   txcmp/s  rxmcst/s   %ifutil
17:56:58         ens5    167.00    166.00     13.03     14.03      0.00      0.00      0.00      0.00

17:56:58        IFACE   rxpck/s   txpck/s    rxkB/s    txkB/s   rxcmp/s   txcmp/s  rxmcst/s   %ifutil
17:56:59         ens5    166.00    166.00     13.10     14.08      0.00      0.00      0.00      0.00

17:56:59        IFACE   rxpck/s   txpck/s    rxkB/s    txkB/s   rxcmp/s   txcmp/s  rxmcst/s   %ifutil
17:57:00         ens5    159.00    159.00     12.54     13.49      0.00      0.00      0.00      0.00

17:57:00        IFACE   rxpck/s   txpck/s    rxkB/s    txkB/s   rxcmp/s   txcmp/s  rxmcst/s   %ifutil
17:57:01         ens5    161.00    160.00     12.64     13.56      0.00      0.00      0.00      0.00

17:57:01        IFACE   rxpck/s   txpck/s    rxkB/s    txkB/s   rxcmp/s   txcmp/s  rxmcst/s   %ifutil
17:57:02         ens5    124.00    125.00      9.73     10.58      0.00      0.00      0.00      0.00

17:57:02        IFACE   rxpck/s   txpck/s    rxkB/s    txkB/s   rxcmp/s   txcmp/s  rxmcst/s   %ifutil
17:57:03         ens5    167.00    166.00     13.15     14.08      0.00      0.00      0.00      0.00

17:57:03        IFACE   rxpck/s   txpck/s    rxkB/s    txkB/s   rxcmp/s   txcmp/s  rxmcst/s   %ifutil
17:57:04         ens5    168.00    169.00     13.27     14.34      0.00      0.00      0.00      0.00

17:57:04        IFACE   rxpck/s   txpck/s    rxkB/s    txkB/s   rxcmp/s   txcmp/s  rxmcst/s   %ifutil
17:57:05         ens5    164.00    163.00     12.87     13.77      0.00      0.00      0.00      0.00

17:57:05        IFACE   rxpck/s   txpck/s    rxkB/s    txkB/s   rxcmp/s   txcmp/s  rxmcst/s   %ifutil
17:57:06         ens5    167.00    168.00     13.16     14.27      0.00      0.00      0.00      0.00

17:57:06        IFACE   rxpck/s   txpck/s    rxkB/s    txkB/s   rxcmp/s   txcmp/s  rxmcst/s   %ifutil
17:57:07         ens5    166.00    167.00     13.17     14.21      0.00      0.00      0.00      0.00

17:57:07        IFACE   rxpck/s   txpck/s    rxkB/s    txkB/s   rxcmp/s   txcmp/s  rxmcst/s   %ifutil
17:57:08         ens5    167.00    165.00     13.02     13.90      0.00      0.00      0.00      0.00

17:57:08        IFACE   rxpck/s   txpck/s    rxkB/s    txkB/s   rxcmp/s   txcmp/s  rxmcst/s   %ifutil
17:57:09         ens5    170.00    170.00     13.38     14.41      0.00      0.00      0.00      0.00

17:57:09        IFACE   rxpck/s   txpck/s    rxkB/s    txkB/s   rxcmp/s   txcmp/s  rxmcst/s   %ifutil
17:57:10         ens5    166.00    167.00     13.10     14.20      0.00      0.00      0.00      0.00

17:57:10        IFACE   rxpck/s   txpck/s    rxkB/s    txkB/s   rxcmp/s   txcmp/s  rxmcst/s   %ifutil
17:57:11         ens5    167.00    168.00     13.23     14.28      0.00      0.00      0.00      0.00

17:57:11        IFACE   rxpck/s   txpck/s    rxkB/s    txkB/s   rxcmp/s   txcmp/s  rxmcst/s   %ifutil
17:57:12         ens5    168.00    167.00     13.08     14.10      0.00      0.00      0.00      0.00

17:57:12        IFACE   rxpck/s   txpck/s    rxkB/s    txkB/s   rxcmp/s   txcmp/s  rxmcst/s   %ifutil
17:57:13         ens5    168.00    167.00     13.23     14.17      0.00      0.00      0.00      0.00

17:57:13        IFACE   rxpck/s   txpck/s    rxkB/s    txkB/s   rxcmp/s   txcmp/s  rxmcst/s   %ifutil
17:57:14         ens5    168.00    169.00     13.27     14.34      0.00      0.00      0.00      0.00

17:57:14        IFACE   rxpck/s   txpck/s    rxkB/s    txkB/s   rxcmp/s   txcmp/s  rxmcst/s   %ifutil
17:57:15         ens5    165.00    165.00     12.93     13.97      0.00      0.00      0.00      0.00

17:57:15        IFACE   rxpck/s   txpck/s    rxkB/s    txkB/s   rxcmp/s   txcmp/s  rxmcst/s   %ifutil
17:57:16         ens5    167.00    166.00     13.15     14.08      0.00      0.00      0.00      0.00

17:57:16        IFACE   rxpck/s   txpck/s    rxkB/s    txkB/s   rxcmp/s   txcmp/s  rxmcst/s   %ifutil
17:57:17         ens5    168.00    169.00     13.27     14.34      0.00      0.00      0.00      0.00

17:57:17        IFACE   rxpck/s   txpck/s    rxkB/s    txkB/s   rxcmp/s   txcmp/s  rxmcst/s   %ifutil
17:57:18         ens5    164.00    163.00     12.87     13.77      0.00      0.00      0.00      0.00

17:57:18        IFACE   rxpck/s   txpck/s    rxkB/s    txkB/s   rxcmp/s   txcmp/s  rxmcst/s   %ifutil
17:57:19         ens5    166.00    167.00     13.10     14.20      0.00      0.00      0.00      0.00

17:57:19        IFACE   rxpck/s   txpck/s    rxkB/s    txkB/s   rxcmp/s   txcmp/s  rxmcst/s   %ifutil
17:57:20         ens5    164.00    163.00     12.87     13.77      0.00      0.00      0.00      0.00

17:57:20        IFACE   rxpck/s   txpck/s    rxkB/s    txkB/s   rxcmp/s   txcmp/s  rxmcst/s   %ifutil
17:57:21         ens5    166.00    167.00     13.10     14.20      0.00      0.00      0.00      0.00

17:57:21        IFACE   rxpck/s   txpck/s    rxkB/s    txkB/s   rxcmp/s   txcmp/s  rxmcst/s   %ifutil
17:57:22         ens5    167.00    168.00     13.23     14.28      0.00      0.00      0.00      0.00

17:57:22        IFACE   rxpck/s   txpck/s    rxkB/s    txkB/s   rxcmp/s   txcmp/s  rxmcst/s   %ifutil
17:57:23         ens5    168.00    167.00     13.08     14.10      0.00      0.00      0.00      0.00

17:57:23        IFACE   rxpck/s   txpck/s    rxkB/s    txkB/s   rxcmp/s   txcmp/s  rxmcst/s   %ifutil
17:57:24         ens5    167.00    166.00     13.15     14.08      0.00      0.00      0.00      0.00

17:57:24        IFACE   rxpck/s   txpck/s    rxkB/s    txkB/s   rxcmp/s   txcmp/s  rxmcst/s   %ifutil
17:57:25         ens5    168.00    169.00     13.27     14.34      0.00      0.00      0.00      0.00

17:57:25        IFACE   rxpck/s   txpck/s    rxkB/s    txkB/s   rxcmp/s   txcmp/s  rxmcst/s   %ifutil
17:57:26         ens5    165.00    165.00     12.93     13.97      0.00      0.00      0.00      0.00

17:57:26        IFACE   rxpck/s   txpck/s    rxkB/s    txkB/s   rxcmp/s   txcmp/s  rxmcst/s   %ifutil
17:57:27         ens5    168.00    167.00     13.20     14.14      0.00      0.00      0.00      0.00

17:57:27        IFACE   rxpck/s   txpck/s    rxkB/s    txkB/s   rxcmp/s   txcmp/s  rxmcst/s   %ifutil
17:57:28         ens5    165.00    167.00     13.12     14.21      0.00      0.00      0.00      0.00

17:57:28        IFACE   rxpck/s   txpck/s    rxkB/s    txkB/s   rxcmp/s   txcmp/s  rxmcst/s   %ifutil
17:57:29         ens5    170.00    169.00     13.21     14.25      0.00      0.00      0.00      0.00

17:57:29        IFACE   rxpck/s   txpck/s    rxkB/s    txkB/s   rxcmp/s   txcmp/s  rxmcst/s   %ifutil
17:57:30         ens5    167.00    166.00     13.15     14.08      0.00      0.00      0.00      0.00

17:57:30        IFACE   rxpck/s   txpck/s    rxkB/s    txkB/s   rxcmp/s   txcmp/s  rxmcst/s   %ifutil
17:57:31         ens5    165.00    167.00     13.12     14.21      0.00      0.00      0.00      0.00

17:57:31        IFACE   rxpck/s   txpck/s    rxkB/s    txkB/s   rxcmp/s   txcmp/s  rxmcst/s   %ifutil
17:57:32         ens5    170.00    170.00     13.38     14.41      0.00      0.00      0.00      0.00

17:57:32        IFACE   rxpck/s   txpck/s    rxkB/s    txkB/s   rxcmp/s   txcmp/s  rxmcst/s   %ifutil
17:57:33         ens5    167.00    165.00     13.02     13.90      0.00      0.00      0.00      0.00

17:57:33        IFACE   rxpck/s   txpck/s    rxkB/s    txkB/s   rxcmp/s   txcmp/s  rxmcst/s   %ifutil
17:57:34         ens5    166.00    167.00     13.10     14.20      0.00      0.00      0.00      0.00

17:57:34        IFACE   rxpck/s   txpck/s    rxkB/s    txkB/s   rxcmp/s   txcmp/s  rxmcst/s   %ifutil
17:57:35         ens5    164.00    163.00     12.87     13.77      0.00      0.00      0.00      0.00

17:57:35        IFACE   rxpck/s   txpck/s    rxkB/s    txkB/s   rxcmp/s   txcmp/s  rxmcst/s   %ifutil
17:57:36         ens5    166.00    167.00     13.10     14.20      0.00      0.00      0.00      0.00

17:57:36        IFACE   rxpck/s   txpck/s    rxkB/s    txkB/s   rxcmp/s   txcmp/s  rxmcst/s   %ifutil
17:57:37         ens5    167.00    168.00     13.23     14.28      0.00      0.00      0.00      0.00

17:57:37        IFACE   rxpck/s   txpck/s    rxkB/s    txkB/s   rxcmp/s   txcmp/s  rxmcst/s   %ifutil
17:57:38         ens5    165.00    163.00     12.86     13.76      0.00      0.00      0.00      0.00

17:57:38        IFACE   rxpck/s   txpck/s    rxkB/s    txkB/s   rxcmp/s   txcmp/s  rxmcst/s   %ifutil
17:57:39         ens5    165.00    167.00     13.12     14.21      0.00      0.00      0.00      0.00

17:57:39        IFACE   rxpck/s   txpck/s    rxkB/s    txkB/s   rxcmp/s   txcmp/s  rxmcst/s   %ifutil
17:57:40         ens5    168.00    167.00     13.08     14.10      0.00      0.00      0.00      0.00

17:57:40        IFACE   rxpck/s   txpck/s    rxkB/s    txkB/s   rxcmp/s   txcmp/s  rxmcst/s   %ifutil
17:57:41         ens5    169.00    168.00     13.32     14.21      0.00      0.00      0.00      0.00

17:57:41        IFACE   rxpck/s   txpck/s    rxkB/s    txkB/s   rxcmp/s   txcmp/s  rxmcst/s   %ifutil
17:57:42         ens5    168.00    168.00     13.21     14.27      0.00      0.00      0.00      0.00

17:57:42        IFACE   rxpck/s   txpck/s    rxkB/s    txkB/s   rxcmp/s   txcmp/s  rxmcst/s   %ifutil
17:57:43         ens5    168.00    169.00     13.27     14.34      0.00      0.00      0.00      0.00

17:57:43        IFACE   rxpck/s   txpck/s    rxkB/s    txkB/s   rxcmp/s   txcmp/s  rxmcst/s   %ifutil
17:57:44         ens5    167.00    168.00     13.23     14.28      0.00      0.00      0.00      0.00

17:57:44        IFACE   rxpck/s   txpck/s    rxkB/s    txkB/s   rxcmp/s   txcmp/s  rxmcst/s   %ifutil
17:57:45         ens5    175.00    174.00     13.63     14.67      0.00      0.00      0.00      0.00

17:57:45        IFACE   rxpck/s   txpck/s    rxkB/s    txkB/s   rxcmp/s   txcmp/s  rxmcst/s   %ifutil
17:57:46         ens5    165.00    165.00     12.93     13.97      0.00      0.00      0.00      0.00

17:57:46        IFACE   rxpck/s   txpck/s    rxkB/s    txkB/s   rxcmp/s   txcmp/s  rxmcst/s   %ifutil
17:57:47         ens5    169.00    168.00     13.32     14.21      0.00      0.00      0.00      0.00

17:57:47        IFACE   rxpck/s   txpck/s    rxkB/s    txkB/s   rxcmp/s   txcmp/s  rxmcst/s   %ifutil
17:57:48         ens5    161.00    162.00     12.65     13.76      0.00      0.00      0.00      0.00

17:57:48        IFACE   rxpck/s   txpck/s    rxkB/s    txkB/s   rxcmp/s   txcmp/s  rxmcst/s   %ifutil
17:57:49         ens5    170.00    170.00     13.38     14.41      0.00      0.00      0.00      0.00

17:57:49        IFACE   rxpck/s   txpck/s    rxkB/s    txkB/s   rxcmp/s   txcmp/s  rxmcst/s   %ifutil
17:57:50         ens5     66.00     65.00      5.22      5.53      0.00      0.00      0.00      0.00

17:57:50        IFACE   rxpck/s   txpck/s    rxkB/s    txkB/s   rxcmp/s   txcmp/s  rxmcst/s   %ifutil
17:57:51         ens5      0.00      0.00      0.00      0.00      0.00      0.00      0.00      0.00

17:57:51        IFACE   rxpck/s   txpck/s    rxkB/s    txkB/s   rxcmp/s   txcmp/s  rxmcst/s   %ifutil
17:57:52         ens5      0.00      0.00      0.00      0.00      0.00      0.00      0.00      0.00


Average:        IFACE   rxpck/s   txpck/s    rxkB/s    txkB/s   rxcmp/s   txcmp/s  rxmcst/s   %ifutil
Average:         ens5    144.07    143.86     11.35     12.22      0.00      0.00      0.00      0.00
