Linux 7.0.0-1010-aws (ip-172-31-31-224) 	08/11/26 	_x86_64_	(2 CPU)

06:42:52        CPU     %user     %nice   %system   %iowait    %steal     %idle
06:42:53        all     53.33      0.00      3.08      0.00      0.00     43.59
06:42:54        all     51.49      0.00      5.45      0.00      0.99     42.08
06:42:55        all     49.50      0.00      3.50      0.00      1.00     46.00
06:42:56        all     49.49      0.00      4.55      0.00      1.52     44.44
06:42:57        all     49.00      0.00      3.00      0.00      1.00     47.00
06:42:58        all     50.51      0.00      3.54      0.00      0.51     45.45
06:42:59        all     54.27      0.00      3.02      0.00      1.01     41.71
06:43:00        all     50.00      0.00      2.97      0.00      2.48     44.55
06:43:01        all      6.37      0.00      0.00      0.00     10.29     83.33
06:43:02        all      0.00      0.00      0.48      0.00      4.83     94.69
06:43:03        all      0.48      0.00      0.48      0.00      5.74     93.30
06:43:04        all      0.00      0.00      0.00      0.00      1.01     98.99
06:43:05        all      0.99      0.00      0.49      0.00      0.99     97.54
06:43:06        all      0.00      0.00      0.50      0.00      0.00     99.50
06:43:07        all      1.00      0.00      0.00      0.00      0.50     98.51
06:43:08        all      0.00      0.00      0.00      0.00      0.00    100.00
06:43:09        all      0.00      0.00      0.50      0.00      0.00     99.50
06:43:10        all      4.50      0.00      1.00      0.00      2.50     92.00
06:43:11        all      9.95      0.00      4.48      0.00      3.98     81.59
06:43:12        all      2.03      0.00      2.03      0.00      0.00     95.94
06:43:13        all      0.00      0.00      0.00      0.00      0.00    100.00
06:43:14        all      5.94      0.00      1.49      0.00      1.98     90.59
06:43:15        all      1.00      0.00      0.00      0.00      0.00     99.00
06:43:16        all      0.00      0.00      0.50      0.00      0.00     99.50
06:43:17        all      1.00      0.00      0.50      0.50      0.00     98.01
06:43:18        all      0.00      0.00      0.50      0.00      0.00     99.50
06:43:19        all      0.00      0.00      0.50      0.00      0.00     99.50
06:43:20        all      0.00      0.00      0.00      0.00      0.50     99.50
06:43:21        all      1.00      0.00      0.00      0.00      0.50     98.51
06:43:22        all      0.00      0.00      0.00      0.00      0.00    100.00


Average:        all     14.67      0.00      1.42      0.02      1.40     82.50
