Linux 7.0.0-1010-aws (ip-172-31-31-224) 	08/11/26 	_x86_64_	(2 CPU)

06:42:52    kbmemfree   kbavail kbmemused  %memused kbbuffers  kbcached  kbcommit   %commit  kbactive   kbinact   kbdirty
06:42:53       704048   1298972    432604     22.17     14532    722552   1601948     82.11    392784    688372       152
06:42:54       615848   1210772    520804     26.70     14532    722552   1685300     86.39    477876    688372       152
06:42:55       559652   1154580    576996     29.58     14532    722556   1752260     89.82    544812    688376       156
06:42:56       467168   1062096    669480     34.32     14532    722556   1848512     94.75    638364    688376       108
06:42:57       382496    977424    754152     38.66     14532    722556   1923912     98.62    715740    688376       108
06:42:58       294044    888972    842604     43.19     14532    722556   2019956    103.54    809504    688376       108
06:42:59       253976    848912    882664     45.24     14532    722564   2057660    105.47    849136    688384       120
06:43:00       165272    760208    971364     49.79     14532    722568   2145092    109.95    935956    688384       124
06:43:01       157208    752148    979428     50.20     14532    722568   2149188    110.16    939796    688388       124
06:43:02       157208    752148    979428     50.20     14532    722568   2149188    110.16    939796    688388       124
06:43:03       157208    752148    979428     50.20     14532    722568   2149188    110.16    939796    688388       124
06:43:04       157208    752148    979428     50.20     14532    722568   2149188    110.16    939796    688388       124
06:43:05       157208    752148    979424     50.20     14532    722572   2149444    110.18    939796    688388       128
06:43:06       157208    752148    979424     50.20     14532    722572   2149444    110.18    939796    688388       128
06:43:07       157208    752148    979424     50.20     14532    722572   2149444    110.18    940416    688388       128
06:43:08       157208    752148    979424     50.20     14532    722572   2149444    110.18    940416    688388       128
06:43:09       157208    752148    979424     50.20     14532    722572   2149444    110.18    940500    688388       128
06:43:10       157336    752280    979292     50.20     14532    722576   2149444    110.18    940660    688392       132
06:43:11       157704    752648    978924     50.18     14532    722576   2149764    110.19    940744    688392       132
06:43:12       157720    752668    978908     50.18     14532    722576   2149764    110.19    941028    688396       132
06:43:13       157720    752668    978904     50.18     14532    722580   2149764    110.19    941028    688396       136
06:43:14       157720    752668    978904     50.18     14532    722580   2149764    110.19    941028    688396       136
06:43:15       157720    752672    978892     50.18     14532    722592   2149764    110.19    941164    688400       148
06:43:16       157720    752672    978892     50.18     14532    722592   2149764    110.19    941164    688400       148
06:43:17       157720    752672    978892     50.18     14556    722568   2149764    110.19    941164    688400       232
06:43:18       157720    752688    978868     50.18     14556    722592   2149764    110.19    941172    688416       256
06:43:19       157720    752688    978868     50.18     14556    722592   2149764    110.19    941172    688416       256
06:43:20       157720    752688    978868     50.18     14556    722592   2149764    110.19    941172    688416       256
06:43:21       157720    752688    978864     50.18     14556    722596   2149764    110.19    941172    688416       260
06:43:22       157720    752708    978864     50.18     14556    722596   2149764    110.19    941220    688436       168

Average:       230245    825189    906381     46.46     14537    722573   2077507    106.49    868606    688393       152
