Linux 7.0.0-1010-aws (ip-172-31-31-224) 	08/11/26 	_x86_64_	(2 CPU)

06:42:52        IFACE   rxpck/s   txpck/s    rxkB/s    txkB/s   rxcmp/s   txcmp/s  rxmcst/s   %ifutil
06:42:53         ens5     48.00     49.00      4.02      6.12      0.00      0.00      0.00      0.00

06:42:53        IFACE   rxpck/s   txpck/s    rxkB/s    txkB/s   rxcmp/s   txcmp/s  rxmcst/s   %ifutil
06:42:54         ens5     53.00     47.00      4.50      5.63      0.00      0.00      0.00      0.00

06:42:54        IFACE   rxpck/s   txpck/s    rxkB/s    txkB/s   rxcmp/s   txcmp/s  rxmcst/s   %ifutil
06:42:55         ens5     23.00     22.00      1.71      3.17      0.00      0.00      0.00      0.00

06:42:55        IFACE   rxpck/s   txpck/s    rxkB/s    txkB/s   rxcmp/s   txcmp/s  rxmcst/s   %ifutil
06:42:56         ens5      8.00      6.00      0.41      1.26      0.00      0.00      0.00      0.00

06:42:56        IFACE   rxpck/s   txpck/s    rxkB/s    txkB/s   rxcmp/s   txcmp/s  rxmcst/s   %ifutil
06:42:57         ens5      6.00      6.00      0.30      1.32      0.00      0.00      0.00      0.00

06:42:57        IFACE   rxpck/s   txpck/s    rxkB/s    txkB/s   rxcmp/s   txcmp/s  rxmcst/s   %ifutil
06:42:58         ens5     10.00     10.00      0.51      2.09      0.00      0.00      0.00      0.00

06:42:58        IFACE   rxpck/s   txpck/s    rxkB/s    txkB/s   rxcmp/s   txcmp/s  rxmcst/s   %ifutil
06:42:59         ens5      5.00      5.00      0.25      1.09      0.00      0.00      0.00      0.00

06:42:59        IFACE   rxpck/s   txpck/s    rxkB/s    txkB/s   rxcmp/s   txcmp/s  rxmcst/s   %ifutil
06:43:00         ens5      3.00      3.00      0.15      0.66      0.00      0.00      0.00      0.00

06:43:00        IFACE   rxpck/s   txpck/s    rxkB/s    txkB/s   rxcmp/s   txcmp/s  rxmcst/s   %ifutil
06:43:01         ens5      3.96      3.96      0.22      0.69      0.00      0.00      0.00      0.00

06:43:01        IFACE   rxpck/s   txpck/s    rxkB/s    txkB/s   rxcmp/s   txcmp/s  rxmcst/s   %ifutil
06:43:02         ens5      0.00      0.00      0.00      0.00      0.00      0.00      0.00      0.00

06:43:02        IFACE   rxpck/s   txpck/s    rxkB/s    txkB/s   rxcmp/s   txcmp/s  rxmcst/s   %ifutil
06:43:03         ens5      0.00      0.00      0.00      0.00      0.00      0.00      0.00      0.00

06:43:03        IFACE   rxpck/s   txpck/s    rxkB/s    txkB/s   rxcmp/s   txcmp/s  rxmcst/s   %ifutil
06:43:04         ens5      0.00      0.00      0.00      0.00      0.00      0.00      0.00      0.00

06:43:04        IFACE   rxpck/s   txpck/s    rxkB/s    txkB/s   rxcmp/s   txcmp/s  rxmcst/s   %ifutil
06:43:05         ens5     14.00     12.00      8.20      8.36      0.00      0.00      0.00      0.00

06:43:05        IFACE   rxpck/s   txpck/s    rxkB/s    txkB/s   rxcmp/s   txcmp/s  rxmcst/s   %ifutil
06:43:06         ens5      0.00      0.00      0.00      0.00      0.00      0.00      0.00      0.00

06:43:06        IFACE   rxpck/s   txpck/s    rxkB/s    txkB/s   rxcmp/s   txcmp/s  rxmcst/s   %ifutil
06:43:07         ens5      0.00      0.00      0.00      0.00      0.00      0.00      0.00      0.00

06:43:07        IFACE   rxpck/s   txpck/s    rxkB/s    txkB/s   rxcmp/s   txcmp/s  rxmcst/s   %ifutil
06:43:08         ens5      0.00      0.00      0.00      0.00      0.00      0.00      0.00      0.00

06:43:08        IFACE   rxpck/s   txpck/s    rxkB/s    txkB/s   rxcmp/s   txcmp/s  rxmcst/s   %ifutil
06:43:09         ens5      8.00      7.00      4.21      3.12      0.00      0.00      0.00      0.00

06:43:09        IFACE   rxpck/s   txpck/s    rxkB/s    txkB/s   rxcmp/s   txcmp/s  rxmcst/s   %ifutil
06:43:10         ens5    259.00    224.00    179.68    131.61      0.00      0.00      0.00      0.00

06:43:10        IFACE   rxpck/s   txpck/s    rxkB/s    txkB/s   rxcmp/s   txcmp/s  rxmcst/s   %ifutil
06:43:11         ens5    648.00    633.00    453.86    355.63      0.00      0.00      0.00      0.00

06:43:11        IFACE   rxpck/s   txpck/s    rxkB/s    txkB/s   rxcmp/s   txcmp/s  rxmcst/s   %ifutil
06:43:12         ens5    166.00    154.00    104.87     79.27      0.00      0.00      0.00      0.00

06:43:12        IFACE   rxpck/s   txpck/s    rxkB/s    txkB/s   rxcmp/s   txcmp/s  rxmcst/s   %ifutil
06:43:13         ens5      0.00      0.00      0.00      0.00      0.00      0.00      0.00      0.00

06:43:13        IFACE   rxpck/s   txpck/s    rxkB/s    txkB/s   rxcmp/s   txcmp/s  rxmcst/s   %ifutil
06:43:14         ens5      0.00      0.00      0.00      0.00      0.00      0.00      0.00      0.00

06:43:14        IFACE   rxpck/s   txpck/s    rxkB/s    txkB/s   rxcmp/s   txcmp/s  rxmcst/s   %ifutil
06:43:15         ens5      7.00      5.00      4.15      2.91      0.00      0.00      0.00      0.00

06:43:15        IFACE   rxpck/s   txpck/s    rxkB/s    txkB/s   rxcmp/s   txcmp/s  rxmcst/s   %ifutil
06:43:16         ens5      0.00      0.00      0.00      0.00      0.00      0.00      0.00      0.00

06:43:16        IFACE   rxpck/s   txpck/s    rxkB/s    txkB/s   rxcmp/s   txcmp/s  rxmcst/s   %ifutil
06:43:17         ens5      1.00      1.00      0.07      0.09      0.00      0.00      0.00      0.00

06:43:17        IFACE   rxpck/s   txpck/s    rxkB/s    txkB/s   rxcmp/s   txcmp/s  rxmcst/s   %ifutil
06:43:18         ens5      0.00      0.00      0.00      0.00      0.00      0.00      0.00      0.00

06:43:18        IFACE   rxpck/s   txpck/s    rxkB/s    txkB/s   rxcmp/s   txcmp/s  rxmcst/s   %ifutil
06:43:19         ens5      0.00      0.00      0.00      0.00      0.00      0.00      0.00      0.00

06:43:19        IFACE   rxpck/s   txpck/s    rxkB/s    txkB/s   rxcmp/s   txcmp/s  rxmcst/s   %ifutil
06:43:20         ens5      0.00      0.00      0.00      0.00      0.00      0.00      0.00      0.00

06:43:20        IFACE   rxpck/s   txpck/s    rxkB/s    txkB/s   rxcmp/s   txcmp/s  rxmcst/s   %ifutil
06:43:21         ens5      0.00      0.00      0.00      0.00      0.00      0.00      0.00      0.00

06:43:21        IFACE   rxpck/s   txpck/s    rxkB/s    txkB/s   rxcmp/s   txcmp/s  rxmcst/s   %ifutil
06:43:22         ens5      0.00      0.00      0.00      0.00      0.00      0.00      0.00      0.00


Average:        IFACE   rxpck/s   txpck/s    rxkB/s    txkB/s   rxcmp/s   txcmp/s  rxmcst/s   %ifutil
Average:         ens5     42.09     39.59     25.56     20.09      0.00      0.00      0.00      0.00
