Linux 7.0.0-1008-aws (ip-172-31-31-224) 	08/07/26 	_x86_64_	(2 CPU)

07:39:24        CPU     %user     %nice   %system   %iowait    %steal     %idle
07:39:25        all     52.02      0.00      4.55      0.00      0.00     43.43
07:39:26        all     50.75      0.00      3.02      0.00      0.00     46.23
07:39:27        all     50.51      0.00      3.03      0.00      0.00     46.46
07:39:28        all     50.75      0.00      4.02      0.00      0.00     45.23
07:39:29        all     50.00      0.00      4.00      0.00      0.00     46.00
07:39:30        all     47.00      0.00      4.00      0.00      0.00     49.00
07:39:31        all     51.76      0.00      2.51      0.00      0.00     45.73
07:39:32        all     34.34      0.00      3.54      0.00      0.00     62.12
07:39:33        all      0.00      0.00      0.50      0.00      0.50     99.01
07:39:34        all      0.00      0.00      0.00      0.00      0.00    100.00
07:39:35        all      0.00      0.00      0.00      0.00      0.00    100.00
07:39:36        all      2.51      0.00      1.01      0.00      0.00     96.48
07:39:37        all      2.55      0.00      0.51      0.00      0.00     96.94
07:39:38        all      2.01      0.00      1.51      0.00      0.00     96.48
07:39:39        all      3.02      0.00      0.50      0.00      0.00     96.48
07:39:40        all      2.04      0.00      1.02      0.00      0.00     96.94
07:39:41        all      1.52      0.00      1.52      0.00      0.00     96.97
07:39:42        all      2.55      0.00      0.00      0.00      0.00     97.45
07:39:43        all      3.02      0.00      1.01      0.00      0.00     95.98
07:39:44        all      2.01      0.00      1.51      0.00      0.00     96.48
07:39:45        all      2.53      0.00      0.51      0.00      0.00     96.97
07:39:46        all      2.53      0.00      1.52      0.00      0.00     95.96
07:39:47        all      2.51      0.00      1.51      0.50      0.00     95.48
07:39:48        all      2.04      0.00      0.51      0.00      0.00     97.45
07:39:49        all      2.51      0.00      2.01      0.00      0.00     95.48
07:39:50        all      2.51      0.00      1.01      0.00      0.00     96.48
07:39:51        all      2.51      0.00      1.01      0.00      0.00     96.48
07:39:52        all      2.54      0.00      0.51      0.00      0.00     96.95
07:39:53        all      2.00      0.00      2.00      0.00      0.00     96.00
07:39:54        all      2.51      0.00      1.01      0.00      0.00     96.48
07:39:55        all      1.52      0.00      1.02      0.00      0.51     96.95
07:39:56        all      2.54      0.00      0.51      0.00      0.00     96.95
07:39:57        all      2.51      0.00      1.01      0.00      0.00     96.48
07:39:58        all      2.53      0.00      1.52      0.00      0.00     95.96
07:39:59        all      2.00      0.00      2.00      0.00      0.00     96.00
07:40:00        all      2.02      0.00      1.01      0.00      0.00     96.97
07:40:01        all      2.02      0.00      1.01      0.00      0.00     96.97
07:40:02        all      1.01      0.00      1.01      0.00      0.00     97.99
07:40:03        all      2.53      0.00      1.01      0.00      0.00     96.46
07:40:04        all      2.04      0.00      0.51      0.00      0.00     97.45
07:40:05        all      3.02      0.00      2.01      0.00      0.00     94.97
07:40:06        all      2.51      0.00      1.51      0.00      0.00     95.98
07:40:07        all      2.53      0.00      1.01      0.00      0.00     96.46
07:40:08        all      2.03      0.00      1.02      0.00      0.00     96.95
07:40:09        all      2.03      0.00      1.02      0.00      0.00     96.95
07:40:10        all      2.02      0.00      1.01      0.00      0.00     96.97
07:40:11        all      2.51      0.00      1.01      0.00      0.00     96.48
07:40:12        all      2.04      0.00      0.51      0.00      0.00     97.45
07:40:13        all      2.04      0.00      0.51      0.00      0.00     97.45
07:40:14        all      2.49      0.00      1.99      0.00      0.00     95.52
07:40:15        all      2.02      0.00      1.52      0.00      0.00     96.46
07:40:16        all      2.54      0.00      0.51      0.00      0.00     96.95
07:40:17        all      2.51      0.00      1.01      0.50      0.00     95.98
07:40:18        all      0.00      0.00      0.00      0.00      0.50     99.50

Average:        all      8.97      0.00      1.38      0.02      0.03     89.60
