Linux 7.0.0-1008-aws (ip-172-31-31-224) 	08/07/26 	_x86_64_	(2 CPU)

07:39:24        IFACE   rxpck/s   txpck/s    rxkB/s    txkB/s   rxcmp/s   txcmp/s  rxmcst/s   %ifutil
07:39:25         ens5     58.00     59.00      4.67      6.91      0.00      0.00      0.00      0.00

07:39:25        IFACE   rxpck/s   txpck/s    rxkB/s    txkB/s   rxcmp/s   txcmp/s  rxmcst/s   %ifutil
07:39:26         ens5     54.00     54.00      4.46      5.98      0.00      0.00      0.00      0.00

07:39:26        IFACE   rxpck/s   txpck/s    rxkB/s    txkB/s   rxcmp/s   txcmp/s  rxmcst/s   %ifutil
07:39:27         ens5     24.00     24.00      1.71      3.50      0.00      0.00      0.00      0.00

07:39:27        IFACE   rxpck/s   txpck/s    rxkB/s    txkB/s   rxcmp/s   txcmp/s  rxmcst/s   %ifutil
07:39:28         ens5      8.00      7.00      0.41      1.52      0.00      0.00      0.00      0.00

07:39:28        IFACE   rxpck/s   txpck/s    rxkB/s    txkB/s   rxcmp/s   txcmp/s  rxmcst/s   %ifutil
07:39:29         ens5      3.00      3.00      0.15      0.66      0.00      0.00      0.00      0.00

07:39:29        IFACE   rxpck/s   txpck/s    rxkB/s    txkB/s   rxcmp/s   txcmp/s  rxmcst/s   %ifutil
07:39:30         ens5     11.00     11.00      0.56      2.30      0.00      0.00      0.00      0.00

07:39:30        IFACE   rxpck/s   txpck/s    rxkB/s    txkB/s   rxcmp/s   txcmp/s  rxmcst/s   %ifutil
07:39:31         ens5      5.00      5.00      0.25      1.10      0.00      0.00      0.00      0.00

07:39:31        IFACE   rxpck/s   txpck/s    rxkB/s    txkB/s   rxcmp/s   txcmp/s  rxmcst/s   %ifutil
07:39:32         ens5      6.00      6.00      0.33      1.14      0.00      0.00      0.00      0.00

07:39:32        IFACE   rxpck/s   txpck/s    rxkB/s    txkB/s   rxcmp/s   txcmp/s  rxmcst/s   %ifutil
07:39:33         ens5      0.00      0.00      0.00      0.00      0.00      0.00      0.00      0.00

07:39:33        IFACE   rxpck/s   txpck/s    rxkB/s    txkB/s   rxcmp/s   txcmp/s  rxmcst/s   %ifutil
07:39:34         ens5      0.00      0.00      0.00      0.00      0.00      0.00      0.00      0.00

07:39:34        IFACE   rxpck/s   txpck/s    rxkB/s    txkB/s   rxcmp/s   txcmp/s  rxmcst/s   %ifutil
07:39:35         ens5     26.00     36.00     15.20     30.05      0.00      0.00      0.00      0.00

07:39:35        IFACE   rxpck/s   txpck/s    rxkB/s    txkB/s   rxcmp/s   txcmp/s  rxmcst/s   %ifutil
07:39:36         ens5    175.00    254.00    102.19    191.99      0.00      0.00      0.00      0.00

07:39:36        IFACE   rxpck/s   txpck/s    rxkB/s    txkB/s   rxcmp/s   txcmp/s  rxmcst/s   %ifutil
07:39:37         ens5    176.00    250.00    103.28    190.74      0.00      0.00      0.00      0.00

07:39:37        IFACE   rxpck/s   txpck/s    rxkB/s    txkB/s   rxcmp/s   txcmp/s  rxmcst/s   %ifutil
07:39:38         ens5    156.00    247.00    100.59    184.95      0.00      0.00      0.00      0.00

07:39:38        IFACE   rxpck/s   txpck/s    rxkB/s    txkB/s   rxcmp/s   txcmp/s  rxmcst/s   %ifutil
07:39:39         ens5    147.00    245.00     98.95    184.45      0.00      0.00      0.00      0.00

07:39:39        IFACE   rxpck/s   txpck/s    rxkB/s    txkB/s   rxcmp/s   txcmp/s  rxmcst/s   %ifutil
07:39:40         ens5    147.00    252.00    101.42    191.69      0.00      0.00      0.00      0.00

07:39:40        IFACE   rxpck/s   txpck/s    rxkB/s    txkB/s   rxcmp/s   txcmp/s  rxmcst/s   %ifutil
07:39:41         ens5    148.00    247.00    100.16    185.20      0.00      0.00      0.00      0.00

07:39:41        IFACE   rxpck/s   txpck/s    rxkB/s    txkB/s   rxcmp/s   txcmp/s  rxmcst/s   %ifutil
07:39:42         ens5    149.00    252.00    101.51    191.40      0.00      0.00      0.00      0.00

07:39:42        IFACE   rxpck/s   txpck/s    rxkB/s    txkB/s   rxcmp/s   txcmp/s  rxmcst/s   %ifutil
07:39:43         ens5    147.00    245.00    100.15    184.78      0.00      0.00      0.00      0.00

07:39:43        IFACE   rxpck/s   txpck/s    rxkB/s    txkB/s   rxcmp/s   txcmp/s  rxmcst/s   %ifutil
07:39:44         ens5    151.00    251.00    103.01    191.21      0.00      0.00      0.00      0.00

07:39:44        IFACE   rxpck/s   txpck/s    rxkB/s    txkB/s   rxcmp/s   txcmp/s  rxmcst/s   %ifutil
07:39:45         ens5    145.00    240.00     98.57    183.21      0.00      0.00      0.00      0.00

07:39:45        IFACE   rxpck/s   txpck/s    rxkB/s    txkB/s   rxcmp/s   txcmp/s  rxmcst/s   %ifutil
07:39:46         ens5    150.00    253.00    101.60    191.22      0.00      0.00      0.00      0.00

07:39:46        IFACE   rxpck/s   txpck/s    rxkB/s    txkB/s   rxcmp/s   txcmp/s  rxmcst/s   %ifutil
07:39:47         ens5    148.00    243.00    100.51    184.07      0.00      0.00      0.00      0.00

07:39:47        IFACE   rxpck/s   txpck/s    rxkB/s    txkB/s   rxcmp/s   txcmp/s  rxmcst/s   %ifutil
07:39:48         ens5    149.00    249.00    101.32    190.74      0.00      0.00      0.00      0.00

07:39:48        IFACE   rxpck/s   txpck/s    rxkB/s    txkB/s   rxcmp/s   txcmp/s  rxmcst/s   %ifutil
07:39:49         ens5    150.00    243.00    100.45    183.77      0.00      0.00      0.00      0.00

07:39:49        IFACE   rxpck/s   txpck/s    rxkB/s    txkB/s   rxcmp/s   txcmp/s  rxmcst/s   %ifutil
07:39:50         ens5    149.00    250.00    101.63    191.06      0.00      0.00      0.00      0.00

07:39:50        IFACE   rxpck/s   txpck/s    rxkB/s    txkB/s   rxcmp/s   txcmp/s  rxmcst/s   %ifutil
07:39:51         ens5    150.00    243.00    100.74    184.08      0.00      0.00      0.00      0.00

07:39:51        IFACE   rxpck/s   txpck/s    rxkB/s    txkB/s   rxcmp/s   txcmp/s  rxmcst/s   %ifutil
07:39:52         ens5    140.00    234.00     94.82    177.01      0.00      0.00      0.00      0.00

07:39:52        IFACE   rxpck/s   txpck/s    rxkB/s    txkB/s   rxcmp/s   txcmp/s  rxmcst/s   %ifutil
07:39:53         ens5    123.00    216.00     84.94    162.66      0.00      0.00      0.00      0.00

07:39:53        IFACE   rxpck/s   txpck/s    rxkB/s    txkB/s   rxcmp/s   txcmp/s  rxmcst/s   %ifutil
07:39:54         ens5    148.00    242.00    100.30    183.69      0.00      0.00      0.00      0.00

07:39:54        IFACE   rxpck/s   txpck/s    rxkB/s    txkB/s   rxcmp/s   txcmp/s  rxmcst/s   %ifutil
07:39:55         ens5    152.00    249.00    101.81    190.82      0.00      0.00      0.00      0.00

07:39:55        IFACE   rxpck/s   txpck/s    rxkB/s    txkB/s   rxcmp/s   txcmp/s  rxmcst/s   %ifutil
07:39:56         ens5    146.00    245.00    100.11    184.66      0.00      0.00      0.00      0.00

07:39:56        IFACE   rxpck/s   txpck/s    rxkB/s    txkB/s   rxcmp/s   txcmp/s  rxmcst/s   %ifutil
07:39:57         ens5    148.00    251.00    101.48    191.35      0.00      0.00      0.00      0.00

07:39:57        IFACE   rxpck/s   txpck/s    rxkB/s    txkB/s   rxcmp/s   txcmp/s  rxmcst/s   %ifutil
07:39:58         ens5    149.00    242.00    100.38    183.72      0.00      0.00      0.00      0.00

07:39:58        IFACE   rxpck/s   txpck/s    rxkB/s    txkB/s   rxcmp/s   txcmp/s  rxmcst/s   %ifutil
07:39:59         ens5    153.00    254.00    101.88    191.64      0.00      0.00      0.00      0.00

07:39:59        IFACE   rxpck/s   txpck/s    rxkB/s    txkB/s   rxcmp/s   txcmp/s  rxmcst/s   %ifutil
07:40:00         ens5    141.00    223.00     90.99    168.75      0.00      0.00      0.00      0.00

07:40:00        IFACE   rxpck/s   txpck/s    rxkB/s    txkB/s   rxcmp/s   txcmp/s  rxmcst/s   %ifutil
07:40:01         ens5    155.00    220.00     91.48    167.93      0.00      0.00      0.00      0.00

07:40:01        IFACE   rxpck/s   txpck/s    rxkB/s    txkB/s   rxcmp/s   txcmp/s  rxmcst/s   %ifutil
07:40:02         ens5    100.00    142.00     58.89    107.53      0.00      0.00      0.00      0.00

07:40:02        IFACE   rxpck/s   txpck/s    rxkB/s    txkB/s   rxcmp/s   txcmp/s  rxmcst/s   %ifutil
07:40:03         ens5    157.00    223.00     93.21    168.76      0.00      0.00      0.00      0.00

07:40:03        IFACE   rxpck/s   txpck/s    rxkB/s    txkB/s   rxcmp/s   txcmp/s  rxmcst/s   %ifutil
07:40:04         ens5    171.00    253.00    102.24    192.06      0.00      0.00      0.00      0.00

07:40:04        IFACE   rxpck/s   txpck/s    rxkB/s    txkB/s   rxcmp/s   txcmp/s  rxmcst/s   %ifutil
07:40:05         ens5    174.00    247.00    101.98    185.45      0.00      0.00      0.00      0.00

07:40:05        IFACE   rxpck/s   txpck/s    rxkB/s    txkB/s   rxcmp/s   txcmp/s  rxmcst/s   %ifutil
07:40:06         ens5    172.00    255.00    102.49    192.64      0.00      0.00      0.00      0.00

07:40:06        IFACE   rxpck/s   txpck/s    rxkB/s    txkB/s   rxcmp/s   txcmp/s  rxmcst/s   %ifutil
07:40:07         ens5    173.00    245.00    101.58    184.77      0.00      0.00      0.00      0.00

07:40:07        IFACE   rxpck/s   txpck/s    rxkB/s    txkB/s   rxcmp/s   txcmp/s  rxmcst/s   %ifutil
07:40:08         ens5    174.00    254.00    103.22    192.49      0.00      0.00      0.00      0.00

07:40:08        IFACE   rxpck/s   txpck/s    rxkB/s    txkB/s   rxcmp/s   txcmp/s  rxmcst/s   %ifutil
07:40:09         ens5    171.00    243.00     99.87    184.22      0.00      0.00      0.00      0.00

07:40:09        IFACE   rxpck/s   txpck/s    rxkB/s    txkB/s   rxcmp/s   txcmp/s  rxmcst/s   %ifutil
07:40:10         ens5    174.00    249.00    101.60    185.90      0.00      0.00      0.00      0.00

07:40:10        IFACE   rxpck/s   txpck/s    rxkB/s    txkB/s   rxcmp/s   txcmp/s  rxmcst/s   %ifutil
07:40:11         ens5    160.00    254.00    102.55    192.46      0.00      0.00      0.00      0.00

07:40:11        IFACE   rxpck/s   txpck/s    rxkB/s    txkB/s   rxcmp/s   txcmp/s  rxmcst/s   %ifutil
07:40:12         ens5    147.00    245.00     99.94    184.80      0.00      0.00      0.00      0.00

07:40:12        IFACE   rxpck/s   txpck/s    rxkB/s    txkB/s   rxcmp/s   txcmp/s  rxmcst/s   %ifutil
07:40:13         ens5    158.00    256.00    102.38    193.16      0.00      0.00      0.00      0.00

07:40:13        IFACE   rxpck/s   txpck/s    rxkB/s    txkB/s   rxcmp/s   txcmp/s  rxmcst/s   %ifutil
07:40:14         ens5    167.00    247.00     99.63    185.38      0.00      0.00      0.00      0.00

07:40:14        IFACE   rxpck/s   txpck/s    rxkB/s    txkB/s   rxcmp/s   txcmp/s  rxmcst/s   %ifutil
07:40:15         ens5    173.00    246.00    101.90    185.14      0.00      0.00      0.00      0.00

07:40:15        IFACE   rxpck/s   txpck/s    rxkB/s    txkB/s   rxcmp/s   txcmp/s  rxmcst/s   %ifutil
07:40:16         ens5    172.00    251.00    102.45    191.36      0.00      0.00      0.00      0.00

07:40:16        IFACE   rxpck/s   txpck/s    rxkB/s    txkB/s   rxcmp/s   txcmp/s  rxmcst/s   %ifutil
07:40:17         ens5    129.00    185.00     76.34    138.98      0.00      0.00      0.00      0.00

07:40:17        IFACE   rxpck/s   txpck/s    rxkB/s    txkB/s   rxcmp/s   txcmp/s  rxmcst/s   %ifutil
07:40:18         ens5      0.00      0.00      0.00      0.00      0.00      0.00      0.00      0.00


Average:        IFACE   rxpck/s   txpck/s    rxkB/s    txkB/s   rxcmp/s   txcmp/s  rxmcst/s   %ifutil
Average:         ens5    123.31    191.48     77.08    143.06      0.00      0.00      0.00      0.00
