Linux 7.0.0-1010-aws (ip-172-31-31-224) 	08/11/26 	_x86_64_	(2 CPU)

07:05:30        CPU     %user     %nice   %system   %iowait    %steal     %idle
07:05:31        all     52.02      0.00      4.04      0.00      0.51     43.43
07:05:32        all     49.00      0.00      4.50      0.00      0.50     46.00
07:05:33        all     50.25      0.00      3.05      0.00      0.51     46.19
07:05:34        all     50.25      0.00      4.48      0.00      1.00     44.28
07:05:35        all     49.49      0.00      3.54      0.00      0.51     46.46
07:05:36        all     46.23      0.00      3.52      0.00      1.01     49.25
07:05:37        all     50.75      0.00      3.52      0.00      0.50     45.23
07:05:38        all     49.00      0.00      3.00      0.00      1.00     47.00
07:05:39        all      0.51      0.00      0.00      0.00      0.51     98.99
07:05:40        all      0.00      0.00      0.00      0.00      0.00    100.00
07:05:41        all      0.50      0.00      0.50      0.00      0.00     99.00
07:05:42        all      0.00      0.00      0.50      0.00      0.00     99.50
07:05:43        all      5.03      0.00      1.01      0.00      0.50     93.47
07:05:44        all      1.00      0.00      0.00      0.00      0.00     99.00
07:05:45        all      0.00      0.00      0.51      0.00      0.51     98.99
07:05:46        all      2.02      0.00      1.52      0.51      0.00     95.96
07:05:47        all      1.03      0.00      1.03      0.00      0.00     97.95
07:05:48        all      0.50      0.00      0.50      0.00      0.00     99.00
07:05:49        all      0.50      0.00      0.00      0.00      0.50     98.99
07:05:50        all      0.50      0.00      0.00      0.00      0.00     99.50
07:05:51        all      0.00      0.00      0.50      0.00      0.00     99.50
07:05:52        all      0.50      0.00      0.00      0.00      0.50     99.00
07:05:53        all      0.00      0.00      0.00      0.00      0.00    100.00
07:05:54        all      0.50      0.00      0.50      0.00      0.00     98.99
07:05:55        all      0.00      0.00      0.00      0.00      1.00     99.00
07:05:56        all      0.50      0.00      0.00      0.00      0.00     99.50

Average:        all     15.77      0.00      1.39      0.02      0.35     82.47
