Linux 7.0.0-1010-aws (ip-172-31-20-134) 	08/11/26 	_x86_64_	(2 CPU)

17:22:50        CPU     %user     %nice   %system   %iowait    %steal     %idle
17:22:51        all      2.01      0.00      1.01      0.00      0.00     96.98
17:22:52        all      0.51      0.00      0.00      0.00      0.00     99.49
17:22:53        all      0.00      0.00      0.00      0.00      0.00    100.00
17:22:54        all      0.00      0.00      0.50      0.00      0.00     99.50
17:22:55        all      1.00      0.00      0.00      0.50      0.00     98.50
17:22:56        all      0.50      0.00      0.50      0.00      0.00     99.00
17:22:57        all      1.52      0.00      0.00      0.00      0.00     98.48
17:22:58        all      0.00      0.00      0.00      0.00      0.00    100.00
17:22:59        all      5.53      0.00      1.01      0.00      0.50     92.96
17:23:00        all      0.00      0.00      0.00      0.00      0.00    100.00
17:23:01        all      1.49      0.00      0.50      0.00      1.00     97.01
17:23:02        all     43.41      0.00      5.85      0.00     11.22     39.51
17:23:03        all     77.78      0.00     11.62      0.00      3.54      7.07
17:23:04        all     22.05      0.00      1.54      0.00      0.00     76.41
17:23:05        all      1.00      0.00      0.00      0.00      0.00     99.00
17:23:06        all      0.00      0.00      0.00      0.00      1.00     99.00
17:23:07        all      0.00      0.00      0.00      0.00      0.00    100.00
17:23:08        all      0.50      0.00      0.50      0.00      0.00     99.00
17:23:09        all      0.00      0.00      0.50      0.00      0.00     99.50
17:23:10        all      0.50      0.00      0.00      0.00      0.00     99.50
17:23:11        all      0.00      0.00      0.00      0.00      0.00    100.00

Average:        all      7.53      0.00      1.12      0.02      0.84     90.49
