Linux 7.0.0-1010-aws (ip-172-31-20-134) 	08/11/26 	_x86_64_	(2 CPU)

17:22:50    kbmemfree   kbavail kbmemused  %memused kbbuffers  kbcached  kbcommit   %commit  kbactive   kbinact   kbdirty
17:22:51       101712   1327980    365356     18.73     31356   1305912   1465828     75.14   1000672    606500      1388
17:22:52       101712   1327980    365352     18.73     31356   1305916   1465828     75.14   1000672    606500      1392
17:22:53       101712   1327980    365352     18.73     31356   1305916   1465828     75.14   1000672    606500      1564
17:22:54       101712   1327980    365352     18.73     31356   1305916   1465828     75.14   1000728    606500       276
17:22:55       101712   1327988    365324     18.73     31380   1305916   1465828     75.14   1000740    606504       408
17:22:56       101712   1327988    365324     18.73     31380   1305916   1465828     75.14   1000740    606504       408
17:22:57       100452   1326732    366540     18.79     31380   1305960   1467240     75.21   1002396    606508       452
17:22:58       100452   1326756    366540     18.79     31380   1305960   1467240     75.21   1002436    606532       452
17:22:59        99696   1326040    367296     18.83     31380   1305960   1467240     75.21   1002444    606572       452
17:23:00        99696   1326040    367288     18.83     31380   1305968   1467240     75.21   1002472    606572       460
17:23:01        98688   1325040    368284     18.88     31380   1305980   1488252     76.29   1003324    606580       472
17:23:02        92908   1319520    373724     19.16     31380   1306312   1597644     81.89   1010484    606836       804
17:23:03        84352   1311792    381536     19.56     31380   1307044   1714296     87.87   1018192    607656      1488
17:23:04        83344   1310928    382384     19.60     31380   1307196   1714548     87.88   1015920    607796      1644
17:23:05        83344   1310956    382332     19.60     31380   1307244   1714548     87.88   1015936    607820      1692
17:23:06        83344   1310956    382332     19.60     31380   1307244   1714548     87.88   1015936    607820      1692
17:23:07        83344   1310956    382328     19.60     31380   1307248   1714548     87.88   1015936    607820      1696
17:23:08        83344   1310956    382328     19.60     31380   1307248   1714548     87.88   1015936    607820      1696
17:23:09        83344   1310956    382328     19.60     31380   1307248   1714548     87.88   1015936    607820      1696
17:23:10        83344   1310956    382328     19.60     31380   1307248   1714548     87.88   1015936    607820      1696
17:23:11        83344   1310956    382324     19.60     31380   1307252   1714548     87.88   1015936    607820      1700


Average:        93013   1319878    373426     19.14     31375   1306505   1580024     80.99   1008259    607086      1120
