Linux 7.0.0-1010-aws (ip-172-31-20-134) 	08/11/26 	_x86_64_	(2 CPU)

17:22:50        IFACE   rxpck/s   txpck/s    rxkB/s    txkB/s   rxcmp/s   txcmp/s  rxmcst/s   %ifutil
17:22:51         ens5     53.00     53.00      4.48      5.51      0.00      0.00      0.00      0.00

17:22:51        IFACE   rxpck/s   txpck/s    rxkB/s    txkB/s   rxcmp/s   txcmp/s  rxmcst/s   %ifutil
17:22:52         ens5     52.00     52.00      4.47      5.18      0.00      0.00      0.00      0.00

17:22:52        IFACE   rxpck/s   txpck/s    rxkB/s    txkB/s   rxcmp/s   txcmp/s  rxmcst/s   %ifutil
17:22:53         ens5     53.00     52.00      4.52      5.18      0.00      0.00      0.00      0.00

17:22:53        IFACE   rxpck/s   txpck/s    rxkB/s    txkB/s   rxcmp/s   txcmp/s  rxmcst/s   %ifutil
17:22:54         ens5     11.00     10.00      0.91      1.00      0.00      0.00      0.00      0.00

17:22:54        IFACE   rxpck/s   txpck/s    rxkB/s    txkB/s   rxcmp/s   txcmp/s  rxmcst/s   %ifutil
17:22:55         ens5      0.00      0.00      0.00      0.00      0.00      0.00      0.00      0.00

17:22:55        IFACE   rxpck/s   txpck/s    rxkB/s    txkB/s   rxcmp/s   txcmp/s  rxmcst/s   %ifutil
17:22:56         ens5      0.00      0.00      0.00      0.00      0.00      0.00      0.00      0.00

17:22:56        IFACE   rxpck/s   txpck/s    rxkB/s    txkB/s   rxcmp/s   txcmp/s  rxmcst/s   %ifutil
17:22:57         ens5     55.00     65.00     26.80     13.70      0.00      0.00      0.00      0.00

17:22:57        IFACE   rxpck/s   txpck/s    rxkB/s    txkB/s   rxcmp/s   txcmp/s  rxmcst/s   %ifutil
17:22:58         ens5      0.00      0.00      0.00      0.00      0.00      0.00      0.00      0.00

17:22:58        IFACE   rxpck/s   txpck/s    rxkB/s    txkB/s   rxcmp/s   txcmp/s  rxmcst/s   %ifutil
17:22:59         ens5      0.00      0.00      0.00      0.00      0.00      0.00      0.00      0.00

17:22:59        IFACE   rxpck/s   txpck/s    rxkB/s    txkB/s   rxcmp/s   txcmp/s  rxmcst/s   %ifutil
17:23:00         ens5      0.00      0.00      0.00      0.00      0.00      0.00      0.00      0.00

17:23:00        IFACE   rxpck/s   txpck/s    rxkB/s    txkB/s   rxcmp/s   txcmp/s  rxmcst/s   %ifutil
17:23:01         ens5     20.00     26.00      5.23      5.60      0.00      0.00      0.00      0.00

17:23:01        IFACE   rxpck/s   txpck/s    rxkB/s    txkB/s   rxcmp/s   txcmp/s  rxmcst/s   %ifutil
17:23:02         ens5    583.00    718.00    150.37    157.32      0.00      0.00      0.00      0.00

17:23:02        IFACE   rxpck/s   txpck/s    rxkB/s    txkB/s   rxcmp/s   txcmp/s  rxmcst/s   %ifutil
17:23:03         ens5    999.01   1324.75    261.22    282.27      0.00      0.00      0.00      0.00

17:23:03        IFACE   rxpck/s   txpck/s    rxkB/s    txkB/s   rxcmp/s   txcmp/s  rxmcst/s   %ifutil
17:23:04         ens5    214.00    319.00     56.69     64.20      0.00      0.00      0.00      0.00

17:23:04        IFACE   rxpck/s   txpck/s    rxkB/s    txkB/s   rxcmp/s   txcmp/s  rxmcst/s   %ifutil
17:23:05         ens5      0.00      0.00      0.00      0.00      0.00      0.00      0.00      0.00

17:23:05        IFACE   rxpck/s   txpck/s    rxkB/s    txkB/s   rxcmp/s   txcmp/s  rxmcst/s   %ifutil
17:23:06         ens5      0.00      0.00      0.00      0.00      0.00      0.00      0.00      0.00

17:23:06        IFACE   rxpck/s   txpck/s    rxkB/s    txkB/s   rxcmp/s   txcmp/s  rxmcst/s   %ifutil
17:23:07         ens5      0.00      0.00      0.00      0.00      0.00      0.00      0.00      0.00

17:23:07        IFACE   rxpck/s   txpck/s    rxkB/s    txkB/s   rxcmp/s   txcmp/s  rxmcst/s   %ifutil
17:23:08         ens5      0.00      0.00      0.00      0.00      0.00      0.00      0.00      0.00

17:23:08        IFACE   rxpck/s   txpck/s    rxkB/s    txkB/s   rxcmp/s   txcmp/s  rxmcst/s   %ifutil
17:23:09         ens5      0.00      0.00      0.00      0.00      0.00      0.00      0.00      0.00

17:23:09        IFACE   rxpck/s   txpck/s    rxkB/s    txkB/s   rxcmp/s   txcmp/s  rxmcst/s   %ifutil
17:23:10         ens5      0.00      0.00      0.00      0.00      0.00      0.00      0.00      0.00

17:23:10        IFACE   rxpck/s   txpck/s    rxkB/s    txkB/s   rxcmp/s   txcmp/s  rxmcst/s   %ifutil
17:23:11         ens5      0.00      0.00      0.00      0.00      0.00      0.00      0.00      0.00


Average:        IFACE   rxpck/s   txpck/s    rxkB/s    txkB/s   rxcmp/s   txcmp/s  rxmcst/s   %ifutil
Average:         ens5     97.57    125.32     24.62     25.83      0.00      0.00      0.00      0.00
