Linux 7.0.0-1010-aws (ip-172-31-20-134) 	08/11/26 	_x86_64_	(2 CPU)

16:31:15        IFACE   rxpck/s   txpck/s    rxkB/s    txkB/s   rxcmp/s   txcmp/s  rxmcst/s   %ifutil
16:31:16         ens5     53.00     48.00      4.64      5.71      0.00      0.00      0.00      0.00

16:31:16        IFACE   rxpck/s   txpck/s    rxkB/s    txkB/s   rxcmp/s   txcmp/s  rxmcst/s   %ifutil
16:31:17         ens5     53.00     45.00      4.43      4.66      0.00      0.00      0.00      0.00

16:31:17        IFACE   rxpck/s   txpck/s    rxkB/s    txkB/s   rxcmp/s   txcmp/s  rxmcst/s   %ifutil
16:31:18         ens5     15.00     11.00      1.29      1.24      0.00      0.00      0.00      0.00

16:31:18        IFACE   rxpck/s   txpck/s    rxkB/s    txkB/s   rxcmp/s   txcmp/s  rxmcst/s   %ifutil
16:31:19         ens5      0.00      0.00      0.00      0.00      0.00      0.00      0.00      0.00

16:31:19        IFACE   rxpck/s   txpck/s    rxkB/s    txkB/s   rxcmp/s   txcmp/s  rxmcst/s   %ifutil
16:31:20         ens5      0.00      0.00      0.00      0.00      0.00      0.00      0.00      0.00

16:31:20        IFACE   rxpck/s   txpck/s    rxkB/s    txkB/s   rxcmp/s   txcmp/s  rxmcst/s   %ifutil
16:31:21         ens5      0.00      0.00      0.00      0.00      0.00      0.00      0.00      0.00

16:31:21        IFACE   rxpck/s   txpck/s    rxkB/s    txkB/s   rxcmp/s   txcmp/s  rxmcst/s   %ifutil
16:31:22         ens5      0.00      0.00      0.00      0.00      0.00      0.00      0.00      0.00

16:31:22        IFACE   rxpck/s   txpck/s    rxkB/s    txkB/s   rxcmp/s   txcmp/s  rxmcst/s   %ifutil
16:31:23         ens5     48.00     38.00     42.11     25.00      0.00      0.00      0.00      0.00

16:31:23        IFACE   rxpck/s   txpck/s    rxkB/s    txkB/s   rxcmp/s   txcmp/s  rxmcst/s   %ifutil
16:31:24         ens5      0.00      0.00      0.00      0.00      0.00      0.00      0.00      0.00

16:31:24        IFACE   rxpck/s   txpck/s    rxkB/s    txkB/s   rxcmp/s   txcmp/s  rxmcst/s   %ifutil
16:31:25         ens5      1.00      1.00      0.05      0.06      0.00      0.00      0.00      0.00

16:31:25        IFACE   rxpck/s   txpck/s    rxkB/s    txkB/s   rxcmp/s   txcmp/s  rxmcst/s   %ifutil
16:31:26         ens5      0.00      0.00      0.00      0.00      0.00      0.00      0.00      0.00

16:31:26        IFACE   rxpck/s   txpck/s    rxkB/s    txkB/s   rxcmp/s   txcmp/s  rxmcst/s   %ifutil
16:31:27         ens5     33.00     25.00     22.68     14.18      0.00      0.00      0.00      0.00

16:31:27        IFACE   rxpck/s   txpck/s    rxkB/s    txkB/s   rxcmp/s   txcmp/s  rxmcst/s   %ifutil
16:31:28         ens5    491.00    324.00    338.00    205.74      0.00      0.00      0.00      0.00

16:31:28        IFACE   rxpck/s   txpck/s    rxkB/s    txkB/s   rxcmp/s   txcmp/s  rxmcst/s   %ifutil
16:31:29         ens5    956.00    530.00    642.14    349.82      0.00      0.00      0.00      0.00

16:31:29        IFACE   rxpck/s   txpck/s    rxkB/s    txkB/s   rxcmp/s   txcmp/s  rxmcst/s   %ifutil
16:31:30         ens5    591.00    503.00    417.39    265.30      0.00      0.00      0.00      0.00

16:31:30        IFACE   rxpck/s   txpck/s    rxkB/s    txkB/s   rxcmp/s   txcmp/s  rxmcst/s   %ifutil
16:31:31         ens5      0.00     10.00      0.00      1.51      0.00      0.00      0.00      0.00

16:31:31        IFACE   rxpck/s   txpck/s    rxkB/s    txkB/s   rxcmp/s   txcmp/s  rxmcst/s   %ifutil
16:31:32         ens5      0.00      0.00      0.00      0.00      0.00      0.00      0.00      0.00

16:31:32        IFACE   rxpck/s   txpck/s    rxkB/s    txkB/s   rxcmp/s   txcmp/s  rxmcst/s   %ifutil
16:31:33         ens5      1.00      1.00      0.07      0.09      0.00      0.00      0.00      0.00

16:31:33        IFACE   rxpck/s   txpck/s    rxkB/s    txkB/s   rxcmp/s   txcmp/s  rxmcst/s   %ifutil
16:31:34         ens5      0.00      0.00      0.00      0.00      0.00      0.00      0.00      0.00

16:31:34        IFACE   rxpck/s   txpck/s    rxkB/s    txkB/s   rxcmp/s   txcmp/s  rxmcst/s   %ifutil
16:31:35         ens5      0.00      0.00      0.00      0.00      0.00      0.00      0.00      0.00

16:31:35        IFACE   rxpck/s   txpck/s    rxkB/s    txkB/s   rxcmp/s   txcmp/s  rxmcst/s   %ifutil
16:31:36         ens5      0.00      0.00      0.00      0.00      0.00      0.00      0.00      0.00

16:31:36        IFACE   rxpck/s   txpck/s    rxkB/s    txkB/s   rxcmp/s   txcmp/s  rxmcst/s   %ifutil
16:31:37         ens5      1.00      1.00      0.03      0.04      0.00      0.00      0.00      0.00

16:31:37        IFACE   rxpck/s   txpck/s    rxkB/s    txkB/s   rxcmp/s   txcmp/s  rxmcst/s   %ifutil
16:31:38         ens5      0.00      0.00      0.00      0.00      0.00      0.00      0.00      0.00

16:31:38        IFACE   rxpck/s   txpck/s    rxkB/s    txkB/s   rxcmp/s   txcmp/s  rxmcst/s   %ifutil
16:31:39         ens5      0.00      0.00      0.00      0.00      0.00      0.00      0.00      0.00


Average:        IFACE   rxpck/s   txpck/s    rxkB/s    txkB/s   rxcmp/s   txcmp/s  rxmcst/s   %ifutil
Average:         ens5     93.46     64.04     61.37     36.39      0.00      0.00      0.00      0.00
