Linux 7.0.0-1008-aws (ip-172-31-31-224) 	08/07/26 	_x86_64_	(2 CPU)

04:47:56        IFACE   rxpck/s   txpck/s    rxkB/s    txkB/s   rxcmp/s   txcmp/s  rxmcst/s   %ifutil
04:47:57         ens5     41.00     41.00      3.77      5.71      0.00      0.00      0.00      0.00

04:47:57        IFACE   rxpck/s   txpck/s    rxkB/s    txkB/s   rxcmp/s   txcmp/s  rxmcst/s   %ifutil
04:47:58         ens5     22.00     19.00      1.93      2.81      0.00      0.00      0.00      0.00

04:47:58        IFACE   rxpck/s   txpck/s    rxkB/s    txkB/s   rxcmp/s   txcmp/s  rxmcst/s   %ifutil
04:47:59         ens5      9.00      9.00      0.46      1.90      0.00      0.00      0.00      0.00

04:47:59        IFACE   rxpck/s   txpck/s    rxkB/s    txkB/s   rxcmp/s   txcmp/s  rxmcst/s   %ifutil
04:48:00         ens5      7.00      7.00      0.36      1.52      0.00      0.00      0.00      0.00

04:48:00        IFACE   rxpck/s   txpck/s    rxkB/s    txkB/s   rxcmp/s   txcmp/s  rxmcst/s   %ifutil
04:48:01         ens5      2.00      2.00      0.10      0.45      0.00      0.00      0.00      0.00

04:48:01        IFACE   rxpck/s   txpck/s    rxkB/s    txkB/s   rxcmp/s   txcmp/s  rxmcst/s   %ifutil
04:48:02         ens5     11.00     11.00      0.56      2.30      0.00      0.00      0.00      0.00

04:48:02        IFACE   rxpck/s   txpck/s    rxkB/s    txkB/s   rxcmp/s   txcmp/s  rxmcst/s   %ifutil
04:48:03         ens5      6.00      6.00      0.34      1.16      0.00      0.00      0.00      0.00

04:48:03        IFACE   rxpck/s   txpck/s    rxkB/s    txkB/s   rxcmp/s   txcmp/s  rxmcst/s   %ifutil
04:48:04         ens5      4.00      4.00      0.20      0.84      0.00      0.00      0.00      0.00

04:48:04        IFACE   rxpck/s   txpck/s    rxkB/s    txkB/s   rxcmp/s   txcmp/s  rxmcst/s   %ifutil
04:48:05         ens5      1.00      1.00      0.05      0.06      0.00      0.00      0.00      0.00

04:48:05        IFACE   rxpck/s   txpck/s    rxkB/s    txkB/s   rxcmp/s   txcmp/s  rxmcst/s   %ifutil
04:48:06         ens5      1.00      1.00      0.07      0.09      0.00      0.00      0.00      0.00

04:48:06        IFACE   rxpck/s   txpck/s    rxkB/s    txkB/s   rxcmp/s   txcmp/s  rxmcst/s   %ifutil
04:48:07         ens5      0.00      0.00      0.00      0.00      0.00      0.00      0.00      0.00

04:48:07        IFACE   rxpck/s   txpck/s    rxkB/s    txkB/s   rxcmp/s   txcmp/s  rxmcst/s   %ifutil
04:48:08         ens5      0.00      0.00      0.00      0.00      0.00      0.00      0.00      0.00

04:48:08        IFACE   rxpck/s   txpck/s    rxkB/s    txkB/s   rxcmp/s   txcmp/s  rxmcst/s   %ifutil
04:48:09         ens5      0.00      0.00      0.00      0.00      0.00      0.00      0.00      0.00

04:48:09        IFACE   rxpck/s   txpck/s    rxkB/s    txkB/s   rxcmp/s   txcmp/s  rxmcst/s   %ifutil
04:48:10         ens5     22.00     39.00      1.33     42.68      0.00      0.00      0.00      0.00

04:48:10        IFACE   rxpck/s   txpck/s    rxkB/s    txkB/s   rxcmp/s   txcmp/s  rxmcst/s   %ifutil
04:48:11         ens5    169.00    215.00      9.94    205.73      0.00      0.00      0.00      0.00

04:48:11        IFACE   rxpck/s   txpck/s    rxkB/s    txkB/s   rxcmp/s   txcmp/s  rxmcst/s   %ifutil
04:48:12         ens5    177.00    219.00     10.36    209.17      0.00      0.00      0.00      0.00

04:48:12        IFACE   rxpck/s   txpck/s    rxkB/s    txkB/s   rxcmp/s   txcmp/s  rxmcst/s   %ifutil
04:48:13         ens5    180.00    233.00     10.64    224.64      0.00      0.00      0.00      0.00

04:48:13        IFACE   rxpck/s   txpck/s    rxkB/s    txkB/s   rxcmp/s   txcmp/s  rxmcst/s   %ifutil
04:48:14         ens5    174.00    219.00     10.26    207.84      0.00      0.00      0.00      0.00

04:48:14        IFACE   rxpck/s   txpck/s    rxkB/s    txkB/s   rxcmp/s   txcmp/s  rxmcst/s   %ifutil
04:48:15         ens5    172.00    229.00     10.19    222.58      0.00      0.00      0.00      0.00

04:48:15        IFACE   rxpck/s   txpck/s    rxkB/s    txkB/s   rxcmp/s   txcmp/s  rxmcst/s   %ifutil
04:48:16         ens5    179.00    221.00     10.51    209.55      0.00      0.00      0.00      0.00

04:48:16        IFACE   rxpck/s   txpck/s    rxkB/s    txkB/s   rxcmp/s   txcmp/s  rxmcst/s   %ifutil
04:48:17         ens5    178.00    231.00     10.50    224.29      0.00      0.00      0.00      0.00

04:48:17        IFACE   rxpck/s   txpck/s    rxkB/s    txkB/s   rxcmp/s   txcmp/s  rxmcst/s   %ifutil
04:48:18         ens5    173.00    219.00     10.21    207.84      0.00      0.00      0.00      0.00

04:48:18        IFACE   rxpck/s   txpck/s    rxkB/s    txkB/s   rxcmp/s   txcmp/s  rxmcst/s   %ifutil
04:48:19         ens5    181.00    232.00     10.65    224.35      0.00      0.00      0.00      0.00

04:48:19        IFACE   rxpck/s   txpck/s    rxkB/s    txkB/s   rxcmp/s   txcmp/s  rxmcst/s   %ifutil
04:48:20         ens5    172.00    219.00     10.17    207.85      0.00      0.00      0.00      0.00

04:48:20        IFACE   rxpck/s   txpck/s    rxkB/s    txkB/s   rxcmp/s   txcmp/s  rxmcst/s   %ifutil
04:48:21         ens5    177.00    231.00     10.44    224.28      0.00      0.00      0.00      0.00

04:48:21        IFACE   rxpck/s   txpck/s    rxkB/s    txkB/s   rxcmp/s   txcmp/s  rxmcst/s   %ifutil
04:48:22         ens5    177.00    232.00     10.51    223.02      0.00      0.00      0.00      0.00

04:48:22        IFACE   rxpck/s   txpck/s    rxkB/s    txkB/s   rxcmp/s   txcmp/s  rxmcst/s   %ifutil
04:48:23         ens5    176.00    221.00     10.36    209.55      0.00      0.00      0.00      0.00

04:48:23        IFACE   rxpck/s   txpck/s    rxkB/s    txkB/s   rxcmp/s   txcmp/s  rxmcst/s   %ifutil
04:48:24         ens5    179.00    232.00     10.55    224.35      0.00      0.00      0.00      0.00

04:48:24        IFACE   rxpck/s   txpck/s    rxkB/s    txkB/s   rxcmp/s   txcmp/s  rxmcst/s   %ifutil
04:48:25         ens5    163.00    232.00      9.81    222.99      0.00      0.00      0.00      0.00

04:48:25        IFACE   rxpck/s   txpck/s    rxkB/s    txkB/s   rxcmp/s   txcmp/s  rxmcst/s   %ifutil
04:48:26         ens5    164.00    221.00      9.75    209.56      0.00      0.00      0.00      0.00

04:48:26        IFACE   rxpck/s   txpck/s    rxkB/s    txkB/s   rxcmp/s   txcmp/s  rxmcst/s   %ifutil
04:48:27         ens5    167.00    231.00      9.96    224.40      0.00      0.00      0.00      0.00

04:48:27        IFACE   rxpck/s   txpck/s    rxkB/s    txkB/s   rxcmp/s   txcmp/s  rxmcst/s   %ifutil
04:48:28         ens5    158.00    217.00      9.43    207.60      0.00      0.00      0.00      0.00

04:48:28        IFACE   rxpck/s   txpck/s    rxkB/s    txkB/s   rxcmp/s   txcmp/s  rxmcst/s   %ifutil
04:48:29         ens5    161.00    231.00      9.70    223.06      0.00      0.00      0.00      0.00

04:48:29        IFACE   rxpck/s   txpck/s    rxkB/s    txkB/s   rxcmp/s   txcmp/s  rxmcst/s   %ifutil
04:48:30         ens5    167.00    222.00      9.94    209.75      0.00      0.00      0.00      0.00

04:48:30        IFACE   rxpck/s   txpck/s    rxkB/s    txkB/s   rxcmp/s   txcmp/s  rxmcst/s   %ifutil
04:48:31         ens5    164.00    231.00      9.80    224.41      0.00      0.00      0.00      0.00

04:48:31        IFACE   rxpck/s   txpck/s    rxkB/s    txkB/s   rxcmp/s   txcmp/s  rxmcst/s   %ifutil
04:48:32         ens5    158.00    219.00      9.48    207.97      0.00      0.00      0.00      0.00

04:48:32        IFACE   rxpck/s   txpck/s    rxkB/s    txkB/s   rxcmp/s   txcmp/s  rxmcst/s   %ifutil
04:48:33         ens5    166.00    231.00      9.90    224.40      0.00      0.00      0.00      0.00

04:48:33        IFACE   rxpck/s   txpck/s    rxkB/s    txkB/s   rxcmp/s   txcmp/s  rxmcst/s   %ifutil
04:48:34         ens5    161.00    231.00      9.70    223.04      0.00      0.00      0.00      0.00

04:48:34        IFACE   rxpck/s   txpck/s    rxkB/s    txkB/s   rxcmp/s   txcmp/s  rxmcst/s   %ifutil
04:48:35         ens5    162.00    219.00      9.63    209.31      0.00      0.00      0.00      0.00

04:48:35        IFACE   rxpck/s   txpck/s    rxkB/s    txkB/s   rxcmp/s   txcmp/s  rxmcst/s   %ifutil
04:48:36         ens5    163.00    231.00      9.80    223.03      0.00      0.00      0.00      0.00

04:48:36        IFACE   rxpck/s   txpck/s    rxkB/s    txkB/s   rxcmp/s   txcmp/s  rxmcst/s   %ifutil
04:48:37         ens5    163.00    221.00      9.73    209.69      0.00      0.00      0.00      0.00

04:48:37        IFACE   rxpck/s   txpck/s    rxkB/s    txkB/s   rxcmp/s   txcmp/s  rxmcst/s   %ifutil
04:48:38         ens5    169.00    234.00     10.09    224.63      0.00      0.00      0.00      0.00

04:48:38        IFACE   rxpck/s   txpck/s    rxkB/s    txkB/s   rxcmp/s   txcmp/s  rxmcst/s   %ifutil
04:48:39         ens5    169.00    222.00     10.06    208.14      0.00      0.00      0.00      0.00

04:48:39        IFACE   rxpck/s   txpck/s    rxkB/s    txkB/s   rxcmp/s   txcmp/s  rxmcst/s   %ifutil
04:48:40         ens5    181.00    234.00     10.71    224.84      0.00      0.00      0.00      0.00

04:48:40        IFACE   rxpck/s   txpck/s    rxkB/s    txkB/s   rxcmp/s   txcmp/s  rxmcst/s   %ifutil
04:48:41         ens5    180.00    231.00     10.62    224.41      0.00      0.00      0.00      0.00

04:48:41        IFACE   rxpck/s   txpck/s    rxkB/s    txkB/s   rxcmp/s   txcmp/s  rxmcst/s   %ifutil
04:48:42         ens5    178.00    233.00     10.56    223.19      0.00      0.00      0.00      0.00

04:48:42        IFACE   rxpck/s   txpck/s    rxkB/s    txkB/s   rxcmp/s   txcmp/s  rxmcst/s   %ifutil
04:48:43         ens5    175.00    219.00     10.29    209.32      0.00      0.00      0.00      0.00

04:48:43        IFACE   rxpck/s   txpck/s    rxkB/s    txkB/s   rxcmp/s   txcmp/s  rxmcst/s   %ifutil
04:48:44         ens5    174.00    231.00     10.36    223.06      0.00      0.00      0.00      0.00

04:48:44        IFACE   rxpck/s   txpck/s    rxkB/s    txkB/s   rxcmp/s   txcmp/s  rxmcst/s   %ifutil
04:48:45         ens5    178.00    221.00     10.49    209.68      0.00      0.00      0.00      0.00

04:48:45        IFACE   rxpck/s   txpck/s    rxkB/s    txkB/s   rxcmp/s   txcmp/s  rxmcst/s   %ifutil
04:48:46         ens5    180.00    233.00     10.62    224.54      0.00      0.00      0.00      0.00

04:48:46        IFACE   rxpck/s   txpck/s    rxkB/s    txkB/s   rxcmp/s   txcmp/s  rxmcst/s   %ifutil
04:48:47         ens5    172.00    219.00     10.19    207.96      0.00      0.00      0.00      0.00

04:48:47        IFACE   rxpck/s   txpck/s    rxkB/s    txkB/s   rxcmp/s   txcmp/s  rxmcst/s   %ifutil
04:48:48         ens5    177.00    231.00     10.46    224.42      0.00      0.00      0.00      0.00

04:48:48        IFACE   rxpck/s   txpck/s    rxkB/s    txkB/s   rxcmp/s   txcmp/s  rxmcst/s   %ifutil
04:48:49         ens5    172.00    231.00     10.26    223.04      0.00      0.00      0.00      0.00

04:48:49        IFACE   rxpck/s   txpck/s    rxkB/s    txkB/s   rxcmp/s   txcmp/s  rxmcst/s   %ifutil
04:48:50         ens5    179.00    220.00     10.50    209.38      0.00      0.00      0.00      0.00

04:48:50        IFACE   rxpck/s   txpck/s    rxkB/s    txkB/s   rxcmp/s   txcmp/s  rxmcst/s   %ifutil
04:48:51         ens5    176.00    231.00     10.46    223.07      0.00      0.00      0.00      0.00

04:48:51        IFACE   rxpck/s   txpck/s    rxkB/s    txkB/s   rxcmp/s   txcmp/s  rxmcst/s   %ifutil
04:48:52         ens5    176.00    219.00     10.34    209.32      0.00      0.00      0.00      0.00

04:48:52        IFACE   rxpck/s   txpck/s    rxkB/s    txkB/s   rxcmp/s   txcmp/s  rxmcst/s   %ifutil
04:48:53         ens5    170.00    232.00     10.19    223.14      0.00      0.00      0.00      0.00

04:48:53        IFACE   rxpck/s   txpck/s    rxkB/s    txkB/s   rxcmp/s   txcmp/s  rxmcst/s   %ifutil
04:48:54         ens5    167.00    223.00      9.95    209.83      0.00      0.00      0.00      0.00

04:48:54        IFACE   rxpck/s   txpck/s    rxkB/s    txkB/s   rxcmp/s   txcmp/s  rxmcst/s   %ifutil
04:48:55         ens5    168.00    232.00     10.01    224.49      0.00      0.00      0.00      0.00

04:48:55        IFACE   rxpck/s   txpck/s    rxkB/s    txkB/s   rxcmp/s   txcmp/s  rxmcst/s   %ifutil
04:48:56         ens5    162.00    231.00      9.75    223.06      0.00      0.00      0.00      0.00

04:48:56        IFACE   rxpck/s   txpck/s    rxkB/s    txkB/s   rxcmp/s   txcmp/s  rxmcst/s   %ifutil
04:48:57         ens5    167.00    219.00      9.89    209.34      0.00      0.00      0.00      0.00

04:48:57        IFACE   rxpck/s   txpck/s    rxkB/s    txkB/s   rxcmp/s   txcmp/s  rxmcst/s   %ifutil
04:48:58         ens5    159.41    228.71      9.60    220.85      0.00      0.00      0.00      0.00

04:48:58        IFACE   rxpck/s   txpck/s    rxkB/s    txkB/s   rxcmp/s   txcmp/s  rxmcst/s   %ifutil
04:48:59         ens5    165.00    221.00      9.83    209.68      0.00      0.00      0.00      0.00

04:48:59        IFACE   rxpck/s   txpck/s    rxkB/s    txkB/s   rxcmp/s   txcmp/s  rxmcst/s   %ifutil
04:49:00         ens5    157.00    216.00      9.38    207.53      0.00      0.00      0.00      0.00

04:49:00        IFACE   rxpck/s   txpck/s    rxkB/s    txkB/s   rxcmp/s   txcmp/s  rxmcst/s   %ifutil
04:49:01         ens5    155.00    217.00      9.29    207.60      0.00      0.00      0.00      0.00

04:49:01        IFACE   rxpck/s   txpck/s    rxkB/s    txkB/s   rxcmp/s   txcmp/s  rxmcst/s   %ifutil
04:49:02         ens5    150.00    212.00      8.97    207.03      0.00      0.00      0.00      0.00

04:49:02        IFACE   rxpck/s   txpck/s    rxkB/s    txkB/s   rxcmp/s   txcmp/s  rxmcst/s   %ifutil
04:49:03         ens5    165.00    219.00      9.83    207.97      0.00      0.00      0.00      0.00

04:49:03        IFACE   rxpck/s   txpck/s    rxkB/s    txkB/s   rxcmp/s   txcmp/s  rxmcst/s   %ifutil
04:49:04         ens5    168.00    232.00     10.01    224.47      0.00      0.00      0.00      0.00

04:49:04        IFACE   rxpck/s   txpck/s    rxkB/s    txkB/s   rxcmp/s   txcmp/s  rxmcst/s   %ifutil
04:49:05         ens5    158.00    219.00      9.48    207.97      0.00      0.00      0.00      0.00

04:49:05        IFACE   rxpck/s   txpck/s    rxkB/s    txkB/s   rxcmp/s   txcmp/s  rxmcst/s   %ifutil
04:49:06         ens5    168.00    231.00     10.00    224.42      0.00      0.00      0.00      0.00

04:49:06        IFACE   rxpck/s   txpck/s    rxkB/s    txkB/s   rxcmp/s   txcmp/s  rxmcst/s   %ifutil
04:49:07         ens5    164.00    231.00      9.89    223.06      0.00      0.00      0.00      0.00

04:49:07        IFACE   rxpck/s   txpck/s    rxkB/s    txkB/s   rxcmp/s   txcmp/s  rxmcst/s   %ifutil
04:49:08         ens5    167.00    219.00      9.89    209.33      0.00      0.00      0.00      0.00

04:49:08        IFACE   rxpck/s   txpck/s    rxkB/s    txkB/s   rxcmp/s   txcmp/s  rxmcst/s   %ifutil
04:49:09         ens5    161.00    231.00      9.70    223.06      0.00      0.00      0.00      0.00

04:49:09        IFACE   rxpck/s   txpck/s    rxkB/s    txkB/s   rxcmp/s   txcmp/s  rxmcst/s   %ifutil
04:49:10         ens5    167.00    221.00      9.91    209.47      0.00      0.00      0.00      0.00

04:49:10        IFACE   rxpck/s   txpck/s    rxkB/s    txkB/s   rxcmp/s   txcmp/s  rxmcst/s   %ifutil
04:49:11         ens5    170.00    233.00     10.16    224.75      0.00      0.00      0.00      0.00

04:49:11        IFACE   rxpck/s   txpck/s    rxkB/s    txkB/s   rxcmp/s   txcmp/s  rxmcst/s   %ifutil
04:49:12         ens5    160.00    217.00      9.53    207.62      0.00      0.00      0.00      0.00

04:49:12        IFACE   rxpck/s   txpck/s    rxkB/s    txkB/s   rxcmp/s   txcmp/s  rxmcst/s   %ifutil
04:49:13         ens5    167.00    233.00     10.00    224.77      0.00      0.00      0.00      0.00

04:49:13        IFACE   rxpck/s   txpck/s    rxkB/s    txkB/s   rxcmp/s   txcmp/s  rxmcst/s   %ifutil
04:49:14         ens5    160.00    217.00      9.53    207.60      0.00      0.00      0.00      0.00

04:49:14        IFACE   rxpck/s   txpck/s    rxkB/s    txkB/s   rxcmp/s   txcmp/s  rxmcst/s   %ifutil
04:49:15         ens5    169.00    234.00     10.11    224.83      0.00      0.00      0.00      0.00

04:49:15        IFACE   rxpck/s   txpck/s    rxkB/s    txkB/s   rxcmp/s   txcmp/s  rxmcst/s   %ifutil
04:49:16         ens5    158.00    219.00      9.48    207.98      0.00      0.00      0.00      0.00

04:49:16        IFACE   rxpck/s   txpck/s    rxkB/s    txkB/s   rxcmp/s   txcmp/s  rxmcst/s   %ifutil
04:49:17         ens5    170.00    233.00     10.15    224.76      0.00      0.00      0.00      0.00

04:49:17        IFACE   rxpck/s   txpck/s    rxkB/s    txkB/s   rxcmp/s   txcmp/s  rxmcst/s   %ifutil
04:49:18         ens5    168.00    232.00     10.01    224.48      0.00      0.00      0.00      0.00

04:49:18        IFACE   rxpck/s   txpck/s    rxkB/s    txkB/s   rxcmp/s   txcmp/s  rxmcst/s   %ifutil
04:49:19         ens5    158.00    218.00      9.47    207.91      0.00      0.00      0.00      0.00

04:49:19        IFACE   rxpck/s   txpck/s    rxkB/s    txkB/s   rxcmp/s   txcmp/s  rxmcst/s   %ifutil
04:49:20         ens5    168.00    232.00     10.01    224.47      0.00      0.00      0.00      0.00

04:49:20        IFACE   rxpck/s   txpck/s    rxkB/s    txkB/s   rxcmp/s   txcmp/s  rxmcst/s   %ifutil
04:49:21         ens5    162.00    219.00      9.68    207.97      0.00      0.00      0.00      0.00

04:49:21        IFACE   rxpck/s   txpck/s    rxkB/s    txkB/s   rxcmp/s   txcmp/s  rxmcst/s   %ifutil
04:49:22         ens5    168.00    231.00     10.04    224.41      0.00      0.00      0.00      0.00

04:49:22        IFACE   rxpck/s   txpck/s    rxkB/s    txkB/s   rxcmp/s   txcmp/s  rxmcst/s   %ifutil
04:49:23         ens5    169.00    234.00     10.11    224.84      0.00      0.00      0.00      0.00

04:49:23        IFACE   rxpck/s   txpck/s    rxkB/s    txkB/s   rxcmp/s   txcmp/s  rxmcst/s   %ifutil
04:49:24         ens5    167.00    233.00     10.00    224.76      0.00      0.00      0.00      0.00

04:49:24        IFACE   rxpck/s   txpck/s    rxkB/s    txkB/s   rxcmp/s   txcmp/s  rxmcst/s   %ifutil
04:49:25         ens5    163.00    232.00      9.80    223.13      0.00      0.00      0.00      0.00

04:49:25        IFACE   rxpck/s   txpck/s    rxkB/s    txkB/s   rxcmp/s   txcmp/s  rxmcst/s   %ifutil
04:49:26         ens5    167.00    220.00      9.91    209.42      0.00      0.00      0.00      0.00

04:49:26        IFACE   rxpck/s   txpck/s    rxkB/s    txkB/s   rxcmp/s   txcmp/s  rxmcst/s   %ifutil
04:49:27         ens5    160.00    231.00      9.65    223.03      0.00      0.00      0.00      0.00

04:49:27        IFACE   rxpck/s   txpck/s    rxkB/s    txkB/s   rxcmp/s   txcmp/s  rxmcst/s   %ifutil
04:49:28         ens5    166.00    219.00      9.84    209.33      0.00      0.00      0.00      0.00

04:49:28        IFACE   rxpck/s   txpck/s    rxkB/s    txkB/s   rxcmp/s   txcmp/s  rxmcst/s   %ifutil
04:49:29         ens5    160.00    231.00      9.65    223.04      0.00      0.00      0.00      0.00

04:49:29        IFACE   rxpck/s   txpck/s    rxkB/s    txkB/s   rxcmp/s   txcmp/s  rxmcst/s   %ifutil
04:49:30         ens5    167.00    219.00      9.89    209.31      0.00      0.00      0.00      0.00

04:49:30        IFACE   rxpck/s   txpck/s    rxkB/s    txkB/s   rxcmp/s   txcmp/s  rxmcst/s   %ifutil
04:49:31         ens5    161.00    231.00      9.70    223.06      0.00      0.00      0.00      0.00

04:49:31        IFACE   rxpck/s   txpck/s    rxkB/s    txkB/s   rxcmp/s   txcmp/s  rxmcst/s   %ifutil
04:49:32         ens5    163.00    219.00      9.68    209.33      0.00      0.00      0.00      0.00

04:49:32        IFACE   rxpck/s   txpck/s    rxkB/s    txkB/s   rxcmp/s   txcmp/s  rxmcst/s   %ifutil
04:49:33         ens5    160.00    219.00      9.58    207.97      0.00      0.00      0.00      0.00

04:49:33        IFACE   rxpck/s   txpck/s    rxkB/s    txkB/s   rxcmp/s   txcmp/s  rxmcst/s   %ifutil
04:49:34         ens5    164.00    230.00      9.80    224.36      0.00      0.00      0.00      0.00

04:49:34        IFACE   rxpck/s   txpck/s    rxkB/s    txkB/s   rxcmp/s   txcmp/s  rxmcst/s   %ifutil
04:49:35         ens5    160.00    218.00      9.53    207.68      0.00      0.00      0.00      0.00

04:49:35        IFACE   rxpck/s   txpck/s    rxkB/s    txkB/s   rxcmp/s   txcmp/s  rxmcst/s   %ifutil
04:49:36         ens5    164.00    231.00      9.89    223.06      0.00      0.00      0.00      0.00

04:49:36        IFACE   rxpck/s   txpck/s    rxkB/s    txkB/s   rxcmp/s   txcmp/s  rxmcst/s   %ifutil
04:49:37         ens5    163.00    219.00      9.68    209.33      0.00      0.00      0.00      0.00

04:49:37        IFACE   rxpck/s   txpck/s    rxkB/s    txkB/s   rxcmp/s   txcmp/s  rxmcst/s   %ifutil
04:49:38         ens5    169.00    233.00     10.11    224.77      0.00      0.00      0.00      0.00

04:49:38        IFACE   rxpck/s   txpck/s    rxkB/s    txkB/s   rxcmp/s   txcmp/s  rxmcst/s   %ifutil
04:49:39         ens5    161.00    219.00      9.62    207.95      0.00      0.00      0.00      0.00

04:49:39        IFACE   rxpck/s   txpck/s    rxkB/s    txkB/s   rxcmp/s   txcmp/s  rxmcst/s   %ifutil
04:49:40         ens5    168.00    233.00      9.99    224.56      0.00      0.00      0.00      0.00

04:49:40        IFACE   rxpck/s   txpck/s    rxkB/s    txkB/s   rxcmp/s   txcmp/s  rxmcst/s   %ifutil
04:49:41         ens5    176.00    220.00     10.39    208.01      0.00      0.00      0.00      0.00

04:49:41        IFACE   rxpck/s   txpck/s    rxkB/s    txkB/s   rxcmp/s   txcmp/s  rxmcst/s   %ifutil
04:49:42         ens5    179.00    231.00     10.56    224.40      0.00      0.00      0.00      0.00

04:49:42        IFACE   rxpck/s   txpck/s    rxkB/s    txkB/s   rxcmp/s   txcmp/s  rxmcst/s   %ifutil
04:49:43         ens5    173.00    220.00     10.26    208.05      0.00      0.00      0.00      0.00

04:49:43        IFACE   rxpck/s   txpck/s    rxkB/s    txkB/s   rxcmp/s   txcmp/s  rxmcst/s   %ifutil
04:49:44         ens5    179.00    230.00     10.56    224.35      0.00      0.00      0.00      0.00

04:49:44        IFACE   rxpck/s   txpck/s    rxkB/s    txkB/s   rxcmp/s   txcmp/s  rxmcst/s   %ifutil
04:49:45         ens5    176.00    219.00     10.39    207.97      0.00      0.00      0.00      0.00

04:49:45        IFACE   rxpck/s   txpck/s    rxkB/s    txkB/s   rxcmp/s   txcmp/s  rxmcst/s   %ifutil
04:49:46         ens5    178.00    232.00     10.52    224.47      0.00      0.00      0.00      0.00

04:49:46        IFACE   rxpck/s   txpck/s    rxkB/s    txkB/s   rxcmp/s   txcmp/s  rxmcst/s   %ifutil
04:49:47         ens5    172.00    219.00     10.19    207.97      0.00      0.00      0.00      0.00

04:49:47        IFACE   rxpck/s   txpck/s    rxkB/s    txkB/s   rxcmp/s   txcmp/s  rxmcst/s   %ifutil
04:49:48         ens5    177.00    230.00     10.46    224.35      0.00      0.00      0.00      0.00

04:49:48        IFACE   rxpck/s   txpck/s    rxkB/s    txkB/s   rxcmp/s   txcmp/s  rxmcst/s   %ifutil
04:49:49         ens5    172.00    219.00     10.18    207.98      0.00      0.00      0.00      0.00

04:49:49        IFACE   rxpck/s   txpck/s    rxkB/s    txkB/s   rxcmp/s   txcmp/s  rxmcst/s   %ifutil
04:49:50         ens5    179.00    232.00     10.61    224.47      0.00      0.00      0.00      0.00

04:49:50        IFACE   rxpck/s   txpck/s    rxkB/s    txkB/s   rxcmp/s   txcmp/s  rxmcst/s   %ifutil
04:49:51         ens5    158.00    219.00      9.48    208.00      0.00      0.00      0.00      0.00

04:49:51        IFACE   rxpck/s   txpck/s    rxkB/s    txkB/s   rxcmp/s   txcmp/s  rxmcst/s   %ifutil
04:49:52         ens5    160.00    228.00      9.60    222.61      0.00      0.00      0.00      0.00

04:49:52        IFACE   rxpck/s   txpck/s    rxkB/s    txkB/s   rxcmp/s   txcmp/s  rxmcst/s   %ifutil
04:49:53         ens5    150.00    201.00      8.91    192.03      0.00      0.00      0.00      0.00

04:49:53        IFACE   rxpck/s   txpck/s    rxkB/s    txkB/s   rxcmp/s   txcmp/s  rxmcst/s   %ifutil
04:49:54         ens5    160.00    231.00      9.65    223.05      0.00      0.00      0.00      0.00

04:49:54        IFACE   rxpck/s   txpck/s    rxkB/s    txkB/s   rxcmp/s   txcmp/s  rxmcst/s   %ifutil
04:49:55         ens5    165.00    219.00      9.79    209.32      0.00      0.00      0.00      0.00

04:49:55        IFACE   rxpck/s   txpck/s    rxkB/s    txkB/s   rxcmp/s   txcmp/s  rxmcst/s   %ifutil
04:49:56         ens5    163.00    218.00      9.73    207.92      0.00      0.00      0.00      0.00

04:49:56        IFACE   rxpck/s   txpck/s    rxkB/s    txkB/s   rxcmp/s   txcmp/s  rxmcst/s   %ifutil
04:49:57         ens5    170.00    232.00     10.11    224.47      0.00      0.00      0.00      0.00

04:49:57        IFACE   rxpck/s   txpck/s    rxkB/s    txkB/s   rxcmp/s   txcmp/s  rxmcst/s   %ifutil
04:49:58         ens5    156.00    219.00      9.38    207.98      0.00      0.00      0.00      0.00

04:49:58        IFACE   rxpck/s   txpck/s    rxkB/s    txkB/s   rxcmp/s   txcmp/s  rxmcst/s   %ifutil
04:49:59         ens5    169.00    232.00     10.08    224.49      0.00      0.00      0.00      0.00

04:49:59        IFACE   rxpck/s   txpck/s    rxkB/s    txkB/s   rxcmp/s   txcmp/s  rxmcst/s   %ifutil
04:50:00         ens5    143.00    198.00      8.55    190.25      0.00      0.00      0.00      0.00

04:50:00        IFACE   rxpck/s   txpck/s    rxkB/s    txkB/s   rxcmp/s   txcmp/s  rxmcst/s   %ifutil
04:50:01         ens5    158.00    216.00      9.43    207.52      0.00      0.00      0.00      0.00

04:50:01        IFACE   rxpck/s   txpck/s    rxkB/s    txkB/s   rxcmp/s   txcmp/s  rxmcst/s   %ifutil
04:50:02         ens5    114.00    161.00      6.84    155.58      0.00      0.00      0.00      0.00

04:50:02        IFACE   rxpck/s   txpck/s    rxkB/s    txkB/s   rxcmp/s   txcmp/s  rxmcst/s   %ifutil
04:50:03         ens5    163.00    219.00      9.73    207.94      0.00      0.00      0.00      0.00

04:50:03        IFACE   rxpck/s   txpck/s    rxkB/s    txkB/s   rxcmp/s   txcmp/s  rxmcst/s   %ifutil
04:50:04         ens5    162.00    229.00      9.71    222.69      0.00      0.00      0.00      0.00

04:50:04        IFACE   rxpck/s   txpck/s    rxkB/s    txkB/s   rxcmp/s   txcmp/s  rxmcst/s   %ifutil
04:50:05         ens5    171.00    220.00     10.12    209.39      0.00      0.00      0.00      0.00

04:50:05        IFACE   rxpck/s   txpck/s    rxkB/s    txkB/s   rxcmp/s   txcmp/s  rxmcst/s   %ifutil
04:50:06         ens5    175.00    219.00     10.34    207.98      0.00      0.00      0.00      0.00

04:50:06        IFACE   rxpck/s   txpck/s    rxkB/s    txkB/s   rxcmp/s   txcmp/s  rxmcst/s   %ifutil
04:50:07         ens5    181.00    232.00     10.67    224.51      0.00      0.00      0.00      0.00

04:50:07        IFACE   rxpck/s   txpck/s    rxkB/s    txkB/s   rxcmp/s   txcmp/s  rxmcst/s   %ifutil
04:50:08         ens5    171.00    231.00     10.21    223.05      0.00      0.00      0.00      0.00

04:50:08        IFACE   rxpck/s   txpck/s    rxkB/s    txkB/s   rxcmp/s   txcmp/s  rxmcst/s   %ifutil
04:50:09         ens5    180.00    221.00     10.59    209.69      0.00      0.00      0.00      0.00

04:50:09        IFACE   rxpck/s   txpck/s    rxkB/s    txkB/s   rxcmp/s   txcmp/s  rxmcst/s   %ifutil
04:50:10         ens5    174.00    232.00     10.32    224.49      0.00      0.00      0.00      0.00

04:50:10        IFACE   rxpck/s   txpck/s    rxkB/s    txkB/s   rxcmp/s   txcmp/s  rxmcst/s   %ifutil
04:50:11         ens5    174.00    231.00     10.36    223.05      0.00      0.00      0.00      0.00

04:50:11        IFACE   rxpck/s   txpck/s    rxkB/s    txkB/s   rxcmp/s   txcmp/s  rxmcst/s   %ifutil
04:50:12         ens5    178.00    221.00     10.49    209.70      0.00      0.00      0.00      0.00

04:50:12        IFACE   rxpck/s   txpck/s    rxkB/s    txkB/s   rxcmp/s   txcmp/s  rxmcst/s   %ifutil
04:50:13         ens5    170.00    229.00     10.11    222.70      0.00      0.00      0.00      0.00

04:50:13        IFACE   rxpck/s   txpck/s    rxkB/s    txkB/s   rxcmp/s   txcmp/s  rxmcst/s   %ifutil
04:50:14         ens5    201.00    240.00     18.38    214.94      0.00      0.00      0.00      0.00

04:50:14        IFACE   rxpck/s   txpck/s    rxkB/s    txkB/s   rxcmp/s   txcmp/s  rxmcst/s   %ifutil
04:50:15         ens5    182.00    235.00     10.79    224.92      0.00      0.00      0.00      0.00

04:50:15        IFACE   rxpck/s   txpck/s    rxkB/s    txkB/s   rxcmp/s   txcmp/s  rxmcst/s   %ifutil
04:50:16         ens5    175.00    219.00     10.50    208.13      0.00      0.00      0.00      0.00

04:50:16        IFACE   rxpck/s   txpck/s    rxkB/s    txkB/s   rxcmp/s   txcmp/s  rxmcst/s   %ifutil
04:50:17         ens5    180.00    231.00     10.62    224.42      0.00      0.00      0.00      0.00

04:50:17        IFACE   rxpck/s   txpck/s    rxkB/s    txkB/s   rxcmp/s   txcmp/s  rxmcst/s   %ifutil
04:50:18         ens5    176.00    220.00     10.39    208.01      0.00      0.00      0.00      0.00

04:50:18        IFACE   rxpck/s   txpck/s    rxkB/s    txkB/s   rxcmp/s   txcmp/s  rxmcst/s   %ifutil
04:50:19         ens5    179.00    232.00     10.60    224.47      0.00      0.00      0.00      0.00

04:50:19        IFACE   rxpck/s   txpck/s    rxkB/s    txkB/s   rxcmp/s   txcmp/s  rxmcst/s   %ifutil
04:50:20         ens5    175.00    232.00     10.41    223.10      0.00      0.00      0.00      0.00

04:50:20        IFACE   rxpck/s   txpck/s    rxkB/s    txkB/s   rxcmp/s   txcmp/s  rxmcst/s   %ifutil
04:50:21         ens5    178.00    219.00     10.45    209.33      0.00      0.00      0.00      0.00

04:50:21        IFACE   rxpck/s   txpck/s    rxkB/s    txkB/s   rxcmp/s   txcmp/s  rxmcst/s   %ifutil
04:50:22         ens5    184.00    234.00     10.87    224.85      0.00      0.00      0.00      0.00

04:50:22        IFACE   rxpck/s   txpck/s    rxkB/s    txkB/s   rxcmp/s   txcmp/s  rxmcst/s   %ifutil
04:50:23         ens5    183.00    233.00     10.82    224.76      0.00      0.00      0.00      0.00

04:50:23        IFACE   rxpck/s   txpck/s    rxkB/s    txkB/s   rxcmp/s   txcmp/s  rxmcst/s   %ifutil
04:50:24         ens5    170.00    217.00     10.04    207.60      0.00      0.00      0.00      0.00

04:50:24        IFACE   rxpck/s   txpck/s    rxkB/s    txkB/s   rxcmp/s   txcmp/s  rxmcst/s   %ifutil
04:50:25         ens5    182.00    233.00     10.77    224.77      0.00      0.00      0.00      0.00

04:50:25        IFACE   rxpck/s   txpck/s    rxkB/s    txkB/s   rxcmp/s   txcmp/s  rxmcst/s   %ifutil
04:50:26         ens5    175.00    219.00     10.33    207.96      0.00      0.00      0.00      0.00

04:50:26        IFACE   rxpck/s   txpck/s    rxkB/s    txkB/s   rxcmp/s   txcmp/s  rxmcst/s   %ifutil
04:50:27         ens5    179.00    232.00     10.57    224.47      0.00      0.00      0.00      0.00

04:50:27        IFACE   rxpck/s   txpck/s    rxkB/s    txkB/s   rxcmp/s   txcmp/s  rxmcst/s   %ifutil
04:50:28         ens5    176.00    231.00     10.46    223.03      0.00      0.00      0.00      0.00

04:50:28        IFACE   rxpck/s   txpck/s    rxkB/s    txkB/s   rxcmp/s   txcmp/s  rxmcst/s   %ifutil
04:50:29         ens5    180.00    219.00     10.55    209.33      0.00      0.00      0.00      0.00

04:50:29        IFACE   rxpck/s   txpck/s    rxkB/s    txkB/s   rxcmp/s   txcmp/s  rxmcst/s   %ifutil
04:50:30         ens5    176.00    231.00     10.46    223.05      0.00      0.00      0.00      0.00

04:50:30        IFACE   rxpck/s   txpck/s    rxkB/s    txkB/s   rxcmp/s   txcmp/s  rxmcst/s   %ifutil
04:50:31         ens5    180.00    223.00     10.62    209.83      0.00      0.00      0.00      0.00

04:50:31        IFACE   rxpck/s   txpck/s    rxkB/s    txkB/s   rxcmp/s   txcmp/s  rxmcst/s   %ifutil
04:50:32         ens5    180.00    231.00     10.61    224.42      0.00      0.00      0.00      0.00

04:50:32        IFACE   rxpck/s   txpck/s    rxkB/s    txkB/s   rxcmp/s   txcmp/s  rxmcst/s   %ifutil
04:50:33         ens5    173.00    219.00     10.28    207.97      0.00      0.00      0.00      0.00

04:50:33        IFACE   rxpck/s   txpck/s    rxkB/s    txkB/s   rxcmp/s   txcmp/s  rxmcst/s   %ifutil
04:50:34         ens5    168.00    231.00     10.00    224.40      0.00      0.00      0.00      0.00

04:50:34        IFACE   rxpck/s   txpck/s    rxkB/s    txkB/s   rxcmp/s   txcmp/s  rxmcst/s   %ifutil
04:50:35         ens5    166.00    233.00      9.95    224.76      0.00      0.00      0.00      0.00

04:50:35        IFACE   rxpck/s   txpck/s    rxkB/s    txkB/s   rxcmp/s   txcmp/s  rxmcst/s   %ifutil
04:50:36         ens5    158.00    217.00      9.43    207.60      0.00      0.00      0.00      0.00

04:50:36        IFACE   rxpck/s   txpck/s    rxkB/s    txkB/s   rxcmp/s   txcmp/s  rxmcst/s   %ifutil
04:50:37         ens5    163.00    221.00     10.31    208.37      0.00      0.00      0.00      0.00

04:50:37        IFACE   rxpck/s   txpck/s    rxkB/s    txkB/s   rxcmp/s   txcmp/s  rxmcst/s   %ifutil
04:50:38         ens5    165.00    230.00      9.79    224.34      0.00      0.00      0.00      0.00

04:50:38        IFACE   rxpck/s   txpck/s    rxkB/s    txkB/s   rxcmp/s   txcmp/s  rxmcst/s   %ifutil
04:50:39         ens5    156.00    218.00      9.37    207.90      0.00      0.00      0.00      0.00

04:50:39        IFACE   rxpck/s   txpck/s    rxkB/s    txkB/s   rxcmp/s   txcmp/s  rxmcst/s   %ifutil
04:50:40         ens5    167.00    232.00      9.96    224.48      0.00      0.00      0.00      0.00

04:50:40        IFACE   rxpck/s   txpck/s    rxkB/s    txkB/s   rxcmp/s   txcmp/s  rxmcst/s   %ifutil
04:50:41         ens5    159.00    219.00      9.53    207.99      0.00      0.00      0.00      0.00

04:50:41        IFACE   rxpck/s   txpck/s    rxkB/s    txkB/s   rxcmp/s   txcmp/s  rxmcst/s   %ifutil
04:50:42         ens5    167.00    232.00      9.93    224.46      0.00      0.00      0.00      0.00

04:50:42        IFACE   rxpck/s   txpck/s    rxkB/s    txkB/s   rxcmp/s   txcmp/s  rxmcst/s   %ifutil
04:50:43         ens5    160.00    231.00      9.65    223.06      0.00      0.00      0.00      0.00

04:50:43        IFACE   rxpck/s   txpck/s    rxkB/s    txkB/s   rxcmp/s   txcmp/s  rxmcst/s   %ifutil
04:50:44         ens5    170.00    220.00     10.04    209.40      0.00      0.00      0.00      0.00

04:50:44        IFACE   rxpck/s   txpck/s    rxkB/s    txkB/s   rxcmp/s   txcmp/s  rxmcst/s   %ifutil
04:50:45         ens5    160.00    231.00      9.65    223.07      0.00      0.00      0.00      0.00

04:50:45        IFACE   rxpck/s   txpck/s    rxkB/s    txkB/s   rxcmp/s   txcmp/s  rxmcst/s   %ifutil
04:50:46         ens5    165.00    219.00      9.79    209.33      0.00      0.00      0.00      0.00

04:50:46        IFACE   rxpck/s   txpck/s    rxkB/s    txkB/s   rxcmp/s   txcmp/s  rxmcst/s   %ifutil
04:50:47         ens5    159.00    219.00      9.53    207.98      0.00      0.00      0.00      0.00

04:50:47        IFACE   rxpck/s   txpck/s    rxkB/s    txkB/s   rxcmp/s   txcmp/s  rxmcst/s   %ifutil
04:50:48         ens5    190.00    242.00     15.78    226.97      0.00      0.00      0.00      0.00

04:50:48        IFACE   rxpck/s   txpck/s    rxkB/s    txkB/s   rxcmp/s   txcmp/s  rxmcst/s   %ifutil
04:50:49         ens5    177.00    233.00     10.51    224.78      0.00      0.00      0.00      0.00

04:50:49        IFACE   rxpck/s   txpck/s    rxkB/s    txkB/s   rxcmp/s   txcmp/s  rxmcst/s   %ifutil
04:50:50         ens5    169.00    219.00     10.03    207.97      0.00      0.00      0.00      0.00

04:50:50        IFACE   rxpck/s   txpck/s    rxkB/s    txkB/s   rxcmp/s   txcmp/s  rxmcst/s   %ifutil
04:50:51         ens5     27.00     34.00      1.56     34.23      0.00      0.00      0.00      0.00


Average:        IFACE   rxpck/s   txpck/s    rxkB/s    txkB/s   rxcmp/s   txcmp/s  rxmcst/s   %ifutil
Average:         ens5    155.24    206.88      9.31    198.04      0.00      0.00      0.00      0.00
