Linux 7.0.0-1008-aws (ip-172-31-31-224) 	07/24/26 	_x86_64_	(2 CPU)

06:35:19        IFACE   rxpck/s   txpck/s    rxkB/s    txkB/s   rxcmp/s   txcmp/s  rxmcst/s   %ifutil
06:35:20         ens5     45.00     34.00      4.11      4.23      0.00      0.00      0.00      0.00

06:35:20        IFACE   rxpck/s   txpck/s    rxkB/s    txkB/s   rxcmp/s   txcmp/s  rxmcst/s   %ifutil
06:35:21         ens5     46.00     34.00      4.16      4.02      0.00      0.00      0.00      0.00

06:35:21        IFACE   rxpck/s   txpck/s    rxkB/s    txkB/s   rxcmp/s   txcmp/s  rxmcst/s   %ifutil
06:35:22         ens5     15.00     10.00      1.22      1.10      0.00      0.00      0.00      0.00

06:35:22        IFACE   rxpck/s   txpck/s    rxkB/s    txkB/s   rxcmp/s   txcmp/s  rxmcst/s   %ifutil
06:35:23         ens5      0.00      0.00      0.00      0.00      0.00      0.00      0.00      0.00

06:35:23        IFACE   rxpck/s   txpck/s    rxkB/s    txkB/s   rxcmp/s   txcmp/s  rxmcst/s   %ifutil
06:35:24         ens5      1.00      1.00      0.07      0.09      0.00      0.00      0.00      0.00

06:35:24        IFACE   rxpck/s   txpck/s    rxkB/s    txkB/s   rxcmp/s   txcmp/s  rxmcst/s   %ifutil
06:35:25         ens5      0.00      0.00      0.00      0.00      0.00      0.00      0.00      0.00

06:35:25        IFACE   rxpck/s   txpck/s    rxkB/s    txkB/s   rxcmp/s   txcmp/s  rxmcst/s   %ifutil
06:35:26         ens5      0.00      0.00      0.00      0.00      0.00      0.00      0.00      0.00

06:35:26        IFACE   rxpck/s   txpck/s    rxkB/s    txkB/s   rxcmp/s   txcmp/s  rxmcst/s   %ifutil
06:35:27         ens5      0.00      0.00      0.00      0.00      0.00      0.00      0.00      0.00

06:35:27        IFACE   rxpck/s   txpck/s    rxkB/s    txkB/s   rxcmp/s   txcmp/s  rxmcst/s   %ifutil
06:35:28         ens5      0.00      0.00      0.00      0.00      0.00      0.00      0.00      0.00

06:35:28        IFACE   rxpck/s   txpck/s    rxkB/s    txkB/s   rxcmp/s   txcmp/s  rxmcst/s   %ifutil
06:35:29         ens5      0.00      0.00      0.00      0.00      0.00      0.00      0.00      0.00

06:35:29        IFACE   rxpck/s   txpck/s    rxkB/s    txkB/s   rxcmp/s   txcmp/s  rxmcst/s   %ifutil
06:35:30         ens5      0.00      0.00      0.00      0.00      0.00      0.00      0.00      0.00

06:35:30        IFACE   rxpck/s   txpck/s    rxkB/s    txkB/s   rxcmp/s   txcmp/s  rxmcst/s   %ifutil
06:35:31         ens5      0.00      0.00      0.00      0.00      0.00      0.00      0.00      0.00

06:35:31        IFACE   rxpck/s   txpck/s    rxkB/s    txkB/s   rxcmp/s   txcmp/s  rxmcst/s   %ifutil
06:35:32         ens5      0.00      0.00      0.00      0.00      0.00      0.00      0.00      0.00

06:35:32        IFACE   rxpck/s   txpck/s    rxkB/s    txkB/s   rxcmp/s   txcmp/s  rxmcst/s   %ifutil
06:35:33         ens5      0.00      0.00      0.00      0.00      0.00      0.00      0.00      0.00

06:35:33        IFACE   rxpck/s   txpck/s    rxkB/s    txkB/s   rxcmp/s   txcmp/s  rxmcst/s   %ifutil
06:35:34         ens5      0.00      0.00      0.00      0.00      0.00      0.00      0.00      0.00

06:35:34        IFACE   rxpck/s   txpck/s    rxkB/s    txkB/s   rxcmp/s   txcmp/s  rxmcst/s   %ifutil
06:35:35         ens5      8.00      9.00      4.05      2.42      0.00      0.00      0.00      0.00

06:35:35        IFACE   rxpck/s   txpck/s    rxkB/s    txkB/s   rxcmp/s   txcmp/s  rxmcst/s   %ifutil
06:35:36         ens5      1.00      1.00      0.87      0.06      0.00      0.00      0.00      0.00

06:35:36        IFACE   rxpck/s   txpck/s    rxkB/s    txkB/s   rxcmp/s   txcmp/s  rxmcst/s   %ifutil
06:35:37         ens5      0.00      0.00      0.00      0.00      0.00      0.00      0.00      0.00

06:35:37        IFACE   rxpck/s   txpck/s    rxkB/s    txkB/s   rxcmp/s   txcmp/s  rxmcst/s   %ifutil
06:35:38         ens5      0.00      0.00      0.00      0.00      0.00      0.00      0.00      0.00

06:35:38        IFACE   rxpck/s   txpck/s    rxkB/s    txkB/s   rxcmp/s   txcmp/s  rxmcst/s   %ifutil
06:35:39         ens5      0.00      0.00      0.00      0.00      0.00      0.00      0.00      0.00

06:35:39        IFACE   rxpck/s   txpck/s    rxkB/s    txkB/s   rxcmp/s   txcmp/s  rxmcst/s   %ifutil
06:35:40         ens5      1.00      1.00      0.07      0.09      0.00      0.00      0.00      0.00

06:35:40        IFACE   rxpck/s   txpck/s    rxkB/s    txkB/s   rxcmp/s   txcmp/s  rxmcst/s   %ifutil
06:35:41         ens5      0.00      0.00      0.00      0.00      0.00      0.00      0.00      0.00

06:35:41        IFACE   rxpck/s   txpck/s    rxkB/s    txkB/s   rxcmp/s   txcmp/s  rxmcst/s   %ifutil
06:35:42         ens5      0.00      0.00      0.00      0.00      0.00      0.00      0.00      0.00

06:35:42        IFACE   rxpck/s   txpck/s    rxkB/s    txkB/s   rxcmp/s   txcmp/s  rxmcst/s   %ifutil
06:35:43         ens5      0.00      0.00      0.00      0.00      0.00      0.00      0.00      0.00

06:35:43        IFACE   rxpck/s   txpck/s    rxkB/s    txkB/s   rxcmp/s   txcmp/s  rxmcst/s   %ifutil
06:35:44         ens5      1.00      1.00      0.21      0.22      0.00      0.00      0.00      0.00

06:35:44        IFACE   rxpck/s   txpck/s    rxkB/s    txkB/s   rxcmp/s   txcmp/s  rxmcst/s   %ifutil
06:35:45         ens5      0.00      0.00      0.00      0.00      0.00      0.00      0.00      0.00

06:35:45        IFACE   rxpck/s   txpck/s    rxkB/s    txkB/s   rxcmp/s   txcmp/s  rxmcst/s   %ifutil
06:35:46         ens5      0.00      0.00      0.00      0.00      0.00      0.00      0.00      0.00

06:35:46        IFACE   rxpck/s   txpck/s    rxkB/s    txkB/s   rxcmp/s   txcmp/s  rxmcst/s   %ifutil
06:35:47         ens5      0.00      0.00      0.00      0.00      0.00      0.00      0.00      0.00

06:35:47        IFACE   rxpck/s   txpck/s    rxkB/s    txkB/s   rxcmp/s   txcmp/s  rxmcst/s   %ifutil
06:35:48         ens5      0.00      0.00      0.00      0.00      0.00      0.00      0.00      0.00

06:35:48        IFACE   rxpck/s   txpck/s    rxkB/s    txkB/s   rxcmp/s   txcmp/s  rxmcst/s   %ifutil
06:35:49         ens5      0.00      0.00      0.00      0.00      0.00      0.00      0.00      0.00

06:35:49        IFACE   rxpck/s   txpck/s    rxkB/s    txkB/s   rxcmp/s   txcmp/s  rxmcst/s   %ifutil
06:35:50         ens5      0.00      0.00      0.00      0.00      0.00      0.00      0.00      0.00

06:35:50        IFACE   rxpck/s   txpck/s    rxkB/s    txkB/s   rxcmp/s   txcmp/s  rxmcst/s   %ifutil
06:35:51         ens5      0.00      0.00      0.00      0.00      0.00      0.00      0.00      0.00

06:35:51        IFACE   rxpck/s   txpck/s    rxkB/s    txkB/s   rxcmp/s   txcmp/s  rxmcst/s   %ifutil
06:35:52         ens5      0.00      0.00      0.00      0.00      0.00      0.00      0.00      0.00

06:35:52        IFACE   rxpck/s   txpck/s    rxkB/s    txkB/s   rxcmp/s   txcmp/s  rxmcst/s   %ifutil
06:35:53         ens5      1.00      1.00      0.21      0.22      0.00      0.00      0.00      0.00

06:35:53        IFACE   rxpck/s   txpck/s    rxkB/s    txkB/s   rxcmp/s   txcmp/s  rxmcst/s   %ifutil
06:35:54         ens5      0.00      0.00      0.00      0.00      0.00      0.00      0.00      0.00

06:35:54        IFACE   rxpck/s   txpck/s    rxkB/s    txkB/s   rxcmp/s   txcmp/s  rxmcst/s   %ifutil
06:35:55         ens5      0.00      0.00      0.00      0.00      0.00      0.00      0.00      0.00

06:35:55        IFACE   rxpck/s   txpck/s    rxkB/s    txkB/s   rxcmp/s   txcmp/s  rxmcst/s   %ifutil
06:35:56         ens5      1.00      1.00      0.07      0.09      0.00      0.00      0.00      0.00

06:35:56        IFACE   rxpck/s   txpck/s    rxkB/s    txkB/s   rxcmp/s   txcmp/s  rxmcst/s   %ifutil
06:35:57         ens5    119.00    125.00      7.00     78.83      0.00      0.00      0.00      0.00

06:35:57        IFACE   rxpck/s   txpck/s    rxkB/s    txkB/s   rxcmp/s   txcmp/s  rxmcst/s   %ifutil
06:35:58         ens5    147.00    166.00      8.79    103.41      0.00      0.00      0.00      0.00

06:35:58        IFACE   rxpck/s   txpck/s    rxkB/s    txkB/s   rxcmp/s   txcmp/s  rxmcst/s   %ifutil
06:35:59         ens5    145.00    161.00      8.62     97.79      0.00      0.00      0.00      0.00

06:35:59        IFACE   rxpck/s   txpck/s    rxkB/s    txkB/s   rxcmp/s   txcmp/s  rxmcst/s   %ifutil
06:36:00         ens5    134.00    141.00      7.93     85.59      0.00      0.00      0.00      0.00

06:36:00        IFACE   rxpck/s   txpck/s    rxkB/s    txkB/s   rxcmp/s   txcmp/s  rxmcst/s   %ifutil
06:36:01         ens5     93.00    103.00      5.55     61.49      0.00      0.00      0.00      0.00

06:36:01        IFACE   rxpck/s   txpck/s    rxkB/s    txkB/s   rxcmp/s   txcmp/s  rxmcst/s   %ifutil
06:36:02         ens5     81.19     87.13      4.84     54.10      0.00      0.00      0.00      0.00

06:36:02        IFACE   rxpck/s   txpck/s    rxkB/s    txkB/s   rxcmp/s   txcmp/s  rxmcst/s   %ifutil
06:36:03         ens5    112.00    122.00      6.67     73.63      0.00      0.00      0.00      0.00

06:36:03        IFACE   rxpck/s   txpck/s    rxkB/s    txkB/s   rxcmp/s   txcmp/s  rxmcst/s   %ifutil
06:36:04         ens5    146.00    161.00      8.71     97.84      0.00      0.00      0.00      0.00

06:36:04        IFACE   rxpck/s   txpck/s    rxkB/s    txkB/s   rxcmp/s   txcmp/s  rxmcst/s   %ifutil
06:36:05         ens5    146.00    166.00      8.78    103.47      0.00      0.00      0.00      0.00

06:36:05        IFACE   rxpck/s   txpck/s    rxkB/s    txkB/s   rxcmp/s   txcmp/s  rxmcst/s   %ifutil
06:36:06         ens5    144.00    155.00      8.58     92.21      0.00      0.00      0.00      0.00

06:36:06        IFACE   rxpck/s   txpck/s    rxkB/s    txkB/s   rxcmp/s   txcmp/s  rxmcst/s   %ifutil
06:36:07         ens5    148.00    166.00      8.88    103.47      0.00      0.00      0.00      0.00

06:36:07        IFACE   rxpck/s   txpck/s    rxkB/s    txkB/s   rxcmp/s   txcmp/s  rxmcst/s   %ifutil
06:36:08         ens5    145.00    160.00      8.68     97.81      0.00      0.00      0.00      0.00

06:36:08        IFACE   rxpck/s   txpck/s    rxkB/s    txkB/s   rxcmp/s   txcmp/s  rxmcst/s   %ifutil
06:36:09         ens5    144.00    160.00      8.62     97.82      0.00      0.00      0.00      0.00

06:36:09        IFACE   rxpck/s   txpck/s    rxkB/s    txkB/s   rxcmp/s   txcmp/s  rxmcst/s   %ifutil
06:36:10         ens5    139.00    151.00      8.29     91.76      0.00      0.00      0.00      0.00

06:36:10        IFACE   rxpck/s   txpck/s    rxkB/s    txkB/s   rxcmp/s   txcmp/s  rxmcst/s   %ifutil
06:36:11         ens5      0.00      0.00      0.00      0.00      0.00      0.00      0.00      0.00

06:36:11        IFACE   rxpck/s   txpck/s    rxkB/s    txkB/s   rxcmp/s   txcmp/s  rxmcst/s   %ifutil
06:36:12         ens5      1.00      1.00      0.07      0.09      0.00      0.00      0.00      0.00

06:36:12        IFACE   rxpck/s   txpck/s    rxkB/s    txkB/s   rxcmp/s   txcmp/s  rxmcst/s   %ifutil
06:36:13         ens5      0.00      0.00      0.00      0.00      0.00      0.00      0.00      0.00

06:36:13        IFACE   rxpck/s   txpck/s    rxkB/s    txkB/s   rxcmp/s   txcmp/s  rxmcst/s   %ifutil
06:36:14         ens5      0.00      0.00      0.00      0.00      0.00      0.00      0.00      0.00

06:36:14        IFACE   rxpck/s   txpck/s    rxkB/s    txkB/s   rxcmp/s   txcmp/s  rxmcst/s   %ifutil
06:36:15         ens5      0.00      0.00      0.00      0.00      0.00      0.00      0.00      0.00


Average:        IFACE   rxpck/s   txpck/s    rxkB/s    txkB/s   rxcmp/s   txcmp/s  rxmcst/s   %ifutil
Average:         ens5     35.08     37.83      2.23     22.36      0.00      0.00      0.00      0.00
