Linux 7.0.0-1008-aws (ip-172-31-20-134) 	07/24/26 	_x86_64_	(2 CPU)

16:35:38    kbmemfree   kbavail kbmemused  %memused kbbuffers  kbcached  kbcommit   %commit  kbactive   kbinact   kbdirty
16:35:39       352040   1338864    358140     18.36     46776   1055972   1358136     69.62    301500   1059120       364
16:35:40       352040   1338864    358140     18.36     46776   1055972   1358136     69.62    301500   1059120       364
16:35:41       352040   1338864    358140     18.36     46776   1055972   1358136     69.62    301500   1059120       364
16:35:42       352040   1338864    358136     18.36     46776   1055976   1358136     69.62    301500   1059120       368
16:35:43       352040   1338864    358136     18.36     46776   1055976   1358136     69.62    301500   1059120       368
16:35:44       351032   1337860    359136     18.41     46776   1055984   1358136     69.62    301516   1059124       376
16:35:45       351032   1337868    359136     18.41     46776   1055984   1358136     69.62    301596   1059132        68
16:35:46       351032   1337868    359136     18.41     46776   1055984   1358136     69.62    301596   1059132        68
16:35:47       351032   1337868    359132     18.41     46776   1055988   1358136     69.62    301596   1059132        72
16:35:48       351032   1337868    359132     18.41     46776   1055988   1358136     69.62    301596   1059132        72
16:35:49       351032   1337872    359112     18.41     46796   1055988   1366464     70.05    302400   1059136       120
16:35:50       351032   1337872    359112     18.41     46796   1055988   1366464     70.05    302400   1059136        76
16:35:51       351032   1337872    359112     18.41     46796   1055988   1366464     70.05    302400   1059136        76
16:35:52       351032   1337872    359108     18.41     46796   1055992   1366464     70.05    302400   1059136        84
16:35:53       351032   1337872    359108     18.41     46796   1055992   1366464     70.05    302400   1059136        84
16:35:54       351032   1337872    359108     18.41     46796   1055992   1366464     70.05    302400   1059136        84
16:35:55       351032   1337872    359108     18.41     46796   1055992   1366464     70.05    302400   1059136        84
16:35:56       351032   1337872    359108     18.41     46796   1055992   1366464     70.05    302400   1059136        84
16:35:57       351032   1337872    359104     18.41     46796   1055996   1366464     70.05    302400   1059136        88
16:35:58       350276   1337268    359724     18.44     46796   1056132   1366720     70.06    303200   1059288       224
16:35:59       349772   1336864    360132     18.46     46796   1056228   1366720     70.06    303912   1059388       320
16:36:00       349772   1336972    360004     18.45     46796   1056356   1366720     70.06    303968   1059496       448
16:36:01       349268   1336504    360392     18.47     46796   1056456   1366720     70.06    304304   1059532       548
16:36:02       349016   1336348    360640     18.49     46796   1056460   1366720     70.06    304580   1059628       552
16:36:03       348512   1335928    361016     18.51     46796   1056588   1366720     70.06    304992   1059712       680
16:36:04       347756   1335216    361756     18.54     46796   1056588   1366720     70.06    305652   1059756       680
16:36:05       347504   1335044    361812     18.55     46796   1056776   1366720     70.06    305856   1059836       860
16:36:06       347252   1334960    361972     18.56     46796   1056860   1366720     70.06    305856   1060004       944
16:36:07       347000   1334836    362080     18.56     46796   1056996   1366720     70.06    306056   1060132      1080
16:36:08       346748   1334688    362216     18.57     46796   1057104   1366720     70.06    306324   1060236      1188
16:36:09       346244   1334220    362620     18.59     46796   1057188   1366720     70.06    306536   1060272      1272
16:36:10       346244   1334416    362484     18.58     46796   1057324   1366720     70.06    306624   1060468       192
16:36:11       345992   1334248    362728     18.59     46796   1057324   1366720     70.06    306624   1060552       200
16:36:12       345992   1334256    362640     18.59     46796   1057412   1366720     70.06    306656   1060560       288
16:36:13       345992   1334256    362640     18.59     46796   1057412   1366720     70.06    306656   1060560       288
16:36:14       345236   1333516    363376     18.63     46796   1057420   1366720     70.06    306768   1060576       296
16:36:15       345236   1333516    363376     18.63     46796   1057420   1366720     70.06    306768   1060576       296
16:36:16       345236   1333516    363376     18.63     46796   1057420   1366720     70.06    306768   1060576       296
16:36:17       345236   1333516    363372     18.63     46796   1057424   1366720     70.06    306768   1060576       300

Average:       349203   1336528    360428     18.48     46791   1056477   1364460     69.94    303894   1059621       365
