Linux 7.0.0-1008-aws (ip-172-31-20-134) 	07/24/26 	_x86_64_	(2 CPU)

16:35:38        IFACE   rxpck/s   txpck/s    rxkB/s    txkB/s   rxcmp/s   txcmp/s  rxmcst/s   %ifutil
16:35:39         ens5     55.00     45.00      4.57      5.29      0.00      0.00      0.00      0.00

16:35:39        IFACE   rxpck/s   txpck/s    rxkB/s    txkB/s   rxcmp/s   txcmp/s  rxmcst/s   %ifutil
16:35:40         ens5     41.00     30.00      3.45      3.30      0.00      0.00      0.00      0.00

16:35:40        IFACE   rxpck/s   txpck/s    rxkB/s    txkB/s   rxcmp/s   txcmp/s  rxmcst/s   %ifutil
16:35:41         ens5      0.00      0.00      0.00      0.00      0.00      0.00      0.00      0.00

16:35:41        IFACE   rxpck/s   txpck/s    rxkB/s    txkB/s   rxcmp/s   txcmp/s  rxmcst/s   %ifutil
16:35:42         ens5      0.00      0.00      0.00      0.00      0.00      0.00      0.00      0.00

16:35:42        IFACE   rxpck/s   txpck/s    rxkB/s    txkB/s   rxcmp/s   txcmp/s  rxmcst/s   %ifutil
16:35:43         ens5      0.00      0.00      0.00      0.00      0.00      0.00      0.00      0.00

16:35:43        IFACE   rxpck/s   txpck/s    rxkB/s    txkB/s   rxcmp/s   txcmp/s  rxmcst/s   %ifutil
16:35:44         ens5      0.00      0.00      0.00      0.00      0.00      0.00      0.00      0.00

16:35:44        IFACE   rxpck/s   txpck/s    rxkB/s    txkB/s   rxcmp/s   txcmp/s  rxmcst/s   %ifutil
16:35:45         ens5      0.00      0.00      0.00      0.00      0.00      0.00      0.00      0.00

16:35:45        IFACE   rxpck/s   txpck/s    rxkB/s    txkB/s   rxcmp/s   txcmp/s  rxmcst/s   %ifutil
16:35:46         ens5      0.00      0.00      0.00      0.00      0.00      0.00      0.00      0.00

16:35:46        IFACE   rxpck/s   txpck/s    rxkB/s    txkB/s   rxcmp/s   txcmp/s  rxmcst/s   %ifutil
16:35:47         ens5      1.00      1.00      0.03      0.04      0.00      0.00      0.00      0.00

16:35:47        IFACE   rxpck/s   txpck/s    rxkB/s    txkB/s   rxcmp/s   txcmp/s  rxmcst/s   %ifutil
16:35:48         ens5      0.00      0.00      0.00      0.00      0.00      0.00      0.00      0.00

16:35:48        IFACE   rxpck/s   txpck/s    rxkB/s    txkB/s   rxcmp/s   txcmp/s  rxmcst/s   %ifutil
16:35:49         ens5      0.00      0.00      0.00      0.00      0.00      0.00      0.00      0.00

16:35:49        IFACE   rxpck/s   txpck/s    rxkB/s    txkB/s   rxcmp/s   txcmp/s  rxmcst/s   %ifutil
16:35:50         ens5      0.00      0.00      0.00      0.00      0.00      0.00      0.00      0.00

16:35:50        IFACE   rxpck/s   txpck/s    rxkB/s    txkB/s   rxcmp/s   txcmp/s  rxmcst/s   %ifutil
16:35:51         ens5      0.00      0.00      0.00      0.00      0.00      0.00      0.00      0.00

16:35:51        IFACE   rxpck/s   txpck/s    rxkB/s    txkB/s   rxcmp/s   txcmp/s  rxmcst/s   %ifutil
16:35:52         ens5      0.00      0.00      0.00      0.00      0.00      0.00      0.00      0.00

16:35:52        IFACE   rxpck/s   txpck/s    rxkB/s    txkB/s   rxcmp/s   txcmp/s  rxmcst/s   %ifutil
16:35:53         ens5      0.00      0.00      0.00      0.00      0.00      0.00      0.00      0.00

16:35:53        IFACE   rxpck/s   txpck/s    rxkB/s    txkB/s   rxcmp/s   txcmp/s  rxmcst/s   %ifutil
16:35:54         ens5      0.00      0.00      0.00      0.00      0.00      0.00      0.00      0.00

16:35:54        IFACE   rxpck/s   txpck/s    rxkB/s    txkB/s   rxcmp/s   txcmp/s  rxmcst/s   %ifutil
16:35:55         ens5      1.00      1.00      0.07      0.09      0.00      0.00      0.00      0.00

16:35:55        IFACE   rxpck/s   txpck/s    rxkB/s    txkB/s   rxcmp/s   txcmp/s  rxmcst/s   %ifutil
16:35:56         ens5      0.00      0.00      0.00      0.00      0.00      0.00      0.00      0.00

16:35:56        IFACE   rxpck/s   txpck/s    rxkB/s    txkB/s   rxcmp/s   txcmp/s  rxmcst/s   %ifutil
16:35:57         ens5      0.00      0.00      0.00      0.00      0.00      0.00      0.00      0.00

16:35:57        IFACE   rxpck/s   txpck/s    rxkB/s    txkB/s   rxcmp/s   txcmp/s  rxmcst/s   %ifutil
16:35:58         ens5    199.00    206.00    118.90     23.27      0.00      0.00      0.00      0.00

16:35:58        IFACE   rxpck/s   txpck/s    rxkB/s    txkB/s   rxcmp/s   txcmp/s  rxmcst/s   %ifutil
16:35:59         ens5    160.00    180.00     91.07     22.30      0.00      0.00      0.00      0.00

16:35:59        IFACE   rxpck/s   txpck/s    rxkB/s    txkB/s   rxcmp/s   txcmp/s  rxmcst/s   %ifutil
16:36:00         ens5    158.00    177.00     90.89     21.82      0.00      0.00      0.00      0.00

16:36:00        IFACE   rxpck/s   txpck/s    rxkB/s    txkB/s   rxcmp/s   txcmp/s  rxmcst/s   %ifutil
16:36:01         ens5    152.00    174.00     85.50     21.70      0.00      0.00      0.00      0.00

16:36:01        IFACE   rxpck/s   txpck/s    rxkB/s    txkB/s   rxcmp/s   txcmp/s  rxmcst/s   %ifutil
16:36:02         ens5     92.00    106.00     51.36     13.01      0.00      0.00      0.00      0.00

16:36:02        IFACE   rxpck/s   txpck/s    rxkB/s    txkB/s   rxcmp/s   txcmp/s  rxmcst/s   %ifutil
16:36:03         ens5    110.00    114.00     57.37     14.03      0.00      0.00      0.00      0.00

16:36:03        IFACE   rxpck/s   txpck/s    rxkB/s    txkB/s   rxcmp/s   txcmp/s  rxmcst/s   %ifutil
16:36:04         ens5    123.00    138.00     68.51     17.27      0.00      0.00      0.00      0.00

16:36:04        IFACE   rxpck/s   txpck/s    rxkB/s    txkB/s   rxcmp/s   txcmp/s  rxmcst/s   %ifutil
16:36:05         ens5    163.00    181.00     91.29     22.44      0.00      0.00      0.00      0.00

16:36:05        IFACE   rxpck/s   txpck/s    rxkB/s    txkB/s   rxcmp/s   txcmp/s  rxmcst/s   %ifutil
16:36:06         ens5    161.00    182.00     91.19     22.63      0.00      0.00      0.00      0.00

16:36:06        IFACE   rxpck/s   txpck/s    rxkB/s    txkB/s   rxcmp/s   txcmp/s  rxmcst/s   %ifutil
16:36:07         ens5    158.00    179.00     91.03     22.33      0.00      0.00      0.00      0.00

16:36:07        IFACE   rxpck/s   txpck/s    rxkB/s    txkB/s   rxcmp/s   txcmp/s  rxmcst/s   %ifutil
16:36:08         ens5    162.00    184.00     91.25     22.81      0.00      0.00      0.00      0.00

16:36:08        IFACE   rxpck/s   txpck/s    rxkB/s    txkB/s   rxcmp/s   txcmp/s  rxmcst/s   %ifutil
16:36:09         ens5    167.00    184.00     96.62     22.73      0.00      0.00      0.00      0.00

16:36:09        IFACE   rxpck/s   txpck/s    rxkB/s    txkB/s   rxcmp/s   txcmp/s  rxmcst/s   %ifutil
16:36:10         ens5    163.00    182.00     91.29     22.77      0.00      0.00      0.00      0.00

16:36:10        IFACE   rxpck/s   txpck/s    rxkB/s    txkB/s   rxcmp/s   txcmp/s  rxmcst/s   %ifutil
16:36:11         ens5    122.00    139.00     68.51     17.18      0.00      0.00      0.00      0.00

16:36:11        IFACE   rxpck/s   txpck/s    rxkB/s    txkB/s   rxcmp/s   txcmp/s  rxmcst/s   %ifutil
16:36:12         ens5      0.00      0.00      0.00      0.00      0.00      0.00      0.00      0.00

16:36:12        IFACE   rxpck/s   txpck/s    rxkB/s    txkB/s   rxcmp/s   txcmp/s  rxmcst/s   %ifutil
16:36:13         ens5      0.00      0.00      0.00      0.00      0.00      0.00      0.00      0.00

16:36:13        IFACE   rxpck/s   txpck/s    rxkB/s    txkB/s   rxcmp/s   txcmp/s  rxmcst/s   %ifutil
16:36:14         ens5      0.00      0.00      0.00      0.00      0.00      0.00      0.00      0.00

16:36:14        IFACE   rxpck/s   txpck/s    rxkB/s    txkB/s   rxcmp/s   txcmp/s  rxmcst/s   %ifutil
16:36:15         ens5      0.00      0.00      0.00      0.00      0.00      0.00      0.00      0.00

16:36:15        IFACE   rxpck/s   txpck/s    rxkB/s    txkB/s   rxcmp/s   txcmp/s  rxmcst/s   %ifutil
16:36:16         ens5      0.00      0.00      0.00      0.00      0.00      0.00      0.00      0.00

16:36:16        IFACE   rxpck/s   txpck/s    rxkB/s    txkB/s   rxcmp/s   txcmp/s  rxmcst/s   %ifutil
16:36:17         ens5      0.00      0.00      0.00      0.00      0.00      0.00      0.00      0.00


Average:        IFACE   rxpck/s   txpck/s    rxkB/s    txkB/s   rxcmp/s   txcmp/s  rxmcst/s   %ifutil
Average:         ens5     56.10     61.62     30.59      7.56      0.00      0.00      0.00      0.00
