Linux 7.0.0-1010-aws (ip-172-31-20-134) 	08/11/26 	_x86_64_	(2 CPU)

17:17:49    kbmemfree   kbavail kbmemused  %memused kbbuffers  kbcached  kbcommit   %commit  kbactive   kbinact   kbdirty
17:17:50       116136   1328996    364468     18.68     31024   1292948   1478244     75.77    995124    598264       380
17:17:51       116136   1328996    364468     18.68     31024   1292948   1478244     75.77    995124    598264       380
17:17:52       116136   1329000    364464     18.68     31024   1292952   1478244     75.77    995196    598268       280
17:17:53       116136   1329000    364464     18.68     31024   1292952   1478244     75.77    995232    598268       244
17:17:54       116136   1329000    364464     18.68     31024   1292952   1478244     75.77    995232    598268       244
17:17:55       116136   1329000    364440     18.68     31048   1292952   1478244     75.77    995232    598268       364
17:17:56       116136   1329000    364440     18.68     31048   1292952   1478244     75.77    995232    598268       364
17:17:57       116136   1329000    364436     18.68     31048   1292956   1478244     75.77    995232    598268       368
17:17:58       116136   1329000    364436     18.68     31048   1292956   1478244     75.77    995232    598268       368
17:17:59       114876   1327768    365688     18.74     31048   1292964   1479788     75.85    996892    598296       376
17:18:00       114876   1327768    365672     18.74     31048   1292980   1479788     75.85    996892    598296       392
17:18:01       114876   1327768    365672     18.74     31048   1292980   1479788     75.85    996892    598296       392
17:18:02       114876   1327768    365668     18.74     31048   1292984   1479788     75.85    996892    598296       396
17:18:03       112860   1325788    367676     18.85     31048   1292992   1501284     76.95   1001516    598332       404
17:18:04       107820   1321164    372284     19.08     31048   1293420   1586156     81.30   1006800    598620       704
17:18:05       105060   1318660    374760     19.21     31048   1293696   1603500     82.19   1008588    598872       936
17:18:06       105060   1318700    374748     19.21     31048   1293708   1603500     82.19   1008588    598912       948
17:18:07       105060   1318700    374736     19.21     31048   1293720   1603500     82.19   1008588    598912       964
17:18:08       105060   1318700    374736     19.21     31048   1293720   1603500     82.19   1008588    598912       964
17:18:09       105060   1318700    374736     19.21     31048   1293720   1603500     82.19   1008588    598912       964
17:18:10       105060   1318700    374732     19.21     31048   1293724   1603500     82.19   1008588    598912       968
17:18:11       105060   1318700    374732     19.21     31048   1293724   1603500     82.19   1008588    598912       968
17:18:12       105060   1318704    374724     19.21     31048   1293728   1603500     82.19   1008588    598912       972
17:18:13       105060   1318704    374724     19.21     31048   1293728   1603500     82.19   1008588    598912       972
17:18:14       104304   1317976    375472     19.25     31048   1293736   1603500     82.19   1008392    598940       980
17:18:15       104304   1317976    375472     19.25     31048   1293736   1603500     82.19   1008392    598940       980

Average:       110752   1323971    369474     18.94     31043   1293301   1536511     78.76   1001800    598561       626
