Linux 7.0.0-1010-aws (ip-172-31-20-134) 	08/11/26 	_x86_64_	(2 CPU)

17:17:49        IFACE   rxpck/s   txpck/s    rxkB/s    txkB/s   rxcmp/s   txcmp/s  rxmcst/s   %ifutil
17:17:50         ens5     50.00     43.00      4.40      4.94      0.00      0.00      0.00      0.00

17:17:50        IFACE   rxpck/s   txpck/s    rxkB/s    txkB/s   rxcmp/s   txcmp/s  rxmcst/s   %ifutil
17:17:51         ens5     13.00      9.00      1.12      1.04      0.00      0.00      0.00      0.00

17:17:51        IFACE   rxpck/s   txpck/s    rxkB/s    txkB/s   rxcmp/s   txcmp/s  rxmcst/s   %ifutil
17:17:52         ens5      0.00      0.00      0.00      0.00      0.00      0.00      0.00      0.00

17:17:52        IFACE   rxpck/s   txpck/s    rxkB/s    txkB/s   rxcmp/s   txcmp/s  rxmcst/s   %ifutil
17:17:53         ens5      0.00      0.00      0.00      0.00      0.00      0.00      0.00      0.00

17:17:53        IFACE   rxpck/s   txpck/s    rxkB/s    txkB/s   rxcmp/s   txcmp/s  rxmcst/s   %ifutil
17:17:54         ens5      0.00      0.00      0.00      0.00      0.00      0.00      0.00      0.00

17:17:54        IFACE   rxpck/s   txpck/s    rxkB/s    txkB/s   rxcmp/s   txcmp/s  rxmcst/s   %ifutil
17:17:55         ens5      0.00      0.00      0.00      0.00      0.00      0.00      0.00      0.00

17:17:55        IFACE   rxpck/s   txpck/s    rxkB/s    txkB/s   rxcmp/s   txcmp/s  rxmcst/s   %ifutil
17:17:56         ens5      1.00      1.00      0.07      0.09      0.00      0.00      0.00      0.00

17:17:56        IFACE   rxpck/s   txpck/s    rxkB/s    txkB/s   rxcmp/s   txcmp/s  rxmcst/s   %ifutil
17:17:57         ens5      0.00      0.00      0.00      0.00      0.00      0.00      0.00      0.00

17:17:57        IFACE   rxpck/s   txpck/s    rxkB/s    txkB/s   rxcmp/s   txcmp/s  rxmcst/s   %ifutil
17:17:58         ens5      0.00      0.00      0.00      0.00      0.00      0.00      0.00      0.00

17:17:58        IFACE   rxpck/s   txpck/s    rxkB/s    txkB/s   rxcmp/s   txcmp/s  rxmcst/s   %ifutil
17:17:59         ens5     31.00     39.00     14.63      2.94      0.00      0.00      0.00      0.00

17:17:59        IFACE   rxpck/s   txpck/s    rxkB/s    txkB/s   rxcmp/s   txcmp/s  rxmcst/s   %ifutil
17:18:00         ens5      0.00      0.00      0.00      0.00      0.00      0.00      0.00      0.00

17:18:00        IFACE   rxpck/s   txpck/s    rxkB/s    txkB/s   rxcmp/s   txcmp/s  rxmcst/s   %ifutil
17:18:01         ens5      0.00      0.00      0.00      0.00      0.00      0.00      0.00      0.00

17:18:01        IFACE   rxpck/s   txpck/s    rxkB/s    txkB/s   rxcmp/s   txcmp/s  rxmcst/s   %ifutil
17:18:02         ens5      0.00      0.00      0.00      0.00      0.00      0.00      0.00      0.00

17:18:02        IFACE   rxpck/s   txpck/s    rxkB/s    txkB/s   rxcmp/s   txcmp/s  rxmcst/s   %ifutil
17:18:03         ens5     92.00    123.00     18.61     11.50      0.00      0.00      0.00      0.00

17:18:03        IFACE   rxpck/s   txpck/s    rxkB/s    txkB/s   rxcmp/s   txcmp/s  rxmcst/s   %ifutil
17:18:04         ens5    501.00    661.00    102.28     61.25      0.00      0.00      0.00      0.00

17:18:04        IFACE   rxpck/s   txpck/s    rxkB/s    txkB/s   rxcmp/s   txcmp/s  rxmcst/s   %ifutil
17:18:05         ens5    472.28    634.65     96.99     59.19      0.00      0.00      0.00      0.00

17:18:05        IFACE   rxpck/s   txpck/s    rxkB/s    txkB/s   rxcmp/s   txcmp/s  rxmcst/s   %ifutil
17:18:06         ens5     22.00     31.00      4.74      2.90      0.00      0.00      0.00      0.00

17:18:06        IFACE   rxpck/s   txpck/s    rxkB/s    txkB/s   rxcmp/s   txcmp/s  rxmcst/s   %ifutil
17:18:07         ens5      0.00      0.00      0.00      0.00      0.00      0.00      0.00      0.00

17:18:07        IFACE   rxpck/s   txpck/s    rxkB/s    txkB/s   rxcmp/s   txcmp/s  rxmcst/s   %ifutil
17:18:08         ens5      0.00      0.00      0.00      0.00      0.00      0.00      0.00      0.00

17:18:08        IFACE   rxpck/s   txpck/s    rxkB/s    txkB/s   rxcmp/s   txcmp/s  rxmcst/s   %ifutil
17:18:09         ens5      0.00      0.00      0.00      0.00      0.00      0.00      0.00      0.00

17:18:09        IFACE   rxpck/s   txpck/s    rxkB/s    txkB/s   rxcmp/s   txcmp/s  rxmcst/s   %ifutil
17:18:10         ens5      0.00      0.00      0.00      0.00      0.00      0.00      0.00      0.00

17:18:10        IFACE   rxpck/s   txpck/s    rxkB/s    txkB/s   rxcmp/s   txcmp/s  rxmcst/s   %ifutil
17:18:11         ens5      0.00      0.00      0.00      0.00      0.00      0.00      0.00      0.00

17:18:11        IFACE   rxpck/s   txpck/s    rxkB/s    txkB/s   rxcmp/s   txcmp/s  rxmcst/s   %ifutil
17:18:12         ens5      0.00      0.00      0.00      0.00      0.00      0.00      0.00      0.00

17:18:12        IFACE   rxpck/s   txpck/s    rxkB/s    txkB/s   rxcmp/s   txcmp/s  rxmcst/s   %ifutil
17:18:13         ens5      1.00      1.00      0.07      0.09      0.00      0.00      0.00      0.00

17:18:13        IFACE   rxpck/s   txpck/s    rxkB/s    txkB/s   rxcmp/s   txcmp/s  rxmcst/s   %ifutil
17:18:14         ens5      0.00      0.00      0.00      0.00      0.00      0.00      0.00      0.00

17:18:14        IFACE   rxpck/s   txpck/s    rxkB/s    txkB/s   rxcmp/s   txcmp/s  rxmcst/s   %ifutil
17:18:15         ens5      0.00      0.00      0.00      0.00      0.00      0.00      0.00      0.00


Average:        IFACE   rxpck/s   txpck/s    rxkB/s    txkB/s   rxcmp/s   txcmp/s  rxmcst/s   %ifutil
Average:         ens5     45.67     59.55      9.38      5.56      0.00      0.00      0.00      0.00
