Linux 7.0.0-1008-aws (ip-172-31-20-134) 	08/07/26 	_x86_64_	(2 CPU)

15:11:10        CPU     %user     %nice   %system   %iowait    %steal     %idle
15:11:11        all      6.06      0.00      1.52      0.00      0.00     92.42
15:11:12        all      0.00      0.00      0.00      0.51      0.00     99.49
15:11:13        all      1.50      0.00      0.50      0.00      0.00     98.00
15:11:14        all      3.54      0.00      0.51      0.00      0.00     95.96
15:11:15        all      0.50      0.00      0.50      0.00      0.00     99.00
15:11:16        all      0.50      0.00      0.00      0.00      0.00     99.50
15:11:17        all      0.00      0.00      0.00      0.00      0.00    100.00
15:11:18        all      7.07      0.00      1.01      0.00      0.00     91.92
15:11:19        all      7.61      0.00      1.52      0.00      0.00     90.86
15:11:20        all      8.16      0.00      1.02      0.00      0.00     90.82
15:11:21        all      8.63      0.00      1.02      0.00      0.00     90.36
15:11:22        all      8.12      0.00      1.02      0.00      0.00     90.86
15:11:23        all      8.08      0.00      1.01      0.00      0.00     90.91
15:11:24        all      8.12      0.00      1.02      0.00      0.00     90.86
15:11:25        all      8.54      0.00      0.50      0.00      0.00     90.95
15:11:26        all      8.12      0.00      1.02      0.00      0.00     90.86
15:11:27        all      8.08      0.00      1.01      0.00      0.00     90.91
15:11:28        all      9.55      0.00      1.51      0.00      0.00     88.94
15:11:29        all     12.76      0.00      1.02      0.00      0.00     86.22
15:11:30        all      8.08      0.00      1.01      0.00      1.01     89.90
15:11:31        all      8.54      0.00      1.51      0.00      0.00     89.95
15:11:32        all      8.67      0.00      1.02      0.00      0.00     90.31
15:11:33        all      8.59      0.00      0.51      0.00      0.00     90.91
15:11:34        all      8.08      0.00      1.01      0.00      0.00     90.91
15:11:35        all      7.65      0.00      0.51      0.00      0.00     91.84
15:11:36        all      8.59      0.00      1.01      0.00      0.00     90.40
15:11:37        all      8.16      0.00      0.51      0.00      0.00     91.33
15:11:38        all      8.16      0.00      0.51      0.00      0.00     91.33
15:11:39        all      8.08      0.00      1.01      0.00      0.00     90.91
15:11:40        all      8.08      0.00      0.51      0.00      0.51     90.91
15:11:41        all      8.59      0.00      1.52      0.00      0.00     89.90
15:11:42        all      8.04      0.00      1.51      0.50      0.00     89.95
15:11:43        all      9.69      0.00      0.51      0.00      0.00     89.80
15:11:44        all     12.18      0.00      1.52      0.00      0.00     86.29
15:11:45        all      7.18      0.00      0.51      0.00      0.00     92.31
15:11:46        all      8.63      0.00      0.51      0.00      0.00     90.86
15:11:47        all      7.61      0.00      1.02      0.00      0.00     91.37
15:11:48        all      8.63      0.00      0.51      0.00      0.00     90.86
15:11:49        all      8.59      0.00      1.01      0.00      0.00     90.40
15:11:50        all      8.12      0.00      1.02      0.00      0.51     90.36
15:11:51        all      9.14      0.00      0.51      0.00      1.02     89.34
15:11:52        all      8.12      0.00      0.51      0.00      0.00     91.37
15:11:53        all      8.16      0.00      0.51      0.00      0.00     91.33
15:11:54        all      0.00      0.00      0.00      0.00      0.00    100.00
15:11:55        all      0.50      0.00      0.50      0.00      0.00     99.00
15:11:56        all      0.50      0.00      0.50      0.00      0.00     99.00
15:11:57        all      0.00      0.00      0.00      0.00      0.00    100.00

Average:        all      6.78      0.00      0.79      0.02      0.06     92.35
