Linux 7.0.0-1010-aws (ip-172-31-31-224) 	08/11/26 	_x86_64_	(2 CPU)

06:43:28        CPU     %user     %nice   %system   %iowait    %steal     %idle
06:43:29        all     56.72      0.00      5.97      0.50      1.49     35.32
06:43:30        all     49.49      0.00      3.54      0.00      2.02     44.95
06:43:31        all     47.50      0.00      4.00      0.00      2.50     46.00
06:43:32        all     47.29      0.00      4.43      0.00      1.97     46.31
06:43:33        all     50.00      0.00      2.53      0.00      1.01     46.46
06:43:34        all     49.25      0.00      3.52      0.00      1.01     46.23
06:43:35        all     48.74      0.00      4.02      0.00      2.51     44.72
06:43:36        all     45.23      0.00      3.52      0.00      2.01     49.25
06:43:37        all     20.50      0.00      2.50      0.00      0.50     76.50
06:43:38        all      1.00      0.00      0.00      0.00      0.00     99.00
06:43:39        all      0.00      0.00      0.50      0.00      0.50     99.00
06:43:40        all      0.00      0.00      0.50      0.00      0.50     98.99
06:43:41        all      0.00      0.00      0.00      0.00      0.00    100.00
06:43:42        all      0.50      0.00      0.00      0.00      0.00     99.50
06:43:43        all      0.50      0.00      0.00      0.00      0.00     99.50
06:43:44        all      5.56      0.00      1.52      0.00      0.51     92.42
06:43:45        all      9.55      0.00      4.02      0.00      2.51     83.92
06:43:46        all      6.97      0.00      2.99      0.00      4.48     85.57
06:43:47        all      1.49      0.00      0.99      0.50      0.99     96.04
06:43:48        all      0.50      0.00      0.00      0.00      0.50     99.00
06:43:49        all      0.00      0.00      0.50      0.00      0.50     98.99
06:43:50        all      0.00      0.00      0.00      0.00      0.00    100.00
06:43:51        all      0.50      0.00      0.00      0.00      0.00     99.50
06:43:52        all      0.00      0.00      1.01      0.00      0.00     98.99
06:43:53        all      0.50      0.00      0.00      0.00      0.00     99.50
06:43:54        all      0.00      0.00      0.00      0.00      1.00     99.00
06:43:55        all      0.50      0.00      0.00      0.00      0.00     99.50
06:43:56        all      0.00      0.00      0.50      0.00      1.00     98.51
06:43:57        all      0.00      0.00      0.00      0.00      0.00    100.00


Average:        all     15.26      0.00      1.61      0.03      0.95     82.15
