Linux 7.0.0-1010-aws (ip-172-31-31-224) 	08/11/26 	_x86_64_	(2 CPU)

06:43:28        IFACE   rxpck/s   txpck/s    rxkB/s    txkB/s   rxcmp/s   txcmp/s  rxmcst/s   %ifutil
06:43:29         ens5     60.00     54.00      4.84      6.66      0.00      0.00      0.00      0.00

06:43:29        IFACE   rxpck/s   txpck/s    rxkB/s    txkB/s   rxcmp/s   txcmp/s  rxmcst/s   %ifutil
06:43:30         ens5     30.00     25.00      2.38      3.27      0.00      0.00      0.00      0.00

06:43:30        IFACE   rxpck/s   txpck/s    rxkB/s    txkB/s   rxcmp/s   txcmp/s  rxmcst/s   %ifutil
06:43:31         ens5      5.00      6.00      0.25      1.29      0.00      0.00      0.00      0.00

06:43:31        IFACE   rxpck/s   txpck/s    rxkB/s    txkB/s   rxcmp/s   txcmp/s  rxmcst/s   %ifutil
06:43:32         ens5      8.00      7.00      0.41      1.46      0.00      0.00      0.00      0.00

06:43:32        IFACE   rxpck/s   txpck/s    rxkB/s    txkB/s   rxcmp/s   txcmp/s  rxmcst/s   %ifutil
06:43:33         ens5      5.00      5.00      0.25      1.10      0.00      0.00      0.00      0.00

06:43:33        IFACE   rxpck/s   txpck/s    rxkB/s    txkB/s   rxcmp/s   txcmp/s  rxmcst/s   %ifutil
06:43:34         ens5     12.00     13.00      0.62      2.44      0.00      0.00      0.00      0.00

06:43:34        IFACE   rxpck/s   txpck/s    rxkB/s    txkB/s   rxcmp/s   txcmp/s  rxmcst/s   %ifutil
06:43:35         ens5      6.00      5.00      0.30      1.08      0.00      0.00      0.00      0.00

06:43:35        IFACE   rxpck/s   txpck/s    rxkB/s    txkB/s   rxcmp/s   txcmp/s  rxmcst/s   %ifutil
06:43:36         ens5      5.00      5.00      0.25      1.10      0.00      0.00      0.00      0.00

06:43:36        IFACE   rxpck/s   txpck/s    rxkB/s    txkB/s   rxcmp/s   txcmp/s  rxmcst/s   %ifutil
06:43:37         ens5      3.00      3.00      0.15      0.61      0.00      0.00      0.00      0.00

06:43:37        IFACE   rxpck/s   txpck/s    rxkB/s    txkB/s   rxcmp/s   txcmp/s  rxmcst/s   %ifutil
06:43:38         ens5      0.00      0.00      0.00      0.00      0.00      0.00      0.00      0.00

06:43:38        IFACE   rxpck/s   txpck/s    rxkB/s    txkB/s   rxcmp/s   txcmp/s  rxmcst/s   %ifutil
06:43:39         ens5      0.00      0.00      0.00      0.00      0.00      0.00      0.00      0.00

06:43:39        IFACE   rxpck/s   txpck/s    rxkB/s    txkB/s   rxcmp/s   txcmp/s  rxmcst/s   %ifutil
06:43:40         ens5     16.00     13.00      8.40      8.46      0.00      0.00      0.00      0.00

06:43:40        IFACE   rxpck/s   txpck/s    rxkB/s    txkB/s   rxcmp/s   txcmp/s  rxmcst/s   %ifutil
06:43:41         ens5      0.00      0.00      0.00      0.00      0.00      0.00      0.00      0.00

06:43:41        IFACE   rxpck/s   txpck/s    rxkB/s    txkB/s   rxcmp/s   txcmp/s  rxmcst/s   %ifutil
06:43:42         ens5      0.00      0.00      0.00      0.00      0.00      0.00      0.00      0.00

06:43:42        IFACE   rxpck/s   txpck/s    rxkB/s    txkB/s   rxcmp/s   txcmp/s  rxmcst/s   %ifutil
06:43:43         ens5      0.00      0.00      0.00      0.00      0.00      0.00      0.00      0.00

06:43:43        IFACE   rxpck/s   txpck/s    rxkB/s    txkB/s   rxcmp/s   txcmp/s  rxmcst/s   %ifutil
06:43:44         ens5     76.00     59.00     47.98     33.31      0.00      0.00      0.00      0.00

06:43:44        IFACE   rxpck/s   txpck/s    rxkB/s    txkB/s   rxcmp/s   txcmp/s  rxmcst/s   %ifutil
06:43:45         ens5    575.00    563.00    411.65    315.43      0.00      0.00      0.00      0.00

06:43:45        IFACE   rxpck/s   txpck/s    rxkB/s    txkB/s   rxcmp/s   txcmp/s  rxmcst/s   %ifutil
06:43:46         ens5    440.00    398.00    283.84    221.65      0.00      0.00      0.00      0.00

06:43:46        IFACE   rxpck/s   txpck/s    rxkB/s    txkB/s   rxcmp/s   txcmp/s  rxmcst/s   %ifutil
06:43:47         ens5     24.00     18.00     12.63      9.39      0.00      0.00      0.00      0.00

06:43:47        IFACE   rxpck/s   txpck/s    rxkB/s    txkB/s   rxcmp/s   txcmp/s  rxmcst/s   %ifutil
06:43:48         ens5      0.00      0.00      0.00      0.00      0.00      0.00      0.00      0.00

06:43:48        IFACE   rxpck/s   txpck/s    rxkB/s    txkB/s   rxcmp/s   txcmp/s  rxmcst/s   %ifutil
06:43:49         ens5      0.00      0.00      0.00      0.00      0.00      0.00      0.00      0.00

06:43:49        IFACE   rxpck/s   txpck/s    rxkB/s    txkB/s   rxcmp/s   txcmp/s  rxmcst/s   %ifutil
06:43:50         ens5      1.00      1.00      0.07      0.09      0.00      0.00      0.00      0.00

06:43:50        IFACE   rxpck/s   txpck/s    rxkB/s    txkB/s   rxcmp/s   txcmp/s  rxmcst/s   %ifutil
06:43:51         ens5      0.00      0.00      0.00      0.00      0.00      0.00      0.00      0.00

06:43:51        IFACE   rxpck/s   txpck/s    rxkB/s    txkB/s   rxcmp/s   txcmp/s  rxmcst/s   %ifutil
06:43:52         ens5      0.00      0.00      0.00      0.00      0.00      0.00      0.00      0.00

06:43:52        IFACE   rxpck/s   txpck/s    rxkB/s    txkB/s   rxcmp/s   txcmp/s  rxmcst/s   %ifutil
06:43:53         ens5      0.00      0.00      0.00      0.00      0.00      0.00      0.00      0.00

06:43:53        IFACE   rxpck/s   txpck/s    rxkB/s    txkB/s   rxcmp/s   txcmp/s  rxmcst/s   %ifutil
06:43:54         ens5      0.00      0.00      0.00      0.00      0.00      0.00      0.00      0.00

06:43:54        IFACE   rxpck/s   txpck/s    rxkB/s    txkB/s   rxcmp/s   txcmp/s  rxmcst/s   %ifutil
06:43:55         ens5      0.00      0.00      0.00      0.00      0.00      0.00      0.00      0.00

06:43:55        IFACE   rxpck/s   txpck/s    rxkB/s    txkB/s   rxcmp/s   txcmp/s  rxmcst/s   %ifutil
06:43:56         ens5      0.00      0.00      0.00      0.00      0.00      0.00      0.00      0.00

06:43:56        IFACE   rxpck/s   txpck/s    rxkB/s    txkB/s   rxcmp/s   txcmp/s  rxmcst/s   %ifutil
06:43:57         ens5      0.00      0.00      0.00      0.00      0.00      0.00      0.00      0.00


Average:        IFACE   rxpck/s   txpck/s    rxkB/s    txkB/s   rxcmp/s   txcmp/s  rxmcst/s   %ifutil
Average:         ens5     43.66     40.52     26.69     20.94      0.00      0.00      0.00      0.00
