Linux 7.0.0-1008-aws (ip-172-31-20-134) 	08/07/26 	_x86_64_	(2 CPU)

17:37:52        CPU     %user     %nice   %system   %iowait    %steal     %idle
17:37:53        all      1.99      0.00      1.49      0.00      0.00     96.52
17:37:54        all      0.51      0.00      0.00      0.00      0.00     99.49
17:37:55        all      0.00      0.00      0.00      0.00      0.00    100.00
17:37:56        all      0.50      0.00      0.00      0.00      0.00     99.50
17:37:57        all      0.00      0.00      0.50      0.00      0.00     99.50
17:37:58        all      0.50      0.00      0.00      0.00      0.00     99.50
17:37:59        all     16.84      0.00      2.04      0.00      0.00     81.12
17:38:00        all     12.06      0.00      1.51      0.00      1.01     85.43
17:38:01        all     13.64      0.00      1.52      0.00      0.00     84.85
17:38:02        all     12.24      0.00      1.02      0.00      0.00     86.73
17:38:03        all     12.76      0.00      1.53      0.51      0.00     85.20
17:38:04        all     13.20      0.00      2.03      0.00      0.00     84.77
17:38:05        all     13.20      0.00      1.52      0.00      0.00     85.28
17:38:06        all     12.76      0.00      1.02      0.00      0.00     86.22
17:38:07        all     13.13      0.00      1.52      0.00      0.00     85.35
17:38:08        all     13.27      0.00      1.02      0.00      0.00     85.71
17:38:09        all     13.13      0.00      1.52      0.00      0.00     85.35
17:38:10        all     12.82      0.00      1.03      0.00      0.00     86.15
17:38:11        all     13.27      0.00      1.02      0.00      0.00     85.71
17:38:12        all     13.13      0.00      2.02      0.00      0.00     84.85
17:38:13        all     13.71      0.00      1.52      0.00      0.00     84.77
17:38:14        all     18.37      0.00      2.04      0.51      0.00     79.08
17:38:15        all     12.69      0.00      1.52      0.00      0.00     85.79
17:38:16        all     13.13      0.00      1.52      0.00      0.00     85.35
17:38:17        all     13.27      0.00      0.51      0.00      0.51     85.71
17:38:18        all     13.13      0.00      1.52      0.00      0.00     85.35
17:38:19        all     12.69      0.00      1.52      0.00      0.51     85.28
17:38:20        all     14.21      0.00      1.02      0.00      0.00     84.77
17:38:21        all     13.20      0.00      1.02      0.00      0.00     85.79
17:38:22        all     13.27      0.00      1.53      0.00      0.00     85.20
17:38:23        all     13.27      0.00      1.02      0.00      0.00     85.71
17:38:24        all     14.00      0.00      2.50      0.00      0.00     83.50
17:38:25        all     12.82      0.00      1.03      0.00      0.00     86.15
17:38:26        all     12.63      0.00      1.52      0.00      0.00     85.86
17:38:27        all     13.78      0.00      1.02      0.00      0.00     85.20
17:38:28        all     13.20      0.00      1.52      0.00      0.00     85.28
17:38:29        all     19.19      0.00      3.03      0.00      0.00     77.78
17:38:30        all     12.69      0.00      1.52      0.00      0.00     85.79
17:38:31        all     13.20      0.00      1.02      0.00      0.00     85.79
17:38:32        all     14.36      0.00      0.51      0.00      0.00     85.13
17:38:33        all     13.27      0.00      1.53      0.00      0.00     85.20
17:38:34        all     13.27      0.00      1.02      0.00      0.00     85.71
17:38:35        all     12.06      0.00      3.02      0.00      0.00     84.92
17:38:36        all     12.76      0.00      1.02      0.00      0.51     85.71
17:38:37        all     12.76      0.00      1.02      0.51      0.00     85.71
17:38:38        all     13.13      0.00      1.01      0.00      0.00     85.86
17:38:39        all     12.69      0.00      1.52      0.00      0.00     85.79
17:38:40        all      2.53      0.00      0.00      0.00      0.00     97.47
17:38:41        all      0.00      0.00      1.00      0.00      0.00     99.00
17:38:42        all      0.50      0.00      0.00      0.00      0.00     99.50
17:38:43        all      0.50      0.00      0.00      0.00      0.00     99.50
17:38:44        all      4.52      0.00      1.51      0.00      0.00     93.97


Average:        all     10.81      0.00      1.22      0.03      0.05     87.89
