Linux 7.0.0-1010-aws (ip-172-31-20-134) 	08/11/26 	_x86_64_	(2 CPU)

19:19:31        CPU     %user     %nice   %system   %iowait    %steal     %idle
19:19:32        all      1.51      0.00      1.51      0.00      0.00     96.98
19:19:33        all      0.00      0.00      0.00      0.00      0.00    100.00
19:19:34        all      0.99      0.00      0.99      0.00      0.00     98.02
19:19:35        all      0.00      0.00      0.00      0.00      0.00    100.00
19:19:36        all      0.50      0.00      0.50      0.00      0.50     98.51
19:19:37        all      0.50      0.00      0.00      0.00      0.00     99.50
19:19:38        all      0.00      0.00      0.00      0.00      0.00    100.00
19:19:39        all      0.00      0.00      1.00      0.00      0.00     99.00
19:19:40        all      0.00      0.00      0.00      0.00      0.00    100.00
19:19:41        all      0.50      0.00      0.00      0.00      0.00     99.50
19:19:42        all      0.00      0.00      0.00      0.00      0.00    100.00
19:19:43        all      0.50      0.00      0.50      0.00      0.00     99.00
19:19:44        all      5.03      0.00      1.01      0.00      0.00     93.97
19:19:45        all      0.51      0.00      0.00      0.00      0.00     99.49
19:19:46        all      3.50      0.00      2.00      0.00      0.50     94.00
19:19:47        all      1.53      0.00      1.53      0.00      0.00     96.94
19:19:48        all      1.00      0.00      0.00      0.00      0.00     99.00
19:19:49        all      0.00      0.00      0.50      0.00      0.00     99.50
19:19:50        all      0.50      0.00      0.00      0.00      0.00     99.50
19:19:51        all      0.50      0.00      0.50      0.00      0.00     98.99
19:19:52        all      0.00      0.00      0.50      0.00      0.00     99.50
19:19:53        all      0.00      0.00      0.00      0.00      0.00    100.00
19:19:54        all      0.50      0.00      0.00      0.00      0.00     99.50

Average:        all      0.76      0.00      0.46      0.00      0.04     98.73
