Linux 7.0.0-1010-aws (ip-172-31-20-134) 	08/11/26 	_x86_64_	(2 CPU)

19:19:31        IFACE   rxpck/s   txpck/s    rxkB/s    txkB/s   rxcmp/s   txcmp/s  rxmcst/s   %ifutil
19:19:32         ens5     51.00     46.00      4.17      4.97      0.00      0.00      0.00      0.00

19:19:32        IFACE   rxpck/s   txpck/s    rxkB/s    txkB/s   rxcmp/s   txcmp/s  rxmcst/s   %ifutil
19:19:33         ens5     19.00     16.00      1.62      1.69      0.00      0.00      0.00      0.00

19:19:33        IFACE   rxpck/s   txpck/s    rxkB/s    txkB/s   rxcmp/s   txcmp/s  rxmcst/s   %ifutil
19:19:34         ens5      1.00      1.00      0.03      0.04      0.00      0.00      0.00      0.00

19:19:34        IFACE   rxpck/s   txpck/s    rxkB/s    txkB/s   rxcmp/s   txcmp/s  rxmcst/s   %ifutil
19:19:35         ens5      0.00      0.00      0.00      0.00      0.00      0.00      0.00      0.00

19:19:35        IFACE   rxpck/s   txpck/s    rxkB/s    txkB/s   rxcmp/s   txcmp/s  rxmcst/s   %ifutil
19:19:36         ens5      0.00      0.00      0.00      0.00      0.00      0.00      0.00      0.00

19:19:36        IFACE   rxpck/s   txpck/s    rxkB/s    txkB/s   rxcmp/s   txcmp/s  rxmcst/s   %ifutil
19:19:37         ens5      0.00      0.00      0.00      0.00      0.00      0.00      0.00      0.00

19:19:37        IFACE   rxpck/s   txpck/s    rxkB/s    txkB/s   rxcmp/s   txcmp/s  rxmcst/s   %ifutil
19:19:38         ens5      0.00      0.00      0.00      0.00      0.00      0.00      0.00      0.00

19:19:38        IFACE   rxpck/s   txpck/s    rxkB/s    txkB/s   rxcmp/s   txcmp/s  rxmcst/s   %ifutil
19:19:39         ens5      0.00      0.00      0.00      0.00      0.00      0.00      0.00      0.00

19:19:39        IFACE   rxpck/s   txpck/s    rxkB/s    txkB/s   rxcmp/s   txcmp/s  rxmcst/s   %ifutil
19:19:40         ens5      0.00      0.00      0.00      0.00      0.00      0.00      0.00      0.00

19:19:40        IFACE   rxpck/s   txpck/s    rxkB/s    txkB/s   rxcmp/s   txcmp/s  rxmcst/s   %ifutil
19:19:41         ens5      4.00      4.00      0.66      0.46      0.00      0.00      0.00      0.00

19:19:41        IFACE   rxpck/s   txpck/s    rxkB/s    txkB/s   rxcmp/s   txcmp/s  rxmcst/s   %ifutil
19:19:42         ens5      0.00      0.00      0.00      0.00      0.00      0.00      0.00      0.00

19:19:42        IFACE   rxpck/s   txpck/s    rxkB/s    txkB/s   rxcmp/s   txcmp/s  rxmcst/s   %ifutil
19:19:43         ens5      0.00      0.00      0.00      0.00      0.00      0.00      0.00      0.00

19:19:43        IFACE   rxpck/s   txpck/s    rxkB/s    txkB/s   rxcmp/s   txcmp/s  rxmcst/s   %ifutil
19:19:44         ens5      0.00      0.00      0.00      0.00      0.00      0.00      0.00      0.00

19:19:44        IFACE   rxpck/s   txpck/s    rxkB/s    txkB/s   rxcmp/s   txcmp/s  rxmcst/s   %ifutil
19:19:45         ens5     36.00     36.00      4.88      4.96      0.00      0.00      0.00      0.00

19:19:45        IFACE   rxpck/s   txpck/s    rxkB/s    txkB/s   rxcmp/s   txcmp/s  rxmcst/s   %ifutil
19:19:46         ens5    314.00    314.00     42.44     43.22      0.00      0.00      0.00      0.00

19:19:46        IFACE   rxpck/s   txpck/s    rxkB/s    txkB/s   rxcmp/s   txcmp/s  rxmcst/s   %ifutil
19:19:47         ens5    177.00    177.00     23.97     24.37      0.00      0.00      0.00      0.00

19:19:47        IFACE   rxpck/s   txpck/s    rxkB/s    txkB/s   rxcmp/s   txcmp/s  rxmcst/s   %ifutil
19:19:48         ens5     19.00     19.00      2.66      2.63      0.00      0.00      0.00      0.00

19:19:48        IFACE   rxpck/s   txpck/s    rxkB/s    txkB/s   rxcmp/s   txcmp/s  rxmcst/s   %ifutil
19:19:49         ens5      1.00      1.00      0.07      0.09      0.00      0.00      0.00      0.00

19:19:49        IFACE   rxpck/s   txpck/s    rxkB/s    txkB/s   rxcmp/s   txcmp/s  rxmcst/s   %ifutil
19:19:50         ens5      0.00      0.00      0.00      0.00      0.00      0.00      0.00      0.00

19:19:50        IFACE   rxpck/s   txpck/s    rxkB/s    txkB/s   rxcmp/s   txcmp/s  rxmcst/s   %ifutil
19:19:51         ens5      0.00      0.00      0.00      0.00      0.00      0.00      0.00      0.00

19:19:51        IFACE   rxpck/s   txpck/s    rxkB/s    txkB/s   rxcmp/s   txcmp/s  rxmcst/s   %ifutil
19:19:52         ens5      0.00      0.00      0.00      0.00      0.00      0.00      0.00      0.00

19:19:52        IFACE   rxpck/s   txpck/s    rxkB/s    txkB/s   rxcmp/s   txcmp/s  rxmcst/s   %ifutil
19:19:53         ens5      0.00      0.00      0.00      0.00      0.00      0.00      0.00      0.00

19:19:53        IFACE   rxpck/s   txpck/s    rxkB/s    txkB/s   rxcmp/s   txcmp/s  rxmcst/s   %ifutil
19:19:54         ens5      0.00      0.00      0.00      0.00      0.00      0.00      0.00      0.00


Average:        IFACE   rxpck/s   txpck/s    rxkB/s    txkB/s   rxcmp/s   txcmp/s  rxmcst/s   %ifutil
Average:         ens5     27.04     26.70      3.50      3.58      0.00      0.00      0.00      0.00
