Linux 7.0.0-1010-aws (ip-172-31-31-224) 	08/11/26 	_x86_64_	(2 CPU)

06:57:50        CPU     %user     %nice   %system   %iowait    %steal     %idle
06:57:51        all     52.26      0.00      4.02      0.00      0.50     43.22
06:57:52        all     49.00      0.00      4.50      0.00      1.00     45.50
06:57:53        all     47.24      0.00      3.02      0.00      3.52     46.23
06:57:54        all     47.74      0.00      4.02      0.00      1.51     46.73
06:57:55        all     48.26      0.00      3.98      0.00      1.49     46.27
06:57:56        all     47.00      0.00      3.50      0.00      4.00     45.50
06:57:57        all     49.00      0.00      4.00      0.00      1.50     45.50
06:57:58        all     50.76      0.00      4.57      0.00      1.52     43.15
06:57:59        all     14.43      0.00      2.99      0.00      1.49     81.09
06:58:00        all      0.49      0.00      0.00      0.00      4.90     94.61
06:58:01        all      0.48      0.00      0.00      0.00      7.21     92.31
06:58:02        all      0.48      0.00      0.00      0.00      7.62     91.90
06:58:03        all      0.48      0.00      0.00      0.00      5.24     94.29
06:58:04        all      0.97      0.00      0.97      0.00      5.31     92.75
06:58:05        all      1.93      0.00      1.93      0.00      7.25     88.89
06:58:06        all      8.08      0.00      3.03      0.00      2.02     86.87
06:58:07        all      1.49      0.00      1.00      0.00      1.49     96.02
06:58:08        all      0.00      0.00      0.00      0.00      0.50     99.50
06:58:09        all      0.51      0.00      0.00      0.00      0.00     99.49
06:58:10        all      0.00      0.00      0.50      0.00      1.00     98.51
06:58:11        all      0.00      0.00      0.00      0.00      0.00    100.00
06:58:12        all      0.50      0.00      0.50      0.00      0.00     99.00
06:58:13        all      4.98      0.00      1.49      0.00      1.99     91.54
06:58:14        all      1.01      0.00      0.00      0.00      0.00     98.99

Average:        all     17.61      0.00      1.82      0.00      2.58     77.99
