Linux 7.0.0-1010-aws (ip-172-31-31-224) 	08/11/26 	_x86_64_	(2 CPU)

06:57:50        IFACE   rxpck/s   txpck/s    rxkB/s    txkB/s   rxcmp/s   txcmp/s  rxmcst/s   %ifutil
06:57:51         ens5     53.00     50.00      4.38      6.29      0.00      0.00      0.00      0.00

06:57:51        IFACE   rxpck/s   txpck/s    rxkB/s    txkB/s   rxcmp/s   txcmp/s  rxmcst/s   %ifutil
06:57:52         ens5     51.00     44.00      4.30      5.37      0.00      0.00      0.00      0.00

06:57:52        IFACE   rxpck/s   txpck/s    rxkB/s    txkB/s   rxcmp/s   txcmp/s  rxmcst/s   %ifutil
06:57:53         ens5     38.00     36.00      3.14      4.59      0.00      0.00      0.00      0.00

06:57:53        IFACE   rxpck/s   txpck/s    rxkB/s    txkB/s   rxcmp/s   txcmp/s  rxmcst/s   %ifutil
06:57:54         ens5      7.00      7.00      0.33      1.29      0.00      0.00      0.00      0.00

06:57:54        IFACE   rxpck/s   txpck/s    rxkB/s    txkB/s   rxcmp/s   txcmp/s  rxmcst/s   %ifutil
06:57:55         ens5      6.00      7.00      0.30      1.54      0.00      0.00      0.00      0.00

06:57:55        IFACE   rxpck/s   txpck/s    rxkB/s    txkB/s   rxcmp/s   txcmp/s  rxmcst/s   %ifutil
06:57:56         ens5      8.00      7.00      0.41      1.46      0.00      0.00      0.00      0.00

06:57:56        IFACE   rxpck/s   txpck/s    rxkB/s    txkB/s   rxcmp/s   txcmp/s  rxmcst/s   %ifutil
06:57:57         ens5      7.00      7.00      0.36      1.49      0.00      0.00      0.00      0.00

06:57:57        IFACE   rxpck/s   txpck/s    rxkB/s    txkB/s   rxcmp/s   txcmp/s  rxmcst/s   %ifutil
06:57:58         ens5      4.00      4.00      0.20      0.88      0.00      0.00      0.00      0.00

06:57:58        IFACE   rxpck/s   txpck/s    rxkB/s    txkB/s   rxcmp/s   txcmp/s  rxmcst/s   %ifutil
06:57:59         ens5      3.00      3.00      0.15      0.61      0.00      0.00      0.00      0.00

06:57:59        IFACE   rxpck/s   txpck/s    rxkB/s    txkB/s   rxcmp/s   txcmp/s  rxmcst/s   %ifutil
06:58:00         ens5     22.00     23.00      1.32     17.92      0.00      0.00      0.00      0.00

06:58:00        IFACE   rxpck/s   txpck/s    rxkB/s    txkB/s   rxcmp/s   txcmp/s  rxmcst/s   %ifutil
06:58:01         ens5      0.00      0.00      0.00      0.00      0.00      0.00      0.00      0.00

06:58:01        IFACE   rxpck/s   txpck/s    rxkB/s    txkB/s   rxcmp/s   txcmp/s  rxmcst/s   %ifutil
06:58:02         ens5      0.00      0.00      0.00      0.00      0.00      0.00      0.00      0.00

06:58:02        IFACE   rxpck/s   txpck/s    rxkB/s    txkB/s   rxcmp/s   txcmp/s  rxmcst/s   %ifutil
06:58:03         ens5      0.00      0.00      0.00      0.00      0.00      0.00      0.00      0.00

06:58:03        IFACE   rxpck/s   txpck/s    rxkB/s    txkB/s   rxcmp/s   txcmp/s  rxmcst/s   %ifutil
06:58:04         ens5     71.00     71.00      4.38     44.16      0.00      0.00      0.00      0.00

06:58:04        IFACE   rxpck/s   txpck/s    rxkB/s    txkB/s   rxcmp/s   txcmp/s  rxmcst/s   %ifutil
06:58:05         ens5    439.00    481.00     27.85    297.51      0.00      0.00      0.00      0.00

06:58:05        IFACE   rxpck/s   txpck/s    rxkB/s    txkB/s   rxcmp/s   txcmp/s  rxmcst/s   %ifutil
06:58:06         ens5    788.00    874.00     50.42    574.10      0.00      0.00      0.00      0.00

06:58:06        IFACE   rxpck/s   txpck/s    rxkB/s    txkB/s   rxcmp/s   txcmp/s  rxmcst/s   %ifutil
06:58:07         ens5    312.00    306.00     19.09    217.87      0.00      0.00      0.00      0.00

06:58:07        IFACE   rxpck/s   txpck/s    rxkB/s    txkB/s   rxcmp/s   txcmp/s  rxmcst/s   %ifutil
06:58:08         ens5      0.00      0.00      0.00      0.00      0.00      0.00      0.00      0.00

06:58:08        IFACE   rxpck/s   txpck/s    rxkB/s    txkB/s   rxcmp/s   txcmp/s  rxmcst/s   %ifutil
06:58:09         ens5      0.00      0.00      0.00      0.00      0.00      0.00      0.00      0.00

06:58:09        IFACE   rxpck/s   txpck/s    rxkB/s    txkB/s   rxcmp/s   txcmp/s  rxmcst/s   %ifutil
06:58:10         ens5      0.00      0.00      0.00      0.00      0.00      0.00      0.00      0.00

06:58:10        IFACE   rxpck/s   txpck/s    rxkB/s    txkB/s   rxcmp/s   txcmp/s  rxmcst/s   %ifutil
06:58:11         ens5      0.00      0.00      0.00      0.00      0.00      0.00      0.00      0.00

06:58:11        IFACE   rxpck/s   txpck/s    rxkB/s    txkB/s   rxcmp/s   txcmp/s  rxmcst/s   %ifutil
06:58:12         ens5      0.00      0.00      0.00      0.00      0.00      0.00      0.00      0.00

06:58:12        IFACE   rxpck/s   txpck/s    rxkB/s    txkB/s   rxcmp/s   txcmp/s  rxmcst/s   %ifutil
06:58:13         ens5      0.00      0.00      0.00      0.00      0.00      0.00      0.00      0.00

06:58:13        IFACE   rxpck/s   txpck/s    rxkB/s    txkB/s   rxcmp/s   txcmp/s  rxmcst/s   %ifutil
06:58:14         ens5      0.00      0.00      0.00      0.00      0.00      0.00      0.00      0.00


Average:        IFACE   rxpck/s   txpck/s    rxkB/s    txkB/s   rxcmp/s   txcmp/s  rxmcst/s   %ifutil
Average:         ens5     75.38     80.00      4.86     48.96      0.00      0.00      0.00      0.00
