Linux 7.0.0-1010-aws (ip-172-31-31-224) 	08/11/26 	_x86_64_	(2 CPU)

07:12:16    kbmemfree   kbavail kbmemused  %memused kbbuffers  kbcached  kbcommit   %commit  kbactive   kbinact   kbdirty
07:12:17       771552   1293800    437084     22.40     15304    648896   1593884     81.70    365452    637620       824
07:12:18       683352   1205600    525284     26.93     15304    648896   1677308     85.98    449876    637620       824
07:12:19       610776   1133028    597856     30.65     15304    648900   1752268     89.82    524664    637624       828
07:12:20       538452   1060704    670180     34.35     15304    648900   1823764     93.48    594240    637624       828
07:12:21       458064    980316    750568     38.47     15304    648900   1907272     97.76    678220    637624       828
07:12:22       369360    891612    839272     43.02     15304    648900   1998544    102.44    769360    637624       828
07:12:23       297036    819288    911596     46.73     15304    648900   2070524    106.13    840184    637624       828
07:12:24       224460    746716    984168     50.45     15304    648904   2136900    109.53    905664    637628       832
07:12:25       200268    722524   1008360     51.69     15304    648904   2161612    110.80    933952    637628       832
07:12:26       200268    722524   1008360     51.69     15304    648904   2165708    111.01    934076    637628       832
07:12:27       200268    722524   1008360     51.69     15304    648904   2165708    111.01    934076    637628       832
07:12:28       200268    722524   1008360     51.69     15304    648904   2165708    111.01    934076    637628       832
07:12:29       200268    722532   1008348     51.69     15304    648916   2165708    111.01    933996    637636       844
07:12:30       200268    722536   1008348     51.69     15304    648916   2165708    111.01    934116    637640       844
07:12:31       200268    722536   1008348     51.69     15304    648916   2165708    111.01    936844    637640       844
07:12:32       198252    720520   1010364     51.79     15304    648916   2169804    111.22    941476    637640       844
07:12:33       197748    720016   1010868     51.82     15304    648916   2173900    111.43    943624    637640       844
07:12:34       197748    720016   1010864     51.82     15304    648920   2173900    111.43    943664    637640       848
07:12:35       197748    720016   1010864     51.82     15304    648920   2173900    111.43    943664    637640       848
07:12:36       197244    719516   1011364     51.84     15304    648924   2173900    111.43    944404    637644       852
07:12:37       197244    719516   1011364     51.84     15304    648924   2173900    111.43    944404    637644       852
07:12:38       197244    719516   1011364     51.84     15304    648924   2173900    111.43    944404    637644       852
07:12:39       197244    719516   1011364     51.84     15304    648924   2173900    111.43    944404    637644       852

Average:       301539    823800    907083     46.50     15304    648910   2065366    105.87    835602    637633       838
