Linux 7.0.0-1010-aws (ip-172-31-31-224) 	08/11/26 	_x86_64_	(2 CPU)

06:39:40        CPU     %user     %nice   %system   %iowait    %steal     %idle
06:39:41        all     51.26      0.00      5.03      0.00      0.50     43.22
06:39:42        all     48.28      0.00      3.94      0.00      2.46     45.32
06:39:43        all     55.56      0.00      4.04      0.00      1.52     38.89
06:39:44        all     50.00      0.00      3.03      0.00      0.00     46.97
06:39:45        all     46.77      0.00      3.98      0.00      2.99     46.27
06:39:46        all     50.25      0.00      3.05      0.51      1.02     45.18
06:39:47        all     48.74      0.00      3.02      0.00      2.51     45.73
06:39:48        all     44.50      0.00      5.00      0.00      1.50     49.00
06:39:49        all     19.19      0.00      1.52      0.00      0.51     78.79
06:39:50        all      0.00      0.00      0.00      0.00      0.50     99.50
06:39:51        all      1.00      0.00      0.00      0.00      0.00     99.00
06:39:52        all      0.00      0.00      0.50      0.00      0.00     99.50
06:39:53        all      0.99      0.00      0.50      0.00      1.98     96.53
06:39:54        all      8.12      0.00      3.55      0.00      2.03     86.29
06:39:55        all      8.08      0.00      4.04      0.00      2.02     85.86
06:39:56        all      2.49      0.00      1.99      0.00      1.99     93.53
06:39:57        all      0.00      0.00      0.00      0.00      0.50     99.50
06:39:58        all      5.53      0.00      1.51      0.00      1.01     91.96
06:39:59        all      1.00      0.00      0.00      0.00      0.00     99.00
06:40:00        all      0.00      0.00      0.47      0.00      7.11     92.42
06:40:01        all      0.46      0.00      0.92      0.00     10.14     88.48
06:40:02        all      0.00      0.00      0.00      0.00      4.83     95.17
06:40:03        all      0.49      0.00      0.49      0.00      4.88     94.15
06:40:04        all      0.98      0.00      0.00      0.00      3.43     95.59
06:40:05        all      0.00      0.00      0.50      0.00      0.50     99.00
06:40:06        all      0.00      0.00      0.00      0.00      1.99     98.01
06:40:07        all      0.00      0.00      0.00      0.00      0.50     99.50

Average:        all     16.28      0.00      1.73      0.02      2.14     79.84
