Linux 7.0.0-1008-aws (ip-172-31-31-224) 	08/07/26 	_x86_64_	(2 CPU)

07:41:18        CPU     %user     %nice   %system   %iowait    %steal     %idle
07:41:19        all     51.74      0.00      5.47      0.00      0.00     42.79
07:41:20        all     50.51      0.00      3.03      0.00      0.00     46.46
07:41:21        all     50.25      0.00      3.48      0.00      0.00     46.27
07:41:22        all     48.74      0.00      4.02      0.00      0.00     47.24
07:41:23        all     51.76      0.00      4.02      0.00      0.00     44.22
07:41:24        all     48.48      0.00      2.53      0.00      0.00     48.99
07:41:25        all     50.50      0.00      4.00      0.00      0.00     45.50
07:41:26        all     30.50      0.00      4.00      0.00      0.00     65.50
07:41:27        all      2.03      0.00      0.00      0.00      0.00     97.97
07:41:28        all      2.53      0.00      1.01      0.00      0.00     96.46
07:41:29        all      2.53      0.00      1.01      0.00      0.00     96.46
07:41:30        all      2.50      0.00      2.00      0.00      0.00     95.50
07:41:31        all      2.53      0.00      1.01      0.00      0.00     96.46
07:41:32        all      2.53      0.00      1.01      0.00      0.00     96.46
07:41:33        all      2.53      0.00      1.01      0.00      0.00     96.46
07:41:34        all      2.51      0.00      1.01      0.00      0.00     96.48
07:41:35        all      2.04      0.00      1.02      0.00      0.00     96.94
07:41:36        all      2.01      0.00      1.51      0.00      0.00     96.48
07:41:37        all      3.05      0.00      0.51      0.00      0.00     96.45
07:41:38        all      2.51      0.00      1.01      0.00      0.00     96.48
07:41:39        all      2.53      0.00      1.52      0.00      0.00     95.96
07:41:40        all      2.50      0.00      1.50      0.00      0.00     96.00
07:41:41        all      2.53      0.00      1.01      0.00      0.00     96.46
07:41:42        all      2.54      0.00      0.00      0.00      0.00     97.46
07:41:43        all      2.54      0.00      1.02      0.00      0.00     96.45
07:41:44        all      2.51      0.00      1.01      0.00      0.00     96.48
07:41:45        all      2.54      0.00      1.02      0.00      0.00     96.45
07:41:46        all      2.51      0.00      1.01      0.00      0.00     96.48
07:41:47        all      2.54      0.00      1.52      0.00      0.00     95.94
07:41:48        all      2.54      0.00      0.51      0.00      0.00     96.95
07:41:49        all      2.50      0.00      1.50      0.00      0.50     95.50
07:41:50        all      2.53      0.00      1.01      0.00      0.00     96.46
07:41:51        all      2.50      0.00      1.50      0.00      0.00     96.00
07:41:52        all      1.53      0.00      1.02      0.00      0.00     97.45
07:41:53        all      3.02      0.00      1.01      0.00      0.00     95.98
07:41:54        all      2.54      0.00      0.51      0.00      0.00     96.95
07:41:55        all      2.51      0.00      1.01      0.00      0.00     96.48
07:41:56        all      2.04      0.00      1.02      0.00      0.00     96.94
07:41:57        all      2.02      0.00      1.01      0.00      0.00     96.97
07:41:58        all      2.53      0.00      1.52      0.00      0.00     95.96
07:41:59        all      3.02      0.00      1.01      0.00      0.00     95.98
07:42:00        all      2.50      0.00      1.00      0.00      0.50     96.00
07:42:01        all      2.01      0.00      2.01      0.00      0.00     95.98
07:42:02        all      1.50      0.00      1.00      0.00      0.00     97.50
07:42:03        all      1.01      0.00      0.51      0.00      0.00     98.48
07:42:04        all      2.03      0.00      1.02      0.00      0.00     96.95
07:42:05        all      3.00      0.00      1.00      0.00      0.00     96.00
07:42:06        all      2.03      0.00      1.02      0.00      0.00     96.95
07:42:07        all      0.00      0.00      0.00      0.00      0.00    100.00


Average:        all      9.79      0.00      1.48      0.00      0.02     88.70
