Linux 7.0.0-1008-aws (ip-172-31-31-224) 	08/07/26 	_x86_64_	(2 CPU)

07:41:18    kbmemfree   kbavail kbmemused  %memused kbbuffers  kbcached  kbcommit   %commit  kbactive   kbinact   kbdirty
07:41:19       805076   1257008    397828     20.39     15800    580708   1487612     76.26    434420    467020        64
07:41:20       724940   1176872    477964     24.50     15800    580708   1570868     80.52    516384    467020        64
07:41:21       660428   1112360    542476     27.81     15800    580708   1633732     83.75    580124    467020        64
07:41:22       539972    991904    662932     33.98     15800    580708   1755008     89.96    700204    467020        60
07:41:23       435140    887072    767764     39.36     15800    580708   1854472     95.06    801724    467020        60
07:41:24       387008    838940    815896     41.82     15800    580708   1909760     97.90    854612    467020        60
07:41:25       338624    790556    864280     44.30     15800    580708   1959816    100.46    907500    467020        60
07:41:26       201536    653468   1001368     51.33     15800    580708   2088864    107.08   1036204    467020        60
07:41:27       201536    653468   1001368     51.33     15800    580708   2088864    107.08   1036576    467020        60
07:41:28       201536    653468   1001368     51.33     15800    580708   2088864    107.08   1036576    467020        60
07:41:29       201536    653468   1001368     51.33     15800    580708   2088864    107.08   1036576    467020        60
07:41:30       201536    653468   1001368     51.33     15800    580708   2088864    107.08   1036576    467020        60
07:41:31       201536    653468   1001368     51.33     15800    580708   2088864    107.08   1036700    467020        60
07:41:32       201536    653468   1001368     51.33     15800    580708   2088928    107.08   1036700    467020        60
07:41:33       201536    653468   1001368     51.33     15800    580708   2088928    107.08   1036824    467020        60
07:41:34       201536    653468   1001368     51.33     15800    580708   2088928    107.08   1036824    467020        60
07:41:35       201536    653468   1001368     51.33     15800    580708   2088928    107.08   1036824    467020        60
07:41:36       201536    653468   1001368     51.33     15800    580708   2088928    107.08   1036824    467020        60
07:41:37       201536    653468   1001368     51.33     15800    580708   2088928    107.08   1036824    467020        60
07:41:38       201536    653468   1001368     51.33     15800    580708   2088992    107.08   1036824    467020        60
07:41:39       201536    653468   1001364     51.33     15800    580712   2088992    107.08   1036824    467020        64
07:41:40       201536    653468   1001364     51.33     15800    580712   2088992    107.08   1036948    467020        64
07:41:41       201536    653468   1001364     51.33     15800    580712   2088992    107.08   1036948    467020        64
07:41:42       201536    653468   1001364     51.33     15800    580712   2088992    107.08   1036948    467020        64
07:41:43       201536    653468   1001364     51.33     15800    580712   2088992    107.08   1036948    467020        64
07:41:44       201536    653468   1001364     51.33     15800    580712   2089056    107.09   1037032    467020        64
07:41:45       201536    653472   1001364     51.33     15800    580712   2089056    107.09   1037068    467024        64
07:41:46       201536    653472   1001364     51.33     15800    580712   2089056    107.09   1037068    467024        64
07:41:47       201536    653472   1001364     51.33     15800    580712   2089056    107.09   1037068    467024        64
07:41:48       201536    653480   1001340     51.33     15824    580712   2089056    107.09   1037168    467032        28
07:41:49       201536    653496   1001340     51.33     15824    580712   2089056    107.09   1037192    467048         4
07:41:50       201536    653496   1001340     51.33     15824    580712   2089120    107.09   1037192    467048        12
07:41:51       201536    653496   1001340     51.33     15824    580712   2089120    107.09   1037192    467048        12
07:41:52       201536    653496   1001336     51.33     15824    580716   2089120    107.09   1037192    467048        16
07:41:53       201536    653496   1001336     51.33     15824    580716   2089120    107.09   1037192    467048        16
07:41:54       201536    653500   1001336     51.33     15824    580716   2089376    107.10   1037312    467052        16
07:41:55       201536    653500   1001336     51.33     15824    580716   2089696    107.12   1037312    467052        16
07:41:56       201536    653500   1001336     51.33     15824    580716   2089696    107.12   1037436    467052        16
07:41:57       201536    653500   1001336     51.33     15824    580716   2089696    107.12   1037560    467052        16
07:41:58       201536    653500   1001336     51.33     15824    580716   2089696    107.12   1037684    467052        16
07:41:59       201536    653500   1001332     51.33     15824    580720   2089696    107.12   1037684    467052        20
07:42:00       201536    653504   1001332     51.33     15824    580720   2089952    107.13   1037804    467056        20
07:42:01       201536    653504   1001332     51.33     15824    580720   2090272    107.15   1037804    467056        20
07:42:02       201536    653504   1001332     51.33     15824    580720   2090272    107.15   1038052    467056        20
07:42:03       201536    653504   1001332     51.33     15824    580720   2090272    107.15   1038052    467056        20
07:42:04       201536    653504   1001332     51.33     15824    580720   2090272    107.15   1038052    467056        20
07:42:05       201536    653504   1001332     51.33     15824    580720   2090272    107.15   1038176    467056        20
07:42:06       201536    653504   1001332     51.33     15824    580720   2090272    107.15   1038176    467056        20
07:42:07       201536    653504   1001332     51.33     15824    580720   2090272    107.15   1038176    467056        20


Average:       252157    704102    950733     48.74     15810    580712   2039235    104.53    986879    467033        44
