Linux 7.0.0-1008-aws (ip-172-31-31-224) 	08/07/26 	_x86_64_	(2 CPU)

07:41:18        IFACE   rxpck/s   txpck/s    rxkB/s    txkB/s   rxcmp/s   txcmp/s  rxmcst/s   %ifutil
07:41:19         ens5     61.00     61.00      4.89      7.11      0.00      0.00      0.00      0.00

07:41:19        IFACE   rxpck/s   txpck/s    rxkB/s    txkB/s   rxcmp/s   txcmp/s  rxmcst/s   %ifutil
07:41:20         ens5      7.00      6.00      0.39      1.20      0.00      0.00      0.00      0.00

07:41:20        IFACE   rxpck/s   txpck/s    rxkB/s    txkB/s   rxcmp/s   txcmp/s  rxmcst/s   %ifutil
07:41:21         ens5     10.00     10.00      0.51      2.11      0.00      0.00      0.00      0.00

07:41:21        IFACE   rxpck/s   txpck/s    rxkB/s    txkB/s   rxcmp/s   txcmp/s  rxmcst/s   %ifutil
07:41:22         ens5      7.00      7.00      0.36      1.52      0.00      0.00      0.00      0.00

07:41:22        IFACE   rxpck/s   txpck/s    rxkB/s    txkB/s   rxcmp/s   txcmp/s  rxmcst/s   %ifutil
07:41:23         ens5      3.00      3.00      0.15      0.66      0.00      0.00      0.00      0.00

07:41:23        IFACE   rxpck/s   txpck/s    rxkB/s    txkB/s   rxcmp/s   txcmp/s  rxmcst/s   %ifutil
07:41:24         ens5     11.00     11.00      0.56      2.30      0.00      0.00      0.00      0.00

07:41:24        IFACE   rxpck/s   txpck/s    rxkB/s    txkB/s   rxcmp/s   txcmp/s  rxmcst/s   %ifutil
07:41:25         ens5      5.00      5.00      0.25      1.10      0.00      0.00      0.00      0.00

07:41:25        IFACE   rxpck/s   txpck/s    rxkB/s    txkB/s   rxcmp/s   txcmp/s  rxmcst/s   %ifutil
07:41:26         ens5      7.00      7.00      0.38      1.25      0.00      0.00      0.00      0.00

07:41:26        IFACE   rxpck/s   txpck/s    rxkB/s    txkB/s   rxcmp/s   txcmp/s  rxmcst/s   %ifutil
07:41:27         ens5    138.00    202.00     80.43    150.38      0.00      0.00      0.00      0.00

07:41:27        IFACE   rxpck/s   txpck/s    rxkB/s    txkB/s   rxcmp/s   txcmp/s  rxmcst/s   %ifutil
07:41:28         ens5    181.00    265.00    107.92    195.16      0.00      0.00      0.00      0.00

07:41:28        IFACE   rxpck/s   txpck/s    rxkB/s    txkB/s   rxcmp/s   txcmp/s  rxmcst/s   %ifutil
07:41:29         ens5    162.00    269.00    107.23    195.70      0.00      0.00      0.00      0.00

07:41:29        IFACE   rxpck/s   txpck/s    rxkB/s    txkB/s   rxcmp/s   txcmp/s  rxmcst/s   %ifutil
07:41:30         ens5    157.00    268.00    106.87    195.99      0.00      0.00      0.00      0.00

07:41:30        IFACE   rxpck/s   txpck/s    rxkB/s    txkB/s   rxcmp/s   txcmp/s  rxmcst/s   %ifutil
07:41:31         ens5    157.00    267.00    106.90    195.91      0.00      0.00      0.00      0.00

07:41:31        IFACE   rxpck/s   txpck/s    rxkB/s    txkB/s   rxcmp/s   txcmp/s  rxmcst/s   %ifutil
07:41:32         ens5    159.00    267.00    107.07    195.68      0.00      0.00      0.00      0.00

07:41:32        IFACE   rxpck/s   txpck/s    rxkB/s    txkB/s   rxcmp/s   txcmp/s  rxmcst/s   %ifutil
07:41:33         ens5    158.00    270.00    106.99    196.64      0.00      0.00      0.00      0.00

07:41:33        IFACE   rxpck/s   txpck/s    rxkB/s    txkB/s   rxcmp/s   txcmp/s  rxmcst/s   %ifutil
07:41:34         ens5    154.00    265.00    106.56    195.26      0.00      0.00      0.00      0.00

07:41:34        IFACE   rxpck/s   txpck/s    rxkB/s    txkB/s   rxcmp/s   txcmp/s  rxmcst/s   %ifutil
07:41:35         ens5    156.00    265.00    106.89    194.92      0.00      0.00      0.00      0.00

07:41:35        IFACE   rxpck/s   txpck/s    rxkB/s    txkB/s   rxcmp/s   txcmp/s  rxmcst/s   %ifutil
07:41:36         ens5    155.00    262.00    106.48    194.24      0.00      0.00      0.00      0.00

07:41:36        IFACE   rxpck/s   txpck/s    rxkB/s    txkB/s   rxcmp/s   txcmp/s  rxmcst/s   %ifutil
07:41:37         ens5    158.00    262.00    107.28    194.21      0.00      0.00      0.00      0.00

07:41:37        IFACE   rxpck/s   txpck/s    rxkB/s    txkB/s   rxcmp/s   txcmp/s  rxmcst/s   %ifutil
07:41:38         ens5    155.00    268.00    106.63    196.32      0.00      0.00      0.00      0.00

07:41:38        IFACE   rxpck/s   txpck/s    rxkB/s    txkB/s   rxcmp/s   txcmp/s  rxmcst/s   %ifutil
07:41:39         ens5    156.00    262.00    106.78    193.84      0.00      0.00      0.00      0.00

07:41:39        IFACE   rxpck/s   txpck/s    rxkB/s    txkB/s   rxcmp/s   txcmp/s  rxmcst/s   %ifutil
07:41:40         ens5    157.00    260.00    106.64    193.43      0.00      0.00      0.00      0.00

07:41:40        IFACE   rxpck/s   txpck/s    rxkB/s    txkB/s   rxcmp/s   txcmp/s  rxmcst/s   %ifutil
07:41:41         ens5    159.00    262.00    107.36    194.19      0.00      0.00      0.00      0.00

07:41:41        IFACE   rxpck/s   txpck/s    rxkB/s    txkB/s   rxcmp/s   txcmp/s  rxmcst/s   %ifutil
07:41:42         ens5    158.00    266.00    106.97    195.09      0.00      0.00      0.00      0.00

07:41:42        IFACE   rxpck/s   txpck/s    rxkB/s    txkB/s   rxcmp/s   txcmp/s  rxmcst/s   %ifutil
07:41:43         ens5    157.00    262.00    106.83    193.84      0.00      0.00      0.00      0.00

07:41:43        IFACE   rxpck/s   txpck/s    rxkB/s    txkB/s   rxcmp/s   txcmp/s  rxmcst/s   %ifutil
07:41:44         ens5    156.00    263.00    106.82    194.54      0.00      0.00      0.00      0.00

07:41:44        IFACE   rxpck/s   txpck/s    rxkB/s    txkB/s   rxcmp/s   txcmp/s  rxmcst/s   %ifutil
07:41:45         ens5    157.00    260.00    106.42    193.47      0.00      0.00      0.00      0.00

07:41:45        IFACE   rxpck/s   txpck/s    rxkB/s    txkB/s   rxcmp/s   txcmp/s  rxmcst/s   %ifutil
07:41:46         ens5    158.00    272.00    109.63    201.82      0.00      0.00      0.00      0.00

07:41:46        IFACE   rxpck/s   txpck/s    rxkB/s    txkB/s   rxcmp/s   txcmp/s  rxmcst/s   %ifutil
07:41:47         ens5    156.00    252.00    106.73    186.54      0.00      0.00      0.00      0.00

07:41:47        IFACE   rxpck/s   txpck/s    rxkB/s    txkB/s   rxcmp/s   txcmp/s  rxmcst/s   %ifutil
07:41:48         ens5    157.00    272.00    106.62    201.17      0.00      0.00      0.00      0.00

07:41:48        IFACE   rxpck/s   txpck/s    rxkB/s    txkB/s   rxcmp/s   txcmp/s  rxmcst/s   %ifutil
07:41:49         ens5    158.00    261.00    107.07    193.84      0.00      0.00      0.00      0.00

07:41:49        IFACE   rxpck/s   txpck/s    rxkB/s    txkB/s   rxcmp/s   txcmp/s  rxmcst/s   %ifutil
07:41:50         ens5    159.00    263.00    107.28    194.52      0.00      0.00      0.00      0.00

07:41:50        IFACE   rxpck/s   txpck/s    rxkB/s    txkB/s   rxcmp/s   txcmp/s  rxmcst/s   %ifutil
07:41:51         ens5    158.00    261.00    107.02    193.80      0.00      0.00      0.00      0.00

07:41:51        IFACE   rxpck/s   txpck/s    rxkB/s    txkB/s   rxcmp/s   txcmp/s  rxmcst/s   %ifutil
07:41:52         ens5    157.00    262.00    106.95    194.17      0.00      0.00      0.00      0.00

07:41:52        IFACE   rxpck/s   txpck/s    rxkB/s    txkB/s   rxcmp/s   txcmp/s  rxmcst/s   %ifutil
07:41:53         ens5    159.00    262.00    108.30    193.93      0.00      0.00      0.00      0.00

07:41:53        IFACE   rxpck/s   txpck/s    rxkB/s    txkB/s   rxcmp/s   txcmp/s  rxmcst/s   %ifutil
07:41:54         ens5    152.00    259.00    104.97    193.36      0.00      0.00      0.00      0.00

07:41:54        IFACE   rxpck/s   txpck/s    rxkB/s    txkB/s   rxcmp/s   txcmp/s  rxmcst/s   %ifutil
07:41:55         ens5    159.00    261.00    107.06    193.81      0.00      0.00      0.00      0.00

07:41:55        IFACE   rxpck/s   txpck/s    rxkB/s    txkB/s   rxcmp/s   txcmp/s  rxmcst/s   %ifutil
07:41:56         ens5    158.00    261.00    107.01    193.80      0.00      0.00      0.00      0.00

07:41:56        IFACE   rxpck/s   txpck/s    rxkB/s    txkB/s   rxcmp/s   txcmp/s  rxmcst/s   %ifutil
07:41:57         ens5    158.00    262.00    108.19    194.00      0.00      0.00      0.00      0.00

07:41:57        IFACE   rxpck/s   txpck/s    rxkB/s    txkB/s   rxcmp/s   txcmp/s  rxmcst/s   %ifutil
07:41:58         ens5    163.00    261.00    105.96    193.78      0.00      0.00      0.00      0.00

07:41:58        IFACE   rxpck/s   txpck/s    rxkB/s    txkB/s   rxcmp/s   txcmp/s  rxmcst/s   %ifutil
07:41:59         ens5    185.00    265.00    108.70    195.20      0.00      0.00      0.00      0.00

07:41:59        IFACE   rxpck/s   txpck/s    rxkB/s    txkB/s   rxcmp/s   txcmp/s  rxmcst/s   %ifutil
07:42:00         ens5    150.00    242.00     99.08    179.30      0.00      0.00      0.00      0.00

07:42:00        IFACE   rxpck/s   txpck/s    rxkB/s    txkB/s   rxcmp/s   txcmp/s  rxmcst/s   %ifutil
07:42:01         ens5    158.00    261.00    106.93    193.83      0.00      0.00      0.00      0.00

07:42:01        IFACE   rxpck/s   txpck/s    rxkB/s    txkB/s   rxcmp/s   txcmp/s  rxmcst/s   %ifutil
07:42:02         ens5     77.00    124.00     51.03     90.49      0.00      0.00      0.00      0.00

07:42:02        IFACE   rxpck/s   txpck/s    rxkB/s    txkB/s   rxcmp/s   txcmp/s  rxmcst/s   %ifutil
07:42:03         ens5     66.00    110.00     45.11     81.84      0.00      0.00      0.00      0.00

07:42:03        IFACE   rxpck/s   txpck/s    rxkB/s    txkB/s   rxcmp/s   txcmp/s  rxmcst/s   %ifutil
07:42:04         ens5    150.00    252.00    102.49    186.41      0.00      0.00      0.00      0.00

07:42:04        IFACE   rxpck/s   txpck/s    rxkB/s    txkB/s   rxcmp/s   txcmp/s  rxmcst/s   %ifutil
07:42:05         ens5    159.00    262.00    107.71    194.16      0.00      0.00      0.00      0.00

07:42:05        IFACE   rxpck/s   txpck/s    rxkB/s    txkB/s   rxcmp/s   txcmp/s  rxmcst/s   %ifutil
07:42:06         ens5    154.00    267.00    105.46    196.13      0.00      0.00      0.00      0.00

07:42:06        IFACE   rxpck/s   txpck/s    rxkB/s    txkB/s   rxcmp/s   txcmp/s  rxmcst/s   %ifutil
07:42:07         ens5      3.00      2.00      1.42      0.51      0.00      0.00      0.00      0.00



Average:        IFACE   rxpck/s   txpck/s    rxkB/s    txkB/s   rxcmp/s   txcmp/s  rxmcst/s   %ifutil
Average:         ens5    127.65    209.57     84.35    153.52      0.00      0.00      0.00      0.00
