Linux 7.0.0-1010-aws (ip-172-31-20-134) 	08/11/26 	_x86_64_	(2 CPU)

16:34:52        CPU     %user     %nice   %system   %iowait    %steal     %idle
16:34:53        all      1.52      0.00      1.52      0.00      0.00     96.97
16:34:54        all      0.50      0.00      0.00      0.00      0.00     99.50
16:34:55        all      0.50      0.00      0.50      1.00      0.00     98.01
16:34:56        all      1.00      0.00      0.00      0.00      0.00     99.00
16:34:57        all      0.00      0.00      0.00      0.00      0.00    100.00
16:34:58        all      1.00      0.00      1.00      0.00      0.50     97.51
16:34:59        all      5.05      0.00      1.01      0.00      0.00     93.94
16:35:00        all      0.00      0.00      0.00      0.00      1.01     98.99
16:35:01        all      0.50      0.00      0.50      0.00      0.50     98.51
16:35:02        all      5.37      0.00      0.00      0.00      4.88     89.76
16:35:03        all     13.64      0.00      2.02      0.00      0.00     84.34
16:35:04        all     40.82      0.00      3.06      0.00      0.00     56.12
16:35:05        all     69.90      0.00      7.14      0.00      0.00     22.96
16:35:06        all     26.26      0.00      3.54      0.00      0.00     70.20
16:35:07        all      1.00      0.00      0.50      0.00      0.00     98.51
16:35:08        all      0.00      0.00      0.50      0.00      0.00     99.50
16:35:09        all      0.00      0.00      0.50      0.00      0.00     99.50
16:35:10        all      0.00      0.00      0.00      0.00      0.00    100.00
16:35:11        all      0.50      0.00      0.00      0.00      0.00     99.50
16:35:12        all      0.00      0.00      0.00      0.00      0.00    100.00
16:35:13        all      0.00      0.00      0.00      0.00      0.00    100.00
16:35:14        all      5.50      0.00      1.00      0.00      0.00     93.50
16:35:15        all      0.00      0.00      0.00      0.00      0.00    100.00
16:35:16        all      0.50      0.00      0.50      0.00      0.00     99.00
16:35:17        all      0.00      0.00      0.00      0.00      0.00    100.00

Average:        all      6.87      0.00      0.92      0.04      0.28     91.89
