Linux 7.0.0-1010-aws (ip-172-31-20-134) 	08/11/26 	_x86_64_	(2 CPU)

16:34:52    kbmemfree   kbavail kbmemused  %memused kbbuffers  kbcached  kbcommit   %commit  kbactive   kbinact   kbdirty
16:34:53       192928   1321612    374656     19.20     33120   1208632   1478008     75.76    996600    514348       320
16:34:54       192928   1321612    374656     19.20     33120   1208632   1478008     75.76    996600    514348       320
16:34:55       192928   1321620    374632     19.20     33144   1208632   1478008     75.76    996684    514356       436
16:34:56       192928   1321620    374632     19.20     33144   1208632   1478008     75.76    996684    514356       436
16:34:57       192928   1321620    374628     19.20     33144   1208636   1478008     75.76    996684    514356       440
16:34:58       191920   1320612    375636     19.25     33144   1208636   1479296     75.83    998952    514356       440
16:34:59       191164   1319944    376304     19.29     33144   1208712   1479296     75.83    998888    514444       516
16:35:00       191164   1319944    376304     19.29     33144   1208712   1479296     75.83    998888    514444       516
16:35:01       191164   1319944    376304     19.29     33144   1208712   1479296     75.83    998888    514444       516
16:35:02       190660   1319444    376804     19.31     33144   1208716   1479820     75.85    999548    514448       520
16:35:03       187888   1316696    379552     19.46     33144   1208740   1509708     77.39   1003188    514472       544
16:35:04       185872   1315332    380880     19.52     33144   1209416   1543596     79.12   1006344    515116      1220
16:35:05       179332   1310032    386200     19.80     33144   1210604   1656808     84.93   1012420    516336      2408
16:35:06       179332   1310304    385840     19.78     33144   1210956   1657204     84.95   1009688    516604      2760
16:35:07       179332   1310432    385684     19.77     33144   1211108   1657204     84.95   1009748    516732      2912
16:35:08       179332   1310556    385672     19.77     33144   1211120   1657204     84.95   1009748    516856      2924
16:35:09       179332   1310556    385672     19.77     33144   1211120   1657204     84.95   1009748    516856      2924
16:35:10       179140   1310364    385864     19.78     33144   1211120   1657204     84.95   1009748    516856      2756
16:35:11       179092   1310320    385908     19.78     33144   1211124   1657204     84.95   1009764    516860      2748
16:35:12       179092   1310320    385908     19.78     33144   1211124   1657204     84.95   1009764    516860      2748
16:35:13       179092   1310320    385904     19.78     33144   1211128   1657204     84.95   1009764    516860      2704
16:35:14       179092   1310328    385896     19.78     33144   1211136   1657204     84.95   1009664    516868      2716
16:35:15       179092   1310328    385896     19.78     33144   1211136   1657204     84.95   1009700    516868      2716
16:35:16       179092   1310328    385896     19.78     33144   1211136   1657204     84.95   1009700    516868      2716
16:35:17       179092   1310328    385892     19.78     33144   1211140   1657204     84.95   1009700    516868      2720

Average:       184957   1314981    381249     19.54     33142   1209950   1575344     80.75   1004684    515671      1679
