Linux 7.0.0-1008-aws (ip-172-31-31-224) 	08/07/26 	_x86_64_	(2 CPU)

05:06:38        IFACE   rxpck/s   txpck/s    rxkB/s    txkB/s   rxcmp/s   txcmp/s  rxmcst/s   %ifutil
05:06:39         ens5     35.00     35.00      3.57      5.43      0.00      0.00      0.00      0.00

05:06:39        IFACE   rxpck/s   txpck/s    rxkB/s    txkB/s   rxcmp/s   txcmp/s  rxmcst/s   %ifutil
05:06:40         ens5     35.00     27.00      3.54      4.24      0.00      0.00      0.00      0.00

05:06:40        IFACE   rxpck/s   txpck/s    rxkB/s    txkB/s   rxcmp/s   txcmp/s  rxmcst/s   %ifutil
05:06:41         ens5     45.00     47.00      3.73      5.79      0.00      0.00      0.00      0.00

05:06:41        IFACE   rxpck/s   txpck/s    rxkB/s    txkB/s   rxcmp/s   txcmp/s  rxmcst/s   %ifutil
05:06:42         ens5      8.00      8.00      0.41      1.59      0.00      0.00      0.00      0.00

05:06:42        IFACE   rxpck/s   txpck/s    rxkB/s    txkB/s   rxcmp/s   txcmp/s  rxmcst/s   %ifutil
05:06:43         ens5      3.00      4.00      0.18      0.75      0.00      0.00      0.00      0.00

05:06:43        IFACE   rxpck/s   txpck/s    rxkB/s    txkB/s   rxcmp/s   txcmp/s  rxmcst/s   %ifutil
05:06:44         ens5     11.00     10.00      0.56      2.08      0.00      0.00      0.00      0.00

05:06:44        IFACE   rxpck/s   txpck/s    rxkB/s    txkB/s   rxcmp/s   txcmp/s  rxmcst/s   %ifutil
05:06:45         ens5      5.00      5.00      0.25      1.10      0.00      0.00      0.00      0.00

05:06:45        IFACE   rxpck/s   txpck/s    rxkB/s    txkB/s   rxcmp/s   txcmp/s  rxmcst/s   %ifutil
05:06:46         ens5      4.00      4.00      0.20      0.84      0.00      0.00      0.00      0.00

05:06:46        IFACE   rxpck/s   txpck/s    rxkB/s    txkB/s   rxcmp/s   txcmp/s  rxmcst/s   %ifutil
05:06:47         ens5      0.00      0.00      0.00      0.00      0.00      0.00      0.00      0.00

05:06:47        IFACE   rxpck/s   txpck/s    rxkB/s    txkB/s   rxcmp/s   txcmp/s  rxmcst/s   %ifutil
05:06:48         ens5     86.00     79.00      5.39     35.17      0.00      0.00      0.00      0.00

05:06:48        IFACE   rxpck/s   txpck/s    rxkB/s    txkB/s   rxcmp/s   txcmp/s  rxmcst/s   %ifutil
05:06:49         ens5    144.00    128.00      9.00     52.30      0.00      0.00      0.00      0.00

05:06:49        IFACE   rxpck/s   txpck/s    rxkB/s    txkB/s   rxcmp/s   txcmp/s  rxmcst/s   %ifutil
05:06:50         ens5    140.00    123.00      8.73     50.17      0.00      0.00      0.00      0.00

05:06:50        IFACE   rxpck/s   txpck/s    rxkB/s    txkB/s   rxcmp/s   txcmp/s  rxmcst/s   %ifutil
05:06:51         ens5    144.00    127.00      8.96     51.30      0.00      0.00      0.00      0.00

05:06:51        IFACE   rxpck/s   txpck/s    rxkB/s    txkB/s   rxcmp/s   txcmp/s  rxmcst/s   %ifutil
05:06:52         ens5    144.00    128.00      9.00     52.31      0.00      0.00      0.00      0.00

05:06:52        IFACE   rxpck/s   txpck/s    rxkB/s    txkB/s   rxcmp/s   txcmp/s  rxmcst/s   %ifutil
05:06:53         ens5    143.00    128.00      8.95     52.30      0.00      0.00      0.00      0.00

05:06:53        IFACE   rxpck/s   txpck/s    rxkB/s    txkB/s   rxcmp/s   txcmp/s  rxmcst/s   %ifutil
05:06:54         ens5    141.00    127.00      8.85     52.28      0.00      0.00      0.00      0.00

05:06:54        IFACE   rxpck/s   txpck/s    rxkB/s    txkB/s   rxcmp/s   txcmp/s  rxmcst/s   %ifutil
05:06:55         ens5    142.00    124.00      8.87     50.40      0.00      0.00      0.00      0.00

05:06:55        IFACE   rxpck/s   txpck/s    rxkB/s    txkB/s   rxcmp/s   txcmp/s  rxmcst/s   %ifutil
05:06:56         ens5    141.00    125.00      8.83     51.33      0.00      0.00      0.00      0.00

05:06:56        IFACE   rxpck/s   txpck/s    rxkB/s    txkB/s   rxcmp/s   txcmp/s  rxmcst/s   %ifutil
05:06:57         ens5    144.00    128.00      9.03     52.46      0.00      0.00      0.00      0.00

05:06:57        IFACE   rxpck/s   txpck/s    rxkB/s    txkB/s   rxcmp/s   txcmp/s  rxmcst/s   %ifutil
05:06:58         ens5    143.00    128.00      8.98     52.47      0.00      0.00      0.00      0.00

05:06:58        IFACE   rxpck/s   txpck/s    rxkB/s    txkB/s   rxcmp/s   txcmp/s  rxmcst/s   %ifutil
05:06:59         ens5    128.00    124.00      8.21     50.41      0.00      0.00      0.00      0.00

05:06:59        IFACE   rxpck/s   txpck/s    rxkB/s    txkB/s   rxcmp/s   txcmp/s  rxmcst/s   %ifutil
05:07:00         ens5    122.00    124.00      7.87     51.27      0.00      0.00      0.00      0.00

05:07:00        IFACE   rxpck/s   txpck/s    rxkB/s    txkB/s   rxcmp/s   txcmp/s  rxmcst/s   %ifutil
05:07:01         ens5    123.00    121.00      7.86     49.24      0.00      0.00      0.00      0.00

05:07:01        IFACE   rxpck/s   txpck/s    rxkB/s    txkB/s   rxcmp/s   txcmp/s  rxmcst/s   %ifutil
05:07:02         ens5    117.00    119.00      7.55     49.11      0.00      0.00      0.00      0.00

05:07:02        IFACE   rxpck/s   txpck/s    rxkB/s    txkB/s   rxcmp/s   txcmp/s  rxmcst/s   %ifutil
05:07:03         ens5    125.00    123.00      8.00     50.34      0.00      0.00      0.00      0.00

05:07:03        IFACE   rxpck/s   txpck/s    rxkB/s    txkB/s   rxcmp/s   txcmp/s  rxmcst/s   %ifutil
05:07:04         ens5    128.00    128.00      8.22     52.47      0.00      0.00      0.00      0.00

05:07:04        IFACE   rxpck/s   txpck/s    rxkB/s    txkB/s   rxcmp/s   txcmp/s  rxmcst/s   %ifutil
05:07:05         ens5    127.00    127.00      8.11     51.44      0.00      0.00      0.00      0.00

05:07:05        IFACE   rxpck/s   txpck/s    rxkB/s    txkB/s   rxcmp/s   txcmp/s  rxmcst/s   %ifutil
05:07:06         ens5    128.00    128.00      8.22     52.46      0.00      0.00      0.00      0.00

05:07:06        IFACE   rxpck/s   txpck/s    rxkB/s    txkB/s   rxcmp/s   txcmp/s  rxmcst/s   %ifutil
05:07:07         ens5    125.00    127.00      8.07     52.40      0.00      0.00      0.00      0.00

05:07:07        IFACE   rxpck/s   txpck/s    rxkB/s    txkB/s   rxcmp/s   txcmp/s  rxmcst/s   %ifutil
05:07:08         ens5    128.00    128.00      8.22     52.47      0.00      0.00      0.00      0.00

05:07:08        IFACE   rxpck/s   txpck/s    rxkB/s    txkB/s   rxcmp/s   txcmp/s  rxmcst/s   %ifutil
05:07:09         ens5    126.00    124.00      8.05     50.39      0.00      0.00      0.00      0.00

05:07:09        IFACE   rxpck/s   txpck/s    rxkB/s    txkB/s   rxcmp/s   txcmp/s  rxmcst/s   %ifutil
05:07:10         ens5    128.00    128.00      8.22     52.48      0.00      0.00      0.00      0.00

05:07:10        IFACE   rxpck/s   txpck/s    rxkB/s    txkB/s   rxcmp/s   txcmp/s  rxmcst/s   %ifutil
05:07:11         ens5    128.00    127.00      8.25     52.43      0.00      0.00      0.00      0.00

05:07:11        IFACE   rxpck/s   txpck/s    rxkB/s    txkB/s   rxcmp/s   txcmp/s  rxmcst/s   %ifutil
05:07:12         ens5    125.00    126.00      8.03     51.40      0.00      0.00      0.00      0.00

05:07:12        IFACE   rxpck/s   txpck/s    rxkB/s    txkB/s   rxcmp/s   txcmp/s  rxmcst/s   %ifutil
05:07:13         ens5    126.00    127.00      8.12     52.41      0.00      0.00      0.00      0.00

05:07:13        IFACE   rxpck/s   txpck/s    rxkB/s    txkB/s   rxcmp/s   txcmp/s  rxmcst/s   %ifutil
05:07:14         ens5    125.00    123.00      8.00     50.33      0.00      0.00      0.00      0.00

05:07:14        IFACE   rxpck/s   txpck/s    rxkB/s    txkB/s   rxcmp/s   txcmp/s  rxmcst/s   %ifutil
05:07:15         ens5    129.00    129.00      8.29     52.56      0.00      0.00      0.00      0.00

05:07:15        IFACE   rxpck/s   txpck/s    rxkB/s    txkB/s   rxcmp/s   txcmp/s  rxmcst/s   %ifutil
05:07:16         ens5    128.00    128.00      8.22     52.47      0.00      0.00      0.00      0.00

05:07:16        IFACE   rxpck/s   txpck/s    rxkB/s    txkB/s   rxcmp/s   txcmp/s  rxmcst/s   %ifutil
05:07:17         ens5    126.00    126.00      8.08     51.40      0.00      0.00      0.00      0.00

05:07:17        IFACE   rxpck/s   txpck/s    rxkB/s    txkB/s   rxcmp/s   txcmp/s  rxmcst/s   %ifutil
05:07:18         ens5    125.00    127.00      8.07     52.38      0.00      0.00      0.00      0.00

05:07:18        IFACE   rxpck/s   txpck/s    rxkB/s    txkB/s   rxcmp/s   txcmp/s  rxmcst/s   %ifutil
05:07:19         ens5    125.00    123.00      8.00     50.31      0.00      0.00      0.00      0.00

05:07:19        IFACE   rxpck/s   txpck/s    rxkB/s    txkB/s   rxcmp/s   txcmp/s  rxmcst/s   %ifutil
05:07:20         ens5    128.00    128.00      8.22     52.46      0.00      0.00      0.00      0.00

05:07:20        IFACE   rxpck/s   txpck/s    rxkB/s    txkB/s   rxcmp/s   txcmp/s  rxmcst/s   %ifutil
05:07:21         ens5    127.00    126.00      8.13     51.38      0.00      0.00      0.00      0.00

05:07:21        IFACE   rxpck/s   txpck/s    rxkB/s    txkB/s   rxcmp/s   txcmp/s  rxmcst/s   %ifutil
05:07:22         ens5    126.00    128.00      8.12     52.45      0.00      0.00      0.00      0.00

05:07:22        IFACE   rxpck/s   txpck/s    rxkB/s    txkB/s   rxcmp/s   txcmp/s  rxmcst/s   %ifutil
05:07:23         ens5    130.00    128.00      8.36     52.48      0.00      0.00      0.00      0.00

05:07:23        IFACE   rxpck/s   txpck/s    rxkB/s    txkB/s   rxcmp/s   txcmp/s  rxmcst/s   %ifutil
05:07:24         ens5    128.00    128.00      8.22     52.47      0.00      0.00      0.00      0.00

05:07:24        IFACE   rxpck/s   txpck/s    rxkB/s    txkB/s   rxcmp/s   txcmp/s  rxmcst/s   %ifutil
05:07:25         ens5    125.00    128.00      8.07     52.61      0.00      0.00      0.00      0.00

05:07:25        IFACE   rxpck/s   txpck/s    rxkB/s    txkB/s   rxcmp/s   txcmp/s  rxmcst/s   %ifutil
05:07:26         ens5    126.00    123.00      8.21     50.34      0.00      0.00      0.00      0.00

05:07:26        IFACE   rxpck/s   txpck/s    rxkB/s    txkB/s   rxcmp/s   txcmp/s  rxmcst/s   %ifutil
05:07:27         ens5    128.00    128.00      8.22     52.46      0.00      0.00      0.00      0.00

05:07:27        IFACE   rxpck/s   txpck/s    rxkB/s    txkB/s   rxcmp/s   txcmp/s  rxmcst/s   %ifutil
05:07:28         ens5    128.00    128.00      8.22     52.48      0.00      0.00      0.00      0.00

05:07:28        IFACE   rxpck/s   txpck/s    rxkB/s    txkB/s   rxcmp/s   txcmp/s  rxmcst/s   %ifutil
05:07:29         ens5    127.00    126.00      8.13     51.40      0.00      0.00      0.00      0.00

05:07:29        IFACE   rxpck/s   txpck/s    rxkB/s    txkB/s   rxcmp/s   txcmp/s  rxmcst/s   %ifutil
05:07:30         ens5    127.00    128.00      8.17     52.45      0.00      0.00      0.00      0.00

05:07:30        IFACE   rxpck/s   txpck/s    rxkB/s    txkB/s   rxcmp/s   txcmp/s  rxmcst/s   %ifutil
05:07:31         ens5    126.00    128.00      8.14     52.51      0.00      0.00      0.00      0.00

05:07:31        IFACE   rxpck/s   txpck/s    rxkB/s    txkB/s   rxcmp/s   txcmp/s  rxmcst/s   %ifutil
05:07:32         ens5    125.00    123.00      8.00     50.31      0.00      0.00      0.00      0.00

05:07:32        IFACE   rxpck/s   txpck/s    rxkB/s    txkB/s   rxcmp/s   txcmp/s  rxmcst/s   %ifutil
05:07:33         ens5    128.00    128.00      8.22     52.48      0.00      0.00      0.00      0.00

05:07:33        IFACE   rxpck/s   txpck/s    rxkB/s    txkB/s   rxcmp/s   txcmp/s  rxmcst/s   %ifutil
05:07:34         ens5    128.00    126.00      8.22     51.40      0.00      0.00      0.00      0.00

05:07:34        IFACE   rxpck/s   txpck/s    rxkB/s    txkB/s   rxcmp/s   txcmp/s  rxmcst/s   %ifutil
05:07:35         ens5    127.00    128.00      8.17     52.48      0.00      0.00      0.00      0.00

05:07:35        IFACE   rxpck/s   txpck/s    rxkB/s    txkB/s   rxcmp/s   txcmp/s  rxmcst/s   %ifutil
05:07:36         ens5    127.00    128.00      8.17     52.47      0.00      0.00      0.00      0.00

05:07:36        IFACE   rxpck/s   txpck/s    rxkB/s    txkB/s   rxcmp/s   txcmp/s  rxmcst/s   %ifutil
05:07:37         ens5    127.00    128.00      8.17     52.46      0.00      0.00      0.00      0.00

05:07:37        IFACE   rxpck/s   txpck/s    rxkB/s    txkB/s   rxcmp/s   txcmp/s  rxmcst/s   %ifutil
05:07:38         ens5    129.00    128.00      8.27     52.47      0.00      0.00      0.00      0.00

05:07:38        IFACE   rxpck/s   txpck/s    rxkB/s    txkB/s   rxcmp/s   txcmp/s  rxmcst/s   %ifutil
05:07:39         ens5    127.00    128.00      8.17     52.49      0.00      0.00      0.00      0.00

05:07:39        IFACE   rxpck/s   txpck/s    rxkB/s    txkB/s   rxcmp/s   txcmp/s  rxmcst/s   %ifutil
05:07:40         ens5    125.00    123.00      8.00     50.33      0.00      0.00      0.00      0.00

05:07:40        IFACE   rxpck/s   txpck/s    rxkB/s    txkB/s   rxcmp/s   txcmp/s  rxmcst/s   %ifutil
05:07:41         ens5    127.00    126.00      8.13     51.40      0.00      0.00      0.00      0.00

05:07:41        IFACE   rxpck/s   txpck/s    rxkB/s    txkB/s   rxcmp/s   txcmp/s  rxmcst/s   %ifutil
05:07:42         ens5    128.00    128.00      8.22     52.48      0.00      0.00      0.00      0.00

05:07:42        IFACE   rxpck/s   txpck/s    rxkB/s    txkB/s   rxcmp/s   txcmp/s  rxmcst/s   %ifutil
05:07:43         ens5    136.00    128.00      8.62     52.45      0.00      0.00      0.00      0.00

05:07:43        IFACE   rxpck/s   txpck/s    rxkB/s    txkB/s   rxcmp/s   txcmp/s  rxmcst/s   %ifutil
05:07:44         ens5    143.00    128.00      8.98     52.47      0.00      0.00      0.00      0.00

05:07:44        IFACE   rxpck/s   txpck/s    rxkB/s    txkB/s   rxcmp/s   txcmp/s  rxmcst/s   %ifutil
05:07:45         ens5    141.00    127.00      8.88     52.42      0.00      0.00      0.00      0.00

05:07:45        IFACE   rxpck/s   txpck/s    rxkB/s    txkB/s   rxcmp/s   txcmp/s  rxmcst/s   %ifutil
05:07:46         ens5    138.00    124.00      8.70     50.40      0.00      0.00      0.00      0.00

05:07:46        IFACE   rxpck/s   txpck/s    rxkB/s    txkB/s   rxcmp/s   txcmp/s  rxmcst/s   %ifutil
05:07:47         ens5    127.00    128.00      8.18     52.48      0.00      0.00      0.00      0.00

05:07:47        IFACE   rxpck/s   txpck/s    rxkB/s    txkB/s   rxcmp/s   txcmp/s  rxmcst/s   %ifutil
05:07:48         ens5    135.00    126.00      8.54     51.42      0.00      0.00      0.00      0.00

05:07:48        IFACE   rxpck/s   txpck/s    rxkB/s    txkB/s   rxcmp/s   txcmp/s  rxmcst/s   %ifutil
05:07:49         ens5    141.00    127.00      8.88     52.39      0.00      0.00      0.00      0.00

05:07:49        IFACE   rxpck/s   txpck/s    rxkB/s    txkB/s   rxcmp/s   txcmp/s  rxmcst/s   %ifutil
05:07:50         ens5    141.00    124.00      8.82     50.40      0.00      0.00      0.00      0.00

05:07:50        IFACE   rxpck/s   txpck/s    rxkB/s    txkB/s   rxcmp/s   txcmp/s  rxmcst/s   %ifutil
05:07:51         ens5    124.00    109.00      7.76     44.77      0.00      0.00      0.00      0.00

05:07:51        IFACE   rxpck/s   txpck/s    rxkB/s    txkB/s   rxcmp/s   txcmp/s  rxmcst/s   %ifutil
05:07:52         ens5      0.00      0.00      0.00      0.00      0.00      0.00      0.00      0.00

05:07:52        IFACE   rxpck/s   txpck/s    rxkB/s    txkB/s   rxcmp/s   txcmp/s  rxmcst/s   %ifutil
05:07:53         ens5      0.00      0.00      0.00      0.00      0.00      0.00      0.00      0.00

05:07:53        IFACE   rxpck/s   txpck/s    rxkB/s    txkB/s   rxcmp/s   txcmp/s  rxmcst/s   %ifutil
05:07:54         ens5      0.00      0.00      0.00      0.00      0.00      0.00      0.00      0.00



Average:        IFACE   rxpck/s   txpck/s    rxkB/s    txkB/s   rxcmp/s   txcmp/s  rxmcst/s   %ifutil
Average:         ens5    111.18    107.42      7.13     43.55      0.00      0.00      0.00      0.00
