Linux 7.0.0-1010-aws (ip-172-31-20-134) 	08/11/26 	_x86_64_	(2 CPU)

17:12:46    kbmemfree   kbavail kbmemused  %memused kbbuffers  kbcached  kbcommit   %commit  kbactive   kbinact   kbdirty
17:12:47       139592   1330572    363044     18.61     30716   1271688   1474164     75.56    995480    577184      4188
17:12:48       139592   1330572    363044     18.61     30716   1271688   1478260     75.77    996152    577184      4188
17:12:49       139592   1330572    363044     18.61     30716   1271688   1478260     75.77    996440    577184       176
17:12:50       139592   1330572    363044     18.61     30716   1271688   1478260     75.77    996440    577184       176
17:12:51       139592   1330572    363044     18.61     30716   1271688   1478260     75.77    996440    577184       176
17:12:52       139592   1330572    363040     18.61     30716   1271692   1478260     75.77    996440    577184       180
17:12:53       138584   1329564    364048     18.66     30716   1271692   1479764     75.85    997700    577184       180
17:12:54       138584   1329572    363984     18.66     30716   1271748   1479764     75.85    997800    577188       236
17:12:55       138584   1329644    363960     18.66     30740   1271748   1479764     75.85    997948    577260       256
17:12:56       138584   1329644    363960     18.66     30740   1271748   1479764     75.85    997948    577260       256
17:12:57       131840   1322984    370536     18.99     30740   1271916   1514128     77.61   1002988    577344       424
17:12:58       116792   1309580    384032     19.68     30740   1273464   1813568     92.96   1014536    578984      1972
17:12:59       104232   1298412    395000     20.25     30740   1274916   2048492    105.00   1027316    580352      3172
17:13:00        99576   1294088    399368     20.47     30740   1275152   2049428    105.05   1023796    580580      3432
17:13:01        99576   1294284    399132     20.46     30740   1275380   2049428    105.05   1023852    580772      3660
17:13:02        99576   1294284    399132     20.46     30740   1275380   2049428    105.05   1023852    580772      3660
17:13:03        99576   1294284    399132     20.46     30740   1275380   2049428    105.05   1024272    580772      3660
17:13:04        99576   1294328    399132     20.46     30740   1275380   2049428    105.05   1024304    580816      3660
17:13:05        99576   1294328    399132     20.46     30740   1275380   2049428    105.05   1024304    580816      3660
17:13:06        99576   1294328    399132     20.46     30740   1275380   2049428    105.05   1024304    580816      3660
17:13:07        99576   1294348    399124     20.46     30740   1275388   2049428    105.05   1024384    580836      3620


Average:       121017   1313672    379860     19.47     30731   1273342   1740768     89.23   1009843    578803      2123
