Linux 7.0.0-1010-aws (ip-172-31-20-134) 	08/11/26 	_x86_64_	(2 CPU)

17:12:46        IFACE   rxpck/s   txpck/s    rxkB/s    txkB/s   rxcmp/s   txcmp/s  rxmcst/s   %ifutil
17:12:47         ens5     50.00     45.00      4.38      5.25      0.00      0.00      0.00      0.00

17:12:47        IFACE   rxpck/s   txpck/s    rxkB/s    txkB/s   rxcmp/s   txcmp/s  rxmcst/s   %ifutil
17:12:48         ens5     46.00     40.00      3.95      4.20      0.00      0.00      0.00      0.00

17:12:48        IFACE   rxpck/s   txpck/s    rxkB/s    txkB/s   rxcmp/s   txcmp/s  rxmcst/s   %ifutil
17:12:49         ens5      2.00      1.00      0.12      0.09      0.00      0.00      0.00      0.00

17:12:49        IFACE   rxpck/s   txpck/s    rxkB/s    txkB/s   rxcmp/s   txcmp/s  rxmcst/s   %ifutil
17:12:50         ens5      0.00      0.00      0.00      0.00      0.00      0.00      0.00      0.00

17:12:50        IFACE   rxpck/s   txpck/s    rxkB/s    txkB/s   rxcmp/s   txcmp/s  rxmcst/s   %ifutil
17:12:51         ens5      0.00      0.00      0.00      0.00      0.00      0.00      0.00      0.00

17:12:51        IFACE   rxpck/s   txpck/s    rxkB/s    txkB/s   rxcmp/s   txcmp/s  rxmcst/s   %ifutil
17:12:52         ens5      0.00      0.00      0.00      0.00      0.00      0.00      0.00      0.00

17:12:52        IFACE   rxpck/s   txpck/s    rxkB/s    txkB/s   rxcmp/s   txcmp/s  rxmcst/s   %ifutil
17:12:53         ens5     57.00     52.00     53.38      3.83      0.00      0.00      0.00      0.00

17:12:53        IFACE   rxpck/s   txpck/s    rxkB/s    txkB/s   rxcmp/s   txcmp/s  rxmcst/s   %ifutil
17:12:54         ens5      0.00      0.00      0.00      0.00      0.00      0.00      0.00      0.00

17:12:54        IFACE   rxpck/s   txpck/s    rxkB/s    txkB/s   rxcmp/s   txcmp/s  rxmcst/s   %ifutil
17:12:55         ens5      0.00      0.00      0.00      0.00      0.00      0.00      0.00      0.00

17:12:55        IFACE   rxpck/s   txpck/s    rxkB/s    txkB/s   rxcmp/s   txcmp/s  rxmcst/s   %ifutil
17:12:56         ens5      0.00      0.00      0.00      0.00      0.00      0.00      0.00      0.00

17:12:56        IFACE   rxpck/s   txpck/s    rxkB/s    txkB/s   rxcmp/s   txcmp/s  rxmcst/s   %ifutil
17:12:57         ens5    231.00    175.00    232.37     14.96      0.00      0.00      0.00      0.00

17:12:57        IFACE   rxpck/s   txpck/s    rxkB/s    txkB/s   rxcmp/s   txcmp/s  rxmcst/s   %ifutil
17:12:58         ens5   1479.00   1089.00   1441.18     88.04      0.00      0.00      0.00      0.00

17:12:58        IFACE   rxpck/s   txpck/s    rxkB/s    txkB/s   rxcmp/s   txcmp/s  rxmcst/s   %ifutil
17:12:59         ens5   1196.00    900.00   1212.68     73.24      0.00      0.00      0.00      0.00

17:12:59        IFACE   rxpck/s   txpck/s    rxkB/s    txkB/s   rxcmp/s   txcmp/s  rxmcst/s   %ifutil
17:13:00         ens5    188.00    276.00    185.20     31.51      0.00      0.00      0.00      0.00

17:13:00        IFACE   rxpck/s   txpck/s    rxkB/s    txkB/s   rxcmp/s   txcmp/s  rxmcst/s   %ifutil
17:13:01         ens5      0.00      0.00      0.00      0.00      0.00      0.00      0.00      0.00

17:13:01        IFACE   rxpck/s   txpck/s    rxkB/s    txkB/s   rxcmp/s   txcmp/s  rxmcst/s   %ifutil
17:13:02         ens5      0.00      0.00      0.00      0.00      0.00      0.00      0.00      0.00

17:13:02        IFACE   rxpck/s   txpck/s    rxkB/s    txkB/s   rxcmp/s   txcmp/s  rxmcst/s   %ifutil
17:13:03         ens5      0.00      0.00      0.00      0.00      0.00      0.00      0.00      0.00

17:13:03        IFACE   rxpck/s   txpck/s    rxkB/s    txkB/s   rxcmp/s   txcmp/s  rxmcst/s   %ifutil
17:13:04         ens5      0.00      0.00      0.00      0.00      0.00      0.00      0.00      0.00

17:13:04        IFACE   rxpck/s   txpck/s    rxkB/s    txkB/s   rxcmp/s   txcmp/s  rxmcst/s   %ifutil
17:13:05         ens5      1.00      1.00      0.07      0.09      0.00      0.00      0.00      0.00

17:13:05        IFACE   rxpck/s   txpck/s    rxkB/s    txkB/s   rxcmp/s   txcmp/s  rxmcst/s   %ifutil
17:13:06         ens5      0.00      0.00      0.00      0.00      0.00      0.00      0.00      0.00

17:13:06        IFACE   rxpck/s   txpck/s    rxkB/s    txkB/s   rxcmp/s   txcmp/s  rxmcst/s   %ifutil
17:13:07         ens5      0.00      0.00      0.00      0.00      0.00      0.00      0.00      0.00



Average:        IFACE   rxpck/s   txpck/s    rxkB/s    txkB/s   rxcmp/s   txcmp/s  rxmcst/s   %ifutil
Average:         ens5    154.76    122.81    149.21     10.53      0.00      0.00      0.00      0.00
