Linux 7.0.0-1010-aws (ip-172-31-20-134) 	08/11/26 	_x86_64_	(2 CPU)

17:08:57        CPU     %user     %nice   %system   %iowait    %steal     %idle
17:08:58        all      2.00      0.00      1.50      0.00      0.00     96.50
17:08:59        all      5.05      0.00      1.52      0.00      0.00     93.43
17:09:00        all      0.00      0.00      0.00      0.00      1.49     98.51
17:09:01        all      0.00      0.00      0.50      0.00      0.50     98.99
17:09:02        all      0.99      0.00      0.00      0.00      1.97     97.04
17:09:03        all      3.54      0.00      0.51      0.00      0.00     95.96
17:09:04        all      0.50      0.00      0.00      0.00      0.00     99.50
17:09:05        all      0.00      0.00      0.00      0.00      0.50     99.50
17:09:06        all      1.01      0.00      0.00      0.00      0.00     98.99
17:09:07        all      0.00      0.00      0.50      0.00      0.00     99.50
17:09:08        all      0.50      0.00      0.00      0.00      0.00     99.50
17:09:09        all      0.00      0.00      0.00      0.00      0.00    100.00
17:09:10        all      3.03      0.00      1.01      0.00      0.00     95.96
17:09:11        all     26.77      0.00      3.03      0.00      0.00     70.20
17:09:12        all     82.56      0.00      7.18      0.00      0.00     10.26
17:09:13        all     24.87      0.00      2.54      0.00      0.51     72.08
17:09:14        all      5.53      0.00      1.01      0.00      0.00     93.47
17:09:15        all      0.00      0.00      0.00      0.00      0.00    100.00
17:09:16        all      0.00      0.00      0.00      0.00      0.00    100.00
17:09:17        all      0.00      0.00      0.00      0.00      0.00    100.00
17:09:18        all      0.99      0.00      0.99      0.00      0.00     98.02
17:09:19        all      0.00      0.00      0.50      0.00      0.00     99.50
17:09:20        all      0.00      0.00      0.00      0.00      0.00    100.00
17:09:21        all      0.00      0.00      0.00      0.00      0.00    100.00
17:09:22        all      0.50      0.00      0.00      0.00      0.00     99.50
17:09:23        all      0.00      0.00      0.50      0.00      0.00     99.50

Average:        all      5.99      0.00      0.81      0.00      0.19     93.00
