Linux 7.0.0-1010-aws (ip-172-31-20-134) 	08/11/26 	_x86_64_	(2 CPU)

17:08:57        IFACE   rxpck/s   txpck/s    rxkB/s    txkB/s   rxcmp/s   txcmp/s  rxmcst/s   %ifutil
17:08:58         ens5     41.00     38.00      3.88      4.64      0.00      0.00      0.00      0.00

17:08:58        IFACE   rxpck/s   txpck/s    rxkB/s    txkB/s   rxcmp/s   txcmp/s  rxmcst/s   %ifutil
17:08:59         ens5     31.00     24.00      2.84      2.81      0.00      0.00      0.00      0.00

17:08:59        IFACE   rxpck/s   txpck/s    rxkB/s    txkB/s   rxcmp/s   txcmp/s  rxmcst/s   %ifutil
17:09:00         ens5      0.00      0.00      0.00      0.00      0.00      0.00      0.00      0.00

17:09:00        IFACE   rxpck/s   txpck/s    rxkB/s    txkB/s   rxcmp/s   txcmp/s  rxmcst/s   %ifutil
17:09:01         ens5      0.00      0.00      0.00      0.00      0.00      0.00      0.00      0.00

17:09:01        IFACE   rxpck/s   txpck/s    rxkB/s    txkB/s   rxcmp/s   txcmp/s  rxmcst/s   %ifutil
17:09:02         ens5      0.00      0.00      0.00      0.00      0.00      0.00      0.00      0.00

17:09:02        IFACE   rxpck/s   txpck/s    rxkB/s    txkB/s   rxcmp/s   txcmp/s  rxmcst/s   %ifutil
17:09:03         ens5      1.00      1.00      0.07      0.09      0.00      0.00      0.00      0.00

17:09:03        IFACE   rxpck/s   txpck/s    rxkB/s    txkB/s   rxcmp/s   txcmp/s  rxmcst/s   %ifutil
17:09:04         ens5      0.00      0.00      0.00      0.00      0.00      0.00      0.00      0.00

17:09:04        IFACE   rxpck/s   txpck/s    rxkB/s    txkB/s   rxcmp/s   txcmp/s  rxmcst/s   %ifutil
17:09:05         ens5      0.00      0.00      0.00      0.00      0.00      0.00      0.00      0.00

17:09:05        IFACE   rxpck/s   txpck/s    rxkB/s    txkB/s   rxcmp/s   txcmp/s  rxmcst/s   %ifutil
17:09:06         ens5     40.00     43.00     27.66      3.18      0.00      0.00      0.00      0.00

17:09:06        IFACE   rxpck/s   txpck/s    rxkB/s    txkB/s   rxcmp/s   txcmp/s  rxmcst/s   %ifutil
17:09:07         ens5      0.00      0.00      0.00      0.00      0.00      0.00      0.00      0.00

17:09:07        IFACE   rxpck/s   txpck/s    rxkB/s    txkB/s   rxcmp/s   txcmp/s  rxmcst/s   %ifutil
17:09:08         ens5      0.00      0.00      0.00      0.00      0.00      0.00      0.00      0.00

17:09:08        IFACE   rxpck/s   txpck/s    rxkB/s    txkB/s   rxcmp/s   txcmp/s  rxmcst/s   %ifutil
17:09:09         ens5      1.00      1.00      0.21      0.22      0.00      0.00      0.00      0.00

17:09:09        IFACE   rxpck/s   txpck/s    rxkB/s    txkB/s   rxcmp/s   txcmp/s  rxmcst/s   %ifutil
17:09:10         ens5     45.00     45.00     27.94      3.99      0.00      0.00      0.00      0.00

17:09:10        IFACE   rxpck/s   txpck/s    rxkB/s    txkB/s   rxcmp/s   txcmp/s  rxmcst/s   %ifutil
17:09:11         ens5    312.00    313.00    190.53     27.90      0.00      0.00      0.00      0.00

17:09:11        IFACE   rxpck/s   txpck/s    rxkB/s    txkB/s   rxcmp/s   txcmp/s  rxmcst/s   %ifutil
17:09:12         ens5    968.00    976.00    603.13     86.38      0.00      0.00      0.00      0.00

17:09:12        IFACE   rxpck/s   txpck/s    rxkB/s    txkB/s   rxcmp/s   txcmp/s  rxmcst/s   %ifutil
17:09:13         ens5    307.00    307.00    190.04     27.22      0.00      0.00      0.00      0.00

17:09:13        IFACE   rxpck/s   txpck/s    rxkB/s    txkB/s   rxcmp/s   txcmp/s  rxmcst/s   %ifutil
17:09:14         ens5      6.00      5.00      5.35      0.40      0.00      0.00      0.00      0.00

17:09:14        IFACE   rxpck/s   txpck/s    rxkB/s    txkB/s   rxcmp/s   txcmp/s  rxmcst/s   %ifutil
17:09:15         ens5      0.00      0.00      0.00      0.00      0.00      0.00      0.00      0.00

17:09:15        IFACE   rxpck/s   txpck/s    rxkB/s    txkB/s   rxcmp/s   txcmp/s  rxmcst/s   %ifutil
17:09:16         ens5      0.00      0.00      0.00      0.00      0.00      0.00      0.00      0.00

17:09:16        IFACE   rxpck/s   txpck/s    rxkB/s    txkB/s   rxcmp/s   txcmp/s  rxmcst/s   %ifutil
17:09:17         ens5      0.00      0.00      0.00      0.00      0.00      0.00      0.00      0.00

17:09:17        IFACE   rxpck/s   txpck/s    rxkB/s    txkB/s   rxcmp/s   txcmp/s  rxmcst/s   %ifutil
17:09:18         ens5      0.00      0.00      0.00      0.00      0.00      0.00      0.00      0.00

17:09:18        IFACE   rxpck/s   txpck/s    rxkB/s    txkB/s   rxcmp/s   txcmp/s  rxmcst/s   %ifutil
17:09:19         ens5      1.00      1.00      0.07      0.09      0.00      0.00      0.00      0.00

17:09:19        IFACE   rxpck/s   txpck/s    rxkB/s    txkB/s   rxcmp/s   txcmp/s  rxmcst/s   %ifutil
17:09:20         ens5      0.00      0.00      0.00      0.00      0.00      0.00      0.00      0.00

17:09:20        IFACE   rxpck/s   txpck/s    rxkB/s    txkB/s   rxcmp/s   txcmp/s  rxmcst/s   %ifutil
17:09:21         ens5      0.00      0.00      0.00      0.00      0.00      0.00      0.00      0.00

17:09:21        IFACE   rxpck/s   txpck/s    rxkB/s    txkB/s   rxcmp/s   txcmp/s  rxmcst/s   %ifutil
17:09:22         ens5      0.00      0.00      0.00      0.00      0.00      0.00      0.00      0.00

17:09:22        IFACE   rxpck/s   txpck/s    rxkB/s    txkB/s   rxcmp/s   txcmp/s  rxmcst/s   %ifutil
17:09:23         ens5      0.00      0.00      0.00      0.00      0.00      0.00      0.00      0.00



Average:        IFACE   rxpck/s   txpck/s    rxkB/s    txkB/s   rxcmp/s   txcmp/s  rxmcst/s   %ifutil
Average:         ens5     67.42     67.46     40.45      6.04      0.00      0.00      0.00      0.00
