Linux 7.0.0-1010-aws (ip-172-31-31-224) 	08/11/26 	_x86_64_	(2 CPU)

07:11:17        CPU     %user     %nice   %system   %iowait    %steal     %idle
07:11:18        all     50.76      0.00      5.58      0.00      0.51     43.15
07:11:19        all     48.76      0.00      3.98      0.00      1.49     45.77
07:11:20        all     47.74      0.00      3.02      0.00      3.02     46.23
07:11:21        all     47.24      0.00      3.52      0.00      2.51     46.73
07:11:22        all     48.48      0.00      4.04      0.00      0.51     46.97
07:11:23        all     49.25      0.00      3.48      0.00      1.49     45.77
07:11:24        all     49.25      0.00      4.02      0.00      1.51     45.23
07:11:25        all     43.43      0.00      3.54      0.00      5.05     47.98
07:11:26        all     20.10      0.00      1.51      0.00      0.50     77.89
07:11:27        all      0.50      0.00      0.00      0.00      0.00     99.50
07:11:28        all      0.00      0.00      0.50      0.00      0.50     99.00
07:11:29        all      5.56      0.00      1.01      0.00      0.00     93.43
07:11:30        all      0.49      0.00      0.98      0.00      1.96     96.57
07:11:31        all      0.00      0.00      0.51      0.00      0.00     99.49
07:11:32        all      1.00      0.00      0.50      0.00      0.00     98.51
07:11:33        all      0.50      0.00      0.50      0.00      2.01     96.98
07:11:34        all      2.01      0.00      2.51      0.00      1.01     94.47
07:11:35        all      1.01      0.00      1.01      0.00      0.00     97.98
07:11:36        all      0.00      0.00      0.00      0.00      0.00    100.00
07:11:37        all      0.00      0.00      0.00      0.00      1.01     98.99
07:11:38        all      1.00      0.00      0.00      0.00      0.00     99.00
07:11:39        all      0.00      0.00      0.50      0.00      0.00     99.50
07:11:40        all      0.50      0.00      0.00      0.00      0.00     99.50
07:11:41        all      0.50      0.00      0.50      0.00      0.00     98.99
07:11:42        all      0.00      0.00      0.50      0.00      0.99     98.51

Average:        all     16.69      0.00      1.67      0.00      0.96     80.68
