Linux 7.0.0-1010-aws (ip-172-31-31-224) 	08/11/26 	_x86_64_	(2 CPU)

07:11:17    kbmemfree   kbavail kbmemused  %memused kbbuffers  kbcached  kbcommit   %commit  kbactive   kbinact   kbdirty
07:11:18       760092   1281776    449120     23.02     15220    648416   1601596     82.10    372672    637432       388
07:11:19       688020   1209704    521192     26.72     15220    648416   1680924     86.16    450016    637432       380
07:11:20       631572   1153260    577636     29.61     15220    648420   1743388     89.36    511296    637436       172
07:11:21       535056   1056744    674152     34.56     15220    648420   1835380     94.08    604224    637436       172
07:11:22       446604    968292    762604     39.09     15220    648420   1923240     98.58    693228    637436       156
07:11:23       398220    919908    810988     41.57     15220    648420   1965552    100.75    734912    637436       156
07:11:24       317832    839520    891376     45.69     15220    648420   2053148    105.24    822272    637436       156
07:11:25       188808    710516   1020380     52.30     15236    648424   2182124    111.85    951432    637456       176
07:11:26       172680    694388   1036508     53.13     15236    648424   2190444    112.28    957820    637456       176
07:11:27       172680    694388   1036508     53.13     15236    648424   2190444    112.28    957820    637456       176
07:11:28       172680    694388   1036508     53.13     15236    648424   2190444    112.28    957820    637456       176
07:11:29       172680    694388   1036500     53.13     15236    648432   2190444    112.28    957880    637456       184
07:11:30       172680    694388   1036496     53.13     15236    648436   2190444    112.28    957880    637456       188
07:11:31       172680    694388   1036496     53.13     15236    648436   2190444    112.28    957880    637456       188
07:11:32       172680    694388   1036496     53.13     15236    648436   2190444    112.28    957880    637456       188
07:11:33       172680    694388   1036496     53.13     15236    648436   2190444    112.28    957880    637456       188
07:11:34       172680    694392   1036496     53.13     15236    648436   2190444    112.28    958000    637460       188
07:11:35       172680    694392   1036492     53.13     15236    648440   2190444    112.28    958000    637460       192
07:11:36       172680    694392   1036492     53.13     15236    648440   2190444    112.28    958000    637460       192
07:11:37       172680    694400   1036492     53.13     15236    648440   2190444    112.28    958512    637468       148
07:11:38       172680    694400   1036488     53.13     15236    648444   2190444    112.28    958512    637468       152
07:11:39       172680    694400   1036488     53.13     15236    648444   2190444    112.28    958512    637468       152
07:11:40       172680    694400   1036488     53.13     15236    648444   2190444    112.28    958512    637468       152
07:11:41       172680    694400   1036484     53.13     15236    648448   2190444    112.28    958512    637468       156
07:11:42       172680    694400   1036484     53.13     15236    648448   2190444    112.28    958512    637468       156

Average:       276071    797776    933114     47.83     15232    648432   2088916    107.07    857119    637453       188
