Linux 7.0.0-1010-aws (ip-172-31-31-224) 	08/11/26 	_x86_64_	(2 CPU)

07:11:17        IFACE   rxpck/s   txpck/s    rxkB/s    txkB/s   rxcmp/s   txcmp/s  rxmcst/s   %ifutil
07:11:18         ens5     47.00     47.00      3.93      5.96      0.00      0.00      0.00      0.00

07:11:18        IFACE   rxpck/s   txpck/s    rxkB/s    txkB/s   rxcmp/s   txcmp/s  rxmcst/s   %ifutil
07:11:19         ens5     48.00     42.00      3.90      4.95      0.00      0.00      0.00      0.00

07:11:19        IFACE   rxpck/s   txpck/s    rxkB/s    txkB/s   rxcmp/s   txcmp/s  rxmcst/s   %ifutil
07:11:20         ens5      6.00      7.00      0.30      1.49      0.00      0.00      0.00      0.00

07:11:20        IFACE   rxpck/s   txpck/s    rxkB/s    txkB/s   rxcmp/s   txcmp/s  rxmcst/s   %ifutil
07:11:21         ens5      7.00      6.00      0.36      1.25      0.00      0.00      0.00      0.00

07:11:21        IFACE   rxpck/s   txpck/s    rxkB/s    txkB/s   rxcmp/s   txcmp/s  rxmcst/s   %ifutil
07:11:22         ens5      6.00      7.00      0.30      1.54      0.00      0.00      0.00      0.00

07:11:22        IFACE   rxpck/s   txpck/s    rxkB/s    txkB/s   rxcmp/s   txcmp/s  rxmcst/s   %ifutil
07:11:23         ens5     10.00      9.00      0.52      1.87      0.00      0.00      0.00      0.00

07:11:23        IFACE   rxpck/s   txpck/s    rxkB/s    txkB/s   rxcmp/s   txcmp/s  rxmcst/s   %ifutil
07:11:24         ens5      6.00      7.00      0.30      1.52      0.00      0.00      0.00      0.00

07:11:24        IFACE   rxpck/s   txpck/s    rxkB/s    txkB/s   rxcmp/s   txcmp/s  rxmcst/s   %ifutil
07:11:25         ens5      3.96      2.97      0.20      0.65      0.00      0.00      0.00      0.00

07:11:25        IFACE   rxpck/s   txpck/s    rxkB/s    txkB/s   rxcmp/s   txcmp/s  rxmcst/s   %ifutil
07:11:26         ens5      3.00      3.00      0.15      0.61      0.00      0.00      0.00      0.00

07:11:26        IFACE   rxpck/s   txpck/s    rxkB/s    txkB/s   rxcmp/s   txcmp/s  rxmcst/s   %ifutil
07:11:27         ens5      0.00      0.00      0.00      0.00      0.00      0.00      0.00      0.00

07:11:27        IFACE   rxpck/s   txpck/s    rxkB/s    txkB/s   rxcmp/s   txcmp/s  rxmcst/s   %ifutil
07:11:28         ens5     17.00     19.00      1.00     17.25      0.00      0.00      0.00      0.00

07:11:28        IFACE   rxpck/s   txpck/s    rxkB/s    txkB/s   rxcmp/s   txcmp/s  rxmcst/s   %ifutil
07:11:29         ens5      0.00      0.00      0.00      0.00      0.00      0.00      0.00      0.00

07:11:29        IFACE   rxpck/s   txpck/s    rxkB/s    txkB/s   rxcmp/s   txcmp/s  rxmcst/s   %ifutil
07:11:30         ens5      0.00      0.00      0.00      0.00      0.00      0.00      0.00      0.00

07:11:30        IFACE   rxpck/s   txpck/s    rxkB/s    txkB/s   rxcmp/s   txcmp/s  rxmcst/s   %ifutil
07:11:31         ens5      0.00      0.00      0.00      0.00      0.00      0.00      0.00      0.00

07:11:31        IFACE   rxpck/s   txpck/s    rxkB/s    txkB/s   rxcmp/s   txcmp/s  rxmcst/s   %ifutil
07:11:32         ens5     16.00     16.00      0.96     11.85      0.00      0.00      0.00      0.00

07:11:32        IFACE   rxpck/s   txpck/s    rxkB/s    txkB/s   rxcmp/s   txcmp/s  rxmcst/s   %ifutil
07:11:33         ens5    255.00    259.00     15.25    189.87      0.00      0.00      0.00      0.00

07:11:33        IFACE   rxpck/s   txpck/s    rxkB/s    txkB/s   rxcmp/s   txcmp/s  rxmcst/s   %ifutil
07:11:34         ens5    790.00    815.00     47.70    620.12      0.00      0.00      0.00      0.00

07:11:34        IFACE   rxpck/s   txpck/s    rxkB/s    txkB/s   rxcmp/s   txcmp/s  rxmcst/s   %ifutil
07:11:35         ens5    338.00    331.00     20.09    248.14      0.00      0.00      0.00      0.00

07:11:35        IFACE   rxpck/s   txpck/s    rxkB/s    txkB/s   rxcmp/s   txcmp/s  rxmcst/s   %ifutil
07:11:36         ens5      9.00      9.00      0.55      6.01      0.00      0.00      0.00      0.00

07:11:36        IFACE   rxpck/s   txpck/s    rxkB/s    txkB/s   rxcmp/s   txcmp/s  rxmcst/s   %ifutil
07:11:37         ens5      0.00      0.00      0.00      0.00      0.00      0.00      0.00      0.00

07:11:37        IFACE   rxpck/s   txpck/s    rxkB/s    txkB/s   rxcmp/s   txcmp/s  rxmcst/s   %ifutil
07:11:38         ens5      0.00      0.00      0.00      0.00      0.00      0.00      0.00      0.00

07:11:38        IFACE   rxpck/s   txpck/s    rxkB/s    txkB/s   rxcmp/s   txcmp/s  rxmcst/s   %ifutil
07:11:39         ens5      0.00      0.00      0.00      0.00      0.00      0.00      0.00      0.00

07:11:39        IFACE   rxpck/s   txpck/s    rxkB/s    txkB/s   rxcmp/s   txcmp/s  rxmcst/s   %ifutil
07:11:40         ens5      0.00      0.00      0.00      0.00      0.00      0.00      0.00      0.00

07:11:40        IFACE   rxpck/s   txpck/s    rxkB/s    txkB/s   rxcmp/s   txcmp/s  rxmcst/s   %ifutil
07:11:41         ens5      0.00      0.00      0.00      0.00      0.00      0.00      0.00      0.00

07:11:41        IFACE   rxpck/s   txpck/s    rxkB/s    txkB/s   rxcmp/s   txcmp/s  rxmcst/s   %ifutil
07:11:42         ens5      0.00      0.00      0.00      0.00      0.00      0.00      0.00      0.00


Average:        IFACE   rxpck/s   txpck/s    rxkB/s    txkB/s   rxcmp/s   txcmp/s  rxmcst/s   %ifutil
Average:         ens5     62.46     63.17      3.82     44.51      0.00      0.00      0.00      0.00
