Linux 7.0.0-1008-aws (ip-172-31-31-224) 	08/07/26 	_x86_64_	(2 CPU)

06:56:09    kbmemfree   kbavail kbmemused  %memused kbbuffers  kbcached  kbcommit   %commit  kbactive   kbinact   kbdirty
06:56:10       712308   1247620    405772     20.80     14748    663256   1457080     74.69    250812    734248        20
06:56:11       624108   1159420    493972     25.32     14748    663256   1548688     79.39    344624    734248        20
06:56:12       567912   1103224    550168     28.20     14748    663256   1611808     82.62    406920    734248        20
06:56:13       453252    988564    664828     34.08     14748    663256   1724636     88.41    517512    734248        20
06:56:14       366564    901876    751516     38.52     14748    663256   1807908     92.68    601088    734248        20
06:56:15       270048    805360    848032     43.47     14748    663256   1904280     97.62    697648    734248        20
06:56:16       213600    748912    904480     46.36     14748    663256   1958368    100.39    752904    734248        20
06:56:17       132960    668272    985096     50.50     14772    663256   2041704    104.66    834880    734248       104
06:56:18       132960    668272    985096     50.50     14772    663256   2041704    104.66    834880    734248       104
06:56:19       132960    668272    985096     50.50     14772    663256   2041704    104.66    834880    734248       104
06:56:20       132960    668272    985096     50.50     14772    663256   2041704    104.66    834880    734248       104
06:56:21       132960    668272    985096     50.50     14772    663256   2041704    104.66    834880    734248       104
06:56:22       132960    668272    985096     50.50     14772    663256   2041704    104.66    834880    734248       104
06:56:23       132960    668272    985096     50.50     14772    663256   2041704    104.66    834880    734248       104
06:56:24       132960    668272    985096     50.50     14772    663256   2041704    104.66    834880    734248       104
06:56:25       132960    668272    985096     50.50     14772    663256   2041704    104.66    834880    734248       104
06:56:26       132960    668272    985096     50.50     14772    663256   2041704    104.66    834880    734248       104
06:56:27       132960    668272    985096     50.50     14772    663256   2041704    104.66    834880    734248       104
06:56:28       132960    668272    985096     50.50     14772    663256   2041768    104.66    834880    734248       104
06:56:29       132960    668272    985096     50.50     14772    663256   2041768    104.66    834880    734248       104
06:56:30       132960    668272    985092     50.50     14772    663260   2041768    104.66    834880    734248       108
06:56:31       132960    668272    985092     50.50     14772    663260   2041768    104.66    834880    734248       108
06:56:32       132960    668272    985092     50.50     14772    663260   2041768    104.66    834880    734248       108
06:56:33       132960    668272    985092     50.50     14772    663260   2041768    104.66    834880    734248       108
06:56:34       132960    668272    985092     50.50     14772    663260   2041768    104.66    834880    734248       108
06:56:35       132960    668272    985092     50.50     14772    663260   2041768    104.66    834880    734248       108
06:56:36       132960    668272    985092     50.50     14772    663260   2041768    104.66    834880    734248       108
06:56:37       132960    668272    985092     50.50     14772    663260   2041768    104.66    834880    734248       108
06:56:38       132960    668272    985092     50.50     14772    663260   2041768    104.66    834880    734248       108
06:56:39       132960    668276    985092     50.50     14772    663260   2041768    104.66    834976    734252       100
06:56:40       132960    668300    985092     50.50     14772    663260   2041768    104.66    835068    734276        88
06:56:41       132960    668300    985092     50.50     14772    663260   2041768    104.66    835068    734276        96
06:56:42       132960    668300    985092     50.50     14772    663260   2041768    104.66    835068    734276        96
06:56:43       132960    668300    985088     50.50     14772    663264   2041768    104.66    835068    734276       100
06:56:44       132960    668300    985088     50.50     14772    663264   2041768    104.66    835068    734276       100
06:56:45       132960    668300    985088     50.50     14772    663264   2041768    104.66    835068    734276       100
06:56:46       132960    668300    985088     50.50     14772    663264   2041768    104.66    835068    734276       100
06:56:47       132960    668328    985064     50.50     14796    663264   2043984    104.78    836452    734304       108
06:56:48       132960    668328    985064     50.50     14796    663264   2043984    104.78    836536    734304        24
06:56:49       132960    668328    985064     50.50     14796    663264   2043984    104.78    836552    734304        16
06:56:50       132960    668328    985060     50.50     14796    663268   2043984    104.78    836552    734304        20
06:56:51       132960    668328    985060     50.50     14796    663268   2043984    104.78    836552    734304        20
06:56:52       132960    668328    985060     50.50     14796    663268   2043984    104.78    836552    734304        20
06:56:53       132960    668328    985060     50.50     14796    663268   2043984    104.78    836552    734304        20
06:56:54       132960    668328    985060     50.50     14796    663268   2043984    104.78    836552    734304        20
06:56:55       132960    668328    985060     50.50     14796    663268   2043984    104.78    836552    734304        20
06:56:56       132960    668328    985060     50.50     14796    663268   2043984    104.78    836552    734304        20
06:56:57       132960    668328    985060     50.50     14796    663268   2043984    104.78    836552    734304        20
06:56:58       131448    666820    986572     50.57     14796    663268   2041768    104.66    835116    734308        24
06:56:59       131448    666820    986572     50.57     14796    663268   2041768    104.66    835116    734308        24
06:57:00       131448    666820    986568     50.57     14796    663272   2041832    104.67    835116    734308        28
06:57:01       131448    666820    986568     50.57     14796    663272   2041832    104.67    835116    734308        28
06:57:02       131448    666820    986568     50.57     14796    663272   2041832    104.67    835116    734308        28
06:57:03       131448    666820    986568     50.57     14796    663272   2041832    104.67    835116    734308        28
06:57:04       131448    666820    986568     50.57     14796    663272   2041832    104.67    835116    734308        28
06:57:05       131448    666820    986568     50.57     14796    663272   2041832    104.67    835116    734308        28
06:57:06       131448    666820    986568     50.57     14796    663272   2041832    104.67    835116    734308        28
06:57:07       131448    666820    986568     50.57     14796    663272   2041832    104.67    835116    734308        28
06:57:08       131448    666820    986568     50.57     14796    663272   2041832    104.67    835116    734308        28
06:57:09       131448    666820    986568     50.57     14796    663272   2041832    104.67    835116    734308        28
06:57:10       131448    666820    986564     50.57     14796    663276   2041832    104.67    835116    734308        32
06:57:11       131448    666824    986564     50.57     14796    663276   2041832    104.67    835124    734312         4
06:57:12       131448    666824    986564     50.57     14796    663276   2041832    104.67    835124    734312        16
06:57:13       131448    666824    986564     50.57     14796    663276   2041832    104.67    835124    734312        16
06:57:14       131448    666824    986564     50.57     14796    663276   2041832    104.67    835124    734312        16
06:57:15       131448    666824    986564     50.57     14796    663276   2041832    104.67    835124    734312        16
06:57:16       131448    666824    986560     50.57     14796    663280   2041832    104.67    835124    734312        20
06:57:17       131448    666824    986560     50.57     14820    663256   2041832    104.67    835124    734312        20
06:57:18       131448    666832    986536     50.57     14820    663280   2041832    104.67    835184    734320        68
06:57:19       131448    666832    986536     50.57     14820    663280   2041832    104.67    835184    734320        68
06:57:20       131448    666832    986536     50.57     14820    663280   2041832    104.67    835184    734320        68
06:57:21       131448    666832    986536     50.57     14820    663280   2041832    104.67    835184    734320        68
06:57:22       131448    666832    986536     50.57     14820    663280   2041832    104.67    835184    734320        68
06:57:23       131448    666832    986536     50.57     14820    663280   2041832    104.67    835184    734320        68
06:57:24       131448    666832    986536     50.57     14820    663280   2041832    104.67    835184    734320        68
06:57:25       131448    666832    986536     50.57     14820    663280   2041832    104.67    835184    734320        68
06:57:26       131448    666832    986536     50.57     14820    663280   2041832    104.67    835184    734320        68
06:57:27       131448    666832    986536     50.57     14820    663280   2041832    104.67    835184    734320        68
06:57:28       131448    666832    986536     50.57     14820    663280   2041832    104.67    835184    734320        68
06:57:29       131448    666832    986536     50.57     14820    663280   2041832    104.67    835192    734320        64
06:57:30       131448    666832    986532     50.57     14820    663284   2041832    104.67    835192    734320        68
06:57:31       131448    666832    986532     50.57     14820    663284   2041896    104.67    835192    734320        68
06:57:32       131448    666832    986532     50.57     14820    663284   2041896    104.67    835192    734320        68
06:57:33       131448    666832    986532     50.57     14820    663284   2041896    104.67    835192    734320        68
06:57:34       131448    666832    986532     50.57     14820    663284   2041896    104.67    835192    734320        68
06:57:35       131448    666832    986532     50.57     14820    663284   2041896    104.67    835192    734320        68
06:57:36       131448    666832    986532     50.57     14820    663284   2041896    104.67    835192    734320        68
06:57:37       131448    666832    986532     50.57     14820    663284   2041896    104.67    835192    734320        68
06:57:38       131448    666832    986532     50.57     14820    663284   2041896    104.67    835192    734320        68
06:57:39       131448    666832    986532     50.57     14820    663284   2041896    104.67    835192    734320        68
06:57:40       131448    666832    986532     50.57     14820    663284   2041896    104.67    835192    734320        68
06:57:41       131448    666832    986532     50.57     14820    663284   2041896    104.67    835192    734320        68
06:57:42       131448    666832    986532     50.57     14820    663284   2041896    104.67    835192    734320        68
06:57:43       131448    666836    986532     50.57     14820    663284   2041896    104.67    835220    734324        60
06:57:44       131448    666836    986532     50.57     14820    663284   2041896    104.67    835220    734324        60
06:57:45       131448    666836    986532     50.57     14820    663284   2041896    104.67    835220    734324        60
06:57:46       131448    666836    986532     50.57     14820    663284   2041896    104.67    835220    734324        60
06:57:47       131448    666836    986532     50.57     14844    663260   2041896    104.67    835304    734324        60
06:57:48       131448    666876    986508     50.57     14844    663284   2041896    104.67    835300    734364        12


Average:       155182    690538    962839     49.36     14794    663269   2019024    103.50    812271    734292        61
