Linux 7.0.0-1010-aws (ip-172-31-20-134) 	08/11/26 	_x86_64_	(2 CPU)

16:52:36        CPU     %user     %nice   %system   %iowait    %steal     %idle
16:52:37        all      2.00      0.00      1.50      0.00      0.00     96.50
16:52:38        all      0.51      0.00      0.00      0.00      0.00     99.49
16:52:39        all      0.00      0.00      0.00      0.00      0.00    100.00
16:52:40        all      0.50      0.00      0.50      0.00      0.00     99.00
16:52:41        all      0.50      0.00      0.00      0.00      0.00     99.50
16:52:42        all      0.00      0.00      0.00      0.00      0.00    100.00
16:52:43        all      0.00      0.00      0.50      0.00      0.00     99.50
16:52:44        all      6.53      0.00      1.51      0.00      0.00     91.96
16:52:45        all      0.00      0.00      0.00      0.00      0.00    100.00
16:52:46        all      0.50      0.00      0.00      0.00      0.00     99.50
16:52:47        all      3.00      0.00      1.00      0.00      0.00     96.00
16:52:48        all     34.85      0.00      3.03      0.00      0.00     62.12
16:52:49        all     92.42      0.00      6.06      0.00      0.00      1.52
16:52:50        all     82.32      0.00      3.54      0.00      0.00     14.14
16:52:51        all      1.50      0.00      1.00      0.00      0.00     97.50
16:52:52        all      0.00      0.00      0.00      0.00      0.00    100.00
16:52:53        all      0.00      0.00      0.00      0.50      0.00     99.50
16:52:54        all      0.50      0.00      0.00      0.00      0.00     99.50
16:52:55        all      1.00      0.00      0.50      0.50      0.00     98.01
16:52:56        all      0.50      0.00      0.50      0.00      0.00     99.00
16:52:57        all      0.00      0.00      0.00      0.00      0.00    100.00
16:52:58        all      0.00      0.00      0.00      0.00      0.00    100.00
16:52:59        all      5.05      0.00      1.01      0.00      0.00     93.94
16:53:00        all      0.00      0.00      0.50      0.00      0.50     99.00
16:53:01        all      1.00      0.00      0.00      0.00      0.00     99.00

Average:        all      9.26      0.00      0.84      0.04      0.02     89.84
