Linux 7.0.0-1010-aws (ip-172-31-20-134) 	08/11/26 	_x86_64_	(2 CPU)

16:52:36    kbmemfree   kbavail kbmemused  %memused kbbuffers  kbcached  kbcommit   %commit  kbactive   kbinact   kbdirty
16:52:37       146588   1325824    369576     18.94     34272   1257244   1465636     75.13    997788    563336       320
16:52:38       146588   1325824    369576     18.94     34272   1257244   1465636     75.13    997788    563336       320
16:52:39       146588   1325824    369576     18.94     34272   1257244   1465636     75.13    997788    563336       320
16:52:40       146588   1325824    369576     18.94     34272   1257244   1465636     75.13    997788    563336       320
16:52:41       146588   1325824    369576     18.94     34272   1257244   1465636     75.13    997788    563336       320
16:52:42       146588   1325824    369572     18.94     34272   1257248   1465636     75.13    997788    563336       324
16:52:43       146588   1325824    369572     18.94     34272   1257248   1465636     75.13    997788    563336       324
16:52:44       145328   1324568    370824     19.01     34272   1257256   1467132     75.20    999056    563340       332
16:52:45       145328   1324568    370768     19.00     34272   1257312   1467132     75.20    999056    563340       388
16:52:46       145328   1324568    370768     19.00     34272   1257312   1467132     75.20    999056    563340       388
16:52:47       144320   1323628    371772     19.06     34272   1257316   1479740     75.85   1000696    563408       392
16:52:48       139532   1319312    376076     19.28     34272   1257776   1522832     78.06   1006996    563868       808
16:52:49       126560   1308168    387188     19.85     34272   1259588   1730268     88.69   1017516    565676      2624
16:52:50       123496   1306200    388968     19.94     34272   1260672   1878624     96.30   1019444    566752      3708
16:52:51       123244   1306076    389036     19.94     34272   1260840   1878660     96.30   1019444    566876      3876
16:52:52       123244   1306076    389016     19.94     34272   1260860   1878660     96.30   1019444    566876      3896
16:52:53       123244   1306076    389016     19.94     34272   1260860   1878660     96.30   1019444    566876      3992
16:52:54       123244   1306132    388964     19.94     34272   1260912   1878660     96.30   1019560    566884      4052
16:52:55       123244   1306224    388936     19.94     34296   1260912   1878660     96.30   1019604    566968      4160
16:52:56       123244   1306224    388936     19.94     34296   1260912   1878660     96.30   1019604    566968      4160
16:52:57       123244   1306224    388928     19.94     34296   1260920   1878660     96.30   1019604    566968      4168
16:52:58       123244   1306224    388928     19.94     34296   1260920   1878660     96.30   1019604    566968      4168
16:52:59       121984   1304980    390172     20.00     34296   1260928   1878660     96.30   1019900    566984      4176
16:53:00       121984   1304980    390172     20.00     34296   1260928   1878660     96.30   1019900    566984      4176
16:53:01       121984   1304980    390172     20.00     34296   1260928   1878660     96.30   1019900    566984      4176

Average:       133916   1315039    380227     19.49     34279   1259115   1677503     85.99   1009694    565176      2236
