Linux 7.0.0-1010-aws (ip-172-31-20-134) 	08/11/26 	_x86_64_	(2 CPU)

16:52:36        IFACE   rxpck/s   txpck/s    rxkB/s    txkB/s   rxcmp/s   txcmp/s  rxmcst/s   %ifutil
16:52:37         ens5     51.00     52.00      4.31      5.51      0.00      0.00      0.00      0.00

16:52:37        IFACE   rxpck/s   txpck/s    rxkB/s    txkB/s   rxcmp/s   txcmp/s  rxmcst/s   %ifutil
16:52:38         ens5     47.00     47.00      4.04      4.68      0.00      0.00      0.00      0.00

16:52:38        IFACE   rxpck/s   txpck/s    rxkB/s    txkB/s   rxcmp/s   txcmp/s  rxmcst/s   %ifutil
16:52:39         ens5     23.00     22.00      1.94      2.19      0.00      0.00      0.00      0.00

16:52:39        IFACE   rxpck/s   txpck/s    rxkB/s    txkB/s   rxcmp/s   txcmp/s  rxmcst/s   %ifutil
16:52:40         ens5      0.00      0.00      0.00      0.00      0.00      0.00      0.00      0.00

16:52:40        IFACE   rxpck/s   txpck/s    rxkB/s    txkB/s   rxcmp/s   txcmp/s  rxmcst/s   %ifutil
16:52:41         ens5      0.00      0.00      0.00      0.00      0.00      0.00      0.00      0.00

16:52:41        IFACE   rxpck/s   txpck/s    rxkB/s    txkB/s   rxcmp/s   txcmp/s  rxmcst/s   %ifutil
16:52:42         ens5      0.00      0.00      0.00      0.00      0.00      0.00      0.00      0.00

16:52:42        IFACE   rxpck/s   txpck/s    rxkB/s    txkB/s   rxcmp/s   txcmp/s  rxmcst/s   %ifutil
16:52:43         ens5      0.00      0.00      0.00      0.00      0.00      0.00      0.00      0.00

16:52:43        IFACE   rxpck/s   txpck/s    rxkB/s    txkB/s   rxcmp/s   txcmp/s  rxmcst/s   %ifutil
16:52:44         ens5     55.00     46.00     54.69      3.44      0.00      0.00      0.00      0.00

16:52:44        IFACE   rxpck/s   txpck/s    rxkB/s    txkB/s   rxcmp/s   txcmp/s  rxmcst/s   %ifutil
16:52:45         ens5      0.00      0.00      0.00      0.00      0.00      0.00      0.00      0.00

16:52:45        IFACE   rxpck/s   txpck/s    rxkB/s    txkB/s   rxcmp/s   txcmp/s  rxmcst/s   %ifutil
16:52:46         ens5      0.00      0.00      0.00      0.00      0.00      0.00      0.00      0.00

16:52:46        IFACE   rxpck/s   txpck/s    rxkB/s    txkB/s   rxcmp/s   txcmp/s  rxmcst/s   %ifutil
16:52:47         ens5     37.00     31.00     32.19      2.70      0.00      0.00      0.00      0.00

16:52:47        IFACE   rxpck/s   txpck/s    rxkB/s    txkB/s   rxcmp/s   txcmp/s  rxmcst/s   %ifutil
16:52:48         ens5    561.00    434.00    522.39     36.78      0.00      0.00      0.00      0.00

16:52:48        IFACE   rxpck/s   txpck/s    rxkB/s    txkB/s   rxcmp/s   txcmp/s  rxmcst/s   %ifutil
16:52:49         ens5   1661.00   1215.00   1499.38     98.92      0.00      0.00      0.00      0.00

16:52:49        IFACE   rxpck/s   txpck/s    rxkB/s    txkB/s   rxcmp/s   txcmp/s  rxmcst/s   %ifutil
16:52:50         ens5    999.00    900.00    984.33     80.92      0.00      0.00      0.00      0.00

16:52:50        IFACE   rxpck/s   txpck/s    rxkB/s    txkB/s   rxcmp/s   txcmp/s  rxmcst/s   %ifutil
16:52:51         ens5     18.00     14.00     16.79      1.20      0.00      0.00      0.00      0.00

16:52:51        IFACE   rxpck/s   txpck/s    rxkB/s    txkB/s   rxcmp/s   txcmp/s  rxmcst/s   %ifutil
16:52:52         ens5      1.00      1.00      0.07      0.09      0.00      0.00      0.00      0.00

16:52:52        IFACE   rxpck/s   txpck/s    rxkB/s    txkB/s   rxcmp/s   txcmp/s  rxmcst/s   %ifutil
16:52:53         ens5      0.00      0.00      0.00      0.00      0.00      0.00      0.00      0.00

16:52:53        IFACE   rxpck/s   txpck/s    rxkB/s    txkB/s   rxcmp/s   txcmp/s  rxmcst/s   %ifutil
16:52:54         ens5      0.00      0.00      0.00      0.00      0.00      0.00      0.00      0.00

16:52:54        IFACE   rxpck/s   txpck/s    rxkB/s    txkB/s   rxcmp/s   txcmp/s  rxmcst/s   %ifutil
16:52:55         ens5      0.00      0.00      0.00      0.00      0.00      0.00      0.00      0.00

16:52:55        IFACE   rxpck/s   txpck/s    rxkB/s    txkB/s   rxcmp/s   txcmp/s  rxmcst/s   %ifutil
16:52:56         ens5      0.00      0.00      0.00      0.00      0.00      0.00      0.00      0.00

16:52:56        IFACE   rxpck/s   txpck/s    rxkB/s    txkB/s   rxcmp/s   txcmp/s  rxmcst/s   %ifutil
16:52:57         ens5      0.00      0.00      0.00      0.00      0.00      0.00      0.00      0.00

16:52:57        IFACE   rxpck/s   txpck/s    rxkB/s    txkB/s   rxcmp/s   txcmp/s  rxmcst/s   %ifutil
16:52:58         ens5      0.00      0.00      0.00      0.00      0.00      0.00      0.00      0.00

16:52:58        IFACE   rxpck/s   txpck/s    rxkB/s    txkB/s   rxcmp/s   txcmp/s  rxmcst/s   %ifutil
16:52:59         ens5      0.00      0.00      0.00      0.00      0.00      0.00      0.00      0.00

16:52:59        IFACE   rxpck/s   txpck/s    rxkB/s    txkB/s   rxcmp/s   txcmp/s  rxmcst/s   %ifutil
16:53:00         ens5      0.00      0.00      0.00      0.00      0.00      0.00      0.00      0.00

16:53:00        IFACE   rxpck/s   txpck/s    rxkB/s    txkB/s   rxcmp/s   txcmp/s  rxmcst/s   %ifutil
16:53:01         ens5      0.00      0.00      0.00      0.00      0.00      0.00      0.00      0.00


Average:        IFACE   rxpck/s   txpck/s    rxkB/s    txkB/s   rxcmp/s   txcmp/s  rxmcst/s   %ifutil
Average:         ens5    138.12    110.48    124.81      9.46      0.00      0.00      0.00      0.00
