Linux 7.0.0-1010-aws (ip-172-31-31-224) 	08/11/26 	_x86_64_	(2 CPU)

07:23:13        IFACE   rxpck/s   txpck/s    rxkB/s    txkB/s   rxcmp/s   txcmp/s  rxmcst/s   %ifutil
07:23:14         ens5     62.00     61.00      4.94      7.11      0.00      0.00      0.00      0.00

07:23:14        IFACE   rxpck/s   txpck/s    rxkB/s    txkB/s   rxcmp/s   txcmp/s  rxmcst/s   %ifutil
07:23:15         ens5     26.00     25.00      2.02      3.09      0.00      0.00      0.00      0.00

07:23:15        IFACE   rxpck/s   txpck/s    rxkB/s    txkB/s   rxcmp/s   txcmp/s  rxmcst/s   %ifutil
07:23:16         ens5      6.00      7.00      0.30      1.49      0.00      0.00      0.00      0.00

07:23:16        IFACE   rxpck/s   txpck/s    rxkB/s    txkB/s   rxcmp/s   txcmp/s  rxmcst/s   %ifutil
07:23:17         ens5      7.00      6.00      0.36      1.25      0.00      0.00      0.00      0.00

07:23:17        IFACE   rxpck/s   txpck/s    rxkB/s    txkB/s   rxcmp/s   txcmp/s  rxmcst/s   %ifutil
07:23:18         ens5      7.00      7.00      0.36      1.54      0.00      0.00      0.00      0.00

07:23:18        IFACE   rxpck/s   txpck/s    rxkB/s    txkB/s   rxcmp/s   txcmp/s  rxmcst/s   %ifutil
07:23:19         ens5     10.00     10.00      0.51      2.09      0.00      0.00      0.00      0.00

07:23:19        IFACE   rxpck/s   txpck/s    rxkB/s    txkB/s   rxcmp/s   txcmp/s  rxmcst/s   %ifutil
07:23:20         ens5      5.00      5.00      0.25      1.09      0.00      0.00      0.00      0.00

07:23:20        IFACE   rxpck/s   txpck/s    rxkB/s    txkB/s   rxcmp/s   txcmp/s  rxmcst/s   %ifutil
07:23:21         ens5      3.00      3.00      0.15      0.66      0.00      0.00      0.00      0.00

07:23:21        IFACE   rxpck/s   txpck/s    rxkB/s    txkB/s   rxcmp/s   txcmp/s  rxmcst/s   %ifutil
07:23:22         ens5      3.00      3.00      0.15      0.61      0.00      0.00      0.00      0.00

07:23:22        IFACE   rxpck/s   txpck/s    rxkB/s    txkB/s   rxcmp/s   txcmp/s  rxmcst/s   %ifutil
07:23:23         ens5      0.00      0.00      0.00      0.00      0.00      0.00      0.00      0.00

07:23:23        IFACE   rxpck/s   txpck/s    rxkB/s    txkB/s   rxcmp/s   txcmp/s  rxmcst/s   %ifutil
07:23:24         ens5      0.00      0.00      0.00      0.00      0.00      0.00      0.00      0.00

07:23:24        IFACE   rxpck/s   txpck/s    rxkB/s    txkB/s   rxcmp/s   txcmp/s  rxmcst/s   %ifutil
07:23:25         ens5      0.00      0.00      0.00      0.00      0.00      0.00      0.00      0.00

07:23:25        IFACE   rxpck/s   txpck/s    rxkB/s    txkB/s   rxcmp/s   txcmp/s  rxmcst/s   %ifutil
07:23:26         ens5     24.00     18.00      4.44      6.98      0.00      0.00      0.00      0.00

07:23:26        IFACE   rxpck/s   txpck/s    rxkB/s    txkB/s   rxcmp/s   txcmp/s  rxmcst/s   %ifutil
07:23:27         ens5      1.00      1.00      0.07      0.09      0.00      0.00      0.00      0.00

07:23:27        IFACE   rxpck/s   txpck/s    rxkB/s    txkB/s   rxcmp/s   txcmp/s  rxmcst/s   %ifutil
07:23:28         ens5      0.00      0.00      0.00      0.00      0.00      0.00      0.00      0.00

07:23:28        IFACE   rxpck/s   txpck/s    rxkB/s    txkB/s   rxcmp/s   txcmp/s  rxmcst/s   %ifutil
07:23:29         ens5      0.00      0.00      0.00      0.00      0.00      0.00      0.00      0.00

07:23:29        IFACE   rxpck/s   txpck/s    rxkB/s    txkB/s   rxcmp/s   txcmp/s  rxmcst/s   %ifutil
07:23:30         ens5    405.00    316.00     86.35     98.84      0.00      0.00      0.00      0.00

07:23:30        IFACE   rxpck/s   txpck/s    rxkB/s    txkB/s   rxcmp/s   txcmp/s  rxmcst/s   %ifutil
07:23:31         ens5   1295.00    989.00    262.68    303.21      0.00      0.00      0.00      0.00

07:23:31        IFACE   rxpck/s   txpck/s    rxkB/s    txkB/s   rxcmp/s   txcmp/s  rxmcst/s   %ifutil
07:23:32         ens5    456.00    338.00     86.54    101.19      0.00      0.00      0.00      0.00

07:23:32        IFACE   rxpck/s   txpck/s    rxkB/s    txkB/s   rxcmp/s   txcmp/s  rxmcst/s   %ifutil
07:23:33         ens5      0.00      0.00      0.00      0.00      0.00      0.00      0.00      0.00

07:23:33        IFACE   rxpck/s   txpck/s    rxkB/s    txkB/s   rxcmp/s   txcmp/s  rxmcst/s   %ifutil
07:23:34         ens5      0.00      0.00      0.00      0.00      0.00      0.00      0.00      0.00

07:23:34        IFACE   rxpck/s   txpck/s    rxkB/s    txkB/s   rxcmp/s   txcmp/s  rxmcst/s   %ifutil
07:23:35         ens5      0.00      0.00      0.00      0.00      0.00      0.00      0.00      0.00

07:23:35        IFACE   rxpck/s   txpck/s    rxkB/s    txkB/s   rxcmp/s   txcmp/s  rxmcst/s   %ifutil
07:23:36         ens5      0.00      0.00      0.00      0.00      0.00      0.00      0.00      0.00

07:23:36        IFACE   rxpck/s   txpck/s    rxkB/s    txkB/s   rxcmp/s   txcmp/s  rxmcst/s   %ifutil
07:23:37         ens5      0.00      0.00      0.00      0.00      0.00      0.00      0.00      0.00

07:23:37        IFACE   rxpck/s   txpck/s    rxkB/s    txkB/s   rxcmp/s   txcmp/s  rxmcst/s   %ifutil
07:23:38         ens5      0.00      0.00      0.00      0.00      0.00      0.00      0.00      0.00

07:23:38        IFACE   rxpck/s   txpck/s    rxkB/s    txkB/s   rxcmp/s   txcmp/s  rxmcst/s   %ifutil
07:23:39         ens5      0.00      0.00      0.00      0.00      0.00      0.00      0.00      0.00

07:23:39        IFACE   rxpck/s   txpck/s    rxkB/s    txkB/s   rxcmp/s   txcmp/s  rxmcst/s   %ifutil
07:23:40         ens5      0.00      0.00      0.00      0.00      0.00      0.00      0.00      0.00

07:23:40        IFACE   rxpck/s   txpck/s    rxkB/s    txkB/s   rxcmp/s   txcmp/s  rxmcst/s   %ifutil
07:23:41         ens5      0.00      0.00      0.00      0.00      0.00      0.00      0.00      0.00


Average:        IFACE   rxpck/s   txpck/s    rxkB/s    txkB/s   rxcmp/s   txcmp/s  rxmcst/s   %ifutil
Average:         ens5     82.50     63.89     16.04     18.90      0.00      0.00      0.00      0.00
