Linux 7.0.0-1010-aws (ip-172-31-31-224) 	08/11/26 	_x86_64_	(2 CPU)

07:12:43        CPU     %user     %nice   %system   %iowait    %steal     %idle
07:12:44        all     53.27      0.00      3.52      0.00      1.01     42.21
07:12:45        all     47.50      0.00      4.00      0.00      3.00     45.50
07:12:46        all     48.48      0.00      3.54      0.51      1.52     45.96
07:12:47        all     47.03      0.00      5.45      0.00      1.49     46.04
07:12:48        all     49.75      0.00      3.05      0.00      0.00     47.21
07:12:49        all     49.75      0.00      3.02      0.00      1.01     46.23
07:12:50        all     49.25      0.00      3.52      0.00      2.01     45.23
07:12:51        all     48.76      0.00      5.47      0.00      1.00     44.78
07:12:52        all      6.53      0.00      0.50      0.00      0.50     92.46
07:12:53        all      0.00      0.00      0.00      0.00      0.50     99.50
07:12:54        all      0.51      0.00      0.00      0.00      0.00     99.49
07:12:55        all      4.02      0.00      0.00      0.00      0.00     95.98
07:12:56        all      0.00      0.00      1.00      0.00      0.00     99.00
07:12:57        all      1.00      0.00      1.00      0.00      1.00     97.00
07:12:58        all      7.14      0.00      2.55      0.00      0.00     90.31
07:12:59        all      1.52      0.00      2.02      0.00      0.00     96.46
07:13:00        all      0.46      0.00      0.46      0.00      9.22     89.86
07:13:01        all      0.00      0.00      0.47      0.00      6.64     92.89
07:13:02        all      0.00      0.00      0.00      0.00      8.02     91.98
07:13:03        all      0.49      0.00      0.98      0.00      1.47     97.06
07:13:04        all      0.50      0.00      0.00      0.00      0.50     98.99
07:13:05        all      0.00      0.00      0.00      0.00      0.50     99.50
07:13:06        all      0.50      0.00      0.50      0.00      0.00     99.00

Average:        all     17.94      0.00      1.77      0.02      1.77     78.50
