Linux 7.0.0-1010-aws (ip-172-31-31-224) 	08/11/26 	_x86_64_	(2 CPU)

07:12:43    kbmemfree   kbavail kbmemused  %memused kbbuffers  kbcached  kbcommit   %commit  kbactive   kbinact   kbdirty
07:12:44       762384   1284820    446060     22.86     15308    649080   1602076     82.12    373892    637680       932
07:12:45       690312   1212748    518132     26.56     15308    649080   1673204     85.77    445208    637680       932
07:12:46       617736   1140196    590684     30.28     15332    649080   1743684     89.38    514392    637704       736
07:12:47       521220   1043680    687200     35.22     15332    649080   1844308     94.54    614940    637704       600
07:12:48       424704    947164    783716     40.17     15332    649080   1940360     99.46    710664    637704       592
07:12:49       392448    914912    815968     41.83     15332    649084   1974160    101.19    743396    637708       596
07:12:50       312060    834524    896356     45.95     15332    649084   2057732    105.48    826580    637708       596
07:12:51       167412    689876   1041004     53.36     15332    649084   2194972    112.51    964176    637708        32
07:12:52       167412    689876   1041004     53.36     15332    649084   2194972    112.51    964176    637708        32
07:12:53       167412    689876   1041004     53.36     15332    649084   2194972    112.51    964176    637708        32
07:12:54       167412    689876   1041000     53.36     15332    649088   2194972    112.51    964176    637708        36
07:12:55       167412    689876   1041000     53.36     15332    649088   2194972    112.51    964176    637708        36
07:12:56       167412    689876   1041000     53.36     15332    649088   2194972    112.51    964176    637708        36
07:12:57       167412    689876   1041000     53.36     15332    649088   2194972    112.51    964176    637708        36
07:12:58       167188    689656   1041216     53.37     15332    649096   2194972    112.51    964236    637712        44
07:12:59       167188    689656   1041212     53.37     15332    649100   2194972    112.51    964236    637712        48
07:13:00       167188    689656   1041212     53.37     15332    649100   2194972    112.51    964236    637712        48
07:13:01       167188    689656   1041212     53.37     15332    649100   2194972    112.51    964236    637712        48
07:13:02       167188    689656   1041212     53.37     15332    649100   2194972    112.51    964236    637712        48
07:13:03       167188    689656   1041212     53.37     15332    649100   2194972    112.51    964236    637712        48
07:13:04       167188    689656   1041208     53.37     15332    649104   2194972    112.51    964236    637712        52
07:13:05       167188    689656   1041204     53.37     15332    649108   2194972    112.51    964236    637712        56
07:13:06       167188    689672   1041204     53.37     15332    649108   2194972    112.51    964332    637728        56

Average:       278150    800613    930262     47.68     15330    649091   2085003    106.87    854631    637707       247
