Linux 7.0.0-1010-aws (ip-172-31-31-224) 	08/11/26 	_x86_64_	(2 CPU)

07:12:43        IFACE   rxpck/s   txpck/s    rxkB/s    txkB/s   rxcmp/s   txcmp/s  rxmcst/s   %ifutil
07:12:44         ens5     56.00     50.00      4.53      6.29      0.00      0.00      0.00      0.00

07:12:44        IFACE   rxpck/s   txpck/s    rxkB/s    txkB/s   rxcmp/s   txcmp/s  rxmcst/s   %ifutil
07:12:45         ens5     47.00     39.00      3.76      4.66      0.00      0.00      0.00      0.00

07:12:45        IFACE   rxpck/s   txpck/s    rxkB/s    txkB/s   rxcmp/s   txcmp/s  rxmcst/s   %ifutil
07:12:46         ens5      6.00      7.00      0.30      1.49      0.00      0.00      0.00      0.00

07:12:46        IFACE   rxpck/s   txpck/s    rxkB/s    txkB/s   rxcmp/s   txcmp/s  rxmcst/s   %ifutil
07:12:47         ens5      7.00      7.00      0.36      1.47      0.00      0.00      0.00      0.00

07:12:47        IFACE   rxpck/s   txpck/s    rxkB/s    txkB/s   rxcmp/s   txcmp/s  rxmcst/s   %ifutil
07:12:48         ens5      7.00      6.00      0.36      1.32      0.00      0.00      0.00      0.00

07:12:48        IFACE   rxpck/s   txpck/s    rxkB/s    txkB/s   rxcmp/s   txcmp/s  rxmcst/s   %ifutil
07:12:49         ens5      9.00     10.00      0.46      2.09      0.00      0.00      0.00      0.00

07:12:49        IFACE   rxpck/s   txpck/s    rxkB/s    txkB/s   rxcmp/s   txcmp/s  rxmcst/s   %ifutil
07:12:50         ens5      6.00      5.00      0.30      1.09      0.00      0.00      0.00      0.00

07:12:50        IFACE   rxpck/s   txpck/s    rxkB/s    txkB/s   rxcmp/s   txcmp/s  rxmcst/s   %ifutil
07:12:51         ens5      3.00      3.00      0.15      0.66      0.00      0.00      0.00      0.00

07:12:51        IFACE   rxpck/s   txpck/s    rxkB/s    txkB/s   rxcmp/s   txcmp/s  rxmcst/s   %ifutil
07:12:52         ens5      3.00      3.00      0.15      0.61      0.00      0.00      0.00      0.00

07:12:52        IFACE   rxpck/s   txpck/s    rxkB/s    txkB/s   rxcmp/s   txcmp/s  rxmcst/s   %ifutil
07:12:53         ens5     27.00     38.00      1.52     42.70      0.00      0.00      0.00      0.00

07:12:53        IFACE   rxpck/s   txpck/s    rxkB/s    txkB/s   rxcmp/s   txcmp/s  rxmcst/s   %ifutil
07:12:54         ens5      0.00      0.00      0.00      0.00      0.00      0.00      0.00      0.00

07:12:54        IFACE   rxpck/s   txpck/s    rxkB/s    txkB/s   rxcmp/s   txcmp/s  rxmcst/s   %ifutil
07:12:55         ens5      0.00      0.00      0.00      0.00      0.00      0.00      0.00      0.00

07:12:55        IFACE   rxpck/s   txpck/s    rxkB/s    txkB/s   rxcmp/s   txcmp/s  rxmcst/s   %ifutil
07:12:56         ens5      1.00      1.00      0.07      0.09      0.00      0.00      0.00      0.00

07:12:56        IFACE   rxpck/s   txpck/s    rxkB/s    txkB/s   rxcmp/s   txcmp/s  rxmcst/s   %ifutil
07:12:57         ens5    386.00    513.00     22.29    548.15      0.00      0.00      0.00      0.00

07:12:57        IFACE   rxpck/s   txpck/s    rxkB/s    txkB/s   rxcmp/s   txcmp/s  rxmcst/s   %ifutil
07:12:58         ens5    994.00   1374.00     57.38   1493.19      0.00      0.00      0.00      0.00

07:12:58        IFACE   rxpck/s   txpck/s    rxkB/s    txkB/s   rxcmp/s   txcmp/s  rxmcst/s   %ifutil
07:12:59         ens5    763.00    972.00     43.47   1054.28      0.00      0.00      0.00      0.00

07:12:59        IFACE   rxpck/s   txpck/s    rxkB/s    txkB/s   rxcmp/s   txcmp/s  rxmcst/s   %ifutil
07:13:00         ens5     13.00     16.00      0.74     17.12      0.00      0.00      0.00      0.00

07:13:00        IFACE   rxpck/s   txpck/s    rxkB/s    txkB/s   rxcmp/s   txcmp/s  rxmcst/s   %ifutil
07:13:01         ens5      0.00      0.00      0.00      0.00      0.00      0.00      0.00      0.00

07:13:01        IFACE   rxpck/s   txpck/s    rxkB/s    txkB/s   rxcmp/s   txcmp/s  rxmcst/s   %ifutil
07:13:02         ens5      0.00      0.00      0.00      0.00      0.00      0.00      0.00      0.00

07:13:02        IFACE   rxpck/s   txpck/s    rxkB/s    txkB/s   rxcmp/s   txcmp/s  rxmcst/s   %ifutil
07:13:03         ens5      0.00      0.00      0.00      0.00      0.00      0.00      0.00      0.00

07:13:03        IFACE   rxpck/s   txpck/s    rxkB/s    txkB/s   rxcmp/s   txcmp/s  rxmcst/s   %ifutil
07:13:04         ens5      0.00      0.00      0.00      0.00      0.00      0.00      0.00      0.00

07:13:04        IFACE   rxpck/s   txpck/s    rxkB/s    txkB/s   rxcmp/s   txcmp/s  rxmcst/s   %ifutil
07:13:05         ens5      0.00      0.00      0.00      0.00      0.00      0.00      0.00      0.00

07:13:05        IFACE   rxpck/s   txpck/s    rxkB/s    txkB/s   rxcmp/s   txcmp/s  rxmcst/s   %ifutil
07:13:06         ens5      0.00      0.00      0.00      0.00      0.00      0.00      0.00      0.00


Average:        IFACE   rxpck/s   txpck/s    rxkB/s    txkB/s   rxcmp/s   txcmp/s  rxmcst/s   %ifutil
Average:         ens5    101.22    132.35      5.91    138.05      0.00      0.00      0.00      0.00
