Linux 7.0.0-1010-aws (ip-172-31-31-224) 	08/11/26 	_x86_64_	(2 CPU)

09:10:40    kbmemfree   kbavail kbmemused  %memused kbbuffers  kbcached  kbcommit   %commit  kbactive   kbinact   kbdirty
09:10:41       741028   1292440    438256     22.46     22824    670408   1606160     82.33    428896    607020       888
09:10:42       660892   1212304    518392     26.57     22824    670408   1690088     86.63    512840    607020       888
09:10:43       588316   1139728    590968     30.29     22824    670408   1764728     90.46    586476    607020       888
09:10:44       516244   1067664    663032     33.99     22824    670416   1840384     94.34    660352    607028       896
09:10:45       436108    987532    743164     38.09     22824    670420   1919484     98.39    738944    607032       896
09:10:46       347404    898828    831868     42.64     22824    670420   1998476    102.44    818240    607032       896
09:10:47       265252    816716    913980     46.85     22864    670420   2091024    107.18    911868    607072      1016
09:10:48       178816    730280   1000416     51.28     22864    670420   2169624    111.21    990844    607072       888
09:10:49       154624    706088   1024608     52.52     22864    670420   2190752    112.29   1011872    607072       228
09:10:50       154624    706088   1024604     52.52     22864    670424   2190752    112.29   1011872    607072       232
09:10:51       154624    706088   1024604     52.52     22864    670424   2190752    112.29   1011872    607072       232
09:10:52       154624    706092   1024604     52.52     22864    670424   2194848    112.50   1012712    607076       212
09:10:53       154624    706092   1024604     52.52     22864    670424   2194848    112.50   1012712    607076       212
09:10:54       154624    706092   1024604     52.52     22864    670424   2194848    112.50   1012712    607076       212
09:10:55       154624    706096   1024600     52.52     22864    670428   2194848    112.50   1013204    607080       216
09:10:56       154624    706096   1024600     52.52     22864    670428   2198944    112.71   1018536    607080       216
09:10:57       153492    704964   1025732     52.58     22864    670428   2203040    112.92   1024592    607080       216
09:10:58       153240    704712   1025984     52.59     22864    670428   2207136    113.13   1025480    607080       216
09:10:59       124764    680200   1050476     53.85     22924    674344   2239104    114.77   1051548    610400       788
09:11:00        94380    653468   1077088     55.21     22940    677976   2299504    117.87   1063068    613928       780
09:11:01       121252    680348   1050216     53.83     22940    677976   2207136    113.13   1026544    613944       816
09:11:02       121292    680388   1050176     53.83     22940    677976   2207136    113.13   1026544    613944       816

Average:       260885    813559    917117     47.01     22866    671629   2090619    107.16    907806    608149       575
