Linux 7.0.0-1010-aws (ip-172-31-31-224) 	08/11/26 	_x86_64_	(2 CPU)

09:10:40        IFACE   rxpck/s   txpck/s    rxkB/s    txkB/s   rxcmp/s   txcmp/s  rxmcst/s   %ifutil
09:10:41         ens5     50.00     48.00      4.09      6.02      0.00      0.00      0.00      0.00

09:10:41        IFACE   rxpck/s   txpck/s    rxkB/s    txkB/s   rxcmp/s   txcmp/s  rxmcst/s   %ifutil
09:10:42         ens5      5.00      5.00      0.25      1.10      0.00      0.00      0.00      0.00

09:10:42        IFACE   rxpck/s   txpck/s    rxkB/s    txkB/s   rxcmp/s   txcmp/s  rxmcst/s   %ifutil
09:10:43         ens5      6.00      8.00      0.30      1.70      0.00      0.00      0.00      0.00

09:10:43        IFACE   rxpck/s   txpck/s    rxkB/s    txkB/s   rxcmp/s   txcmp/s  rxmcst/s   %ifutil
09:10:44         ens5      7.00      5.00      0.36      1.04      0.00      0.00      0.00      0.00

09:10:44        IFACE   rxpck/s   txpck/s    rxkB/s    txkB/s   rxcmp/s   txcmp/s  rxmcst/s   %ifutil
09:10:45         ens5      7.92      7.92      0.43      1.61      0.00      0.00      0.00      0.00

09:10:45        IFACE   rxpck/s   txpck/s    rxkB/s    txkB/s   rxcmp/s   txcmp/s  rxmcst/s   %ifutil
09:10:46         ens5      9.00     10.00      0.46      1.97      0.00      0.00      0.00      0.00

09:10:46        IFACE   rxpck/s   txpck/s    rxkB/s    txkB/s   rxcmp/s   txcmp/s  rxmcst/s   %ifutil
09:10:47         ens5      7.00      8.00      0.36      1.46      0.00      0.00      0.00      0.00

09:10:47        IFACE   rxpck/s   txpck/s    rxkB/s    txkB/s   rxcmp/s   txcmp/s  rxmcst/s   %ifutil
09:10:48         ens5     12.00     11.00      5.08      2.98      0.00      0.00      0.00      0.00

09:10:48        IFACE   rxpck/s   txpck/s    rxkB/s    txkB/s   rxcmp/s   txcmp/s  rxmcst/s   %ifutil
09:10:49         ens5      3.00      3.00      0.15      0.61      0.00      0.00      0.00      0.00

09:10:49        IFACE   rxpck/s   txpck/s    rxkB/s    txkB/s   rxcmp/s   txcmp/s  rxmcst/s   %ifutil
09:10:50         ens5      0.00      0.00      0.00      0.00      0.00      0.00      0.00      0.00

09:10:50        IFACE   rxpck/s   txpck/s    rxkB/s    txkB/s   rxcmp/s   txcmp/s  rxmcst/s   %ifutil
09:10:51         ens5     12.00      9.00      2.22      3.02      0.00      0.00      0.00      0.00

09:10:51        IFACE   rxpck/s   txpck/s    rxkB/s    txkB/s   rxcmp/s   txcmp/s  rxmcst/s   %ifutil
09:10:52         ens5      0.00      0.00      0.00      0.00      0.00      0.00      0.00      0.00

09:10:52        IFACE   rxpck/s   txpck/s    rxkB/s    txkB/s   rxcmp/s   txcmp/s  rxmcst/s   %ifutil
09:10:53         ens5      0.00      0.00      0.00      0.00      0.00      0.00      0.00      0.00

09:10:53        IFACE   rxpck/s   txpck/s    rxkB/s    txkB/s   rxcmp/s   txcmp/s  rxmcst/s   %ifutil
09:10:54         ens5      0.00      0.00      0.00      0.00      0.00      0.00      0.00      0.00

09:10:54        IFACE   rxpck/s   txpck/s    rxkB/s    txkB/s   rxcmp/s   txcmp/s  rxmcst/s   %ifutil
09:10:55         ens5     72.00     54.00     14.40     14.68      0.00      0.00      0.00      0.00

09:10:55        IFACE   rxpck/s   txpck/s    rxkB/s    txkB/s   rxcmp/s   txcmp/s  rxmcst/s   %ifutil
09:10:56         ens5    835.00    654.00    176.28    181.18      0.00      0.00      0.00      0.00

09:10:56        IFACE   rxpck/s   txpck/s    rxkB/s    txkB/s   rxcmp/s   txcmp/s  rxmcst/s   %ifutil
09:10:57         ens5   1029.00    793.00    208.12    213.95      0.00      0.00      0.00      0.00

09:10:57        IFACE   rxpck/s   txpck/s    rxkB/s    txkB/s   rxcmp/s   txcmp/s  rxmcst/s   %ifutil
09:10:58         ens5    168.00    127.00     32.00     32.91      0.00      0.00      0.00      0.00

09:10:58        IFACE   rxpck/s   txpck/s    rxkB/s    txkB/s   rxcmp/s   txcmp/s  rxmcst/s   %ifutil
09:10:59         ens5      0.00      0.00      0.00      0.00      0.00      0.00      0.00      0.00

09:10:59        IFACE   rxpck/s   txpck/s    rxkB/s    txkB/s   rxcmp/s   txcmp/s  rxmcst/s   %ifutil
09:11:00         ens5      0.00      0.00      0.00      0.00      0.00      0.00      0.00      0.00

09:11:00        IFACE   rxpck/s   txpck/s    rxkB/s    txkB/s   rxcmp/s   txcmp/s  rxmcst/s   %ifutil
09:11:01         ens5      1.00      1.00      0.07      0.09      0.00      0.00      0.00      0.00

09:11:01        IFACE   rxpck/s   txpck/s    rxkB/s    txkB/s   rxcmp/s   txcmp/s  rxmcst/s   %ifutil
09:11:02         ens5      1.00      1.00      0.03      0.04      0.00      0.00      0.00      0.00


Average:        IFACE   rxpck/s   txpck/s    rxkB/s    txkB/s   rxcmp/s   txcmp/s  rxmcst/s   %ifutil
Average:         ens5    101.09     79.28     20.20     21.10      0.00      0.00      0.00      0.00
