Linux 7.0.0-1010-aws (ip-172-31-20-134) 	08/11/26 	_x86_64_	(2 CPU)

17:06:49        CPU     %user     %nice   %system   %iowait    %steal     %idle
17:06:50        all      1.52      0.00      1.01      0.00      0.00     97.47
17:06:51        all      1.01      0.00      0.00      0.00      0.00     98.99
17:06:52        all      0.00      0.00      0.50      0.00      0.00     99.50
17:06:53        all      0.00      0.00      0.00      0.00      0.00    100.00
17:06:54        all      1.01      0.00      0.00      0.00      0.00     98.99
17:06:55        all      0.00      0.00      0.00      0.00      0.00    100.00
17:06:56        all      0.50      0.00      0.00      0.00      0.00     99.50
17:06:57        all      1.00      0.00      0.50      0.00      0.00     98.50
17:06:58        all      4.57      0.00      1.52      0.00      0.00     93.91
17:06:59        all      0.00      0.00      0.00      0.00      0.00    100.00
17:07:00        all      1.00      0.00      0.00      0.00      1.00     98.01
17:07:01        all      8.67      0.00      1.02      0.00      1.02     89.29
17:07:02        all     39.00      0.00      5.50      0.00      2.50     53.00
17:07:03        all     49.23      0.00      4.62      0.00      0.00     46.15
17:07:04        all      5.56      0.00      1.01      0.00      0.00     93.43
17:07:05        all      9.60      0.00      1.01      0.00      0.00     89.39
17:07:06        all     28.28      0.00      2.53      0.00      0.51     68.69
17:07:07        all      0.51      0.00      0.00      0.00      0.00     99.49
17:07:08        all      1.00      0.00      0.00      0.00      0.00     99.00
17:07:09        all      0.00      0.00      0.00      0.00      0.00    100.00
17:07:10        all      0.50      0.00      0.50      0.00      0.00     99.01
17:07:11        all      0.00      0.00      0.00      0.00      0.00    100.00
17:07:12        all      0.50      0.00      0.00      0.00      0.00     99.50
17:07:13        all      5.56      0.00      1.01      0.00      0.00     93.43
17:07:14        all      0.00      0.00      0.00      0.00      0.00    100.00
17:07:15        all      0.50      0.00      0.00      0.00      0.00     99.50

Average:        all      6.10      0.00      0.79      0.00      0.19     92.92
