Linux 7.0.0-1010-aws (ip-172-31-20-134) 	08/11/26 	_x86_64_	(2 CPU)

17:06:49    kbmemfree   kbavail kbmemused  %memused kbbuffers  kbcached  kbcommit   %commit  kbactive   kbinact   kbdirty
17:06:50       111604   1316692    377168     19.33     31620   1285084   1469856     75.34    996428    590352       324
17:06:51       111604   1316692    377164     19.33     31620   1285088   1469856     75.34    996428    590352       328
17:06:52       111604   1316692    377164     19.33     31620   1285088   1469856     75.34    996428    590352       328
17:06:53       111604   1316692    377164     19.33     31620   1285088   1469856     75.34    996428    590352       328
17:06:54       111604   1316692    377140     19.33     31644   1285088   1469856     75.34    996500    590352       456
17:06:55       111604   1316692    377140     19.33     31644   1285088   1469856     75.34    996500    590352       456
17:06:56       111604   1316692    377140     19.33     31644   1285088   1469856     75.34    996500    590352       456
17:06:57       111604   1316720    377140     19.33     31644   1285088   1471044     75.40    997576    590380       456
17:06:58       111604   1316720    377120     19.33     31644   1285108   1471044     75.40    996876    590380       476
17:06:59       111604   1316740    377108     19.33     31644   1285120   1471044     75.40    996788    590400       488
17:07:00       111604   1316740    377108     19.33     31644   1285120   1471044     75.40    996788    590400       488
17:07:01       111100   1316260    377604     19.36     31644   1285132   1488744     76.31   1000744    590424       500
17:07:02       109084   1314300    379560     19.46     31644   1285192   1568648     80.41   1004504    590480       560
17:07:03       106324   1311732    382132     19.59     31644   1285380   1602228     82.13   1007204    590672       748
17:07:04       106072   1311644    382220     19.59     31644   1285544   1602360     82.13   1005632    590836       868
17:07:05       106072   1311648    382192     19.59     31644   1285572   1602388     82.14   1005752    590840       896
17:07:06       105820   1311488    382376     19.60     31644   1285640   1602624     82.15   1006032    590932       968
17:07:07       105820   1311488    382288     19.60     31644   1285728   1602624     82.15   1006032    590932      1056
17:07:08       105820   1311488    382284     19.60     31644   1285732   1602624     82.15   1006032    590932      1060
17:07:09       105820   1311488    382284     19.60     31644   1285732   1602624     82.15   1006032    590932      1060
17:07:10       105820   1311488    382280     19.60     31644   1285736   1602624     82.15   1006032    590932      1064
17:07:11       105820   1311488    382276     19.59     31644   1285740   1602624     82.15   1006032    590932      1068
17:07:12       105820   1311488    382276     19.59     31644   1285740   1602624     82.15   1006032    590932      1068
17:07:13       105064   1310832    383032     19.63     31644   1285740   1602624     82.15   1006340    591032      1068
17:07:14       105064   1310832    383024     19.63     31644   1285748   1602624     82.15   1006380    591032      1076
17:07:15       105064   1310832    383024     19.63     31644   1285748   1602624     82.15   1006380    591032      1076


Average:       108547   1313933    379900     19.47     31640   1285390   1540914     78.98   1001862    590650       720
