Linux 7.0.0-1010-aws (ip-172-31-20-134) 	08/11/26 	_x86_64_	(2 CPU)

17:06:49        IFACE   rxpck/s   txpck/s    rxkB/s    txkB/s   rxcmp/s   txcmp/s  rxmcst/s   %ifutil
17:06:50         ens5     49.00     46.00      4.26      5.25      0.00      0.00      0.00      0.00

17:06:50        IFACE   rxpck/s   txpck/s    rxkB/s    txkB/s   rxcmp/s   txcmp/s  rxmcst/s   %ifutil
17:06:51         ens5     42.00     36.00      3.79      3.97      0.00      0.00      0.00      0.00

17:06:51        IFACE   rxpck/s   txpck/s    rxkB/s    txkB/s   rxcmp/s   txcmp/s  rxmcst/s   %ifutil
17:06:52         ens5     27.00     21.00      2.21      2.20      0.00      0.00      0.00      0.00

17:06:52        IFACE   rxpck/s   txpck/s    rxkB/s    txkB/s   rxcmp/s   txcmp/s  rxmcst/s   %ifutil
17:06:53         ens5      1.00      1.00      0.07      0.09      0.00      0.00      0.00      0.00

17:06:53        IFACE   rxpck/s   txpck/s    rxkB/s    txkB/s   rxcmp/s   txcmp/s  rxmcst/s   %ifutil
17:06:54         ens5      0.00      0.00      0.00      0.00      0.00      0.00      0.00      0.00

17:06:54        IFACE   rxpck/s   txpck/s    rxkB/s    txkB/s   rxcmp/s   txcmp/s  rxmcst/s   %ifutil
17:06:55         ens5      0.00      0.00      0.00      0.00      0.00      0.00      0.00      0.00

17:06:55        IFACE   rxpck/s   txpck/s    rxkB/s    txkB/s   rxcmp/s   txcmp/s  rxmcst/s   %ifutil
17:06:56         ens5      0.00      0.00      0.00      0.00      0.00      0.00      0.00      0.00

17:06:56        IFACE   rxpck/s   txpck/s    rxkB/s    txkB/s   rxcmp/s   txcmp/s  rxmcst/s   %ifutil
17:06:57         ens5     33.00     40.00     17.98      3.00      0.00      0.00      0.00      0.00

17:06:57        IFACE   rxpck/s   txpck/s    rxkB/s    txkB/s   rxcmp/s   txcmp/s  rxmcst/s   %ifutil
17:06:58         ens5      0.00      0.00      0.00      0.00      0.00      0.00      0.00      0.00

17:06:58        IFACE   rxpck/s   txpck/s    rxkB/s    txkB/s   rxcmp/s   txcmp/s  rxmcst/s   %ifutil
17:06:59         ens5      0.00      0.00      0.00      0.00      0.00      0.00      0.00      0.00

17:06:59        IFACE   rxpck/s   txpck/s    rxkB/s    txkB/s   rxcmp/s   txcmp/s  rxmcst/s   %ifutil
17:07:00         ens5      0.00      0.00      0.00      0.00      0.00      0.00      0.00      0.00

17:07:00        IFACE   rxpck/s   txpck/s    rxkB/s    txkB/s   rxcmp/s   txcmp/s  rxmcst/s   %ifutil
17:07:01         ens5     66.00     76.00     18.96      7.10      0.00      0.00      0.00      0.00

17:07:01        IFACE   rxpck/s   txpck/s    rxkB/s    txkB/s   rxcmp/s   txcmp/s  rxmcst/s   %ifutil
17:07:02         ens5    299.00    337.00     87.77     31.25      0.00      0.00      0.00      0.00

17:07:02        IFACE   rxpck/s   txpck/s    rxkB/s    txkB/s   rxcmp/s   txcmp/s  rxmcst/s   %ifutil
17:07:03         ens5    331.00    384.00     99.44     35.78      0.00      0.00      0.00      0.00

17:07:03        IFACE   rxpck/s   txpck/s    rxkB/s    txkB/s   rxcmp/s   txcmp/s  rxmcst/s   %ifutil
17:07:04         ens5     53.00     60.00     16.40      5.55      0.00      0.00      0.00      0.00

17:07:04        IFACE   rxpck/s   txpck/s    rxkB/s    txkB/s   rxcmp/s   txcmp/s  rxmcst/s   %ifutil
17:07:05         ens5     75.00     84.00     22.78      7.77      0.00      0.00      0.00      0.00

17:07:05        IFACE   rxpck/s   txpck/s    rxkB/s    txkB/s   rxcmp/s   txcmp/s  rxmcst/s   %ifutil
17:07:06         ens5    198.00    228.00     58.34     21.26      0.00      0.00      0.00      0.00

17:07:06        IFACE   rxpck/s   txpck/s    rxkB/s    txkB/s   rxcmp/s   txcmp/s  rxmcst/s   %ifutil
17:07:07         ens5      7.00      8.00      2.08      0.74      0.00      0.00      0.00      0.00

17:07:07        IFACE   rxpck/s   txpck/s    rxkB/s    txkB/s   rxcmp/s   txcmp/s  rxmcst/s   %ifutil
17:07:08         ens5      0.00      0.00      0.00      0.00      0.00      0.00      0.00      0.00

17:07:08        IFACE   rxpck/s   txpck/s    rxkB/s    txkB/s   rxcmp/s   txcmp/s  rxmcst/s   %ifutil
17:07:09         ens5      1.00      1.00      0.07      0.09      0.00      0.00      0.00      0.00

17:07:09        IFACE   rxpck/s   txpck/s    rxkB/s    txkB/s   rxcmp/s   txcmp/s  rxmcst/s   %ifutil
17:07:10         ens5      0.00      0.00      0.00      0.00      0.00      0.00      0.00      0.00

17:07:10        IFACE   rxpck/s   txpck/s    rxkB/s    txkB/s   rxcmp/s   txcmp/s  rxmcst/s   %ifutil
17:07:11         ens5      0.00      0.00      0.00      0.00      0.00      0.00      0.00      0.00

17:07:11        IFACE   rxpck/s   txpck/s    rxkB/s    txkB/s   rxcmp/s   txcmp/s  rxmcst/s   %ifutil
17:07:12         ens5      0.00      0.00      0.00      0.00      0.00      0.00      0.00      0.00

17:07:12        IFACE   rxpck/s   txpck/s    rxkB/s    txkB/s   rxcmp/s   txcmp/s  rxmcst/s   %ifutil
17:07:13         ens5      0.00      0.00      0.00      0.00      0.00      0.00      0.00      0.00

17:07:13        IFACE   rxpck/s   txpck/s    rxkB/s    txkB/s   rxcmp/s   txcmp/s  rxmcst/s   %ifutil
17:07:14         ens5      0.00      0.00      0.00      0.00      0.00      0.00      0.00      0.00

17:07:14        IFACE   rxpck/s   txpck/s    rxkB/s    txkB/s   rxcmp/s   txcmp/s  rxmcst/s   %ifutil
17:07:15         ens5      0.00      0.00      0.00      0.00      0.00      0.00      0.00      0.00


Average:        IFACE   rxpck/s   txpck/s    rxkB/s    txkB/s   rxcmp/s   txcmp/s  rxmcst/s   %ifutil
Average:         ens5     45.46     50.85     12.85      4.77      0.00      0.00      0.00      0.00
