Linux 7.0.0-1010-aws (ip-172-31-31-224) 	08/11/26 	_x86_64_	(2 CPU)

06:45:38        CPU     %user     %nice   %system   %iowait    %steal     %idle
06:45:39        all     50.25      0.00      4.52      0.00      1.51     43.72
06:45:40        all     50.75      0.00      3.48      0.00      1.00     44.78
06:45:41        all     49.50      0.00      3.00      0.00      1.00     46.50
06:45:42        all     49.24      0.00      3.05      0.00      0.00     47.72
06:45:43        all     48.26      0.00      4.48      0.00      1.00     46.27
06:45:44        all     56.78      0.00      3.52      0.00      1.01     38.69
06:45:45        all     49.00      0.00      4.50      0.00      1.00     45.50
06:45:46        all     50.25      0.00      4.02      0.00      1.01     44.72
06:45:47        all      6.57      0.00      1.01      0.00      0.00     92.42
06:45:48        all      0.00      0.00      0.00      0.00      0.50     99.50
06:45:49        all      0.50      0.00      0.00      0.00      0.50     99.00
06:45:50        all      0.50      0.00      0.50      0.00      0.00     99.00
06:45:51        all      0.00      0.00      0.00      0.00      0.00    100.00
06:45:52        all      0.50      0.00      0.00      0.00      0.00     99.50
06:45:53        all      0.00      0.00      0.50      0.00      0.50     99.00
06:45:54        all      3.52      0.00      1.51      0.00      0.50     94.47
06:45:55        all      8.63      0.00      3.55      0.00      2.03     85.79
06:45:56        all      4.55      0.00      2.02      0.00      0.51     92.93
06:45:57        all      0.00      0.00      0.50      0.00      0.00     99.50
06:45:58        all      0.00      0.00      0.00      0.00      0.00    100.00
06:45:59        all      5.50      0.00      1.00      0.00      1.00     92.50
06:46:00        all      0.49      0.00      0.49      0.00      1.48     97.54
06:46:01        all      0.00      0.00      0.00      0.00      1.99     98.01
06:46:02        all      0.47      0.00      0.47      0.47      7.08     91.51
06:46:03        all      0.00      0.00      0.50      0.00      2.48     97.03
06:46:04        all      0.50      0.00      0.00      0.00      1.00     98.50
06:46:05        all      0.50      0.00      0.00      0.00      0.50     99.00
06:46:06        all      0.00      0.00      0.00      0.00      0.50     99.50


Average:        all     15.54      0.00      1.52      0.02      1.02     81.91
