Linux 7.0.0-1010-aws (ip-172-31-31-224) 	08/11/26 	_x86_64_	(2 CPU)

06:45:38        IFACE   rxpck/s   txpck/s    rxkB/s    txkB/s   rxcmp/s   txcmp/s  rxmcst/s   %ifutil
06:45:39         ens5     50.00     49.00      4.17      6.23      0.00      0.00      0.00      0.00

06:45:39        IFACE   rxpck/s   txpck/s    rxkB/s    txkB/s   rxcmp/s   txcmp/s  rxmcst/s   %ifutil
06:45:40         ens5     24.00     19.00      1.97      2.74      0.00      0.00      0.00      0.00

06:45:40        IFACE   rxpck/s   txpck/s    rxkB/s    txkB/s   rxcmp/s   txcmp/s  rxmcst/s   %ifutil
06:45:41         ens5      8.00      9.00      0.41      1.90      0.00      0.00      0.00      0.00

06:45:41        IFACE   rxpck/s   txpck/s    rxkB/s    txkB/s   rxcmp/s   txcmp/s  rxmcst/s   %ifutil
06:45:42         ens5      7.00      6.00      0.36      1.28      0.00      0.00      0.00      0.00

06:45:42        IFACE   rxpck/s   txpck/s    rxkB/s    txkB/s   rxcmp/s   txcmp/s  rxmcst/s   %ifutil
06:45:43         ens5      6.00      6.00      0.33      1.19      0.00      0.00      0.00      0.00

06:45:43        IFACE   rxpck/s   txpck/s    rxkB/s    txkB/s   rxcmp/s   txcmp/s  rxmcst/s   %ifutil
06:45:44         ens5      9.00     10.00      0.46      2.09      0.00      0.00      0.00      0.00

06:45:44        IFACE   rxpck/s   txpck/s    rxkB/s    txkB/s   rxcmp/s   txcmp/s  rxmcst/s   %ifutil
06:45:45         ens5      6.00      5.00      0.30      1.09      0.00      0.00      0.00      0.00

06:45:45        IFACE   rxpck/s   txpck/s    rxkB/s    txkB/s   rxcmp/s   txcmp/s  rxmcst/s   %ifutil
06:45:46         ens5      3.00      3.00      0.15      0.66      0.00      0.00      0.00      0.00

06:45:46        IFACE   rxpck/s   txpck/s    rxkB/s    txkB/s   rxcmp/s   txcmp/s  rxmcst/s   %ifutil
06:45:47         ens5      3.00      3.00      0.15      0.61      0.00      0.00      0.00      0.00

06:45:47        IFACE   rxpck/s   txpck/s    rxkB/s    txkB/s   rxcmp/s   txcmp/s  rxmcst/s   %ifutil
06:45:48         ens5      0.00      0.00      0.00      0.00      0.00      0.00      0.00      0.00

06:45:48        IFACE   rxpck/s   txpck/s    rxkB/s    txkB/s   rxcmp/s   txcmp/s  rxmcst/s   %ifutil
06:45:49         ens5      4.00      4.00      5.11      4.31      0.00      0.00      0.00      0.00

06:45:49        IFACE   rxpck/s   txpck/s    rxkB/s    txkB/s   rxcmp/s   txcmp/s  rxmcst/s   %ifutil
06:45:50         ens5     11.00      7.00      3.17      2.82      0.00      0.00      0.00      0.00

06:45:50        IFACE   rxpck/s   txpck/s    rxkB/s    txkB/s   rxcmp/s   txcmp/s  rxmcst/s   %ifutil
06:45:51         ens5      0.00      0.00      0.00      0.00      0.00      0.00      0.00      0.00

06:45:51        IFACE   rxpck/s   txpck/s    rxkB/s    txkB/s   rxcmp/s   txcmp/s  rxmcst/s   %ifutil
06:45:52         ens5      0.00      0.00      0.00      0.00      0.00      0.00      0.00      0.00

06:45:52        IFACE   rxpck/s   txpck/s    rxkB/s    txkB/s   rxcmp/s   txcmp/s  rxmcst/s   %ifutil
06:45:53         ens5      9.00      7.00      4.42      2.95      0.00      0.00      0.00      0.00

06:45:53        IFACE   rxpck/s   txpck/s    rxkB/s    txkB/s   rxcmp/s   txcmp/s  rxmcst/s   %ifutil
06:45:54         ens5    215.00    182.00    144.52     93.65      0.00      0.00      0.00      0.00

06:45:54        IFACE   rxpck/s   txpck/s    rxkB/s    txkB/s   rxcmp/s   txcmp/s  rxmcst/s   %ifutil
06:45:55         ens5    594.00    542.00    396.05    273.70      0.00      0.00      0.00      0.00

06:45:55        IFACE   rxpck/s   txpck/s    rxkB/s    txkB/s   rxcmp/s   txcmp/s  rxmcst/s   %ifutil
06:45:56         ens5    279.00    259.00    196.88    130.43      0.00      0.00      0.00      0.00

06:45:56        IFACE   rxpck/s   txpck/s    rxkB/s    txkB/s   rxcmp/s   txcmp/s  rxmcst/s   %ifutil
06:45:57         ens5      8.00      5.00      4.21      2.58      0.00      0.00      0.00      0.00

06:45:57        IFACE   rxpck/s   txpck/s    rxkB/s    txkB/s   rxcmp/s   txcmp/s  rxmcst/s   %ifutil
06:45:58         ens5      0.00      0.00      0.00      0.00      0.00      0.00      0.00      0.00

06:45:58        IFACE   rxpck/s   txpck/s    rxkB/s    txkB/s   rxcmp/s   txcmp/s  rxmcst/s   %ifutil
06:45:59         ens5      1.00      1.00      0.07      0.09      0.00      0.00      0.00      0.00

06:45:59        IFACE   rxpck/s   txpck/s    rxkB/s    txkB/s   rxcmp/s   txcmp/s  rxmcst/s   %ifutil
06:46:00         ens5      0.00      0.00      0.00      0.00      0.00      0.00      0.00      0.00

06:46:00        IFACE   rxpck/s   txpck/s    rxkB/s    txkB/s   rxcmp/s   txcmp/s  rxmcst/s   %ifutil
06:46:01         ens5      1.00      1.00      0.21      0.22      0.00      0.00      0.00      0.00

06:46:01        IFACE   rxpck/s   txpck/s    rxkB/s    txkB/s   rxcmp/s   txcmp/s  rxmcst/s   %ifutil
06:46:02         ens5      0.00      0.00      0.00      0.00      0.00      0.00      0.00      0.00

06:46:02        IFACE   rxpck/s   txpck/s    rxkB/s    txkB/s   rxcmp/s   txcmp/s  rxmcst/s   %ifutil
06:46:03         ens5      0.00      0.00      0.00      0.00      0.00      0.00      0.00      0.00

06:46:03        IFACE   rxpck/s   txpck/s    rxkB/s    txkB/s   rxcmp/s   txcmp/s  rxmcst/s   %ifutil
06:46:04         ens5      0.00      0.00      0.00      0.00      0.00      0.00      0.00      0.00

06:46:04        IFACE   rxpck/s   txpck/s    rxkB/s    txkB/s   rxcmp/s   txcmp/s  rxmcst/s   %ifutil
06:46:05         ens5      0.00      0.00      0.00      0.00      0.00      0.00      0.00      0.00

06:46:05        IFACE   rxpck/s   txpck/s    rxkB/s    txkB/s   rxcmp/s   txcmp/s  rxmcst/s   %ifutil
06:46:06         ens5      0.00      0.00      0.00      0.00      0.00      0.00      0.00      0.00


Average:        IFACE   rxpck/s   txpck/s    rxkB/s    txkB/s   rxcmp/s   txcmp/s  rxmcst/s   %ifutil
Average:         ens5     44.21     39.93     27.25     18.88      0.00      0.00      0.00      0.00
