Linux 7.0.0-1010-aws (ip-172-31-20-134) 	08/11/26 	_x86_64_	(2 CPU)

17:07:27    kbmemfree   kbavail kbmemused  %memused kbbuffers  kbcached  kbcommit   %commit  kbactive   kbinact   kbdirty
17:07:28       113864   1319708    374156     19.18     31672   1285788   1465776     75.13    995924    591108       336
17:07:29       113864   1319708    374148     19.18     31672   1285796   1465776     75.13    996212    591108       344
17:07:30       113864   1319708    374148     19.18     31672   1285796   1465776     75.13    996212    591108       344
17:07:31       113864   1319708    374148     19.18     31672   1285796   1465776     75.13    996212    591108       344
17:07:32       113864   1319708    374144     19.18     31672   1285800   1465776     75.13    996212    591108       348
17:07:33       113864   1319708    374144     19.18     31672   1285800   1465776     75.13    996212    591108       348
17:07:34       113864   1319720    374136     19.18     31672   1285800   1471028     75.40    998416    591120       348
17:07:35       113864   1319720    374116     19.18     31672   1285820   1471028     75.40    998416    591120       368
17:07:36       113864   1319720    374116     19.18     31672   1285820   1471028     75.40    998416    591120       368
17:07:37       113864   1319720    374112     19.18     31672   1285824   1471028     75.40    998416    591120       372
17:07:38       113864   1319720    374112     19.18     31672   1285824   1471028     75.40    998424    591120       324
17:07:39       113864   1319720    374112     19.18     31672   1285824   1479552     75.84    998928    591120       324
17:07:40       109892   1315800    378052     19.38     31672   1285864   1572564     80.61   1005132    591172       364
17:07:41       103352   1309624    384236     19.70     31672   1286220   1725832     88.46   1010680    591536       720
17:07:42       103112   1309544    384316     19.70     31672   1286380   1725980     88.47   1009412    591692       884
17:07:43       103112   1309544    384264     19.70     31672   1286432   1725980     88.47   1009412    591692       936
17:07:44       102356   1308852    385004     19.73     31672   1286448   1726256     88.49   1009928    591756       952
17:07:45       102104   1308660    385204     19.74     31672   1286500   1726628     88.50   1010320    591816      1004
17:07:46       102104   1308740    385116     19.74     31672   1286588   1726628     88.50   1010272    591896      1092
17:07:47       102104   1308740    385112     19.74     31672   1286592   1726628     88.50   1010272    591896      1096
17:07:48       102104   1308740    385108     19.74     31672   1286596   1726628     88.50   1010272    591896      1100
17:07:49       101852   1308496    385360     19.75     31672   1286596   1726628     88.50   1010884    591904      1100
17:07:50       101852   1308496    385360     19.75     31672   1286596   1726628     88.50   1010884    591904      1100
17:07:51       101852   1308496    385360     19.75     31672   1286596   1726628     88.50   1010884    591904      1100

Average:       108424   1314596    379254     19.44     31672   1286129   1591348     81.57   1003598    591435       651
