Linux 7.0.0-1010-aws (ip-172-31-20-134) 	08/11/26 	_x86_64_	(2 CPU)

17:07:27        IFACE   rxpck/s   txpck/s    rxkB/s    txkB/s   rxcmp/s   txcmp/s  rxmcst/s   %ifutil
17:07:28         ens5     50.00     42.00      4.14      4.66      0.00      0.00      0.00      0.00

17:07:28        IFACE   rxpck/s   txpck/s    rxkB/s    txkB/s   rxcmp/s   txcmp/s  rxmcst/s   %ifutil
17:07:29         ens5     37.00     29.00      3.29      3.28      0.00      0.00      0.00      0.00

17:07:29        IFACE   rxpck/s   txpck/s    rxkB/s    txkB/s   rxcmp/s   txcmp/s  rxmcst/s   %ifutil
17:07:30         ens5      0.00      0.00      0.00      0.00      0.00      0.00      0.00      0.00

17:07:30        IFACE   rxpck/s   txpck/s    rxkB/s    txkB/s   rxcmp/s   txcmp/s  rxmcst/s   %ifutil
17:07:31         ens5      0.00      0.00      0.00      0.00      0.00      0.00      0.00      0.00

17:07:31        IFACE   rxpck/s   txpck/s    rxkB/s    txkB/s   rxcmp/s   txcmp/s  rxmcst/s   %ifutil
17:07:32         ens5      0.00      0.00      0.00      0.00      0.00      0.00      0.00      0.00

17:07:32        IFACE   rxpck/s   txpck/s    rxkB/s    txkB/s   rxcmp/s   txcmp/s  rxmcst/s   %ifutil
17:07:33         ens5      0.00      0.00      0.00      0.00      0.00      0.00      0.00      0.00

17:07:33        IFACE   rxpck/s   txpck/s    rxkB/s    txkB/s   rxcmp/s   txcmp/s  rxmcst/s   %ifutil
17:07:34         ens5     33.00     40.00     17.98      3.00      0.00      0.00      0.00      0.00

17:07:34        IFACE   rxpck/s   txpck/s    rxkB/s    txkB/s   rxcmp/s   txcmp/s  rxmcst/s   %ifutil
17:07:35         ens5      0.00      0.00      0.00      0.00      0.00      0.00      0.00      0.00

17:07:35        IFACE   rxpck/s   txpck/s    rxkB/s    txkB/s   rxcmp/s   txcmp/s  rxmcst/s   %ifutil
17:07:36         ens5      0.00      0.00      0.00      0.00      0.00      0.00      0.00      0.00

17:07:36        IFACE   rxpck/s   txpck/s    rxkB/s    txkB/s   rxcmp/s   txcmp/s  rxmcst/s   %ifutil
17:07:37         ens5      0.00      0.00      0.00      0.00      0.00      0.00      0.00      0.00

17:07:37        IFACE   rxpck/s   txpck/s    rxkB/s    txkB/s   rxcmp/s   txcmp/s  rxmcst/s   %ifutil
17:07:38         ens5      0.00      0.00      0.00      0.00      0.00      0.00      0.00      0.00

17:07:38        IFACE   rxpck/s   txpck/s    rxkB/s    txkB/s   rxcmp/s   txcmp/s  rxmcst/s   %ifutil
17:07:39         ens5      9.00      9.00      2.26      0.82      0.00      0.00      0.00      0.00

17:07:39        IFACE   rxpck/s   txpck/s    rxkB/s    txkB/s   rxcmp/s   txcmp/s  rxmcst/s   %ifutil
17:07:40         ens5    291.00    319.00     85.65     29.13      0.00      0.00      0.00      0.00

17:07:40        IFACE   rxpck/s   txpck/s    rxkB/s    txkB/s   rxcmp/s   txcmp/s  rxmcst/s   %ifutil
17:07:41         ens5    630.00    683.00    187.38     62.44      0.00      0.00      0.00      0.00

17:07:41        IFACE   rxpck/s   txpck/s    rxkB/s    txkB/s   rxcmp/s   txcmp/s  rxmcst/s   %ifutil
17:07:42         ens5    100.00    166.00     30.55     17.08      0.00      0.00      0.00      0.00

17:07:42        IFACE   rxpck/s   txpck/s    rxkB/s    txkB/s   rxcmp/s   txcmp/s  rxmcst/s   %ifutil
17:07:43         ens5      0.00      0.00      0.00      0.00      0.00      0.00      0.00      0.00

17:07:43        IFACE   rxpck/s   txpck/s    rxkB/s    txkB/s   rxcmp/s   txcmp/s  rxmcst/s   %ifutil
17:07:44         ens5     56.00     64.00     16.64      5.95      0.00      0.00      0.00      0.00

17:07:44        IFACE   rxpck/s   txpck/s    rxkB/s    txkB/s   rxcmp/s   txcmp/s  rxmcst/s   %ifutil
17:07:45         ens5    184.00    210.00     54.26     19.56      0.00      0.00      0.00      0.00

17:07:45        IFACE   rxpck/s   txpck/s    rxkB/s    txkB/s   rxcmp/s   txcmp/s  rxmcst/s   %ifutil
17:07:46         ens5      5.00      6.00      1.90      0.53      0.00      0.00      0.00      0.00

17:07:46        IFACE   rxpck/s   txpck/s    rxkB/s    txkB/s   rxcmp/s   txcmp/s  rxmcst/s   %ifutil
17:07:47         ens5      0.00      0.00      0.00      0.00      0.00      0.00      0.00      0.00

17:07:47        IFACE   rxpck/s   txpck/s    rxkB/s    txkB/s   rxcmp/s   txcmp/s  rxmcst/s   %ifutil
17:07:48         ens5      0.00      0.00      0.00      0.00      0.00      0.00      0.00      0.00

17:07:48        IFACE   rxpck/s   txpck/s    rxkB/s    txkB/s   rxcmp/s   txcmp/s  rxmcst/s   %ifutil
17:07:49         ens5      0.00      0.00      0.00      0.00      0.00      0.00      0.00      0.00

17:07:49        IFACE   rxpck/s   txpck/s    rxkB/s    txkB/s   rxcmp/s   txcmp/s  rxmcst/s   %ifutil
17:07:50         ens5      0.00      0.00      0.00      0.00      0.00      0.00      0.00      0.00

17:07:50        IFACE   rxpck/s   txpck/s    rxkB/s    txkB/s   rxcmp/s   txcmp/s  rxmcst/s   %ifutil
17:07:51         ens5      0.00      0.00      0.00      0.00      0.00      0.00      0.00      0.00



Average:        IFACE   rxpck/s   txpck/s    rxkB/s    txkB/s   rxcmp/s   txcmp/s  rxmcst/s   %ifutil
Average:         ens5     58.13     65.33     16.84      6.10      0.00      0.00      0.00      0.00
