Linux 7.0.0-1010-aws (ip-172-31-31-224) 	08/11/26 	_x86_64_	(2 CPU)

08:58:48        IFACE   rxpck/s   txpck/s    rxkB/s    txkB/s   rxcmp/s   txcmp/s  rxmcst/s   %ifutil
08:58:49         ens5     61.00     60.00      4.89      7.01      0.00      0.00      0.00      0.00

08:58:49        IFACE   rxpck/s   txpck/s    rxkB/s    txkB/s   rxcmp/s   txcmp/s  rxmcst/s   %ifutil
08:58:50         ens5     54.00     52.00      4.36      5.78      0.00      0.00      0.00      0.00

08:58:50        IFACE   rxpck/s   txpck/s    rxkB/s    txkB/s   rxcmp/s   txcmp/s  rxmcst/s   %ifutil
08:58:51         ens5      8.00      9.00      0.41      1.90      0.00      0.00      0.00      0.00

08:58:51        IFACE   rxpck/s   txpck/s    rxkB/s    txkB/s   rxcmp/s   txcmp/s  rxmcst/s   %ifutil
08:58:52         ens5      7.00      6.00      0.36      1.28      0.00      0.00      0.00      0.00

08:58:52        IFACE   rxpck/s   txpck/s    rxkB/s    txkB/s   rxcmp/s   txcmp/s  rxmcst/s   %ifutil
08:58:53         ens5      6.00      7.00      0.36      1.25      0.00      0.00      0.00      0.00

08:58:53        IFACE   rxpck/s   txpck/s    rxkB/s    txkB/s   rxcmp/s   txcmp/s  rxmcst/s   %ifutil
08:58:54         ens5      8.00     10.00      0.41      2.09      0.00      0.00      0.00      0.00

08:58:54        IFACE   rxpck/s   txpck/s    rxkB/s    txkB/s   rxcmp/s   txcmp/s  rxmcst/s   %ifutil
08:58:55         ens5      6.00      6.00      0.30      1.31      0.00      0.00      0.00      0.00

08:58:55        IFACE   rxpck/s   txpck/s    rxkB/s    txkB/s   rxcmp/s   txcmp/s  rxmcst/s   %ifutil
08:58:56         ens5      3.00      5.00      0.15      1.05      0.00      0.00      0.00      0.00

08:58:56        IFACE   rxpck/s   txpck/s    rxkB/s    txkB/s   rxcmp/s   txcmp/s  rxmcst/s   %ifutil
08:58:57         ens5      2.00      0.00      0.10      0.00      0.00      0.00      0.00      0.00

08:58:57        IFACE   rxpck/s   txpck/s    rxkB/s    txkB/s   rxcmp/s   txcmp/s  rxmcst/s   %ifutil
08:58:58         ens5      0.00      0.00      0.00      0.00      0.00      0.00      0.00      0.00

08:58:58        IFACE   rxpck/s   txpck/s    rxkB/s    txkB/s   rxcmp/s   txcmp/s  rxmcst/s   %ifutil
08:58:59         ens5     26.00     29.00      4.53     22.18      0.00      0.00      0.00      0.00

08:58:59        IFACE   rxpck/s   txpck/s    rxkB/s    txkB/s   rxcmp/s   txcmp/s  rxmcst/s   %ifutil
08:59:00         ens5      0.00      0.00      0.00      0.00      0.00      0.00      0.00      0.00

08:59:00        IFACE   rxpck/s   txpck/s    rxkB/s    txkB/s   rxcmp/s   txcmp/s  rxmcst/s   %ifutil
08:59:01         ens5      0.00      0.00      0.00      0.00      0.00      0.00      0.00      0.00

08:59:01        IFACE   rxpck/s   txpck/s    rxkB/s    txkB/s   rxcmp/s   txcmp/s  rxmcst/s   %ifutil
08:59:02         ens5      0.00      0.00      0.00      0.00      0.00      0.00      0.00      0.00

08:59:02        IFACE   rxpck/s   txpck/s    rxkB/s    txkB/s   rxcmp/s   txcmp/s  rxmcst/s   %ifutil
08:59:03         ens5     28.00     27.00      5.00     15.65      0.00      0.00      0.00      0.00

08:59:03        IFACE   rxpck/s   txpck/s    rxkB/s    txkB/s   rxcmp/s   txcmp/s  rxmcst/s   %ifutil
08:59:04         ens5    389.00    381.00     73.16    227.61      0.00      0.00      0.00      0.00

08:59:04        IFACE   rxpck/s   txpck/s    rxkB/s    txkB/s   rxcmp/s   txcmp/s  rxmcst/s   %ifutil
08:59:05         ens5   1231.00   1175.00    224.56    691.28      0.00      0.00      0.00      0.00

08:59:05        IFACE   rxpck/s   txpck/s    rxkB/s    txkB/s   rxcmp/s   txcmp/s  rxmcst/s   %ifutil
08:59:06         ens5    906.00    808.00    152.29    492.02      0.00      0.00      0.00      0.00

08:59:06        IFACE   rxpck/s   txpck/s    rxkB/s    txkB/s   rxcmp/s   txcmp/s  rxmcst/s   %ifutil
08:59:07         ens5     22.00     23.00      3.09     14.29      0.00      0.00      0.00      0.00

08:59:07        IFACE   rxpck/s   txpck/s    rxkB/s    txkB/s   rxcmp/s   txcmp/s  rxmcst/s   %ifutil
08:59:08         ens5      0.00      0.00      0.00      0.00      0.00      0.00      0.00      0.00

08:59:08        IFACE   rxpck/s   txpck/s    rxkB/s    txkB/s   rxcmp/s   txcmp/s  rxmcst/s   %ifutil
08:59:09         ens5      1.00      1.00      0.07      0.09      0.00      0.00      0.00      0.00

08:59:09        IFACE   rxpck/s   txpck/s    rxkB/s    txkB/s   rxcmp/s   txcmp/s  rxmcst/s   %ifutil
08:59:10         ens5      0.00      0.00      0.00      0.00      0.00      0.00      0.00      0.00

08:59:10        IFACE   rxpck/s   txpck/s    rxkB/s    txkB/s   rxcmp/s   txcmp/s  rxmcst/s   %ifutil
08:59:11         ens5      0.00      0.00      0.00      0.00      0.00      0.00      0.00      0.00

08:59:11        IFACE   rxpck/s   txpck/s    rxkB/s    txkB/s   rxcmp/s   txcmp/s  rxmcst/s   %ifutil
08:59:12         ens5      0.00      0.00      0.00      0.00      0.00      0.00      0.00      0.00


Average:        IFACE   rxpck/s   txpck/s    rxkB/s    txkB/s   rxcmp/s   txcmp/s  rxmcst/s   %ifutil
Average:         ens5    114.92    108.29     19.75     61.87      0.00      0.00      0.00      0.00
