Linux 7.0.0-1008-aws (ip-172-31-31-224) 	08/07/26 	_x86_64_	(2 CPU)

06:43:24        IFACE   rxpck/s   txpck/s    rxkB/s    txkB/s   rxcmp/s   txcmp/s  rxmcst/s   %ifutil
06:43:25         ens5     33.00     32.00      3.73      5.50      0.00      0.00      0.00      0.00

06:43:25        IFACE   rxpck/s   txpck/s    rxkB/s    txkB/s   rxcmp/s   txcmp/s  rxmcst/s   %ifutil
06:43:26         ens5     32.00     28.00      3.42      4.38      0.00      0.00      0.00      0.00

06:43:26        IFACE   rxpck/s   txpck/s    rxkB/s    txkB/s   rxcmp/s   txcmp/s  rxmcst/s   %ifutil
06:43:27         ens5     23.00     20.00      1.96      3.55      0.00      0.00      0.00      0.00

06:43:27        IFACE   rxpck/s   txpck/s    rxkB/s    txkB/s   rxcmp/s   txcmp/s  rxmcst/s   %ifutil
06:43:28         ens5      8.00      7.00      0.41      1.52      0.00      0.00      0.00      0.00

06:43:28        IFACE   rxpck/s   txpck/s    rxkB/s    txkB/s   rxcmp/s   txcmp/s  rxmcst/s   %ifutil
06:43:29         ens5      3.00      3.00      0.15      0.66      0.00      0.00      0.00      0.00

06:43:29        IFACE   rxpck/s   txpck/s    rxkB/s    txkB/s   rxcmp/s   txcmp/s  rxmcst/s   %ifutil
06:43:30         ens5     12.00     12.00      0.61      2.40      0.00      0.00      0.00      0.00

06:43:30        IFACE   rxpck/s   txpck/s    rxkB/s    txkB/s   rxcmp/s   txcmp/s  rxmcst/s   %ifutil
06:43:31         ens5      5.00      5.00      0.25      1.10      0.00      0.00      0.00      0.00

06:43:31        IFACE   rxpck/s   txpck/s    rxkB/s    txkB/s   rxcmp/s   txcmp/s  rxmcst/s   %ifutil
06:43:32         ens5      5.00      5.00      0.25      1.05      0.00      0.00      0.00      0.00

06:43:32        IFACE   rxpck/s   txpck/s    rxkB/s    txkB/s   rxcmp/s   txcmp/s  rxmcst/s   %ifutil
06:43:33         ens5      0.00      0.00      0.00      0.00      0.00      0.00      0.00      0.00

06:43:33        IFACE   rxpck/s   txpck/s    rxkB/s    txkB/s   rxcmp/s   txcmp/s  rxmcst/s   %ifutil
06:43:34         ens5    128.00    171.00     22.14    163.13      0.00      0.00      0.00      0.00

06:43:34        IFACE   rxpck/s   txpck/s    rxkB/s    txkB/s   rxcmp/s   txcmp/s  rxmcst/s   %ifutil
06:43:35         ens5    143.00    197.00     23.64    188.02      0.00      0.00      0.00      0.00

06:43:35        IFACE   rxpck/s   txpck/s    rxkB/s    txkB/s   rxcmp/s   txcmp/s  rxmcst/s   %ifutil
06:43:36         ens5    137.00    181.00     23.16    170.79      0.00      0.00      0.00      0.00

06:43:36        IFACE   rxpck/s   txpck/s    rxkB/s    txkB/s   rxcmp/s   txcmp/s  rxmcst/s   %ifutil
06:43:37         ens5    145.00    198.00     25.35    186.93      0.00      0.00      0.00      0.00

06:43:37        IFACE   rxpck/s   txpck/s    rxkB/s    txkB/s   rxcmp/s   txcmp/s  rxmcst/s   %ifutil
06:43:38         ens5    143.00    185.00     23.47    173.66      0.00      0.00      0.00      0.00

06:43:38        IFACE   rxpck/s   txpck/s    rxkB/s    txkB/s   rxcmp/s   txcmp/s  rxmcst/s   %ifutil
06:43:39         ens5    140.00    185.00     24.93    172.50      0.00      0.00      0.00      0.00

06:43:39        IFACE   rxpck/s   txpck/s    rxkB/s    txkB/s   rxcmp/s   txcmp/s  rxmcst/s   %ifutil
06:43:40         ens5    143.00    196.00     23.66    187.97      0.00      0.00      0.00      0.00

06:43:40        IFACE   rxpck/s   txpck/s    rxkB/s    txkB/s   rxcmp/s   txcmp/s  rxmcst/s   %ifutil
06:43:41         ens5    135.00    181.00     23.04    170.78      0.00      0.00      0.00      0.00

06:43:41        IFACE   rxpck/s   txpck/s    rxkB/s    txkB/s   rxcmp/s   txcmp/s  rxmcst/s   %ifutil
06:43:42         ens5    143.00    187.00     25.11    172.63      0.00      0.00      0.00      0.00

06:43:42        IFACE   rxpck/s   txpck/s    rxkB/s    txkB/s   rxcmp/s   txcmp/s  rxmcst/s   %ifutil
06:43:43         ens5    143.00    196.00     23.66    187.96      0.00      0.00      0.00      0.00

06:43:43        IFACE   rxpck/s   txpck/s    rxkB/s    txkB/s   rxcmp/s   txcmp/s  rxmcst/s   %ifutil
06:43:44         ens5    140.00    183.00     23.32    170.93      0.00      0.00      0.00      0.00

06:43:44        IFACE   rxpck/s   txpck/s    rxkB/s    txkB/s   rxcmp/s   txcmp/s  rxmcst/s   %ifutil
06:43:45         ens5    138.00    185.00     24.84    172.56      0.00      0.00      0.00      0.00

06:43:45        IFACE   rxpck/s   txpck/s    rxkB/s    txkB/s   rxcmp/s   txcmp/s  rxmcst/s   %ifutil
06:43:46         ens5    148.00    196.00     23.93    188.00      0.00      0.00      0.00      0.00

06:43:46        IFACE   rxpck/s   txpck/s    rxkB/s    txkB/s   rxcmp/s   txcmp/s  rxmcst/s   %ifutil
06:43:47         ens5    137.00    184.00     23.16    171.01      0.00      0.00      0.00      0.00

06:43:47        IFACE   rxpck/s   txpck/s    rxkB/s    txkB/s   rxcmp/s   txcmp/s  rxmcst/s   %ifutil
06:43:48         ens5    142.00    196.00     25.20    186.82      0.00      0.00      0.00      0.00

06:43:48        IFACE   rxpck/s   txpck/s    rxkB/s    txkB/s   rxcmp/s   txcmp/s  rxmcst/s   %ifutil
06:43:49         ens5    141.00    184.00     23.39    173.63      0.00      0.00      0.00      0.00

06:43:49        IFACE   rxpck/s   txpck/s    rxkB/s    txkB/s   rxcmp/s   txcmp/s  rxmcst/s   %ifutil
06:43:50         ens5    143.00    200.00     25.26    189.69      0.00      0.00      0.00      0.00

06:43:50        IFACE   rxpck/s   txpck/s    rxkB/s    txkB/s   rxcmp/s   txcmp/s  rxmcst/s   %ifutil
06:43:51         ens5    136.00    182.00     23.13    170.90      0.00      0.00      0.00      0.00

06:43:51        IFACE   rxpck/s   txpck/s    rxkB/s    txkB/s   rxcmp/s   txcmp/s  rxmcst/s   %ifutil
06:43:52         ens5    133.00    181.00     22.98    170.82      0.00      0.00      0.00      0.00

06:43:52        IFACE   rxpck/s   txpck/s    rxkB/s    txkB/s   rxcmp/s   txcmp/s  rxmcst/s   %ifutil
06:43:53         ens5    149.00    199.00     25.59    189.65      0.00      0.00      0.00      0.00

06:43:53        IFACE   rxpck/s   txpck/s    rxkB/s    txkB/s   rxcmp/s   txcmp/s  rxmcst/s   %ifutil
06:43:54         ens5    138.00    180.00     23.21    170.75      0.00      0.00      0.00      0.00

06:43:54        IFACE   rxpck/s   txpck/s    rxkB/s    txkB/s   rxcmp/s   txcmp/s  rxmcst/s   %ifutil
06:43:55         ens5    143.00    198.00     25.27    189.56      0.00      0.00      0.00      0.00

06:43:55        IFACE   rxpck/s   txpck/s    rxkB/s    txkB/s   rxcmp/s   txcmp/s  rxmcst/s   %ifutil
06:43:56         ens5    141.00    183.00     23.38    170.96      0.00      0.00      0.00      0.00

06:43:56        IFACE   rxpck/s   txpck/s    rxkB/s    txkB/s   rxcmp/s   txcmp/s  rxmcst/s   %ifutil
06:43:57         ens5    144.00    200.00     25.31    189.69      0.00      0.00      0.00      0.00

06:43:57        IFACE   rxpck/s   txpck/s    rxkB/s    txkB/s   rxcmp/s   txcmp/s  rxmcst/s   %ifutil
06:43:58         ens5    139.00    183.00     23.28    170.96      0.00      0.00      0.00      0.00

06:43:58        IFACE   rxpck/s   txpck/s    rxkB/s    txkB/s   rxcmp/s   txcmp/s  rxmcst/s   %ifutil
06:43:59         ens5    138.00    184.00     24.84    172.46      0.00      0.00      0.00      0.00

06:43:59        IFACE   rxpck/s   txpck/s    rxkB/s    txkB/s   rxcmp/s   txcmp/s  rxmcst/s   %ifutil
06:44:00         ens5    122.00    173.00     20.80    166.23      0.00      0.00      0.00      0.00

06:44:00        IFACE   rxpck/s   txpck/s    rxkB/s    txkB/s   rxcmp/s   txcmp/s  rxmcst/s   %ifutil
06:44:01         ens5    137.00    182.00     23.17    173.48      0.00      0.00      0.00      0.00

06:44:01        IFACE   rxpck/s   txpck/s    rxkB/s    txkB/s   rxcmp/s   txcmp/s  rxmcst/s   %ifutil
06:44:02         ens5    137.00    182.00     23.18    170.90      0.00      0.00      0.00      0.00

06:44:02        IFACE   rxpck/s   txpck/s    rxkB/s    txkB/s   rxcmp/s   txcmp/s  rxmcst/s   %ifutil
06:44:03         ens5    137.00    182.00     23.17    170.88      0.00      0.00      0.00      0.00

06:44:03        IFACE   rxpck/s   txpck/s    rxkB/s    txkB/s   rxcmp/s   txcmp/s  rxmcst/s   %ifutil
06:44:04         ens5    147.00    200.00     25.48    189.71      0.00      0.00      0.00      0.00

06:44:04        IFACE   rxpck/s   txpck/s    rxkB/s    txkB/s   rxcmp/s   txcmp/s  rxmcst/s   %ifutil
06:44:05         ens5    134.00    180.00     23.01    170.74      0.00      0.00      0.00      0.00

06:44:05        IFACE   rxpck/s   txpck/s    rxkB/s    txkB/s   rxcmp/s   txcmp/s  rxmcst/s   %ifutil
06:44:06         ens5    140.00    196.00     25.12    186.83      0.00      0.00      0.00      0.00

06:44:06        IFACE   rxpck/s   txpck/s    rxkB/s    txkB/s   rxcmp/s   txcmp/s  rxmcst/s   %ifutil
06:44:07         ens5    141.00    184.00     23.39    173.63      0.00      0.00      0.00      0.00

06:44:07        IFACE   rxpck/s   txpck/s    rxkB/s    txkB/s   rxcmp/s   txcmp/s  rxmcst/s   %ifutil
06:44:08         ens5    136.00    184.00     24.74    172.46      0.00      0.00      0.00      0.00

06:44:08        IFACE   rxpck/s   txpck/s    rxkB/s    txkB/s   rxcmp/s   txcmp/s  rxmcst/s   %ifutil
06:44:09         ens5    141.00    194.00     23.54    185.24      0.00      0.00      0.00      0.00

06:44:09        IFACE   rxpck/s   txpck/s    rxkB/s    txkB/s   rxcmp/s   txcmp/s  rxmcst/s   %ifutil
06:44:10         ens5    139.00    184.00     23.30    173.63      0.00      0.00      0.00      0.00

06:44:10        IFACE   rxpck/s   txpck/s    rxkB/s    txkB/s   rxcmp/s   txcmp/s  rxmcst/s   %ifutil
06:44:11         ens5    135.00    181.00     23.07    170.82      0.00      0.00      0.00      0.00

06:44:11        IFACE   rxpck/s   txpck/s    rxkB/s    txkB/s   rxcmp/s   txcmp/s  rxmcst/s   %ifutil
06:44:12         ens5    144.00    199.00     25.33    189.64      0.00      0.00      0.00      0.00

06:44:12        IFACE   rxpck/s   txpck/s    rxkB/s    txkB/s   rxcmp/s   txcmp/s  rxmcst/s   %ifutil
06:44:13         ens5    136.00    180.00     23.11    170.75      0.00      0.00      0.00      0.00

06:44:13        IFACE   rxpck/s   txpck/s    rxkB/s    txkB/s   rxcmp/s   txcmp/s  rxmcst/s   %ifutil
06:44:14         ens5    137.00    184.00     24.79    172.46      0.00      0.00      0.00      0.00

06:44:14        IFACE   rxpck/s   txpck/s    rxkB/s    txkB/s   rxcmp/s   txcmp/s  rxmcst/s   %ifutil
06:44:15         ens5    145.00    199.00     23.76    188.19      0.00      0.00      0.00      0.00

06:44:15        IFACE   rxpck/s   txpck/s    rxkB/s    txkB/s   rxcmp/s   txcmp/s  rxmcst/s   %ifutil
06:44:16         ens5    139.00    183.00     23.27    170.96      0.00      0.00      0.00      0.00

06:44:16        IFACE   rxpck/s   txpck/s    rxkB/s    txkB/s   rxcmp/s   txcmp/s  rxmcst/s   %ifutil
06:44:17         ens5    142.00    189.00     25.06    172.81      0.00      0.00      0.00      0.00

06:44:17        IFACE   rxpck/s   txpck/s    rxkB/s    txkB/s   rxcmp/s   txcmp/s  rxmcst/s   %ifutil
06:44:18         ens5    144.00    196.00     23.71    188.00      0.00      0.00      0.00      0.00

06:44:18        IFACE   rxpck/s   txpck/s    rxkB/s    txkB/s   rxcmp/s   txcmp/s  rxmcst/s   %ifutil
06:44:19         ens5    137.00    181.00     23.21    170.81      0.00      0.00      0.00      0.00

06:44:19        IFACE   rxpck/s   txpck/s    rxkB/s    txkB/s   rxcmp/s   txcmp/s  rxmcst/s   %ifutil
06:44:20         ens5    145.00    199.00     25.36    189.62      0.00      0.00      0.00      0.00

06:44:20        IFACE   rxpck/s   txpck/s    rxkB/s    txkB/s   rxcmp/s   txcmp/s  rxmcst/s   %ifutil
06:44:21         ens5    140.00    185.00     23.30    171.07      0.00      0.00      0.00      0.00

06:44:21        IFACE   rxpck/s   txpck/s    rxkB/s    txkB/s   rxcmp/s   txcmp/s  rxmcst/s   %ifutil
06:44:22         ens5    140.00    185.00     24.94    172.53      0.00      0.00      0.00      0.00

06:44:22        IFACE   rxpck/s   txpck/s    rxkB/s    txkB/s   rxcmp/s   txcmp/s  rxmcst/s   %ifutil
06:44:23         ens5    144.00    197.00     23.72    188.06      0.00      0.00      0.00      0.00

06:44:23        IFACE   rxpck/s   txpck/s    rxkB/s    txkB/s   rxcmp/s   txcmp/s  rxmcst/s   %ifutil
06:44:24         ens5    140.00    185.00     24.93    172.53      0.00      0.00      0.00      0.00

06:44:24        IFACE   rxpck/s   txpck/s    rxkB/s    txkB/s   rxcmp/s   txcmp/s  rxmcst/s   %ifutil
06:44:25         ens5    146.00    196.00     23.81    187.99      0.00      0.00      0.00      0.00

06:44:25        IFACE   rxpck/s   txpck/s    rxkB/s    txkB/s   rxcmp/s   txcmp/s  rxmcst/s   %ifutil
06:44:26         ens5    136.00    180.00     23.12    170.75      0.00      0.00      0.00      0.00

06:44:26        IFACE   rxpck/s   txpck/s    rxkB/s    txkB/s   rxcmp/s   txcmp/s  rxmcst/s   %ifutil
06:44:27         ens5    142.00    196.00     25.22    186.83      0.00      0.00      0.00      0.00

06:44:27        IFACE   rxpck/s   txpck/s    rxkB/s    txkB/s   rxcmp/s   txcmp/s  rxmcst/s   %ifutil
06:44:28         ens5    141.00    184.00     23.39    173.63      0.00      0.00      0.00      0.00

06:44:28        IFACE   rxpck/s   txpck/s    rxkB/s    txkB/s   rxcmp/s   txcmp/s  rxmcst/s   %ifutil
06:44:29         ens5    142.00    198.00     25.22    189.57      0.00      0.00      0.00      0.00

06:44:29        IFACE   rxpck/s   txpck/s    rxkB/s    txkB/s   rxcmp/s   txcmp/s  rxmcst/s   %ifutil
06:44:30         ens5    143.00    182.00     23.49    170.90      0.00      0.00      0.00      0.00

06:44:30        IFACE   rxpck/s   txpck/s    rxkB/s    txkB/s   rxcmp/s   txcmp/s  rxmcst/s   %ifutil
06:44:31         ens5    143.00    196.00     25.27    186.83      0.00      0.00      0.00      0.00

06:44:31        IFACE   rxpck/s   txpck/s    rxkB/s    txkB/s   rxcmp/s   txcmp/s  rxmcst/s   %ifutil
06:44:32         ens5    142.00    186.00     23.46    173.79      0.00      0.00      0.00      0.00

06:44:32        IFACE   rxpck/s   txpck/s    rxkB/s    txkB/s   rxcmp/s   txcmp/s  rxmcst/s   %ifutil
06:44:33         ens5    135.00    181.00     23.08    170.82      0.00      0.00      0.00      0.00

06:44:33        IFACE   rxpck/s   txpck/s    rxkB/s    txkB/s   rxcmp/s   txcmp/s  rxmcst/s   %ifutil
06:44:34         ens5    146.00    198.00     25.41    189.56      0.00      0.00      0.00      0.00

06:44:34        IFACE   rxpck/s   txpck/s    rxkB/s    txkB/s   rxcmp/s   txcmp/s  rxmcst/s   %ifutil
06:44:35         ens5    143.00    183.00     23.48    170.96      0.00      0.00      0.00      0.00

06:44:35        IFACE   rxpck/s   txpck/s    rxkB/s    txkB/s   rxcmp/s   txcmp/s  rxmcst/s   %ifutil
06:44:36         ens5    139.00    196.00     25.06    186.83      0.00      0.00      0.00      0.00

06:44:36        IFACE   rxpck/s   txpck/s    rxkB/s    txkB/s   rxcmp/s   txcmp/s  rxmcst/s   %ifutil
06:44:37         ens5    143.00    185.00     23.48    173.69      0.00      0.00      0.00      0.00

06:44:37        IFACE   rxpck/s   txpck/s    rxkB/s    txkB/s   rxcmp/s   txcmp/s  rxmcst/s   %ifutil
06:44:38         ens5    143.00    197.00     25.26    186.89      0.00      0.00      0.00      0.00

06:44:38        IFACE   rxpck/s   txpck/s    rxkB/s    txkB/s   rxcmp/s   txcmp/s  rxmcst/s   %ifutil
06:44:39         ens5    143.00    185.00     23.48    173.70      0.00      0.00      0.00      0.00

06:44:39        IFACE   rxpck/s   txpck/s    rxkB/s    txkB/s   rxcmp/s   txcmp/s  rxmcst/s   %ifutil
06:44:40         ens5    137.00    184.00     24.79    172.47      0.00      0.00      0.00      0.00

06:44:40        IFACE   rxpck/s   txpck/s    rxkB/s    txkB/s   rxcmp/s   txcmp/s  rxmcst/s   %ifutil
06:44:41         ens5    145.00    196.00     23.76    187.99      0.00      0.00      0.00      0.00

06:44:41        IFACE   rxpck/s   txpck/s    rxkB/s    txkB/s   rxcmp/s   txcmp/s  rxmcst/s   %ifutil
06:44:42         ens5    139.00    184.00     24.89    172.47      0.00      0.00      0.00      0.00

06:44:42        IFACE   rxpck/s   txpck/s    rxkB/s    txkB/s   rxcmp/s   txcmp/s  rxmcst/s   %ifutil
06:44:43         ens5    143.00    196.00     23.66    187.99      0.00      0.00      0.00      0.00

06:44:43        IFACE   rxpck/s   txpck/s    rxkB/s    txkB/s   rxcmp/s   txcmp/s  rxmcst/s   %ifutil
06:44:44         ens5    143.00    184.00     25.10    172.47      0.00      0.00      0.00      0.00

06:44:44        IFACE   rxpck/s   txpck/s    rxkB/s    txkB/s   rxcmp/s   txcmp/s  rxmcst/s   %ifutil
06:44:45         ens5    138.00    196.00     23.41    188.00      0.00      0.00      0.00      0.00

06:44:45        IFACE   rxpck/s   txpck/s    rxkB/s    txkB/s   rxcmp/s   txcmp/s  rxmcst/s   %ifutil
06:44:46         ens5    131.00    181.00     22.88    170.82      0.00      0.00      0.00      0.00

06:44:46        IFACE   rxpck/s   txpck/s    rxkB/s    txkB/s   rxcmp/s   txcmp/s  rxmcst/s   %ifutil
06:44:47         ens5    140.00    195.00     25.11    186.76      0.00      0.00      0.00      0.00

06:44:47        IFACE   rxpck/s   txpck/s    rxkB/s    txkB/s   rxcmp/s   txcmp/s  rxmcst/s   %ifutil
06:44:48         ens5    140.00    185.00     23.36    173.72      0.00      0.00      0.00      0.00

06:44:48        IFACE   rxpck/s   txpck/s    rxkB/s    txkB/s   rxcmp/s   txcmp/s  rxmcst/s   %ifutil
06:44:49         ens5    135.00    184.00     24.69    172.46      0.00      0.00      0.00      0.00

06:44:49        IFACE   rxpck/s   txpck/s    rxkB/s    txkB/s   rxcmp/s   txcmp/s  rxmcst/s   %ifutil
06:44:50         ens5    147.00    196.00     23.88    188.00      0.00      0.00      0.00      0.00

06:44:50        IFACE   rxpck/s   txpck/s    rxkB/s    txkB/s   rxcmp/s   txcmp/s  rxmcst/s   %ifutil
06:44:51         ens5    130.00    180.00     22.78    170.72      0.00      0.00      0.00      0.00

06:44:51        IFACE   rxpck/s   txpck/s    rxkB/s    txkB/s   rxcmp/s   txcmp/s  rxmcst/s   %ifutil
06:44:52         ens5    123.00    163.00     20.67    151.99      0.00      0.00      0.00      0.00

06:44:52        IFACE   rxpck/s   txpck/s    rxkB/s    txkB/s   rxcmp/s   txcmp/s  rxmcst/s   %ifutil
06:44:53         ens5    142.00    196.00     25.22    186.83      0.00      0.00      0.00      0.00

06:44:53        IFACE   rxpck/s   txpck/s    rxkB/s    txkB/s   rxcmp/s   txcmp/s  rxmcst/s   %ifutil
06:44:54         ens5    142.00    184.00     23.44    173.63      0.00      0.00      0.00      0.00

06:44:54        IFACE   rxpck/s   txpck/s    rxkB/s    txkB/s   rxcmp/s   txcmp/s  rxmcst/s   %ifutil
06:44:55         ens5    140.00    196.00     25.12    186.83      0.00      0.00      0.00      0.00

06:44:55        IFACE   rxpck/s   txpck/s    rxkB/s    txkB/s   rxcmp/s   txcmp/s  rxmcst/s   %ifutil
06:44:56         ens5    138.00    185.00     23.27    173.70      0.00      0.00      0.00      0.00

06:44:56        IFACE   rxpck/s   txpck/s    rxkB/s    txkB/s   rxcmp/s   txcmp/s  rxmcst/s   %ifutil
06:44:57         ens5    133.00    181.00     22.98    170.81      0.00      0.00      0.00      0.00

06:44:57        IFACE   rxpck/s   txpck/s    rxkB/s    txkB/s   rxcmp/s   txcmp/s  rxmcst/s   %ifutil
06:44:58         ens5    143.00    197.00     25.26    189.49      0.00      0.00      0.00      0.00

06:44:58        IFACE   rxpck/s   txpck/s    rxkB/s    txkB/s   rxcmp/s   txcmp/s  rxmcst/s   %ifutil
06:44:59         ens5    141.00    182.00     23.39    170.90      0.00      0.00      0.00      0.00

06:44:59        IFACE   rxpck/s   txpck/s    rxkB/s    txkB/s   rxcmp/s   txcmp/s  rxmcst/s   %ifutil
06:45:00         ens5    138.00    181.00     23.22    170.81      0.00      0.00      0.00      0.00

06:45:00        IFACE   rxpck/s   txpck/s    rxkB/s    txkB/s   rxcmp/s   txcmp/s  rxmcst/s   %ifutil
06:45:01         ens5    131.00    180.00     22.87    170.75      0.00      0.00      0.00      0.00

06:45:01        IFACE   rxpck/s   txpck/s    rxkB/s    txkB/s   rxcmp/s   txcmp/s  rxmcst/s   %ifutil
06:45:02         ens5    135.00    182.00     23.06    170.87      0.00      0.00      0.00      0.00

06:45:02        IFACE   rxpck/s   txpck/s    rxkB/s    txkB/s   rxcmp/s   txcmp/s  rxmcst/s   %ifutil
06:45:03         ens5    141.00    196.00     25.17    186.83      0.00      0.00      0.00      0.00

06:45:03        IFACE   rxpck/s   txpck/s    rxkB/s    txkB/s   rxcmp/s   txcmp/s  rxmcst/s   %ifutil
06:45:04         ens5    138.61    184.16     23.12    172.06      0.00      0.00      0.00      0.00

06:45:04        IFACE   rxpck/s   txpck/s    rxkB/s    txkB/s   rxcmp/s   txcmp/s  rxmcst/s   %ifutil
06:45:05         ens5    141.00    180.00     23.38    170.74      0.00      0.00      0.00      0.00

06:45:05        IFACE   rxpck/s   txpck/s    rxkB/s    txkB/s   rxcmp/s   txcmp/s  rxmcst/s   %ifutil
06:45:06         ens5    143.00    199.00     25.25    187.02      0.00      0.00      0.00      0.00

06:45:06        IFACE   rxpck/s   txpck/s    rxkB/s    txkB/s   rxcmp/s   txcmp/s  rxmcst/s   %ifutil
06:45:07         ens5    143.00    184.00     23.49    173.63      0.00      0.00      0.00      0.00

06:45:07        IFACE   rxpck/s   txpck/s    rxkB/s    txkB/s   rxcmp/s   txcmp/s  rxmcst/s   %ifutil
06:45:08         ens5    142.00    196.00     25.22    186.83      0.00      0.00      0.00      0.00

06:45:08        IFACE   rxpck/s   txpck/s    rxkB/s    txkB/s   rxcmp/s   txcmp/s  rxmcst/s   %ifutil
06:45:09         ens5    143.00    186.00     23.48    173.76      0.00      0.00      0.00      0.00

06:45:09        IFACE   rxpck/s   txpck/s    rxkB/s    txkB/s   rxcmp/s   txcmp/s  rxmcst/s   %ifutil
06:45:10         ens5    130.00    181.00     22.83    170.82      0.00      0.00      0.00      0.00

06:45:10        IFACE   rxpck/s   txpck/s    rxkB/s    txkB/s   rxcmp/s   txcmp/s  rxmcst/s   %ifutil
06:45:11         ens5    144.00    197.00     25.31    189.49      0.00      0.00      0.00      0.00

06:45:11        IFACE   rxpck/s   txpck/s    rxkB/s    txkB/s   rxcmp/s   txcmp/s  rxmcst/s   %ifutil
06:45:12         ens5    137.00    183.00     23.18    170.96      0.00      0.00      0.00      0.00

06:45:12        IFACE   rxpck/s   txpck/s    rxkB/s    txkB/s   rxcmp/s   txcmp/s  rxmcst/s   %ifutil
06:45:13         ens5    139.00    184.00     24.89    172.46      0.00      0.00      0.00      0.00

06:45:13        IFACE   rxpck/s   txpck/s    rxkB/s    txkB/s   rxcmp/s   txcmp/s  rxmcst/s   %ifutil
06:45:14         ens5    135.00    195.00     23.24    187.90      0.00      0.00      0.00      0.00

06:45:14        IFACE   rxpck/s   txpck/s    rxkB/s    txkB/s   rxcmp/s   txcmp/s  rxmcst/s   %ifutil
06:45:15         ens5    140.00    183.00     23.33    170.96      0.00      0.00      0.00      0.00

06:45:15        IFACE   rxpck/s   txpck/s    rxkB/s    txkB/s   rxcmp/s   txcmp/s  rxmcst/s   %ifutil
06:45:16         ens5    132.00    181.00     22.93    170.82      0.00      0.00      0.00      0.00

06:45:16        IFACE   rxpck/s   txpck/s    rxkB/s    txkB/s   rxcmp/s   txcmp/s  rxmcst/s   %ifutil
06:45:17         ens5    137.00    195.00     24.96    186.76      0.00      0.00      0.00      0.00

06:45:17        IFACE   rxpck/s   txpck/s    rxkB/s    txkB/s   rxcmp/s   txcmp/s  rxmcst/s   %ifutil
06:45:18         ens5    140.00    184.00     23.35    173.63      0.00      0.00      0.00      0.00

06:45:18        IFACE   rxpck/s   txpck/s    rxkB/s    txkB/s   rxcmp/s   txcmp/s  rxmcst/s   %ifutil
06:45:19         ens5    137.00    180.00     23.16    170.75      0.00      0.00      0.00      0.00

06:45:19        IFACE   rxpck/s   txpck/s    rxkB/s    txkB/s   rxcmp/s   txcmp/s  rxmcst/s   %ifutil
06:45:20         ens5    148.00    199.00     25.54    189.65      0.00      0.00      0.00      0.00

06:45:20        IFACE   rxpck/s   txpck/s    rxkB/s    txkB/s   rxcmp/s   txcmp/s  rxmcst/s   %ifutil
06:45:21         ens5     21.00     22.00      2.88     19.12      0.00      0.00      0.00      0.00

06:45:21        IFACE   rxpck/s   txpck/s    rxkB/s    txkB/s   rxcmp/s   txcmp/s  rxmcst/s   %ifutil
06:45:22         ens5      1.00      1.00      0.03      0.04      0.00      0.00      0.00      0.00


Average:        IFACE   rxpck/s   txpck/s    rxkB/s    txkB/s   rxcmp/s   txcmp/s  rxmcst/s   %ifutil
Average:         ens5    127.83    171.46     21.82    161.38      0.00      0.00      0.00      0.00
