Linux 7.0.0-1010-aws (ip-172-31-20-134) 	08/11/26 	_x86_64_	(2 CPU)

19:14:40        IFACE   rxpck/s   txpck/s    rxkB/s    txkB/s   rxcmp/s   txcmp/s  rxmcst/s   %ifutil
19:14:41         ens5     47.00     45.00      4.04      5.07      0.00      0.00      0.00      0.00

19:14:41        IFACE   rxpck/s   txpck/s    rxkB/s    txkB/s   rxcmp/s   txcmp/s  rxmcst/s   %ifutil
19:14:42         ens5     51.00     42.00      4.42      4.54      0.00      0.00      0.00      0.00

19:14:42        IFACE   rxpck/s   txpck/s    rxkB/s    txkB/s   rxcmp/s   txcmp/s  rxmcst/s   %ifutil
19:14:43         ens5      0.00      0.00      0.00      0.00      0.00      0.00      0.00      0.00

19:14:43        IFACE   rxpck/s   txpck/s    rxkB/s    txkB/s   rxcmp/s   txcmp/s  rxmcst/s   %ifutil
19:14:44         ens5      0.00      0.00      0.00      0.00      0.00      0.00      0.00      0.00

19:14:44        IFACE   rxpck/s   txpck/s    rxkB/s    txkB/s   rxcmp/s   txcmp/s  rxmcst/s   %ifutil
19:14:45         ens5      0.00      0.00      0.00      0.00      0.00      0.00      0.00      0.00

19:14:45        IFACE   rxpck/s   txpck/s    rxkB/s    txkB/s   rxcmp/s   txcmp/s  rxmcst/s   %ifutil
19:14:46         ens5      0.00      0.00      0.00      0.00      0.00      0.00      0.00      0.00

19:14:46        IFACE   rxpck/s   txpck/s    rxkB/s    txkB/s   rxcmp/s   txcmp/s  rxmcst/s   %ifutil
19:14:47         ens5      0.00      0.00      0.00      0.00      0.00      0.00      0.00      0.00

19:14:47        IFACE   rxpck/s   txpck/s    rxkB/s    txkB/s   rxcmp/s   txcmp/s  rxmcst/s   %ifutil
19:14:48         ens5      0.00      0.00      0.00      0.00      0.00      0.00      0.00      0.00

19:14:48        IFACE   rxpck/s   txpck/s    rxkB/s    txkB/s   rxcmp/s   txcmp/s  rxmcst/s   %ifutil
19:14:49         ens5      0.00      0.00      0.00      0.00      0.00      0.00      0.00      0.00

19:14:49        IFACE   rxpck/s   txpck/s    rxkB/s    txkB/s   rxcmp/s   txcmp/s  rxmcst/s   %ifutil
19:14:50         ens5      6.00      9.00      0.47      0.72      0.00      0.00      0.00      0.00

19:14:50        IFACE   rxpck/s   txpck/s    rxkB/s    txkB/s   rxcmp/s   txcmp/s  rxmcst/s   %ifutil
19:14:51         ens5      7.00     10.00      0.74      0.81      0.00      0.00      0.00      0.00

19:14:51        IFACE   rxpck/s   txpck/s    rxkB/s    txkB/s   rxcmp/s   txcmp/s  rxmcst/s   %ifutil
19:14:52         ens5      0.00      0.00      0.00      0.00      0.00      0.00      0.00      0.00

19:14:52        IFACE   rxpck/s   txpck/s    rxkB/s    txkB/s   rxcmp/s   txcmp/s  rxmcst/s   %ifutil
19:14:53         ens5      0.00      0.00      0.00      0.00      0.00      0.00      0.00      0.00

19:14:53        IFACE   rxpck/s   txpck/s    rxkB/s    txkB/s   rxcmp/s   txcmp/s  rxmcst/s   %ifutil
19:14:54         ens5      0.00      0.00      0.00      0.00      0.00      0.00      0.00      0.00

19:14:54        IFACE   rxpck/s   txpck/s    rxkB/s    txkB/s   rxcmp/s   txcmp/s  rxmcst/s   %ifutil
19:14:55         ens5    171.00    228.00     16.86     22.03      0.00      0.00      0.00      0.00

19:14:55        IFACE   rxpck/s   txpck/s    rxkB/s    txkB/s   rxcmp/s   txcmp/s  rxmcst/s   %ifutil
19:14:56         ens5    524.00    696.00     51.74     66.81      0.00      0.00      0.00      0.00

19:14:56        IFACE   rxpck/s   txpck/s    rxkB/s    txkB/s   rxcmp/s   txcmp/s  rxmcst/s   %ifutil
19:14:57         ens5    299.00    399.00     29.54     38.36      0.00      0.00      0.00      0.00

19:14:57        IFACE   rxpck/s   txpck/s    rxkB/s    txkB/s   rxcmp/s   txcmp/s  rxmcst/s   %ifutil
19:14:58         ens5    100.00    134.00      9.81     12.77      0.00      0.00      0.00      0.00

19:14:58        IFACE   rxpck/s   txpck/s    rxkB/s    txkB/s   rxcmp/s   txcmp/s  rxmcst/s   %ifutil
19:14:59         ens5      0.00      0.00      0.00      0.00      0.00      0.00      0.00      0.00

19:14:59        IFACE   rxpck/s   txpck/s    rxkB/s    txkB/s   rxcmp/s   txcmp/s  rxmcst/s   %ifutil
19:15:00         ens5      0.00      0.00      0.00      0.00      0.00      0.00      0.00      0.00

19:15:00        IFACE   rxpck/s   txpck/s    rxkB/s    txkB/s   rxcmp/s   txcmp/s  rxmcst/s   %ifutil
19:15:01         ens5      0.00      0.00      0.00      0.00      0.00      0.00      0.00      0.00

19:15:01        IFACE   rxpck/s   txpck/s    rxkB/s    txkB/s   rxcmp/s   txcmp/s  rxmcst/s   %ifutil
19:15:02         ens5      0.00      0.00      0.00      0.00      0.00      0.00      0.00      0.00

19:15:02        IFACE   rxpck/s   txpck/s    rxkB/s    txkB/s   rxcmp/s   txcmp/s  rxmcst/s   %ifutil
19:15:03         ens5      0.00      0.00      0.00      0.00      0.00      0.00      0.00      0.00



Average:        IFACE   rxpck/s   txpck/s    rxkB/s    txkB/s   rxcmp/s   txcmp/s  rxmcst/s   %ifutil
Average:         ens5     52.39     67.96      5.11      6.57      0.00      0.00      0.00      0.00
