Linux 7.0.0-1010-aws (ip-172-31-20-134) 	08/11/26 	_x86_64_	(2 CPU)

19:04:25    kbmemfree   kbavail kbmemused  %memused kbbuffers  kbcached  kbcommit   %commit  kbactive   kbinact   kbdirty
19:04:26       123252   1309688    382016     19.58     34668   1261640   1474512     75.58    755496    815912       424
19:04:27       123252   1309688    382012     19.58     34668   1261644   1474512     75.58    755544    815912       388
19:04:28       123252   1309688    382012     19.58     34668   1261644   1474512     75.58    755544    815912       388
19:04:29       123252   1309696    382000     19.58     34672   1261652   1474512     75.58    755560    815920       356
19:04:30       123252   1309696    382000     19.58     34672   1261652   1474512     75.58    755560    815920       356
19:04:31       123252   1309696    382000     19.58     34672   1261652   1474512     75.58    755560    815920       356
19:04:32       123252   1309696    381996     19.58     34672   1261656   1474512     75.58    755560    815920       360
19:04:33       123252   1309708    381996     19.58     34672   1261656   1475956     75.66    757276    815932       360
19:04:34       123252   1309756    381948     19.58     34672   1261704   1480052     75.87    758096    815980       408
19:04:35       123252   1309756    381948     19.58     34672   1261704   1480052     75.87    758156    815980       200
19:04:36       123252   1309756    381948     19.58     34672   1261704   1480052     75.87    758156    815980       200
19:04:37       123252   1309764    381940     19.58     34672   1261712   1521936     78.01    760816    815988       208
19:04:38       121260   1308224    383480     19.66     34672   1262160   1746652     89.53    771780    816436       656
19:04:39       117240   1304932    386684     19.82     34672   1262964   1909168     97.86    778748    817152      1460
19:04:40       116244   1304260    387388     19.86     34672   1263212   1983500    101.67    773544    817472      1708
19:04:41       111564   1299588    392020     20.09     34672   1263252   1983500    101.67    773604    817476      1748
19:04:42       111500   1299528    392084     20.10     34672   1263252   1983500    101.67    773604    817480      1748
19:04:43       111500   1299528    392084     20.10     34672   1263252   1983500    101.67    773604    817480      1748
19:04:44       111500   1299576    392076     20.10     34672   1263260   1983500    101.67    773568    817528      1756
19:04:45       111500   1299576    392076     20.10     34672   1263260   1983500    101.67    773568    817528      1756
19:04:46       111500   1299576    392068     20.10     34672   1263268   1983500    101.67    773568    817528      1764
19:04:47       111500   1299576    392068     20.10     34672   1263268   1983500    101.67    773568    817528      1764

Average:       118833   1305952    385720     19.77     34671   1262326   1694702     86.87    764567    816586       914
