Linux 7.0.0-1010-aws (ip-172-31-20-134) 	08/11/26 	_x86_64_	(2 CPU)

19:04:25        IFACE   rxpck/s   txpck/s    rxkB/s    txkB/s   rxcmp/s   txcmp/s  rxmcst/s   %ifutil
19:04:26         ens5     52.00     47.00      4.38      5.28      0.00      0.00      0.00      0.00

19:04:26        IFACE   rxpck/s   txpck/s    rxkB/s    txkB/s   rxcmp/s   txcmp/s  rxmcst/s   %ifutil
19:04:27         ens5      4.00      2.00      0.26      0.19      0.00      0.00      0.00      0.00

19:04:27        IFACE   rxpck/s   txpck/s    rxkB/s    txkB/s   rxcmp/s   txcmp/s  rxmcst/s   %ifutil
19:04:28         ens5      0.00      0.00      0.00      0.00      0.00      0.00      0.00      0.00

19:04:28        IFACE   rxpck/s   txpck/s    rxkB/s    txkB/s   rxcmp/s   txcmp/s  rxmcst/s   %ifutil
19:04:29         ens5      0.00      0.00      0.00      0.00      0.00      0.00      0.00      0.00

19:04:29        IFACE   rxpck/s   txpck/s    rxkB/s    txkB/s   rxcmp/s   txcmp/s  rxmcst/s   %ifutil
19:04:30         ens5      0.00      0.00      0.00      0.00      0.00      0.00      0.00      0.00

19:04:30        IFACE   rxpck/s   txpck/s    rxkB/s    txkB/s   rxcmp/s   txcmp/s  rxmcst/s   %ifutil
19:04:31         ens5      0.00      0.00      0.00      0.00      0.00      0.00      0.00      0.00

19:04:31        IFACE   rxpck/s   txpck/s    rxkB/s    txkB/s   rxcmp/s   txcmp/s  rxmcst/s   %ifutil
19:04:32         ens5      0.00      0.00      0.00      0.00      0.00      0.00      0.00      0.00

19:04:32        IFACE   rxpck/s   txpck/s    rxkB/s    txkB/s   rxcmp/s   txcmp/s  rxmcst/s   %ifutil
19:04:33         ens5     59.00     67.00     31.48     13.78      0.00      0.00      0.00      0.00

19:04:33        IFACE   rxpck/s   txpck/s    rxkB/s    txkB/s   rxcmp/s   txcmp/s  rxmcst/s   %ifutil
19:04:34         ens5      0.00      0.00      0.00      0.00      0.00      0.00      0.00      0.00

19:04:34        IFACE   rxpck/s   txpck/s    rxkB/s    txkB/s   rxcmp/s   txcmp/s  rxmcst/s   %ifutil
19:04:35         ens5      0.00      0.00      0.00      0.00      0.00      0.00      0.00      0.00

19:04:35        IFACE   rxpck/s   txpck/s    rxkB/s    txkB/s   rxcmp/s   txcmp/s  rxmcst/s   %ifutil
19:04:36         ens5      0.00      0.00      0.00      0.00      0.00      0.00      0.00      0.00

19:04:36        IFACE   rxpck/s   txpck/s    rxkB/s    txkB/s   rxcmp/s   txcmp/s  rxmcst/s   %ifutil
19:04:37         ens5     42.00     55.00     12.12     14.24      0.00      0.00      0.00      0.00

19:04:37        IFACE   rxpck/s   txpck/s    rxkB/s    txkB/s   rxcmp/s   txcmp/s  rxmcst/s   %ifutil
19:04:38         ens5    785.00    910.00    271.78    187.54      0.00      0.00      0.00      0.00

19:04:38        IFACE   rxpck/s   txpck/s    rxkB/s    txkB/s   rxcmp/s   txcmp/s  rxmcst/s   %ifutil
19:04:39         ens5    966.00   1223.00    339.64    240.15      0.00      0.00      0.00      0.00

19:04:39        IFACE   rxpck/s   txpck/s    rxkB/s    txkB/s   rxcmp/s   txcmp/s  rxmcst/s   %ifutil
19:04:40         ens5    292.00    466.00    106.15     80.77      0.00      0.00      0.00      0.00

19:04:40        IFACE   rxpck/s   txpck/s    rxkB/s    txkB/s   rxcmp/s   txcmp/s  rxmcst/s   %ifutil
19:04:41         ens5      0.00      0.00      0.00      0.00      0.00      0.00      0.00      0.00

19:04:41        IFACE   rxpck/s   txpck/s    rxkB/s    txkB/s   rxcmp/s   txcmp/s  rxmcst/s   %ifutil
19:04:42         ens5      0.00      0.00      0.00      0.00      0.00      0.00      0.00      0.00

19:04:42        IFACE   rxpck/s   txpck/s    rxkB/s    txkB/s   rxcmp/s   txcmp/s  rxmcst/s   %ifutil
19:04:43         ens5      1.00      1.00      0.07      0.09      0.00      0.00      0.00      0.00

19:04:43        IFACE   rxpck/s   txpck/s    rxkB/s    txkB/s   rxcmp/s   txcmp/s  rxmcst/s   %ifutil
19:04:44         ens5      0.00      0.00      0.00      0.00      0.00      0.00      0.00      0.00

19:04:44        IFACE   rxpck/s   txpck/s    rxkB/s    txkB/s   rxcmp/s   txcmp/s  rxmcst/s   %ifutil
19:04:45         ens5      0.00      0.00      0.00      0.00      0.00      0.00      0.00      0.00

19:04:45        IFACE   rxpck/s   txpck/s    rxkB/s    txkB/s   rxcmp/s   txcmp/s  rxmcst/s   %ifutil
19:04:46         ens5      0.00      0.00      0.00      0.00      0.00      0.00      0.00      0.00

19:04:46        IFACE   rxpck/s   txpck/s    rxkB/s    txkB/s   rxcmp/s   txcmp/s  rxmcst/s   %ifutil
19:04:47         ens5      0.00      0.00      0.00      0.00      0.00      0.00      0.00      0.00



Average:        IFACE   rxpck/s   txpck/s    rxkB/s    txkB/s   rxcmp/s   txcmp/s  rxmcst/s   %ifutil
Average:         ens5    100.05    125.95     34.81     24.64      0.00      0.00      0.00      0.00
