Linux 7.0.0-1008-aws (ip-172-31-31-224) 	08/07/26 	_x86_64_	(2 CPU)

05:11:08        CPU     %user     %nice   %system   %iowait    %steal     %idle
05:11:09        all     51.50      0.00      4.50      0.50      0.00     43.50
05:11:10        all     51.26      0.00      3.02      0.00      0.00     45.73
05:11:11        all     50.25      0.00      3.02      0.00      0.00     46.73
05:11:12        all     50.75      0.00      4.52      0.00      0.00     44.72
05:11:13        all     50.25      0.00      3.02      0.00      0.00     46.73
05:11:14        all     50.50      0.00      3.00      0.00      0.00     46.50
05:11:15        all     48.00      0.00      4.00      0.00      0.00     48.00
05:11:16        all     27.64      0.00      3.52      0.00      0.00     68.84
05:11:17        all      0.50      0.00      0.00      0.50      0.00     98.99
05:11:18        all      0.50      0.00      0.50      0.00      0.00     99.00
05:11:19        all      0.51      0.00      0.00      0.00      0.00     99.49
05:11:20        all      0.50      0.00      1.00      0.00      0.00     98.51
05:11:21        all      0.51      0.00      0.00      0.00      0.00     99.49
05:11:22        all      1.00      0.00      0.00      0.00      0.50     98.51
05:11:23        all      1.00      0.00      1.00      0.00      0.00     98.00
05:11:24        all      0.50      0.00      0.50      0.00      0.00     98.99
05:11:25        all      1.00      0.00      0.50      0.00      0.00     98.51
05:11:26        all      0.51      0.00      0.51      0.00      0.00     98.99
05:11:27        all      0.50      0.00      0.50      0.00      0.00     99.00
05:11:28        all      1.01      0.00      0.00      0.00      0.00     98.99
05:11:29        all      0.00      0.00      0.51      0.00      0.00     99.49
05:11:30        all      0.50      0.00      0.50      0.00      0.00     98.99
05:11:31        all      0.51      0.00      0.00      0.00      0.00     99.49
05:11:32        all      0.50      0.00      0.50      0.00      0.00     98.99
05:11:33        all      0.50      0.00      1.00      0.00      0.00     98.50
05:11:34        all      1.01      0.00      0.00      0.00      0.50     98.49
05:11:35        all      0.50      0.00      0.50      0.00      0.00     99.00
05:11:36        all      0.51      0.00      0.51      0.00      0.00     98.99
05:11:37        all      0.00      0.00      0.50      0.00      0.00     99.50
05:11:38        all      1.01      0.00      0.50      0.00      0.00     98.49
05:11:39        all      0.51      0.00      0.00      0.00      0.00     99.49
05:11:40        all      0.50      0.00      0.50      0.00      0.00     99.00
05:11:41        all      0.51      0.00      0.51      0.00      0.00     98.99
05:11:42        all      0.50      0.00      0.50      0.00      0.00     98.99
05:11:43        all      1.01      0.00      0.00      0.00      0.00     98.99
05:11:44        all      0.51      0.00      0.51      0.00      0.00     98.99
05:11:45        all      0.50      0.00      0.50      0.00      0.00     99.00
05:11:46        all      0.51      0.00      0.00      0.00      0.00     99.49
05:11:47        all      1.01      0.00      0.51      0.51      0.00     97.98
05:11:48        all      0.00      0.00      0.50      0.00      0.00     99.50
05:11:49        all      1.01      0.00      0.50      0.00      0.00     98.49
05:11:50        all      1.01      0.00      0.00      0.00      0.00     98.99
05:11:51        all      0.00      0.00      1.01      0.00      0.00     98.99
05:11:52        all      1.00      0.00      0.50      0.00      0.00     98.50
05:11:53        all      0.50      0.00      0.50      0.00      0.00     98.99
05:11:54        all      0.50      0.00      0.50      0.00      0.00     99.00
05:11:55        all      0.00      0.00      0.50      0.00      0.00     99.50
05:11:56        all      0.00      0.00      0.00      0.00      0.00    100.00
05:11:57        all      0.00      0.00      0.00      0.00      0.00    100.00


Average:        all      8.23      0.00      0.91      0.03      0.02     90.80
