Linux 7.0.0-1008-aws (ip-172-31-31-224) 	08/07/26 	_x86_64_	(2 CPU)

05:11:08    kbmemfree   kbavail kbmemused  %memused kbbuffers  kbcached  kbcommit   %commit  kbactive   kbinact   kbdirty
05:11:09       741516   1257168    394252     20.21      6624    653788   1463364     75.01    242108    727152        88
05:11:10       653316   1168968    482452     24.73      6624    653788   1550716     79.49    327740    727152        88
05:11:11       595104   1110756    540664     27.72      6624    653788   1605708     82.31    385548    727152        88
05:11:12       468348    984000    667420     34.21      6624    653788   1730824     88.72    508188    727152        88
05:11:13       395772    911424    739996     37.93      6624    653788   1813776     92.98    591208    727152        88
05:11:14       291192    806844    844576     43.29      6624    653788   1902148     97.51    683084    727152        88
05:11:15       234744    750396    901024     46.19      6624    653788   1968652    100.92    747364    727152        88
05:11:16       154104    669756    981664     50.32      6624    653788   2047828    104.97    825988    727152        88
05:11:17       154104    669756    981640     50.32      6648    653788   2047828    104.97    826084    727152       128
05:11:18       154104    669780    981640     50.32      6648    653788   2047828    104.97    826084    727176        20
05:11:19       154104    669780    981640     50.32      6648    653788   2047828    104.97    826084    727176        20
05:11:20       154104    669780    981640     50.32      6648    653788   2047828    104.97    826084    727176        20
05:11:21       154104    669780    981640     50.32      6648    653788   2047828    104.97    826084    727176        20
05:11:22       154104    669780    981640     50.32      6648    653788   2047828    104.97    826084    727176        20
05:11:23       154104    669780    981640     50.32      6648    653788   2047828    104.97    826084    727176        20
05:11:24       154104    669780    981640     50.32      6648    653788   2047828    104.97    826084    727176        20
05:11:25       154104    669780    981640     50.32      6648    653788   2047828    104.97    826084    727176        20
05:11:26       154104    669780    981640     50.32      6648    653788   2047828    104.97    826084    727176        20
05:11:27       154104    669780    981640     50.32      6648    653788   2047828    104.97    826084    727176        20
05:11:28       154104    669780    981640     50.32      6648    653788   2047828    104.97    826084    727176        20
05:11:29       154104    669780    981636     50.32      6648    653792   2047828    104.97    826084    727176        24
05:11:30       154104    669780    981636     50.32      6648    653792   2047828    104.97    826084    727176        24
05:11:31       154104    669780    981636     50.32      6648    653792   2047828    104.97    826084    727176        24
05:11:32       154104    669780    981636     50.32      6648    653792   2047828    104.97    826084    727176        24
05:11:33       154104    669780    981636     50.32      6648    653792   2047828    104.97    826084    727176        24
05:11:34       154104    669780    981636     50.32      6648    653792   2047828    104.97    826084    727176        24
05:11:35       154104    669780    981636     50.32      6648    653792   2047828    104.97    826084    727176        24
05:11:36       154104    669780    981636     50.32      6648    653792   2047828    104.97    826084    727176        24
05:11:37       154104    669780    981636     50.32      6648    653792   2047828    104.97    826084    727176        24
05:11:38       154104    669780    981636     50.32      6648    653792   2047828    104.97    826084    727176        24
05:11:39       154104    669784    981636     50.32      6648    653792   2047828    104.97    826112    727180         4
05:11:40       154104    669784    981636     50.32      6648    653792   2047828    104.97    826112    727180        12
05:11:41       154104    669784    981636     50.32      6648    653792   2047828    104.97    826112    727180        12
05:11:42       154104    669784    981632     50.32      6648    653796   2047828    104.97    826112    727180        16
05:11:43       154104    669784    981632     50.32      6648    653796   2047828    104.97    826112    727180        16
05:11:44       154104    669784    981632     50.32      6648    653796   2047828    104.97    826112    727180        16
05:11:45       154104    669784    981632     50.32      6648    653796   2047828    104.97    826112    727180        16
05:11:46       154104    669784    981632     50.32      6648    653796   2047828    104.97    826112    727180        16
05:11:47       154104    669784    981632     50.32      6672    653772   2047828    104.97    826112    727180        16
05:11:48       154104    669784    981608     50.32      6672    653796   2047828    104.97    826112    727180        80
05:11:49       154104    669784    981604     50.32      6672    653800   2047828    104.97    826112    727180        84
05:11:50       154104    669784    981604     50.32      6672    653800   2047828    104.97    826112    727180        84
05:11:51       154104    669784    981604     50.32      6672    653800   2047828    104.97    826112    727180        84
05:11:52       154104    669784    981604     50.32      6672    653800   2047828    104.97    826112    727180        84
05:11:53       154104    669784    981604     50.32      6672    653800   2047828    104.97    826112    727180        84
05:11:54       154104    669784    981604     50.32      6672    653800   2047828    104.97    826112    727180        84
05:11:55       154104    669784    981604     50.32      6672    653800   2047828    104.97    826112    727180        84
05:11:56       154104    669784    981604     50.32      6672    653800   2047828    104.97    826112    727180        84
05:11:57       154104    669784    981604     50.32      6672    653800   2047828    104.97    826112    727180        84

Average:       201069    716742    934670     47.91      6649    653792   2000897    102.57    779208    727173        46
