Linux 7.0.0-1010-aws (ip-172-31-31-224) 	08/11/26 	_x86_64_	(2 CPU)

07:16:10        CPU     %user     %nice   %system   %iowait    %steal     %idle
07:16:11        all     46.53      0.00      4.95      0.00      4.95     43.56
07:16:12        all     50.51      0.00      4.04      0.00      0.51     44.95
07:16:13        all     48.00      0.00      3.50      0.00      2.00     46.50
07:16:14        all     53.54      0.00      5.56      0.00      1.52     39.39
07:16:15        all     48.00      0.00      4.00      0.00      1.00     47.00
07:16:16        all     50.00      0.00      3.50      0.00      0.50     46.00
07:16:17        all     51.76      0.00      2.51      0.50      0.50     44.72
07:16:18        all     51.26      0.00      4.52      0.00      0.50     43.72
07:16:19        all     11.50      0.00      0.50      0.00      0.50     87.50
07:16:20        all      0.50      0.00      0.00      0.00      0.00     99.50
07:16:21        all      0.50      0.00      0.50      0.00      0.00     99.00
07:16:22        all      0.00      0.00      0.50      0.00      0.00     99.50
07:16:23        all      0.00      0.00      0.50      0.00      0.00     99.50
07:16:24        all      0.50      0.00      0.00      0.00      0.00     99.50
07:16:25        all      0.00      0.00      0.00      0.00      0.51     99.49
07:16:26        all      0.50      0.00      0.00      0.00      0.00     99.50
07:16:27        all      1.02      0.00      1.02      0.00      0.00     97.96
07:16:28        all      2.00      0.00      3.50      0.00      0.50     94.00
07:16:29        all      5.64      0.00      0.51      0.00      0.00     93.85
07:16:30        all      0.50      0.00      0.99      0.00      0.50     98.02
07:16:31        all      0.00      0.00      0.00      0.00      0.00    100.00
07:16:32        all      0.00      0.00      0.00      0.00      0.00    100.00
07:16:33        all      0.50      0.00      0.00      0.00      0.50     99.01
07:16:34        all      0.00      0.00      0.00      0.00      0.00    100.00
07:16:35        all      0.50      0.00      0.00      0.50      0.50     98.51
07:16:36        all      1.00      0.00      0.50      0.00      0.00     98.51
07:16:37        all      0.00      0.00      0.00      0.00      0.00    100.00


Average:        all     15.72      0.00      1.52      0.04      0.54     82.18
