Linux 7.0.0-1010-aws (ip-172-31-31-224) 	08/11/26 	_x86_64_	(2 CPU)

07:16:10    kbmemfree   kbavail kbmemused  %memused kbbuffers  kbcached  kbcommit   %commit  kbactive   kbinact   kbdirty
07:16:11       772688   1296132    434728     22.28     15512    649884   1593564     81.68    362868    638244       188
07:16:12       692552   1215996    514864     26.39     15512    649884   1673140     85.76    441956    638244       188
07:16:13       628040   1151484    579376     29.70     15512    649884   1735356     88.95    505492    638244       188
07:16:14       540092   1063544    667316     34.21     15512    649892   1823508     93.47    592880    638252       196
07:16:15       443576    967032    763828     39.15     15512    649896   1923976     98.62    695136    638256       200
07:16:16       379064    902520    828340     42.46     15512    649896   1982224    101.61    753624    638256       200
07:16:17       326144    849624    881236     45.17     15536    649896   2041148    104.63    811788    638280       300
07:16:18       193088    716568   1014292     51.99     15536    649896   2165772    111.01    934548    638280       300
07:16:19       193088    716568   1014292     51.99     15536    649896   2165836    111.02    934548    638280       300
07:16:20       193088    716568   1014288     51.99     15536    649900   2165836    111.02    934548    638280       304
07:16:21       193088    716568   1014288     51.99     15536    649900   2165836    111.02    935168    638280       304
07:16:22       193088    716568   1014288     51.99     15536    649900   2165836    111.02    935168    638280       304
07:16:23       193088    716568   1014288     51.99     15536    649900   2165836    111.02    935168    638280       304
07:16:24       193088    716568   1014288     51.99     15536    649900   2165836    111.02    935168    638280       304
07:16:25       193088    716568   1014284     51.99     15536    649904   2165836    111.02    935168    638280       308
07:16:26       193088    716568   1014284     51.99     15536    649904   2165836    111.02    935168    638280       308
07:16:27       193088    716568   1014284     51.99     15536    649904   2165836    111.02    935168    638280       308
07:16:28       193088    716568   1014284     51.99     15536    649904   2165836    111.02    935168    638280       308
07:16:29       193088    716568   1014276     51.99     15536    649912   2165836    111.02    935156    638280       316
07:16:30       193088    716576   1014268     51.99     15536    649920   2165836    111.02    935208    638288       324
07:16:31       193088    716576   1014268     51.99     15536    649920   2165836    111.02    935208    638288       324
07:16:32       193088    716576   1014268     51.99     15536    649920   2165836    111.02    935208    638288       324
07:16:33       193088    716576   1014268     51.99     15536    649920   2165836    111.02    935208    638288       324
07:16:34       193088    716576   1014268     51.99     15536    649920   2165836    111.02    935208    638288       324
07:16:35       193088    716576   1014268     51.99     15536    649920   2165836    111.02    935208    638288       228
07:16:36       193088    716596   1014264     51.99     15536    649924   2165836    111.02    935836    638308       120
07:16:37       193088    716596   1014264     51.99     15536    649924   2165836    111.02    935836    638308       120


Average:       283108    806585    924269     47.38     15531    649904   2077392    106.48    846919    638277       267
