Linux 7.0.0-1010-aws (ip-172-31-31-224) 	08/11/26 	_x86_64_	(2 CPU)

07:16:10        IFACE   rxpck/s   txpck/s    rxkB/s    txkB/s   rxcmp/s   txcmp/s  rxmcst/s   %ifutil
07:16:11         ens5     52.00     50.00      4.36      6.46      0.00      0.00      0.00      0.00

07:16:11        IFACE   rxpck/s   txpck/s    rxkB/s    txkB/s   rxcmp/s   txcmp/s  rxmcst/s   %ifutil
07:16:12         ens5     50.00     44.00      4.27      5.37      0.00      0.00      0.00      0.00

07:16:12        IFACE   rxpck/s   txpck/s    rxkB/s    txkB/s   rxcmp/s   txcmp/s  rxmcst/s   %ifutil
07:16:13         ens5      4.00      6.00      0.20      1.29      0.00      0.00      0.00      0.00

07:16:13        IFACE   rxpck/s   txpck/s    rxkB/s    txkB/s   rxcmp/s   txcmp/s  rxmcst/s   %ifutil
07:16:14         ens5      9.00      7.00      0.46      1.46      0.00      0.00      0.00      0.00

07:16:14        IFACE   rxpck/s   txpck/s    rxkB/s    txkB/s   rxcmp/s   txcmp/s  rxmcst/s   %ifutil
07:16:15         ens5      5.00      5.00      0.25      1.10      0.00      0.00      0.00      0.00

07:16:15        IFACE   rxpck/s   txpck/s    rxkB/s    txkB/s   rxcmp/s   txcmp/s  rxmcst/s   %ifutil
07:16:16         ens5      9.00      9.00      0.46      1.90      0.00      0.00      0.00      0.00

07:16:16        IFACE   rxpck/s   txpck/s    rxkB/s    txkB/s   rxcmp/s   txcmp/s  rxmcst/s   %ifutil
07:16:17         ens5      8.00      8.00      0.41      1.59      0.00      0.00      0.00      0.00

07:16:17        IFACE   rxpck/s   txpck/s    rxkB/s    txkB/s   rxcmp/s   txcmp/s  rxmcst/s   %ifutil
07:16:18         ens5      5.00      5.00      0.27      1.09      0.00      0.00      0.00      0.00

07:16:18        IFACE   rxpck/s   txpck/s    rxkB/s    txkB/s   rxcmp/s   txcmp/s  rxmcst/s   %ifutil
07:16:19         ens5      3.00      3.00      0.15      0.61      0.00      0.00      0.00      0.00

07:16:19        IFACE   rxpck/s   txpck/s    rxkB/s    txkB/s   rxcmp/s   txcmp/s  rxmcst/s   %ifutil
07:16:20         ens5      1.00      1.00      0.03      0.04      0.00      0.00      0.00      0.00

07:16:20        IFACE   rxpck/s   txpck/s    rxkB/s    txkB/s   rxcmp/s   txcmp/s  rxmcst/s   %ifutil
07:16:21         ens5      0.00      0.00      0.00      0.00      0.00      0.00      0.00      0.00

07:16:21        IFACE   rxpck/s   txpck/s    rxkB/s    txkB/s   rxcmp/s   txcmp/s  rxmcst/s   %ifutil
07:16:22         ens5     14.00     10.00      0.85      2.31      0.00      0.00      0.00      0.00

07:16:22        IFACE   rxpck/s   txpck/s    rxkB/s    txkB/s   rxcmp/s   txcmp/s  rxmcst/s   %ifutil
07:16:23         ens5      0.00      0.00      0.00      0.00      0.00      0.00      0.00      0.00

07:16:23        IFACE   rxpck/s   txpck/s    rxkB/s    txkB/s   rxcmp/s   txcmp/s  rxmcst/s   %ifutil
07:16:24         ens5      0.00      0.00      0.00      0.00      0.00      0.00      0.00      0.00

07:16:24        IFACE   rxpck/s   txpck/s    rxkB/s    txkB/s   rxcmp/s   txcmp/s  rxmcst/s   %ifutil
07:16:25         ens5      0.00      0.00      0.00      0.00      0.00      0.00      0.00      0.00

07:16:25        IFACE   rxpck/s   txpck/s    rxkB/s    txkB/s   rxcmp/s   txcmp/s  rxmcst/s   %ifutil
07:16:26         ens5     14.00     10.00      0.86      2.02      0.00      0.00      0.00      0.00

07:16:26        IFACE   rxpck/s   txpck/s    rxkB/s    txkB/s   rxcmp/s   txcmp/s  rxmcst/s   %ifutil
07:16:27         ens5    313.00    237.00     19.42     47.55      0.00      0.00      0.00      0.00

07:16:27        IFACE   rxpck/s   txpck/s    rxkB/s    txkB/s   rxcmp/s   txcmp/s  rxmcst/s   %ifutil
07:16:28         ens5    716.00    543.00     44.70    111.29      0.00      0.00      0.00      0.00

07:16:28        IFACE   rxpck/s   txpck/s    rxkB/s    txkB/s   rxcmp/s   txcmp/s  rxmcst/s   %ifutil
07:16:29         ens5    155.00    110.00      9.51     22.35      0.00      0.00      0.00      0.00

07:16:29        IFACE   rxpck/s   txpck/s    rxkB/s    txkB/s   rxcmp/s   txcmp/s  rxmcst/s   %ifutil
07:16:30         ens5      0.00      0.00      0.00      0.00      0.00      0.00      0.00      0.00

07:16:30        IFACE   rxpck/s   txpck/s    rxkB/s    txkB/s   rxcmp/s   txcmp/s  rxmcst/s   %ifutil
07:16:31         ens5      0.00      0.00      0.00      0.00      0.00      0.00      0.00      0.00

07:16:31        IFACE   rxpck/s   txpck/s    rxkB/s    txkB/s   rxcmp/s   txcmp/s  rxmcst/s   %ifutil
07:16:32         ens5      0.00      0.00      0.00      0.00      0.00      0.00      0.00      0.00

07:16:32        IFACE   rxpck/s   txpck/s    rxkB/s    txkB/s   rxcmp/s   txcmp/s  rxmcst/s   %ifutil
07:16:33         ens5      0.00      0.00      0.00      0.00      0.00      0.00      0.00      0.00

07:16:33        IFACE   rxpck/s   txpck/s    rxkB/s    txkB/s   rxcmp/s   txcmp/s  rxmcst/s   %ifutil
07:16:34         ens5      0.00      0.00      0.00      0.00      0.00      0.00      0.00      0.00

07:16:34        IFACE   rxpck/s   txpck/s    rxkB/s    txkB/s   rxcmp/s   txcmp/s  rxmcst/s   %ifutil
07:16:35         ens5      0.00      0.00      0.00      0.00      0.00      0.00      0.00      0.00

07:16:35        IFACE   rxpck/s   txpck/s    rxkB/s    txkB/s   rxcmp/s   txcmp/s  rxmcst/s   %ifutil
07:16:36         ens5      0.00      0.00      0.00      0.00      0.00      0.00      0.00      0.00

07:16:36        IFACE   rxpck/s   txpck/s    rxkB/s    txkB/s   rxcmp/s   txcmp/s  rxmcst/s   %ifutil
07:16:37         ens5      0.00      0.00      0.00      0.00      0.00      0.00      0.00      0.00


Average:        IFACE   rxpck/s   txpck/s    rxkB/s    txkB/s   rxcmp/s   txcmp/s  rxmcst/s   %ifutil
Average:         ens5     50.30     38.81      3.19      7.65      0.00      0.00      0.00      0.00
