Linux 7.0.0-1010-aws (ip-172-31-20-134) 	08/11/26 	_x86_64_	(2 CPU)

17:24:25        CPU     %user     %nice   %system   %iowait    %steal     %idle
17:24:26        all      2.02      0.00      1.52      0.00      0.00     96.46
17:24:27        all      0.00      0.00      0.50      0.00      0.50     98.99
17:24:28        all      5.50      0.00      1.00      0.00      0.00     93.50
17:24:29        all      0.00      0.00      0.00      0.00      0.00    100.00
17:24:30        all      0.00      0.00      0.00      0.00      0.00    100.00
17:24:31        all      0.99      0.00      0.50      0.00      0.00     98.51
17:24:32        all      0.51      0.00      0.00      0.00      0.00     99.49
17:24:33        all      0.50      0.00      0.50      0.00      0.00     98.99
17:24:34        all      0.00      0.00      0.50      0.00      0.00     99.50
17:24:35        all      0.50      0.00      0.00      0.00      0.00     99.50
17:24:36        all      0.50      0.00      0.00      0.00      0.00     99.50
17:24:37        all     36.36      0.00      4.04      0.00      0.51     59.09
17:24:38        all     80.71      0.00      9.64      0.00      0.00      9.64
17:24:39        all     83.67      0.00     11.22      0.00      0.00      5.10
17:24:40        all     19.60      0.00      2.51      0.00      0.00     77.89
17:24:41        all      1.00      0.00      0.00      0.00      0.00     99.00
17:24:42        all      0.00      0.00      0.00      0.00      0.00    100.00
17:24:43        all      5.53      0.00      1.51      0.00      0.00     92.96
17:24:44        all      0.00      0.00      0.50      0.00      0.00     99.50

Average:        all     12.39      0.00      1.77      0.00      0.05     85.79
