Linux 7.0.0-1010-aws (ip-172-31-20-134) 	08/11/26 	_x86_64_	(2 CPU)

17:24:25    kbmemfree   kbavail kbmemused  %memused kbbuffers  kbcached  kbcommit   %commit  kbactive   kbinact   kbdirty
17:24:26        89200   1318416    374856     19.21     31464   1308716   1469932     75.35   1000816    609408       364
17:24:27        89200   1318416    374856     19.21     31464   1308716   1469932     75.35   1000816    609408       364
17:24:28        89200   1318420    374848     19.21     31464   1308724   1469932     75.35   1000812    609412       372
17:24:29        89200   1318420    374848     19.21     31464   1308724   1469932     75.35   1000812    609412       372
17:24:30        89200   1318420    374848     19.21     31464   1308724   1469932     75.35   1000812    609412       372
17:24:31        89200   1318420    374844     19.21     31464   1308728   1469932     75.35   1000812    609412       376
17:24:32        89200   1318452    374760     19.21     31464   1308812   1471592     75.43   1002888    609444       460
17:24:33        88948   1318264    375012     19.22     31464   1308812   1479920     75.86   1003940    609508       460
17:24:34        88948   1318264    375012     19.22     31464   1308812   1479920     75.86   1003940    609508       460
17:24:35        88948   1318264    375012     19.22     31464   1308812   1479920     75.86   1003940    609508       460
17:24:36        88948   1318264    375008     19.22     31464   1308816   1479920     75.86   1003940    609508       464
17:24:37        83668   1313624    379616     19.46     31464   1309476   1552268     79.57   1010600    610140      1124
17:24:38        76384   1308112    384996     19.73     31464   1311316   1796220     92.07   1019604    611884      2964
17:24:39        88740   1303264    389800     19.98     31316   1294192   1930944     98.98    955348    669472      4468
17:24:40        88740   1303596    389528     19.97     31316   1294452   1930944     98.98    946480    669800      4728
17:24:41        88740   1303596    389524     19.97     31316   1294456   1930944     98.98    945784    669800      4732
17:24:42        88740   1303604    389524     19.97     31316   1294456   1930944     98.98    945872    669808      4684
17:24:43        88740   1303620    389516     19.97     31316   1294464   1930944     98.98    945872    669824      4696
17:24:44        88740   1303620    389516     19.97     31316   1294464   1930944     98.98    945872    669824      4696

Average:        88036   1312898    380312     19.49     31417   1304404   1639211     84.02    986261    628657      1927
