Linux 7.0.0-1010-aws (ip-172-31-20-134) 	08/11/26 	_x86_64_	(2 CPU)

16:56:48    kbmemfree   kbavail kbmemused  %memused kbbuffers  kbcached  kbcommit   %commit  kbactive   kbinact   kbdirty
16:56:49       144884   1323448    370692     19.00     30516   1260024   1465884     75.14    994852    565468       444
16:56:50       144884   1323448    370692     19.00     30516   1260024   1465884     75.14    994852    565468       444
16:56:51       144884   1323448    370688     19.00     30516   1260028   1465884     75.14    994852    565468       448
16:56:52       144884   1323448    370688     19.00     30516   1260028   1465884     75.14    994852    565468       448
16:56:53       144884   1323448    370688     19.00     30516   1260028   1465884     75.14    994852    565468       448
16:56:54       144884   1323448    370664     19.00     30540   1260028   1465884     75.14    994900    565468       484
16:56:55       144884   1323448    370664     19.00     30540   1260028   1465884     75.14    994900    565468       336
16:56:56       144128   1322724    371384     19.04     30540   1260064   1467064     75.20    996344    565500       372
16:56:57       144128   1322724    371384     19.04     30540   1260064   1467064     75.20    996344    565500       372
16:56:58       144128   1322756    371384     19.04     30540   1260064   1467064     75.20    995244    565532       372
16:56:59       144128   1322756    371376     19.04     30540   1260072   1467064     75.20    995956    565532       380
16:57:00       144128   1322764    371368     19.04     30540   1260072   1487980     76.27    996728    565540       380
16:57:01       139364   1318260    375872     19.27     30540   1260332   1658988     85.04   1005600    565800       640
16:57:02       131100   1310576    383556     19.66     30540   1260908   1938356     99.36   1018760    566372      1216
16:57:03       128356   1308468    385660     19.77     30540   1261548   1945520     99.72   1024032    567008      1856
16:57:04       128356   1308468    385660     19.77     30540   1261548   1945520     99.72   1024032    567008      1856
16:57:05       128356   1308472    385636     19.77     30540   1261572   1945520     99.72   1024068    567012      1880
16:57:06       128356   1308472    385632     19.77     30540   1261576   1945520     99.72   1024068    567012      1884
16:57:07       128356   1308472    385632     19.77     30540   1261576   1945520     99.72   1024068    567012      1884
16:57:08       128356   1308472    385632     19.77     30540   1261576   1945520     99.72   1024068    567012      1884
16:57:09       128356   1308472    385628     19.77     30540   1261580   1945520     99.72   1024068    567012      1888
16:57:10       128356   1308472    385628     19.77     30540   1261580   1945520     99.72   1024068    567012      1888
16:57:11       128356   1308472    385624     19.77     30540   1261584   1945520     99.72   1024068    567012      1892
16:57:12       128356   1308484    385624     19.77     30540   1261584   1945520     99.72   1024168    567024      1844

Average:       137036   1316309    377811     19.37     30535   1260729   1694582     86.86   1008739    566174      1064
