Linux 7.0.0-1010-aws (ip-172-31-31-224) 	08/11/26 	_x86_64_	(2 CPU)

06:49:20        CPU     %user     %nice   %system   %iowait    %steal     %idle
06:49:21        all     50.75      0.00      4.98      0.00      1.00     43.28
06:49:22        all     51.26      0.00      3.02      0.00      0.00     45.73
06:49:23        all     50.51      0.00      2.53      0.00      1.52     45.45
06:49:24        all     47.50      0.00      4.00      0.00      1.50     47.00
06:49:25        all     47.74      0.00      5.03      0.00      1.01     46.23
06:49:26        all     49.50      0.00      4.00      0.00      0.50     46.00
06:49:27        all     49.25      0.00      4.52      0.00      1.01     45.23
06:49:28        all     44.28      0.00      4.48      0.00      1.00     50.25
06:49:29        all      5.58      0.00      1.52      0.00      0.51     92.39
06:49:30        all      0.50      0.00      0.00      0.00      0.50     99.00
06:49:31        all      0.50      0.00      0.00      0.00      0.00     99.50
06:49:32        all      0.00      0.00      0.50      0.00      0.00     99.50
06:49:33        all      0.00      0.00      0.00      0.00      0.00    100.00
06:49:34        all      0.50      0.00      0.00      0.00      0.00     99.50
06:49:35        all      0.50      0.00      0.00      0.00      1.00     98.50
06:49:36        all      1.51      0.00      1.51      0.00      1.01     95.98
06:49:37        all      1.52      0.00      0.51      0.00      0.00     97.98
06:49:38        all      0.00      0.00      0.50      0.00      0.50     99.00
06:49:39        all      0.00      0.00      0.00      0.00      0.50     99.50
06:49:40        all      0.50      0.00      0.00      0.00      0.50     99.00
06:49:41        all      0.50      0.00      0.50      0.00      0.50     98.50
06:49:42        all      0.50      0.00      0.00      0.00      0.00     99.50
06:49:43        all      0.00      0.00      0.50      0.00      0.00     99.50
06:49:44        all      4.55      0.00      1.52      0.00      0.00     93.94
06:49:45        all      0.50      0.00      0.00      0.00      0.00     99.50
06:49:46        all      0.00      0.00      0.50      0.00      0.50     98.99
06:49:47        all      1.00      0.00      0.00      0.50      0.50     98.00

Average:        all     15.16      0.00      1.49      0.02      0.50     82.83
