Linux 7.0.0-1010-aws (ip-172-31-31-224) 	08/11/26 	_x86_64_	(2 CPU)

06:49:20    kbmemfree   kbavail kbmemused  %memused kbbuffers  kbcached  kbcommit   %commit  kbactive   kbinact   kbdirty
06:49:21       682988   1282140    449336     23.03     15676    725636   1610308     82.54    403424    688728       208
06:49:22       610916   1210068    521408     26.73     15676    725636   1685500     86.40    478212    688728       208
06:49:23       537584   1136736    594740     30.49     15676    725636   1760524     90.24    555320    688728       208
06:49:24       457952   1057104    674372     34.57     15676    725636   1831892     93.90    626248    688728       208
06:49:25       369500    968656    762820     39.10     15676    725640   1919320     98.38    715168    688732       212
06:49:26       304988    904144    827332     42.41     15676    725640   1990304    102.02    783384    688732       212
06:49:27       208472    807628    923848     47.36     15676    725640   2083020    106.77    878540    688732       212
06:49:28       119768    718924   1012552     51.90     15676    725640   2182236    111.86    975012    688732       212
06:49:29       119768    718924   1012544     51.90     15676    725648   2182236    111.86    975236    688732       220
06:49:30       119768    718924   1012540     51.90     15676    725652   2182236    111.86    975236    688732       224
06:49:31       119768    718924   1012540     51.90     15676    725652   2182236    111.86    975236    688732       224
06:49:32       119768    718924   1012540     51.90     15676    725652   2182236    111.86    975236    688732       224
06:49:33       119768    718924   1012540     51.90     15676    725652   2182236    111.86    975236    688732       224
06:49:34       119768    718924   1012540     51.90     15676    725652   2182236    111.86    975236    688732       224
06:49:35       119768    718936   1012536     51.90     15676    725656   2182236    111.86    975248    688744       228
06:49:36       119516    718688   1012788     51.91     15676    725656   2182236    111.86    975740    688748       228
06:49:37       117752    716924   1014552     52.00     15676    725656   2182236    111.86    976732    688748       228
06:49:38       117752    716924   1014552     52.00     15676    725656   2182236    111.86    976732    688748       228
06:49:39       117752    716924   1014552     52.00     15676    725656   2182236    111.86    976732    688748       228
06:49:40       117752    716924   1014552     52.00     15676    725656   2182236    111.86    976816    688748       228
06:49:41       117752    716928   1014544     52.00     15676    725664   2182236    111.86    976940    688752       188
06:49:42       117752    716928   1014544     52.00     15676    725664   2182236    111.86    976940    688752       188
06:49:43       117752    716928   1014544     52.00     15676    725664   2182236    111.86    976940    688752       188
06:49:44       117500    716676   1014796     52.02     15676    725664   2182236    111.86    976856    688752        96
06:49:45       117500    716680   1014784     52.02     15676    725676   2182236    111.86    976936    688756        92
06:49:46       117500    716680   1014784     52.02     15676    725676   2182236    111.86    976936    688756        92

Average:       208724    807888    923584     47.34     15676    725652   2090129    107.14    884087    688740       201
