Linux 7.0.0-1010-aws (ip-172-31-31-224) 	08/11/26 	_x86_64_	(2 CPU)

06:49:20        IFACE   rxpck/s   txpck/s    rxkB/s    txkB/s   rxcmp/s   txcmp/s  rxmcst/s   %ifutil
06:49:21         ens5     62.00     58.00      4.84      6.81      0.00      0.00      0.00      0.00

06:49:21        IFACE   rxpck/s   txpck/s    rxkB/s    txkB/s   rxcmp/s   txcmp/s  rxmcst/s   %ifutil
06:49:22         ens5     35.00     34.00      2.80      3.99      0.00      0.00      0.00      0.00

06:49:22        IFACE   rxpck/s   txpck/s    rxkB/s    txkB/s   rxcmp/s   txcmp/s  rxmcst/s   %ifutil
06:49:23         ens5      8.00      9.00      0.41      1.90      0.00      0.00      0.00      0.00

06:49:23        IFACE   rxpck/s   txpck/s    rxkB/s    txkB/s   rxcmp/s   txcmp/s  rxmcst/s   %ifutil
06:49:24         ens5      7.00      6.00      0.36      1.28      0.00      0.00      0.00      0.00

06:49:24        IFACE   rxpck/s   txpck/s    rxkB/s    txkB/s   rxcmp/s   txcmp/s  rxmcst/s   %ifutil
06:49:25         ens5      5.00      5.00      0.25      1.10      0.00      0.00      0.00      0.00

06:49:25        IFACE   rxpck/s   txpck/s    rxkB/s    txkB/s   rxcmp/s   txcmp/s  rxmcst/s   %ifutil
06:49:26         ens5     10.00     10.00      0.51      2.09      0.00      0.00      0.00      0.00

06:49:26        IFACE   rxpck/s   txpck/s    rxkB/s    txkB/s   rxcmp/s   txcmp/s  rxmcst/s   %ifutil
06:49:27         ens5      5.00      6.00      0.25      1.31      0.00      0.00      0.00      0.00

06:49:27        IFACE   rxpck/s   txpck/s    rxkB/s    txkB/s   rxcmp/s   txcmp/s  rxmcst/s   %ifutil
06:49:28         ens5      6.00      5.00      0.30      1.05      0.00      0.00      0.00      0.00

06:49:28        IFACE   rxpck/s   txpck/s    rxkB/s    txkB/s   rxcmp/s   txcmp/s  rxmcst/s   %ifutil
06:49:29         ens5      1.00      1.00      0.07      0.09      0.00      0.00      0.00      0.00

06:49:29        IFACE   rxpck/s   txpck/s    rxkB/s    txkB/s   rxcmp/s   txcmp/s  rxmcst/s   %ifutil
06:49:30         ens5      0.00      0.00      0.00      0.00      0.00      0.00      0.00      0.00

06:49:30        IFACE   rxpck/s   txpck/s    rxkB/s    txkB/s   rxcmp/s   txcmp/s  rxmcst/s   %ifutil
06:49:31         ens5      4.00      4.00      0.28      1.86      0.00      0.00      0.00      0.00

06:49:31        IFACE   rxpck/s   txpck/s    rxkB/s    txkB/s   rxcmp/s   txcmp/s  rxmcst/s   %ifutil
06:49:32         ens5      0.00      0.00      0.00      0.00      0.00      0.00      0.00      0.00

06:49:32        IFACE   rxpck/s   txpck/s    rxkB/s    txkB/s   rxcmp/s   txcmp/s  rxmcst/s   %ifutil
06:49:33         ens5      0.00      0.00      0.00      0.00      0.00      0.00      0.00      0.00

06:49:33        IFACE   rxpck/s   txpck/s    rxkB/s    txkB/s   rxcmp/s   txcmp/s  rxmcst/s   %ifutil
06:49:34         ens5      0.00      0.00      0.00      0.00      0.00      0.00      0.00      0.00

06:49:34        IFACE   rxpck/s   txpck/s    rxkB/s    txkB/s   rxcmp/s   txcmp/s  rxmcst/s   %ifutil
06:49:35         ens5     30.00     30.00      2.14     11.73      0.00      0.00      0.00      0.00

06:49:35        IFACE   rxpck/s   txpck/s    rxkB/s    txkB/s   rxcmp/s   txcmp/s  rxmcst/s   %ifutil
06:49:36         ens5    194.00    197.00     14.11     79.59      0.00      0.00      0.00      0.00

06:49:36        IFACE   rxpck/s   txpck/s    rxkB/s    txkB/s   rxcmp/s   txcmp/s  rxmcst/s   %ifutil
06:49:37         ens5     99.00    100.00      7.24     41.35      0.00      0.00      0.00      0.00

06:49:37        IFACE   rxpck/s   txpck/s    rxkB/s    txkB/s   rxcmp/s   txcmp/s  rxmcst/s   %ifutil
06:49:38         ens5     21.00     20.00      1.48      7.82      0.00      0.00      0.00      0.00

06:49:38        IFACE   rxpck/s   txpck/s    rxkB/s    txkB/s   rxcmp/s   txcmp/s  rxmcst/s   %ifutil
06:49:39         ens5      0.00      0.00      0.00      0.00      0.00      0.00      0.00      0.00

06:49:39        IFACE   rxpck/s   txpck/s    rxkB/s    txkB/s   rxcmp/s   txcmp/s  rxmcst/s   %ifutil
06:49:40         ens5      0.00      0.00      0.00      0.00      0.00      0.00      0.00      0.00

06:49:40        IFACE   rxpck/s   txpck/s    rxkB/s    txkB/s   rxcmp/s   txcmp/s  rxmcst/s   %ifutil
06:49:41         ens5      0.00      0.00      0.00      0.00      0.00      0.00      0.00      0.00

06:49:41        IFACE   rxpck/s   txpck/s    rxkB/s    txkB/s   rxcmp/s   txcmp/s  rxmcst/s   %ifutil
06:49:42         ens5      0.00      0.00      0.00      0.00      0.00      0.00      0.00      0.00

06:49:42        IFACE   rxpck/s   txpck/s    rxkB/s    txkB/s   rxcmp/s   txcmp/s  rxmcst/s   %ifutil
06:49:43         ens5      1.00      1.00      0.03      0.04      0.00      0.00      0.00      0.00

06:49:43        IFACE   rxpck/s   txpck/s    rxkB/s    txkB/s   rxcmp/s   txcmp/s  rxmcst/s   %ifutil
06:49:44         ens5      0.00      0.00      0.00      0.00      0.00      0.00      0.00      0.00

06:49:44        IFACE   rxpck/s   txpck/s    rxkB/s    txkB/s   rxcmp/s   txcmp/s  rxmcst/s   %ifutil
06:49:45         ens5      1.00      1.00      0.07      0.09      0.00      0.00      0.00      0.00

06:49:45        IFACE   rxpck/s   txpck/s    rxkB/s    txkB/s   rxcmp/s   txcmp/s  rxmcst/s   %ifutil
06:49:46         ens5      0.00      0.00      0.00      0.00      0.00      0.00      0.00      0.00


Average:        IFACE   rxpck/s   txpck/s    rxkB/s    txkB/s   rxcmp/s   txcmp/s  rxmcst/s   %ifutil
Average:         ens5     18.81     18.73      1.35      6.24      0.00      0.00      0.00      0.00
