Linux 7.0.0-1008-aws (ip-172-31-31-224) 	08/07/26 	_x86_64_	(2 CPU)

08:00:01        CPU     %user     %nice   %system   %iowait    %steal     %idle
08:00:02        all     52.00      0.00      5.00      0.00      0.00     43.00
08:00:03        all     48.99      0.00      4.04      0.00      0.00     46.97
08:00:04        all     50.25      0.00      3.98      0.00      0.00     45.77
08:00:05        all     48.73      0.00      4.06      0.00      0.00     47.21
08:00:06        all     51.24      0.00      4.48      0.00      0.00     44.28
08:00:07        all     47.47      0.00      3.03      0.00      0.00     49.49
08:00:08        all     51.00      0.00      3.50      0.00      0.00     45.50
08:00:09        all     35.18      0.00      4.02      0.00      0.00     60.80
08:00:10        all      1.01      0.00      0.00      0.00      0.00     98.99
08:00:11        all      2.00      0.00      1.50      0.00      0.00     96.50
08:00:12        all      1.52      0.00      0.51      0.00      0.00     97.97
08:00:13        all      1.51      0.00      1.01      0.00      0.00     97.49
08:00:14        all      2.02      0.00      0.51      0.00      0.00     97.47
08:00:15        all      1.52      0.00      0.51      0.00      0.00     97.98
08:00:16        all      2.02      0.00      0.51      0.00      0.00     97.47
08:00:17        all      1.52      0.00      1.01      0.00      0.00     97.47
08:00:18        all      2.01      0.00      1.01      1.01      0.00     95.98
08:00:19        all      2.01      0.00      0.50      0.00      0.00     97.49
08:00:20        all      1.02      0.00      1.02      0.00      0.00     97.97
08:00:21        all      1.52      0.00      0.51      0.00      0.00     97.97
08:00:22        all      1.52      0.00      0.51      0.00      0.00     97.98
08:00:23        all      2.03      0.00      0.51      0.00      0.00     97.46
08:00:24        all      1.52      0.00      0.51      0.00      0.00     97.98
08:00:25        all      1.51      0.00      1.51      0.00      0.00     96.98
08:00:26        all      2.03      0.00      0.00      0.00      0.00     97.97
08:00:27        all      2.48      0.00      1.49      0.00      0.00     96.04
08:00:28        all      2.01      0.00      0.50      0.00      0.00     97.49
08:00:29        all      1.02      0.00      1.02      0.00      0.00     97.96
08:00:30        all      2.02      0.00      0.00      0.00      0.00     97.98
08:00:31        all      1.50      0.00      1.50      0.00      0.00     97.00
08:00:32        all      1.52      0.00      1.02      0.00      0.00     97.46
08:00:33        all      2.02      0.00      0.00      0.00      0.00     97.98
08:00:34        all      2.04      0.00      0.00      0.00      0.00     97.96
08:00:35        all      1.51      0.00      1.01      0.00      0.00     97.49
08:00:36        all      2.01      0.00      1.01      0.00      0.00     96.98
08:00:37        all      1.51      0.00      1.01      0.00      0.00     97.49
08:00:38        all      1.53      0.00      0.51      0.00      0.00     97.96
08:00:39        all      2.00      0.00      1.00      0.00      0.00     97.00
08:00:40        all      1.53      0.00      0.51      0.00      0.00     97.96
08:00:41        all      5.50      0.00      1.00      0.00      0.00     93.50
08:00:42        all      1.51      0.00      1.01      0.00      0.00     97.49
08:00:43        all      2.01      0.00      1.51      0.00      0.00     96.48
08:00:44        all      1.50      0.00      1.00      0.00      0.50     97.00
08:00:45        all      2.53      0.00      0.00      0.00      0.00     97.47
08:00:46        all      1.52      0.00      1.02      0.00      0.00     97.46
08:00:47        all      2.51      0.00      0.50      0.00      0.00     96.98
08:00:48        all      2.51      0.00      1.01      0.50      0.50     95.48
08:00:49        all      2.01      0.00      1.01      0.00      0.00     96.98
08:00:50        all      1.51      0.00      1.51      0.00      0.00     96.98
08:00:51        all      1.51      0.00      1.51      0.00      0.00     96.98
08:00:52        all      2.03      0.00      0.00      0.00      0.00     97.97
08:00:53        all      2.00      0.00      1.00      0.00      0.00     97.00
08:00:54        all      1.02      0.00      1.02      0.00      0.00     97.96
08:00:55        all      1.52      0.00      0.51      0.00      0.00     97.98
08:00:56        all      2.00      0.00      1.00      0.00      0.00     97.00
08:00:57        all      2.02      0.00      0.51      0.00      0.00     97.47
08:00:58        all      1.52      0.00      1.02      0.00      0.00     97.46
08:00:59        all      2.01      0.00      0.50      0.00      0.00     97.49
08:01:00        all      2.02      0.00      0.51      0.00      0.00     97.47
08:01:01        all      1.52      0.00      1.01      0.00      0.00     97.47
08:01:02        all      1.50      0.00      1.00      0.00      0.00     97.50
08:01:03        all      0.00      0.00      0.50      0.00      0.00     99.50
08:01:04        all      0.50      0.00      0.00      0.00      0.00     99.50
08:01:05        all      0.00      0.00      0.50      0.00      0.00     99.50
08:01:06        all     45.77      0.00      4.98      0.00      0.00     49.25

Average:        all      8.15      0.00      1.22      0.02      0.02     90.59
