Linux 7.0.0-1008-aws (ip-172-31-31-224) 	08/07/26 	_x86_64_	(2 CPU)

08:00:01    kbmemfree   kbavail kbmemused  %memused kbbuffers  kbcached  kbcommit   %commit  kbactive   kbinact   kbdirty
08:00:02       802472   1255740    399088     20.46     16736    581100   1475036     75.61    431664    468176        28
08:00:03       714272   1167540    487288     24.98     16736    581100   1558324     79.88    514556    468176        24
08:00:04       657824   1111092    543736     27.87     16736    581100   1621444     83.12    574672    468176        24
08:00:05       533336    986604    668224     34.25     16736    581100   1746560     89.53    702036    468176        24
08:00:06       440600    893868    760960     39.01     16736    581100   1833736     94.00    791124    468176        24
08:00:07       376340    829608    825220     42.30     16736    581100   1901300     97.46    854316    468176        24
08:00:08       319892    773160    881668     45.20     16736    581100   1951356    100.03    906880    468176        24
08:00:09       206996    660264    994564     50.98     16736    581100   2071884    106.21   1027308    468176        24
08:00:10       206996    660264    994564     50.98     16736    581100   2071884    106.21   1027308    468176        24
08:00:11       206996    660264    994564     50.98     16736    581100   2071884    106.21   1027308    468176        24
08:00:12       206996    660264    994564     50.98     16736    581100   2072140    106.22   1027432    468176        24
08:00:13       206996    660264    994564     50.98     16736    581100   2072140    106.22   1027432    468176        24
08:00:14       206996    660264    994564     50.98     16736    581100   2072204    106.22   1027556    468176        24
08:00:15       206996    660264    994564     50.98     16736    581100   2072204    106.22   1027556    468176        24
08:00:16       206996    660264    994564     50.98     16736    581100   2072204    106.22   1027556    468176        24
08:00:17       206996    660264    994564     50.98     16736    581100   2072204    106.22   1027556    468176        24
08:00:18       206996    660280    994484     50.98     16760    581156   2072204    106.22   1027664    468192       104
08:00:19       206996    660280    994484     50.98     16760    581156   2072204    106.22   1027664    468192       104
08:00:20       206996    660280    994484     50.98     16760    581156   2072204    106.22   1027664    468192       104
08:00:21       206996    660280    994484     50.98     16760    581156   2072204    106.22   1027664    468192       104
08:00:22       206996    660280    994480     50.98     16760    581160   2072204    106.22   1027664    468192       108
08:00:23       206996    660280    994480     50.98     16760    581160   2072268    106.23   1027664    468192       108
08:00:24       206996    660280    994480     50.98     16760    581160   2072268    106.23   1027664    468192       108
08:00:25       206996    660336    994480     50.98     16760    581160   2072268    106.23   1027788    468192       108
08:00:26       206996    660336    994480     50.98     16760    581160   2072524    106.24   1027788    468192       108
08:00:27       206996    660336    994480     50.98     16760    581160   2072524    106.24   1027788    468192       108
08:00:28       206996    660336    994480     50.98     16760    581160   2072524    106.24   1027788    468192       108
08:00:29       206996    660348    994480     50.98     16760    581160   2072524    106.24   1027900    468204       108
08:00:30       206996    660348    994480     50.98     16760    581160   2072524    106.24   1027900    468204       108
08:00:31       206996    660348    994480     50.98     16760    581160   2072588    106.24   1027952    468204       100
08:00:32       206996    660348    994480     50.98     16760    581160   2072588    106.24   1027972    468204        88
08:00:33       206996    660348    994480     50.98     16760    581160   2072588    106.24   1027996    468204        92
08:00:34       206996    660348    994480     50.98     16760    581160   2072588    106.24   1027996    468204        92
08:00:35       206996    660348    994476     50.98     16760    581164   2072588    106.24   1027996    468204        96
08:00:36       206996    660348    994476     50.98     16760    581164   2072588    106.24   1027996    468204        96
08:00:37       206996    660348    994476     50.98     16760    581164   2072588    106.24   1027996    468204        96
08:00:38       206996    660348    994476     50.98     16760    581164   2072588    106.24   1027996    468204        96
08:00:39       206996    660348    994476     50.98     16760    581164   2072588    106.24   1027996    468204        96
08:00:40       206996    660348    994476     50.98     16760    581164   2072652    106.25   1027996    468204        96
08:00:41       206996    660348    994476     50.98     16760    581164   2072652    106.25   1027996    468204        96
08:00:42       206996    660348    994472     50.98     16760    581168   2072652    106.25   1027996    468204       100
08:00:43       206996    660348    994472     50.98     16760    581168   2072652    106.25   1027996    468204       100
08:00:44       206996    660348    994472     50.98     16760    581168   2072652    106.25   1027996    468204       100
08:00:45       206996    660356    994472     50.98     16760    581168   2071932    106.21   1027564    468212       100
08:00:46       206996    660356    994472     50.98     16760    581168   2071932    106.21   1027564    468212       100
08:00:47       206996    660356    994472     50.98     16760    581168   2071932    106.21   1027564    468212       100
08:00:48       206744    660136    994668     50.99     16808    581176   2071996    106.21   1027720    468244       128
08:00:49       206744    660160    994668     50.99     16808    581176   2071996    106.21   1027764    468268        36
08:00:50       206744    660160    994668     50.99     16808    581176   2072252    106.23   1027764    468268        36
08:00:51       206744    660160    994668     50.99     16808    581176   2072508    106.24   1027764    468268        36
08:00:52       206744    660164    994664     50.99     16808    581180   2072508    106.24   1028008    468272        40
08:00:53       206744    660164    994664     50.99     16808    581180   2072508    106.24   1028008    468272        40
08:00:54       206744    660164    994664     50.99     16808    581180   2072508    106.24   1028008    468272        40
08:00:55       206492    659912    994916     51.00     16808    581180   2072508    106.24   1028008    468272        40
08:00:56       206492    659912    994916     51.00     16808    581180   2072572    106.24   1028256    468272        40
08:00:57       206492    659912    994916     51.00     16808    581180   2072572    106.24   1028256    468272        40
08:00:58       206492    659912    994916     51.00     16808    581180   2072572    106.24   1028256    468272        40
08:00:59       206492    659912    994916     51.00     16808    581180   2072828    106.26   1028380    468272        40
08:01:00       206492    659912    994916     51.00     16808    581180   2072828    106.26   1028380    468272        40
08:01:01       206492    659912    994916     51.00     16808    581180   2073084    106.27   1028380    468272        40
08:01:02       206240    659664    995164     51.01     16808    581184   2073084    106.27   1028500    468276        44
08:01:03       206240    659664    995164     51.01     16808    581184   2073084    106.27   1028500    468276        44
08:01:04       206240    659664    995164     51.01     16808    581184   2073084    106.27   1028512    468276        20
08:01:05       206240    659664    995164     51.01     16808    581184   2073084    106.27   1028512    468276        28
08:01:06       153080    606512   1048320     53.74     16808    581188   2165452    111.00   1065068    468276        28

Average:       242896    696240    958579     49.14     16768    581152   2036651    104.40    991223    468215        65
