Linux 7.0.0-1008-aws (ip-172-31-31-224) 	08/07/26 	_x86_64_	(2 CPU)

07:06:49    kbmemfree   kbavail kbmemused  %memused kbbuffers  kbcached  kbcommit   %commit  kbactive   kbinact   kbdirty
07:06:50       720172   1256920    396472     20.32     15320    664120   1456732     74.67    251880    733304        32
07:06:51       640036   1176784    476608     24.43     15320    664120   1540340     78.96    335012    733304        16
07:06:52       575524   1112272    541120     27.74     15320    664120   1603204     82.18    397928    733304        16
07:06:53       447004    983752    669640     34.33     15320    664120   1724288     88.39    519864    733304        16
07:06:54       366364    903112    750280     38.46     15320    664120   1807240     92.64    602760    733304        16
07:06:55       277912    814660    838732     42.99     15320    664120   1891388     96.96    686872    733304        16
07:06:56       230032    766780    886612     45.45     15320    664120   1941316     99.51    738252    733304        16
07:06:57       125200    661948    991444     50.82     15320    664120   2042400    104.70    839640    733304        16
07:06:58       125200    661948    991444     50.82     15320    664120   2042400    104.70    839640    733304        16
07:06:59       125200    661948    991444     50.82     15320    664120   2042400    104.70    839640    733304        16
07:07:00       125200    661948    991444     50.82     15320    664120   2042400    104.70    839648    733304        12
07:07:01       125200    661948    991444     50.82     15320    664120   2042400    104.70    839648    733304        12
07:07:02       125200    661948    991444     50.82     15320    664120   2042400    104.70    839648    733304        12
07:07:03       125200    661948    991444     50.82     15320    664120   2042400    104.70    839648    733304        12
07:07:04       125200    661948    991444     50.82     15320    664120   2042400    104.70    839648    733304        12
07:07:05       125200    661948    991444     50.82     15320    664120   2042400    104.70    839648    733304        12
07:07:06       125200    661948    991444     50.82     15320    664120   2042400    104.70    839648    733304        12
07:07:07       125200    661948    991444     50.82     15320    664120   2042400    104.70    839648    733304        12
07:07:08       125200    661948    991444     50.82     15320    664120   2042400    104.70    839648    733304        12
07:07:09       125200    661948    991444     50.82     15320    664120   2042400    104.70    839648    733304        12
07:07:10       125200    661948    991440     50.82     15320    664124   2042400    104.70    839648    733304        16
07:07:11       125200    661948    991440     50.82     15320    664124   2042400    104.70    839648    733304        16
07:07:12       125200    661948    991440     50.82     15320    664124   2042400    104.70    839648    733304        16
07:07:13       125200    661948    991440     50.82     15320    664124   2042400    104.70    839648    733304        16
07:07:14       125200    661948    991440     50.82     15320    664124   2042400    104.70    839648    733304        16
07:07:15       125200    661948    991440     50.82     15320    664124   2042400    104.70    839648    733304        16
07:07:16       125200    661948    991440     50.82     15320    664124   2042400    104.70    839648    733304        16
07:07:17       125200    661948    991440     50.82     15320    664124   2042400    104.70    839648    733304        16
07:07:18       125200    661960    991400     50.82     15344    664124   2042400    104.70    839668    733308        96
07:07:19       125200    661960    991400     50.82     15344    664124   2042400    104.70    839668    733308        96
07:07:20       125200    661960    991400     50.82     15344    664124   2042400    104.70    839668    733308        96
07:07:21       125200    661960    991400     50.82     15344    664124   2042400    104.70    839668    733308        96
07:07:22       125200    661984    991400     50.82     15344    664124   2042400    104.70    839684    733332        92
07:07:23       125200    661984    991396     50.82     15344    664128   2042400    104.70    839684    733332        96
07:07:24       125200    661984    991396     50.82     15344    664128   2042400    104.70    839684    733332        96
07:07:25       125200    661984    991396     50.82     15344    664128   2042400    104.70    839684    733332        96
07:07:26       125200    661984    991396     50.82     15344    664128   2042400    104.70    839684    733332        96
07:07:27       125200    661984    991396     50.82     15344    664128   2042400    104.70    839684    733332        96
07:07:28       125200    661984    991396     50.82     15344    664128   2042400    104.70    839684    733332        96
07:07:29       125200    661984    991396     50.82     15344    664128   2042400    104.70    839684    733332        96
07:07:30       125200    661984    991392     50.82     15344    664132   2042400    104.70    839684    733332       100
07:07:31       125200    661984    991392     50.82     15344    664132   2042400    104.70    839684    733332       100
07:07:32       125200    661984    991392     50.82     15344    664132   2042400    104.70    839684    733332       100
07:07:33       125200    661984    991392     50.82     15344    664132   2042400    104.70    839684    733332       100
07:07:34       125200    661984    991392     50.82     15344    664132   2042400    104.70    839684    733332       100
07:07:35       125200    661984    991392     50.82     15344    664132   2042464    104.70    839684    733332       100
07:07:36       125200    661984    991392     50.82     15344    664132   2042464    104.70    839684    733332       100
07:07:37       125200    661984    991392     50.82     15344    664132   2042464    104.70    839684    733332       100
07:07:38       125200    661984    991392     50.82     15344    664132   2042464    104.70    839684    733332       100
07:07:39       125200    661984    991392     50.82     15344    664132   2042464    104.70    839684    733332       100
07:07:40       125200    661984    991388     50.82     15344    664136   2042464    104.70    839684    733332       104
07:07:41       125200    661984    991388     50.82     15344    664136   2042464    104.70    839684    733332       104
07:07:42       125200    661984    991388     50.82     15344    664136   2042464    104.70    839684    733332       104
07:07:43       125200    661984    991388     50.82     15344    664136   2042464    104.70    839684    733332       104
07:07:44       125200    661984    991388     50.82     15344    664136   2042464    104.70    839684    733332       104
07:07:45       125200    661984    991388     50.82     15344    664136   2042464    104.70    839684    733332       104
07:07:46       125200    661984    991388     50.82     15344    664136   2042464    104.70    839684    733332       104
07:07:47       125200    661984    991388     50.82     15344    664136   2042464    104.70    839684    733332       104
07:07:48       125200    661992    991364     50.82     15368    664136   2042464    104.70    839696    733340       104
07:07:49       125200    662020    991364     50.82     15368    664136   2042464    104.70    839700    733368        24
07:07:50       125200    662020    991360     50.82     15368    664140   2042464    104.70    839700    733368        28
07:07:51       125200    662020    991360     50.82     15368    664140   2042464    104.70    839700    733368        28
07:07:52       125200    662024    991360     50.82     15368    664140   2042464    104.70    839704    733372         0
07:07:53       125200    662024    991360     50.82     15368    664140   2042464    104.70    839704    733372        12
07:07:54       125200    662024    991360     50.82     15368    664140   2042464    104.70    839704    733372        12
07:07:55       125200    662024    991360     50.82     15368    664140   2042464    104.70    839704    733372        12
07:07:56       125200    662024    991356     50.82     15368    664144   2042464    104.70    839704    733372        16
07:07:57       125200    662024    991356     50.82     15368    664144   2042464    104.70    839704    733372        16
07:07:58       125200    662024    991356     50.82     15368    664144   2042464    104.70    839704    733372        16
07:07:59       125200    662024    991356     50.82     15368    664144   2042464    104.70    839704    733372        16
07:08:00       125200    662024    991356     50.82     15368    664144   2042464    104.70    839704    733372        16
07:08:01       125200    662024    991356     50.82     15368    664144   2042464    104.70    839704    733372        16
07:08:02       125200    662024    991356     50.82     15368    664144   2042464    104.70    839704    733372        16
07:08:03       125200    662024    991356     50.82     15368    664144   2042464    104.70    839704    733372        16


Average:       157371    694148    959234     49.17     15340    664129   2010908    103.08    807984    733328        51
