Linux 7.0.0-1008-aws (ip-172-31-31-224) 	08/07/26 	_x86_64_	(2 CPU)

07:06:49        IFACE   rxpck/s   txpck/s    rxkB/s    txkB/s   rxcmp/s   txcmp/s  rxmcst/s   %ifutil
07:06:50         ens5     60.00     60.00      4.80      7.01      0.00      0.00      0.00      0.00

07:06:50        IFACE   rxpck/s   txpck/s    rxkB/s    txkB/s   rxcmp/s   txcmp/s  rxmcst/s   %ifutil
07:06:51         ens5     54.00     54.00      4.46      5.98      0.00      0.00      0.00      0.00

07:06:51        IFACE   rxpck/s   txpck/s    rxkB/s    txkB/s   rxcmp/s   txcmp/s  rxmcst/s   %ifutil
07:06:52         ens5     38.00     39.00      2.98      4.89      0.00      0.00      0.00      0.00

07:06:52        IFACE   rxpck/s   txpck/s    rxkB/s    txkB/s   rxcmp/s   txcmp/s  rxmcst/s   %ifutil
07:06:53         ens5      7.00      7.00      0.36      1.49      0.00      0.00      0.00      0.00

07:06:53        IFACE   rxpck/s   txpck/s    rxkB/s    txkB/s   rxcmp/s   txcmp/s  rxmcst/s   %ifutil
07:06:54         ens5      5.00      5.00      0.23      0.92      0.00      0.00      0.00      0.00

07:06:54        IFACE   rxpck/s   txpck/s    rxkB/s    txkB/s   rxcmp/s   txcmp/s  rxmcst/s   %ifutil
07:06:55         ens5     11.00     11.00      0.56      2.30      0.00      0.00      0.00      0.00

07:06:55        IFACE   rxpck/s   txpck/s    rxkB/s    txkB/s   rxcmp/s   txcmp/s  rxmcst/s   %ifutil
07:06:56         ens5      7.00      7.00      0.38      1.25      0.00      0.00      0.00      0.00

07:06:56        IFACE   rxpck/s   txpck/s    rxkB/s    txkB/s   rxcmp/s   txcmp/s  rxmcst/s   %ifutil
07:06:57         ens5      5.00      5.00      0.25      1.05      0.00      0.00      0.00      0.00

07:06:57        IFACE   rxpck/s   txpck/s    rxkB/s    txkB/s   rxcmp/s   txcmp/s  rxmcst/s   %ifutil
07:06:58         ens5      0.00      0.00      0.00      0.00      0.00      0.00      0.00      0.00

07:06:58        IFACE   rxpck/s   txpck/s    rxkB/s    txkB/s   rxcmp/s   txcmp/s  rxmcst/s   %ifutil
07:06:59         ens5     63.00     54.00      3.81     22.22      0.00      0.00      0.00      0.00

07:06:59        IFACE   rxpck/s   txpck/s    rxkB/s    txkB/s   rxcmp/s   txcmp/s  rxmcst/s   %ifutil
07:07:00         ens5    101.00     89.00      6.17     32.89      0.00      0.00      0.00      0.00

07:07:00        IFACE   rxpck/s   txpck/s    rxkB/s    txkB/s   rxcmp/s   txcmp/s  rxmcst/s   %ifutil
07:07:01         ens5    110.00     92.00      6.63     33.10      0.00      0.00      0.00      0.00

07:07:01        IFACE   rxpck/s   txpck/s    rxkB/s    txkB/s   rxcmp/s   txcmp/s  rxmcst/s   %ifutil
07:07:02         ens5     86.00     76.00      5.26     28.43      0.00      0.00      0.00      0.00

07:07:02        IFACE   rxpck/s   txpck/s    rxkB/s    txkB/s   rxcmp/s   txcmp/s  rxmcst/s   %ifutil
07:07:03         ens5    109.00     91.00      6.58     33.02      0.00      0.00      0.00      0.00

07:07:03        IFACE   rxpck/s   txpck/s    rxkB/s    txkB/s   rxcmp/s   txcmp/s  rxmcst/s   %ifutil
07:07:04         ens5    112.00     96.00      6.80     35.16      0.00      0.00      0.00      0.00

07:07:04        IFACE   rxpck/s   txpck/s    rxkB/s    txkB/s   rxcmp/s   txcmp/s  rxmcst/s   %ifutil
07:07:05         ens5    112.00     96.00      6.80     35.16      0.00      0.00      0.00      0.00

07:07:05        IFACE   rxpck/s   txpck/s    rxkB/s    txkB/s   rxcmp/s   txcmp/s  rxmcst/s   %ifutil
07:07:06         ens5    112.00     96.00      6.81     35.29      0.00      0.00      0.00      0.00

07:07:06        IFACE   rxpck/s   txpck/s    rxkB/s    txkB/s   rxcmp/s   txcmp/s  rxmcst/s   %ifutil
07:07:07         ens5    112.00     96.00      6.81     35.33      0.00      0.00      0.00      0.00

07:07:07        IFACE   rxpck/s   txpck/s    rxkB/s    txkB/s   rxcmp/s   txcmp/s  rxmcst/s   %ifutil
07:07:08         ens5    112.00     96.00      6.81     35.32      0.00      0.00      0.00      0.00

07:07:08        IFACE   rxpck/s   txpck/s    rxkB/s    txkB/s   rxcmp/s   txcmp/s  rxmcst/s   %ifutil
07:07:09         ens5    112.00     96.00      6.81     35.30      0.00      0.00      0.00      0.00

07:07:09        IFACE   rxpck/s   txpck/s    rxkB/s    txkB/s   rxcmp/s   txcmp/s  rxmcst/s   %ifutil
07:07:10         ens5    112.00     96.00      6.81     35.28      0.00      0.00      0.00      0.00

07:07:10        IFACE   rxpck/s   txpck/s    rxkB/s    txkB/s   rxcmp/s   txcmp/s  rxmcst/s   %ifutil
07:07:11         ens5    111.00     96.00      6.76     35.30      0.00      0.00      0.00      0.00

07:07:11        IFACE   rxpck/s   txpck/s    rxkB/s    txkB/s   rxcmp/s   txcmp/s  rxmcst/s   %ifutil
07:07:12         ens5    113.00     97.00      6.89     35.38      0.00      0.00      0.00      0.00

07:07:12        IFACE   rxpck/s   txpck/s    rxkB/s    txkB/s   rxcmp/s   txcmp/s  rxmcst/s   %ifutil
07:07:13         ens5    109.00     95.00      6.66     35.25      0.00      0.00      0.00      0.00

07:07:13        IFACE   rxpck/s   txpck/s    rxkB/s    txkB/s   rxcmp/s   txcmp/s  rxmcst/s   %ifutil
07:07:14         ens5    110.00     92.00      6.65     33.22      0.00      0.00      0.00      0.00

07:07:14        IFACE   rxpck/s   txpck/s    rxkB/s    txkB/s   rxcmp/s   txcmp/s  rxmcst/s   %ifutil
07:07:15         ens5    112.00     96.00      6.81     35.31      0.00      0.00      0.00      0.00

07:07:15        IFACE   rxpck/s   txpck/s    rxkB/s    txkB/s   rxcmp/s   txcmp/s  rxmcst/s   %ifutil
07:07:16         ens5    111.00     95.00      6.75     35.23      0.00      0.00      0.00      0.00

07:07:16        IFACE   rxpck/s   txpck/s    rxkB/s    txkB/s   rxcmp/s   txcmp/s  rxmcst/s   %ifutil
07:07:17         ens5    113.00     97.00      6.87     35.38      0.00      0.00      0.00      0.00

07:07:17        IFACE   rxpck/s   txpck/s    rxkB/s    txkB/s   rxcmp/s   txcmp/s  rxmcst/s   %ifutil
07:07:18         ens5    111.00     95.00      6.75     35.21      0.00      0.00      0.00      0.00

07:07:18        IFACE   rxpck/s   txpck/s    rxkB/s    txkB/s   rxcmp/s   txcmp/s  rxmcst/s   %ifutil
07:07:19         ens5    113.00     96.00      6.90     35.30      0.00      0.00      0.00      0.00

07:07:19        IFACE   rxpck/s   txpck/s    rxkB/s    txkB/s   rxcmp/s   txcmp/s  rxmcst/s   %ifutil
07:07:20         ens5    111.00     96.00      6.76     35.30      0.00      0.00      0.00      0.00

07:07:20        IFACE   rxpck/s   txpck/s    rxkB/s    txkB/s   rxcmp/s   txcmp/s  rxmcst/s   %ifutil
07:07:21         ens5    112.00     96.00      6.81     35.30      0.00      0.00      0.00      0.00

07:07:21        IFACE   rxpck/s   txpck/s    rxkB/s    txkB/s   rxcmp/s   txcmp/s  rxmcst/s   %ifutil
07:07:22         ens5    112.00     96.00      6.81     35.29      0.00      0.00      0.00      0.00

07:07:22        IFACE   rxpck/s   txpck/s    rxkB/s    txkB/s   rxcmp/s   txcmp/s  rxmcst/s   %ifutil
07:07:23         ens5    109.00     95.00      6.66     35.25      0.00      0.00      0.00      0.00

07:07:23        IFACE   rxpck/s   txpck/s    rxkB/s    txkB/s   rxcmp/s   txcmp/s  rxmcst/s   %ifutil
07:07:24         ens5    112.00     96.00      6.81     35.30      0.00      0.00      0.00      0.00

07:07:24        IFACE   rxpck/s   txpck/s    rxkB/s    txkB/s   rxcmp/s   txcmp/s  rxmcst/s   %ifutil
07:07:25         ens5    112.00     96.00      6.81     35.28      0.00      0.00      0.00      0.00

07:07:25        IFACE   rxpck/s   txpck/s    rxkB/s    txkB/s   rxcmp/s   txcmp/s  rxmcst/s   %ifutil
07:07:26         ens5    112.00     96.00      6.81     35.30      0.00      0.00      0.00      0.00

07:07:26        IFACE   rxpck/s   txpck/s    rxkB/s    txkB/s   rxcmp/s   txcmp/s  rxmcst/s   %ifutil
07:07:27         ens5    109.00     91.00      6.59     33.17      0.00      0.00      0.00      0.00

07:07:27        IFACE   rxpck/s   txpck/s    rxkB/s    txkB/s   rxcmp/s   txcmp/s  rxmcst/s   %ifutil
07:07:28         ens5    113.00     97.00      6.89     35.40      0.00      0.00      0.00      0.00

07:07:28        IFACE   rxpck/s   txpck/s    rxkB/s    txkB/s   rxcmp/s   txcmp/s  rxmcst/s   %ifutil
07:07:29         ens5    112.00     96.00      6.81     35.32      0.00      0.00      0.00      0.00

07:07:29        IFACE   rxpck/s   txpck/s    rxkB/s    txkB/s   rxcmp/s   txcmp/s  rxmcst/s   %ifutil
07:07:30         ens5    112.00     96.00      6.81     35.30      0.00      0.00      0.00      0.00

07:07:30        IFACE   rxpck/s   txpck/s    rxkB/s    txkB/s   rxcmp/s   txcmp/s  rxmcst/s   %ifutil
07:07:31         ens5    111.00     96.00      6.76     35.28      0.00      0.00      0.00      0.00

07:07:31        IFACE   rxpck/s   txpck/s    rxkB/s    txkB/s   rxcmp/s   txcmp/s  rxmcst/s   %ifutil
07:07:32         ens5    112.00     96.00      6.81     35.31      0.00      0.00      0.00      0.00

07:07:32        IFACE   rxpck/s   txpck/s    rxkB/s    txkB/s   rxcmp/s   txcmp/s  rxmcst/s   %ifutil
07:07:33         ens5    109.00     95.00      6.66     35.23      0.00      0.00      0.00      0.00

07:07:33        IFACE   rxpck/s   txpck/s    rxkB/s    txkB/s   rxcmp/s   txcmp/s  rxmcst/s   %ifutil
07:07:34         ens5    112.00     96.00      6.81     35.30      0.00      0.00      0.00      0.00

07:07:34        IFACE   rxpck/s   txpck/s    rxkB/s    txkB/s   rxcmp/s   txcmp/s  rxmcst/s   %ifutil
07:07:35         ens5    112.00     96.00      6.81     35.31      0.00      0.00      0.00      0.00

07:07:35        IFACE   rxpck/s   txpck/s    rxkB/s    txkB/s   rxcmp/s   txcmp/s  rxmcst/s   %ifutil
07:07:36         ens5    110.00     92.00      6.65     33.23      0.00      0.00      0.00      0.00

07:07:36        IFACE   rxpck/s   txpck/s    rxkB/s    txkB/s   rxcmp/s   txcmp/s  rxmcst/s   %ifutil
07:07:37         ens5    112.00     96.00      6.81     35.29      0.00      0.00      0.00      0.00

07:07:37        IFACE   rxpck/s   txpck/s    rxkB/s    txkB/s   rxcmp/s   txcmp/s  rxmcst/s   %ifutil
07:07:38         ens5    113.00     97.00      6.86     35.43      0.00      0.00      0.00      0.00

07:07:38        IFACE   rxpck/s   txpck/s    rxkB/s    txkB/s   rxcmp/s   txcmp/s  rxmcst/s   %ifutil
07:07:39         ens5    111.00     95.00      6.75     35.24      0.00      0.00      0.00      0.00

07:07:39        IFACE   rxpck/s   txpck/s    rxkB/s    txkB/s   rxcmp/s   txcmp/s  rxmcst/s   %ifutil
07:07:40         ens5    111.00     96.00      6.76     35.30      0.00      0.00      0.00      0.00

07:07:40        IFACE   rxpck/s   txpck/s    rxkB/s    txkB/s   rxcmp/s   txcmp/s  rxmcst/s   %ifutil
07:07:41         ens5    109.00     95.00      6.66     35.23      0.00      0.00      0.00      0.00

07:07:41        IFACE   rxpck/s   txpck/s    rxkB/s    txkB/s   rxcmp/s   txcmp/s  rxmcst/s   %ifutil
07:07:42         ens5    113.00     97.00      6.86     35.39      0.00      0.00      0.00      0.00

07:07:42        IFACE   rxpck/s   txpck/s    rxkB/s    txkB/s   rxcmp/s   txcmp/s  rxmcst/s   %ifutil
07:07:43         ens5    113.00     96.00      6.90     35.32      0.00      0.00      0.00      0.00

07:07:43        IFACE   rxpck/s   txpck/s    rxkB/s    txkB/s   rxcmp/s   txcmp/s  rxmcst/s   %ifutil
07:07:44         ens5    111.00     93.00      6.72     33.32      0.00      0.00      0.00      0.00

07:07:44        IFACE   rxpck/s   txpck/s    rxkB/s    txkB/s   rxcmp/s   txcmp/s  rxmcst/s   %ifutil
07:07:45         ens5    114.00    100.00      6.98     37.39      0.00      0.00      0.00      0.00

07:07:45        IFACE   rxpck/s   txpck/s    rxkB/s    txkB/s   rxcmp/s   txcmp/s  rxmcst/s   %ifutil
07:07:46         ens5    110.00     92.00      6.65     33.23      0.00      0.00      0.00      0.00

07:07:46        IFACE   rxpck/s   txpck/s    rxkB/s    txkB/s   rxcmp/s   txcmp/s  rxmcst/s   %ifutil
07:07:47         ens5    111.00     95.00      6.75     35.23      0.00      0.00      0.00      0.00

07:07:47        IFACE   rxpck/s   txpck/s    rxkB/s    txkB/s   rxcmp/s   txcmp/s  rxmcst/s   %ifutil
07:07:48         ens5    112.00     96.00      6.81     35.29      0.00      0.00      0.00      0.00

07:07:48        IFACE   rxpck/s   txpck/s    rxkB/s    txkB/s   rxcmp/s   txcmp/s  rxmcst/s   %ifutil
07:07:49         ens5    112.00     96.00      6.81     35.31      0.00      0.00      0.00      0.00

07:07:49        IFACE   rxpck/s   txpck/s    rxkB/s    txkB/s   rxcmp/s   txcmp/s  rxmcst/s   %ifutil
07:07:50         ens5    112.00     96.00      6.81     35.30      0.00      0.00      0.00      0.00

07:07:50        IFACE   rxpck/s   txpck/s    rxkB/s    txkB/s   rxcmp/s   txcmp/s  rxmcst/s   %ifutil
07:07:51         ens5    112.00     96.00      6.81     35.27      0.00      0.00      0.00      0.00

07:07:51        IFACE   rxpck/s   txpck/s    rxkB/s    txkB/s   rxcmp/s   txcmp/s  rxmcst/s   %ifutil
07:07:52         ens5    112.00     96.00      6.81     35.30      0.00      0.00      0.00      0.00

07:07:52        IFACE   rxpck/s   txpck/s    rxkB/s    txkB/s   rxcmp/s   txcmp/s  rxmcst/s   %ifutil
07:07:53         ens5    111.00     96.00      6.76     35.29      0.00      0.00      0.00      0.00

07:07:53        IFACE   rxpck/s   txpck/s    rxkB/s    txkB/s   rxcmp/s   txcmp/s  rxmcst/s   %ifutil
07:07:54         ens5    109.00     95.00      6.66     35.21      0.00      0.00      0.00      0.00

07:07:54        IFACE   rxpck/s   txpck/s    rxkB/s    txkB/s   rxcmp/s   txcmp/s  rxmcst/s   %ifutil
07:07:55         ens5    113.00     97.00      6.84     35.34      0.00      0.00      0.00      0.00

07:07:55        IFACE   rxpck/s   txpck/s    rxkB/s    txkB/s   rxcmp/s   txcmp/s  rxmcst/s   %ifutil
07:07:56         ens5    112.00     96.00      6.81     35.31      0.00      0.00      0.00      0.00

07:07:56        IFACE   rxpck/s   txpck/s    rxkB/s    txkB/s   rxcmp/s   txcmp/s  rxmcst/s   %ifutil
07:07:57         ens5    110.00     92.00      6.65     33.23      0.00      0.00      0.00      0.00

07:07:57        IFACE   rxpck/s   txpck/s    rxkB/s    txkB/s   rxcmp/s   txcmp/s  rxmcst/s   %ifutil
07:07:58         ens5    114.00    100.00      6.98     37.36      0.00      0.00      0.00      0.00

07:07:58        IFACE   rxpck/s   txpck/s    rxkB/s    txkB/s   rxcmp/s   txcmp/s  rxmcst/s   %ifutil
07:07:59         ens5    115.00     97.00      6.96     35.35      0.00      0.00      0.00      0.00

07:07:59        IFACE   rxpck/s   txpck/s    rxkB/s    txkB/s   rxcmp/s   txcmp/s  rxmcst/s   %ifutil
07:08:00         ens5    106.00     91.00      6.46     33.18      0.00      0.00      0.00      0.00

07:08:00        IFACE   rxpck/s   txpck/s    rxkB/s    txkB/s   rxcmp/s   txcmp/s  rxmcst/s   %ifutil
07:08:01         ens5    109.00     95.00      6.66     35.26      0.00      0.00      0.00      0.00

07:08:01        IFACE   rxpck/s   txpck/s    rxkB/s    txkB/s   rxcmp/s   txcmp/s  rxmcst/s   %ifutil
07:08:02         ens5     88.00     73.00      5.31     26.55      0.00      0.00      0.00      0.00

07:08:02        IFACE   rxpck/s   txpck/s    rxkB/s    txkB/s   rxcmp/s   txcmp/s  rxmcst/s   %ifutil
07:08:03         ens5      0.00      0.00      0.00      0.00      0.00      0.00      0.00      0.00


Average:        IFACE   rxpck/s   txpck/s    rxkB/s    txkB/s   rxcmp/s   txcmp/s  rxmcst/s   %ifutil
Average:         ens5     97.43     83.88      5.96     30.24      0.00      0.00      0.00      0.00
