Linux 7.0.0-1008-aws (ip-172-31-31-224) 	08/07/26 	_x86_64_	(2 CPU)

07:05:17        CPU     %user     %nice   %system   %iowait    %steal     %idle
07:05:18        all     52.76      0.00      4.02      0.00      0.00     43.22
07:05:19        all     50.00      0.00      3.54      0.00      0.00     46.46
07:05:20        all     50.51      0.00      3.03      0.00      0.00     46.46
07:05:21        all     48.74      0.00      4.02      0.00      0.00     47.24
07:05:22        all     49.75      0.00      4.02      0.00      0.00     46.23
07:05:23        all     50.75      0.00      2.01      0.00      0.00     47.24
07:05:24        all     51.76      0.00      3.02      0.00      0.00     45.23
07:05:25        all     27.78      0.00      4.04      0.00      0.00     68.18
07:05:26        all      0.50      0.00      0.50      0.00      0.00     99.00
07:05:27        all      0.50      0.00      0.50      0.00      0.00     98.99
07:05:28        all      0.00      0.00      0.51      0.00      0.00     99.49
07:05:29        all      0.50      0.00      1.01      0.00      0.00     98.49
07:05:30        all      1.01      0.00      0.00      0.00      0.00     98.99
07:05:31        all      0.50      0.00      0.50      0.00      0.00     98.99
07:05:32        all      0.00      0.00      0.51      0.00      0.00     99.49
07:05:33        all      1.00      0.00      0.50      0.00      0.00     98.50
07:05:34        all      0.51      0.00      0.00      0.00      0.00     99.49
07:05:35        all      0.50      0.00      0.50      0.00      0.00     99.00
07:05:36        all      0.00      0.00      0.51      0.00      0.00     99.49
07:05:37        all      0.50      0.00      0.50      0.00      0.50     98.50
07:05:38        all      1.01      0.00      0.50      0.00      0.00     98.49
07:05:39        all      0.00      0.00      0.00      0.00      0.51     99.49
07:05:40        all      0.00      0.00      0.00      0.00      0.00    100.00
07:05:41        all      0.50      0.00      0.50      0.00      0.00     98.99
07:05:42        all      0.50      0.00      1.00      0.00      0.00     98.50
07:05:43        all      0.51      0.00      0.00      0.00      0.00     99.49
07:05:44        all      0.50      0.00      0.50      0.00      0.00     99.00
07:05:45        all      1.01      0.00      0.50      0.00      0.00     98.49
07:05:46        all      0.00      0.00      1.01      0.00      0.00     98.99
07:05:47        all      1.01      0.00      0.00      0.51      0.00     98.48
07:05:48        all      1.01      0.00      0.50      0.00      0.00     98.49
07:05:49        all      0.00      0.00      0.50      0.00      0.00     99.50
07:05:50        all      0.51      0.00      0.00      0.00      0.00     99.49
07:05:51        all      0.50      0.00      1.00      0.00      0.00     98.50
07:05:52        all      0.50      0.00      0.50      0.00      0.00     98.99
07:05:53        all      0.50      0.00      0.50      0.00      0.00     98.99
07:05:54        all      0.51      0.00      0.51      0.00      0.00     98.99
07:05:55        all      0.00      0.00      0.50      0.00      0.00     99.50
07:05:56        all      1.01      0.00      0.50      0.00      0.00     98.49
07:05:57        all      0.00      0.00      0.00      0.00      0.00    100.00
07:05:58        all      1.00      0.00      0.50      0.00      0.00     98.50
07:05:59        all      0.51      0.00      0.51      0.00      0.00     98.99
07:06:00        all      0.50      0.00      0.50      0.00      0.00     98.99
07:06:01        all      0.00      0.00      0.00      0.00      0.00    100.00
07:06:02        all      1.00      0.00      0.00      0.00      0.00     99.00
07:06:03        all      0.00      0.00      0.51      0.00      0.00     99.49
07:06:04        all      0.00      0.00      1.01      0.00      0.00     98.99
07:06:05        all      1.00      0.00      1.00      0.00      0.50     97.51
07:06:06        all      0.00      0.00      0.00      0.00      0.00    100.00
07:06:07        all      0.51      0.00      0.00      0.00      0.00     99.49
07:06:08        all      0.50      0.00      1.01      0.00      0.00     98.49
07:06:09        all      0.50      0.00      0.50      0.00      0.00     99.00
07:06:10        all      0.51      0.00      0.00      0.00      0.00     99.49
07:06:11        all      0.50      0.00      1.00      0.00      0.00     98.50
07:06:12        all      0.00      0.00      0.00      0.00      0.00    100.00
07:06:13        all      0.50      0.00      1.01      0.00      0.00     98.49
07:06:14        all      0.50      0.00      0.50      0.00      0.00     98.99
07:06:15        all      0.51      0.00      0.00      0.00      0.00     99.49
07:06:16        all      0.00      0.00      1.01      0.00      0.00     98.99
07:06:17        all      0.51      0.00      0.00      0.51      0.00     98.98
07:06:18        all      1.00      0.00      0.50      0.00      0.00     98.50
07:06:19        all      0.00      0.00      1.01      0.00      0.00     98.99
07:06:20        all      0.51      0.00      0.00      0.00      0.00     99.49
07:06:21        all      1.00      0.00      1.00      0.00      0.00     98.01
07:06:22        all      0.00      0.00      0.00      0.00      0.00    100.00
07:06:23        all      0.00      0.00      0.51      0.00      0.00     99.49
07:06:24        all      0.99      0.00      1.49      0.00      0.00     97.52
07:06:25        all      0.00      0.00      0.51      0.00      0.51     98.99
07:06:26        all      0.00      0.00      0.00      0.00      0.00    100.00
07:06:27        all      6.06      0.00      0.00      0.00      0.00     93.94
07:06:28        all      0.00      0.00      0.50      0.00      0.00     99.50


Average:        all      5.85      0.00      0.79      0.01      0.03     93.31
