Linux 7.0.0-1008-aws (ip-172-31-31-224) 	08/07/26 	_x86_64_	(2 CPU)

07:05:17    kbmemfree   kbavail kbmemused  %memused kbbuffers  kbcached  kbcommit   %commit  kbactive   kbinact   kbdirty
07:05:18       713620   1250252    403140     20.67     15244    664080   1460940     74.89    256576    734836        64
07:05:19       635248   1171880    481512     24.68     15244    664080   1536132     78.74    333304    734836        60
07:05:20       570736   1107368    546024     27.99     15244    664080   1607132     82.38    401760    734836        60
07:05:21       458344    994976    658416     33.75     15244    664080   1719896     88.16    513032    734836        60
07:05:22       345448    882080    771312     39.54     15244    664080   1827872     93.70    625204    734836        60
07:05:23       313444    850076    803316     41.18     15244    664080   1862348     95.47    656192    734836        60
07:05:24       248932    785564    867828     44.49     15244    664080   1929044     98.89    723412    734836        60
07:05:25       119908    656540    996852     51.10     15244    664080   2053860    105.28    849892    734836        60
07:05:26       119908    656540    996852     51.10     15244    664080   2053860    105.28    850016    734836        60
07:05:27       119908    656540    996852     51.10     15244    664080   2053860    105.28    850140    734836        60
07:05:28       119908    656540    996852     51.10     15244    664080   2053860    105.28    850140    734836        60
07:05:29       119908    656540    996852     51.10     15244    664080   2053860    105.28    850264    734836        60
07:05:30       119908    656540    996852     51.10     15244    664080   2053860    105.28    850388    734836        60
07:05:31       119908    656540    996852     51.10     15244    664080   2053860    105.28    850512    734836        60
07:05:32       119908    656540    996852     51.10     15244    664080   2057956    105.49    850512    734836        60
07:05:33       119908    656540    996852     51.10     15244    664080   2057956    105.49    850760    734836        60
07:05:34       119908    656540    996852     51.10     15244    664080   2057956    105.49    850760    734836        60
07:05:35       119908    656540    996852     51.10     15244    664080   2057956    105.49    850884    734836        60
07:05:36       119908    656540    996852     51.10     15244    664080   2057956    105.49    851052    734836        60
07:05:37       111844    648476   1004916     51.51     15244    664080   2057956    105.49    851132    734836        60
07:05:38       111844    648480   1004912     51.51     15244    664084   2057956    105.49    851252    734840        64
07:05:39       111844    648480   1004912     51.51     15244    664084   2057956    105.49    851252    734840        64
07:05:40       111844    648480   1004912     51.51     15244    664084   2057956    105.49    851420    734840        64
07:05:41       111844    648480   1004912     51.51     15244    664084   2057956    105.49    851500    734840        64
07:05:42       111844    648480   1004912     51.51     15244    664084   2057956    105.49    851584    734840        64
07:05:43       111844    648480   1004912     51.51     15244    664084   2057956    105.49    851748    734840        64
07:05:44       111844    648480   1004912     51.51     15244    664084   2057956    105.49    851872    734840        64
07:05:45       111844    648480   1004912     51.51     15244    664084   2057956    105.49    851996    734840        64
07:05:46       111844    648480   1004912     51.51     15244    664084   2057956    105.49    851996    734840        64
07:05:47       111844    648504   1004888     51.51     15268    664084   2057956    105.49    852216    734864        96
07:05:48       111844    648504   1004888     51.51     15268    664084   2058020    105.50    852216    734864        96
07:05:49       111844    648504   1004888     51.51     15268    664084   2058020    105.50    852272    734864        16
07:05:50       111844    648504   1004888     51.51     15268    664084   2058020    105.50    852272    734864        16
07:05:51       111844    648508   1004884     51.51     15268    664088   2058020    105.50    852588    734868        16
07:05:52       111844    648508   1004884     51.51     15268    664088   2058020    105.50    852588    734868        16
07:05:53       111844    648508   1004884     51.51     15268    664088   2058020    105.50    852712    734868        16
07:05:54       111844    648508   1004884     51.51     15268    664088   2058020    105.50    852796    734868        16
07:05:55       111844    648508   1004884     51.51     15268    664088   2058020    105.50    852960    734868        16
07:05:56       111844    648508   1004884     51.51     15268    664088   2058020    105.50    853044    734868        16
07:05:57       111844    648508   1004884     51.51     15268    664088   2058020    105.50    853084    734868        16
07:05:58       111844    648508   1004880     51.51     15268    664092   2058020    105.50    853168    734868        20
07:05:59       111844    648512   1004880     51.51     15268    664092   2058020    105.50    853328    734872        20
07:06:00       111844    648512   1004880     51.51     15268    664092   2058020    105.50    853412    734872        20
07:06:01       111844    648512   1004880     51.51     15268    664092   2058020    105.50    853452    734872        20
07:06:02       111844    648512   1004880     51.51     15268    664092   2058020    105.50    853452    734872        20
07:06:03       111844    648512   1004880     51.51     15268    664092   2058020    105.50    853700    734872        20
07:06:04       111844    648512   1004880     51.51     15268    664092   2058020    105.50    853700    734872        20
07:06:05       111844    648516   1004876     51.51     15268    664096   2058020    105.50    854192    734876        20
07:06:06       111844    648516   1004876     51.51     15268    664096   2058020    105.50    854276    734876        20
07:06:07       111844    648516   1004872     51.51     15268    664100   2058020    105.50    854440    734876        24
07:06:08       111844    648516   1004872     51.51     15268    664100   2058020    105.50    854524    734876        24
07:06:09       111844    648516   1004872     51.51     15268    664100   2058020    105.50    854564    734876        24
07:06:10       111844    648516   1004872     51.51     15268    664100   2058020    105.50    854648    734876        24
07:06:11       111844    648520   1004872     51.51     15268    664100   2058020    105.50    854808    734880        24
07:06:12       111844    648520   1004872     51.51     15268    664100   2058020    105.50    854808    734880        24
07:06:13       111844    648520   1004872     51.51     15268    664100   2058020    105.50    854932    734880        24
07:06:14       111844    648520   1004872     51.51     15268    664100   2058020    105.50    855100    734880        24
07:06:15       111844    648520   1004872     51.51     15268    664100   2062116    105.71    855180    734880        24
07:06:16       111844    648520   1004872     51.51     15268    664100   2062116    105.71    855348    734880        24
07:06:17       111844    648520   1004848     51.51     15292    664100   2062116    105.71    855436    734880        64
07:06:18       111844    648520   1004844     51.51     15292    664104   2062116    105.71    855520    734880        68
07:06:19       111844    648548   1004844     51.51     15292    664104   2062116    105.71    855704    734908        44
07:06:20       111844    648548   1004844     51.51     15292    664104   2062116    105.71    855872    734908        52
07:06:21       111844    648548   1004844     51.51     15292    664104   2062116    105.71    856200    734908        52
07:06:22       111844    648548   1004844     51.51     15292    664104   2062116    105.71    856200    734908        52
07:06:23       111844    648548   1004844     51.51     15292    664104   2062116    105.71    856572    734908        52
07:06:24       111844    648548   1004840     51.51     15292    664108   2062116    105.71    856656    734908        56
07:06:25       111844    648552   1004840     51.51     15292    664108   2062116    105.71    856816    734912        56
07:06:26       111844    648552   1004840     51.51     15292    664108   2062116    105.71    856984    734912        56
07:06:27       111844    648552   1004840     51.51     15292    664108   2062244    105.71    857560    734912        56
07:06:28       111844    648552   1004840     51.51     15292    664108   2062244    105.71    857644    734912        56


Average:       148459    685118    968273     49.63     15262    664090   2023720    103.74    818556    734863        45
