Linux 7.0.0-1008-aws (ip-172-31-31-224) 	08/07/26 	_x86_64_	(2 CPU)

07:05:17        IFACE   rxpck/s   txpck/s    rxkB/s    txkB/s   rxcmp/s   txcmp/s  rxmcst/s   %ifutil
07:05:18         ens5     59.00     59.00      4.71      6.90      0.00      0.00      0.00      0.00

07:05:18        IFACE   rxpck/s   txpck/s    rxkB/s    txkB/s   rxcmp/s   txcmp/s  rxmcst/s   %ifutil
07:05:19         ens5     52.00     52.00      4.29      5.78      0.00      0.00      0.00      0.00

07:05:19        IFACE   rxpck/s   txpck/s    rxkB/s    txkB/s   rxcmp/s   txcmp/s  rxmcst/s   %ifutil
07:05:20         ens5     27.00     26.00      1.97      3.60      0.00      0.00      0.00      0.00

07:05:20        IFACE   rxpck/s   txpck/s    rxkB/s    txkB/s   rxcmp/s   txcmp/s  rxmcst/s   %ifutil
07:05:21         ens5      8.00      8.00      0.41      1.72      0.00      0.00      0.00      0.00

07:05:21        IFACE   rxpck/s   txpck/s    rxkB/s    txkB/s   rxcmp/s   txcmp/s  rxmcst/s   %ifutil
07:05:22         ens5      3.00      3.00      0.15      0.66      0.00      0.00      0.00      0.00

07:05:22        IFACE   rxpck/s   txpck/s    rxkB/s    txkB/s   rxcmp/s   txcmp/s  rxmcst/s   %ifutil
07:05:23         ens5     12.00     12.00      0.61      2.40      0.00      0.00      0.00      0.00

07:05:23        IFACE   rxpck/s   txpck/s    rxkB/s    txkB/s   rxcmp/s   txcmp/s  rxmcst/s   %ifutil
07:05:24         ens5      5.00      5.00      0.25      1.10      0.00      0.00      0.00      0.00

07:05:24        IFACE   rxpck/s   txpck/s    rxkB/s    txkB/s   rxcmp/s   txcmp/s  rxmcst/s   %ifutil
07:05:25         ens5      5.00      5.00      0.25      1.05      0.00      0.00      0.00      0.00

07:05:25        IFACE   rxpck/s   txpck/s    rxkB/s    txkB/s   rxcmp/s   txcmp/s  rxmcst/s   %ifutil
07:05:26         ens5     57.00     42.00      3.43     11.62      0.00      0.00      0.00      0.00

07:05:26        IFACE   rxpck/s   txpck/s    rxkB/s    txkB/s   rxcmp/s   txcmp/s  rxmcst/s   %ifutil
07:05:27         ens5    113.00     81.00      6.85     21.37      0.00      0.00      0.00      0.00

07:05:27        IFACE   rxpck/s   txpck/s    rxkB/s    txkB/s   rxcmp/s   txcmp/s  rxmcst/s   %ifutil
07:05:28         ens5    118.00     84.00      7.16     22.57      0.00      0.00      0.00      0.00

07:05:28        IFACE   rxpck/s   txpck/s    rxkB/s    txkB/s   rxcmp/s   txcmp/s  rxmcst/s   %ifutil
07:05:29         ens5    115.00     84.00      7.02     22.58      0.00      0.00      0.00      0.00

07:05:29        IFACE   rxpck/s   txpck/s    rxkB/s    txkB/s   rxcmp/s   txcmp/s  rxmcst/s   %ifutil
07:05:30         ens5    116.00     81.00      7.00     21.38      0.00      0.00      0.00      0.00

07:05:30        IFACE   rxpck/s   txpck/s    rxkB/s    txkB/s   rxcmp/s   txcmp/s  rxmcst/s   %ifutil
07:05:31         ens5    115.00     84.00      7.02     22.58      0.00      0.00      0.00      0.00

07:05:31        IFACE   rxpck/s   txpck/s    rxkB/s    txkB/s   rxcmp/s   txcmp/s  rxmcst/s   %ifutil
07:05:32         ens5    117.00     82.00      7.06     21.46      0.00      0.00      0.00      0.00

07:05:32        IFACE   rxpck/s   txpck/s    rxkB/s    txkB/s   rxcmp/s   txcmp/s  rxmcst/s   %ifutil
07:05:33         ens5    118.00     84.00      7.18     22.62      0.00      0.00      0.00      0.00

07:05:33        IFACE   rxpck/s   txpck/s    rxkB/s    txkB/s   rxcmp/s   txcmp/s  rxmcst/s   %ifutil
07:05:34         ens5    116.00     85.00      7.11     22.72      0.00      0.00      0.00      0.00

07:05:34        IFACE   rxpck/s   txpck/s    rxkB/s    txkB/s   rxcmp/s   txcmp/s  rxmcst/s   %ifutil
07:05:35         ens5    116.00     81.00      7.02     21.42      0.00      0.00      0.00      0.00

07:05:35        IFACE   rxpck/s   txpck/s    rxkB/s    txkB/s   rxcmp/s   txcmp/s  rxmcst/s   %ifutil
07:05:36         ens5    118.00     85.00      7.19     22.69      0.00      0.00      0.00      0.00

07:05:36        IFACE   rxpck/s   txpck/s    rxkB/s    txkB/s   rxcmp/s   txcmp/s  rxmcst/s   %ifutil
07:05:37         ens5    113.00     80.00      6.86     21.36      0.00      0.00      0.00      0.00

07:05:37        IFACE   rxpck/s   txpck/s    rxkB/s    txkB/s   rxcmp/s   txcmp/s  rxmcst/s   %ifutil
07:05:38         ens5    115.00     84.00      7.04     22.63      0.00      0.00      0.00      0.00

07:05:38        IFACE   rxpck/s   txpck/s    rxkB/s    txkB/s   rxcmp/s   txcmp/s  rxmcst/s   %ifutil
07:05:39         ens5    116.00     81.00      7.02     21.42      0.00      0.00      0.00      0.00

07:05:39        IFACE   rxpck/s   txpck/s    rxkB/s    txkB/s   rxcmp/s   txcmp/s  rxmcst/s   %ifutil
07:05:40         ens5    113.00     81.00      6.87     21.43      0.00      0.00      0.00      0.00

07:05:40        IFACE   rxpck/s   txpck/s    rxkB/s    txkB/s   rxcmp/s   txcmp/s  rxmcst/s   %ifutil
07:05:41         ens5    117.00     84.00      7.13     22.62      0.00      0.00      0.00      0.00

07:05:41        IFACE   rxpck/s   txpck/s    rxkB/s    txkB/s   rxcmp/s   txcmp/s  rxmcst/s   %ifutil
07:05:42         ens5    114.00     81.00      6.95     21.42      0.00      0.00      0.00      0.00

07:05:42        IFACE   rxpck/s   txpck/s    rxkB/s    txkB/s   rxcmp/s   txcmp/s  rxmcst/s   %ifutil
07:05:43         ens5    115.00     84.00      7.04     22.63      0.00      0.00      0.00      0.00

07:05:43        IFACE   rxpck/s   txpck/s    rxkB/s    txkB/s   rxcmp/s   txcmp/s  rxmcst/s   %ifutil
07:05:44         ens5    116.00     81.00      7.02     21.42      0.00      0.00      0.00      0.00

07:05:44        IFACE   rxpck/s   txpck/s    rxkB/s    txkB/s   rxcmp/s   txcmp/s  rxmcst/s   %ifutil
07:05:45         ens5    118.00     85.00      7.19     22.69      0.00      0.00      0.00      0.00

07:05:45        IFACE   rxpck/s   txpck/s    rxkB/s    txkB/s   rxcmp/s   txcmp/s  rxmcst/s   %ifutil
07:05:46         ens5    114.00     81.00      6.92     21.43      0.00      0.00      0.00      0.00

07:05:46        IFACE   rxpck/s   txpck/s    rxkB/s    txkB/s   rxcmp/s   txcmp/s  rxmcst/s   %ifutil
07:05:47         ens5    117.00     84.00      7.13     22.62      0.00      0.00      0.00      0.00

07:05:47        IFACE   rxpck/s   txpck/s    rxkB/s    txkB/s   rxcmp/s   txcmp/s  rxmcst/s   %ifutil
07:05:48         ens5    116.00     84.00      7.09     22.63      0.00      0.00      0.00      0.00

07:05:48        IFACE   rxpck/s   txpck/s    rxkB/s    txkB/s   rxcmp/s   txcmp/s  rxmcst/s   %ifutil
07:05:49         ens5    115.00     81.00      6.96     21.42      0.00      0.00      0.00      0.00

07:05:49        IFACE   rxpck/s   txpck/s    rxkB/s    txkB/s   rxcmp/s   txcmp/s  rxmcst/s   %ifutil
07:05:50         ens5    114.00     81.00      6.94     21.45      0.00      0.00      0.00      0.00

07:05:50        IFACE   rxpck/s   txpck/s    rxkB/s    txkB/s   rxcmp/s   txcmp/s  rxmcst/s   %ifutil
07:05:51         ens5    117.00     86.00      7.11     22.73      0.00      0.00      0.00      0.00

07:05:51        IFACE   rxpck/s   txpck/s    rxkB/s    txkB/s   rxcmp/s   txcmp/s  rxmcst/s   %ifutil
07:05:52         ens5    115.00     82.00      6.96     21.48      0.00      0.00      0.00      0.00

07:05:52        IFACE   rxpck/s   txpck/s    rxkB/s    txkB/s   rxcmp/s   txcmp/s  rxmcst/s   %ifutil
07:05:53         ens5    113.00     80.00      6.86     21.36      0.00      0.00      0.00      0.00

07:05:53        IFACE   rxpck/s   txpck/s    rxkB/s    txkB/s   rxcmp/s   txcmp/s  rxmcst/s   %ifutil
07:05:54         ens5    118.00     86.00      7.19     22.75      0.00      0.00      0.00      0.00

07:05:54        IFACE   rxpck/s   txpck/s    rxkB/s    txkB/s   rxcmp/s   txcmp/s  rxmcst/s   %ifutil
07:05:55         ens5    114.00     81.00      6.92     21.43      0.00      0.00      0.00      0.00

07:05:55        IFACE   rxpck/s   txpck/s    rxkB/s    txkB/s   rxcmp/s   txcmp/s  rxmcst/s   %ifutil
07:05:56         ens5    117.00     84.00      7.13     22.62      0.00      0.00      0.00      0.00

07:05:56        IFACE   rxpck/s   txpck/s    rxkB/s    txkB/s   rxcmp/s   txcmp/s  rxmcst/s   %ifutil
07:05:57         ens5    114.00     81.00      6.92     21.43      0.00      0.00      0.00      0.00

07:05:57        IFACE   rxpck/s   txpck/s    rxkB/s    txkB/s   rxcmp/s   txcmp/s  rxmcst/s   %ifutil
07:05:58         ens5    117.00     85.00      7.13     22.68      0.00      0.00      0.00      0.00

07:05:58        IFACE   rxpck/s   txpck/s    rxkB/s    txkB/s   rxcmp/s   txcmp/s  rxmcst/s   %ifutil
07:05:59         ens5    113.00     80.00      6.86     21.36      0.00      0.00      0.00      0.00

07:05:59        IFACE   rxpck/s   txpck/s    rxkB/s    txkB/s   rxcmp/s   txcmp/s  rxmcst/s   %ifutil
07:06:00         ens5    111.00     80.00      6.76     21.36      0.00      0.00      0.00      0.00

07:06:00        IFACE   rxpck/s   txpck/s    rxkB/s    txkB/s   rxcmp/s   txcmp/s  rxmcst/s   %ifutil
07:06:01         ens5     85.00     60.00      5.16     16.02      0.00      0.00      0.00      0.00

07:06:01        IFACE   rxpck/s   txpck/s    rxkB/s    txkB/s   rxcmp/s   txcmp/s  rxmcst/s   %ifutil
07:06:02         ens5     70.00     50.00      4.26     13.35      0.00      0.00      0.00      0.00

07:06:02        IFACE   rxpck/s   txpck/s    rxkB/s    txkB/s   rxcmp/s   txcmp/s  rxmcst/s   %ifutil
07:06:03         ens5     91.00     65.00      5.54     17.35      0.00      0.00      0.00      0.00

07:06:03        IFACE   rxpck/s   txpck/s    rxkB/s    txkB/s   rxcmp/s   txcmp/s  rxmcst/s   %ifutil
07:06:04         ens5    125.00     93.00      7.81     22.29      0.00      0.00      0.00      0.00

07:06:04        IFACE   rxpck/s   txpck/s    rxkB/s    txkB/s   rxcmp/s   txcmp/s  rxmcst/s   %ifutil
07:06:05         ens5    122.00     88.00      7.61     24.23      0.00      0.00      0.00      0.00

07:06:05        IFACE   rxpck/s   txpck/s    rxkB/s    txkB/s   rxcmp/s   txcmp/s  rxmcst/s   %ifutil
07:06:06         ens5    114.00     83.00      6.96     21.55      0.00      0.00      0.00      0.00

07:06:06        IFACE   rxpck/s   txpck/s    rxkB/s    txkB/s   rxcmp/s   txcmp/s  rxmcst/s   %ifutil
07:06:07         ens5    118.00     85.00      7.20     22.71      0.00      0.00      0.00      0.00

07:06:07        IFACE   rxpck/s   txpck/s    rxkB/s    txkB/s   rxcmp/s   txcmp/s  rxmcst/s   %ifutil
07:06:08         ens5    114.00     81.00      6.92     21.43      0.00      0.00      0.00      0.00

07:06:08        IFACE   rxpck/s   txpck/s    rxkB/s    txkB/s   rxcmp/s   txcmp/s  rxmcst/s   %ifutil
07:06:09         ens5    117.00     84.00      7.13     22.62      0.00      0.00      0.00      0.00

07:06:09        IFACE   rxpck/s   txpck/s    rxkB/s    txkB/s   rxcmp/s   txcmp/s  rxmcst/s   %ifutil
07:06:10         ens5    113.00     80.00      6.86     21.36      0.00      0.00      0.00      0.00

07:06:10        IFACE   rxpck/s   txpck/s    rxkB/s    txkB/s   rxcmp/s   txcmp/s  rxmcst/s   %ifutil
07:06:11         ens5    119.00     86.00      7.24     22.76      0.00      0.00      0.00      0.00

07:06:11        IFACE   rxpck/s   txpck/s    rxkB/s    txkB/s   rxcmp/s   txcmp/s  rxmcst/s   %ifutil
07:06:12         ens5    116.00     84.00      7.09     22.63      0.00      0.00      0.00      0.00

07:06:12        IFACE   rxpck/s   txpck/s    rxkB/s    txkB/s   rxcmp/s   txcmp/s  rxmcst/s   %ifutil
07:06:13         ens5    116.00     81.00      7.02     21.42      0.00      0.00      0.00      0.00

07:06:13        IFACE   rxpck/s   txpck/s    rxkB/s    txkB/s   rxcmp/s   txcmp/s  rxmcst/s   %ifutil
07:06:14         ens5    115.00     83.00      7.04     22.41      0.00      0.00      0.00      0.00

07:06:14        IFACE   rxpck/s   txpck/s    rxkB/s    txkB/s   rxcmp/s   txcmp/s  rxmcst/s   %ifutil
07:06:15         ens5    116.00     82.00      7.02     21.65      0.00      0.00      0.00      0.00

07:06:15        IFACE   rxpck/s   txpck/s    rxkB/s    txkB/s   rxcmp/s   txcmp/s  rxmcst/s   %ifutil
07:06:16         ens5    115.00     84.00      7.04     22.63      0.00      0.00      0.00      0.00

07:06:16        IFACE   rxpck/s   txpck/s    rxkB/s    txkB/s   rxcmp/s   txcmp/s  rxmcst/s   %ifutil
07:06:17         ens5    116.00     81.00      7.02     21.42      0.00      0.00      0.00      0.00

07:06:17        IFACE   rxpck/s   txpck/s    rxkB/s    txkB/s   rxcmp/s   txcmp/s  rxmcst/s   %ifutil
07:06:18         ens5    113.00     80.00      6.87     21.36      0.00      0.00      0.00      0.00

07:06:18        IFACE   rxpck/s   txpck/s    rxkB/s    txkB/s   rxcmp/s   txcmp/s  rxmcst/s   %ifutil
07:06:19         ens5    117.00     85.00      7.13     22.69      0.00      0.00      0.00      0.00

07:06:19        IFACE   rxpck/s   txpck/s    rxkB/s    txkB/s   rxcmp/s   txcmp/s  rxmcst/s   %ifutil
07:06:20         ens5    114.00     81.00      6.92     21.43      0.00      0.00      0.00      0.00

07:06:20        IFACE   rxpck/s   txpck/s    rxkB/s    txkB/s   rxcmp/s   txcmp/s  rxmcst/s   %ifutil
07:06:21         ens5    117.00     84.00      7.13     22.62      0.00      0.00      0.00      0.00

07:06:21        IFACE   rxpck/s   txpck/s    rxkB/s    txkB/s   rxcmp/s   txcmp/s  rxmcst/s   %ifutil
07:06:22         ens5    113.00     81.00      6.86     21.42      0.00      0.00      0.00      0.00

07:06:22        IFACE   rxpck/s   txpck/s    rxkB/s    txkB/s   rxcmp/s   txcmp/s  rxmcst/s   %ifutil
07:06:23         ens5    114.00     82.00      6.95     21.52      0.00      0.00      0.00      0.00

07:06:23        IFACE   rxpck/s   txpck/s    rxkB/s    txkB/s   rxcmp/s   txcmp/s  rxmcst/s   %ifutil
07:06:24         ens5    118.00     84.00      7.18     22.62      0.00      0.00      0.00      0.00

07:06:24        IFACE   rxpck/s   txpck/s    rxkB/s    txkB/s   rxcmp/s   txcmp/s  rxmcst/s   %ifutil
07:06:25         ens5    113.00     81.00      6.87     21.43      0.00      0.00      0.00      0.00

07:06:25        IFACE   rxpck/s   txpck/s    rxkB/s    txkB/s   rxcmp/s   txcmp/s  rxmcst/s   %ifutil
07:06:26         ens5    117.00     84.00      7.13     22.62      0.00      0.00      0.00      0.00

07:06:26        IFACE   rxpck/s   txpck/s    rxkB/s    txkB/s   rxcmp/s   txcmp/s  rxmcst/s   %ifutil
07:06:27         ens5    114.00     81.00      6.92     21.43      0.00      0.00      0.00      0.00

07:06:27        IFACE   rxpck/s   txpck/s    rxkB/s    txkB/s   rxcmp/s   txcmp/s  rxmcst/s   %ifutil
07:06:28         ens5     27.00     19.00      1.64      5.27      0.00      0.00      0.00      0.00


Average:        IFACE   rxpck/s   txpck/s    rxkB/s    txkB/s   rxcmp/s   txcmp/s  rxmcst/s   %ifutil
Average:         ens5    101.56     73.41      6.21     19.22      0.00      0.00      0.00      0.00
