Linux 7.0.0-1010-aws (ip-172-31-20-134) 	08/11/26 	_x86_64_	(2 CPU)

17:23:16        CPU     %user     %nice   %system   %iowait    %steal     %idle
17:23:17        all      2.01      0.00      1.01      0.00      0.50     96.48
17:23:18        all      0.50      0.00      1.00      0.00      0.00     98.50
17:23:19        all      0.00      0.00      0.00      0.00      0.00    100.00
17:23:20        all      0.00      0.00      0.00      0.00      0.00    100.00
17:23:21        all      0.50      0.00      0.50      0.00      0.00     99.00
17:23:22        all      0.00      0.00      0.00      0.00      0.00    100.00
17:23:23        all      0.50      0.00      0.50      0.00      0.50     98.51
17:23:24        all      0.00      0.00      0.50      0.00      0.00     99.50
17:23:25        all      1.01      0.00      0.00      0.51      0.00     98.48
17:23:26        all      0.50      0.00      0.50      0.00      0.00     98.99
17:23:27        all      0.50      0.00      0.00      0.00      0.00     99.50
17:23:28        all      0.50      0.00      0.00      0.00      0.00     99.50
17:23:29        all      4.52      0.00      2.01      0.00      0.50     92.96
17:23:30        all     31.12      0.00      1.53      0.00      0.51     66.84
17:23:31        all     81.03      0.00      8.72      0.00      0.00     10.26
17:23:32        all     27.55      0.00      2.55      0.00      0.00     69.90
17:23:33        all      1.00      0.00      0.50      0.00      0.00     98.50
17:23:34        all      0.00      0.00      0.00      0.00      0.00    100.00
17:23:35        all      0.00      0.00      0.00      0.00      0.00    100.00
17:23:36        all      0.50      0.00      0.00      0.00      0.00     99.50
17:23:37        all      0.50      0.00      0.00      0.00      0.00     99.50
17:23:38        all      0.00      0.00      1.48      0.00      0.00     98.52
17:23:39        all      0.50      0.00      0.00      0.00      0.00     99.50
17:23:40        all      0.00      0.00      0.00      0.00      0.00    100.00
17:23:41        all      0.50      0.00      0.00      0.00      0.00     99.50
17:23:42        all      0.00      0.00      0.00      0.50      0.00     99.50

Average:        all      5.80      0.00      0.79      0.04      0.08     93.29
