Linux 7.0.0-1010-aws (ip-172-31-20-134) 	08/11/26 	_x86_64_	(2 CPU)

17:23:16    kbmemfree   kbavail kbmemused  %memused kbbuffers  kbcached  kbcommit   %commit  kbactive   kbinact   kbdirty
17:23:17        93448   1321144    372172     19.08     31388   1307288   1478244     75.77   1000584    607908      2000
17:23:18        93448   1321144    372172     19.08     31388   1307288   1478244     75.77   1001340    607908      2000
17:23:19        93448   1321144    372172     19.08     31388   1307288   1478244     75.77   1001452    607908      2000
17:23:20        93448   1321144    372172     19.08     31388   1307288   1478244     75.77   1001452    607908      2000
17:23:21        93448   1321144    372168     19.08     31388   1307292   1478244     75.77   1001460    607908      1732
17:23:22        93448   1321144    372168     19.08     31388   1307292   1478244     75.77   1001460    607908      1732
17:23:23        93448   1321144    372168     19.08     31388   1307292   1478244     75.77   1001460    607908      1732
17:23:24        93448   1321148    372168     19.08     31388   1307292   1478244     75.77   1001520    607912       392
17:23:25        93448   1321168    372136     19.08     31412   1307292   1479400     75.83   1002612    607928       412
17:23:26        93448   1321200    372108     19.07     31412   1307320   1479404     75.83   1003100    607960       440
17:23:27        93448   1321200    372092     19.07     31412   1307336   1479404     75.83   1003100    607960       456
17:23:28        93448   1321200    372092     19.07     31412   1307336   1479404     75.83   1003100    607960       456
17:23:29        93448   1321228    372084     19.07     31412   1307344   1479404     75.83   1003188    607988       312
17:23:30        90424   1318372    374940     19.22     31412   1307512   1544244     79.16   1009772    608156       480
17:23:31        82384   1311104    382132     19.59     31412   1308328   1739432     89.16   1018028    608916      1296
17:23:32        82384   1311396    381872     19.57     31412   1308580   1739860     89.18   1015904    609204      1548
17:23:33        82384   1311444    381828     19.57     31412   1308620   1739860     89.18   1015596    609252      1588
17:23:34        82384   1311456    381828     19.57     31412   1308620   1739860     89.18   1015732    609264      1544
17:23:35        82384   1311456    381828     19.57     31412   1308620   1739860     89.18   1015732    609264      1544
17:23:36        82384   1311456    381824     19.57     31412   1308624   1739860     89.18   1015732    609264      1552
17:23:37        82384   1311456    381820     19.57     31412   1308628   1739860     89.18   1015732    609264      1556
17:23:38        82384   1311456    381820     19.57     31412   1308628   1739860     89.18   1015732    609264      1556
17:23:39        82384   1311456    381820     19.57     31412   1308628   1739860     89.18   1015732    609264      1556
17:23:40        82384   1311456    381820     19.57     31412   1308628   1739860     89.18   1015732    609264      1556
17:23:41        82384   1311456    381820     19.57     31412   1308628   1739860     89.18   1015732    609264      1556
17:23:42        82384   1311464    381816     19.57     31412   1308632   1739860     89.18   1015764    609272      1348

Average:        88225   1316561    376732     19.31     31405   1307909   1601735     82.10   1008721    608538      1321
