Linux 7.0.0-1010-aws (ip-172-31-20-134) 	08/11/26 	_x86_64_	(2 CPU)

16:46:16        CPU     %user     %nice   %system   %iowait    %steal     %idle
16:46:17        all      2.02      0.00      0.51      0.00      0.00     97.47
16:46:18        all      0.00      0.00      0.00      0.00      0.00    100.00
16:46:19        all      0.00      0.00      0.00      0.00      0.00    100.00
16:46:20        all      0.50      0.00      0.50      0.00      0.00     99.00
16:46:21        all      0.50      0.00      0.00      0.00      0.00     99.50
16:46:22        all      0.00      0.00      0.00      0.00      0.00    100.00
16:46:23        all      0.50      0.00      0.00      0.00      0.00     99.50
16:46:24        all      1.50      0.00      1.00      0.50      0.00     97.00
16:46:25        all      0.00      0.00      0.00      0.00      0.50     99.50
16:46:26        all      0.50      0.00      0.00      0.00      0.00     99.50
16:46:27        all      1.01      0.00      0.50      0.00      0.00     98.49
16:46:28        all     25.76      0.00      3.54      0.00      0.00     70.71
16:46:29        all     78.28      0.00      8.59      0.00      0.00     13.13
16:46:30        all     44.67      0.00      5.08      0.00      0.00     50.25
16:46:31        all      1.00      0.00      0.50      0.00      0.50     98.00
16:46:32        all      0.50      0.00      0.00      0.00      0.00     99.50
16:46:33        all      0.50      0.00      0.00      0.00      0.00     99.50
16:46:34        all      0.00      0.00      0.00      0.00      0.00    100.00
16:46:35        all      0.00      0.00      0.50      0.00      0.00     99.50
16:46:36        all      0.50      0.00      0.00      0.00      0.00     99.50
16:46:37        all      0.00      0.00      0.00      0.00      0.00    100.00
16:46:38        all      0.50      0.00      0.50      0.00      0.00     99.00
16:46:39        all      0.50      0.00      0.50      0.00      0.00     99.00
16:46:40        all      0.00      0.00      0.00      0.00      0.00    100.00
16:46:41        all      0.00      0.00      0.00      0.00      0.00    100.00
16:46:42        all      0.50      0.00      0.00      0.00      0.00     99.50
16:46:43        all      4.52      0.00      1.51      0.00      0.00     93.97

Average:        all      6.03      0.00      0.86      0.02      0.04     93.06
