Linux 7.0.0-1010-aws (ip-172-31-20-134) 	08/11/26 	_x86_64_	(2 CPU)

16:46:16    kbmemfree   kbavail kbmemused  %memused kbbuffers  kbcached  kbcommit   %commit  kbactive   kbinact   kbdirty
16:46:17       144644   1318196    377292     19.34     33872   1252064   1469852     75.34    997328    557896       412
16:46:18       144644   1318196    377292     19.34     33872   1252064   1469852     75.34    998196    557896       412
16:46:19       144644   1318196    377292     19.34     33872   1252064   1469852     75.34    998196    557896       412
16:46:20       144644   1318196    377292     19.34     33872   1252064   1469852     75.34    998196    557896       412
16:46:21       144644   1318196    377288     19.34     33872   1252068   1469852     75.34    998196    557896       416
16:46:22       144644   1318196    377288     19.34     33872   1252068   1469852     75.34    998196    557896       416
16:46:23       144644   1318196    377288     19.34     33872   1252068   1469852     75.34    998196    557896       416
16:46:24       136580   1310136    385328     19.75     33896   1252068   1479592     75.84   1000400    557900       440
16:46:25       136580   1310136    385276     19.75     33896   1252120   1479592     75.84   1000400    557900       492
16:46:26       136580   1310136    385272     19.75     33896   1252124   1479592     75.84   1000400    557900       496
16:46:27       136580   1310216    385264     19.75     33896   1252132   1480000     75.86   1000944    557980       356
16:46:28       136388   1310220    385264     19.75     33896   1252324   1567896     80.37   1004228    558176       548
16:46:29       133820   1308448    387024     19.84     33896   1253104   1631256     83.62   1010224    558960      1328
16:46:30       133568   1308648    386728     19.82     33896   1253640   1631924     83.65   1009936    559408      1864
16:46:31       133568   1308664    386708     19.82     33896   1253652   1631924     83.65   1009952    559420      1876
16:46:32       133568   1308664    386708     19.82     33896   1253652   1631924     83.65   1009952    559420      1876
16:46:33       133568   1308748    386708     19.82     33896   1253652   1631924     83.65   1010488    559504      1876
16:46:34       133568   1308748    386708     19.82     33896   1253652   1631924     83.65   1010488    559504      1876
16:46:35       133568   1308748    386708     19.82     33896   1253652   1631924     83.65   1010488    559504      1876
16:46:36       133568   1308748    386700     19.82     33896   1253660   1631924     83.65   1010488    559504      1884
16:46:37       133568   1308748    386700     19.82     33896   1253660   1631924     83.65   1010488    559504      1884
16:46:38       133568   1308748    386700     19.82     33896   1253660   1631924     83.65   1010488    559504      1884
16:46:39       133568   1308748    386700     19.82     33896   1253660   1631924     83.65   1010488    559504      1884
16:46:40       133568   1308748    386700     19.82     33896   1253660   1631924     83.65   1010488    559504      1884
16:46:41       133568   1308748    386696     19.82     33896   1253664   1631924     83.65   1010488    559504      1888
16:46:42       133568   1308748    386696     19.82     33896   1253664   1631924     83.65   1010488    559504      1888
16:46:43       133568   1308764    386688     19.82     33896   1253672   1631924     83.65   1010708    559520      1896

Average:       137000   1311440    384011     19.68     33890   1252946   1564957     80.22   1005501    558774      1218
