Linux 7.0.0-1010-aws (ip-172-31-20-134) 	08/11/26 	_x86_64_	(2 CPU)

16:46:16        IFACE   rxpck/s   txpck/s    rxkB/s    txkB/s   rxcmp/s   txcmp/s  rxmcst/s   %ifutil
16:46:17         ens5     49.00     44.00      4.12      4.91      0.00      0.00      0.00      0.00

16:46:17        IFACE   rxpck/s   txpck/s    rxkB/s    txkB/s   rxcmp/s   txcmp/s  rxmcst/s   %ifutil
16:46:18         ens5     46.00     37.00      4.09      4.14      0.00      0.00      0.00      0.00

16:46:18        IFACE   rxpck/s   txpck/s    rxkB/s    txkB/s   rxcmp/s   txcmp/s  rxmcst/s   %ifutil
16:46:19         ens5     10.00      7.00      0.75      0.70      0.00      0.00      0.00      0.00

16:46:19        IFACE   rxpck/s   txpck/s    rxkB/s    txkB/s   rxcmp/s   txcmp/s  rxmcst/s   %ifutil
16:46:20         ens5      0.00      0.00      0.00      0.00      0.00      0.00      0.00      0.00

16:46:20        IFACE   rxpck/s   txpck/s    rxkB/s    txkB/s   rxcmp/s   txcmp/s  rxmcst/s   %ifutil
16:46:21         ens5      0.00      0.00      0.00      0.00      0.00      0.00      0.00      0.00

16:46:21        IFACE   rxpck/s   txpck/s    rxkB/s    txkB/s   rxcmp/s   txcmp/s  rxmcst/s   %ifutil
16:46:22         ens5      0.00      0.00      0.00      0.00      0.00      0.00      0.00      0.00

16:46:22        IFACE   rxpck/s   txpck/s    rxkB/s    txkB/s   rxcmp/s   txcmp/s  rxmcst/s   %ifutil
16:46:23         ens5      1.00      1.00      0.07      0.09      0.00      0.00      0.00      0.00

16:46:23        IFACE   rxpck/s   txpck/s    rxkB/s    txkB/s   rxcmp/s   txcmp/s  rxmcst/s   %ifutil
16:46:24         ens5     36.00     40.00     27.14     25.20      0.00      0.00      0.00      0.00

16:46:24        IFACE   rxpck/s   txpck/s    rxkB/s    txkB/s   rxcmp/s   txcmp/s  rxmcst/s   %ifutil
16:46:25         ens5      0.00      0.00      0.00      0.00      0.00      0.00      0.00      0.00

16:46:25        IFACE   rxpck/s   txpck/s    rxkB/s    txkB/s   rxcmp/s   txcmp/s  rxmcst/s   %ifutil
16:46:26         ens5      0.00      0.00      0.00      0.00      0.00      0.00      0.00      0.00

16:46:26        IFACE   rxpck/s   txpck/s    rxkB/s    txkB/s   rxcmp/s   txcmp/s  rxmcst/s   %ifutil
16:46:27         ens5      5.00      7.00      2.35      4.43      0.00      0.00      0.00      0.00

16:46:27        IFACE   rxpck/s   txpck/s    rxkB/s    txkB/s   rxcmp/s   txcmp/s  rxmcst/s   %ifutil
16:46:28         ens5    167.33    212.87     73.90    138.37      0.00      0.00      0.00      0.00

16:46:28        IFACE   rxpck/s   txpck/s    rxkB/s    txkB/s   rxcmp/s   txcmp/s  rxmcst/s   %ifutil
16:46:29         ens5    554.00    673.00    247.46    422.75      0.00      0.00      0.00      0.00

16:46:29        IFACE   rxpck/s   txpck/s    rxkB/s    txkB/s   rxcmp/s   txcmp/s  rxmcst/s   %ifutil
16:46:30         ens5    299.00    389.00    135.41    238.86      0.00      0.00      0.00      0.00

16:46:30        IFACE   rxpck/s   txpck/s    rxkB/s    txkB/s   rxcmp/s   txcmp/s  rxmcst/s   %ifutil
16:46:31         ens5      5.00      7.00      2.36      4.44      0.00      0.00      0.00      0.00

16:46:31        IFACE   rxpck/s   txpck/s    rxkB/s    txkB/s   rxcmp/s   txcmp/s  rxmcst/s   %ifutil
16:46:32         ens5      0.00      0.00      0.00      0.00      0.00      0.00      0.00      0.00

16:46:32        IFACE   rxpck/s   txpck/s    rxkB/s    txkB/s   rxcmp/s   txcmp/s  rxmcst/s   %ifutil
16:46:33         ens5      0.00      0.00      0.00      0.00      0.00      0.00      0.00      0.00

16:46:33        IFACE   rxpck/s   txpck/s    rxkB/s    txkB/s   rxcmp/s   txcmp/s  rxmcst/s   %ifutil
16:46:34         ens5      0.00      0.00      0.00      0.00      0.00      0.00      0.00      0.00

16:46:34        IFACE   rxpck/s   txpck/s    rxkB/s    txkB/s   rxcmp/s   txcmp/s  rxmcst/s   %ifutil
16:46:35         ens5      0.00      0.00      0.00      0.00      0.00      0.00      0.00      0.00

16:46:35        IFACE   rxpck/s   txpck/s    rxkB/s    txkB/s   rxcmp/s   txcmp/s  rxmcst/s   %ifutil
16:46:36         ens5      0.00      0.00      0.00      0.00      0.00      0.00      0.00      0.00

16:46:36        IFACE   rxpck/s   txpck/s    rxkB/s    txkB/s   rxcmp/s   txcmp/s  rxmcst/s   %ifutil
16:46:37         ens5      0.00      0.00      0.00      0.00      0.00      0.00      0.00      0.00

16:46:37        IFACE   rxpck/s   txpck/s    rxkB/s    txkB/s   rxcmp/s   txcmp/s  rxmcst/s   %ifutil
16:46:38         ens5      0.00      0.00      0.00      0.00      0.00      0.00      0.00      0.00

16:46:38        IFACE   rxpck/s   txpck/s    rxkB/s    txkB/s   rxcmp/s   txcmp/s  rxmcst/s   %ifutil
16:46:39         ens5      1.00      1.00      0.07      0.09      0.00      0.00      0.00      0.00

16:46:39        IFACE   rxpck/s   txpck/s    rxkB/s    txkB/s   rxcmp/s   txcmp/s  rxmcst/s   %ifutil
16:46:40         ens5      0.00      0.00      0.00      0.00      0.00      0.00      0.00      0.00

16:46:40        IFACE   rxpck/s   txpck/s    rxkB/s    txkB/s   rxcmp/s   txcmp/s  rxmcst/s   %ifutil
16:46:41         ens5      0.00      0.00      0.00      0.00      0.00      0.00      0.00      0.00

16:46:41        IFACE   rxpck/s   txpck/s    rxkB/s    txkB/s   rxcmp/s   txcmp/s  rxmcst/s   %ifutil
16:46:42         ens5      0.00      0.00      0.00      0.00      0.00      0.00      0.00      0.00

16:46:42        IFACE   rxpck/s   txpck/s    rxkB/s    txkB/s   rxcmp/s   txcmp/s  rxmcst/s   %ifutil
16:46:43         ens5      0.00      0.00      0.00      0.00      0.00      0.00      0.00      0.00


Average:        IFACE   rxpck/s   txpck/s    rxkB/s    txkB/s   rxcmp/s   txcmp/s  rxmcst/s   %ifutil
Average:         ens5     43.50     52.61     18.45     31.30      0.00      0.00      0.00      0.00
