Linux 7.0.0-1010-aws (ip-172-31-20-134) 	08/11/26 	_x86_64_	(2 CPU)

16:32:41    kbmemfree   kbavail kbmemused  %memused kbbuffers  kbcached  kbcommit   %commit  kbactive   kbinact   kbdirty
16:32:42       197832   1320848    375548     19.25     32984   1203180   1478000     75.76    996108    508952       392
16:32:43       197832   1320848    375548     19.25     32984   1203180   1478000     75.76    996108    508952       392
16:32:44       197832   1320856    375536     19.25     32984   1203192   1478000     75.76    996360    508960       404
16:32:45       197832   1320856    375536     19.25     32984   1203192   1478000     75.76    996360    508960       404
16:32:46       197832   1320856    375536     19.25     32984   1203192   1478000     75.76    996360    508960       404
16:32:47       197832   1320856    375536     19.25     32984   1203192   1478000     75.76    996360    508960       404
16:32:48       197832   1320856    375536     19.25     32984   1203192   1478000     75.76    996360    508960       404
16:32:49       197832   1320860    375532     19.25     32984   1203196   1478000     75.76    997100    508964       408
16:32:50       197832   1320860    375532     19.25     32984   1203196   1478000     75.76    997100    508964       408
16:32:51       197076   1320108    376288     19.29     32984   1203196   1483508     76.04    999824    508968       408
16:32:52       197076   1320108    376220     19.28     32984   1203264   1483508     76.04    999824    508968       476
16:32:53       197076   1320108    376220     19.28     32984   1203264   1483508     76.04    999824    508968       476
16:32:54       197076   1320108    376220     19.28     32984   1203264   1483508     76.04    999824    508968       476
16:32:55       194808   1317944    378448     19.40     33008   1203272   1517952     77.81   1003648    509068       512
16:32:56       185556   1309776    386608     19.82     33008   1204348   1808388     92.70   1015420    510144      1460
16:32:57       181224   1306252    390064     19.99     33008   1205176   1809344     92.74   1016516    510936      2288
16:32:58       181224   1306268    389980     19.99     33008   1205256   1809360     92.74   1014484    510948      2368
16:32:59       181224   1306380    389960     19.99     33008   1205276   1809360     92.74   1013220    511060      2388
16:33:00       181224   1306380    389960     19.99     33008   1205276   1809360     92.74   1013304    511060      2388
16:33:01       181224   1306380    389960     19.99     33008   1205276   1809360     92.74   1013308    511060      2332
16:33:02       181224   1306380    389956     19.99     33008   1205280   1809360     92.74   1013308    511060      2340
16:33:03       181224   1306380    389956     19.99     33008   1205280   1809360     92.74   1013308    511060      2340
16:33:04       181224   1306420    389928     19.99     33008   1205308   1809676     92.76   1014172    511100      2368
16:33:05       181224   1306652    389688     19.97     33008   1205540   1809848     92.77   1013168    511328      2600
16:33:06       181224   1306776    389468     19.96     33008   1205756   1809848     92.77   1013328    511452      2816
16:33:07       181224   1306776    389468     19.96     33008   1205756   1809848     92.77   1013328    511452      2816
16:33:08       181224   1306776    389468     19.96     33008   1205756   1809848     92.77   1013328    511452      2816
16:33:09       181224   1306776    389468     19.96     33008   1205756   1809848     92.77   1013328    511452      2816

Average:       189467   1313587    382756     19.62     32997   1204286   1645957     84.37   1005881    510041      1432
