Linux 7.0.0-1010-aws (ip-172-31-20-134) 	08/11/26 	_x86_64_	(2 CPU)

16:32:41        IFACE   rxpck/s   txpck/s    rxkB/s    txkB/s   rxcmp/s   txcmp/s  rxmcst/s   %ifutil
16:32:42         ens5     51.00     42.00      4.50      4.96      0.00      0.00      0.00      0.00

16:32:42        IFACE   rxpck/s   txpck/s    rxkB/s    txkB/s   rxcmp/s   txcmp/s  rxmcst/s   %ifutil
16:32:43         ens5     46.00     40.00      4.09      4.34      0.00      0.00      0.00      0.00

16:32:43        IFACE   rxpck/s   txpck/s    rxkB/s    txkB/s   rxcmp/s   txcmp/s  rxmcst/s   %ifutil
16:32:44         ens5     40.00     32.00      3.40      3.43      0.00      0.00      0.00      0.00

16:32:44        IFACE   rxpck/s   txpck/s    rxkB/s    txkB/s   rxcmp/s   txcmp/s  rxmcst/s   %ifutil
16:32:45         ens5      0.00      0.00      0.00      0.00      0.00      0.00      0.00      0.00

16:32:45        IFACE   rxpck/s   txpck/s    rxkB/s    txkB/s   rxcmp/s   txcmp/s  rxmcst/s   %ifutil
16:32:46         ens5      0.00      0.00      0.00      0.00      0.00      0.00      0.00      0.00

16:32:46        IFACE   rxpck/s   txpck/s    rxkB/s    txkB/s   rxcmp/s   txcmp/s  rxmcst/s   %ifutil
16:32:47         ens5      0.00      0.00      0.00      0.00      0.00      0.00      0.00      0.00

16:32:47        IFACE   rxpck/s   txpck/s    rxkB/s    txkB/s   rxcmp/s   txcmp/s  rxmcst/s   %ifutil
16:32:48         ens5      0.00      0.00      0.00      0.00      0.00      0.00      0.00      0.00

16:32:48        IFACE   rxpck/s   txpck/s    rxkB/s    txkB/s   rxcmp/s   txcmp/s  rxmcst/s   %ifutil
16:32:49         ens5      0.00      0.00      0.00      0.00      0.00      0.00      0.00      0.00

16:32:49        IFACE   rxpck/s   txpck/s    rxkB/s    txkB/s   rxcmp/s   txcmp/s  rxmcst/s   %ifutil
16:32:50         ens5      0.00      0.00      0.00      0.00      0.00      0.00      0.00      0.00

16:32:50        IFACE   rxpck/s   txpck/s    rxkB/s    txkB/s   rxcmp/s   txcmp/s  rxmcst/s   %ifutil
16:32:51         ens5     50.00     41.00     42.19     25.25      0.00      0.00      0.00      0.00

16:32:51        IFACE   rxpck/s   txpck/s    rxkB/s    txkB/s   rxcmp/s   txcmp/s  rxmcst/s   %ifutil
16:32:52         ens5      0.00      0.00      0.00      0.00      0.00      0.00      0.00      0.00

16:32:52        IFACE   rxpck/s   txpck/s    rxkB/s    txkB/s   rxcmp/s   txcmp/s  rxmcst/s   %ifutil
16:32:53         ens5      0.00      0.00      0.00      0.00      0.00      0.00      0.00      0.00

16:32:53        IFACE   rxpck/s   txpck/s    rxkB/s    txkB/s   rxcmp/s   txcmp/s  rxmcst/s   %ifutil
16:32:54         ens5      1.00      1.00      0.07      0.09      0.00      0.00      0.00      0.00

16:32:54        IFACE   rxpck/s   txpck/s    rxkB/s    txkB/s   rxcmp/s   txcmp/s  rxmcst/s   %ifutil
16:32:55         ens5    113.00     79.00     80.73     51.22      0.00      0.00      0.00      0.00

16:32:55        IFACE   rxpck/s   txpck/s    rxkB/s    txkB/s   rxcmp/s   txcmp/s  rxmcst/s   %ifutil
16:32:56         ens5    834.00    506.00    566.00    333.54      0.00      0.00      0.00      0.00

16:32:56        IFACE   rxpck/s   txpck/s    rxkB/s    txkB/s   rxcmp/s   txcmp/s  rxmcst/s   %ifutil
16:32:57         ens5    665.00    502.00    464.74    269.06      0.00      0.00      0.00      0.00

16:32:57        IFACE   rxpck/s   txpck/s    rxkB/s    txkB/s   rxcmp/s   txcmp/s  rxmcst/s   %ifutil
16:32:58         ens5     10.00     10.00      7.52      2.59      0.00      0.00      0.00      0.00

16:32:58        IFACE   rxpck/s   txpck/s    rxkB/s    txkB/s   rxcmp/s   txcmp/s  rxmcst/s   %ifutil
16:32:59         ens5      0.00      0.00      0.00      0.00      0.00      0.00      0.00      0.00

16:32:59        IFACE   rxpck/s   txpck/s    rxkB/s    txkB/s   rxcmp/s   txcmp/s  rxmcst/s   %ifutil
16:33:00         ens5      0.00      0.00      0.00      0.00      0.00      0.00      0.00      0.00

16:33:00        IFACE   rxpck/s   txpck/s    rxkB/s    txkB/s   rxcmp/s   txcmp/s  rxmcst/s   %ifutil
16:33:01         ens5      0.00      0.00      0.00      0.00      0.00      0.00      0.00      0.00

16:33:01        IFACE   rxpck/s   txpck/s    rxkB/s    txkB/s   rxcmp/s   txcmp/s  rxmcst/s   %ifutil
16:33:02         ens5      0.00      0.00      0.00      0.00      0.00      0.00      0.00      0.00

16:33:02        IFACE   rxpck/s   txpck/s    rxkB/s    txkB/s   rxcmp/s   txcmp/s  rxmcst/s   %ifutil
16:33:03         ens5      2.00      4.00      0.18      2.88      0.00      0.00      0.00      0.00

16:33:03        IFACE   rxpck/s   txpck/s    rxkB/s    txkB/s   rxcmp/s   txcmp/s  rxmcst/s   %ifutil
16:33:04         ens5    183.00    133.00    132.62     78.43      0.00      0.00      0.00      0.00

16:33:04        IFACE   rxpck/s   txpck/s    rxkB/s    txkB/s   rxcmp/s   txcmp/s  rxmcst/s   %ifutil
16:33:05         ens5    180.00    132.00    127.49     76.81      0.00      0.00      0.00      0.00

16:33:05        IFACE   rxpck/s   txpck/s    rxkB/s    txkB/s   rxcmp/s   txcmp/s  rxmcst/s   %ifutil
16:33:06         ens5      0.00      0.00      0.00      0.00      0.00      0.00      0.00      0.00

16:33:06        IFACE   rxpck/s   txpck/s    rxkB/s    txkB/s   rxcmp/s   txcmp/s  rxmcst/s   %ifutil
16:33:07         ens5      0.00      0.00      0.00      0.00      0.00      0.00      0.00      0.00

16:33:07        IFACE   rxpck/s   txpck/s    rxkB/s    txkB/s   rxcmp/s   txcmp/s  rxmcst/s   %ifutil
16:33:08         ens5      0.00      0.00      0.00      0.00      0.00      0.00      0.00      0.00

16:33:08        IFACE   rxpck/s   txpck/s    rxkB/s    txkB/s   rxcmp/s   txcmp/s  rxmcst/s   %ifutil
16:33:09         ens5      0.00      0.00      0.00      0.00      0.00      0.00      0.00      0.00


Average:        IFACE   rxpck/s   txpck/s    rxkB/s    txkB/s   rxcmp/s   txcmp/s  rxmcst/s   %ifutil
Average:         ens5     77.68     54.36     51.20     30.45      0.00      0.00      0.00      0.00
