Linux 7.0.0-1010-aws (ip-172-31-31-224) 	08/11/26 	_x86_64_	(2 CPU)

09:15:36        CPU     %user     %nice   %system   %iowait    %steal     %idle
09:15:37        all     49.50      0.00      4.50      0.00      2.00     44.00
09:15:38        all     50.25      0.00      4.02      0.00      1.51     44.22
09:15:39        all     49.75      0.00      3.02      0.00      0.50     46.73
09:15:40        all     49.00      0.00      3.50      0.00      1.50     46.00
09:15:41        all     49.49      0.00      3.03      0.00      1.01     46.46
09:15:42        all     49.49      0.00      3.03      0.00      1.01     46.46
09:15:43        all     48.50      0.00      5.00      0.00      1.00     45.50
09:15:44        all     52.26      0.00      5.03      0.00      1.01     41.71
09:15:45        all     14.50      0.00      1.50      0.00      0.00     84.00
09:15:46        all      0.00      0.00      0.50      0.00      0.50     99.00
09:15:47        all      1.01      0.00      0.00      0.50      0.00     98.49
09:15:48        all      0.00      0.00      0.50      0.00      0.00     99.50
09:15:49        all      0.00      0.00      0.00      0.00      0.50     99.50
09:15:50        all      1.01      0.00      0.50      0.00      0.00     98.49
09:15:51        all      2.01      0.00      2.51      0.00      1.01     94.47
09:15:52        all      1.02      0.00      1.02      0.00      0.51     97.46
09:15:53        all      0.50      0.00      1.00      0.00      0.00     98.50
09:15:54        all      0.00      0.00      0.00      0.00      0.00    100.00
09:15:55        all      0.00      0.00      0.50      0.00      0.50     98.99
09:15:56        all      0.50      0.00      0.00      0.00      0.00     99.50
09:15:57        all      0.00      0.00      0.00      0.00      0.00    100.00
09:15:58        all      0.00      0.00      0.50      0.00      0.00     99.50

Average:        all     19.04      0.00      1.80      0.02      0.57     78.56
