Linux 7.0.0-1010-aws (ip-172-31-31-224) 	08/11/26 	_x86_64_	(2 CPU)

09:15:36    kbmemfree   kbavail kbmemused  %memused kbbuffers  kbcached  kbcommit   %commit  kbactive   kbinact   kbdirty
09:15:37       730316   1290504    440060     22.56     23180    678824   1610312     82.54    430560    614680       364
09:15:38       650180   1210368    520200     26.66     23180    678824   1689960     86.62    510376    614680       364
09:15:39       577604   1137792    592776     30.38     23180    678824   1768752     90.66    586016    614680       364
09:15:40       489152   1049344    681224     34.92     23180    678828   1848384     94.75    666788    614684       352
09:15:41       416828    977020    753548     38.63     23180    678828   1927796     98.82    746864    614684       352
09:15:42       360380    920572    809996     41.52     23180    678828   1986108    101.80    806612    614684       352
09:15:43       263864    824056    906512     46.47     23180    678828   2082728    106.76    899864    614684       352
09:15:44       151472    711672   1018896     52.23     23180    678836   2190712    112.29   1008932    614692       360
09:15:45       127280    687484   1043084     53.47     23180    678840   2220024    113.80   1040708    614696       364
09:15:46       127280    687484   1043084     53.47     23180    678840   2220024    113.80   1040708    614696       364
09:15:47       127280    687608   1042956     53.46     23184    678964   2220024    113.80   1041024    614696       376
09:15:48       127280    687612   1042956     53.46     23184    678964   2220024    113.80   1041024    614700       264
09:15:49       127280    687612   1042956     53.46     23184    678964   2220024    113.80   1041024    614700       264
09:15:50       127280    687612   1042952     53.46     23184    678968   2220024    113.80   1041024    614700       268
09:15:51       126524    686856   1043708     53.50     23184    678968   2224192    114.01   1041644    614700       268
09:15:52       126524    686856   1043708     53.50     23184    678968   2224192    114.01   1041644    614700       268
09:15:53       126524    686856   1043708     53.50     23184    678968   2224192    114.01   1041644    614700       268
09:15:54       126524    686856   1043708     53.50     23184    678968   2224192    114.01   1041644    614700       268
09:15:55       126524    686856   1043704     53.50     23184    678972   2224192    114.01   1041644    614700       272
09:15:56       126524    686856   1043704     53.50     23184    678972   2224192    114.01   1041644    614700       272
09:15:57       126524    686856   1043700     53.50     23184    678976   2224192    114.01   1041644    614700       276
09:15:58       126524    686856   1043700     53.50     23184    678976   2224192    114.01   1041644    614700       276


Average:       246167    806436    924129     47.37     23182    678906   2100838    107.69    919758    614693       315
