Linux 7.0.0-1010-aws (ip-172-31-31-224) 	08/11/26 	_x86_64_	(2 CPU)

09:15:36        IFACE   rxpck/s   txpck/s    rxkB/s    txkB/s   rxcmp/s   txcmp/s  rxmcst/s   %ifutil
09:15:37         ens5     55.00     48.00      4.55      6.23      0.00      0.00      0.00      0.00

09:15:37        IFACE   rxpck/s   txpck/s    rxkB/s    txkB/s   rxcmp/s   txcmp/s  rxmcst/s   %ifutil
09:15:38         ens5     51.00     45.00      4.22      5.33      0.00      0.00      0.00      0.00

09:15:38        IFACE   rxpck/s   txpck/s    rxkB/s    txkB/s   rxcmp/s   txcmp/s  rxmcst/s   %ifutil
09:15:39         ens5     40.00     34.00      3.12      4.32      0.00      0.00      0.00      0.00

09:15:39        IFACE   rxpck/s   txpck/s    rxkB/s    txkB/s   rxcmp/s   txcmp/s  rxmcst/s   %ifutil
09:15:40         ens5      5.00      7.00      0.25      1.47      0.00      0.00      0.00      0.00

09:15:40        IFACE   rxpck/s   txpck/s    rxkB/s    txkB/s   rxcmp/s   txcmp/s  rxmcst/s   %ifutil
09:15:41         ens5      7.00      6.00      0.36      1.32      0.00      0.00      0.00      0.00

09:15:41        IFACE   rxpck/s   txpck/s    rxkB/s    txkB/s   rxcmp/s   txcmp/s  rxmcst/s   %ifutil
09:15:42         ens5      7.00      9.00      0.36      1.88      0.00      0.00      0.00      0.00

09:15:42        IFACE   rxpck/s   txpck/s    rxkB/s    txkB/s   rxcmp/s   txcmp/s  rxmcst/s   %ifutil
09:15:43         ens5      8.00      6.00      0.41      1.30      0.00      0.00      0.00      0.00

09:15:43        IFACE   rxpck/s   txpck/s    rxkB/s    txkB/s   rxcmp/s   txcmp/s  rxmcst/s   %ifutil
09:15:44         ens5      3.00      3.00      0.15      0.66      0.00      0.00      0.00      0.00

09:15:44        IFACE   rxpck/s   txpck/s    rxkB/s    txkB/s   rxcmp/s   txcmp/s  rxmcst/s   %ifutil
09:15:45         ens5      8.00      8.00      0.41      1.12      0.00      0.00      0.00      0.00

09:15:45        IFACE   rxpck/s   txpck/s    rxkB/s    txkB/s   rxcmp/s   txcmp/s  rxmcst/s   %ifutil
09:15:46         ens5      7.00      5.00      0.43      0.69      0.00      0.00      0.00      0.00

09:15:46        IFACE   rxpck/s   txpck/s    rxkB/s    txkB/s   rxcmp/s   txcmp/s  rxmcst/s   %ifutil
09:15:47         ens5      0.00      0.00      0.00      0.00      0.00      0.00      0.00      0.00

09:15:47        IFACE   rxpck/s   txpck/s    rxkB/s    txkB/s   rxcmp/s   txcmp/s  rxmcst/s   %ifutil
09:15:48         ens5      0.00      0.00      0.00      0.00      0.00      0.00      0.00      0.00

09:15:48        IFACE   rxpck/s   txpck/s    rxkB/s    txkB/s   rxcmp/s   txcmp/s  rxmcst/s   %ifutil
09:15:49         ens5      0.00      0.00      0.00      0.00      0.00      0.00      0.00      0.00

09:15:49        IFACE   rxpck/s   txpck/s    rxkB/s    txkB/s   rxcmp/s   txcmp/s  rxmcst/s   %ifutil
09:15:50         ens5     69.00     55.00      4.33      7.61      0.00      0.00      0.00      0.00

09:15:50        IFACE   rxpck/s   txpck/s    rxkB/s    txkB/s   rxcmp/s   txcmp/s  rxmcst/s   %ifutil
09:15:51         ens5    643.00    479.00     39.70     66.20      0.00      0.00      0.00      0.00

09:15:51        IFACE   rxpck/s   txpck/s    rxkB/s    txkB/s   rxcmp/s   txcmp/s  rxmcst/s   %ifutil
09:15:52         ens5    411.00    310.00     25.45     42.74      0.00      0.00      0.00      0.00

09:15:52        IFACE   rxpck/s   txpck/s    rxkB/s    txkB/s   rxcmp/s   txcmp/s  rxmcst/s   %ifutil
09:15:53         ens5     87.00     64.00      5.36      8.90      0.00      0.00      0.00      0.00

09:15:53        IFACE   rxpck/s   txpck/s    rxkB/s    txkB/s   rxcmp/s   txcmp/s  rxmcst/s   %ifutil
09:15:54         ens5      0.00      0.00      0.00      0.00      0.00      0.00      0.00      0.00

09:15:54        IFACE   rxpck/s   txpck/s    rxkB/s    txkB/s   rxcmp/s   txcmp/s  rxmcst/s   %ifutil
09:15:55         ens5      0.00      0.00      0.00      0.00      0.00      0.00      0.00      0.00

09:15:55        IFACE   rxpck/s   txpck/s    rxkB/s    txkB/s   rxcmp/s   txcmp/s  rxmcst/s   %ifutil
09:15:56         ens5      1.00      1.00      0.05      0.06      0.00      0.00      0.00      0.00

09:15:56        IFACE   rxpck/s   txpck/s    rxkB/s    txkB/s   rxcmp/s   txcmp/s  rxmcst/s   %ifutil
09:15:57         ens5      0.00      1.00      0.00      0.06      0.00      0.00      0.00      0.00

09:15:57        IFACE   rxpck/s   txpck/s    rxkB/s    txkB/s   rxcmp/s   txcmp/s  rxmcst/s   %ifutil
09:15:58         ens5      0.00      0.00      0.00      0.00      0.00      0.00      0.00      0.00


Average:        IFACE   rxpck/s   txpck/s    rxkB/s    txkB/s   rxcmp/s   txcmp/s  rxmcst/s   %ifutil
Average:         ens5     63.73     49.14      4.05      6.81      0.00      0.00      0.00      0.00
