Linux 7.0.0-1008-aws (ip-172-31-31-224) 	07/24/26 	_x86_64_	(2 CPU)

06:31:12        IFACE   rxpck/s   txpck/s    rxkB/s    txkB/s   rxcmp/s   txcmp/s  rxmcst/s   %ifutil
06:31:13         ens5     55.00     50.00      4.48      5.12      0.00      0.00      0.00      0.00

06:31:13        IFACE   rxpck/s   txpck/s    rxkB/s    txkB/s   rxcmp/s   txcmp/s  rxmcst/s   %ifutil
06:31:14         ens5      1.00      0.00      0.05      0.00      0.00      0.00      0.00      0.00

06:31:14        IFACE   rxpck/s   txpck/s    rxkB/s    txkB/s   rxcmp/s   txcmp/s  rxmcst/s   %ifutil
06:31:15         ens5      0.00      0.00      0.00      0.00      0.00      0.00      0.00      0.00

06:31:15        IFACE   rxpck/s   txpck/s    rxkB/s    txkB/s   rxcmp/s   txcmp/s  rxmcst/s   %ifutil
06:31:16         ens5      0.00      0.00      0.00      0.00      0.00      0.00      0.00      0.00

06:31:16        IFACE   rxpck/s   txpck/s    rxkB/s    txkB/s   rxcmp/s   txcmp/s  rxmcst/s   %ifutil
06:31:17         ens5      0.00      0.00      0.00      0.00      0.00      0.00      0.00      0.00

06:31:17        IFACE   rxpck/s   txpck/s    rxkB/s    txkB/s   rxcmp/s   txcmp/s  rxmcst/s   %ifutil
06:31:18         ens5      0.00      0.00      0.00      0.00      0.00      0.00      0.00      0.00

06:31:18        IFACE   rxpck/s   txpck/s    rxkB/s    txkB/s   rxcmp/s   txcmp/s  rxmcst/s   %ifutil
06:31:19         ens5      0.00      0.00      0.00      0.00      0.00      0.00      0.00      0.00

06:31:19        IFACE   rxpck/s   txpck/s    rxkB/s    txkB/s   rxcmp/s   txcmp/s  rxmcst/s   %ifutil
06:31:20         ens5      0.00      0.00      0.00      0.00      0.00      0.00      0.00      0.00

06:31:20        IFACE   rxpck/s   txpck/s    rxkB/s    txkB/s   rxcmp/s   txcmp/s  rxmcst/s   %ifutil
06:31:21         ens5      0.00      0.00      0.00      0.00      0.00      0.00      0.00      0.00

06:31:21        IFACE   rxpck/s   txpck/s    rxkB/s    txkB/s   rxcmp/s   txcmp/s  rxmcst/s   %ifutil
06:31:22         ens5      1.00      1.00      0.07      0.09      0.00      0.00      0.00      0.00

06:31:22        IFACE   rxpck/s   txpck/s    rxkB/s    txkB/s   rxcmp/s   txcmp/s  rxmcst/s   %ifutil
06:31:23         ens5      0.00      0.00      0.00      0.00      0.00      0.00      0.00      0.00

06:31:23        IFACE   rxpck/s   txpck/s    rxkB/s    txkB/s   rxcmp/s   txcmp/s  rxmcst/s   %ifutil
06:31:24         ens5      0.00      0.00      0.00      0.00      0.00      0.00      0.00      0.00

06:31:24        IFACE   rxpck/s   txpck/s    rxkB/s    txkB/s   rxcmp/s   txcmp/s  rxmcst/s   %ifutil
06:31:25         ens5      0.00      0.00      0.00      0.00      0.00      0.00      0.00      0.00

06:31:25        IFACE   rxpck/s   txpck/s    rxkB/s    txkB/s   rxcmp/s   txcmp/s  rxmcst/s   %ifutil
06:31:26         ens5      0.00      0.00      0.00      0.00      0.00      0.00      0.00      0.00

06:31:26        IFACE   rxpck/s   txpck/s    rxkB/s    txkB/s   rxcmp/s   txcmp/s  rxmcst/s   %ifutil
06:31:27         ens5      0.00      0.00      0.00      0.00      0.00      0.00      0.00      0.00

06:31:27        IFACE   rxpck/s   txpck/s    rxkB/s    txkB/s   rxcmp/s   txcmp/s  rxmcst/s   %ifutil
06:31:28         ens5      0.00      0.00      0.00      0.00      0.00      0.00      0.00      0.00

06:31:28        IFACE   rxpck/s   txpck/s    rxkB/s    txkB/s   rxcmp/s   txcmp/s  rxmcst/s   %ifutil
06:31:29         ens5      0.00      0.00      0.00      0.00      0.00      0.00      0.00      0.00

06:31:29        IFACE   rxpck/s   txpck/s    rxkB/s    txkB/s   rxcmp/s   txcmp/s  rxmcst/s   %ifutil
06:31:30         ens5      0.00      0.00      0.00      0.00      0.00      0.00      0.00      0.00

06:31:30        IFACE   rxpck/s   txpck/s    rxkB/s    txkB/s   rxcmp/s   txcmp/s  rxmcst/s   %ifutil
06:31:31         ens5      0.00      0.00      0.00      0.00      0.00      0.00      0.00      0.00

06:31:31        IFACE   rxpck/s   txpck/s    rxkB/s    txkB/s   rxcmp/s   txcmp/s  rxmcst/s   %ifutil
06:31:32         ens5      0.00      0.00      0.00      0.00      0.00      0.00      0.00      0.00

06:31:32        IFACE   rxpck/s   txpck/s    rxkB/s    txkB/s   rxcmp/s   txcmp/s  rxmcst/s   %ifutil
06:31:33         ens5      0.00      0.00      0.00      0.00      0.00      0.00      0.00      0.00

06:31:33        IFACE   rxpck/s   txpck/s    rxkB/s    txkB/s   rxcmp/s   txcmp/s  rxmcst/s   %ifutil
06:31:34         ens5      0.00      0.00      0.00      0.00      0.00      0.00      0.00      0.00

06:31:34        IFACE   rxpck/s   txpck/s    rxkB/s    txkB/s   rxcmp/s   txcmp/s  rxmcst/s   %ifutil
06:31:35         ens5      0.00      0.00      0.00      0.00      0.00      0.00      0.00      0.00

06:31:35        IFACE   rxpck/s   txpck/s    rxkB/s    txkB/s   rxcmp/s   txcmp/s  rxmcst/s   %ifutil
06:31:36         ens5      0.00      0.00      0.00      0.00      0.00      0.00      0.00      0.00

06:31:36        IFACE   rxpck/s   txpck/s    rxkB/s    txkB/s   rxcmp/s   txcmp/s  rxmcst/s   %ifutil
06:31:37         ens5      0.00      0.00      0.00      0.00      0.00      0.00      0.00      0.00

06:31:37        IFACE   rxpck/s   txpck/s    rxkB/s    txkB/s   rxcmp/s   txcmp/s  rxmcst/s   %ifutil
06:31:38         ens5      1.00      1.00      0.07      0.09      0.00      0.00      0.00      0.00

06:31:38        IFACE   rxpck/s   txpck/s    rxkB/s    txkB/s   rxcmp/s   txcmp/s  rxmcst/s   %ifutil
06:31:39         ens5      0.00      0.00      0.00      0.00      0.00      0.00      0.00      0.00

06:31:39        IFACE   rxpck/s   txpck/s    rxkB/s    txkB/s   rxcmp/s   txcmp/s  rxmcst/s   %ifutil
06:31:40         ens5      0.00      0.00      0.00      0.00      0.00      0.00      0.00      0.00

06:31:40        IFACE   rxpck/s   txpck/s    rxkB/s    txkB/s   rxcmp/s   txcmp/s  rxmcst/s   %ifutil
06:31:41         ens5      0.00      0.00      0.00      0.00      0.00      0.00      0.00      0.00

06:31:41        IFACE   rxpck/s   txpck/s    rxkB/s    txkB/s   rxcmp/s   txcmp/s  rxmcst/s   %ifutil
06:31:42         ens5      0.00      0.00      0.00      0.00      0.00      0.00      0.00      0.00

06:31:42        IFACE   rxpck/s   txpck/s    rxkB/s    txkB/s   rxcmp/s   txcmp/s  rxmcst/s   %ifutil
06:31:43         ens5      0.00      0.00      0.00      0.00      0.00      0.00      0.00      0.00

06:31:43        IFACE   rxpck/s   txpck/s    rxkB/s    txkB/s   rxcmp/s   txcmp/s  rxmcst/s   %ifutil
06:31:44         ens5      0.00      0.00      0.00      0.00      0.00      0.00      0.00      0.00

06:31:44        IFACE   rxpck/s   txpck/s    rxkB/s    txkB/s   rxcmp/s   txcmp/s  rxmcst/s   %ifutil
06:31:45         ens5      0.00      0.00      0.00      0.00      0.00      0.00      0.00      0.00

06:31:45        IFACE   rxpck/s   txpck/s    rxkB/s    txkB/s   rxcmp/s   txcmp/s  rxmcst/s   %ifutil
06:31:46         ens5      0.00      0.00      0.00      0.00      0.00      0.00      0.00      0.00

06:31:46        IFACE   rxpck/s   txpck/s    rxkB/s    txkB/s   rxcmp/s   txcmp/s  rxmcst/s   %ifutil
06:31:47         ens5      0.00      0.00      0.00      0.00      0.00      0.00      0.00      0.00

06:31:47        IFACE   rxpck/s   txpck/s    rxkB/s    txkB/s   rxcmp/s   txcmp/s  rxmcst/s   %ifutil
06:31:48         ens5      0.00      0.00      0.00      0.00      0.00      0.00      0.00      0.00

06:31:48        IFACE   rxpck/s   txpck/s    rxkB/s    txkB/s   rxcmp/s   txcmp/s  rxmcst/s   %ifutil
06:31:49         ens5      0.00      0.00      0.00      0.00      0.00      0.00      0.00      0.00

06:31:49        IFACE   rxpck/s   txpck/s    rxkB/s    txkB/s   rxcmp/s   txcmp/s  rxmcst/s   %ifutil
06:31:50         ens5      0.00      0.00      0.00      0.00      0.00      0.00      0.00      0.00

06:31:50        IFACE   rxpck/s   txpck/s    rxkB/s    txkB/s   rxcmp/s   txcmp/s  rxmcst/s   %ifutil
06:31:51         ens5      0.00      0.00      0.00      0.00      0.00      0.00      0.00      0.00

06:31:51        IFACE   rxpck/s   txpck/s    rxkB/s    txkB/s   rxcmp/s   txcmp/s  rxmcst/s   %ifutil
06:31:52         ens5      0.00      0.00      0.00      0.00      0.00      0.00      0.00      0.00

06:31:52        IFACE   rxpck/s   txpck/s    rxkB/s    txkB/s   rxcmp/s   txcmp/s  rxmcst/s   %ifutil
06:31:53         ens5      0.00      0.00      0.00      0.00      0.00      0.00      0.00      0.00

06:31:53        IFACE   rxpck/s   txpck/s    rxkB/s    txkB/s   rxcmp/s   txcmp/s  rxmcst/s   %ifutil
06:31:54         ens5      2.00      2.00      0.10      0.13      0.00      0.00      0.00      0.00

06:31:54        IFACE   rxpck/s   txpck/s    rxkB/s    txkB/s   rxcmp/s   txcmp/s  rxmcst/s   %ifutil
06:31:55         ens5      0.00      0.00      0.00      0.00      0.00      0.00      0.00      0.00

06:31:55        IFACE   rxpck/s   txpck/s    rxkB/s    txkB/s   rxcmp/s   txcmp/s  rxmcst/s   %ifutil
06:31:56         ens5      0.00      0.00      0.00      0.00      0.00      0.00      0.00      0.00

06:31:56        IFACE   rxpck/s   txpck/s    rxkB/s    txkB/s   rxcmp/s   txcmp/s  rxmcst/s   %ifutil
06:31:57         ens5      0.00      0.00      0.00      0.00      0.00      0.00      0.00      0.00

06:31:57        IFACE   rxpck/s   txpck/s    rxkB/s    txkB/s   rxcmp/s   txcmp/s  rxmcst/s   %ifutil
06:31:58         ens5      0.00      0.00      0.00      0.00      0.00      0.00      0.00      0.00

06:31:58        IFACE   rxpck/s   txpck/s    rxkB/s    txkB/s   rxcmp/s   txcmp/s  rxmcst/s   %ifutil
06:31:59         ens5      0.00      0.00      0.00      0.00      0.00      0.00      0.00      0.00

06:31:59        IFACE   rxpck/s   txpck/s    rxkB/s    txkB/s   rxcmp/s   txcmp/s  rxmcst/s   %ifutil
06:32:00         ens5      0.00      0.00      0.00      0.00      0.00      0.00      0.00      0.00

06:32:00        IFACE   rxpck/s   txpck/s    rxkB/s    txkB/s   rxcmp/s   txcmp/s  rxmcst/s   %ifutil
06:32:01         ens5    127.00    131.00     24.31     83.48      0.00      0.00      0.00      0.00

06:32:01        IFACE   rxpck/s   txpck/s    rxkB/s    txkB/s   rxcmp/s   txcmp/s  rxmcst/s   %ifutil
06:32:02         ens5     89.00     80.00     15.52     46.54      0.00      0.00      0.00      0.00

06:32:02        IFACE   rxpck/s   txpck/s    rxkB/s    txkB/s   rxcmp/s   txcmp/s  rxmcst/s   %ifutil
06:32:03         ens5     95.00     91.00     17.65     54.12      0.00      0.00      0.00      0.00

06:32:03        IFACE   rxpck/s   txpck/s    rxkB/s    txkB/s   rxcmp/s   txcmp/s  rxmcst/s   %ifutil
06:32:04         ens5    139.00    134.00     26.97     79.04      0.00      0.00      0.00      0.00

06:32:04        IFACE   rxpck/s   txpck/s    rxkB/s    txkB/s   rxcmp/s   txcmp/s  rxmcst/s   %ifutil
06:32:05         ens5    159.00    152.00     28.46     91.06      0.00      0.00      0.00      0.00

06:32:05        IFACE   rxpck/s   txpck/s    rxkB/s    txkB/s   rxcmp/s   txcmp/s  rxmcst/s   %ifutil
06:32:06         ens5    148.00    143.00     27.68     85.05      0.00      0.00      0.00      0.00

06:32:06        IFACE   rxpck/s   txpck/s    rxkB/s    txkB/s   rxcmp/s   txcmp/s  rxmcst/s   %ifutil
06:32:07         ens5    145.00    141.00     27.52     84.90      0.00      0.00      0.00      0.00

06:32:07        IFACE   rxpck/s   txpck/s    rxkB/s    txkB/s   rxcmp/s   txcmp/s  rxmcst/s   %ifutil
06:32:08         ens5    141.00    137.00     27.22     79.41      0.00      0.00      0.00      0.00

06:32:08        IFACE   rxpck/s   txpck/s    rxkB/s    txkB/s   rxcmp/s   txcmp/s  rxmcst/s   %ifutil
06:32:09         ens5    145.00    140.00     25.93     83.40      0.00      0.00      0.00      0.00

06:32:09        IFACE   rxpck/s   txpck/s    rxkB/s    txkB/s   rxcmp/s   txcmp/s  rxmcst/s   %ifutil
06:32:10         ens5    145.00    143.00     27.53     85.06      0.00      0.00      0.00      0.00

06:32:10        IFACE   rxpck/s   txpck/s    rxkB/s    txkB/s   rxcmp/s   txcmp/s  rxmcst/s   %ifutil
06:32:11         ens5    147.00    144.00     27.62     85.13      0.00      0.00      0.00      0.00

06:32:11        IFACE   rxpck/s   txpck/s    rxkB/s    txkB/s   rxcmp/s   txcmp/s  rxmcst/s   %ifutil
06:32:12         ens5    144.00    143.00     27.46     85.07      0.00      0.00      0.00      0.00

06:32:12        IFACE   rxpck/s   txpck/s    rxkB/s    txkB/s   rxcmp/s   txcmp/s  rxmcst/s   %ifutil
06:32:13         ens5    150.00    153.00     29.58     92.58      0.00      0.00      0.00      0.00

06:32:13        IFACE   rxpck/s   txpck/s    rxkB/s    txkB/s   rxcmp/s   txcmp/s  rxmcst/s   %ifutil
06:32:14         ens5    146.00    143.00     27.57     85.06      0.00      0.00      0.00      0.00

06:32:14        IFACE   rxpck/s   txpck/s    rxkB/s    txkB/s   rxcmp/s   txcmp/s  rxmcst/s   %ifutil
06:32:15         ens5    146.00    143.00     27.57     85.07      0.00      0.00      0.00      0.00

06:32:15        IFACE   rxpck/s   txpck/s    rxkB/s    txkB/s   rxcmp/s   txcmp/s  rxmcst/s   %ifutil
06:32:16         ens5    152.00    145.00     27.89     85.22      0.00      0.00      0.00      0.00

06:32:16        IFACE   rxpck/s   txpck/s    rxkB/s    txkB/s   rxcmp/s   txcmp/s  rxmcst/s   %ifutil
06:32:17         ens5    147.00    143.00     27.61     85.07      0.00      0.00      0.00      0.00

06:32:17        IFACE   rxpck/s   txpck/s    rxkB/s    txkB/s   rxcmp/s   txcmp/s  rxmcst/s   %ifutil
06:32:18         ens5    145.00    143.00     27.53     85.07      0.00      0.00      0.00      0.00

06:32:18        IFACE   rxpck/s   txpck/s    rxkB/s    txkB/s   rxcmp/s   txcmp/s  rxmcst/s   %ifutil
06:32:19         ens5    145.00    143.00     27.51     85.06      0.00      0.00      0.00      0.00

06:32:19        IFACE   rxpck/s   txpck/s    rxkB/s    txkB/s   rxcmp/s   txcmp/s  rxmcst/s   %ifutil
06:32:20         ens5     40.00     39.00      7.53     23.20      0.00      0.00      0.00      0.00

06:32:20        IFACE   rxpck/s   txpck/s    rxkB/s    txkB/s   rxcmp/s   txcmp/s  rxmcst/s   %ifutil
06:32:21         ens5      0.00      0.00      0.00      0.00      0.00      0.00      0.00      0.00

06:32:21        IFACE   rxpck/s   txpck/s    rxkB/s    txkB/s   rxcmp/s   txcmp/s  rxmcst/s   %ifutil
06:32:22         ens5      0.00      0.00      0.00      0.00      0.00      0.00      0.00      0.00

06:32:22        IFACE   rxpck/s   txpck/s    rxkB/s    txkB/s   rxcmp/s   txcmp/s  rxmcst/s   %ifutil
06:32:23         ens5      0.00      0.00      0.00      0.00      0.00      0.00      0.00      0.00

06:32:23        IFACE   rxpck/s   txpck/s    rxkB/s    txkB/s   rxcmp/s   txcmp/s  rxmcst/s   %ifutil
06:32:24         ens5      0.00      0.00      0.00      0.00      0.00      0.00      0.00      0.00

06:32:24        IFACE   rxpck/s   txpck/s    rxkB/s    txkB/s   rxcmp/s   txcmp/s  rxmcst/s   %ifutil
06:32:25         ens5      0.00      0.00      0.00      0.00      0.00      0.00      0.00      0.00

06:32:25        IFACE   rxpck/s   txpck/s    rxkB/s    txkB/s   rxcmp/s   txcmp/s  rxmcst/s   %ifutil
06:32:26         ens5      1.00      1.00      0.07      0.09      0.00      0.00      0.00      0.00

06:32:26        IFACE   rxpck/s   txpck/s    rxkB/s    txkB/s   rxcmp/s   txcmp/s  rxmcst/s   %ifutil
06:32:27         ens5      0.00      0.00      0.00      0.00      0.00      0.00      0.00      0.00

06:32:27        IFACE   rxpck/s   txpck/s    rxkB/s    txkB/s   rxcmp/s   txcmp/s  rxmcst/s   %ifutil
06:32:28         ens5      0.00      0.00      0.00      0.00      0.00      0.00      0.00      0.00

06:32:28        IFACE   rxpck/s   txpck/s    rxkB/s    txkB/s   rxcmp/s   txcmp/s  rxmcst/s   %ifutil
06:32:29         ens5      0.00      0.00      0.00      0.00      0.00      0.00      0.00      0.00

06:32:29        IFACE   rxpck/s   txpck/s    rxkB/s    txkB/s   rxcmp/s   txcmp/s  rxmcst/s   %ifutil
06:32:30         ens5      0.00      0.00      0.00      0.00      0.00      0.00      0.00      0.00

06:32:30        IFACE   rxpck/s   txpck/s    rxkB/s    txkB/s   rxcmp/s   txcmp/s  rxmcst/s   %ifutil
06:32:31         ens5      0.00      0.00      0.00      0.00      0.00      0.00      0.00      0.00

06:32:31        IFACE   rxpck/s   txpck/s    rxkB/s    txkB/s   rxcmp/s   txcmp/s  rxmcst/s   %ifutil
06:32:32         ens5      0.00      0.00      0.00      0.00      0.00      0.00      0.00      0.00

06:32:32        IFACE   rxpck/s   txpck/s    rxkB/s    txkB/s   rxcmp/s   txcmp/s  rxmcst/s   %ifutil
06:32:33         ens5      0.00      0.00      0.00      0.00      0.00      0.00      0.00      0.00

06:32:33        IFACE   rxpck/s   txpck/s    rxkB/s    txkB/s   rxcmp/s   txcmp/s  rxmcst/s   %ifutil
06:32:34         ens5      0.00      0.00      0.00      0.00      0.00      0.00      0.00      0.00

06:32:34        IFACE   rxpck/s   txpck/s    rxkB/s    txkB/s   rxcmp/s   txcmp/s  rxmcst/s   %ifutil
06:32:35         ens5      0.00      0.00      0.00      0.00      0.00      0.00      0.00      0.00

06:32:35        IFACE   rxpck/s   txpck/s    rxkB/s    txkB/s   rxcmp/s   txcmp/s  rxmcst/s   %ifutil
06:32:36         ens5      0.00      0.00      0.00      0.00      0.00      0.00      0.00      0.00

06:32:36        IFACE   rxpck/s   txpck/s    rxkB/s    txkB/s   rxcmp/s   txcmp/s  rxmcst/s   %ifutil
06:32:37         ens5      0.00      0.00      0.00      0.00      0.00      0.00      0.00      0.00

06:32:37        IFACE   rxpck/s   txpck/s    rxkB/s    txkB/s   rxcmp/s   txcmp/s  rxmcst/s   %ifutil
06:32:38         ens5      0.00      0.00      0.00      0.00      0.00      0.00      0.00      0.00

06:32:38        IFACE   rxpck/s   txpck/s    rxkB/s    txkB/s   rxcmp/s   txcmp/s  rxmcst/s   %ifutil
06:32:39         ens5      0.00      0.00      0.00      0.00      0.00      0.00      0.00      0.00

06:32:39        IFACE   rxpck/s   txpck/s    rxkB/s    txkB/s   rxcmp/s   txcmp/s  rxmcst/s   %ifutil
06:32:40         ens5      0.00      0.00      0.00      0.00      0.00      0.00      0.00      0.00

06:32:40        IFACE   rxpck/s   txpck/s    rxkB/s    txkB/s   rxcmp/s   txcmp/s  rxmcst/s   %ifutil
06:32:41         ens5      0.00      0.00      0.00      0.00      0.00      0.00      0.00      0.00

06:32:41        IFACE   rxpck/s   txpck/s    rxkB/s    txkB/s   rxcmp/s   txcmp/s  rxmcst/s   %ifutil
06:32:42         ens5      1.00      1.00      0.07      0.09      0.00      0.00      0.00      0.00

06:32:42        IFACE   rxpck/s   txpck/s    rxkB/s    txkB/s   rxcmp/s   txcmp/s  rxmcst/s   %ifutil
06:32:43         ens5      0.00      0.00      0.00      0.00      0.00      0.00      0.00      0.00

06:32:43        IFACE   rxpck/s   txpck/s    rxkB/s    txkB/s   rxcmp/s   txcmp/s  rxmcst/s   %ifutil
06:32:44         ens5      0.00      0.00      0.00      0.00      0.00      0.00      0.00      0.00

06:32:44        IFACE   rxpck/s   txpck/s    rxkB/s    txkB/s   rxcmp/s   txcmp/s  rxmcst/s   %ifutil
06:32:45         ens5      0.00      0.00      0.00      0.00      0.00      0.00      0.00      0.00

06:32:45        IFACE   rxpck/s   txpck/s    rxkB/s    txkB/s   rxcmp/s   txcmp/s  rxmcst/s   %ifutil
06:32:46         ens5      0.00      0.00      0.00      0.00      0.00      0.00      0.00      0.00

06:32:46        IFACE   rxpck/s   txpck/s    rxkB/s    txkB/s   rxcmp/s   txcmp/s  rxmcst/s   %ifutil
06:32:47         ens5      0.00      0.00      0.00      0.00      0.00      0.00      0.00      0.00

06:32:47        IFACE   rxpck/s   txpck/s    rxkB/s    txkB/s   rxcmp/s   txcmp/s  rxmcst/s   %ifutil
06:32:48         ens5      0.00      0.00      0.00      0.00      0.00      0.00      0.00      0.00

06:32:48        IFACE   rxpck/s   txpck/s    rxkB/s    txkB/s   rxcmp/s   txcmp/s  rxmcst/s   %ifutil
06:32:49         ens5      0.00      0.00      0.00      0.00      0.00      0.00      0.00      0.00

06:32:49        IFACE   rxpck/s   txpck/s    rxkB/s    txkB/s   rxcmp/s   txcmp/s  rxmcst/s   %ifutil
06:32:50         ens5      0.00      0.00      0.00      0.00      0.00      0.00      0.00      0.00

06:32:50        IFACE   rxpck/s   txpck/s    rxkB/s    txkB/s   rxcmp/s   txcmp/s  rxmcst/s   %ifutil
06:32:51         ens5      0.00      0.00      0.00      0.00      0.00      0.00      0.00      0.00

06:32:51        IFACE   rxpck/s   txpck/s    rxkB/s    txkB/s   rxcmp/s   txcmp/s  rxmcst/s   %ifutil
06:32:52         ens5      0.00      0.00      0.00      0.00      0.00      0.00      0.00      0.00

06:32:52        IFACE   rxpck/s   txpck/s    rxkB/s    txkB/s   rxcmp/s   txcmp/s  rxmcst/s   %ifutil
06:32:53         ens5      0.00      0.00      0.00      0.00      0.00      0.00      0.00      0.00

06:32:53        IFACE   rxpck/s   txpck/s    rxkB/s    txkB/s   rxcmp/s   txcmp/s  rxmcst/s   %ifutil
06:32:54         ens5      0.00      0.00      0.00      0.00      0.00      0.00      0.00      0.00

06:32:54        IFACE   rxpck/s   txpck/s    rxkB/s    txkB/s   rxcmp/s   txcmp/s  rxmcst/s   %ifutil
06:32:55         ens5      1.00      1.00      0.03      0.04      0.00      0.00      0.00      0.00

06:32:55        IFACE   rxpck/s   txpck/s    rxkB/s    txkB/s   rxcmp/s   txcmp/s  rxmcst/s   %ifutil
06:32:56         ens5      0.00      0.00      0.00      0.00      0.00      0.00      0.00      0.00

06:32:56        IFACE   rxpck/s   txpck/s    rxkB/s    txkB/s   rxcmp/s   txcmp/s  rxmcst/s   %ifutil
06:32:57         ens5      0.00      0.00      0.00      0.00      0.00      0.00      0.00      0.00

06:32:57        IFACE   rxpck/s   txpck/s    rxkB/s    txkB/s   rxcmp/s   txcmp/s  rxmcst/s   %ifutil
06:32:58         ens5      0.00      0.00      0.00      0.00      0.00      0.00      0.00      0.00

06:32:58        IFACE   rxpck/s   txpck/s    rxkB/s    txkB/s   rxcmp/s   txcmp/s  rxmcst/s   %ifutil
06:32:59         ens5      1.00      1.00      0.07      0.09      0.00      0.00      0.00      0.00

06:32:59        IFACE   rxpck/s   txpck/s    rxkB/s    txkB/s   rxcmp/s   txcmp/s  rxmcst/s   %ifutil
06:33:00         ens5      0.00      0.00      0.00      0.00      0.00      0.00      0.00      0.00

06:33:00        IFACE   rxpck/s   txpck/s    rxkB/s    txkB/s   rxcmp/s   txcmp/s  rxmcst/s   %ifutil
06:33:01         ens5      0.00      0.00      0.00      0.00      0.00      0.00      0.00      0.00

06:33:01        IFACE   rxpck/s   txpck/s    rxkB/s    txkB/s   rxcmp/s   txcmp/s  rxmcst/s   %ifutil
06:33:02         ens5      0.00      0.00      0.00      0.00      0.00      0.00      0.00      0.00

06:33:02        IFACE   rxpck/s   txpck/s    rxkB/s    txkB/s   rxcmp/s   txcmp/s  rxmcst/s   %ifutil
06:33:03         ens5      0.00      0.00      0.00      0.00      0.00      0.00      0.00      0.00

06:33:03        IFACE   rxpck/s   txpck/s    rxkB/s    txkB/s   rxcmp/s   txcmp/s  rxmcst/s   %ifutil
06:33:04         ens5      0.00      0.00      0.00      0.00      0.00      0.00      0.00      0.00

06:33:04        IFACE   rxpck/s   txpck/s    rxkB/s    txkB/s   rxcmp/s   txcmp/s  rxmcst/s   %ifutil
06:33:05         ens5      0.00      0.00      0.00      0.00      0.00      0.00      0.00      0.00

06:33:05        IFACE   rxpck/s   txpck/s    rxkB/s    txkB/s   rxcmp/s   txcmp/s  rxmcst/s   %ifutil
06:33:06         ens5      0.00      0.00      0.00      0.00      0.00      0.00      0.00      0.00

06:33:06        IFACE   rxpck/s   txpck/s    rxkB/s    txkB/s   rxcmp/s   txcmp/s  rxmcst/s   %ifutil
06:33:07         ens5      0.00      0.00      0.00      0.00      0.00      0.00      0.00      0.00

06:33:07        IFACE   rxpck/s   txpck/s    rxkB/s    txkB/s   rxcmp/s   txcmp/s  rxmcst/s   %ifutil
06:33:08         ens5      0.00      0.00      0.00      0.00      0.00      0.00      0.00      0.00

06:33:08        IFACE   rxpck/s   txpck/s    rxkB/s    txkB/s   rxcmp/s   txcmp/s  rxmcst/s   %ifutil
06:33:09         ens5      0.00      0.00      0.00      0.00      0.00      0.00      0.00      0.00

06:33:09        IFACE   rxpck/s   txpck/s    rxkB/s    txkB/s   rxcmp/s   txcmp/s  rxmcst/s   %ifutil
06:33:10         ens5      0.00      0.00      0.00      0.00      0.00      0.00      0.00      0.00

06:33:10        IFACE   rxpck/s   txpck/s    rxkB/s    txkB/s   rxcmp/s   txcmp/s  rxmcst/s   %ifutil
06:33:11         ens5      0.00      0.00      0.00      0.00      0.00      0.00      0.00      0.00

06:33:11        IFACE   rxpck/s   txpck/s    rxkB/s    txkB/s   rxcmp/s   txcmp/s  rxmcst/s   %ifutil
06:33:12         ens5      0.00      0.00      0.00      0.00      0.00      0.00      0.00      0.00

06:33:12        IFACE   rxpck/s   txpck/s    rxkB/s    txkB/s   rxcmp/s   txcmp/s  rxmcst/s   %ifutil
06:33:13         ens5      0.00      0.00      0.00      0.00      0.00      0.00      0.00      0.00

06:33:13        IFACE   rxpck/s   txpck/s    rxkB/s    txkB/s   rxcmp/s   txcmp/s  rxmcst/s   %ifutil
06:33:14         ens5      0.00      0.00      0.00      0.00      0.00      0.00      0.00      0.00

06:33:14        IFACE   rxpck/s   txpck/s    rxkB/s    txkB/s   rxcmp/s   txcmp/s  rxmcst/s   %ifutil
06:33:15         ens5      1.00      1.00      0.07      0.09      0.00      0.00      0.00      0.00

06:33:15        IFACE   rxpck/s   txpck/s    rxkB/s    txkB/s   rxcmp/s   txcmp/s  rxmcst/s   %ifutil
06:33:16         ens5      0.00      0.00      0.00      0.00      0.00      0.00      0.00      0.00

06:33:16        IFACE   rxpck/s   txpck/s    rxkB/s    txkB/s   rxcmp/s   txcmp/s  rxmcst/s   %ifutil
06:33:17         ens5      0.00      0.00      0.00      0.00      0.00      0.00      0.00      0.00

06:33:17        IFACE   rxpck/s   txpck/s    rxkB/s    txkB/s   rxcmp/s   txcmp/s  rxmcst/s   %ifutil
06:33:18         ens5      0.00      0.00      0.00      0.00      0.00      0.00      0.00      0.00

06:33:18        IFACE   rxpck/s   txpck/s    rxkB/s    txkB/s   rxcmp/s   txcmp/s  rxmcst/s   %ifutil
06:33:19         ens5      0.00      0.00      0.00      0.00      0.00      0.00      0.00      0.00

06:33:19        IFACE   rxpck/s   txpck/s    rxkB/s    txkB/s   rxcmp/s   txcmp/s  rxmcst/s   %ifutil
06:33:20         ens5      1.00      1.00      0.03      0.04      0.00      0.00      0.00      0.00

06:33:20        IFACE   rxpck/s   txpck/s    rxkB/s    txkB/s   rxcmp/s   txcmp/s  rxmcst/s   %ifutil
06:33:21         ens5      0.00      0.00      0.00      0.00      0.00      0.00      0.00      0.00

06:33:21        IFACE   rxpck/s   txpck/s    rxkB/s    txkB/s   rxcmp/s   txcmp/s  rxmcst/s   %ifutil
06:33:22         ens5      0.00      0.00      0.00      0.00      0.00      0.00      0.00      0.00

06:33:22        IFACE   rxpck/s   txpck/s    rxkB/s    txkB/s   rxcmp/s   txcmp/s  rxmcst/s   %ifutil
06:33:23         ens5      0.00      0.00      0.00      0.00      0.00      0.00      0.00      0.00

06:33:23        IFACE   rxpck/s   txpck/s    rxkB/s    txkB/s   rxcmp/s   txcmp/s  rxmcst/s   %ifutil
06:33:24         ens5      0.00      0.00      0.00      0.00      0.00      0.00      0.00      0.00

06:33:24        IFACE   rxpck/s   txpck/s    rxkB/s    txkB/s   rxcmp/s   txcmp/s  rxmcst/s   %ifutil
06:33:25         ens5      0.00      0.00      0.00      0.00      0.00      0.00      0.00      0.00

06:33:25        IFACE   rxpck/s   txpck/s    rxkB/s    txkB/s   rxcmp/s   txcmp/s  rxmcst/s   %ifutil
06:33:26         ens5      0.00      0.00      0.00      0.00      0.00      0.00      0.00      0.00

06:33:26        IFACE   rxpck/s   txpck/s    rxkB/s    txkB/s   rxcmp/s   txcmp/s  rxmcst/s   %ifutil
06:33:27         ens5      0.00      0.00      0.00      0.00      0.00      0.00      0.00      0.00

06:33:27        IFACE   rxpck/s   txpck/s    rxkB/s    txkB/s   rxcmp/s   txcmp/s  rxmcst/s   %ifutil
06:33:28         ens5      0.00      0.00      0.00      0.00      0.00      0.00      0.00      0.00

06:33:28        IFACE   rxpck/s   txpck/s    rxkB/s    txkB/s   rxcmp/s   txcmp/s  rxmcst/s   %ifutil
06:33:29         ens5      0.00      0.00      0.00      0.00      0.00      0.00      0.00      0.00

06:33:29        IFACE   rxpck/s   txpck/s    rxkB/s    txkB/s   rxcmp/s   txcmp/s  rxmcst/s   %ifutil
06:33:30         ens5      0.00      0.00      0.00      0.00      0.00      0.00      0.00      0.00

06:33:30        IFACE   rxpck/s   txpck/s    rxkB/s    txkB/s   rxcmp/s   txcmp/s  rxmcst/s   %ifutil
06:33:31         ens5      1.00      1.00      0.07      0.09      0.00      0.00      0.00      0.00

06:33:31        IFACE   rxpck/s   txpck/s    rxkB/s    txkB/s   rxcmp/s   txcmp/s  rxmcst/s   %ifutil
06:33:32         ens5      0.00      0.00      0.00      0.00      0.00      0.00      0.00      0.00

06:33:32        IFACE   rxpck/s   txpck/s    rxkB/s    txkB/s   rxcmp/s   txcmp/s  rxmcst/s   %ifutil
06:33:33         ens5      0.00      0.00      0.00      0.00      0.00      0.00      0.00      0.00

06:33:33        IFACE   rxpck/s   txpck/s    rxkB/s    txkB/s   rxcmp/s   txcmp/s  rxmcst/s   %ifutil
06:33:34         ens5      3.00      2.00      0.22      0.28      0.00      0.00      0.00      0.00

06:33:34        IFACE   rxpck/s   txpck/s    rxkB/s    txkB/s   rxcmp/s   txcmp/s  rxmcst/s   %ifutil
06:33:35         ens5      0.00      0.00      0.00      0.00      0.00      0.00      0.00      0.00

06:33:35        IFACE   rxpck/s   txpck/s    rxkB/s    txkB/s   rxcmp/s   txcmp/s  rxmcst/s   %ifutil
06:33:36         ens5      0.00      0.00      0.00      0.00      0.00      0.00      0.00      0.00

06:33:36        IFACE   rxpck/s   txpck/s    rxkB/s    txkB/s   rxcmp/s   txcmp/s  rxmcst/s   %ifutil
06:33:37         ens5      1.00      1.00      0.04      0.06      0.00      0.00      0.00      0.00

06:33:37        IFACE   rxpck/s   txpck/s    rxkB/s    txkB/s   rxcmp/s   txcmp/s  rxmcst/s   %ifutil
06:33:38         ens5      0.00      1.00      0.00      0.06      0.00      0.00      0.00      0.00

06:33:38        IFACE   rxpck/s   txpck/s    rxkB/s    txkB/s   rxcmp/s   txcmp/s  rxmcst/s   %ifutil
06:33:39         ens5      0.00      0.00      0.00      0.00      0.00      0.00      0.00      0.00

06:33:39        IFACE   rxpck/s   txpck/s    rxkB/s    txkB/s   rxcmp/s   txcmp/s  rxmcst/s   %ifutil
06:33:40         ens5      2.00      3.00      0.12      0.33      0.00      0.00      0.00      0.00


Average:        IFACE   rxpck/s   txpck/s    rxkB/s    txkB/s   rxcmp/s   txcmp/s  rxmcst/s   %ifutil
Average:         ens5     18.70     18.23      3.46     10.64      0.00      0.00      0.00      0.00
