Linux 7.0.0-1008-aws (ip-172-31-20-134) 	07/24/26 	_x86_64_	(2 CPU)

16:31:37        IFACE   rxpck/s   txpck/s    rxkB/s    txkB/s   rxcmp/s   txcmp/s  rxmcst/s   %ifutil
16:31:38         ens5     50.00     52.00      4.19      5.60      0.00      0.00      0.00      0.00

16:31:38        IFACE   rxpck/s   txpck/s    rxkB/s    txkB/s   rxcmp/s   txcmp/s  rxmcst/s   %ifutil
16:31:39         ens5     48.00     48.00      4.12      4.78      0.00      0.00      0.00      0.00

16:31:39        IFACE   rxpck/s   txpck/s    rxkB/s    txkB/s   rxcmp/s   txcmp/s  rxmcst/s   %ifutil
16:31:40         ens5      6.00      5.00      0.48      0.50      0.00      0.00      0.00      0.00

16:31:40        IFACE   rxpck/s   txpck/s    rxkB/s    txkB/s   rxcmp/s   txcmp/s  rxmcst/s   %ifutil
16:31:41         ens5      2.00      2.00      0.07      0.10      0.00      0.00      0.00      0.00

16:31:41        IFACE   rxpck/s   txpck/s    rxkB/s    txkB/s   rxcmp/s   txcmp/s  rxmcst/s   %ifutil
16:31:42         ens5      0.00      1.00      0.00      0.06      0.00      0.00      0.00      0.00

16:31:42        IFACE   rxpck/s   txpck/s    rxkB/s    txkB/s   rxcmp/s   txcmp/s  rxmcst/s   %ifutil
16:31:43         ens5      0.00      0.00      0.00      0.00      0.00      0.00      0.00      0.00

16:31:43        IFACE   rxpck/s   txpck/s    rxkB/s    txkB/s   rxcmp/s   txcmp/s  rxmcst/s   %ifutil
16:31:44         ens5      0.00      1.00      0.00      0.06      0.00      0.00      0.00      0.00

16:31:44        IFACE   rxpck/s   txpck/s    rxkB/s    txkB/s   rxcmp/s   txcmp/s  rxmcst/s   %ifutil
16:31:45         ens5      0.00      0.00      0.00      0.00      0.00      0.00      0.00      0.00

16:31:45        IFACE   rxpck/s   txpck/s    rxkB/s    txkB/s   rxcmp/s   txcmp/s  rxmcst/s   %ifutil
16:31:46         ens5      0.00      0.00      0.00      0.00      0.00      0.00      0.00      0.00

16:31:46        IFACE   rxpck/s   txpck/s    rxkB/s    txkB/s   rxcmp/s   txcmp/s  rxmcst/s   %ifutil
16:31:47         ens5      0.00      0.00      0.00      0.00      0.00      0.00      0.00      0.00

16:31:47        IFACE   rxpck/s   txpck/s    rxkB/s    txkB/s   rxcmp/s   txcmp/s  rxmcst/s   %ifutil
16:31:48         ens5      0.00      1.00      0.00      0.06      0.00      0.00      0.00      0.00

16:31:48        IFACE   rxpck/s   txpck/s    rxkB/s    txkB/s   rxcmp/s   txcmp/s  rxmcst/s   %ifutil
16:31:49         ens5      0.00      0.00      0.00      0.00      0.00      0.00      0.00      0.00

16:31:49        IFACE   rxpck/s   txpck/s    rxkB/s    txkB/s   rxcmp/s   txcmp/s  rxmcst/s   %ifutil
16:31:50         ens5      0.00      0.00      0.00      0.00      0.00      0.00      0.00      0.00

16:31:50        IFACE   rxpck/s   txpck/s    rxkB/s    txkB/s   rxcmp/s   txcmp/s  rxmcst/s   %ifutil
16:31:51         ens5      0.00      0.00      0.00      0.00      0.00      0.00      0.00      0.00

16:31:51        IFACE   rxpck/s   txpck/s    rxkB/s    txkB/s   rxcmp/s   txcmp/s  rxmcst/s   %ifutil
16:31:52         ens5      0.00      0.00      0.00      0.00      0.00      0.00      0.00      0.00

16:31:52        IFACE   rxpck/s   txpck/s    rxkB/s    txkB/s   rxcmp/s   txcmp/s  rxmcst/s   %ifutil
16:31:53         ens5      1.00      1.00      0.07      0.09      0.00      0.00      0.00      0.00

16:31:53        IFACE   rxpck/s   txpck/s    rxkB/s    txkB/s   rxcmp/s   txcmp/s  rxmcst/s   %ifutil
16:31:54         ens5      0.00      0.00      0.00      0.00      0.00      0.00      0.00      0.00

16:31:54        IFACE   rxpck/s   txpck/s    rxkB/s    txkB/s   rxcmp/s   txcmp/s  rxmcst/s   %ifutil
16:31:55         ens5      0.00      0.00      0.00      0.00      0.00      0.00      0.00      0.00

16:31:55        IFACE   rxpck/s   txpck/s    rxkB/s    txkB/s   rxcmp/s   txcmp/s  rxmcst/s   %ifutil
16:31:56         ens5      0.00      1.00      0.00      0.06      0.00      0.00      0.00      0.00

16:31:56        IFACE   rxpck/s   txpck/s    rxkB/s    txkB/s   rxcmp/s   txcmp/s  rxmcst/s   %ifutil
16:31:57         ens5      0.00      0.00      0.00      0.00      0.00      0.00      0.00      0.00

16:31:57        IFACE   rxpck/s   txpck/s    rxkB/s    txkB/s   rxcmp/s   txcmp/s  rxmcst/s   %ifutil
16:31:58         ens5      0.00      0.00      0.00      0.00      0.00      0.00      0.00      0.00

16:31:58        IFACE   rxpck/s   txpck/s    rxkB/s    txkB/s   rxcmp/s   txcmp/s  rxmcst/s   %ifutil
16:31:59         ens5      0.00      0.00      0.00      0.00      0.00      0.00      0.00      0.00

16:31:59        IFACE   rxpck/s   txpck/s    rxkB/s    txkB/s   rxcmp/s   txcmp/s  rxmcst/s   %ifutil
16:32:00         ens5      3.00      3.00      0.49      0.99      0.00      0.00      0.00      0.00

16:32:00        IFACE   rxpck/s   txpck/s    rxkB/s    txkB/s   rxcmp/s   txcmp/s  rxmcst/s   %ifutil
16:32:01         ens5    267.00    241.00    120.52     53.73      0.00      0.00      0.00      0.00

16:32:01        IFACE   rxpck/s   txpck/s    rxkB/s    txkB/s   rxcmp/s   txcmp/s  rxmcst/s   %ifutil
16:32:02         ens5    155.00    142.00     57.05     30.72      0.00      0.00      0.00      0.00

16:32:02        IFACE   rxpck/s   txpck/s    rxkB/s    txkB/s   rxcmp/s   txcmp/s  rxmcst/s   %ifutil
16:32:03         ens5    171.00    155.00     59.89     34.72      0.00      0.00      0.00      0.00

16:32:03        IFACE   rxpck/s   txpck/s    rxkB/s    txkB/s   rxcmp/s   txcmp/s  rxmcst/s   %ifutil
16:32:04         ens5    253.00    227.00     88.01     52.84      0.00      0.00      0.00      0.00

16:32:04        IFACE   rxpck/s   txpck/s    rxkB/s    txkB/s   rxcmp/s   txcmp/s  rxmcst/s   %ifutil
16:32:05         ens5    275.00    249.00     99.73     55.19      0.00      0.00      0.00      0.00

16:32:05        IFACE   rxpck/s   txpck/s    rxkB/s    txkB/s   rxcmp/s   txcmp/s  rxmcst/s   %ifutil
16:32:06         ens5    259.00    236.00     93.60     53.85      0.00      0.00      0.00      0.00

16:32:06        IFACE   rxpck/s   txpck/s    rxkB/s    txkB/s   rxcmp/s   txcmp/s  rxmcst/s   %ifutil
16:32:07         ens5    264.00    236.00     93.87     53.96      0.00      0.00      0.00      0.00

16:32:07        IFACE   rxpck/s   txpck/s    rxkB/s    txkB/s   rxcmp/s   txcmp/s  rxmcst/s   %ifutil
16:32:08         ens5    255.00    226.00     86.70     52.55      0.00      0.00      0.00      0.00

16:32:08        IFACE   rxpck/s   txpck/s    rxkB/s    txkB/s   rxcmp/s   txcmp/s  rxmcst/s   %ifutil
16:32:09         ens5    264.00    238.00     93.88     52.56      0.00      0.00      0.00      0.00

16:32:09        IFACE   rxpck/s   txpck/s    rxkB/s    txkB/s   rxcmp/s   txcmp/s  rxmcst/s   %ifutil
16:32:10         ens5    260.00    231.00     93.44     53.09      0.00      0.00      0.00      0.00

16:32:10        IFACE   rxpck/s   txpck/s    rxkB/s    txkB/s   rxcmp/s   txcmp/s  rxmcst/s   %ifutil
16:32:11         ens5    269.00    238.00     94.35     54.56      0.00      0.00      0.00      0.00

16:32:11        IFACE   rxpck/s   txpck/s    rxkB/s    txkB/s   rxcmp/s   txcmp/s  rxmcst/s   %ifutil
16:32:12         ens5    266.00    236.00     94.00     55.59      0.00      0.00      0.00      0.00

16:32:12        IFACE   rxpck/s   txpck/s    rxkB/s    txkB/s   rxcmp/s   txcmp/s  rxmcst/s   %ifutil
16:32:13         ens5    269.00    240.00     95.63     54.49      0.00      0.00      0.00      0.00

16:32:13        IFACE   rxpck/s   txpck/s    rxkB/s    txkB/s   rxcmp/s   txcmp/s  rxmcst/s   %ifutil
16:32:14         ens5    264.00    235.00     93.89     53.92      0.00      0.00      0.00      0.00

16:32:14        IFACE   rxpck/s   txpck/s    rxkB/s    txkB/s   rxcmp/s   txcmp/s  rxmcst/s   %ifutil
16:32:15         ens5    264.00    235.00     93.89     53.92      0.00      0.00      0.00      0.00

16:32:15        IFACE   rxpck/s   txpck/s    rxkB/s    txkB/s   rxcmp/s   txcmp/s  rxmcst/s   %ifutil
16:32:16         ens5    271.00    245.00     99.50     55.10      0.00      0.00      0.00      0.00

16:32:16        IFACE   rxpck/s   txpck/s    rxkB/s    txkB/s   rxcmp/s   txcmp/s  rxmcst/s   %ifutil
16:32:17         ens5    271.00    238.00     94.29     54.07      0.00      0.00      0.00      0.00

16:32:17        IFACE   rxpck/s   txpck/s    rxkB/s    txkB/s   rxcmp/s   txcmp/s  rxmcst/s   %ifutil
16:32:18         ens5    262.00    237.00     93.79     54.09      0.00      0.00      0.00      0.00

16:32:18        IFACE   rxpck/s   txpck/s    rxkB/s    txkB/s   rxcmp/s   txcmp/s  rxmcst/s   %ifutil
16:32:19         ens5    274.00    241.00     99.13     56.12      0.00      0.00      0.00      0.00

16:32:19        IFACE   rxpck/s   txpck/s    rxkB/s    txkB/s   rxcmp/s   txcmp/s  rxmcst/s   %ifutil
16:32:20         ens5     75.00     66.00     25.78     14.85      0.00      0.00      0.00      0.00

16:32:20        IFACE   rxpck/s   txpck/s    rxkB/s    txkB/s   rxcmp/s   txcmp/s  rxmcst/s   %ifutil
16:32:21         ens5      0.00      0.00      0.00      0.00      0.00      0.00      0.00      0.00

16:32:21        IFACE   rxpck/s   txpck/s    rxkB/s    txkB/s   rxcmp/s   txcmp/s  rxmcst/s   %ifutil
16:32:22         ens5      0.00      0.00      0.00      0.00      0.00      0.00      0.00      0.00

16:32:22        IFACE   rxpck/s   txpck/s    rxkB/s    txkB/s   rxcmp/s   txcmp/s  rxmcst/s   %ifutil
16:32:23         ens5      0.00      0.00      0.00      0.00      0.00      0.00      0.00      0.00

16:32:23        IFACE   rxpck/s   txpck/s    rxkB/s    txkB/s   rxcmp/s   txcmp/s  rxmcst/s   %ifutil
16:32:24         ens5      0.00      0.00      0.00      0.00      0.00      0.00      0.00      0.00

16:32:24        IFACE   rxpck/s   txpck/s    rxkB/s    txkB/s   rxcmp/s   txcmp/s  rxmcst/s   %ifutil
16:32:25         ens5      1.00      1.00      0.07      0.09      0.00      0.00      0.00      0.00

16:32:25        IFACE   rxpck/s   txpck/s    rxkB/s    txkB/s   rxcmp/s   txcmp/s  rxmcst/s   %ifutil
16:32:26         ens5      0.00      0.00      0.00      0.00      0.00      0.00      0.00      0.00

16:32:26        IFACE   rxpck/s   txpck/s    rxkB/s    txkB/s   rxcmp/s   txcmp/s  rxmcst/s   %ifutil
16:32:27         ens5      0.00      0.00      0.00      0.00      0.00      0.00      0.00      0.00

16:32:27        IFACE   rxpck/s   txpck/s    rxkB/s    txkB/s   rxcmp/s   txcmp/s  rxmcst/s   %ifutil
16:32:28         ens5      0.00      0.00      0.00      0.00      0.00      0.00      0.00      0.00

16:32:28        IFACE   rxpck/s   txpck/s    rxkB/s    txkB/s   rxcmp/s   txcmp/s  rxmcst/s   %ifutil
16:32:29         ens5      0.00      0.00      0.00      0.00      0.00      0.00      0.00      0.00

16:32:29        IFACE   rxpck/s   txpck/s    rxkB/s    txkB/s   rxcmp/s   txcmp/s  rxmcst/s   %ifutil
16:32:30         ens5      0.00      0.00      0.00      0.00      0.00      0.00      0.00      0.00

16:32:30        IFACE   rxpck/s   txpck/s    rxkB/s    txkB/s   rxcmp/s   txcmp/s  rxmcst/s   %ifutil
16:32:31         ens5      0.00      0.00      0.00      0.00      0.00      0.00      0.00      0.00

16:32:31        IFACE   rxpck/s   txpck/s    rxkB/s    txkB/s   rxcmp/s   txcmp/s  rxmcst/s   %ifutil
16:32:32         ens5      0.00      0.00      0.00      0.00      0.00      0.00      0.00      0.00

16:32:32        IFACE   rxpck/s   txpck/s    rxkB/s    txkB/s   rxcmp/s   txcmp/s  rxmcst/s   %ifutil
16:32:33         ens5      0.00      0.00      0.00      0.00      0.00      0.00      0.00      0.00

16:32:33        IFACE   rxpck/s   txpck/s    rxkB/s    txkB/s   rxcmp/s   txcmp/s  rxmcst/s   %ifutil
16:32:34         ens5      0.00      0.00      0.00      0.00      0.00      0.00      0.00      0.00

16:32:34        IFACE   rxpck/s   txpck/s    rxkB/s    txkB/s   rxcmp/s   txcmp/s  rxmcst/s   %ifutil
16:32:35         ens5      0.00      0.00      0.00      0.00      0.00      0.00      0.00      0.00

16:32:35        IFACE   rxpck/s   txpck/s    rxkB/s    txkB/s   rxcmp/s   txcmp/s  rxmcst/s   %ifutil
16:32:36         ens5      0.00      0.00      0.00      0.00      0.00      0.00      0.00      0.00

16:32:36        IFACE   rxpck/s   txpck/s    rxkB/s    txkB/s   rxcmp/s   txcmp/s  rxmcst/s   %ifutil
16:32:37         ens5      0.00      0.00      0.00      0.00      0.00      0.00      0.00      0.00

16:32:37        IFACE   rxpck/s   txpck/s    rxkB/s    txkB/s   rxcmp/s   txcmp/s  rxmcst/s   %ifutil
16:32:38         ens5      0.00      0.00      0.00      0.00      0.00      0.00      0.00      0.00

16:32:38        IFACE   rxpck/s   txpck/s    rxkB/s    txkB/s   rxcmp/s   txcmp/s  rxmcst/s   %ifutil
16:32:39         ens5      0.00      0.00      0.00      0.00      0.00      0.00      0.00      0.00

16:32:39        IFACE   rxpck/s   txpck/s    rxkB/s    txkB/s   rxcmp/s   txcmp/s  rxmcst/s   %ifutil
16:32:40         ens5      0.00      0.00      0.00      0.00      0.00      0.00      0.00      0.00

16:32:40        IFACE   rxpck/s   txpck/s    rxkB/s    txkB/s   rxcmp/s   txcmp/s  rxmcst/s   %ifutil
16:32:41         ens5      1.00      1.00      0.07      0.09      0.00      0.00      0.00      0.00

16:32:41        IFACE   rxpck/s   txpck/s    rxkB/s    txkB/s   rxcmp/s   txcmp/s  rxmcst/s   %ifutil
16:32:42         ens5      1.00      1.00      0.03      0.04      0.00      0.00      0.00      0.00

16:32:42        IFACE   rxpck/s   txpck/s    rxkB/s    txkB/s   rxcmp/s   txcmp/s  rxmcst/s   %ifutil
16:32:43         ens5      0.00      0.00      0.00      0.00      0.00      0.00      0.00      0.00

16:32:43        IFACE   rxpck/s   txpck/s    rxkB/s    txkB/s   rxcmp/s   txcmp/s  rxmcst/s   %ifutil
16:32:44         ens5      0.00      0.00      0.00      0.00      0.00      0.00      0.00      0.00

16:32:44        IFACE   rxpck/s   txpck/s    rxkB/s    txkB/s   rxcmp/s   txcmp/s  rxmcst/s   %ifutil
16:32:45         ens5      0.00      0.00      0.00      0.00      0.00      0.00      0.00      0.00

16:32:45        IFACE   rxpck/s   txpck/s    rxkB/s    txkB/s   rxcmp/s   txcmp/s  rxmcst/s   %ifutil
16:32:46         ens5      0.00      0.00      0.00      0.00      0.00      0.00      0.00      0.00

16:32:46        IFACE   rxpck/s   txpck/s    rxkB/s    txkB/s   rxcmp/s   txcmp/s  rxmcst/s   %ifutil
16:32:47         ens5      0.00      0.00      0.00      0.00      0.00      0.00      0.00      0.00

16:32:47        IFACE   rxpck/s   txpck/s    rxkB/s    txkB/s   rxcmp/s   txcmp/s  rxmcst/s   %ifutil
16:32:48         ens5      0.00      0.00      0.00      0.00      0.00      0.00      0.00      0.00

16:32:48        IFACE   rxpck/s   txpck/s    rxkB/s    txkB/s   rxcmp/s   txcmp/s  rxmcst/s   %ifutil
16:32:49         ens5      0.00      0.00      0.00      0.00      0.00      0.00      0.00      0.00

16:32:49        IFACE   rxpck/s   txpck/s    rxkB/s    txkB/s   rxcmp/s   txcmp/s  rxmcst/s   %ifutil
16:32:50         ens5      1.00      1.00      0.05      0.06      0.00      0.00      0.00      0.00

16:32:50        IFACE   rxpck/s   txpck/s    rxkB/s    txkB/s   rxcmp/s   txcmp/s  rxmcst/s   %ifutil
16:32:51         ens5      0.00      0.00      0.00      0.00      0.00      0.00      0.00      0.00

16:32:51        IFACE   rxpck/s   txpck/s    rxkB/s    txkB/s   rxcmp/s   txcmp/s  rxmcst/s   %ifutil
16:32:52         ens5      0.00      0.00      0.00      0.00      0.00      0.00      0.00      0.00

16:32:52        IFACE   rxpck/s   txpck/s    rxkB/s    txkB/s   rxcmp/s   txcmp/s  rxmcst/s   %ifutil
16:32:53         ens5      0.00      0.00      0.00      0.00      0.00      0.00      0.00      0.00

16:32:53        IFACE   rxpck/s   txpck/s    rxkB/s    txkB/s   rxcmp/s   txcmp/s  rxmcst/s   %ifutil
16:32:54         ens5      0.00      0.00      0.00      0.00      0.00      0.00      0.00      0.00

16:32:54        IFACE   rxpck/s   txpck/s    rxkB/s    txkB/s   rxcmp/s   txcmp/s  rxmcst/s   %ifutil
16:32:55         ens5      0.00      0.00      0.00      0.00      0.00      0.00      0.00      0.00

16:32:55        IFACE   rxpck/s   txpck/s    rxkB/s    txkB/s   rxcmp/s   txcmp/s  rxmcst/s   %ifutil
16:32:56         ens5      0.00      0.00      0.00      0.00      0.00      0.00      0.00      0.00

16:32:56        IFACE   rxpck/s   txpck/s    rxkB/s    txkB/s   rxcmp/s   txcmp/s  rxmcst/s   %ifutil
16:32:57         ens5      1.00      1.00      0.07      0.09      0.00      0.00      0.00      0.00

16:32:57        IFACE   rxpck/s   txpck/s    rxkB/s    txkB/s   rxcmp/s   txcmp/s  rxmcst/s   %ifutil
16:32:58         ens5      1.00      1.00      0.21      0.22      0.00      0.00      0.00      0.00

16:32:58        IFACE   rxpck/s   txpck/s    rxkB/s    txkB/s   rxcmp/s   txcmp/s  rxmcst/s   %ifutil
16:32:59         ens5      1.00      1.00      0.28      0.29      0.00      0.00      0.00      0.00

16:32:59        IFACE   rxpck/s   txpck/s    rxkB/s    txkB/s   rxcmp/s   txcmp/s  rxmcst/s   %ifutil
16:33:00         ens5      0.00      0.00      0.00      0.00      0.00      0.00      0.00      0.00

16:33:00        IFACE   rxpck/s   txpck/s    rxkB/s    txkB/s   rxcmp/s   txcmp/s  rxmcst/s   %ifutil
16:33:01         ens5      0.00      0.00      0.00      0.00      0.00      0.00      0.00      0.00

16:33:01        IFACE   rxpck/s   txpck/s    rxkB/s    txkB/s   rxcmp/s   txcmp/s  rxmcst/s   %ifutil
16:33:02         ens5      1.00      1.00      0.03      0.04      0.00      0.00      0.00      0.00

16:33:02        IFACE   rxpck/s   txpck/s    rxkB/s    txkB/s   rxcmp/s   txcmp/s  rxmcst/s   %ifutil
16:33:03         ens5      0.00      0.00      0.00      0.00      0.00      0.00      0.00      0.00

16:33:03        IFACE   rxpck/s   txpck/s    rxkB/s    txkB/s   rxcmp/s   txcmp/s  rxmcst/s   %ifutil
16:33:04         ens5      0.00      0.00      0.00      0.00      0.00      0.00      0.00      0.00

16:33:04        IFACE   rxpck/s   txpck/s    rxkB/s    txkB/s   rxcmp/s   txcmp/s  rxmcst/s   %ifutil
16:33:05         ens5      0.00      0.00      0.00      0.00      0.00      0.00      0.00      0.00

16:33:05        IFACE   rxpck/s   txpck/s    rxkB/s    txkB/s   rxcmp/s   txcmp/s  rxmcst/s   %ifutil
16:33:06         ens5      0.00      0.00      0.00      0.00      0.00      0.00      0.00      0.00

16:33:06        IFACE   rxpck/s   txpck/s    rxkB/s    txkB/s   rxcmp/s   txcmp/s  rxmcst/s   %ifutil
16:33:07         ens5      0.00      0.00      0.00      0.00      0.00      0.00      0.00      0.00

16:33:07        IFACE   rxpck/s   txpck/s    rxkB/s    txkB/s   rxcmp/s   txcmp/s  rxmcst/s   %ifutil
16:33:08         ens5      0.00      0.00      0.00      0.00      0.00      0.00      0.00      0.00

16:33:08        IFACE   rxpck/s   txpck/s    rxkB/s    txkB/s   rxcmp/s   txcmp/s  rxmcst/s   %ifutil
16:33:09         ens5      0.00      0.00      0.00      0.00      0.00      0.00      0.00      0.00

16:33:09        IFACE   rxpck/s   txpck/s    rxkB/s    txkB/s   rxcmp/s   txcmp/s  rxmcst/s   %ifutil
16:33:10         ens5      0.00      0.00      0.00      0.00      0.00      0.00      0.00      0.00

16:33:10        IFACE   rxpck/s   txpck/s    rxkB/s    txkB/s   rxcmp/s   txcmp/s  rxmcst/s   %ifutil
16:33:11         ens5      0.00      0.00      0.00      0.00      0.00      0.00      0.00      0.00

16:33:11        IFACE   rxpck/s   txpck/s    rxkB/s    txkB/s   rxcmp/s   txcmp/s  rxmcst/s   %ifutil
16:33:12         ens5      0.00      0.00      0.00      0.00      0.00      0.00      0.00      0.00

16:33:12        IFACE   rxpck/s   txpck/s    rxkB/s    txkB/s   rxcmp/s   txcmp/s  rxmcst/s   %ifutil
16:33:13         ens5      1.00      1.00      0.07      0.09      0.00      0.00      0.00      0.00

16:33:13        IFACE   rxpck/s   txpck/s    rxkB/s    txkB/s   rxcmp/s   txcmp/s  rxmcst/s   %ifutil
16:33:14         ens5      0.00      0.00      0.00      0.00      0.00      0.00      0.00      0.00

16:33:14        IFACE   rxpck/s   txpck/s    rxkB/s    txkB/s   rxcmp/s   txcmp/s  rxmcst/s   %ifutil
16:33:15         ens5      0.00      0.00      0.00      0.00      0.00      0.00      0.00      0.00

16:33:15        IFACE   rxpck/s   txpck/s    rxkB/s    txkB/s   rxcmp/s   txcmp/s  rxmcst/s   %ifutil
16:33:16         ens5      0.00      0.00      0.00      0.00      0.00      0.00      0.00      0.00

16:33:16        IFACE   rxpck/s   txpck/s    rxkB/s    txkB/s   rxcmp/s   txcmp/s  rxmcst/s   %ifutil
16:33:17         ens5      0.00      0.00      0.00      0.00      0.00      0.00      0.00      0.00

16:33:17        IFACE   rxpck/s   txpck/s    rxkB/s    txkB/s   rxcmp/s   txcmp/s  rxmcst/s   %ifutil
16:33:18         ens5      0.00      0.00      0.00      0.00      0.00      0.00      0.00      0.00

16:33:18        IFACE   rxpck/s   txpck/s    rxkB/s    txkB/s   rxcmp/s   txcmp/s  rxmcst/s   %ifutil
16:33:19         ens5      0.00      0.00      0.00      0.00      0.00      0.00      0.00      0.00

16:33:19        IFACE   rxpck/s   txpck/s    rxkB/s    txkB/s   rxcmp/s   txcmp/s  rxmcst/s   %ifutil
16:33:20         ens5      1.00      1.00      0.05      0.06      0.00      0.00      0.00      0.00

16:33:20        IFACE   rxpck/s   txpck/s    rxkB/s    txkB/s   rxcmp/s   txcmp/s  rxmcst/s   %ifutil
16:33:21         ens5      0.00      0.00      0.00      0.00      0.00      0.00      0.00      0.00

16:33:21        IFACE   rxpck/s   txpck/s    rxkB/s    txkB/s   rxcmp/s   txcmp/s  rxmcst/s   %ifutil
16:33:22         ens5     23.00     22.00      7.93      5.70      0.00      0.00      0.00      0.00

16:33:22        IFACE   rxpck/s   txpck/s    rxkB/s    txkB/s   rxcmp/s   txcmp/s  rxmcst/s   %ifutil
16:33:23         ens5      0.00      0.00      0.00      0.00      0.00      0.00      0.00      0.00

16:33:23        IFACE   rxpck/s   txpck/s    rxkB/s    txkB/s   rxcmp/s   txcmp/s  rxmcst/s   %ifutil
16:33:24         ens5      0.00      0.00      0.00      0.00      0.00      0.00      0.00      0.00

16:33:24        IFACE   rxpck/s   txpck/s    rxkB/s    txkB/s   rxcmp/s   txcmp/s  rxmcst/s   %ifutil
16:33:25         ens5      0.00      0.00      0.00      0.00      0.00      0.00      0.00      0.00

16:33:25        IFACE   rxpck/s   txpck/s    rxkB/s    txkB/s   rxcmp/s   txcmp/s  rxmcst/s   %ifutil
16:33:26         ens5      0.00      0.00      0.00      0.00      0.00      0.00      0.00      0.00

16:33:26        IFACE   rxpck/s   txpck/s    rxkB/s    txkB/s   rxcmp/s   txcmp/s  rxmcst/s   %ifutil
16:33:27         ens5      0.00      0.00      0.00      0.00      0.00      0.00      0.00      0.00

16:33:27        IFACE   rxpck/s   txpck/s    rxkB/s    txkB/s   rxcmp/s   txcmp/s  rxmcst/s   %ifutil
16:33:28         ens5      0.00      0.00      0.00      0.00      0.00      0.00      0.00      0.00

16:33:28        IFACE   rxpck/s   txpck/s    rxkB/s    txkB/s   rxcmp/s   txcmp/s  rxmcst/s   %ifutil
16:33:29         ens5      0.00      0.00      0.00      0.00      0.00      0.00      0.00      0.00

16:33:29        IFACE   rxpck/s   txpck/s    rxkB/s    txkB/s   rxcmp/s   txcmp/s  rxmcst/s   %ifutil
16:33:30         ens5      1.00      1.00      0.07      0.09      0.00      0.00      0.00      0.00

16:33:30        IFACE   rxpck/s   txpck/s    rxkB/s    txkB/s   rxcmp/s   txcmp/s  rxmcst/s   %ifutil
16:33:31         ens5      0.00      0.00      0.00      0.00      0.00      0.00      0.00      0.00

16:33:31        IFACE   rxpck/s   txpck/s    rxkB/s    txkB/s   rxcmp/s   txcmp/s  rxmcst/s   %ifutil
16:33:32         ens5      0.00      0.00      0.00      0.00      0.00      0.00      0.00      0.00

16:33:32        IFACE   rxpck/s   txpck/s    rxkB/s    txkB/s   rxcmp/s   txcmp/s  rxmcst/s   %ifutil
16:33:33         ens5      0.00      0.00      0.00      0.00      0.00      0.00      0.00      0.00

16:33:33        IFACE   rxpck/s   txpck/s    rxkB/s    txkB/s   rxcmp/s   txcmp/s  rxmcst/s   %ifutil
16:33:34         ens5      0.00      0.00      0.00      0.00      0.00      0.00      0.00      0.00

16:33:34        IFACE   rxpck/s   txpck/s    rxkB/s    txkB/s   rxcmp/s   txcmp/s  rxmcst/s   %ifutil
16:33:35         ens5      0.00      0.00      0.00      0.00      0.00      0.00      0.00      0.00

16:33:35        IFACE   rxpck/s   txpck/s    rxkB/s    txkB/s   rxcmp/s   txcmp/s  rxmcst/s   %ifutil
16:33:36         ens5      0.00      0.00      0.00      0.00      0.00      0.00      0.00      0.00

16:33:36        IFACE   rxpck/s   txpck/s    rxkB/s    txkB/s   rxcmp/s   txcmp/s  rxmcst/s   %ifutil
16:33:37         ens5      0.00      0.00      0.00      0.00      0.00      0.00      0.00      0.00

16:33:37        IFACE   rxpck/s   txpck/s    rxkB/s    txkB/s   rxcmp/s   txcmp/s  rxmcst/s   %ifutil
16:33:38         ens5      0.00      0.00      0.00      0.00      0.00      0.00      0.00      0.00

16:33:38        IFACE   rxpck/s   txpck/s    rxkB/s    txkB/s   rxcmp/s   txcmp/s  rxmcst/s   %ifutil
16:33:39         ens5      0.00      0.00      0.00      0.00      0.00      0.00      0.00      0.00

16:33:39        IFACE   rxpck/s   txpck/s    rxkB/s    txkB/s   rxcmp/s   txcmp/s  rxmcst/s   %ifutil
16:33:40         ens5      0.00      0.00      0.00      0.00      0.00      0.00      0.00      0.00

16:33:40        IFACE   rxpck/s   txpck/s    rxkB/s    txkB/s   rxcmp/s   txcmp/s  rxmcst/s   %ifutil
16:33:41         ens5      0.00      0.00      0.00      0.00      0.00      0.00      0.00      0.00


Average:        IFACE   rxpck/s   txpck/s    rxkB/s    txkB/s   rxcmp/s   txcmp/s  rxmcst/s   %ifutil
Average:         ens5     40.74     36.61     14.43      8.22      0.00      0.00      0.00      0.00
