Linux 7.0.0-1008-aws (ip-172-31-20-134) 	07/24/26 	_x86_64_	(2 CPU)

16:31:37    kbmemfree   kbavail kbmemused  %memused kbbuffers  kbcached  kbcommit   %commit  kbactive   kbinact   kbdirty
16:31:38       355292   1335308    361712     18.54     46564   1049392   1366516     70.05    299304   1054292       300
16:31:39       355292   1335308    361712     18.54     46564   1049392   1366516     70.05    299304   1054292       300
16:31:40       355292   1335308    361712     18.54     46564   1049392   1366516     70.05    299304   1054292       300
16:31:41       355292   1335308    361712     18.54     46564   1049392   1366516     70.05    299304   1054292       300
16:31:42       355292   1335308    361708     18.54     46564   1049396   1366516     70.05    299304   1054292       304
16:31:43       355292   1335308    361708     18.54     46564   1049396   1366516     70.05    299304   1054292       304
16:31:44       354536   1334556    362456     18.58     46564   1049404   1366516     70.05    299208   1054296       312
16:31:45       354536   1334556    362456     18.58     46564   1049404   1366516     70.05    299208   1054296       312
16:31:46       354536   1334556    362456     18.58     46564   1049404   1366516     70.05    299292   1054296       312
16:31:47       354536   1334580    362384     18.58     46564   1049476   1366516     70.05    299312   1054304       316
16:31:48       354536   1334580    362384     18.58     46564   1049476   1366516     70.05    299312   1054304       316
16:31:49       354284   1334432    362444     18.58     46584   1049648   1366516     70.05    300220   1054308       372
16:31:50       354284   1334432    362444     18.58     46584   1049648   1366516     70.05    300220   1054308       372
16:31:51       354284   1334432    362444     18.58     46584   1049648   1366516     70.05    300220   1054308       372
16:31:52       354284   1334432    362440     18.58     46584   1049652   1366516     70.05    300220   1054308       376
16:31:53       354284   1334432    362440     18.58     46584   1049652   1366516     70.05    300220   1054308       376
16:31:54       354284   1334432    362440     18.58     46584   1049652   1366516     70.05    300220   1054308       376
16:31:55       354284   1334432    362440     18.58     46584   1049652   1366516     70.05    300220   1054308       376
16:31:56       354284   1334432    362440     18.58     46584   1049652   1366516     70.05    300220   1054308       376
16:31:57       354284   1334432    362436     18.58     46584   1049656   1366516     70.05    300220   1054308       380
16:31:58       354284   1334432    362432     18.58     46584   1049660   1366516     70.05    300220   1054308       384
16:31:59       354284   1334512    362424     18.58     46584   1049668   1366516     70.05    300352   1054332       392
16:32:00       354284   1334596    362424     18.58     46584   1049668   1366772     70.06    300428   1054348       340
16:32:01       353780   1334092    362928     18.60     46584   1049668   1366772     70.06    302084   1054348       340
16:32:02       353276   1333772    363248     18.62     46584   1049852   1367028     70.08    303428   1054532       528
16:32:03       352772   1333352    363668     18.64     46584   1049936   1371124     70.29    304460   1054616       612
16:32:04       352520   1333192    363828     18.65     46584   1050028   1371124     70.29    304780   1054708       480
16:32:05       352520   1333336    363684     18.64     46584   1050172   1371124     70.29    305008   1054852       624
16:32:06       352016   1332984    364032     18.66     46584   1050328   1371124     70.29    305136   1055004       780
16:32:07       352016   1333136    363884     18.65     46584   1050476   1371124     70.29    305256   1055156       928
16:32:08       352016   1333216    363736     18.65     46584   1050624   1371124     70.29    305300   1055236      1076
16:32:09       352016   1333424    363596     18.64     46584   1050764   1371124     70.29    305360   1055444        12
16:32:10       352016   1333540    363448     18.63     46584   1050912   1371124     70.29    305368   1055560       172
16:32:11       352016   1333660    363296     18.62     46584   1051064   1371124     70.29    305372   1055680       324
16:32:12       351764   1333624    363396     18.63     46584   1051216   1371124     70.29    305612   1055896       476
16:32:13       351512   1333472    363500     18.63     46584   1051364   1371124     70.29    305676   1055996       624
16:32:14       350504   1332660    364352     18.68     46584   1051520   1371124     70.29    305560   1056192       780
16:32:15       350504   1332780    364204     18.67     46584   1051668   1371124     70.29    305564   1056312       928
16:32:16       350252   1332652    364304     18.67     46584   1051820   1371124     70.29    305564   1056436      1080
16:32:17       350000   1332504    364400     18.68     46584   1051976   1371124     70.29    305584   1056540      1236
16:32:18       350000   1332752    364248     18.67     46584   1052128   1371124     70.29    305584   1056788      1388
16:32:19       349004   1331968    365020     18.71     46628   1052276   1371064     70.28    306068   1056984      1756
16:32:20       349004   1332092    364864     18.70     46628   1052432   1371064     70.28    306068   1057108      1924
16:32:21       349004   1332092    364824     18.70     46628   1052472   1371064     70.28    306068   1057108      1964
16:32:22       349004   1332092    364820     18.70     46628   1052476   1371064     70.28    306068   1057108      1968
16:32:23       349004   1332092    364820     18.70     46628   1052476   1371064     70.28    306068   1057108      1968
16:32:24       349004   1332092    364820     18.70     46628   1052476   1371064     70.28    306068   1057108      1968
16:32:25       349004   1332092    364820     18.70     46628   1052476   1371064     70.28    306068   1057108      1968
16:32:26       349004   1332092    364820     18.70     46628   1052476   1371064     70.28    306068   1057108      1968
16:32:27       349004   1332092    364816     18.70     46628   1052480   1371064     70.28    306068   1057108      1972
16:32:28       349004   1332092    364812     18.70     46628   1052484   1371064     70.28    306068   1057108      1976
16:32:29       348752   1331940    365056     18.71     46628   1052492   1371064     70.28    306064   1057208      1984
16:32:30       348752   1331940    365056     18.71     46628   1052492   1371064     70.28    306064   1057208      1984
16:32:31       348752   1331940    365056     18.71     46628   1052492   1371064     70.28    306064   1057208      1984
16:32:32       348752   1331952    365052     18.71     46628   1052496   1371064     70.28    306064   1057220      1940
16:32:33       348752   1331952    365052     18.71     46628   1052496   1371064     70.28    306064   1057220      1940
16:32:34       348752   1331952    365052     18.71     46628   1052496   1371064     70.28    306064   1057220      1944
16:32:35       348752   1331952    365052     18.71     46628   1052496   1371064     70.28    306064   1057220      1944
16:32:36       348752   1331952    365052     18.71     46628   1052496   1371064     70.28    306064   1057220      1944
16:32:37       348752   1331952    365048     18.71     46628   1052500   1371064     70.28    306064   1057220      1948
16:32:38       348752   1331952    365044     18.71     46628   1052504   1371064     70.28    306064   1057220      1952
16:32:39       348752   1331952    365044     18.71     46628   1052504   1371064     70.28    306064   1057220      1952
16:32:40       348752   1331952    365044     18.71     46628   1052504   1371064     70.28    306064   1057220       272
16:32:41       348752   1331960    365040     18.71     46628   1052508   1371064     70.28    306064   1057228       264
16:32:42       348752   1331960    365040     18.71     46628   1052508   1371064     70.28    306064   1057228       264
16:32:43       348752   1331960    365040     18.71     46628   1052508   1371064     70.28    306064   1057228       264
16:32:44       348752   1331964    365028     18.71     46628   1052520   1371064     70.28    306000   1057232       276
16:32:45       348752   1331964    365028     18.71     46628   1052520   1371064     70.28    306000   1057232       276
16:32:46       348752   1331964    365028     18.71     46628   1052520   1371064     70.28    306000   1057232       276
16:32:47       348752   1331964    365024     18.71     46628   1052524   1371064     70.28    306000   1057232       280
16:32:48       348752   1331964    365024     18.71     46628   1052524   1371064     70.28    306000   1057232       280
16:32:49       348752   1331980    365004     18.71     46648   1052524   1371064     70.28    306696   1057248       288
16:32:50       348752   1332000    365004     18.71     46648   1052524   1371064     70.28    306712   1057268        48
16:32:51       348752   1332000    365004     18.71     46648   1052524   1371064     70.28    306712   1057268        40
16:32:52       348752   1332000    365000     18.71     46648   1052528   1371064     70.28    306712   1057268        44
16:32:53       348752   1332000    365000     18.71     46648   1052528   1371064     70.28    306712   1057268        44
16:32:54       348752   1332000    365000     18.71     46648   1052528   1371064     70.28    306712   1057268        44
16:32:55       348752   1332000    365000     18.71     46648   1052528   1371064     70.28    306712   1057268        44
16:32:56       348752   1332000    365000     18.71     46648   1052528   1371064     70.28    306712   1057268        44
16:32:57       348752   1332000    364996     18.71     46648   1052532   1371064     70.28    306712   1057268        48
16:32:58       348752   1332000    364992     18.71     46648   1052536   1371064     70.28    306712   1057268        52
16:32:59       348500   1331760    365236     18.72     46648   1052544   1371064     70.28    306584   1057280        60
16:33:00       348500   1331760    365236     18.72     46648   1052544   1371064     70.28    306584   1057280        60
16:33:01       348500   1331760    365236     18.72     46648   1052544   1371064     70.28    306584   1057280        60
16:33:02       348500   1331760    365232     18.72     46648   1052548   1371064     70.28    306584   1057280        64
16:33:03       348500   1331760    365232     18.72     46648   1052548   1371064     70.28    306584   1057280        64
16:33:04       348500   1331760    365232     18.72     46648   1052548   1371064     70.28    306584   1057280        64
16:33:05       348500   1331772    365232     18.72     46648   1052548   1371064     70.28    306644   1057292        20
16:33:06       348500   1331772    365232     18.72     46648   1052548   1371064     70.28    306644   1057292        20
16:33:07       348500   1331772    365228     18.72     46648   1052552   1371064     70.28    306644   1057292        28
16:33:08       348500   1331772    365228     18.72     46648   1052552   1371064     70.28    306644   1057292        28
16:33:09       348500   1331772    365228     18.72     46648   1052552   1371064     70.28    306644   1057292        28
16:33:10       348500   1331772    365228     18.72     46648   1052552   1371064     70.28    306644   1057292        28
16:33:11       348500   1331856    365144     18.72     46648   1052636   1371064     70.28    306728   1057292        28
16:33:12       348500   1331896    365096     18.72     46648   1052684   1371064     70.28    306816   1057296        24
16:33:13       348500   1331896    365096     18.72     46648   1052684   1371064     70.28    306816   1057296        24
16:33:14       348248   1331884    365100     18.72     46648   1052932   1371064     70.28    307068   1057292        32
16:33:15       348248   1331884    365100     18.72     46648   1052932   1371064     70.28    307068   1057292        32
16:33:16       348248   1331884    365100     18.72     46648   1052932   1371064     70.28    307068   1057292        32
16:33:17       348248   1331884    365096     18.72     46648   1052936   1371064     70.28    307068   1057292        36
16:33:18       348248   1331884    365088     18.71     46648   1052944   1371064     70.28    307068   1057292        44
16:33:19       348248   1331940    365056     18.71     46676   1052948   1371064     70.28    307220   1057336       132
16:33:20       348248   1331940    365056     18.71     46676   1052948   1371064     70.28    307220   1057336       132
16:33:21       348248   1331940    365056     18.71     46676   1052948   1371064     70.28    307220   1057336       132
16:33:22       345916   1332096    364832     18.70     46680   1055500   1371064     70.28    308340   1058780       332
16:33:23       345916   1332096    364832     18.70     46680   1055500   1371064     70.28    308340   1058780       336
16:33:24       345916   1332096    364832     18.70     46680   1055500   1371064     70.28    308340   1058780       336
16:33:25       345916   1332096    364832     18.70     46680   1055500   1371064     70.28    308340   1058780       336
16:33:26       345916   1332096    364832     18.70     46680   1055500   1371064     70.28    308340   1058780       336
16:33:27       345916   1332096    364828     18.70     46680   1055504   1371064     70.28    308340   1058780       340
16:33:28       345916   1332096    364828     18.70     46680   1055504   1371064     70.28    308340   1058780       340
16:33:29       344908   1331168    365828     18.75     46680   1055512   1371064     70.28    308396   1058844       348
16:33:30       344908   1331168    365828     18.75     46680   1055512   1371064     70.28    308396   1058844       348
16:33:31       344908   1331168    365828     18.75     46680   1055512   1371064     70.28    308396   1058844       348
16:33:32       344908   1331168    365824     18.75     46680   1055516   1371064     70.28    308396   1058844       352
16:33:33       344908   1331168    365824     18.75     46680   1055516   1371064     70.28    308396   1058844       352
16:33:34       344908   1331168    365824     18.75     46680   1055516   1371064     70.28    308396   1058844       352
16:33:35       344908   1331168    365824     18.75     46680   1055516   1371064     70.28    308396   1058844       352
16:33:36       344908   1331168    365824     18.75     46680   1055516   1371064     70.28    308396   1058844       352
16:33:37       344908   1331168    365820     18.75     46680   1055520   1371064     70.28    308396   1058844       356
16:33:38       344908   1331180    365816     18.75     46680   1055524   1371064     70.28    308396   1058856       312
16:33:39       344908   1331180    365816     18.75     46680   1055524   1371064     70.28    308396   1058856       312
16:33:40       344908   1331180    365816     18.75     46680   1055524   1371064     70.28    308396   1058856       312
16:33:41       344908   1331180    365816     18.75     46680   1055524   1371064     70.28    308396   1058856       312

Average:       349666   1332565    364411     18.68     46626   1052235   1370163     70.24    305313   1056699       583
