Linux 7.0.0-1008-aws (ip-172-31-20-134) 	08/07/26 	_x86_64_	(2 CPU)

17:44:24        CPU     %user     %nice   %system   %iowait    %steal     %idle
17:44:25        all      2.02      0.00      1.01      0.00      0.00     96.97
17:44:26        all      0.50      0.00      0.00      0.00      0.00     99.50
17:44:27        all      1.00      0.00      0.50      0.00      0.00     98.50
17:44:28        all      0.00      0.00      0.50      0.00      0.00     99.50
17:44:29        all      5.50      0.00      1.50      0.00      0.00     93.00
17:44:30        all      0.00      0.00      0.00      0.00      0.00    100.00
17:44:31        all      7.61      0.00      1.02      0.00      0.00     91.37
17:44:32        all     11.17      0.00      1.52      0.00      0.00     87.31
17:44:33        all     12.18      0.00      0.51      0.00      0.00     87.31
17:44:34        all     10.20      0.00      1.02      0.00      0.00     88.78
17:44:35        all     11.56      0.00      2.01      0.00      0.00     86.43
17:44:36        all     10.71      0.00      1.02      0.00      0.00     88.27
17:44:37        all     10.61      0.00      1.52      0.00      0.00     87.88
17:44:38        all     11.56      0.00      1.51      0.00      0.00     86.93
17:44:39        all     10.71      0.00      1.02      0.00      0.00     88.27
17:44:40        all     10.61      0.00      1.52      0.00      0.00     87.88
17:44:41        all     11.22      0.00      0.51      0.00      0.51     87.76
17:44:42        all     10.55      0.00      1.51      0.00      0.00     87.94
17:44:43        all     10.71      0.00      1.02      0.00      0.00     88.27
17:44:44        all     15.74      0.00      3.05      0.00      0.00     81.22
17:44:45        all     10.71      0.00      1.02      0.00      0.00     88.27
17:44:46        all     10.66      0.00      1.02      0.00      0.00     88.32
17:44:47        all     10.20      0.00      1.02      0.00      0.00     88.78
17:44:48        all     10.71      0.00      0.51      0.00      0.00     88.78
17:44:49        all     11.22      0.00      0.51      0.00      0.00     88.27
17:44:50        all     11.17      0.00      1.02      0.00      0.00     87.82
17:44:51        all     10.77      0.00      1.03      0.00      0.51     87.69
17:44:52        all     12.14      0.00      1.94      0.00      8.74     77.18
17:44:53        all     10.84      0.00      0.99      0.00      8.87     79.31
17:44:54        all     11.00      0.00      1.50      0.00      0.50     87.00
17:44:55        all     10.61      0.00      2.02      2.02      0.00     85.35
17:44:56        all     11.06      0.00      1.51      0.00      0.00     87.44
17:44:57        all     10.77      0.00      0.51      0.00      0.00     88.72
17:44:58        all     10.20      0.00      1.02      0.00      0.00     88.78
17:44:59        all     15.31      0.00      2.55      0.00      0.00     82.14
17:45:00        all     10.61      0.00      1.01      0.00      1.52     86.87
17:45:01        all     11.44      0.00      1.49      0.00      1.00     86.07
17:45:02        all     10.15      0.00      1.02      0.51      1.02     87.31
17:45:03        all     10.20      0.00      1.02      0.00      0.00     88.78
17:45:04        all     10.66      0.00      1.02      0.00      0.00     88.32
17:45:05        all     10.20      0.00      1.02      0.00      0.00     88.78
17:45:06        all     11.11      0.00      1.52      0.00      0.00     87.37
17:45:07        all     10.71      0.00      0.51      0.00      0.00     88.78
17:45:08        all     10.55      0.00      1.51      0.00      0.00     87.94
17:45:09        all      9.18      0.00      1.53      0.00      0.00     89.29
17:45:10        all     11.56      0.00      1.51      0.00      0.00     86.93
17:45:11        all     11.11      0.00      1.52      0.00      0.00     87.37
17:45:12        all     10.26      0.00      0.51      0.00      0.00     89.23
17:45:13        all     10.61      0.00      1.52      0.00      0.00     87.88
17:45:14        all     16.33      0.00      2.04      0.00      0.00     81.63
17:45:15        all     10.55      0.00      2.01      0.00      0.00     87.44
17:45:16        all     10.71      0.00      1.02      0.00      0.00     88.27
17:45:17        all     13.57      0.00      1.51      0.00      0.50     84.42
17:45:18        all     10.66      0.00      1.02      0.00      0.00     88.32
17:45:19        all     11.17      0.00      1.02      0.00      0.00     87.82
17:45:20        all      9.60      0.00      2.02      0.00      0.00     88.38
17:45:21        all     11.17      0.00      1.02      0.00      0.00     87.82
17:45:22        all     10.71      0.00      1.02      0.00      0.00     88.27
17:45:23        all      9.69      0.00      1.02      0.00      0.00     89.29
17:45:24        all     11.17      0.00      1.02      0.00      0.00     87.82
17:45:25        all     10.10      0.00      1.52      0.00      0.00     88.38
17:45:26        all      6.53      0.00      1.51      0.50      0.00     91.46
17:45:27        all      0.00      0.00      0.00      0.00      0.00    100.00

Average:        all      9.86      0.00      1.19      0.05      0.38     88.52
