Linux 7.0.0-1008-aws (ip-172-31-20-134) 	08/07/26 	_x86_64_	(2 CPU)

17:44:24        IFACE   rxpck/s   txpck/s    rxkB/s    txkB/s   rxcmp/s   txcmp/s  rxmcst/s   %ifutil
17:44:25         ens5     48.00     49.00      4.09      5.10      0.00      0.00      0.00      0.00

17:44:25        IFACE   rxpck/s   txpck/s    rxkB/s    txkB/s   rxcmp/s   txcmp/s  rxmcst/s   %ifutil
17:44:26         ens5     14.00     13.00      1.11      1.24      0.00      0.00      0.00      0.00

17:44:26        IFACE   rxpck/s   txpck/s    rxkB/s    txkB/s   rxcmp/s   txcmp/s  rxmcst/s   %ifutil
17:44:27         ens5      0.00      0.00      0.00      0.00      0.00      0.00      0.00      0.00

17:44:27        IFACE   rxpck/s   txpck/s    rxkB/s    txkB/s   rxcmp/s   txcmp/s  rxmcst/s   %ifutil
17:44:28         ens5      0.00      0.00      0.00      0.00      0.00      0.00      0.00      0.00

17:44:28        IFACE   rxpck/s   txpck/s    rxkB/s    txkB/s   rxcmp/s   txcmp/s  rxmcst/s   %ifutil
17:44:29         ens5      0.00      0.00      0.00      0.00      0.00      0.00      0.00      0.00

17:44:29        IFACE   rxpck/s   txpck/s    rxkB/s    txkB/s   rxcmp/s   txcmp/s  rxmcst/s   %ifutil
17:44:30         ens5      0.00      0.00      0.00      0.00      0.00      0.00      0.00      0.00

17:44:30        IFACE   rxpck/s   txpck/s    rxkB/s    txkB/s   rxcmp/s   txcmp/s  rxmcst/s   %ifutil
17:44:31         ens5    237.00    113.00    235.47     67.41      0.00      0.00      0.00      0.00

17:44:31        IFACE   rxpck/s   txpck/s    rxkB/s    txkB/s   rxcmp/s   txcmp/s  rxmcst/s   %ifutil
17:44:32         ens5    331.00    129.00    335.95     78.11      0.00      0.00      0.00      0.00

17:44:32        IFACE   rxpck/s   txpck/s    rxkB/s    txkB/s   rxcmp/s   txcmp/s  rxmcst/s   %ifutil
17:44:33         ens5    351.00    131.00    354.64     79.55      0.00      0.00      0.00      0.00

17:44:33        IFACE   rxpck/s   txpck/s    rxkB/s    txkB/s   rxcmp/s   txcmp/s  rxmcst/s   %ifutil
17:44:34         ens5    331.00    128.00    335.98     78.17      0.00      0.00      0.00      0.00

17:44:34        IFACE   rxpck/s   txpck/s    rxkB/s    txkB/s   rxcmp/s   txcmp/s  rxmcst/s   %ifutil
17:44:35         ens5    334.00    130.00    336.10     78.28      0.00      0.00      0.00      0.00

17:44:35        IFACE   rxpck/s   txpck/s    rxkB/s    txkB/s   rxcmp/s   txcmp/s  rxmcst/s   %ifutil
17:44:36         ens5    334.00    129.00    336.16     80.66      0.00      0.00      0.00      0.00

17:44:36        IFACE   rxpck/s   txpck/s    rxkB/s    txkB/s   rxcmp/s   txcmp/s  rxmcst/s   %ifutil
17:44:37         ens5    332.00    128.00    336.03     78.18      0.00      0.00      0.00      0.00

17:44:37        IFACE   rxpck/s   txpck/s    rxkB/s    txkB/s   rxcmp/s   txcmp/s  rxmcst/s   %ifutil
17:44:38         ens5    348.00    135.00    354.60     80.04      0.00      0.00      0.00      0.00

17:44:38        IFACE   rxpck/s   txpck/s    rxkB/s    txkB/s   rxcmp/s   txcmp/s  rxmcst/s   %ifutil
17:44:39         ens5    335.00    131.00    336.25     80.92      0.00      0.00      0.00      0.00

17:44:39        IFACE   rxpck/s   txpck/s    rxkB/s    txkB/s   rxcmp/s   txcmp/s  rxmcst/s   %ifutil
17:44:40         ens5    348.00    132.00    354.58     79.70      0.00      0.00      0.00      0.00

17:44:40        IFACE   rxpck/s   txpck/s    rxkB/s    txkB/s   rxcmp/s   txcmp/s  rxmcst/s   %ifutil
17:44:41         ens5    334.00    130.00    336.19     78.34      0.00      0.00      0.00      0.00

17:44:41        IFACE   rxpck/s   txpck/s    rxkB/s    txkB/s   rxcmp/s   txcmp/s  rxmcst/s   %ifutil
17:44:42         ens5    334.00    127.00    336.15     78.12      0.00      0.00      0.00      0.00

17:44:42        IFACE   rxpck/s   txpck/s    rxkB/s    txkB/s   rxcmp/s   txcmp/s  rxmcst/s   %ifutil
17:44:43         ens5    339.00    130.00    336.44     80.84      0.00      0.00      0.00      0.00

17:44:43        IFACE   rxpck/s   txpck/s    rxkB/s    txkB/s   rxcmp/s   txcmp/s  rxmcst/s   %ifutil
17:44:44         ens5    332.00    128.00    336.07     78.12      0.00      0.00      0.00      0.00

17:44:44        IFACE   rxpck/s   txpck/s    rxkB/s    txkB/s   rxcmp/s   txcmp/s  rxmcst/s   %ifutil
17:44:45         ens5    341.00    128.00    337.99     78.18      0.00      0.00      0.00      0.00

17:44:45        IFACE   rxpck/s   txpck/s    rxkB/s    txkB/s   rxcmp/s   txcmp/s  rxmcst/s   %ifutil
17:44:46         ens5    350.00    131.00    353.10     79.59      0.00      0.00      0.00      0.00

17:44:46        IFACE   rxpck/s   txpck/s    rxkB/s    txkB/s   rxcmp/s   txcmp/s  rxmcst/s   %ifutil
17:44:47         ens5    333.00    128.00    336.10     78.27      0.00      0.00      0.00      0.00

17:44:47        IFACE   rxpck/s   txpck/s    rxkB/s    txkB/s   rxcmp/s   txcmp/s  rxmcst/s   %ifutil
17:44:48         ens5    335.00    128.00    336.23     78.21      0.00      0.00      0.00      0.00

17:44:48        IFACE   rxpck/s   txpck/s    rxkB/s    txkB/s   rxcmp/s   txcmp/s  rxmcst/s   %ifutil
17:44:49         ens5    343.00    134.00    345.50     82.36      0.00      0.00      0.00      0.00

17:44:49        IFACE   rxpck/s   txpck/s    rxkB/s    txkB/s   rxcmp/s   txcmp/s  rxmcst/s   %ifutil
17:44:50         ens5    343.00    130.00    345.45     78.42      0.00      0.00      0.00      0.00

17:44:50        IFACE   rxpck/s   txpck/s    rxkB/s    txkB/s   rxcmp/s   txcmp/s  rxmcst/s   %ifutil
17:44:51         ens5    334.00    129.00    336.13     78.26      0.00      0.00      0.00      0.00

17:44:51        IFACE   rxpck/s   txpck/s    rxkB/s    txkB/s   rxcmp/s   txcmp/s  rxmcst/s   %ifutil
17:44:52         ens5    319.00    120.00    317.65     73.79      0.00      0.00      0.00      0.00

17:44:52        IFACE   rxpck/s   txpck/s    rxkB/s    txkB/s   rxcmp/s   txcmp/s  rxmcst/s   %ifutil
17:44:53         ens5    307.00    117.00    308.20     73.48      0.00      0.00      0.00      0.00

17:44:53        IFACE   rxpck/s   txpck/s    rxkB/s    txkB/s   rxcmp/s   txcmp/s  rxmcst/s   %ifutil
17:44:54         ens5    338.00    130.00    345.22     78.43      0.00      0.00      0.00      0.00

17:44:54        IFACE   rxpck/s   txpck/s    rxkB/s    txkB/s   rxcmp/s   txcmp/s  rxmcst/s   %ifutil
17:44:55         ens5    335.00    125.00    336.24     77.83      0.00      0.00      0.00      0.00

17:44:55        IFACE   rxpck/s   txpck/s    rxkB/s    txkB/s   rxcmp/s   txcmp/s  rxmcst/s   %ifutil
17:44:56         ens5    340.00    133.00    345.39     82.29      0.00      0.00      0.00      0.00

17:44:56        IFACE   rxpck/s   txpck/s    rxkB/s    txkB/s   rxcmp/s   txcmp/s  rxmcst/s   %ifutil
17:44:57         ens5    340.00    130.00    345.31     78.35      0.00      0.00      0.00      0.00

17:44:57        IFACE   rxpck/s   txpck/s    rxkB/s    txkB/s   rxcmp/s   txcmp/s  rxmcst/s   %ifutil
17:44:58         ens5    349.00    132.00    345.79     82.21      0.00      0.00      0.00      0.00

17:44:58        IFACE   rxpck/s   txpck/s    rxkB/s    txkB/s   rxcmp/s   txcmp/s  rxmcst/s   %ifutil
17:44:59         ens5    334.00    128.00    336.17     78.17      0.00      0.00      0.00      0.00

17:44:59        IFACE   rxpck/s   txpck/s    rxkB/s    txkB/s   rxcmp/s   txcmp/s  rxmcst/s   %ifutil
17:45:00         ens5    323.00    124.00    326.67     74.16      0.00      0.00      0.00      0.00

17:45:00        IFACE   rxpck/s   txpck/s    rxkB/s    txkB/s   rxcmp/s   txcmp/s  rxmcst/s   %ifutil
17:45:01         ens5    329.00    125.00    335.95     77.82      0.00      0.00      0.00      0.00

17:45:01        IFACE   rxpck/s   txpck/s    rxkB/s    txkB/s   rxcmp/s   txcmp/s  rxmcst/s   %ifutil
17:45:02         ens5    277.00    105.00    280.06     64.88      0.00      0.00      0.00      0.00

17:45:02        IFACE   rxpck/s   txpck/s    rxkB/s    txkB/s   rxcmp/s   txcmp/s  rxmcst/s   %ifutil
17:45:03         ens5    331.00    130.00    336.07     80.85      0.00      0.00      0.00      0.00

17:45:03        IFACE   rxpck/s   txpck/s    rxkB/s    txkB/s   rxcmp/s   txcmp/s  rxmcst/s   %ifutil
17:45:04         ens5    341.00    128.00    345.41     79.34      0.00      0.00      0.00      0.00

17:45:04        IFACE   rxpck/s   txpck/s    rxkB/s    txkB/s   rxcmp/s   txcmp/s  rxmcst/s   %ifutil
17:45:05         ens5    341.00    130.00    345.34     78.34      0.00      0.00      0.00      0.00

17:45:05        IFACE   rxpck/s   txpck/s    rxkB/s    txkB/s   rxcmp/s   txcmp/s  rxmcst/s   %ifutil
17:45:06         ens5    339.00    129.00    336.41     78.32      0.00      0.00      0.00      0.00

17:45:06        IFACE   rxpck/s   txpck/s    rxkB/s    txkB/s   rxcmp/s   txcmp/s  rxmcst/s   %ifutil
17:45:07         ens5    342.00    133.00    345.52     82.28      0.00      0.00      0.00      0.00

17:45:07        IFACE   rxpck/s   txpck/s    rxkB/s    txkB/s   rxcmp/s   txcmp/s  rxmcst/s   %ifutil
17:45:08         ens5    335.00    128.00    336.22     78.22      0.00      0.00      0.00      0.00

17:45:08        IFACE   rxpck/s   txpck/s    rxkB/s    txkB/s   rxcmp/s   txcmp/s  rxmcst/s   %ifutil
17:45:09         ens5    350.00    131.00    345.79     78.48      0.00      0.00      0.00      0.00

17:45:09        IFACE   rxpck/s   txpck/s    rxkB/s    txkB/s   rxcmp/s   txcmp/s  rxmcst/s   %ifutil
17:45:10         ens5    341.00    130.00    340.50     80.84      0.00      0.00      0.00      0.00

17:45:10        IFACE   rxpck/s   txpck/s    rxkB/s    txkB/s   rxcmp/s   txcmp/s  rxmcst/s   %ifutil
17:45:11         ens5    353.00    132.00    350.81     79.77      0.00      0.00      0.00      0.00

17:45:11        IFACE   rxpck/s   txpck/s    rxkB/s    txkB/s   rxcmp/s   txcmp/s  rxmcst/s   %ifutil
17:45:12         ens5    335.00    127.00    336.20     78.13      0.00      0.00      0.00      0.00

17:45:12        IFACE   rxpck/s   txpck/s    rxkB/s    txkB/s   rxcmp/s   txcmp/s  rxmcst/s   %ifutil
17:45:13         ens5    335.00    130.00    336.24     80.85      0.00      0.00      0.00      0.00

17:45:13        IFACE   rxpck/s   txpck/s    rxkB/s    txkB/s   rxcmp/s   txcmp/s  rxmcst/s   %ifutil
17:45:14         ens5    353.00    132.00    354.78     79.76      0.00      0.00      0.00      0.00

17:45:14        IFACE   rxpck/s   txpck/s    rxkB/s    txkB/s   rxcmp/s   txcmp/s  rxmcst/s   %ifutil
17:45:15         ens5    337.00    130.00    336.31     80.83      0.00      0.00      0.00      0.00

17:45:15        IFACE   rxpck/s   txpck/s    rxkB/s    txkB/s   rxcmp/s   txcmp/s  rxmcst/s   %ifutil
17:45:16         ens5    336.00    128.00    336.26     78.17      0.00      0.00      0.00      0.00

17:45:16        IFACE   rxpck/s   txpck/s    rxkB/s    txkB/s   rxcmp/s   txcmp/s  rxmcst/s   %ifutil
17:45:17         ens5    341.00    126.00    345.32     79.16      0.00      0.00      0.00      0.00

17:45:17        IFACE   rxpck/s   txpck/s    rxkB/s    txkB/s   rxcmp/s   txcmp/s  rxmcst/s   %ifutil
17:45:18         ens5    349.00    131.00    345.72     78.49      0.00      0.00      0.00      0.00

17:45:18        IFACE   rxpck/s   txpck/s    rxkB/s    txkB/s   rxcmp/s   txcmp/s  rxmcst/s   %ifutil
17:45:19         ens5    343.56    129.70    342.28     81.33      0.00      0.00      0.00      0.00

17:45:19        IFACE   rxpck/s   txpck/s    rxkB/s    txkB/s   rxcmp/s   txcmp/s  rxmcst/s   %ifutil
17:45:20         ens5    346.00    132.00    345.68     78.61      0.00      0.00      0.00      0.00

17:45:20        IFACE   rxpck/s   txpck/s    rxkB/s    txkB/s   rxcmp/s   txcmp/s  rxmcst/s   %ifutil
17:45:21         ens5    348.00    130.00    345.75     81.92      0.00      0.00      0.00      0.00

17:45:21        IFACE   rxpck/s   txpck/s    rxkB/s    txkB/s   rxcmp/s   txcmp/s  rxmcst/s   %ifutil
17:45:22         ens5    343.00    131.00    345.48     78.51      0.00      0.00      0.00      0.00

17:45:22        IFACE   rxpck/s   txpck/s    rxkB/s    txkB/s   rxcmp/s   txcmp/s  rxmcst/s   %ifutil
17:45:23         ens5    341.00    130.00    336.52     80.86      0.00      0.00      0.00      0.00

17:45:23        IFACE   rxpck/s   txpck/s    rxkB/s    txkB/s   rxcmp/s   txcmp/s  rxmcst/s   %ifutil
17:45:24         ens5    346.00    129.00    345.62     79.47      0.00      0.00      0.00      0.00

17:45:24        IFACE   rxpck/s   txpck/s    rxkB/s    txkB/s   rxcmp/s   txcmp/s  rxmcst/s   %ifutil
17:45:25         ens5    348.00    130.00    345.68     78.42      0.00      0.00      0.00      0.00

17:45:25        IFACE   rxpck/s   txpck/s    rxkB/s    txkB/s   rxcmp/s   txcmp/s  rxmcst/s   %ifutil
17:45:26         ens5    188.00     72.00    186.88     43.50      0.00      0.00      0.00      0.00

17:45:26        IFACE   rxpck/s   txpck/s    rxkB/s    txkB/s   rxcmp/s   txcmp/s  rxmcst/s   %ifutil
17:45:27         ens5      1.00      1.00      0.03      0.04      0.00      0.00      0.00      0.00


Average:        IFACE   rxpck/s   txpck/s    rxkB/s    txkB/s   rxcmp/s   txcmp/s  rxmcst/s   %ifutil
Average:         ens5    297.08    114.28    297.56     69.40      0.00      0.00      0.00      0.00
