Linux 7.0.0-1008-aws (ip-172-31-20-134) 	08/07/26 	_x86_64_	(2 CPU)

16:07:30        CPU     %user     %nice   %system   %iowait    %steal     %idle
16:07:31        all      2.04      0.00      0.51      0.00      0.00     97.45
16:07:32        all      0.99      0.00      0.50      0.50      0.00     98.02
16:07:33        all      0.00      0.00      0.50      0.00      0.00     99.50
16:07:34        all      0.00      0.00      0.00      0.00      0.00    100.00
16:07:35        all      0.00      0.00      0.00      0.00      0.00    100.00
16:07:36        all      0.50      0.00      0.00      0.00      0.00     99.50
16:07:37        all      0.50      0.00      0.00      0.00      0.00     99.50
16:07:38        all      7.58      0.00      2.53      0.00      0.00     89.90
16:07:39        all      8.63      0.00      1.52      0.00      0.00     89.85
16:07:40        all      8.67      0.00      1.53      0.00      0.00     89.80
16:07:41        all      9.18      0.00      1.02      0.00      0.51     89.29
16:07:42        all     10.05      0.00      1.51      0.00      0.00     88.44
16:07:43        all      8.16      0.00      1.02      0.00      0.51     90.31
16:07:44        all     14.29      0.00      2.04      0.00      0.00     83.67
16:07:45        all      9.60      0.00      2.02      0.00      0.00     88.38
16:07:46        all      8.67      0.00      1.02      0.00      0.00     90.31
16:07:47        all      9.64      0.00      0.51      0.00      0.00     89.85
16:07:48        all      9.14      0.00      1.52      0.00      0.00     89.34
16:07:49        all      8.63      0.00      1.52      0.00      0.00     89.85
16:07:50        all      8.63      0.00      1.02      0.00      0.00     90.36
16:07:51        all      9.60      0.00      2.02      0.00      0.00     88.38
16:07:52        all      9.18      0.00      0.51      0.00      0.00     90.31
16:07:53        all      8.16      0.00      1.53      0.00      0.00     90.31
16:07:54        all      8.72      0.00      1.03      0.00      0.00     90.26
16:07:55        all      9.05      0.00      2.51      0.00      0.00     88.44
16:07:56        all      9.18      0.00      1.02      0.00      0.00     89.80
16:07:57        all      9.14      0.00      1.02      0.00      0.00     89.85
16:07:58        all      9.09      0.00      1.01      0.00      0.00     89.90
16:07:59        all     13.78      0.00      3.06      0.00      0.00     83.16
16:08:00        all      8.08      0.00      1.52      0.00      1.01     89.39
16:08:01        all      8.63      0.00      1.02      1.02      1.02     88.32
16:08:02        all      9.14      0.00      1.02      0.51      0.00     89.34
16:08:03        all      8.59      0.00      2.53      0.00      0.00     88.89
16:08:04        all      8.67      0.00      1.02      0.00      0.00     90.31
16:08:05        all      8.72      0.00      1.03      0.00      0.00     90.26
16:08:06        all      8.63      0.00      1.52      0.00      0.00     89.85
16:08:07        all      9.18      0.00      1.02      0.00      0.00     89.80
16:08:08        all      8.63      0.00      1.02      0.00      0.00     90.36
16:08:09        all      9.23      0.00      0.51      0.00      0.00     90.26
16:08:10        all     10.15      0.00      1.02      0.00      0.00     88.83
16:08:11        all      8.63      0.00      2.03      0.00      0.00     89.34
16:08:12        all      8.67      0.00      0.51      0.00      0.00     90.82
16:08:13        all      9.09      0.00      2.02      0.00      0.00     88.89
16:08:14        all     13.78      0.00      2.55      0.00      0.00     83.67
16:08:15        all      8.59      0.00      2.02      0.00      0.00     89.39
16:08:16        all      9.18      0.00      1.02      0.00      0.00     89.80
16:08:17        all      9.14      0.00      1.52      0.00      0.00     89.34
16:08:18        all      9.69      0.00      0.51      0.00      0.00     89.80
16:08:19        all      9.14      0.00      1.02      0.00      0.00     89.85
16:08:20        all      8.63      0.00      1.52      0.00      0.00     89.85
16:08:21        all      9.64      0.00      1.52      0.00      0.00     88.83
16:08:22        all      8.67      0.00      1.02      0.00      0.00     90.31
16:08:23        all      8.67      0.00      1.02      0.00      0.51     89.80
16:08:24        all      8.12      0.00      1.52      0.00      0.00     90.36
16:08:25        all      9.14      0.00      1.02      0.00      0.51     89.34
16:08:26        all      9.09      0.00      2.02      0.00      0.00     88.89
16:08:27        all      9.23      0.00      0.51      0.00      0.00     90.26
16:08:28        all      8.63      0.00      1.52      0.00      0.00     89.85
16:08:29        all     14.36      0.00      1.54      0.00      0.00     84.10
16:08:30        all      8.67      0.00      1.02      0.00      0.51     89.80
16:08:31        all      3.50      0.00      1.50      0.00      0.50     94.50
16:08:32        all      1.00      0.00      0.00      1.00      0.00     98.00
16:08:33        all      0.50      0.00      0.50      0.00      0.00     99.00

Average:        all      7.96      0.00      1.22      0.05      0.08     90.70
