Linux 7.0.0-1008-aws (ip-172-31-20-134) 	08/07/26 	_x86_64_	(2 CPU)

16:07:30        IFACE   rxpck/s   txpck/s    rxkB/s    txkB/s   rxcmp/s   txcmp/s  rxmcst/s   %ifutil
16:07:31         ens5     37.00     28.00      3.64      4.05      0.00      0.00      0.00      0.00

16:07:31        IFACE   rxpck/s   txpck/s    rxkB/s    txkB/s   rxcmp/s   txcmp/s  rxmcst/s   %ifutil
16:07:32         ens5     19.00     13.00      1.67      1.54      0.00      0.00      0.00      0.00

16:07:32        IFACE   rxpck/s   txpck/s    rxkB/s    txkB/s   rxcmp/s   txcmp/s  rxmcst/s   %ifutil
16:07:33         ens5      0.00      0.00      0.00      0.00      0.00      0.00      0.00      0.00

16:07:33        IFACE   rxpck/s   txpck/s    rxkB/s    txkB/s   rxcmp/s   txcmp/s  rxmcst/s   %ifutil
16:07:34         ens5      0.00      0.00      0.00      0.00      0.00      0.00      0.00      0.00

16:07:34        IFACE   rxpck/s   txpck/s    rxkB/s    txkB/s   rxcmp/s   txcmp/s  rxmcst/s   %ifutil
16:07:35         ens5      0.00      0.00      0.00      0.00      0.00      0.00      0.00      0.00

16:07:35        IFACE   rxpck/s   txpck/s    rxkB/s    txkB/s   rxcmp/s   txcmp/s  rxmcst/s   %ifutil
16:07:36         ens5      0.00      0.00      0.00      0.00      0.00      0.00      0.00      0.00

16:07:36        IFACE   rxpck/s   txpck/s    rxkB/s    txkB/s   rxcmp/s   txcmp/s  rxmcst/s   %ifutil
16:07:37         ens5      0.00      0.00      0.00      0.00      0.00      0.00      0.00      0.00

16:07:37        IFACE   rxpck/s   txpck/s    rxkB/s    txkB/s   rxcmp/s   txcmp/s  rxmcst/s   %ifutil
16:07:38         ens5    142.00    161.00    122.73    119.42      0.00      0.00      0.00      0.00

16:07:38        IFACE   rxpck/s   txpck/s    rxkB/s    txkB/s   rxcmp/s   txcmp/s  rxmcst/s   %ifutil
16:07:39         ens5    130.00    149.00    112.43    115.32      0.00      0.00      0.00      0.00

16:07:39        IFACE   rxpck/s   txpck/s    rxkB/s    txkB/s   rxcmp/s   txcmp/s  rxmcst/s   %ifutil
16:07:40         ens5    135.00    154.00    115.22    117.83      0.00      0.00      0.00      0.00

16:07:40        IFACE   rxpck/s   txpck/s    rxkB/s    txkB/s   rxcmp/s   txcmp/s  rxmcst/s   %ifutil
16:07:41         ens5    131.00    148.00    111.91    113.95      0.00      0.00      0.00      0.00

16:07:41        IFACE   rxpck/s   txpck/s    rxkB/s    txkB/s   rxcmp/s   txcmp/s  rxmcst/s   %ifutil
16:07:42         ens5    135.00    154.00    115.21    117.85      0.00      0.00      0.00      0.00

16:07:42        IFACE   rxpck/s   txpck/s    rxkB/s    txkB/s   rxcmp/s   txcmp/s  rxmcst/s   %ifutil
16:07:43         ens5    133.00    152.00    114.59    117.12      0.00      0.00      0.00      0.00

16:07:43        IFACE   rxpck/s   txpck/s    rxkB/s    txkB/s   rxcmp/s   txcmp/s  rxmcst/s   %ifutil
16:07:44         ens5    134.00    151.00    114.07    116.31      0.00      0.00      0.00      0.00

16:07:44        IFACE   rxpck/s   txpck/s    rxkB/s    txkB/s   rxcmp/s   txcmp/s  rxmcst/s   %ifutil
16:07:45         ens5    134.00    154.00    114.94    117.61      0.00      0.00      0.00      0.00

16:07:45        IFACE   rxpck/s   txpck/s    rxkB/s    txkB/s   rxcmp/s   txcmp/s  rxmcst/s   %ifutil
16:07:46         ens5    135.00    154.00    113.84    116.98      0.00      0.00      0.00      0.00

16:07:46        IFACE   rxpck/s   txpck/s    rxkB/s    txkB/s   rxcmp/s   txcmp/s  rxmcst/s   %ifutil
16:07:47         ens5    136.00    154.00    115.63    117.83      0.00      0.00      0.00      0.00

16:07:47        IFACE   rxpck/s   txpck/s    rxkB/s    txkB/s   rxcmp/s   txcmp/s  rxmcst/s   %ifutil
16:07:48         ens5    133.00    152.00    114.58    117.14      0.00      0.00      0.00      0.00

16:07:48        IFACE   rxpck/s   txpck/s    rxkB/s    txkB/s   rxcmp/s   txcmp/s  rxmcst/s   %ifutil
16:07:49         ens5    135.00    155.00    114.99    117.66      0.00      0.00      0.00      0.00

16:07:49        IFACE   rxpck/s   txpck/s    rxkB/s    txkB/s   rxcmp/s   txcmp/s  rxmcst/s   %ifutil
16:07:50         ens5    133.00    149.00    112.39    114.42      0.00      0.00      0.00      0.00

16:07:50        IFACE   rxpck/s   txpck/s    rxkB/s    txkB/s   rxcmp/s   txcmp/s  rxmcst/s   %ifutil
16:07:51         ens5    133.00    152.00    114.61    117.17      0.00      0.00      0.00      0.00

16:07:51        IFACE   rxpck/s   txpck/s    rxkB/s    txkB/s   rxcmp/s   txcmp/s  rxmcst/s   %ifutil
16:07:52         ens5    132.00    151.00    113.38    115.87      0.00      0.00      0.00      0.00

16:07:52        IFACE   rxpck/s   txpck/s    rxkB/s    txkB/s   rxcmp/s   txcmp/s  rxmcst/s   %ifutil
16:07:53         ens5    132.00    153.00    114.55    117.22      0.00      0.00      0.00      0.00

16:07:53        IFACE   rxpck/s   txpck/s    rxkB/s    txkB/s   rxcmp/s   txcmp/s  rxmcst/s   %ifutil
16:07:54         ens5    134.00    152.00    114.70    117.17      0.00      0.00      0.00      0.00

16:07:54        IFACE   rxpck/s   txpck/s    rxkB/s    txkB/s   rxcmp/s   txcmp/s  rxmcst/s   %ifutil
16:07:55         ens5    132.00    152.00    114.55    117.16      0.00      0.00      0.00      0.00

16:07:55        IFACE   rxpck/s   txpck/s    rxkB/s    txkB/s   rxcmp/s   txcmp/s  rxmcst/s   %ifutil
16:07:56         ens5    133.00    151.00    114.57    116.75      0.00      0.00      0.00      0.00

16:07:56        IFACE   rxpck/s   txpck/s    rxkB/s    txkB/s   rxcmp/s   txcmp/s  rxmcst/s   %ifutil
16:07:57         ens5    131.00    151.00    112.76    116.12      0.00      0.00      0.00      0.00

16:07:57        IFACE   rxpck/s   txpck/s    rxkB/s    txkB/s   rxcmp/s   txcmp/s  rxmcst/s   %ifutil
16:07:58         ens5    130.00    145.00    110.75    112.43      0.00      0.00      0.00      0.00

16:07:58        IFACE   rxpck/s   txpck/s    rxkB/s    txkB/s   rxcmp/s   txcmp/s  rxmcst/s   %ifutil
16:07:59         ens5    133.00    153.00    114.87    117.52      0.00      0.00      0.00      0.00

16:07:59        IFACE   rxpck/s   txpck/s    rxkB/s    txkB/s   rxcmp/s   txcmp/s  rxmcst/s   %ifutil
16:08:00         ens5    124.00    141.00    106.75    109.43      0.00      0.00      0.00      0.00

16:08:00        IFACE   rxpck/s   txpck/s    rxkB/s    txkB/s   rxcmp/s   txcmp/s  rxmcst/s   %ifutil
16:08:01         ens5    119.00    138.00    101.27    104.97      0.00      0.00      0.00      0.00

16:08:01        IFACE   rxpck/s   txpck/s    rxkB/s    txkB/s   rxcmp/s   txcmp/s  rxmcst/s   %ifutil
16:08:02         ens5    123.00    139.00    106.10    106.58      0.00      0.00      0.00      0.00

16:08:02        IFACE   rxpck/s   txpck/s    rxkB/s    txkB/s   rxcmp/s   txcmp/s  rxmcst/s   %ifutil
16:08:03         ens5    133.00    152.00    114.64    117.16      0.00      0.00      0.00      0.00

16:08:03        IFACE   rxpck/s   txpck/s    rxkB/s    txkB/s   rxcmp/s   txcmp/s  rxmcst/s   %ifutil
16:08:04         ens5    133.00    152.00    114.56    117.13      0.00      0.00      0.00      0.00

16:08:04        IFACE   rxpck/s   txpck/s    rxkB/s    txkB/s   rxcmp/s   txcmp/s  rxmcst/s   %ifutil
16:08:05         ens5    130.00    148.00    112.44    115.23      0.00      0.00      0.00      0.00

16:08:05        IFACE   rxpck/s   txpck/s    rxkB/s    txkB/s   rxcmp/s   txcmp/s  rxmcst/s   %ifutil
16:08:06         ens5    134.00    153.00    114.98    117.55      0.00      0.00      0.00      0.00

16:08:06        IFACE   rxpck/s   txpck/s    rxkB/s    txkB/s   rxcmp/s   txcmp/s  rxmcst/s   %ifutil
16:08:07         ens5    134.00    151.00    114.95    117.24      0.00      0.00      0.00      0.00

16:08:07        IFACE   rxpck/s   txpck/s    rxkB/s    txkB/s   rxcmp/s   txcmp/s  rxmcst/s   %ifutil
16:08:08         ens5    131.00    148.00    112.04    114.06      0.00      0.00      0.00      0.00

16:08:08        IFACE   rxpck/s   txpck/s    rxkB/s    txkB/s   rxcmp/s   txcmp/s  rxmcst/s   %ifutil
16:08:09         ens5    133.00    152.00    114.61    117.16      0.00      0.00      0.00      0.00

16:08:09        IFACE   rxpck/s   txpck/s    rxkB/s    txkB/s   rxcmp/s   txcmp/s  rxmcst/s   %ifutil
16:08:10         ens5    133.00    151.00    113.43    115.73      0.00      0.00      0.00      0.00

16:08:10        IFACE   rxpck/s   txpck/s    rxkB/s    txkB/s   rxcmp/s   txcmp/s  rxmcst/s   %ifutil
16:08:11         ens5    130.00    150.00    112.72    115.76      0.00      0.00      0.00      0.00

16:08:11        IFACE   rxpck/s   txpck/s    rxkB/s    txkB/s   rxcmp/s   txcmp/s  rxmcst/s   %ifutil
16:08:12         ens5    135.00    154.00    115.30    117.92      0.00      0.00      0.00      0.00

16:08:12        IFACE   rxpck/s   txpck/s    rxkB/s    txkB/s   rxcmp/s   txcmp/s  rxmcst/s   %ifutil
16:08:13         ens5    133.00    151.00    114.59    117.02      0.00      0.00      0.00      0.00

16:08:13        IFACE   rxpck/s   txpck/s    rxkB/s    txkB/s   rxcmp/s   txcmp/s  rxmcst/s   %ifutil
16:08:14         ens5    135.00    149.00    113.12    113.77      0.00      0.00      0.00      0.00

16:08:14        IFACE   rxpck/s   txpck/s    rxkB/s    txkB/s   rxcmp/s   txcmp/s  rxmcst/s   %ifutil
16:08:15         ens5    132.00    151.00    113.66    117.23      0.00      0.00      0.00      0.00

16:08:15        IFACE   rxpck/s   txpck/s    rxkB/s    txkB/s   rxcmp/s   txcmp/s  rxmcst/s   %ifutil
16:08:16         ens5    133.00    152.00    114.65    117.17      0.00      0.00      0.00      0.00

16:08:16        IFACE   rxpck/s   txpck/s    rxkB/s    txkB/s   rxcmp/s   txcmp/s  rxmcst/s   %ifutil
16:08:17         ens5    137.00    156.00    113.99    117.14      0.00      0.00      0.00      0.00

16:08:17        IFACE   rxpck/s   txpck/s    rxkB/s    txkB/s   rxcmp/s   txcmp/s  rxmcst/s   %ifutil
16:08:18         ens5    135.00    154.00    115.30    117.60      0.00      0.00      0.00      0.00

16:08:18        IFACE   rxpck/s   txpck/s    rxkB/s    txkB/s   rxcmp/s   txcmp/s  rxmcst/s   %ifutil
16:08:19         ens5    136.00    151.00    115.67    117.25      0.00      0.00      0.00      0.00

16:08:19        IFACE   rxpck/s   txpck/s    rxkB/s    txkB/s   rxcmp/s   txcmp/s  rxmcst/s   %ifutil
16:08:20         ens5    134.00    153.00    114.92    117.52      0.00      0.00      0.00      0.00

16:08:20        IFACE   rxpck/s   txpck/s    rxkB/s    txkB/s   rxcmp/s   txcmp/s  rxmcst/s   %ifutil
16:08:21         ens5    134.00    153.00    114.93    117.53      0.00      0.00      0.00      0.00

16:08:21        IFACE   rxpck/s   txpck/s    rxkB/s    txkB/s   rxcmp/s   txcmp/s  rxmcst/s   %ifutil
16:08:22         ens5    136.00    154.00    115.66    117.93      0.00      0.00      0.00      0.00

16:08:22        IFACE   rxpck/s   txpck/s    rxkB/s    txkB/s   rxcmp/s   txcmp/s  rxmcst/s   %ifutil
16:08:23         ens5    131.00    148.00    111.95    114.01      0.00      0.00      0.00      0.00

16:08:23        IFACE   rxpck/s   txpck/s    rxkB/s    txkB/s   rxcmp/s   txcmp/s  rxmcst/s   %ifutil
16:08:24         ens5    133.00    151.00    113.78    116.13      0.00      0.00      0.00      0.00

16:08:24        IFACE   rxpck/s   txpck/s    rxkB/s    txkB/s   rxcmp/s   txcmp/s  rxmcst/s   %ifutil
16:08:25         ens5    134.00    154.00    115.22    117.93      0.00      0.00      0.00      0.00

16:08:25        IFACE   rxpck/s   txpck/s    rxkB/s    txkB/s   rxcmp/s   txcmp/s  rxmcst/s   %ifutil
16:08:26         ens5    133.00    150.00    114.59    116.85      0.00      0.00      0.00      0.00

16:08:26        IFACE   rxpck/s   txpck/s    rxkB/s    txkB/s   rxcmp/s   txcmp/s  rxmcst/s   %ifutil
16:08:27         ens5    135.00    151.00    115.29    117.24      0.00      0.00      0.00      0.00

16:08:27        IFACE   rxpck/s   txpck/s    rxkB/s    txkB/s   rxcmp/s   txcmp/s  rxmcst/s   %ifutil
16:08:28         ens5    139.00    154.00    116.37    117.92      0.00      0.00      0.00      0.00

16:08:28        IFACE   rxpck/s   txpck/s    rxkB/s    txkB/s   rxcmp/s   txcmp/s  rxmcst/s   %ifutil
16:08:29         ens5    139.00    151.00    116.66    117.00      0.00      0.00      0.00      0.00

16:08:29        IFACE   rxpck/s   txpck/s    rxkB/s    txkB/s   rxcmp/s   txcmp/s  rxmcst/s   %ifutil
16:08:30         ens5    130.00    149.00    112.46    115.40      0.00      0.00      0.00      0.00

16:08:30        IFACE   rxpck/s   txpck/s    rxkB/s    txkB/s   rxcmp/s   txcmp/s  rxmcst/s   %ifutil
16:08:31         ens5     62.00     68.00     51.17     51.69      0.00      0.00      0.00      0.00

16:08:31        IFACE   rxpck/s   txpck/s    rxkB/s    txkB/s   rxcmp/s   txcmp/s  rxmcst/s   %ifutil
16:08:32         ens5      0.00      0.00      0.00      0.00      0.00      0.00      0.00      0.00

16:08:32        IFACE   rxpck/s   txpck/s    rxkB/s    txkB/s   rxcmp/s   txcmp/s  rxmcst/s   %ifutil
16:08:33         ens5      1.00      1.00      0.07      0.09      0.00      0.00      0.00      0.00


Average:        IFACE   rxpck/s   txpck/s    rxkB/s    txkB/s   rxcmp/s   txcmp/s  rxmcst/s   %ifutil
Average:         ens5    113.75    128.86     96.67     98.62      0.00      0.00      0.00      0.00
