Linux 7.0.0-1010-aws (ip-172-31-31-224) 	08/11/26 	_x86_64_	(2 CPU)

06:29:19        CPU     %user     %nice   %system   %iowait    %steal     %idle
06:29:20        all     49.25      0.00      5.47      0.00      2.49     42.79
06:29:21        all     49.49      0.00      3.54      0.00      2.02     44.95
06:29:22        all     48.48      0.00      4.04      0.00      2.53     44.95
06:29:23        all     45.27      0.00      3.48      0.00      4.48     46.77
06:29:24        all     45.50      0.00      4.00      0.00      4.00     46.50
06:29:25        all     48.50      0.00      3.50      0.00      2.00     46.00
06:29:26        all     48.24      0.00      4.52      0.00      2.01     45.23
06:29:27        all     47.00      0.00      2.50      0.00      1.50     49.00
06:29:28        all     28.64      0.00      3.02      0.00      1.01     67.34
06:29:29        all      5.56      0.00      1.01      0.00      0.51     92.93
06:29:30        all      0.00      0.00      0.50      0.00      0.50     98.99
06:29:31        all      0.50      0.00      0.00      0.00      0.50     99.00
06:29:32        all      0.50      0.00      0.00      0.00      0.00     99.50
06:29:33        all      0.50      0.00      0.50      0.00      0.00     99.00
06:29:34        all      0.00      0.00      0.00      0.00      0.00    100.00
06:29:35        all      1.51      0.00      1.01      0.00      0.00     97.49
06:29:36        all      5.58      0.00      2.54      0.00      1.02     90.86
06:29:37        all      7.07      0.00      2.53      0.00      2.02     88.38
06:29:38        all      4.02      0.00      2.01      0.00      0.00     93.97
06:29:39        all      0.50      0.00      0.50      0.00      0.00     99.00
06:29:40        all      0.50      0.00      0.00      0.00      0.50     99.00
06:29:41        all      0.00      0.00      0.00      0.00      0.00    100.00
06:29:42        all      0.50      0.00      0.00      0.00      0.50     99.00
06:29:43        all      0.50      0.00      0.50      0.00      0.00     99.00
06:29:44        all      4.50      0.00      2.00      0.00      1.00     92.50
06:29:45        all      1.00      0.00      0.00      0.00      1.00     98.01
06:29:46        all      0.00      0.00      0.00      0.00      0.00    100.00
06:29:47        all      1.01      0.00      0.00      0.51      0.00     98.48
06:29:48        all      0.00      0.00      0.00      0.00      0.00    100.00
06:29:49        all      0.00      0.00      0.00      0.00      0.00    100.00
06:29:50        all      1.01      0.00      0.00      0.00      0.00     98.99


Average:        all     14.37      0.00      1.52      0.02      0.96     83.13
