Linux 7.0.0-1010-aws (ip-172-31-31-224) 	08/11/26 	_x86_64_	(2 CPU)

06:29:19    kbmemfree   kbavail kbmemused  %memused kbbuffers  kbcached  kbcommit   %commit  kbactive   kbinact   kbdirty
06:29:20       708660   1305796    425964     21.83     13956    725340   1598172     81.92    333032    747000       208
06:29:21       636588   1233724    498036     25.53     13956    725340   1673332     85.77    408768    747000       208
06:29:22       564012   1161152    570608     29.25     13956    725344   1752260     89.82    486388    747004       212
06:29:23       491688   1088828    642932     32.96     13956    725344   1815764     93.07    549788    747004       212
06:29:24       419364   1016504    715256     36.66     13956    725344   1882312     96.48    618584    747004       212
06:29:25       338724    935864    795896     40.80     13956    725344   1969296    100.94    702904    747004       212
06:29:26       242208    839348    892412     45.74     13956    725344   2061836    105.69    797316    747004       168
06:29:27       194328    791468    940292     48.20     13956    725344   2111828    108.25    845720    747004       168
06:29:28       105624    702764   1028996     52.74     13956    725344   2199260    112.73    935576    747004       168
06:29:29       105624    702772   1028984     52.74     13956    725356   2199260    112.73    935668    747012        96
06:29:30       105372    702520   1029232     52.76     13956    725360   2199260    112.73    935668    747012       100
06:29:31       105372    702520   1029232     52.76     13956    725360   2199516    112.74    935668    747012       100
06:29:32       105372    702520   1029232     52.76     13956    725360   2199516    112.74    935668    747012       100
06:29:33       105372    702520   1029232     52.76     13956    725360   2199516    112.74    935668    747012       100
06:29:34       105372    702520   1029232     52.76     13956    725360   2199516    112.74    935668    747012       100
06:29:35       105372    702520   1029232     52.76     13956    725360   2199516    112.74    935668    747012       100
06:29:36       105372    702520   1029232     52.76     13956    725360   2199516    112.74    935752    747012       100
06:29:37       104616    701776   1029984     52.80     13956    725364   2203612    112.95    936524    747024       104
06:29:38       104616    701776   1029984     52.80     13956    725364   2203612    112.95    936524    747024       104
06:29:39       104616    701776   1029984     52.80     13956    725364   2203612    112.95    936524    747024       104
06:29:40       104616    701776   1029980     52.80     13956    725368   2203612    112.95    936524    747024       108
06:29:41       104616    701776   1029976     52.80     13956    725372   2203612    112.95    936524    747024       112
06:29:42       104616    701776   1029976     52.80     13956    725372   2203612    112.95    936524    747024       112
06:29:43       104616    701776   1029976     52.80     13956    725372   2203612    112.95    936524    747024       112
06:29:44       103860    701020   1030732     52.83     13956    725372   2203612    112.95    936524    747024       112
06:29:45       103860    701028   1030720     52.83     13956    725384   2203612    112.95    936600    747032       124
06:29:46       103860    701028   1030720     52.83     13956    725384   2203612    112.95    936600    747032       124
06:29:47       103860    701028   1030720     52.83     13980    725360   2203612    112.95    936684    747032       124
06:29:48       103860    701040   1030696     52.83     13980    725384   2203612    112.95    936780    747044        56
06:29:49       103860    701040   1030696     52.83     13980    725384   2203612    112.95    936780    747044        56
06:29:50       103860    701040   1030692     52.83     13980    725388   2203612    112.95    936780    747044        44

Average:       193670    790823    940930     48.23     13959    725361   2113234    108.32    847610    747018       128
