Linux 7.0.0-1010-aws (ip-172-31-20-134) 	08/11/26 	_x86_64_	(2 CPU)

16:48:05        CPU     %user     %nice   %system   %iowait    %steal     %idle
16:48:06        all      2.51      0.00      1.51      0.00      0.00     95.98
16:48:07        all      0.00      0.00      0.50      0.00      0.00     99.50
16:48:08        all      0.50      0.00      0.00      0.00      0.00     99.50
16:48:09        all      0.00      0.00      0.00      0.00      0.50     99.50
16:48:10        all      0.00      0.00      0.00      0.00      0.00    100.00
16:48:11        all      0.00      0.00      0.50      0.00      0.00     99.50
16:48:12        all      0.00      0.00      0.00      0.00      0.00    100.00
16:48:13        all      0.50      0.00      0.00      0.00      0.00     99.50
16:48:14        all      5.53      0.00      1.51      0.00      0.00     92.96
16:48:15        all      0.00      0.00      0.50      0.00      0.00     99.50
16:48:16        all      1.00      0.00      0.00      0.00      0.00     99.00
16:48:17        all      0.00      0.00      0.00      0.00      0.00    100.00
16:48:18        all      3.03      0.00      0.51      0.00      0.00     96.46
16:48:19        all     42.00      0.00      5.50      0.00      0.00     52.50
16:48:20        all     71.94      0.00      8.16      0.00      0.00     19.90
16:48:21        all     13.57      0.00      1.01      0.00      0.00     85.43
16:48:22        all      0.50      0.00      0.00      0.00      0.00     99.50
16:48:23        all      0.00      0.00      0.50      0.00      0.00     99.50
16:48:24        all      0.00      0.00      0.50      0.00      0.00     99.50
16:48:25        all      0.50      0.00      0.00      0.50      0.00     98.99
16:48:26        all      0.50      0.00      0.00      0.00      0.00     99.50
16:48:27        all      0.00      0.00      0.00      0.00      0.00    100.00
16:48:28        all      0.00      0.00      0.00      0.00      0.50     99.50
16:48:29        all      5.50      0.00      1.50      0.00      0.50     92.50
16:48:30        all      0.00      0.00      0.50      0.00      0.00     99.50
16:48:31        all      0.50      0.00      0.00      0.00      0.00     99.50
16:48:32        all      0.50      0.00      0.50      0.00      0.00     99.00
16:48:33        all      0.00      0.00      0.00      0.00      0.00    100.00
16:48:34        all      0.00      0.00      0.00      0.00      0.00    100.00
16:48:35        all      0.00      0.00      0.50      0.00      0.00     99.50

Average:        all      4.92      0.00      0.79      0.02      0.05     94.22
