Linux 7.0.0-1008-aws (ip-172-31-31-224) 	08/07/26 	_x86_64_	(2 CPU)

01:27:02    kbmemfree   kbavail kbmemused  %memused kbbuffers  kbcached  kbcommit   %commit  kbactive   kbinact   kbdirty
01:27:03       695952   1258024    392572     20.12     47708    658292   1459008     74.79    793144    217572        16
01:27:04       623880   1185952    464644     23.82     47708    658292   1530040     78.43    865128    217572        16
01:27:05       551304   1113376    537220     27.54     47708    658292   1604736     82.26    937792    217572        16
01:27:06       462852   1024924    625672     32.07     47708    658292   1692632     86.77   1027144    217572        12
01:27:07       366336    928408    722188     37.02     47708    658292   1796876     92.11   1130236    217572        12
01:27:08       326016    888088    762508     39.09     47708    658292   1831188     93.87   1165576    217572        12
01:27:09       237564    799636    850960     43.62     47708    658292   1922944     98.57   1255068    217572        12
01:27:10       116604    678676    971920     49.82     47708    658292   2047504    104.96   1378076    217572        12
01:27:11       116604    678676    971920     49.82     47708    658292   2047504    104.96   1378076    217572        12
01:27:12       116604    678676    971920     49.82     47708    658292   2047504    104.96   1378076    217572        12
01:27:13       116604    678676    971920     49.82     47708    658292   2047760    104.97   1378904    217572        12
01:27:14       115344    677416    973180     49.89     47708    658292   2047760    104.97   1381672    217572        12
01:27:15       113580    675652    974944     49.98     47708    658292   2051856    105.18   1384400    217572        12
01:27:16       111816    673888    976708     50.07     47708    658292   2056016    105.39   1387252    217572        12
01:27:17       111816    673888    976696     50.07     47720    658292   2056016    105.39   1387388    217572        92
01:27:18       111816    673900    976696     50.07     47720    658292   2056080    105.40   1387500    217584        92
01:27:19       111816    673900    976696     50.07     47720    658292   2056080    105.40   1387500    217584        92
01:27:20       111816    673900    976696     50.07     47720    658292   2056080    105.40   1387500    217584        92
01:27:21       111816    673900    976696     50.07     47720    658292   2056080    105.40   1387500    217584        92
01:27:22       111816    673900    976696     50.07     47720    658292   2056080    105.40   1387500    217584        92
01:27:23       111564    673648    976944     50.08     47720    658296   2056080    105.40   1387500    217584        96
01:27:24       111564    673648    976944     50.08     47720    658296   2056080    105.40   1387584    217584        96
01:27:25       111564    673652    976944     50.08     47720    658296   2056080    105.40   1387620    217588        96
01:27:26       111564    673652    976944     50.08     47720    658296   2056080    105.40   1387620    217588        96
01:27:27       111564    673652    976944     50.08     47720    658296   2056144    105.40   1387620    217588        96
01:27:28       111564    673652    976944     50.08     47720    658296   2056144    105.40   1387620    217588        96
01:27:29       111564    673652    976944     50.08     47720    658296   2056144    105.40   1387744    217588        96
01:27:30       111564    673652    976944     50.08     47720    658296   2056144    105.40   1387744    217588        96
01:27:31       111564    673652    976944     50.08     47720    658296   2056144    105.40   1387744    217588        96
01:27:32       111564    673652    976944     50.08     47720    658296   2056144    105.40   1387744    217588        96
01:27:33       111564    673652    976944     50.08     47720    658296   2056144    105.40   1387840    217588        84
01:27:34       111564    673652    976944     50.08     47720    658296   2056144    105.40   1387840    217588        92
01:27:35       111564    673652    976944     50.08     47720    658296   2056208    105.40   1387840    217588        92
01:27:36       111312    673400    977192     50.09     47720    658300   2056208    105.40   1387840    217588        96
01:27:37       111312    673400    977192     50.09     47720    658300   2056208    105.40   1387840    217588        96
01:27:38       111060    673148    977444     50.11     47720    658300   2056208    105.40   1387840    217588        96
01:27:39       111060    673148    977444     50.11     47720    658300   2056208    105.40   1387840    217588        96
01:27:40       111060    673148    977444     50.11     47720    658300   2056208    105.40   1387840    217588        96
01:27:41       111060    673148    977444     50.11     47720    658300   2056208    105.40   1387840    217588        96
01:27:42       111060    673148    977444     50.11     47720    658300   2056208    105.40   1387924    217588        96
01:27:43       111060    673148    977440     50.10     47720    658304   2056208    105.40   1387964    217588       100
01:27:44       111060    673148    977440     50.10     47720    658304   2056272    105.41   1387964    217588       100
01:27:45       111060    673148    977440     50.10     47720    658304   2056272    105.41   1387964    217588       100
01:27:46       111060    673148    977440     50.10     47720    658304   2056272    105.41   1387964    217588       100
01:27:47       111060    673160    977428     50.10     47724    658312   2056528    105.42   1388084    217600       100
01:27:48       111060    673160    977436     50.10     47724    658304   2056528    105.42   1388084    217600       100
01:27:49       111060    673160    977436     50.10     47724    658304   2056528    105.42   1388092    217600        20
01:27:50       111060    673160    977436     50.10     47724    658304   2056528    105.42   1388092    217600        20
01:27:51       111060    673160    977436     50.10     47724    658304   2056528    105.42   1388092    217600        20
01:27:52       111060    673160    977432     50.10     47724    658308   2056528    105.42   1388092    217600        24
01:27:53       111060    673160    977432     50.10     47724    658308   2056592    105.42   1388092    217600        24
01:27:54       111060    673160    977432     50.10     47724    658308   2056592    105.42   1388092    217600        24
01:27:55       111060    673160    977432     50.10     47724    658308   2056592    105.42   1388092    217600        24
01:27:56       110808    672908    977684     50.12     47724    658308   2056592    105.42   1388092    217600        24
01:27:57       110808    672908    977684     50.12     47724    658308   2056592    105.42   1388092    217600        24
01:27:58       110556    672656    977936     50.13     47724    658308   2056848    105.44   1388176    217600        24
01:27:59       110556    672660    977936     50.13     47724    658308   2056848    105.44   1388336    217604        24
01:28:00       110556    672660    977936     50.13     47724    658308   2056848    105.44   1388336    217604        24
01:28:01       110556    672660    977936     50.13     47724    658308   2056912    105.44   1388336    217604        24
01:28:02       110556    672660    977936     50.13     47724    658308   2056912    105.44   1388420    217604        24
01:28:03       110556    672660    977932     50.13     47724    658312   2056912    105.44   1388584    217604        28
01:28:04       110304    672412    978184     50.14     47724    658312   2056912    105.44   1388652    217608         0
01:28:05       110304    672412    978184     50.14     47724    658312   2056912    105.44   1388652    217608        12
01:28:06       110304    672412    978184     50.14     47724    658312   2057168    105.45   1388652    217608        12
01:28:07       110304    672412    978184     50.14     47724    658312   2057168    105.45   1388652    217608        12
01:28:08       110304    672412    978184     50.14     47724    658312   2057168    105.45   1388652    217608        12
01:28:09       110304    672412    978184     50.14     47724    658312   2057168    105.45   1388652    217608        12
01:28:10       110304    672412    978180     50.14     47724    658316   2057168    105.45   1388652    217608        16

Average:       148104    710193    940401     48.21     47719    658300   2018103    103.45   1349883    217589        54
