Linux 7.0.0-1008-aws (ip-172-31-31-224) 	08/07/26 	_x86_64_	(2 CPU)

01:27:02        IFACE   rxpck/s   txpck/s    rxkB/s    txkB/s   rxcmp/s   txcmp/s  rxmcst/s   %ifutil
01:27:03         ens5     62.00     62.00      4.98      7.21      0.00      0.00      0.00      0.00

01:27:03        IFACE   rxpck/s   txpck/s    rxkB/s    txkB/s   rxcmp/s   txcmp/s  rxmcst/s   %ifutil
01:27:04         ens5     52.00     51.00      4.26      5.68      0.00      0.00      0.00      0.00

01:27:04        IFACE   rxpck/s   txpck/s    rxkB/s    txkB/s   rxcmp/s   txcmp/s  rxmcst/s   %ifutil
01:27:05         ens5      8.00      8.00      0.41      1.70      0.00      0.00      0.00      0.00

01:27:05        IFACE   rxpck/s   txpck/s    rxkB/s    txkB/s   rxcmp/s   txcmp/s  rxmcst/s   %ifutil
01:27:06         ens5      6.00      6.00      0.30      1.28      0.00      0.00      0.00      0.00

01:27:06        IFACE   rxpck/s   txpck/s    rxkB/s    txkB/s   rxcmp/s   txcmp/s  rxmcst/s   %ifutil
01:27:07         ens5      4.00      4.00      0.20      0.89      0.00      0.00      0.00      0.00

01:27:07        IFACE   rxpck/s   txpck/s    rxkB/s    txkB/s   rxcmp/s   txcmp/s  rxmcst/s   %ifutil
01:27:08         ens5     11.00     11.00      0.56      2.30      0.00      0.00      0.00      0.00

01:27:08        IFACE   rxpck/s   txpck/s    rxkB/s    txkB/s   rxcmp/s   txcmp/s  rxmcst/s   %ifutil
01:27:09         ens5      5.00      5.00      0.25      1.10      0.00      0.00      0.00      0.00

01:27:09        IFACE   rxpck/s   txpck/s    rxkB/s    txkB/s   rxcmp/s   txcmp/s  rxmcst/s   %ifutil
01:27:10         ens5      3.00      3.00      0.15      0.74      0.00      0.00      0.00      0.00

01:27:10        IFACE   rxpck/s   txpck/s    rxkB/s    txkB/s   rxcmp/s   txcmp/s  rxmcst/s   %ifutil
01:27:11         ens5      0.00      0.00      0.00      0.00      0.00      0.00      0.00      0.00

01:27:11        IFACE   rxpck/s   txpck/s    rxkB/s    txkB/s   rxcmp/s   txcmp/s  rxmcst/s   %ifutil
01:27:12         ens5      0.00      0.00      0.00      0.00      0.00      0.00      0.00      0.00

01:27:12        IFACE   rxpck/s   txpck/s    rxkB/s    txkB/s   rxcmp/s   txcmp/s  rxmcst/s   %ifutil
01:27:13         ens5     36.00     30.00     23.06     14.17      0.00      0.00      0.00      0.00

01:27:13        IFACE   rxpck/s   txpck/s    rxkB/s    txkB/s   rxcmp/s   txcmp/s  rxmcst/s   %ifutil
01:27:14         ens5    129.00     95.00     78.34     42.61      0.00      0.00      0.00      0.00

01:27:14        IFACE   rxpck/s   txpck/s    rxkB/s    txkB/s   rxcmp/s   txcmp/s  rxmcst/s   %ifutil
01:27:15         ens5    126.00     95.00     77.97     42.61      0.00      0.00      0.00      0.00

01:27:15        IFACE   rxpck/s   txpck/s    rxkB/s    txkB/s   rxcmp/s   txcmp/s  rxmcst/s   %ifutil
01:27:16         ens5    129.00     97.00     78.24     42.88      0.00      0.00      0.00      0.00

01:27:16        IFACE   rxpck/s   txpck/s    rxkB/s    txkB/s   rxcmp/s   txcmp/s  rxmcst/s   %ifutil
01:27:17         ens5    128.00     96.00     79.24     42.74      0.00      0.00      0.00      0.00

01:27:17        IFACE   rxpck/s   txpck/s    rxkB/s    txkB/s   rxcmp/s   txcmp/s  rxmcst/s   %ifutil
01:27:18         ens5    127.00     96.00     78.25     42.96      0.00      0.00      0.00      0.00

01:27:18        IFACE   rxpck/s   txpck/s    rxkB/s    txkB/s   rxcmp/s   txcmp/s  rxmcst/s   %ifutil
01:27:19         ens5    131.00     96.00     78.56     42.71      0.00      0.00      0.00      0.00

01:27:19        IFACE   rxpck/s   txpck/s    rxkB/s    txkB/s   rxcmp/s   txcmp/s  rxmcst/s   %ifutil
01:27:20         ens5    132.00    100.00     81.18     44.81      0.00      0.00      0.00      0.00

01:27:20        IFACE   rxpck/s   txpck/s    rxkB/s    txkB/s   rxcmp/s   txcmp/s  rxmcst/s   %ifutil
01:27:21         ens5    131.00     96.00     79.59     42.81      0.00      0.00      0.00      0.00

01:27:21        IFACE   rxpck/s   txpck/s    rxkB/s    txkB/s   rxcmp/s   txcmp/s  rxmcst/s   %ifutil
01:27:22         ens5    126.00     96.00     77.84     42.74      0.00      0.00      0.00      0.00

01:27:22        IFACE   rxpck/s   txpck/s    rxkB/s    txkB/s   rxcmp/s   txcmp/s  rxmcst/s   %ifutil
01:27:23         ens5    128.00     95.00     78.24     42.67      0.00      0.00      0.00      0.00

01:27:23        IFACE   rxpck/s   txpck/s    rxkB/s    txkB/s   rxcmp/s   txcmp/s  rxmcst/s   %ifutil
01:27:24         ens5    127.00     95.00     78.11     42.67      0.00      0.00      0.00      0.00

01:27:24        IFACE   rxpck/s   txpck/s    rxkB/s    txkB/s   rxcmp/s   txcmp/s  rxmcst/s   %ifutil
01:27:25         ens5    132.00    100.00     82.07     44.92      0.00      0.00      0.00      0.00

01:27:25        IFACE   rxpck/s   txpck/s    rxkB/s    txkB/s   rxcmp/s   txcmp/s  rxmcst/s   %ifutil
01:27:26         ens5    129.00     96.00     78.26     42.70      0.00      0.00      0.00      0.00

01:27:26        IFACE   rxpck/s   txpck/s    rxkB/s    txkB/s   rxcmp/s   txcmp/s  rxmcst/s   %ifutil
01:27:27         ens5    125.00     95.00     80.14     42.68      0.00      0.00      0.00      0.00

01:27:27        IFACE   rxpck/s   txpck/s    rxkB/s    txkB/s   rxcmp/s   txcmp/s  rxmcst/s   %ifutil
01:27:28         ens5    128.00    100.00     79.26     45.08      0.00      0.00      0.00      0.00

01:27:28        IFACE   rxpck/s   txpck/s    rxkB/s    txkB/s   rxcmp/s   txcmp/s  rxmcst/s   %ifutil
01:27:29         ens5    128.00     96.00     77.35     42.69      0.00      0.00      0.00      0.00

01:27:29        IFACE   rxpck/s   txpck/s    rxkB/s    txkB/s   rxcmp/s   txcmp/s  rxmcst/s   %ifutil
01:27:30         ens5    127.00     96.00     79.21     42.80      0.00      0.00      0.00      0.00

01:27:30        IFACE   rxpck/s   txpck/s    rxkB/s    txkB/s   rxcmp/s   txcmp/s  rxmcst/s   %ifutil
01:27:31         ens5    124.00     95.00     77.56     42.62      0.00      0.00      0.00      0.00

01:27:31        IFACE   rxpck/s   txpck/s    rxkB/s    txkB/s   rxcmp/s   txcmp/s  rxmcst/s   %ifutil
01:27:32         ens5    127.00     97.00     77.73     42.83      0.00      0.00      0.00      0.00

01:27:32        IFACE   rxpck/s   txpck/s    rxkB/s    txkB/s   rxcmp/s   txcmp/s  rxmcst/s   %ifutil
01:27:33         ens5    126.73     94.06     77.44     42.22      0.00      0.00      0.00      0.00

01:27:33        IFACE   rxpck/s   txpck/s    rxkB/s    txkB/s   rxcmp/s   txcmp/s  rxmcst/s   %ifutil
01:27:34         ens5    108.00    100.00     80.33     44.91      0.00      0.00      0.00      0.00

01:27:34        IFACE   rxpck/s   txpck/s    rxkB/s    txkB/s   rxcmp/s   txcmp/s  rxmcst/s   %ifutil
01:27:35         ens5    106.00     96.00     76.79     42.67      0.00      0.00      0.00      0.00

01:27:35        IFACE   rxpck/s   txpck/s    rxkB/s    txkB/s   rxcmp/s   txcmp/s  rxmcst/s   %ifutil
01:27:36         ens5    110.00     99.00     79.70     44.71      0.00      0.00      0.00      0.00

01:27:36        IFACE   rxpck/s   txpck/s    rxkB/s    txkB/s   rxcmp/s   txcmp/s  rxmcst/s   %ifutil
01:27:37         ens5    102.00     95.00     76.34     42.63      0.00      0.00      0.00      0.00

01:27:37        IFACE   rxpck/s   txpck/s    rxkB/s    txkB/s   rxcmp/s   txcmp/s  rxmcst/s   %ifutil
01:27:38         ens5    109.00     96.00     78.30     42.82      0.00      0.00      0.00      0.00

01:27:38        IFACE   rxpck/s   txpck/s    rxkB/s    txkB/s   rxcmp/s   txcmp/s  rxmcst/s   %ifutil
01:27:39         ens5    108.00     95.00     77.14     42.63      0.00      0.00      0.00      0.00

01:27:39        IFACE   rxpck/s   txpck/s    rxkB/s    txkB/s   rxcmp/s   txcmp/s  rxmcst/s   %ifutil
01:27:40         ens5    111.00     95.00     77.37     42.63      0.00      0.00      0.00      0.00

01:27:40        IFACE   rxpck/s   txpck/s    rxkB/s    txkB/s   rxcmp/s   txcmp/s  rxmcst/s   %ifutil
01:27:41         ens5    111.00     99.00     80.94     44.71      0.00      0.00      0.00      0.00

01:27:41        IFACE   rxpck/s   txpck/s    rxkB/s    txkB/s   rxcmp/s   txcmp/s  rxmcst/s   %ifutil
01:27:42         ens5    110.00     96.00     77.13     42.78      0.00      0.00      0.00      0.00

01:27:42        IFACE   rxpck/s   txpck/s    rxkB/s    txkB/s   rxcmp/s   txcmp/s  rxmcst/s   %ifutil
01:27:43         ens5    106.00     97.00     77.09     43.07      0.00      0.00      0.00      0.00

01:27:43        IFACE   rxpck/s   txpck/s    rxkB/s    txkB/s   rxcmp/s   txcmp/s  rxmcst/s   %ifutil
01:27:44         ens5    109.00     99.00     79.50     44.77      0.00      0.00      0.00      0.00

01:27:44        IFACE   rxpck/s   txpck/s    rxkB/s    txkB/s   rxcmp/s   txcmp/s  rxmcst/s   %ifutil
01:27:45         ens5    106.00     96.00     78.00     42.81      0.00      0.00      0.00      0.00

01:27:45        IFACE   rxpck/s   txpck/s    rxkB/s    txkB/s   rxcmp/s   txcmp/s  rxmcst/s   %ifutil
01:27:46         ens5    107.00     95.00     76.85     42.65      0.00      0.00      0.00      0.00

01:27:46        IFACE   rxpck/s   txpck/s    rxkB/s    txkB/s   rxcmp/s   txcmp/s  rxmcst/s   %ifutil
01:27:47         ens5    111.00     95.00     77.57     42.60      0.00      0.00      0.00      0.00

01:27:47        IFACE   rxpck/s   txpck/s    rxkB/s    txkB/s   rxcmp/s   txcmp/s  rxmcst/s   %ifutil
01:27:48         ens5    110.00    100.00     79.59     44.87      0.00      0.00      0.00      0.00

01:27:48        IFACE   rxpck/s   txpck/s    rxkB/s    txkB/s   rxcmp/s   txcmp/s  rxmcst/s   %ifutil
01:27:49         ens5    122.00     95.00     77.55     42.66      0.00      0.00      0.00      0.00

01:27:49        IFACE   rxpck/s   txpck/s    rxkB/s    txkB/s   rxcmp/s   txcmp/s  rxmcst/s   %ifutil
01:27:50         ens5    130.00     96.00     79.51     42.84      0.00      0.00      0.00      0.00

01:27:50        IFACE   rxpck/s   txpck/s    rxkB/s    txkB/s   rxcmp/s   txcmp/s  rxmcst/s   %ifutil
01:27:51         ens5    129.00     96.00     78.30     42.73      0.00      0.00      0.00      0.00

01:27:51        IFACE   rxpck/s   txpck/s    rxkB/s    txkB/s   rxcmp/s   txcmp/s  rxmcst/s   %ifutil
01:27:52         ens5    130.00     96.00     78.48     42.78      0.00      0.00      0.00      0.00

01:27:52        IFACE   rxpck/s   txpck/s    rxkB/s    txkB/s   rxcmp/s   txcmp/s  rxmcst/s   %ifutil
01:27:53         ens5    124.00     95.00     77.72     42.62      0.00      0.00      0.00      0.00

01:27:53        IFACE   rxpck/s   txpck/s    rxkB/s    txkB/s   rxcmp/s   txcmp/s  rxmcst/s   %ifutil
01:27:54         ens5    128.00     95.00     78.16     42.60      0.00      0.00      0.00      0.00

01:27:54        IFACE   rxpck/s   txpck/s    rxkB/s    txkB/s   rxcmp/s   txcmp/s  rxmcst/s   %ifutil
01:27:55         ens5    123.00     95.00     77.57     42.63      0.00      0.00      0.00      0.00

01:27:55        IFACE   rxpck/s   txpck/s    rxkB/s    txkB/s   rxcmp/s   txcmp/s  rxmcst/s   %ifutil
01:27:56         ens5    133.00    103.00     81.71     45.85      0.00      0.00      0.00      0.00

01:27:56        IFACE   rxpck/s   txpck/s    rxkB/s    txkB/s   rxcmp/s   txcmp/s  rxmcst/s   %ifutil
01:27:57         ens5    125.00     97.00     78.26     43.37      0.00      0.00      0.00      0.00

01:27:57        IFACE   rxpck/s   txpck/s    rxkB/s    txkB/s   rxcmp/s   txcmp/s  rxmcst/s   %ifutil
01:27:58         ens5    130.00     99.00     80.24     43.84      0.00      0.00      0.00      0.00

01:27:58        IFACE   rxpck/s   txpck/s    rxkB/s    txkB/s   rxcmp/s   txcmp/s  rxmcst/s   %ifutil
01:27:59         ens5    127.00     96.00     78.01     42.74      0.00      0.00      0.00      0.00

01:27:59        IFACE   rxpck/s   txpck/s    rxkB/s    txkB/s   rxcmp/s   txcmp/s  rxmcst/s   %ifutil
01:28:00         ens5    115.00     90.00     73.28     40.38      0.00      0.00      0.00      0.00

01:28:00        IFACE   rxpck/s   txpck/s    rxkB/s    txkB/s   rxcmp/s   txcmp/s  rxmcst/s   %ifutil
01:28:01         ens5     92.00     70.00     57.37     31.46      0.00      0.00      0.00      0.00

01:28:01        IFACE   rxpck/s   txpck/s    rxkB/s    txkB/s   rxcmp/s   txcmp/s  rxmcst/s   %ifutil
01:28:02         ens5    109.00     85.00     68.29     38.04      0.00      0.00      0.00      0.00

01:28:02        IFACE   rxpck/s   txpck/s    rxkB/s    txkB/s   rxcmp/s   txcmp/s  rxmcst/s   %ifutil
01:28:03         ens5    130.00     96.00     79.52     42.83      0.00      0.00      0.00      0.00

01:28:03        IFACE   rxpck/s   txpck/s    rxkB/s    txkB/s   rxcmp/s   txcmp/s  rxmcst/s   %ifutil
01:28:04         ens5    124.00     96.00     77.56     42.71      0.00      0.00      0.00      0.00

01:28:04        IFACE   rxpck/s   txpck/s    rxkB/s    txkB/s   rxcmp/s   txcmp/s  rxmcst/s   %ifutil
01:28:05         ens5    122.00     95.00     77.45     42.60      0.00      0.00      0.00      0.00

01:28:05        IFACE   rxpck/s   txpck/s    rxkB/s    txkB/s   rxcmp/s   txcmp/s  rxmcst/s   %ifutil
01:28:06         ens5     40.00     30.00     24.72     13.44      0.00      0.00      0.00      0.00

01:28:06        IFACE   rxpck/s   txpck/s    rxkB/s    txkB/s   rxcmp/s   txcmp/s  rxmcst/s   %ifutil
01:28:07         ens5      0.00      0.00      0.00      0.00      0.00      0.00      0.00      0.00

01:28:07        IFACE   rxpck/s   txpck/s    rxkB/s    txkB/s   rxcmp/s   txcmp/s  rxmcst/s   %ifutil
01:28:08         ens5      0.00      0.00      0.00      0.00      0.00      0.00      0.00      0.00

01:28:08        IFACE   rxpck/s   txpck/s    rxkB/s    txkB/s   rxcmp/s   txcmp/s  rxmcst/s   %ifutil
01:28:09         ens5      0.00      0.00      0.00      0.00      0.00      0.00      0.00      0.00

01:28:09        IFACE   rxpck/s   txpck/s    rxkB/s    txkB/s   rxcmp/s   txcmp/s  rxmcst/s   %ifutil
01:28:10         ens5      0.00      0.00      0.00      0.00      0.00      0.00      0.00      0.00


Average:        IFACE   rxpck/s   txpck/s    rxkB/s    txkB/s   rxcmp/s   txcmp/s  rxmcst/s   %ifutil
Average:         ens5     95.66     76.24     60.37     33.43      0.00      0.00      0.00      0.00
