Linux 7.0.0-1008-aws (ip-172-31-31-224) 	08/07/26 	_x86_64_	(2 CPU)

06:10:38        CPU     %user     %nice   %system   %iowait    %steal     %idle
06:10:39        all     51.78      0.00      4.57      0.00      0.00     43.65
06:10:40        all     50.75      0.00      3.52      0.00      0.00     45.73
06:10:41        all     50.25      0.00      3.05      0.00      0.00     46.70
06:10:42        all     49.75      0.00      5.53      0.00      0.00     44.72
06:10:43        all     49.25      0.00      4.02      0.00      0.00     46.73
06:10:44        all     47.24      0.00      3.52      0.00      0.00     49.25
06:10:45        all     50.00      0.00      4.46      0.00      0.50     45.05
06:10:46        all     39.90      0.00      2.02      0.00      0.51     57.58
06:10:47        all      1.49      0.00      1.00      0.50      0.00     97.01
06:10:48        all      1.53      0.00      0.00      0.00      0.00     98.47
06:10:49        all      2.00      0.00      1.00      0.00      0.00     97.00
06:10:50        all      1.53      0.00      0.51      0.00      0.00     97.96
06:10:51        all      2.02      0.00      0.51      0.00      0.00     97.47
06:10:52        all      2.00      0.00      1.00      0.00      0.00     97.00
06:10:53        all      1.52      0.00      1.52      0.00      0.00     96.97
06:10:54        all      1.51      0.00      1.01      0.00      0.00     97.49
06:10:55        all      2.03      0.00      0.00      0.00      0.00     97.97
06:10:56        all      1.02      0.00      1.02      0.00      0.00     97.97
06:10:57        all      2.02      0.00      0.51      0.00      0.00     97.47
06:10:58        all      2.51      0.00      0.50      0.00      0.00     96.98
06:10:59        all      1.50      0.00      2.00      0.00      0.00     96.50
06:11:00        all      1.52      0.00      0.51      0.00      0.00     97.97
06:11:01        all      2.02      0.00      0.51      0.00      0.00     97.47
06:11:02        all      1.51      0.00      0.50      0.00      0.00     97.99
06:11:03        all      1.53      0.00      0.51      0.00      0.00     97.96
06:11:04        all      2.50      0.00      0.50      0.00      0.00     97.00
06:11:05        all      1.52      0.00      0.51      0.00      0.00     97.97
06:11:06        all      2.00      0.00      1.00      0.00      0.50     96.50
06:11:07        all      2.01      0.00      1.01      0.00      0.00     96.98
06:11:08        all      2.01      0.00      0.50      0.00      0.00     97.49
06:11:09        all      1.51      0.00      1.51      0.00      0.50     96.48
06:11:10        all      1.52      0.00      0.00      0.00      0.00     98.48
06:11:11        all      1.52      0.00      1.52      0.00      0.00     96.97
06:11:12        all      2.01      0.00      0.50      0.00      0.00     97.49
06:11:13        all      2.03      0.00      0.51      0.00      0.00     97.46
06:11:14        all      1.99      0.00      1.49      0.00      0.00     96.52
06:11:15        all      1.53      0.00      0.00      0.00      0.00     98.47
06:11:16        all      1.51      0.00      1.51      0.00      0.00     96.98
06:11:17        all      2.03      0.00      0.51      0.00      0.00     97.46
06:11:18        all      1.53      0.00      0.00      0.00      0.00     98.47
06:11:19        all      1.99      0.00      1.49      0.00      0.00     96.52
06:11:20        all      2.03      0.00      0.51      0.00      0.00     97.46
06:11:21        all      1.52      0.00      0.51      0.00      0.00     97.98
06:11:22        all      1.52      0.00      1.01      0.00      0.00     97.47
06:11:23        all      2.00      0.00      1.50      0.00      0.00     96.50
06:11:24        all      1.53      0.00      0.00      0.00      0.00     98.47
06:11:25        all      2.00      0.00      1.00      0.00      0.00     97.00
06:11:26        all      2.03      0.00      0.00      0.00      0.00     97.97
06:11:27        all      1.02      0.00      1.02      0.00      0.00     97.97
06:11:28        all      2.00      0.00      1.50      0.00      0.00     96.50
06:11:29        all      2.01      0.00      1.01      0.00      0.00     96.98
06:11:30        all      1.52      0.00      0.51      0.00      0.00     97.97
06:11:31        all      1.02      0.00      0.51      0.00      0.00     98.47
06:11:32        all      2.02      0.00      0.51      0.00      0.00     97.47
06:11:33        all      1.51      0.00      1.51      0.00      0.00     96.98
06:11:34        all      1.51      0.00      1.51      0.00      0.00     96.98
06:11:35        all      2.51      0.00      0.50      0.00      0.00     96.98
06:11:36        all      2.50      0.00      1.00      0.00      0.00     96.50
06:11:37        all      1.02      0.00      0.51      0.00      0.51     97.96
06:11:38        all      2.01      0.00      0.50      0.00      0.00     97.49
06:11:39        all      1.02      0.00      1.02      0.00      0.00     97.96
06:11:40        all      2.01      0.00      1.51      0.00      0.00     96.48
06:11:41        all      2.00      0.00      1.00      0.00      0.00     97.00
06:11:42        all      1.53      0.00      0.51      0.00      0.00     97.96
06:11:43        all      1.52      0.00      1.52      0.00      0.00     96.97
06:11:44        all      1.01      0.00      0.50      0.00      0.00     98.49
06:11:45        all      0.00      0.00      0.50      0.00      0.00     99.50
06:11:46        all      0.00      0.00      0.00      0.00      0.00    100.00
06:11:47        all      1.00      0.00      0.00      1.00      0.00     98.00
06:11:48        all      0.00      0.00      0.00      0.00      0.00    100.00
06:11:49        all      0.00      0.00      0.00      0.00      0.00    100.00
06:11:50        all      0.50      0.00      0.00      0.00      0.00     99.50
06:11:51        all      0.00      0.00      0.00      0.00      0.00    100.00
06:11:52        all      0.00      0.00      0.00      0.00      0.00    100.00
06:11:53        all      0.00      0.00      0.00      0.00      0.00    100.00
06:11:54        all      0.99      0.00      0.49      0.00      0.00     98.52
06:11:55        all      0.00      0.00      0.00      0.00      0.00    100.00
06:11:56        all      0.00      0.00      0.50      0.00      0.00     99.50
06:11:57        all      0.00      0.00      0.00      0.00      0.00    100.00
06:11:58        all      0.50      0.00      0.00      0.00      0.00     99.50
06:11:59        all      0.00      0.00      0.00      0.00      0.00    100.00
06:12:00        all      0.00      0.00      0.00      0.00      0.00    100.00
06:12:01        all      0.50      0.00      0.50      0.00      0.00     99.00
06:12:02        all      0.00      0.00      0.00      0.00      0.00    100.00
06:12:03        all      0.50      0.00      0.50      0.00      0.00     99.00
06:12:04        all      0.00      0.00      0.00      0.00      0.00    100.00
06:12:05        all      0.00      0.00      0.00      0.00      0.00    100.00
06:12:06        all      0.00      0.00      0.00      0.00      0.00    100.00
06:12:07        all      0.50      0.00      0.00      0.00      0.00     99.50
06:12:08        all      0.00      0.00      0.00      0.00      0.00    100.00
06:12:09        all      0.50      0.00      0.50      0.00      0.00     99.00
06:12:10        all      0.00      0.00      0.50      0.00      0.00     99.50
06:12:11        all      0.00      0.00      0.50      0.00      0.50     99.00
06:12:12        all      1.00      0.00      0.00      0.00      0.00     99.00
06:12:13        all      0.00      0.00      0.50      0.00      0.00     99.50

Average:        all      5.22      0.00      0.86      0.02      0.03     93.87
