Linux 7.0.0-1008-aws (ip-172-31-31-224) 	08/07/26 	_x86_64_	(2 CPU)

06:10:38    kbmemfree   kbavail kbmemused  %memused kbbuffers  kbcached  kbcommit   %commit  kbactive   kbinact   kbdirty
06:10:39       728412   1255724    397688     20.39     11520    658516   1456900     74.68    246508    728752        76
06:10:40       640212   1167524    485888     24.91     11520    658516   1544356     79.17    334688    728752        76
06:10:41       584016   1111328    542084     27.79     11520    658516   1603116     82.18    394232    728752        76
06:10:42       463308    990620    662792     33.98     11520    658516   1724456     88.40    512828    728752        76
06:10:43       382668    909980    743432     38.11     11520    658516   1803568     92.45    592196    728752        76
06:10:44       294216    821528    831884     42.64     11520    658516   1891500     96.96    679104    728752        60
06:10:45       245832    773144    880268     45.12     11520    658516   1941484     99.52    730636    728752        60
06:10:46       149064    676376    977036     50.08     11520    658516   2037436    104.44    827436    728752        60
06:10:47       149064    676400    976992     50.08     11568    658516   2037436    104.44    827584    728776       116
06:10:48       149064    676404    976988     50.08     11568    658520   2037436    104.44    827612    728780        28
06:10:49       149064    676404    976988     50.08     11568    658520   2037692    104.45    827612    728780        28
06:10:50       149064    676404    976988     50.08     11568    658520   2037756    104.46    827696    728780        28
06:10:51       149064    676428    976988     50.08     11568    658520   2037756    104.46    827712    728804        28
06:10:52       149064    676428    976988     50.08     11568    658520   2037756    104.46    827796    728804        24
06:10:53       149064    676428    976988     50.08     11568    658520   2037756    104.46    827796    728804        24
06:10:54       149064    676428    976988     50.08     11568    658520   2037756    104.46    827796    728804        24
06:10:55       149064    676428    976988     50.08     11568    658520   2037756    104.46    827796    728804        24
06:10:56       149064    676428    976988     50.08     11568    658520   2037756    104.46    827796    728804        24
06:10:57       149064    676428    976988     50.08     11568    658520   2037756    104.46    827796    728804        24
06:10:58       149064    676428    976988     50.08     11568    658520   2037756    104.46    827796    728804        24
06:10:59       149064    676428    976984     50.08     11568    658524   2037820    104.46    827796    728804        28
06:11:00       149064    676428    976984     50.08     11568    658524   2037820    104.46    827796    728804        28
06:11:01       149064    676428    976984     50.08     11568    658524   2037820    104.46    827880    728804        28
06:11:02       149064    676432    976984     50.08     11568    658524   2037820    104.46    827916    728808        28
06:11:03       149064    676432    976984     50.08     11568    658524   2037820    104.46    827916    728808        28
06:11:04       149064    676432    976984     50.08     11568    658524   2037820    104.46    827916    728808        28
06:11:05       149064    676432    976984     50.08     11568    658524   2037820    104.46    827916    728808        28
06:11:06       149064    676432    976984     50.08     11568    658524   2037820    104.46    827916    728808        28
06:11:07       149064    676432    976984     50.08     11568    658524   2037820    104.46    827916    728808        28
06:11:08       149064    676432    976984     50.08     11568    658524   2037884    104.46    828040    728808        28
06:11:09       149064    676432    976984     50.08     11568    658524   2037884    104.46    828040    728808        28
06:11:10       149064    676432    976984     50.08     11568    658524   2037884    104.46    828092    728808        20
06:11:11       149064    676432    976984     50.08     11568    658524   2037884    104.46    828092    728808        24
06:11:12       149064    676432    976980     50.08     11568    658528   2037884    104.46    828092    728808        28
06:11:13       149064    676432    976980     50.08     11568    658528   2037884    104.46    828092    728808        28
06:11:14       149064    676432    976980     50.08     11568    658528   2037884    104.46    828092    728808        28
06:11:15       149064    676432    976980     50.08     11568    658528   2037884    104.46    828092    728808        28
06:11:16       149064    676432    976980     50.08     11568    658528   2037884    104.46    828092    728808        28
06:11:17       149064    676444    976944     50.08     11592    658540   2037948    104.47    828260    728820        72
06:11:18       148812    676208    977208     50.09     11592    658528   2037948    104.47    828328    728836        60
06:11:19       148812    676208    977204     50.09     11592    658532   2037948    104.47    828328    728836        64
06:11:20       148812    676208    977204     50.09     11592    658532   2037948    104.47    828328    728836        64
06:11:21       148812    676212    977204     50.09     11592    658532   2037948    104.47    828532    728840        64
06:11:22       148812    676212    977204     50.09     11592    658532   2038204    104.48    828572    728840        64
06:11:23       148812    676212    977204     50.09     11592    658532   2038204    104.48    828572    728840        64
06:11:24       148812    676212    977204     50.09     11592    658532   2038460    104.49    828696    728840        64
06:11:25       148812    676212    977204     50.09     11592    658532   2038524    104.50    828696    728840        64
06:11:26       148812    676212    977204     50.09     11592    658532   2038524    104.50    828696    728840        64
06:11:27       148812    676212    977204     50.09     11592    658532   2038524    104.50    828820    728840        64
06:11:28       148560    675960    977452     50.11     11592    658536   2038524    104.50    828944    728840        68
06:11:29       148560    675960    977452     50.11     11592    658536   2038524    104.50    828944    728840        68
06:11:30       147804    675208    978208     50.14     11592    658536   2038524    104.50    830600    728844        68
06:11:31       145788    673192    980224     50.25     11592    658536   2042876    104.72    833076    728844        68
06:11:32       144276    671680    981736     50.33     11592    658536   2047228    104.94    835980    728844        68
06:11:33       142512    669916    983500     50.42     11592    658536   2047228    104.94    838780    728844        68
06:11:34       140496    667900    985516     50.52     11592    658536   2051388    105.16    841432    728844        68
06:11:35       137724    665128    988288     50.66     11592    658536   2055484    105.37    844156    728844        68
06:11:36       135204    662608    990808     50.79     11592    658536   2055484    105.37    847044    728844        68
06:11:37       132180    659584    993832     50.95     11592    658536   2059580    105.58    849740    728844        68
06:11:38       129408    656812    996604     51.09     11592    658536   2063676    105.79    852592    728844        68
06:11:39       126888    654296    999120     51.22     11592    658540   2063676    105.79    855348    728848        72
06:11:40       124116    651524   1001892     51.36     11592    658540   2067772    106.00    858008    728848        72
06:11:41       121092    648500   1004916     51.51     11592    658540   2072624    106.25    861060    728848        72
06:11:42       118320    645728   1007688     51.66     11592    658540   2072688    106.25    863780    728848        44
06:11:43       115296    642704   1010712     51.81     11592    658540   2076784    106.46    866632    728848        56
06:11:44       114288    641696   1011720     51.86     11592    658540   2076784    106.46    867744    728848        56
06:11:45       114288    641696   1011716     51.86     11592    658544   2076784    106.46    867784    728848        60
06:11:46       114288    641696   1011716     51.86     11592    658544   2076784    106.46    867868    728848        60
06:11:47       114036    641464   1011944     51.87     11616    658544   2076784    106.46    867988    728868        72
06:11:48       114036    641464   1011944     51.87     11616    658544   2076784    106.46    867988    728868        72
06:11:49       114036    641464   1011944     51.87     11616    658544   2076784    106.46    867988    728868        16
06:11:50       114036    641464   1011944     51.87     11616    658544   2076784    106.46    867988    728868        16
06:11:51       114036    641464   1011944     51.87     11616    658544   2076784    106.46    867988    728868        16
06:11:52       114036    641464   1011944     51.87     11616    658544   2076784    106.46    867988    728868        16
06:11:53       114036    641464   1011944     51.87     11616    658544   2076784    106.46    867988    728868        16
06:11:54       114036    641464   1011944     51.87     11616    658544   2076784    106.46    867988    728868        16
06:11:55       114036    641464   1011944     51.87     11616    658544   2076784    106.46    867988    728868        16
06:11:56       114036    641464   1011944     51.87     11616    658544   2076784    106.46    867988    728868        16
06:11:57       114036    641464   1011944     51.87     11616    658544   2076784    106.46    867988    728868        16
06:11:58       114036    641464   1011944     51.87     11616    658544   2076784    106.46    867988    728868        16
06:11:59       114036    641464   1011940     51.87     11616    658548   2076784    106.46    867988    728868        20
06:12:00       114036    641464   1011940     51.87     11616    658548   2076784    106.46    867988    728868        20
06:12:01       114036    641464   1011940     51.87     11616    658548   2076784    106.46    867988    728868        20
06:12:02       114036    641464   1011940     51.87     11616    658548   2076784    106.46    867988    728868        20
06:12:03       114036    641464   1011940     51.87     11616    658548   2076784    106.46    867988    728868        20
06:12:04       114036    641464   1011940     51.87     11616    658548   2076784    106.46    867988    728868        20
06:12:05       114036    641464   1011940     51.87     11616    658548   2076784    106.46    867988    728868        20
06:12:06       114036    641464   1011940     51.87     11616    658548   2076784    106.46    867988    728868        20
06:12:07       114036    641464   1011940     51.87     11616    658548   2076784    106.46    867988    728868        20
06:12:08       114036    641464   1011940     51.87     11616    658548   2076784    106.46    867988    728868        20
06:12:09       114036    641464   1011940     51.87     11616    658548   2076784    106.46    867988    728868        20
06:12:10       114036    641464   1011940     51.87     11616    658548   2076784    106.46    867988    728868        20
06:12:11       114036    641464   1011940     51.87     11616    658548   2076784    106.46    867988    728868        20
06:12:12       114036    641464   1011940     51.87     11616    658548   2076784    106.46    867988    728868        20
06:12:13       114036    641464   1011940     51.87     11616    658548   2076784    106.46    867988    728868        20

Average:       159757    687146    966265     49.53     11585    658533   2028971    104.01    819401    728829        42
