Linux 7.0.0-1008-aws (ip-172-31-31-224) 	08/07/26 	_x86_64_	(2 CPU)

06:10:38        IFACE   rxpck/s   txpck/s    rxkB/s    txkB/s   rxcmp/s   txcmp/s  rxmcst/s   %ifutil
06:10:39         ens5     38.00     37.00      3.69      5.53      0.00      0.00      0.00      0.00

06:10:39        IFACE   rxpck/s   txpck/s    rxkB/s    txkB/s   rxcmp/s   txcmp/s  rxmcst/s   %ifutil
06:10:40         ens5     42.00     37.00      4.00      5.03      0.00      0.00      0.00      0.00

06:10:40        IFACE   rxpck/s   txpck/s    rxkB/s    txkB/s   rxcmp/s   txcmp/s  rxmcst/s   %ifutil
06:10:41         ens5     27.00     22.00      2.25      3.62      0.00      0.00      0.00      0.00

06:10:41        IFACE   rxpck/s   txpck/s    rxkB/s    txkB/s   rxcmp/s   txcmp/s  rxmcst/s   %ifutil
06:10:42         ens5      7.00      7.00      0.36      1.49      0.00      0.00      0.00      0.00

06:10:42        IFACE   rxpck/s   txpck/s    rxkB/s    txkB/s   rxcmp/s   txcmp/s  rxmcst/s   %ifutil
06:10:43         ens5      4.00      4.00      0.20      0.88      0.00      0.00      0.00      0.00

06:10:43        IFACE   rxpck/s   txpck/s    rxkB/s    txkB/s   rxcmp/s   txcmp/s  rxmcst/s   %ifutil
06:10:44         ens5     11.00     11.00      0.56      2.30      0.00      0.00      0.00      0.00

06:10:44        IFACE   rxpck/s   txpck/s    rxkB/s    txkB/s   rxcmp/s   txcmp/s  rxmcst/s   %ifutil
06:10:45         ens5      5.00      5.00      0.25      1.10      0.00      0.00      0.00      0.00

06:10:45        IFACE   rxpck/s   txpck/s    rxkB/s    txkB/s   rxcmp/s   txcmp/s  rxmcst/s   %ifutil
06:10:46         ens5      5.00      5.00      0.25      1.05      0.00      0.00      0.00      0.00

06:10:46        IFACE   rxpck/s   txpck/s    rxkB/s    txkB/s   rxcmp/s   txcmp/s  rxmcst/s   %ifutil
06:10:47         ens5      0.00      0.00      0.00      0.00      0.00      0.00      0.00      0.00

06:10:47        IFACE   rxpck/s   txpck/s    rxkB/s    txkB/s   rxcmp/s   txcmp/s  rxmcst/s   %ifutil
06:10:48         ens5    114.00    118.00     67.29     67.39      0.00      0.00      0.00      0.00

06:10:48        IFACE   rxpck/s   txpck/s    rxkB/s    txkB/s   rxcmp/s   txcmp/s  rxmcst/s   %ifutil
06:10:49         ens5    123.00    125.00     73.41     72.40      0.00      0.00      0.00      0.00

06:10:49        IFACE   rxpck/s   txpck/s    rxkB/s    txkB/s   rxcmp/s   txcmp/s  rxmcst/s   %ifutil
06:10:50         ens5    124.00    120.00     74.53     68.65      0.00      0.00      0.00      0.00

06:10:50        IFACE   rxpck/s   txpck/s    rxkB/s    txkB/s   rxcmp/s   txcmp/s  rxmcst/s   %ifutil
06:10:51         ens5    125.00    133.00     74.68     76.57      0.00      0.00      0.00      0.00

06:10:51        IFACE   rxpck/s   txpck/s    rxkB/s    txkB/s   rxcmp/s   txcmp/s  rxmcst/s   %ifutil
06:10:52         ens5    126.00    126.00     74.82     72.55      0.00      0.00      0.00      0.00

06:10:52        IFACE   rxpck/s   txpck/s    rxkB/s    txkB/s   rxcmp/s   txcmp/s  rxmcst/s   %ifutil
06:10:53         ens5    127.00    127.00     75.17     72.86      0.00      0.00      0.00      0.00

06:10:53        IFACE   rxpck/s   txpck/s    rxkB/s    txkB/s   rxcmp/s   txcmp/s  rxmcst/s   %ifutil
06:10:54         ens5    128.00    128.00     75.55     73.34      0.00      0.00      0.00      0.00

06:10:54        IFACE   rxpck/s   txpck/s    rxkB/s    txkB/s   rxcmp/s   txcmp/s  rxmcst/s   %ifutil
06:10:55         ens5    126.00    126.00     74.81     72.64      0.00      0.00      0.00      0.00

06:10:55        IFACE   rxpck/s   txpck/s    rxkB/s    txkB/s   rxcmp/s   txcmp/s  rxmcst/s   %ifutil
06:10:56         ens5    129.00    128.00     76.16     72.78      0.00      0.00      0.00      0.00

06:10:56        IFACE   rxpck/s   txpck/s    rxkB/s    txkB/s   rxcmp/s   txcmp/s  rxmcst/s   %ifutil
06:10:57         ens5    118.00    125.00     73.02     72.46      0.00      0.00      0.00      0.00

06:10:57        IFACE   rxpck/s   txpck/s    rxkB/s    txkB/s   rxcmp/s   txcmp/s  rxmcst/s   %ifutil
06:10:58         ens5    108.00    125.00     73.90     72.52      0.00      0.00      0.00      0.00

06:10:58        IFACE   rxpck/s   txpck/s    rxkB/s    txkB/s   rxcmp/s   txcmp/s  rxmcst/s   %ifutil
06:10:59         ens5    108.00    123.00     71.71     69.25      0.00      0.00      0.00      0.00

06:10:59        IFACE   rxpck/s   txpck/s    rxkB/s    txkB/s   rxcmp/s   txcmp/s  rxmcst/s   %ifutil
06:11:00         ens5    108.00    127.00     74.25     72.99      0.00      0.00      0.00      0.00

06:11:00        IFACE   rxpck/s   txpck/s    rxkB/s    txkB/s   rxcmp/s   txcmp/s  rxmcst/s   %ifutil
06:11:01         ens5    103.00    119.00     69.88     68.60      0.00      0.00      0.00      0.00

06:11:01        IFACE   rxpck/s   txpck/s    rxkB/s    txkB/s   rxcmp/s   txcmp/s  rxmcst/s   %ifutil
06:11:02         ens5     80.00     97.00     55.92     56.33      0.00      0.00      0.00      0.00

06:11:02        IFACE   rxpck/s   txpck/s    rxkB/s    txkB/s   rxcmp/s   txcmp/s  rxmcst/s   %ifutil
06:11:03         ens5    103.00    122.00     70.94     68.85      0.00      0.00      0.00      0.00

06:11:03        IFACE   rxpck/s   txpck/s    rxkB/s    txkB/s   rxcmp/s   txcmp/s  rxmcst/s   %ifutil
06:11:04         ens5    107.00    126.00     73.78     72.59      0.00      0.00      0.00      0.00

06:11:04        IFACE   rxpck/s   txpck/s    rxkB/s    txkB/s   rxcmp/s   txcmp/s  rxmcst/s   %ifutil
06:11:05         ens5    109.00    126.00     73.96     72.60      0.00      0.00      0.00      0.00

06:11:05        IFACE   rxpck/s   txpck/s    rxkB/s    txkB/s   rxcmp/s   txcmp/s  rxmcst/s   %ifutil
06:11:06         ens5    110.00    127.00     74.30     73.00      0.00      0.00      0.00      0.00

06:11:06        IFACE   rxpck/s   txpck/s    rxkB/s    txkB/s   rxcmp/s   txcmp/s  rxmcst/s   %ifutil
06:11:07         ens5    109.00    127.00     73.99     72.73      0.00      0.00      0.00      0.00

06:11:07        IFACE   rxpck/s   txpck/s    rxkB/s    txkB/s   rxcmp/s   txcmp/s  rxmcst/s   %ifutil
06:11:08         ens5    107.00    126.00     73.77     72.57      0.00      0.00      0.00      0.00

06:11:08        IFACE   rxpck/s   txpck/s    rxkB/s    txkB/s   rxcmp/s   txcmp/s  rxmcst/s   %ifutil
06:11:09         ens5    109.00    127.00     73.98     72.71      0.00      0.00      0.00      0.00

06:11:09        IFACE   rxpck/s   txpck/s    rxkB/s    txkB/s   rxcmp/s   txcmp/s  rxmcst/s   %ifutil
06:11:10         ens5    109.00    126.00     74.26     72.90      0.00      0.00      0.00      0.00

06:11:10        IFACE   rxpck/s   txpck/s    rxkB/s    txkB/s   rxcmp/s   txcmp/s  rxmcst/s   %ifutil
06:11:11         ens5    110.00    127.00     74.04     72.67      0.00      0.00      0.00      0.00

06:11:11        IFACE   rxpck/s   txpck/s    rxkB/s    txkB/s   rxcmp/s   txcmp/s  rxmcst/s   %ifutil
06:11:12         ens5    110.00    126.00     74.08     72.64      0.00      0.00      0.00      0.00

06:11:12        IFACE   rxpck/s   txpck/s    rxkB/s    txkB/s   rxcmp/s   txcmp/s  rxmcst/s   %ifutil
06:11:13         ens5    112.00    128.00     74.77     73.32      0.00      0.00      0.00      0.00

06:11:13        IFACE   rxpck/s   txpck/s    rxkB/s    txkB/s   rxcmp/s   txcmp/s  rxmcst/s   %ifutil
06:11:14         ens5    110.00    127.00     74.19     72.82      0.00      0.00      0.00      0.00

06:11:14        IFACE   rxpck/s   txpck/s    rxkB/s    txkB/s   rxcmp/s   txcmp/s  rxmcst/s   %ifutil
06:11:15         ens5    108.00    126.00     73.92     72.63      0.00      0.00      0.00      0.00

06:11:15        IFACE   rxpck/s   txpck/s    rxkB/s    txkB/s   rxcmp/s   txcmp/s  rxmcst/s   %ifutil
06:11:16         ens5    108.00    125.00     73.91     72.56      0.00      0.00      0.00      0.00

06:11:16        IFACE   rxpck/s   txpck/s    rxkB/s    txkB/s   rxcmp/s   txcmp/s  rxmcst/s   %ifutil
06:11:17         ens5    108.00    126.00     72.97     72.79      0.00      0.00      0.00      0.00

06:11:17        IFACE   rxpck/s   txpck/s    rxkB/s    txkB/s   rxcmp/s   txcmp/s  rxmcst/s   %ifutil
06:11:18         ens5    107.00    122.00     71.64     69.13      0.00      0.00      0.00      0.00

06:11:18        IFACE   rxpck/s   txpck/s    rxkB/s    txkB/s   rxcmp/s   txcmp/s  rxmcst/s   %ifutil
06:11:19         ens5    110.00    126.00     74.05     72.60      0.00      0.00      0.00      0.00

06:11:19        IFACE   rxpck/s   txpck/s    rxkB/s    txkB/s   rxcmp/s   txcmp/s  rxmcst/s   %ifutil
06:11:20         ens5    109.00    127.00     74.29     72.94      0.00      0.00      0.00      0.00

06:11:20        IFACE   rxpck/s   txpck/s    rxkB/s    txkB/s   rxcmp/s   txcmp/s  rxmcst/s   %ifutil
06:11:21         ens5    110.00    127.00     74.35     72.98      0.00      0.00      0.00      0.00

06:11:21        IFACE   rxpck/s   txpck/s    rxkB/s    txkB/s   rxcmp/s   txcmp/s  rxmcst/s   %ifutil
06:11:22         ens5    108.00    126.00     73.83     72.63      0.00      0.00      0.00      0.00

06:11:22        IFACE   rxpck/s   txpck/s    rxkB/s    txkB/s   rxcmp/s   txcmp/s  rxmcst/s   %ifutil
06:11:23         ens5    106.93    125.74     73.02     71.99      0.00      0.00      0.00      0.00

06:11:23        IFACE   rxpck/s   txpck/s    rxkB/s    txkB/s   rxcmp/s   txcmp/s  rxmcst/s   %ifutil
06:11:24         ens5    107.00    126.00     73.79     72.60      0.00      0.00      0.00      0.00

06:11:24        IFACE   rxpck/s   txpck/s    rxkB/s    txkB/s   rxcmp/s   txcmp/s  rxmcst/s   %ifutil
06:11:25         ens5    108.00    126.00     73.93     72.62      0.00      0.00      0.00      0.00

06:11:25        IFACE   rxpck/s   txpck/s    rxkB/s    txkB/s   rxcmp/s   txcmp/s  rxmcst/s   %ifutil
06:11:26         ens5    109.00    125.00     73.91     72.56      0.00      0.00      0.00      0.00

06:11:26        IFACE   rxpck/s   txpck/s    rxkB/s    txkB/s   rxcmp/s   txcmp/s  rxmcst/s   %ifutil
06:11:27         ens5    109.00    127.00     74.29     72.98      0.00      0.00      0.00      0.00

06:11:27        IFACE   rxpck/s   txpck/s    rxkB/s    txkB/s   rxcmp/s   txcmp/s  rxmcst/s   %ifutil
06:11:28         ens5    109.00    127.00     73.97     72.68      0.00      0.00      0.00      0.00

06:11:28        IFACE   rxpck/s   txpck/s    rxkB/s    txkB/s   rxcmp/s   txcmp/s  rxmcst/s   %ifutil
06:11:29         ens5    109.00    127.00     74.30     72.98      0.00      0.00      0.00      0.00

06:11:29        IFACE   rxpck/s   txpck/s    rxkB/s    txkB/s   rxcmp/s   txcmp/s  rxmcst/s   %ifutil
06:11:30         ens5    108.00    126.00     73.92     72.61      0.00      0.00      0.00      0.00

06:11:30        IFACE   rxpck/s   txpck/s    rxkB/s    txkB/s   rxcmp/s   txcmp/s  rxmcst/s   %ifutil
06:11:31         ens5    102.00    119.00     69.74     68.58      0.00      0.00      0.00      0.00

06:11:31        IFACE   rxpck/s   txpck/s    rxkB/s    txkB/s   rxcmp/s   txcmp/s  rxmcst/s   %ifutil
06:11:32         ens5    107.00    126.00     73.77     72.55      0.00      0.00      0.00      0.00

06:11:32        IFACE   rxpck/s   txpck/s    rxkB/s    txkB/s   rxcmp/s   txcmp/s  rxmcst/s   %ifutil
06:11:33         ens5    108.00    126.00     73.92     72.62      0.00      0.00      0.00      0.00

06:11:33        IFACE   rxpck/s   txpck/s    rxkB/s    txkB/s   rxcmp/s   txcmp/s  rxmcst/s   %ifutil
06:11:34         ens5    108.00    126.00     73.85     72.63      0.00      0.00      0.00      0.00

06:11:34        IFACE   rxpck/s   txpck/s    rxkB/s    txkB/s   rxcmp/s   txcmp/s  rxmcst/s   %ifutil
06:11:35         ens5    109.00    126.00     73.98     72.61      0.00      0.00      0.00      0.00

06:11:35        IFACE   rxpck/s   txpck/s    rxkB/s    txkB/s   rxcmp/s   txcmp/s  rxmcst/s   %ifutil
06:11:36         ens5    112.00    128.00     74.41     72.98      0.00      0.00      0.00      0.00

06:11:36        IFACE   rxpck/s   txpck/s    rxkB/s    txkB/s   rxcmp/s   txcmp/s  rxmcst/s   %ifutil
06:11:37         ens5    107.00    126.00     73.80     72.62      0.00      0.00      0.00      0.00

06:11:37        IFACE   rxpck/s   txpck/s    rxkB/s    txkB/s   rxcmp/s   txcmp/s  rxmcst/s   %ifutil
06:11:38         ens5    111.00    127.00     74.38     72.95      0.00      0.00      0.00      0.00

06:11:38        IFACE   rxpck/s   txpck/s    rxkB/s    txkB/s   rxcmp/s   txcmp/s  rxmcst/s   %ifutil
06:11:39         ens5    110.00    128.00     74.36     73.03      0.00      0.00      0.00      0.00

06:11:39        IFACE   rxpck/s   txpck/s    rxkB/s    txkB/s   rxcmp/s   txcmp/s  rxmcst/s   %ifutil
06:11:40         ens5    109.00    127.00     74.20     72.97      0.00      0.00      0.00      0.00

06:11:40        IFACE   rxpck/s   txpck/s    rxkB/s    txkB/s   rxcmp/s   txcmp/s  rxmcst/s   %ifutil
06:11:41         ens5    109.00    126.00     73.92     72.59      0.00      0.00      0.00      0.00

06:11:41        IFACE   rxpck/s   txpck/s    rxkB/s    txkB/s   rxcmp/s   txcmp/s  rxmcst/s   %ifutil
06:11:42         ens5    109.00    126.00     74.28     72.89      0.00      0.00      0.00      0.00

06:11:42        IFACE   rxpck/s   txpck/s    rxkB/s    txkB/s   rxcmp/s   txcmp/s  rxmcst/s   %ifutil
06:11:43         ens5    108.00    125.00     73.90     72.52      0.00      0.00      0.00      0.00

06:11:43        IFACE   rxpck/s   txpck/s    rxkB/s    txkB/s   rxcmp/s   txcmp/s  rxmcst/s   %ifutil
06:11:44         ens5     36.00     42.00     24.65     24.22      0.00      0.00      0.00      0.00

06:11:44        IFACE   rxpck/s   txpck/s    rxkB/s    txkB/s   rxcmp/s   txcmp/s  rxmcst/s   %ifutil
06:11:45         ens5      0.00      0.00      0.00      0.00      0.00      0.00      0.00      0.00

06:11:45        IFACE   rxpck/s   txpck/s    rxkB/s    txkB/s   rxcmp/s   txcmp/s  rxmcst/s   %ifutil
06:11:46         ens5      0.00      0.00      0.00      0.00      0.00      0.00      0.00      0.00

06:11:46        IFACE   rxpck/s   txpck/s    rxkB/s    txkB/s   rxcmp/s   txcmp/s  rxmcst/s   %ifutil
06:11:47         ens5      0.00      0.00      0.00      0.00      0.00      0.00      0.00      0.00

06:11:47        IFACE   rxpck/s   txpck/s    rxkB/s    txkB/s   rxcmp/s   txcmp/s  rxmcst/s   %ifutil
06:11:48         ens5      1.00      1.00      0.05      0.06      0.00      0.00      0.00      0.00

06:11:48        IFACE   rxpck/s   txpck/s    rxkB/s    txkB/s   rxcmp/s   txcmp/s  rxmcst/s   %ifutil
06:11:49         ens5      0.00      0.00      0.00      0.00      0.00      0.00      0.00      0.00

06:11:49        IFACE   rxpck/s   txpck/s    rxkB/s    txkB/s   rxcmp/s   txcmp/s  rxmcst/s   %ifutil
06:11:50         ens5      0.00      0.00      0.00      0.00      0.00      0.00      0.00      0.00

06:11:50        IFACE   rxpck/s   txpck/s    rxkB/s    txkB/s   rxcmp/s   txcmp/s  rxmcst/s   %ifutil
06:11:51         ens5      0.00      0.00      0.00      0.00      0.00      0.00      0.00      0.00

06:11:51        IFACE   rxpck/s   txpck/s    rxkB/s    txkB/s   rxcmp/s   txcmp/s  rxmcst/s   %ifutil
06:11:52         ens5      0.00      0.00      0.00      0.00      0.00      0.00      0.00      0.00

06:11:52        IFACE   rxpck/s   txpck/s    rxkB/s    txkB/s   rxcmp/s   txcmp/s  rxmcst/s   %ifutil
06:11:53         ens5      0.00      0.00      0.00      0.00      0.00      0.00      0.00      0.00

06:11:53        IFACE   rxpck/s   txpck/s    rxkB/s    txkB/s   rxcmp/s   txcmp/s  rxmcst/s   %ifutil
06:11:54         ens5      0.00      0.00      0.00      0.00      0.00      0.00      0.00      0.00

06:11:54        IFACE   rxpck/s   txpck/s    rxkB/s    txkB/s   rxcmp/s   txcmp/s  rxmcst/s   %ifutil
06:11:55         ens5      0.00      0.00      0.00      0.00      0.00      0.00      0.00      0.00

06:11:55        IFACE   rxpck/s   txpck/s    rxkB/s    txkB/s   rxcmp/s   txcmp/s  rxmcst/s   %ifutil
06:11:56         ens5      1.00      1.00      0.07      0.09      0.00      0.00      0.00      0.00

06:11:56        IFACE   rxpck/s   txpck/s    rxkB/s    txkB/s   rxcmp/s   txcmp/s  rxmcst/s   %ifutil
06:11:57         ens5      0.00      0.00      0.00      0.00      0.00      0.00      0.00      0.00

06:11:57        IFACE   rxpck/s   txpck/s    rxkB/s    txkB/s   rxcmp/s   txcmp/s  rxmcst/s   %ifutil
06:11:58         ens5      0.00      0.00      0.00      0.00      0.00      0.00      0.00      0.00

06:11:58        IFACE   rxpck/s   txpck/s    rxkB/s    txkB/s   rxcmp/s   txcmp/s  rxmcst/s   %ifutil
06:11:59         ens5      0.00      0.00      0.00      0.00      0.00      0.00      0.00      0.00

06:11:59        IFACE   rxpck/s   txpck/s    rxkB/s    txkB/s   rxcmp/s   txcmp/s  rxmcst/s   %ifutil
06:12:00         ens5      0.00      0.00      0.00      0.00      0.00      0.00      0.00      0.00

06:12:00        IFACE   rxpck/s   txpck/s    rxkB/s    txkB/s   rxcmp/s   txcmp/s  rxmcst/s   %ifutil
06:12:01         ens5      0.00      0.00      0.00      0.00      0.00      0.00      0.00      0.00

06:12:01        IFACE   rxpck/s   txpck/s    rxkB/s    txkB/s   rxcmp/s   txcmp/s  rxmcst/s   %ifutil
06:12:02         ens5      0.00      0.00      0.00      0.00      0.00      0.00      0.00      0.00

06:12:02        IFACE   rxpck/s   txpck/s    rxkB/s    txkB/s   rxcmp/s   txcmp/s  rxmcst/s   %ifutil
06:12:03         ens5      0.00      0.00      0.00      0.00      0.00      0.00      0.00      0.00

06:12:03        IFACE   rxpck/s   txpck/s    rxkB/s    txkB/s   rxcmp/s   txcmp/s  rxmcst/s   %ifutil
06:12:04         ens5      0.00      0.00      0.00      0.00      0.00      0.00      0.00      0.00

06:12:04        IFACE   rxpck/s   txpck/s    rxkB/s    txkB/s   rxcmp/s   txcmp/s  rxmcst/s   %ifutil
06:12:05         ens5      0.00      0.00      0.00      0.00      0.00      0.00      0.00      0.00

06:12:05        IFACE   rxpck/s   txpck/s    rxkB/s    txkB/s   rxcmp/s   txcmp/s  rxmcst/s   %ifutil
06:12:06         ens5      0.00      0.00      0.00      0.00      0.00      0.00      0.00      0.00

06:12:06        IFACE   rxpck/s   txpck/s    rxkB/s    txkB/s   rxcmp/s   txcmp/s  rxmcst/s   %ifutil
06:12:07         ens5      2.00      2.00      0.26      0.29      0.00      0.00      0.00      0.00

06:12:07        IFACE   rxpck/s   txpck/s    rxkB/s    txkB/s   rxcmp/s   txcmp/s  rxmcst/s   %ifutil
06:12:08         ens5      0.00      0.00      0.00      0.00      0.00      0.00      0.00      0.00

06:12:08        IFACE   rxpck/s   txpck/s    rxkB/s    txkB/s   rxcmp/s   txcmp/s  rxmcst/s   %ifutil
06:12:09         ens5      0.00      0.00      0.00      0.00      0.00      0.00      0.00      0.00

06:12:09        IFACE   rxpck/s   txpck/s    rxkB/s    txkB/s   rxcmp/s   txcmp/s  rxmcst/s   %ifutil
06:12:10         ens5      0.00      0.00      0.00      0.00      0.00      0.00      0.00      0.00

06:12:10        IFACE   rxpck/s   txpck/s    rxkB/s    txkB/s   rxcmp/s   txcmp/s  rxmcst/s   %ifutil
06:12:11         ens5      0.00      0.00      0.00      0.00      0.00      0.00      0.00      0.00

06:12:11        IFACE   rxpck/s   txpck/s    rxkB/s    txkB/s   rxcmp/s   txcmp/s  rxmcst/s   %ifutil
06:12:12         ens5      1.00      1.00      0.07      0.09      0.00      0.00      0.00      0.00

06:12:12        IFACE   rxpck/s   txpck/s    rxkB/s    txkB/s   rxcmp/s   txcmp/s  rxmcst/s   %ifutil
06:12:13         ens5      0.00      0.00      0.00      0.00      0.00      0.00      0.00      0.00


Average:        IFACE   rxpck/s   txpck/s    rxkB/s    txkB/s   rxcmp/s   txcmp/s  rxmcst/s   %ifutil
Average:         ens5     67.11     75.67     43.65     42.92      0.00      0.00      0.00      0.00
