Linux 7.0.0-1010-aws (ip-172-31-20-134) 	08/11/26 	_x86_64_	(2 CPU)

16:50:26        CPU     %user     %nice   %system   %iowait    %steal     %idle
16:50:27        all      2.01      0.00      1.01      0.00      0.00     96.98
16:50:28        all      0.00      0.00      0.50      0.00      0.00     99.50
16:50:29        all      5.05      0.00      1.52      0.00      0.00     93.43
16:50:30        all      0.00      0.00      0.00      0.00      0.00    100.00
16:50:31        all      1.00      0.00      0.00      0.00      0.00     99.00
16:50:32        all      0.00      0.00      0.00      0.00      0.00    100.00
16:50:33        all      0.00      0.00      0.50      0.50      0.00     99.00
16:50:34        all      0.51      0.00      0.00      0.00      0.00     99.49
16:50:35        all      0.50      0.00      0.00      0.00      0.00     99.50
16:50:36        all      0.50      0.00      0.00      0.00      0.00     99.50
16:50:37        all      0.00      0.00      0.50      0.00      0.00     99.50
16:50:38        all      2.00      0.00      0.50      0.00      0.00     97.50
16:50:39        all     48.45      0.00      5.67      0.00      0.00     45.88
16:50:40        all     58.38      0.00      7.11      0.00      0.00     34.52
16:50:41        all     13.71      0.00      1.02      0.00      0.00     85.28
16:50:42        all      0.50      0.00      0.00      0.00      0.00     99.50
16:50:43        all      0.00      0.00      0.00      0.00      0.50     99.50
16:50:44        all      5.45      0.00      1.98      0.00      0.50     92.08
16:50:45        all      0.00      0.00      0.00      0.00      0.00    100.00
16:50:46        all      0.00      0.00      0.00      0.00      0.50     99.50
16:50:47        all      1.00      0.00      0.00      0.00      0.00     99.00
16:50:48        all      0.00      0.00      0.00      0.00      0.00    100.00
16:50:49        all      0.00      0.00      0.51      0.00      0.00     99.49
16:50:50        all      0.00      0.00      0.50      0.00      0.00     99.50


Average:        all      5.72      0.00      0.88      0.02      0.06     93.32
