Linux 7.0.0-1010-aws (ip-172-31-20-134) 	08/11/26 	_x86_64_	(2 CPU)

16:50:26    kbmemfree   kbavail kbmemused  %memused kbbuffers  kbcached  kbcommit   %commit  kbactive   kbinact   kbdirty
16:50:27       137384   1314720    380768     19.52     34136   1255528   1474084     75.56    997548    561484       724
16:50:28       137384   1314720    380768     19.52     34136   1255528   1474084     75.56    997548    561484       724
16:50:29       137384   1314720    380768     19.52     34136   1255528   1474084     75.56    997660    561484       724
16:50:30       137384   1314720    380760     19.52     34136   1255536   1474084     75.56    997660    561484       732
16:50:31       137384   1314720    380760     19.52     34136   1255536   1474084     75.56    997660    561484       732
16:50:32       137384   1314720    380756     19.52     34136   1255540   1474084     75.56    997660    561484       736
16:50:33       137384   1314732    380756     19.52     34136   1255540   1474084     75.56    997744    561496       272
16:50:34       137384   1314732    380736     19.52     34136   1255560   1479360     75.83    999704    561496       256
16:50:35       137384   1314732    380736     19.52     34136   1255560   1479360     75.83    999724    561496       216
16:50:36       137384   1314732    380736     19.52     34136   1255560   1479360     75.83    999724    561496       216
16:50:37       137384   1314732    380732     19.52     34136   1255564   1479360     75.83    999724    561496       224
16:50:38       137384   1314756    380728     19.52     34136   1255568   1479900     75.86   1000692    561520       228
16:50:39       134132   1311576    383828     19.67     34136   1255716   1573532     80.66   1007764    561588       376
16:50:40       133124   1310828    384644     19.72     34136   1255896   1590952     81.55   1009500    561844       556
16:50:41       132872   1310688    384756     19.72     34136   1256032   1591300     81.57   1009832    561956       692
16:50:42       132872   1310688    384756     19.72     34136   1256032   1591300     81.57   1009832    561956       692
16:50:43       132872   1310688    384756     19.72     34136   1256032   1591300     81.57   1009832    561956       692
16:50:44       132116   1309964    385504     19.76     34136   1256040   1591300     81.57   1009884    561988       700
16:50:45       132116   1309964    385504     19.76     34136   1256040   1591300     81.57   1009884    561988       700
16:50:46       132116   1309972    385496     19.76     34136   1256048   1591300     81.57   1009924    561996       700
16:50:47       132116   1309972    385496     19.76     34136   1256048   1591300     81.57   1009924    561996       700
16:50:48       132116   1309972    385496     19.76     34136   1256048   1591300     81.57   1009924    561996       700
16:50:49       132116   1309980    385492     19.76     34136   1256048   1595396     81.78   1010412    562004       700
16:50:50       132116   1309980    385492     19.76     34136   1256048   1595396     81.78   1010412    562004       700


Average:       134970   1312542    382926     19.63     34136   1255774   1533400     78.60   1004174    561716       570
