Linux 7.0.0-1010-aws (ip-172-31-31-224) 	08/11/26 	_x86_64_	(2 CPU)

07:07:24        CPU     %user     %nice   %system   %iowait    %steal     %idle
07:07:25        all     48.99      0.00      4.04      0.00      2.53     44.44
07:07:26        all     51.01      0.00      3.54      0.00      0.00     45.45
07:07:27        all     48.24      0.00      4.52      0.00      1.01     46.23
07:07:28        all     47.76      0.00      3.98      0.00      1.00     47.26
07:07:29        all     56.35      0.00      4.57      0.00      1.02     38.07
07:07:30        all     47.26      0.00      3.98      0.00      2.49     46.27
07:07:31        all     50.00      0.00      4.04      0.00      0.51     45.45
07:07:32        all     45.50      0.00      5.00      0.00      1.00     48.50
07:07:33        all     11.50      0.00      1.00      0.00      0.00     87.50
07:07:34        all      1.01      0.00      0.00      0.00      0.00     98.99
07:07:35        all      0.00      0.00      0.00      0.00      0.50     99.50
07:07:36        all      0.00      0.00      1.00      0.00      0.00     99.00
07:07:37        all      0.50      0.00      0.00      0.00      0.00     99.50
07:07:38        all      0.50      0.00      0.00      0.00      0.50     99.00
07:07:39        all      0.50      0.00      0.50      0.00      0.50     98.49
07:07:40        all      1.53      0.00      1.02      0.00      0.51     96.94
07:07:41        all      1.01      0.00      2.02      0.00      1.01     95.96
07:07:42        all      0.50      0.00      0.00      0.00      0.50     99.00
07:07:43        all      0.50      0.00      0.00      0.00      0.00     99.50
07:07:44        all      6.03      0.00      2.01      0.00      0.50     91.46
07:07:45        all      0.50      0.00      0.50      0.00      0.00     98.99
07:07:46        all      0.50      0.00      0.50      0.00      1.00     98.01
07:07:47        all      0.50      0.00      0.00      0.50      0.50     98.49
07:07:48        all      0.50      0.00      1.00      0.00      0.00     98.51
07:07:49        all      0.50      0.00      0.00      0.00      0.00     99.50
07:07:50        all      0.00      0.00      0.50      0.00      0.50     99.00

Average:        all     16.18      0.00      1.68      0.02      0.60     81.53
