Linux 7.0.0-1010-aws (ip-172-31-31-224) 	08/11/26 	_x86_64_	(2 CPU)

07:07:24    kbmemfree   kbavail kbmemused  %memused kbbuffers  kbcached  kbcommit   %commit  kbactive   kbinact   kbdirty
07:07:25       805868   1303684    427244     21.90     14896    624872   1597564     81.89    352076    629912       260
07:07:26       725732   1223548    507380     26.01     14896    624872   1677088     85.97    428532    629912       260
07:07:27       653156   1150972    579956     29.73     14896    624872   1747496     89.57    499752    629912       260
07:07:28       557648   1055464    675464     34.62     14896    624872   1843584     94.50    596168    629912       260
07:07:29       485576    983408    747520     38.32     14896    624888   1910708     97.94    664664    629928       276
07:07:30       429128    926960    803968     41.21     14896    624888   1969204    100.94    722484    629928       276
07:07:31       332612    830444    900484     46.16     14896    624888   2065384    105.87    818920    629928       276
07:07:32       195524    693356   1037572     53.18     14896    624888   2202552    112.90    954876    629928       276
07:07:33       179396    677228   1053700     54.01     14896    624888   2206840    113.12    958792    629928       276
07:07:34       179396    677228   1053696     54.01     14896    624892   2206840    113.12    958792    629928       280
07:07:35       179396    677228   1053696     54.01     14896    624892   2206840    113.12    958792    629928       280
07:07:36       179396    677232   1053696     54.01     14896    624892   2206840    113.12    959532    629932       280
07:07:37       179396    677232   1053696     54.01     14896    624892   2206840    113.12    959580    629932       232
07:07:38       179396    677232   1053696     54.01     14896    624892   2206840    113.12    959580    629932       232
07:07:39       179396    677232   1053692     54.01     14896    624896   2206840    113.12    959580    629932       240
07:07:40       179396    677232   1053692     54.01     14896    624896   2206840    113.12    959580    629932       240
07:07:41       179396    677232   1053692     54.01     14896    624896   2206840    113.12    959580    629932       240
07:07:42       179396    677232   1053692     54.01     14896    624896   2206840    113.12    959580    629932       240
07:07:43       179396    677232   1053692     54.01     14896    624896   2206840    113.12    959580    629932       240
07:07:44       179396    677236   1053676     54.01     14896    624912   2206840    113.12    959732    629936       256
07:07:45       179396    677236   1053676     54.01     14896    624912   2206840    113.12    959732    629936       256
07:07:46       179396    677236   1053676     54.01     14896    624912   2206840    113.12    959732    629936       256
07:07:47       179396    677252   1053652     54.01     14920    624912   2206840    113.12    959828    629952       140
07:07:48       179396    677252   1053652     54.01     14920    624912   2206840    113.12    959828    629952        36
07:07:49       179396    677252   1053652     54.01     14920    624912   2206840    113.12    959828    629952        36
07:07:50       179396    677252   1053648     54.01     14920    624916   2206840    113.12    959828    629952        40

Average:       285168    783004    947918     48.59     14900    624894   2105258    107.91    858036    629931       229
