Linux 7.0.0-1008-aws (ip-172-31-20-134) 	08/07/26 	_x86_64_	(2 CPU)

14:51:48    kbmemfree   kbavail kbmemused  %memused kbbuffers  kbcached  kbcommit   %commit  kbactive   kbinact   kbdirty
14:51:49       434992   1281448    378856     19.42      5156    948856   1627244     83.41    723076    508820       356
14:51:50       434992   1281448    378856     19.42      5156    948856   1627244     83.41    723076    508820       356
14:51:51       434992   1281448    378852     19.42      5156    948860   1627244     83.41    723076    508820       360
14:51:52       434992   1281452    378856     19.42      5156    948860   1627244     83.41    723120    508824       312
14:51:53       434992   1281452    378856     19.42      5156    948860   1627244     83.41    723120    508824       312
14:51:54       434992   1281452    378856     19.42      5156    948860   1627244     83.41    723120    508824       312
14:51:55       434992   1281452    378856     19.42      5156    948860   1627244     83.41    723120    508824       312
14:51:56       434992   1281580    378720     19.41      5156    948996   1629180     83.51    726592    508824       324
14:51:57       434992   1281964    378344     19.39      5156    949372   1642416     84.19    729536    509208       700
14:51:58       434992   1282312    377992     19.38      5156    949724   1642468     84.20    729096    509556      1052
14:51:59       434992   1282464    377760     19.36      5156    949956   1651036     84.63    729596    509708      1284
14:52:00       434740   1282564    377652     19.36      5156    950316   1651176     84.64    729804    510060      1644
14:52:01       433984   1282140    378084     19.38      5156    950640   1651392     84.65    730684    510392      1884
14:52:02       433732   1282288    378012     19.38      5156    950964   1651376     84.65    731112    510736      2236
14:52:03       433480   1282228    378044     19.38      5188    951152   1651400     84.65    731056    510928      2484
14:52:04       432472   1281552    378684     19.41      5188    951520   1651400     84.65    731680    511260      2720
14:52:05       431716   1281092    379216     19.44      5188    951744   1651568     84.66    733172    511556      2944
14:52:06       431716   1281388    378844     19.42      5188    952116   1651612     84.66    733320    511852      3316
14:52:07       431716   1281580    378628     19.41      5188    952332   1651640     84.67    732656    512044      3532
14:52:08       431716   1282032    378244     19.39      5188    952708   1651768     84.67    732852    512492      3908
14:52:09       431716   1282200    378020     19.38      5188    952928   1651804     84.67    732852    512660      4128
14:52:10       431716   1282632    377648     19.36      5188    953288   1651804     84.67    732880    513084      4488
14:52:11       431716   1282868    377244     19.34      5188    953692   1651804     84.67    733020    513320      4724
14:52:12       431716   1283360    376920     19.32      5188    954004   1651824     84.67    733264    513692      5088
14:52:13       431212   1283036    377196     19.34      5188    954232   1651824     84.67    733376    513872      5316
14:52:14       430960   1283208    377064     19.33      5188    954596   1651832     84.68    733408    514284      5680
14:52:15       430960   1283460    376824     19.32      5188    954836   1651880     84.68    733868    514536      5920
14:52:16       430708   1283496    376712     19.31      5188    955188   1651880     84.68    733988    514820      6272
14:52:17       430456   1283412    376732     19.31      5188    955420   1651880     84.68    733988    514988      6504
14:52:18       429952   1283304    376852     19.32      5188    955784   1651904     84.68    734460    515372      6732
14:52:19       429196   1282796    377380     19.35      5188    956012   1651904     84.68    735192    515620       304
14:52:20       428692   1282732    377408     19.35      5188    956476   1651904     84.68    735316    515940       664
14:52:21       426424   1280812    379440     19.45      5188    956712   1656124     84.90    736628    516288       900
14:52:22       426424   1281092    379072     19.43      5188    957068   1656124     84.90    736804    516560      1256
14:52:23       426424   1281468    378824     19.42      5188    957312   1656144     84.90    736580    516936      1500
14:52:24       426172   1281488    378696     19.41      5188    957676   1656160     84.90    736544    517200      1776
14:52:25       425920   1281404    378732     19.41      5188    957892   1656160     84.90    736544    517368      1992
14:52:26       425416   1281316    378848     19.42      5188    958268   1656212     84.90    736588    517776      2368
14:52:27       425416   1281484    378628     19.41      5188    958488   1656212     84.90    736588    517944      2588
14:52:28       425164   1281660    378500     19.40      5188    958856   1656256     84.90    736664    518368      2904
14:52:29       424408   1281256    378968     19.43      5188    959136   1656388     84.91    736788    518716      3184
14:52:30       424156   1281184    378956     19.43      5188    959392   1656388     84.91    736724    518892      3444
14:52:31       423904   1281360    378824     19.42      5188    959764   1656388     84.91    736756    519312      3816
14:52:32       423652   1281276    378860     19.42      5188    959980   1656388     84.91    736756    519480      4032
14:52:33       423400   1281368    378692     19.41      5220    960348   1656512     84.92    736756    519816      4472
14:52:34       422392   1280684    379476     19.45      5220    960572   1656512     84.92    737344    520140      4696
14:52:35       422140   1280768    379352     19.45      5220    960936   1656504     84.91    737344    520468      5060
14:52:36       421636   1280556    379636     19.46      5220    961156   1656524     84.92    737344    520760      5280
14:52:37       419872   1279072    381004     19.53      5220    961532   1656604     84.92    739260    521032      5656
14:52:38       419368   1278860    381292     19.55      5220    961748   1656604     84.92    739260    521324      5872
14:52:39       419116   1278928    381164     19.54      5220    962116   1656632     84.92    739208    521636      6240
14:52:40       418864   1278968    381196     19.54      5220    962336   1656632     84.92    739208    521928      6460
14:52:41       418612   1279048    381056     19.53      5220    962716   1656632     84.92    739208    522256      6840
14:52:42       418360   1278968    381068     19.53      5220    962952   1656632     84.92    739208    522424      7076
14:52:43       418112   1279168    380956     19.53      5220    963300   1656632     84.92    739216    522868      7424
14:52:44       416852   1278108    381968     19.58      5220    963548   1656632     84.92    739356    523068      7672
14:52:45       416600   1278284    381856     19.57      5220    963896   1656632     84.92    739360    523488      8020
14:52:46       416348   1278340    381804     19.57      5220    964196   1656820     84.93    739512    523792      8320
14:52:47       416348   1278572    381580     19.56      5220    964420   1656952     84.94    739612    524024      8544
14:52:48       416096   1278620    381452     19.55      5220    964780   1656952     84.94    739648    524316      8904
14:52:49       415088   1277916    382228     19.59      5220    965012   1656952     84.94    740132    524620       316
14:52:50       414836   1277824    382176     19.59      5220    965312   1656952     84.94    740224    524776       356
14:52:51       413324   1276712    383324     19.65      5220    965664   1661284     85.16    741604    525172       712
14:52:52       413072   1276748    383336     19.65      5220    965896   1661284     85.16    741612    525456       944
14:52:53       412568   1276636    383456     19.66      5220    966260   1661368     85.16    741680    525840      1308
14:52:54       412316   1276552    383472     19.66      5220    966488   1661368     85.16    741764    526008      1536
14:52:55       412064   1276632    383356     19.65      5220    966844   1661368     85.16    741804    526336      1892
14:52:56       411812   1276676    383360     19.65      5220    967084   1661392     85.17    741804    526628      2132
14:52:57       411308   1276500    383496     19.66      5220    967440   1661392     85.17    741812    526948      2488
14:52:58       410804   1276288    383760     19.67      5220    967672   1661392     85.17    741812    527240      2720
14:52:59       410048   1275904    384140     19.69      5220    968036   1661392     85.17    741840    527608      3084
14:53:00       410048   1276072    383900     19.68      5220    968276   1661476     85.17    741924    527776      3324
14:53:01       410048   1276504    383540     19.66      5220    968624   1661476     85.17    741948    528200      3616
14:53:02       409544   1276292    383804     19.67      5224    968856   1661520     85.17    741948    528492      3852
14:53:03       409292   1276344    383672     19.67      5252    969192   1661576     85.17    741992    528784      4192
14:53:04       408536   1275780    384112     19.69      5252    969508   1661576     85.17    742588    528976      4508
14:53:05       408284   1275844    384088     19.69      5252    969772   1661576     85.17    742584    529288      4692
14:53:06       407780   1275680    384252     19.70      5252    970104   1661576     85.17    742660    529628      5024
14:53:07       406016   1274268    385724     19.77      5252    970384   1661656     85.18    743884    529972      5304
14:53:08       405512   1274120    385924     19.78      5252    970688   1661656     85.18    744112    530328      5608
14:53:09       405260   1274148    385864     19.78      5252    970980   1661656     85.18    744124    530600      5900
14:53:10       404756   1273888    386052     19.79      5252    971296   1661696     85.18    744172    530844      6216
14:53:11       404504   1273948    386020     19.79      5252    971568   1661696     85.18    744196    531148      6488
14:53:12       404252   1274032    385956     19.78      5252    971884   1661696     85.18    744196    531484      6804
14:53:13       404000   1274052    385920     19.78      5252    972160   1661696     85.18    744212    531752      7080
14:53:14       402992   1273336    386596     19.82      5252    972488   1661696     85.18    744340    532040      7408
14:53:15       402740   1273488    386504     19.81      5252    972820   1661696     85.18    744352    532440      7740
14:53:16       402488   1273404    386500     19.81      5252    973076   1661696     85.18    744352    532608      7996
14:53:17       402236   1273488    386464     19.81      5252    973348   1661696     85.18    744352    532936      8268
14:53:18       401984   1273576    386396     19.81      5252    973664   1661712     85.18    744352    533272      8584
14:53:19       401732   1273572    386356     19.81      5252    973944   1661712     85.18    745012    533516      8864
14:53:20       401228   1273408    386544     19.81      5260    974244   1661712     85.18    745012    533852       352
14:53:21       400724   1273256    386732     19.82      5260    974548   1661712     85.18    745028    534196       588
14:53:22       400472   1273172    386680     19.82      5260    974852   1661712     85.18    745028    534364       892
14:53:23       398204   1271336    388648     19.92      5260    975140   1666000     85.40    747036    534792      1180
14:53:24       397952   1271252    388600     19.92      5260    975440   1666000     85.40    747036    534960      1480
14:53:25       397700   1271296    388556     19.92      5260    975720   1666000     85.40    747148    535248      1744
14:53:26       397196   1271108    388840     19.93      5260    975940   1666096     85.41    747164    535564      1972
14:53:27       396944   1271224    388656     19.92      5260    976360   1666096     85.41    747256    535924      2392
14:53:28       396692   1271140    388652     19.92      5260    976616   1666096     85.41    747256    536092      2648
14:53:29       395964   1270904    389012     19.94      5260    976968   1666116     85.41    747248    536576      3000
14:53:30       395712   1270820    389008     19.94      5260    977224   1666116     85.41    747248    536744      3256
14:53:31       395460   1270988    388984     19.94      5260    977488   1666116     85.41    747248    537156      3520
14:53:32       395208   1270944    388900     19.94      5268    977816   1666116     85.41    747248    537364      3772
14:53:33       394956   1271112    388776     19.93      5296    978144   1666116     85.41    747264    537776      4196
14:53:34       394704   1271040    388772     19.93      5296    978400   1666116     85.41    747376    537956      4456
14:53:35       394200   1270996    388928     19.94      5296    978736   1666116     85.41    747376    538408      4792
14:53:36       393948   1270912    388920     19.94      5296    978996   1666116     85.41    747376    538576      5052
14:53:37       392688   1270048    389836     19.98      5296    979320   1666632     85.43    747856    538964      5376
14:53:38       390672   1268252    391592     20.07      5296    979580   1666668     85.44    749580    539184      5636
14:53:39       390672   1268576    391248     20.06      5296    979912   1666668     85.44    749632    539500      5968
14:53:40       390420   1268660    391240     20.06      5296    980172   1666676     85.44    749632    539836      6228
14:53:41       389916   1268444    391444     20.07      5296    980456   1666792     85.44    749760    540116      6512
14:53:42       389664   1268360    391392     20.06      5296    980760   1666792     85.44    749760    540284      6816
14:53:43       389412   1268520    391352     20.06      5296    981040   1666792     85.44    749764    540692      7096
14:53:44       388908   1268320    391548     20.07      5296    981348   1666860     85.45    749692    540996      7404
14:53:45       388656   1268372    391496     20.07      5296    981640   1666860     85.45    749764    541292      7696
14:53:46       388404   1268352    391380     20.06      5296    981996   1666860     85.45    749784    541520      8052
14:53:47       388152   1268436    391376     20.06      5296    982252   1666996     85.45    749864    541856      8308
14:53:48       387900   1268516    391280     20.06      5296    982580   1666996     85.45    749872    542176      8636
14:53:49       387144   1268104    391776     20.08      5296    982840   1666996     85.45    750112    542520      8896
14:53:50       386892   1268124    391680     20.08      5296    983176   1666996     85.45    750128    542788      9232
14:53:51       386640   1268112    391672     20.08      5296    983436   1666996     85.45    750128    543028       384
14:53:52       386388   1268192    391572     20.07      5296    983776   1666996     85.45    750132    543352       724
14:53:53       385884   1267960    391832     20.09      5296    984012   1666996     85.45    750448    543620       960
14:53:54       383868   1266256    393532     20.17      5296    984328   1671116     85.66    752076    543932      1276
14:53:55       383616   1266336    393504     20.17      5296    984592   1671116     85.66    752080    544256      1540
14:53:56       383364   1266336    393440     20.17      5296    984908   1671116     85.66    752080    544508      1828
14:53:57       383112   1266392    393412     20.17      5296    985176   1671088     85.66    752016    544812      2108
14:53:58       382608   1266228    393584     20.18      5296    985500   1671088     85.66    752016    545148      2432
14:53:59       382104   1266036    393732     20.18      5296    985844   1671088     85.66    752056    545452      2776
14:54:00       381852   1266036    393728     20.18      5296    986100   1671220     85.67    752140    545704      3032
14:54:01       381600   1266180    393456     20.17      5296    986612   1671352     85.68    752344    546032      3368
14:54:02       381096   1265872    393952     20.19      5300    986616   1671352     85.68    752464    546120      3376
14:54:03       380592   1265820    393928     20.19      5328    987104   1671352     85.68    752548    546564      3876
14:54:04       380340   1265884    393860     20.19      5328    987412   1671320     85.67    752772    546876      4184
14:54:05       380088   1265968    393852     20.19      5328    987672   1671320     85.67    752772    547212      4396
14:54:06       379836   1266004    393796     20.19      5328    987960   1671320     85.67    752788    547488      4600
14:54:07       379332   1265752    394000     20.20      5328    988260   1671340     85.68    752788    547740      4900
14:54:08       377064   1263832    395964     20.30      5328    988552   1671536     85.69    754808    548084      5192
14:54:09       376812   1263788    395912     20.30      5328    988856   1671536     85.69    754808    548292      5496
14:54:10       376056   1263732    396036     20.30      5328    989476   1671536     85.69    755160    548640      5772
14:54:11       375300   1263584    396132     20.31      5328    990128   1671736     85.70    755516    549032      6096
14:54:12       375048   1263688    396096     20.30      5328    990404   1671736     85.70    755640    549384      6372
14:54:13       374796   1263604    396032     20.30      5328    990720   1671736     85.70    755640    549552      6688
14:54:14       373536   1262760    397004     20.35      5328    990996   1671736     85.70    755580    549960      6964
14:54:15       373284   1262716    396928     20.35      5328    991320   1671736     85.70    755664    550168      7288
14:54:16       373032   1262896    396896     20.35      5328    991592   1671736     85.70    755692    550592      7560
14:54:17       372780   1262844    396832     20.34      5328    991908   1671736     85.70    755700    550792      7876
14:54:18       372276   1262672    396992     20.35      5328    992240   1671736     85.70    755700    551120      8208
14:54:19       371772   1262432    397240     20.36      5328    992496   1671736     85.70    755976    551384      8464
14:54:20       371520   1262596    397144     20.36      5328    992824   1671736     85.70    756024    551788      8792
14:54:21       371268   1262512    397140     20.36      5328    993080   1671736     85.70    756024    551956      9048
14:54:22       371016   1262608    397064     20.35      5332    993396   1671764     85.70    756092    552300       316
14:54:23       369756   1261676    398040     20.40      5332    993668   1676360     85.93    757460    552624       588
14:54:24       369504   1261760    397972     20.40      5332    993988   1676360     85.93    757460    552960       908
14:54:25       369000   1261532    398124     20.41      5332    994324   1676360     85.93    757476    553228      1244
14:54:26       368748   1261616    398124     20.41      5332    994576   1676360     85.93    757476    553564      1496
14:54:27       368496   1261668    398024     20.40      5340    994908   1676360     85.93    757476    553860      1812
14:54:28       368244   1261584    398020     20.40      5340    995164   1676360     85.93    757476    554028      2072
14:54:29       367488   1261160    398404     20.42      5340    995516   1676360     85.93    757460    554352      2424
14:54:30       367488   1261412    398148     20.41      5340    995772   1676360     85.93    757460    554604      2680
14:54:31       367236   1261600    398044     20.40      5340    996116   1676452     85.94    757588    555036      3024
14:54:32       366984   1261600    398040     20.40      5348    996364   1676452     85.94    757588    555288      3280
14:54:33       366732   1261732    397900     20.40      5372    996712   1676452     85.94    757588    555664      3708
14:54:34       366228   1261448    398148     20.41      5372    996968   1676452     85.94    757908    555884      3964
14:54:35       365472   1261008    398552     20.43      5372    997304   1676452     85.94    757928    556192      4300
14:54:36       365472   1261176    398460     20.43      5372    997396   1676452     85.94    757928    556360      4392
14:54:37       365472   1261256    398404     20.42      5372    997452   1676452     85.94    757928    556440      4448
14:54:38       365472   1261296    398404     20.42      5372    997452   1676452     85.94    757984    556480      4396


Average:       402873   1273208    386758     19.83      5254    972448   1661551     85.17    744048    531942      4113
