Linux 7.0.0-1008-aws (ip-172-31-20-134) 	08/07/26 	_x86_64_	(2 CPU)

14:51:48        IFACE   rxpck/s   txpck/s    rxkB/s    txkB/s   rxcmp/s   txcmp/s  rxmcst/s   %ifutil
14:51:49         ens5     44.00     37.00      4.10      4.71      0.00      0.00      0.00      0.00

14:51:49        IFACE   rxpck/s   txpck/s    rxkB/s    txkB/s   rxcmp/s   txcmp/s  rxmcst/s   %ifutil
14:51:50         ens5     44.00     30.00      4.06      3.76      0.00      0.00      0.00      0.00

14:51:50        IFACE   rxpck/s   txpck/s    rxkB/s    txkB/s   rxcmp/s   txcmp/s  rxmcst/s   %ifutil
14:51:51         ens5      8.00      6.00      0.69      0.67      0.00      0.00      0.00      0.00

14:51:51        IFACE   rxpck/s   txpck/s    rxkB/s    txkB/s   rxcmp/s   txcmp/s  rxmcst/s   %ifutil
14:51:52         ens5      0.00      0.00      0.00      0.00      0.00      0.00      0.00      0.00

14:51:52        IFACE   rxpck/s   txpck/s    rxkB/s    txkB/s   rxcmp/s   txcmp/s  rxmcst/s   %ifutil
14:51:53         ens5      0.00      0.00      0.00      0.00      0.00      0.00      0.00      0.00

14:51:53        IFACE   rxpck/s   txpck/s    rxkB/s    txkB/s   rxcmp/s   txcmp/s  rxmcst/s   %ifutil
14:51:54         ens5      0.00      0.00      0.00      0.00      0.00      0.00      0.00      0.00

14:51:54        IFACE   rxpck/s   txpck/s    rxkB/s    txkB/s   rxcmp/s   txcmp/s  rxmcst/s   %ifutil
14:51:55         ens5      0.00      0.00      0.00      0.00      0.00      0.00      0.00      0.00

14:51:55        IFACE   rxpck/s   txpck/s    rxkB/s    txkB/s   rxcmp/s   txcmp/s  rxmcst/s   %ifutil
14:51:56         ens5    185.00    159.00    158.38     43.72      0.00      0.00      0.00      0.00

14:51:56        IFACE   rxpck/s   txpck/s    rxkB/s    txkB/s   rxcmp/s   txcmp/s  rxmcst/s   %ifutil
14:51:57         ens5    250.00    208.00    205.27     63.49      0.00      0.00      0.00      0.00

14:51:57        IFACE   rxpck/s   txpck/s    rxkB/s    txkB/s   rxcmp/s   txcmp/s  rxmcst/s   %ifutil
14:51:58         ens5    260.00    217.00    221.62     64.09      0.00      0.00      0.00      0.00

14:51:58        IFACE   rxpck/s   txpck/s    rxkB/s    txkB/s   rxcmp/s   txcmp/s  rxmcst/s   %ifutil
14:51:59         ens5    252.00    213.00    205.46     63.88      0.00      0.00      0.00      0.00

14:51:59        IFACE   rxpck/s   txpck/s    rxkB/s    txkB/s   rxcmp/s   txcmp/s  rxmcst/s   %ifutil
14:52:00         ens5    260.00    219.00    221.63     72.11      0.00      0.00      0.00      0.00

14:52:00        IFACE   rxpck/s   txpck/s    rxkB/s    txkB/s   rxcmp/s   txcmp/s  rxmcst/s   %ifutil
14:52:01         ens5    254.00    211.00    205.54     63.69      0.00      0.00      0.00      0.00

14:52:01        IFACE   rxpck/s   txpck/s    rxkB/s    txkB/s   rxcmp/s   txcmp/s  rxmcst/s   %ifutil
14:52:02         ens5    221.78    183.17    186.01     53.30      0.00      0.00      0.00      0.00

14:52:02        IFACE   rxpck/s   txpck/s    rxkB/s    txkB/s   rxcmp/s   txcmp/s  rxmcst/s   %ifutil
14:52:03         ens5    258.00    212.00    219.77     63.75      0.00      0.00      0.00      0.00

14:52:03        IFACE   rxpck/s   txpck/s    rxkB/s    txkB/s   rxcmp/s   txcmp/s  rxmcst/s   %ifutil
14:52:04         ens5    256.00    218.00    207.39     72.10      0.00      0.00      0.00      0.00

14:52:04        IFACE   rxpck/s   txpck/s    rxkB/s    txkB/s   rxcmp/s   txcmp/s  rxmcst/s   %ifutil
14:52:05         ens5    262.00    215.00    221.75     64.05      0.00      0.00      0.00      0.00

14:52:05        IFACE   rxpck/s   txpck/s    rxkB/s    txkB/s   rxcmp/s   txcmp/s  rxmcst/s   %ifutil
14:52:06         ens5    250.00    211.00    205.35     63.74      0.00      0.00      0.00      0.00

14:52:06        IFACE   rxpck/s   txpck/s    rxkB/s    txkB/s   rxcmp/s   txcmp/s  rxmcst/s   %ifutil
14:52:07         ens5    265.00    222.00    221.93     72.35      0.00      0.00      0.00      0.00

14:52:07        IFACE   rxpck/s   txpck/s    rxkB/s    txkB/s   rxcmp/s   txcmp/s  rxmcst/s   %ifutil
14:52:08         ens5    249.00    209.00    205.23     63.56      0.00      0.00      0.00      0.00

14:52:08        IFACE   rxpck/s   txpck/s    rxkB/s    txkB/s   rxcmp/s   txcmp/s  rxmcst/s   %ifutil
14:52:09         ens5    261.00    215.00    221.69     63.98      0.00      0.00      0.00      0.00

14:52:09        IFACE   rxpck/s   txpck/s    rxkB/s    txkB/s   rxcmp/s   txcmp/s  rxmcst/s   %ifutil
14:52:10         ens5    261.00    216.00    220.04     64.06      0.00      0.00      0.00      0.00

14:52:10        IFACE   rxpck/s   txpck/s    rxkB/s    txkB/s   rxcmp/s   txcmp/s  rxmcst/s   %ifutil
14:52:11         ens5    255.00    216.00    207.28     71.96      0.00      0.00      0.00      0.00

14:52:11        IFACE   rxpck/s   txpck/s    rxkB/s    txkB/s   rxcmp/s   txcmp/s  rxmcst/s   %ifutil
14:52:12         ens5    259.00    209.00    219.90     63.58      0.00      0.00      0.00      0.00

14:52:12        IFACE   rxpck/s   txpck/s    rxkB/s    txkB/s   rxcmp/s   txcmp/s  rxmcst/s   %ifutil
14:52:13         ens5    254.00    213.00    207.39     63.96      0.00      0.00      0.00      0.00

14:52:13        IFACE   rxpck/s   txpck/s    rxkB/s    txkB/s   rxcmp/s   txcmp/s  rxmcst/s   %ifutil
14:52:14         ens5    260.00    218.00    221.70     72.18      0.00      0.00      0.00      0.00

14:52:14        IFACE   rxpck/s   txpck/s    rxkB/s    txkB/s   rxcmp/s   txcmp/s  rxmcst/s   %ifutil
14:52:15         ens5    256.00    213.00    205.69     63.92      0.00      0.00      0.00      0.00

14:52:15        IFACE   rxpck/s   txpck/s    rxkB/s    txkB/s   rxcmp/s   txcmp/s  rxmcst/s   %ifutil
14:52:16         ens5    262.00    213.00    221.80     63.91      0.00      0.00      0.00      0.00

14:52:16        IFACE   rxpck/s   txpck/s    rxkB/s    txkB/s   rxcmp/s   txcmp/s  rxmcst/s   %ifutil
14:52:17         ens5    262.00    216.00    220.18     64.14      0.00      0.00      0.00      0.00

14:52:17        IFACE   rxpck/s   txpck/s    rxkB/s    txkB/s   rxcmp/s   txcmp/s  rxmcst/s   %ifutil
14:52:18         ens5    255.00    211.00    207.34     71.70      0.00      0.00      0.00      0.00

14:52:18        IFACE   rxpck/s   txpck/s    rxkB/s    txkB/s   rxcmp/s   txcmp/s  rxmcst/s   %ifutil
14:52:19         ens5    248.00    209.00    205.24     63.62      0.00      0.00      0.00      0.00

14:52:19        IFACE   rxpck/s   txpck/s    rxkB/s    txkB/s   rxcmp/s   txcmp/s  rxmcst/s   %ifutil
14:52:20         ens5    261.00    214.00    221.75     63.97      0.00      0.00      0.00      0.00

14:52:20        IFACE   rxpck/s   txpck/s    rxkB/s    txkB/s   rxcmp/s   txcmp/s  rxmcst/s   %ifutil
14:52:21         ens5    250.00    209.00    205.41     63.67      0.00      0.00      0.00      0.00

14:52:21        IFACE   rxpck/s   txpck/s    rxkB/s    txkB/s   rxcmp/s   txcmp/s  rxmcst/s   %ifutil
14:52:22         ens5    267.00    224.00    222.10     72.54      0.00      0.00      0.00      0.00

14:52:22        IFACE   rxpck/s   txpck/s    rxkB/s    txkB/s   rxcmp/s   txcmp/s  rxmcst/s   %ifutil
14:52:23         ens5    261.00    216.00    221.81     64.17      0.00      0.00      0.00      0.00

14:52:23        IFACE   rxpck/s   txpck/s    rxkB/s    txkB/s   rxcmp/s   txcmp/s  rxmcst/s   %ifutil
14:52:24         ens5    254.00    212.00    205.60     63.85      0.00      0.00      0.00      0.00

14:52:24        IFACE   rxpck/s   txpck/s    rxkB/s    txkB/s   rxcmp/s   txcmp/s  rxmcst/s   %ifutil
14:52:25         ens5    266.00    219.00    222.00     72.17      0.00      0.00      0.00      0.00

14:52:25        IFACE   rxpck/s   txpck/s    rxkB/s    txkB/s   rxcmp/s   txcmp/s  rxmcst/s   %ifutil
14:52:26         ens5    249.00    207.00    205.33     63.47      0.00      0.00      0.00      0.00

14:52:26        IFACE   rxpck/s   txpck/s    rxkB/s    txkB/s   rxcmp/s   txcmp/s  rxmcst/s   %ifutil
14:52:27         ens5    262.00    218.00    221.81     64.30      0.00      0.00      0.00      0.00

14:52:27        IFACE   rxpck/s   txpck/s    rxkB/s    txkB/s   rxcmp/s   txcmp/s  rxmcst/s   %ifutil
14:52:28         ens5    250.00    207.00    205.41     63.54      0.00      0.00      0.00      0.00

14:52:28        IFACE   rxpck/s   txpck/s    rxkB/s    txkB/s   rxcmp/s   txcmp/s  rxmcst/s   %ifutil
14:52:29         ens5    265.00    219.00    221.95     72.17      0.00      0.00      0.00      0.00

14:52:29        IFACE   rxpck/s   txpck/s    rxkB/s    txkB/s   rxcmp/s   txcmp/s  rxmcst/s   %ifutil
14:52:30         ens5    261.00    214.00    220.09     63.99      0.00      0.00      0.00      0.00

14:52:30        IFACE   rxpck/s   txpck/s    rxkB/s    txkB/s   rxcmp/s   txcmp/s  rxmcst/s   %ifutil
14:52:31         ens5    253.00    215.00    207.34     64.09      0.00      0.00      0.00      0.00

14:52:31        IFACE   rxpck/s   txpck/s    rxkB/s    txkB/s   rxcmp/s   txcmp/s  rxmcst/s   %ifutil
14:52:32         ens5    260.00    213.00    221.70     63.87      0.00      0.00      0.00      0.00

14:52:32        IFACE   rxpck/s   txpck/s    rxkB/s    txkB/s   rxcmp/s   txcmp/s  rxmcst/s   %ifutil
14:52:33         ens5    254.00    214.00    205.54     71.91      0.00      0.00      0.00      0.00

14:52:33        IFACE   rxpck/s   txpck/s    rxkB/s    txkB/s   rxcmp/s   txcmp/s  rxmcst/s   %ifutil
14:52:34         ens5    261.00    217.00    221.81     64.24      0.00      0.00      0.00      0.00

14:52:34        IFACE   rxpck/s   txpck/s    rxkB/s    txkB/s   rxcmp/s   txcmp/s  rxmcst/s   %ifutil
14:52:35         ens5    252.00    210.00    205.52     63.66      0.00      0.00      0.00      0.00

14:52:35        IFACE   rxpck/s   txpck/s    rxkB/s    txkB/s   rxcmp/s   txcmp/s  rxmcst/s   %ifutil
14:52:36         ens5    261.00    223.00    221.74     72.50      0.00      0.00      0.00      0.00

14:52:36        IFACE   rxpck/s   txpck/s    rxkB/s    txkB/s   rxcmp/s   txcmp/s  rxmcst/s   %ifutil
14:52:37         ens5    255.00    210.00    205.64     63.73      0.00      0.00      0.00      0.00

14:52:37        IFACE   rxpck/s   txpck/s    rxkB/s    txkB/s   rxcmp/s   txcmp/s  rxmcst/s   %ifutil
14:52:38         ens5    261.00    214.00    221.76     63.97      0.00      0.00      0.00      0.00

14:52:38        IFACE   rxpck/s   txpck/s    rxkB/s    txkB/s   rxcmp/s   txcmp/s  rxmcst/s   %ifutil
14:52:39         ens5    250.00    212.00    205.41     63.86      0.00      0.00      0.00      0.00

14:52:39        IFACE   rxpck/s   txpck/s    rxkB/s    txkB/s   rxcmp/s   txcmp/s  rxmcst/s   %ifutil
14:52:40         ens5    267.00    223.00    222.09     72.47      0.00      0.00      0.00      0.00

14:52:40        IFACE   rxpck/s   txpck/s    rxkB/s    txkB/s   rxcmp/s   txcmp/s  rxmcst/s   %ifutil
14:52:41         ens5    261.00    217.00    221.81     64.23      0.00      0.00      0.00      0.00

14:52:41        IFACE   rxpck/s   txpck/s    rxkB/s    txkB/s   rxcmp/s   txcmp/s  rxmcst/s   %ifutil
14:52:42         ens5    251.00    212.00    205.46     63.79      0.00      0.00      0.00      0.00

14:52:42        IFACE   rxpck/s   txpck/s    rxkB/s    txkB/s   rxcmp/s   txcmp/s  rxmcst/s   %ifutil
14:52:43         ens5    260.00    220.00    221.70     72.30      0.00      0.00      0.00      0.00

14:52:43        IFACE   rxpck/s   txpck/s    rxkB/s    txkB/s   rxcmp/s   txcmp/s  rxmcst/s   %ifutil
14:52:44         ens5    256.00    212.00    205.68     63.79      0.00      0.00      0.00      0.00

14:52:44        IFACE   rxpck/s   txpck/s    rxkB/s    txkB/s   rxcmp/s   txcmp/s  rxmcst/s   %ifutil
14:52:45         ens5    258.00    211.00    219.83     63.74      0.00      0.00      0.00      0.00

14:52:45        IFACE   rxpck/s   txpck/s    rxkB/s    txkB/s   rxcmp/s   txcmp/s  rxmcst/s   %ifutil
14:52:46         ens5    252.00    212.00    207.22     63.89      0.00      0.00      0.00      0.00

14:52:46        IFACE   rxpck/s   txpck/s    rxkB/s    txkB/s   rxcmp/s   txcmp/s  rxmcst/s   %ifutil
14:52:47         ens5    259.00    214.00    219.94     63.94      0.00      0.00      0.00      0.00

14:52:47        IFACE   rxpck/s   txpck/s    rxkB/s    txkB/s   rxcmp/s   txcmp/s  rxmcst/s   %ifutil
14:52:48         ens5    255.00    216.00    207.34     72.02      0.00      0.00      0.00      0.00

14:52:48        IFACE   rxpck/s   txpck/s    rxkB/s    txkB/s   rxcmp/s   txcmp/s  rxmcst/s   %ifutil
14:52:49         ens5    249.00    210.00    205.29     63.68      0.00      0.00      0.00      0.00

14:52:49        IFACE   rxpck/s   txpck/s    rxkB/s    txkB/s   rxcmp/s   txcmp/s  rxmcst/s   %ifutil
14:52:50         ens5    262.00    215.00    221.82     64.06      0.00      0.00      0.00      0.00

14:52:50        IFACE   rxpck/s   txpck/s    rxkB/s    txkB/s   rxcmp/s   txcmp/s  rxmcst/s   %ifutil
14:52:51         ens5    260.00    212.00    217.23     63.86      0.00      0.00      0.00      0.00

14:52:51        IFACE   rxpck/s   txpck/s    rxkB/s    txkB/s   rxcmp/s   txcmp/s  rxmcst/s   %ifutil
14:52:52         ens5    256.00    222.00    210.17     72.36      0.00      0.00      0.00      0.00

14:52:52        IFACE   rxpck/s   txpck/s    rxkB/s    txkB/s   rxcmp/s   txcmp/s  rxmcst/s   %ifutil
14:52:53         ens5    250.00    209.00    205.39     63.67      0.00      0.00      0.00      0.00

14:52:53        IFACE   rxpck/s   txpck/s    rxkB/s    txkB/s   rxcmp/s   txcmp/s  rxmcst/s   %ifutil
14:52:54         ens5    263.00    219.00    221.98     64.34      0.00      0.00      0.00      0.00

14:52:54        IFACE   rxpck/s   txpck/s    rxkB/s    txkB/s   rxcmp/s   txcmp/s  rxmcst/s   %ifutil
14:52:55         ens5    261.00    219.00    221.75     72.24      0.00      0.00      0.00      0.00

14:52:55        IFACE   rxpck/s   txpck/s    rxkB/s    txkB/s   rxcmp/s   txcmp/s  rxmcst/s   %ifutil
14:52:56         ens5    254.00    209.00    205.58     63.59      0.00      0.00      0.00      0.00

14:52:56        IFACE   rxpck/s   txpck/s    rxkB/s    txkB/s   rxcmp/s   txcmp/s  rxmcst/s   %ifutil
14:52:57         ens5    258.00    210.00    219.83     63.68      0.00      0.00      0.00      0.00

14:52:57        IFACE   rxpck/s   txpck/s    rxkB/s    txkB/s   rxcmp/s   txcmp/s  rxmcst/s   %ifutil
14:52:58         ens5    255.00    209.00    207.45     63.77      0.00      0.00      0.00      0.00

14:52:58        IFACE   rxpck/s   txpck/s    rxkB/s    txkB/s   rxcmp/s   txcmp/s  rxmcst/s   %ifutil
14:52:59         ens5    267.00    219.00    222.09     72.21      0.00      0.00      0.00      0.00

14:52:59        IFACE   rxpck/s   txpck/s    rxkB/s    txkB/s   rxcmp/s   txcmp/s  rxmcst/s   %ifutil
14:53:00         ens5    244.00    205.00    204.91     63.23      0.00      0.00      0.00      0.00

14:53:00        IFACE   rxpck/s   txpck/s    rxkB/s    txkB/s   rxcmp/s   txcmp/s  rxmcst/s   %ifutil
14:53:01         ens5    261.00    215.00    220.09     64.05      0.00      0.00      0.00      0.00

14:53:01        IFACE   rxpck/s   txpck/s    rxkB/s    txkB/s   rxcmp/s   txcmp/s  rxmcst/s   %ifutil
14:53:02         ens5    235.00    199.00    190.37     62.89      0.00      0.00      0.00      0.00

14:53:02        IFACE   rxpck/s   txpck/s    rxkB/s    txkB/s   rxcmp/s   txcmp/s  rxmcst/s   %ifutil
14:53:03         ens5    261.00    217.00    221.75     64.16      0.00      0.00      0.00      0.00

14:53:03        IFACE   rxpck/s   txpck/s    rxkB/s    txkB/s   rxcmp/s   txcmp/s  rxmcst/s   %ifutil
14:53:04         ens5    251.00    211.00    205.46     63.79      0.00      0.00      0.00      0.00

14:53:04        IFACE   rxpck/s   txpck/s    rxkB/s    txkB/s   rxcmp/s   txcmp/s  rxmcst/s   %ifutil
14:53:05         ens5    265.00    221.00    221.94     72.29      0.00      0.00      0.00      0.00

14:53:05        IFACE   rxpck/s   txpck/s    rxkB/s    txkB/s   rxcmp/s   txcmp/s  rxmcst/s   %ifutil
14:53:06         ens5    262.00    213.00    220.16     63.95      0.00      0.00      0.00      0.00

14:53:06        IFACE   rxpck/s   txpck/s    rxkB/s    txkB/s   rxcmp/s   txcmp/s  rxmcst/s   %ifutil
14:53:07         ens5    252.00    209.00    207.22     63.69      0.00      0.00      0.00      0.00

14:53:07        IFACE   rxpck/s   txpck/s    rxkB/s    txkB/s   rxcmp/s   txcmp/s  rxmcst/s   %ifutil
14:53:08         ens5    261.00    220.00    221.81     72.31      0.00      0.00      0.00      0.00

14:53:08        IFACE   rxpck/s   txpck/s    rxkB/s    txkB/s   rxcmp/s   txcmp/s  rxmcst/s   %ifutil
14:53:09         ens5    266.00    215.00    220.34     64.05      0.00      0.00      0.00      0.00

14:53:09        IFACE   rxpck/s   txpck/s    rxkB/s    txkB/s   rxcmp/s   txcmp/s  rxmcst/s   %ifutil
14:53:10         ens5    252.00    213.00    207.23     63.95      0.00      0.00      0.00      0.00

14:53:10        IFACE   rxpck/s   txpck/s    rxkB/s    txkB/s   rxcmp/s   txcmp/s  rxmcst/s   %ifutil
14:53:11         ens5    259.00    215.00    219.94     64.00      0.00      0.00      0.00      0.00

14:53:11        IFACE   rxpck/s   txpck/s    rxkB/s    txkB/s   rxcmp/s   txcmp/s  rxmcst/s   %ifutil
14:53:12         ens5    256.00    217.00    207.45     72.09      0.00      0.00      0.00      0.00

14:53:12        IFACE   rxpck/s   txpck/s    rxkB/s    txkB/s   rxcmp/s   txcmp/s  rxmcst/s   %ifutil
14:53:13         ens5    262.00    216.00    221.80     64.16      0.00      0.00      0.00      0.00

14:53:13        IFACE   rxpck/s   txpck/s    rxkB/s    txkB/s   rxcmp/s   txcmp/s  rxmcst/s   %ifutil
14:53:14         ens5    252.00    210.00    205.52     63.67      0.00      0.00      0.00      0.00

14:53:14        IFACE   rxpck/s   txpck/s    rxkB/s    txkB/s   rxcmp/s   txcmp/s  rxmcst/s   %ifutil
14:53:15         ens5    260.00    222.00    221.70     72.43      0.00      0.00      0.00      0.00

14:53:15        IFACE   rxpck/s   txpck/s    rxkB/s    txkB/s   rxcmp/s   txcmp/s  rxmcst/s   %ifutil
14:53:16         ens5    255.00    214.00    205.64     63.99      0.00      0.00      0.00      0.00

14:53:16        IFACE   rxpck/s   txpck/s    rxkB/s    txkB/s   rxcmp/s   txcmp/s  rxmcst/s   %ifutil
14:53:17         ens5    263.00    215.00    221.93     64.04      0.00      0.00      0.00      0.00

14:53:17        IFACE   rxpck/s   txpck/s    rxkB/s    txkB/s   rxcmp/s   txcmp/s  rxmcst/s   %ifutil
14:53:18         ens5    260.00    213.00    219.99     63.92      0.00      0.00      0.00      0.00

14:53:18        IFACE   rxpck/s   txpck/s    rxkB/s    txkB/s   rxcmp/s   txcmp/s  rxmcst/s   %ifutil
14:53:19         ens5    256.00    217.00    207.40     72.09      0.00      0.00      0.00      0.00

14:53:19        IFACE   rxpck/s   txpck/s    rxkB/s    txkB/s   rxcmp/s   txcmp/s  rxmcst/s   %ifutil
14:53:20         ens5    261.00    212.00    221.81     63.81      0.00      0.00      0.00      0.00

14:53:20        IFACE   rxpck/s   txpck/s    rxkB/s    txkB/s   rxcmp/s   txcmp/s  rxmcst/s   %ifutil
14:53:21         ens5    253.00    211.00    205.56     63.83      0.00      0.00      0.00      0.00

14:53:21        IFACE   rxpck/s   txpck/s    rxkB/s    txkB/s   rxcmp/s   txcmp/s  rxmcst/s   %ifutil
14:53:22         ens5    263.00    212.00    221.88     63.83      0.00      0.00      0.00      0.00

14:53:22        IFACE   rxpck/s   txpck/s    rxkB/s    txkB/s   rxcmp/s   txcmp/s  rxmcst/s   %ifutil
14:53:23         ens5    253.00    212.00    205.47     71.76      0.00      0.00      0.00      0.00

14:53:23        IFACE   rxpck/s   txpck/s    rxkB/s    txkB/s   rxcmp/s   txcmp/s  rxmcst/s   %ifutil
14:53:24         ens5    260.00    214.00    219.98     63.94      0.00      0.00      0.00      0.00

14:53:24        IFACE   rxpck/s   txpck/s    rxkB/s    txkB/s   rxcmp/s   txcmp/s  rxmcst/s   %ifutil
14:53:25         ens5    254.00    215.00    207.30     64.06      0.00      0.00      0.00      0.00

14:53:25        IFACE   rxpck/s   txpck/s    rxkB/s    txkB/s   rxcmp/s   txcmp/s  rxmcst/s   %ifutil
14:53:26         ens5    247.00    208.00    205.18     63.48      0.00      0.00      0.00      0.00

14:53:26        IFACE   rxpck/s   txpck/s    rxkB/s    txkB/s   rxcmp/s   txcmp/s  rxmcst/s   %ifutil
14:53:27         ens5    261.00    220.00    221.75     72.30      0.00      0.00      0.00      0.00

14:53:27        IFACE   rxpck/s   txpck/s    rxkB/s    txkB/s   rxcmp/s   txcmp/s  rxmcst/s   %ifutil
14:53:28         ens5    255.00    208.00    205.64     63.60      0.00      0.00      0.00      0.00

14:53:28        IFACE   rxpck/s   txpck/s    rxkB/s    txkB/s   rxcmp/s   txcmp/s  rxmcst/s   %ifutil
14:53:29         ens5    260.00    214.00    221.69     63.96      0.00      0.00      0.00      0.00

14:53:29        IFACE   rxpck/s   txpck/s    rxkB/s    txkB/s   rxcmp/s   txcmp/s  rxmcst/s   %ifutil
14:53:30         ens5    252.00    211.00    205.50     63.73      0.00      0.00      0.00      0.00

14:53:30        IFACE   rxpck/s   txpck/s    rxkB/s    txkB/s   rxcmp/s   txcmp/s  rxmcst/s   %ifutil
14:53:31         ens5    263.00    220.00    221.85     72.30      0.00      0.00      0.00      0.00

14:53:31        IFACE   rxpck/s   txpck/s    rxkB/s    txkB/s   rxcmp/s   txcmp/s  rxmcst/s   %ifutil
14:53:32         ens5    254.00    212.00    205.57     63.78      0.00      0.00      0.00      0.00

14:53:32        IFACE   rxpck/s   txpck/s    rxkB/s    txkB/s   rxcmp/s   txcmp/s  rxmcst/s   %ifutil
14:53:33         ens5    260.00    218.00    221.70     64.28      0.00      0.00      0.00      0.00

14:53:33        IFACE   rxpck/s   txpck/s    rxkB/s    txkB/s   rxcmp/s   txcmp/s  rxmcst/s   %ifutil
14:53:34         ens5    253.00    212.00    205.57     63.87      0.00      0.00      0.00      0.00

14:53:34        IFACE   rxpck/s   txpck/s    rxkB/s    txkB/s   rxcmp/s   txcmp/s  rxmcst/s   %ifutil
14:53:35         ens5    264.00    221.00    221.90     72.29      0.00      0.00      0.00      0.00

14:53:35        IFACE   rxpck/s   txpck/s    rxkB/s    txkB/s   rxcmp/s   txcmp/s  rxmcst/s   %ifutil
14:53:36         ens5    261.00    212.00    220.08     63.86      0.00      0.00      0.00      0.00

14:53:36        IFACE   rxpck/s   txpck/s    rxkB/s    txkB/s   rxcmp/s   txcmp/s  rxmcst/s   %ifutil
14:53:37         ens5    253.00    213.00    207.34     63.96      0.00      0.00      0.00      0.00

14:53:37        IFACE   rxpck/s   txpck/s    rxkB/s    txkB/s   rxcmp/s   txcmp/s  rxmcst/s   %ifutil
14:53:38         ens5    261.00    218.00    221.78     72.20      0.00      0.00      0.00      0.00

14:53:38        IFACE   rxpck/s   txpck/s    rxkB/s    txkB/s   rxcmp/s   txcmp/s  rxmcst/s   %ifutil
14:53:39         ens5    254.00    211.00    205.59     63.72      0.00      0.00      0.00      0.00

14:53:39        IFACE   rxpck/s   txpck/s    rxkB/s    txkB/s   rxcmp/s   txcmp/s  rxmcst/s   %ifutil
14:53:40         ens5    260.00    215.00    221.70     64.10      0.00      0.00      0.00      0.00

14:53:40        IFACE   rxpck/s   txpck/s    rxkB/s    txkB/s   rxcmp/s   txcmp/s  rxmcst/s   %ifutil
14:53:41         ens5    250.00    212.00    205.35     63.79      0.00      0.00      0.00      0.00

14:53:41        IFACE   rxpck/s   txpck/s    rxkB/s    txkB/s   rxcmp/s   txcmp/s  rxmcst/s   %ifutil
14:53:42         ens5    262.00    216.00    221.87     64.07      0.00      0.00      0.00      0.00

14:53:42        IFACE   rxpck/s   txpck/s    rxkB/s    txkB/s   rxcmp/s   txcmp/s  rxmcst/s   %ifutil
14:53:43         ens5    255.00    218.00    205.63     72.23      0.00      0.00      0.00      0.00

14:53:43        IFACE   rxpck/s   txpck/s    rxkB/s    txkB/s   rxcmp/s   txcmp/s  rxmcst/s   %ifutil
14:53:44         ens5    263.00    220.00    221.93     64.41      0.00      0.00      0.00      0.00

14:53:44        IFACE   rxpck/s   txpck/s    rxkB/s    txkB/s   rxcmp/s   txcmp/s  rxmcst/s   %ifutil
14:53:45         ens5    259.00    213.00    219.94     63.88      0.00      0.00      0.00      0.00

14:53:45        IFACE   rxpck/s   txpck/s    rxkB/s    txkB/s   rxcmp/s   txcmp/s  rxmcst/s   %ifutil
14:53:46         ens5    255.00    216.00    207.35     72.02      0.00      0.00      0.00      0.00

14:53:46        IFACE   rxpck/s   txpck/s    rxkB/s    txkB/s   rxcmp/s   txcmp/s  rxmcst/s   %ifutil
14:53:47         ens5    261.00    215.00    221.81     64.10      0.00      0.00      0.00      0.00

14:53:47        IFACE   rxpck/s   txpck/s    rxkB/s    txkB/s   rxcmp/s   txcmp/s  rxmcst/s   %ifutil
14:53:48         ens5    252.00    210.00    205.52     63.74      0.00      0.00      0.00      0.00

14:53:48        IFACE   rxpck/s   txpck/s    rxkB/s    txkB/s   rxcmp/s   txcmp/s  rxmcst/s   %ifutil
14:53:49         ens5    260.00    220.00    221.69     72.23      0.00      0.00      0.00      0.00

14:53:49        IFACE   rxpck/s   txpck/s    rxkB/s    txkB/s   rxcmp/s   txcmp/s  rxmcst/s   %ifutil
14:53:50         ens5    254.00    211.00    205.59     63.80      0.00      0.00      0.00      0.00

14:53:50        IFACE   rxpck/s   txpck/s    rxkB/s    txkB/s   rxcmp/s   txcmp/s  rxmcst/s   %ifutil
14:53:51         ens5    262.00    212.00    221.79     63.83      0.00      0.00      0.00      0.00

14:53:51        IFACE   rxpck/s   txpck/s    rxkB/s    txkB/s   rxcmp/s   txcmp/s  rxmcst/s   %ifutil
14:53:52         ens5    262.00    219.00    220.17     64.32      0.00      0.00      0.00      0.00

14:53:52        IFACE   rxpck/s   txpck/s    rxkB/s    txkB/s   rxcmp/s   txcmp/s  rxmcst/s   %ifutil
14:53:53         ens5    253.00    213.00    207.20     71.78      0.00      0.00      0.00      0.00

14:53:53        IFACE   rxpck/s   txpck/s    rxkB/s    txkB/s   rxcmp/s   txcmp/s  rxmcst/s   %ifutil
14:53:54         ens5    251.00    208.00    205.46     63.62      0.00      0.00      0.00      0.00

14:53:54        IFACE   rxpck/s   txpck/s    rxkB/s    txkB/s   rxcmp/s   txcmp/s  rxmcst/s   %ifutil
14:53:55         ens5    261.00    216.00    221.75     64.10      0.00      0.00      0.00      0.00

14:53:55        IFACE   rxpck/s   txpck/s    rxkB/s    txkB/s   rxcmp/s   txcmp/s  rxmcst/s   %ifutil
14:53:56         ens5    250.00    207.00    205.41     63.54      0.00      0.00      0.00      0.00

14:53:56        IFACE   rxpck/s   txpck/s    rxkB/s    txkB/s   rxcmp/s   txcmp/s  rxmcst/s   %ifutil
14:53:57         ens5    266.00    220.00    222.04     72.27      0.00      0.00      0.00      0.00

14:53:57        IFACE   rxpck/s   txpck/s    rxkB/s    txkB/s   rxcmp/s   txcmp/s  rxmcst/s   %ifutil
14:53:58         ens5    260.00    213.00    219.99     63.88      0.00      0.00      0.00      0.00

14:53:58        IFACE   rxpck/s   txpck/s    rxkB/s    txkB/s   rxcmp/s   txcmp/s  rxmcst/s   %ifutil
14:53:59         ens5    250.00    213.00    207.05     63.91      0.00      0.00      0.00      0.00

14:53:59        IFACE   rxpck/s   txpck/s    rxkB/s    txkB/s   rxcmp/s   txcmp/s  rxmcst/s   %ifutil
14:54:00         ens5    250.00    210.00    205.40     63.66      0.00      0.00      0.00      0.00

14:54:00        IFACE   rxpck/s   txpck/s    rxkB/s    txkB/s   rxcmp/s   txcmp/s  rxmcst/s   %ifutil
14:54:01         ens5    261.00    220.00    221.74     72.30      0.00      0.00      0.00      0.00

14:54:01        IFACE   rxpck/s   txpck/s    rxkB/s    txkB/s   rxcmp/s   txcmp/s  rxmcst/s   %ifutil
14:54:02         ens5    205.00    169.00    170.88     52.61      0.00      0.00      0.00      0.00

14:54:02        IFACE   rxpck/s   txpck/s    rxkB/s    txkB/s   rxcmp/s   txcmp/s  rxmcst/s   %ifutil
14:54:03         ens5    252.00    209.00    205.38     63.53      0.00      0.00      0.00      0.00

14:54:03        IFACE   rxpck/s   txpck/s    rxkB/s    txkB/s   rxcmp/s   txcmp/s  rxmcst/s   %ifutil
14:54:04         ens5    251.00    208.00    205.44     63.60      0.00      0.00      0.00      0.00

14:54:04        IFACE   rxpck/s   txpck/s    rxkB/s    txkB/s   rxcmp/s   txcmp/s  rxmcst/s   %ifutil
14:54:05         ens5    261.00    218.00    221.75     64.23      0.00      0.00      0.00      0.00

14:54:05        IFACE   rxpck/s   txpck/s    rxkB/s    txkB/s   rxcmp/s   txcmp/s  rxmcst/s   %ifutil
14:54:06         ens5    250.00    212.00    205.41     63.86      0.00      0.00      0.00      0.00

14:54:06        IFACE   rxpck/s   txpck/s    rxkB/s    txkB/s   rxcmp/s   txcmp/s  rxmcst/s   %ifutil
14:54:07         ens5    264.00    223.00    221.90     72.58      0.00      0.00      0.00      0.00

14:54:07        IFACE   rxpck/s   txpck/s    rxkB/s    txkB/s   rxcmp/s   txcmp/s  rxmcst/s   %ifutil
14:54:08         ens5    252.00    210.00    205.65     63.73      0.00      0.00      0.00      0.00

14:54:08        IFACE   rxpck/s   txpck/s    rxkB/s    txkB/s   rxcmp/s   txcmp/s  rxmcst/s   %ifutil
14:54:09         ens5    264.00    218.00    221.98     64.28      0.00      0.00      0.00      0.00

14:54:09        IFACE   rxpck/s   txpck/s    rxkB/s    txkB/s   rxcmp/s   txcmp/s  rxmcst/s   %ifutil
14:54:10         ens5    260.00    215.00    220.01     64.03      0.00      0.00      0.00      0.00

14:54:10        IFACE   rxpck/s   txpck/s    rxkB/s    txkB/s   rxcmp/s   txcmp/s  rxmcst/s   %ifutil
14:54:11         ens5    255.00    217.00    207.34     72.08      0.00      0.00      0.00      0.00

14:54:11        IFACE   rxpck/s   txpck/s    rxkB/s    txkB/s   rxcmp/s   txcmp/s  rxmcst/s   %ifutil
14:54:12         ens5    261.00    215.00    221.81     64.01      0.00      0.00      0.00      0.00

14:54:12        IFACE   rxpck/s   txpck/s    rxkB/s    txkB/s   rxcmp/s   txcmp/s  rxmcst/s   %ifutil
14:54:13         ens5    252.00    215.00    205.52     64.16      0.00      0.00      0.00      0.00

14:54:13        IFACE   rxpck/s   txpck/s    rxkB/s    txkB/s   rxcmp/s   txcmp/s  rxmcst/s   %ifutil
14:54:14         ens5    260.00    217.00    221.69     72.04      0.00      0.00      0.00      0.00

14:54:14        IFACE   rxpck/s   txpck/s    rxkB/s    txkB/s   rxcmp/s   txcmp/s  rxmcst/s   %ifutil
14:54:15         ens5    254.00    210.00    205.52     63.65      0.00      0.00      0.00      0.00

14:54:15        IFACE   rxpck/s   txpck/s    rxkB/s    txkB/s   rxcmp/s   txcmp/s  rxmcst/s   %ifutil
14:54:16         ens5    262.00    217.00    221.86     64.24      0.00      0.00      0.00      0.00

14:54:16        IFACE   rxpck/s   txpck/s    rxkB/s    txkB/s   rxcmp/s   txcmp/s  rxmcst/s   %ifutil
14:54:17         ens5    250.00    206.00    205.41     63.41      0.00      0.00      0.00      0.00

14:54:17        IFACE   rxpck/s   txpck/s    rxkB/s    txkB/s   rxcmp/s   txcmp/s  rxmcst/s   %ifutil
14:54:18         ens5    265.00    222.00    221.96     72.43      0.00      0.00      0.00      0.00

14:54:18        IFACE   rxpck/s   txpck/s    rxkB/s    txkB/s   rxcmp/s   txcmp/s  rxmcst/s   %ifutil
14:54:19         ens5    250.00    207.00    205.38     63.53      0.00      0.00      0.00      0.00

14:54:19        IFACE   rxpck/s   txpck/s    rxkB/s    txkB/s   rxcmp/s   txcmp/s  rxmcst/s   %ifutil
14:54:20         ens5    261.00    215.00    221.76     64.04      0.00      0.00      0.00      0.00

14:54:20        IFACE   rxpck/s   txpck/s    rxkB/s    txkB/s   rxcmp/s   txcmp/s  rxmcst/s   %ifutil
14:54:21         ens5    262.00    214.00    220.17     63.99      0.00      0.00      0.00      0.00

14:54:21        IFACE   rxpck/s   txpck/s    rxkB/s    txkB/s   rxcmp/s   txcmp/s  rxmcst/s   %ifutil
14:54:22         ens5    255.00    217.00    207.34     72.08      0.00      0.00      0.00      0.00

14:54:22        IFACE   rxpck/s   txpck/s    rxkB/s    txkB/s   rxcmp/s   txcmp/s  rxmcst/s   %ifutil
14:54:23         ens5    262.00    216.00    221.86     64.07      0.00      0.00      0.00      0.00

14:54:23        IFACE   rxpck/s   txpck/s    rxkB/s    txkB/s   rxcmp/s   txcmp/s  rxmcst/s   %ifutil
14:54:24         ens5    251.00    210.00    205.46     63.77      0.00      0.00      0.00      0.00

14:54:24        IFACE   rxpck/s   txpck/s    rxkB/s    txkB/s   rxcmp/s   txcmp/s  rxmcst/s   %ifutil
14:54:25         ens5    260.00    221.00    221.70     72.37      0.00      0.00      0.00      0.00

14:54:25        IFACE   rxpck/s   txpck/s    rxkB/s    txkB/s   rxcmp/s   txcmp/s  rxmcst/s   %ifutil
14:54:26         ens5    255.00    208.00    205.65     63.55      0.00      0.00      0.00      0.00

14:54:26        IFACE   rxpck/s   txpck/s    rxkB/s    txkB/s   rxcmp/s   txcmp/s  rxmcst/s   %ifutil
14:54:27         ens5    263.00    214.00    221.83     64.02      0.00      0.00      0.00      0.00

14:54:27        IFACE   rxpck/s   txpck/s    rxkB/s    txkB/s   rxcmp/s   txcmp/s  rxmcst/s   %ifutil
14:54:28         ens5    263.00    217.00    221.99     64.18      0.00      0.00      0.00      0.00

14:54:28        IFACE   rxpck/s   txpck/s    rxkB/s    txkB/s   rxcmp/s   txcmp/s  rxmcst/s   %ifutil
14:54:29         ens5    255.00    215.00    205.63     71.96      0.00      0.00      0.00      0.00

14:54:29        IFACE   rxpck/s   txpck/s    rxkB/s    txkB/s   rxcmp/s   txcmp/s  rxmcst/s   %ifutil
14:54:30         ens5    263.00    218.00    221.86     64.30      0.00      0.00      0.00      0.00

14:54:30        IFACE   rxpck/s   txpck/s    rxkB/s    txkB/s   rxcmp/s   txcmp/s  rxmcst/s   %ifutil
14:54:31         ens5    261.00    215.00    220.11     64.05      0.00      0.00      0.00      0.00

14:54:31        IFACE   rxpck/s   txpck/s    rxkB/s    txkB/s   rxcmp/s   txcmp/s  rxmcst/s   %ifutil
14:54:32         ens5    255.00    216.00    207.34     72.02      0.00      0.00      0.00      0.00

14:54:32        IFACE   rxpck/s   txpck/s    rxkB/s    txkB/s   rxcmp/s   txcmp/s  rxmcst/s   %ifutil
14:54:33         ens5    261.00    212.00    221.81     63.91      0.00      0.00      0.00      0.00

14:54:33        IFACE   rxpck/s   txpck/s    rxkB/s    txkB/s   rxcmp/s   txcmp/s  rxmcst/s   %ifutil
14:54:34         ens5    253.00    211.00    205.57     63.80      0.00      0.00      0.00      0.00

14:54:34        IFACE   rxpck/s   txpck/s    rxkB/s    txkB/s   rxcmp/s   txcmp/s  rxmcst/s   %ifutil
14:54:35         ens5    266.00    226.00    222.04     72.66      0.00      0.00      0.00      0.00

14:54:35        IFACE   rxpck/s   txpck/s    rxkB/s    txkB/s   rxcmp/s   txcmp/s  rxmcst/s   %ifutil
14:54:36         ens5    122.00    103.00    102.44     31.63      0.00      0.00      0.00      0.00

14:54:36        IFACE   rxpck/s   txpck/s    rxkB/s    txkB/s   rxcmp/s   txcmp/s  rxmcst/s   %ifutil
14:54:37         ens5      0.00      0.00      0.00      0.00      0.00      0.00      0.00      0.00

14:54:37        IFACE   rxpck/s   txpck/s    rxkB/s    txkB/s   rxcmp/s   txcmp/s  rxmcst/s   %ifutil
14:54:38         ens5      0.00      0.00      0.00      0.00      0.00      0.00      0.00      0.00


Average:        IFACE   rxpck/s   txpck/s    rxkB/s    txkB/s   rxcmp/s   txcmp/s  rxmcst/s   %ifutil
Average:         ens5    242.51    201.88    201.43     62.17      0.00      0.00      0.00      0.00
