Linux 7.0.0-1010-aws (ip-172-31-31-224) 	08/11/26 	_x86_64_	(2 CPU)

06:41:08    kbmemfree   kbavail kbmemused  %memused kbbuffers  kbcached  kbcommit   %commit  kbactive   kbinact   kbdirty
06:41:09       715856   1310348    421248     21.59     14432    722220   1601656     82.10    391860    688136       972
06:41:10       651848   1246340    485256     24.87     14432    722220   1672784     85.74    458992    688136       972
06:41:11       579272   1173764    557832     28.59     14432    722220   1743192     89.35    530580    688136       972
06:41:12       506948   1101440    630156     32.30     14432    722220   1814824     93.03    602320    688136       972
06:41:13       426560   1021052    710544     36.42     14432    722220   1890140     96.89    678076    688136       972
06:41:14       385012    979516    752080     38.55     14432    722232   1940068     99.44    726632    688136       984
06:41:15       273628    868136    863460     44.26     14432    722236   2040600    104.60    826212    688140       124
06:41:16       136540    731048   1000548     51.29     14432    722236   2169768    111.22    958028    688140       124
06:41:17       136540    731072   1000524     51.29     14456    722236   2173992    111.44    960528    688164       248
06:41:18       136656    731188   1000408     51.28     14456    722236   2173992    111.44    960532    688164       240
06:41:19       136656    731188   1000408     51.28     14456    722236   2173992    111.44    960532    688164       240
06:41:20       136656    731188   1000408     51.28     14456    722236   2173992    111.44    960532    688164       244
06:41:21       136656    731188   1000404     51.28     14456    722240   2173992    111.44    961152    688164       248
06:41:22       136656    731188   1000404     51.28     14456    722240   2173992    111.44    961152    688164       248
06:41:23       136656    731192   1000404     51.28     14456    722240   2173992    111.44    961272    688168       248
06:41:24       136912    731448   1000148     51.27     14456    722240   2173992    111.44    961452    688168       248
06:41:25       137040    731576   1000020     51.26     14456    722240   2174056    111.44    961452    688168       248
06:41:26       137040    731576   1000020     51.26     14456    722240   2174056    111.44    961452    688168       248
06:41:27       137040    731576   1000020     51.26     14456    722240   2174056    111.44    961452    688168       248
06:41:28       137040    731576   1000020     51.26     14456    722240   2174056    111.44    961576    688168       248
06:41:29       136816    731356   1000228     51.27     14456    722256   2174056    111.44    961972    688172       264
06:41:30       136816    731356   1000224     51.27     14456    722260   2174056    111.44    961972    688172       268
06:41:31       136816    731356   1000224     51.27     14456    722260   2174056    111.44    961972    688172       268
06:41:32       136816    731356   1000224     51.27     14456    722260   2174056    111.44    961972    688172       268
06:41:33       136816    731356   1000224     51.27     14456    722260   2174056    111.44    961972    688172       268
06:41:34       136816    731356   1000224     51.27     14456    722260   2174056    111.44    961972    688172       268
06:41:35       136816    731372   1000224     51.27     14456    722260   2174056    111.44    962080    688188       164

Average:       232405    826930    904662     46.37     14449    722240   2080725    106.65    868137    688160       401
