Linux 7.0.0-1010-aws (ip-172-31-31-224) 	08/11/26 	_x86_64_	(2 CPU)

06:41:08        IFACE   rxpck/s   txpck/s    rxkB/s    txkB/s   rxcmp/s   txcmp/s  rxmcst/s   %ifutil
06:41:09         ens5     53.00     51.00      4.54      6.57      0.00      0.00      0.00      0.00

06:41:09        IFACE   rxpck/s   txpck/s    rxkB/s    txkB/s   rxcmp/s   txcmp/s  rxmcst/s   %ifutil
06:41:10         ens5     54.00     49.00      4.51      5.73      0.00      0.00      0.00      0.00

06:41:10        IFACE   rxpck/s   txpck/s    rxkB/s    txkB/s   rxcmp/s   txcmp/s  rxmcst/s   %ifutil
06:41:11         ens5     35.00     31.00      2.88      3.88      0.00      0.00      0.00      0.00

06:41:11        IFACE   rxpck/s   txpck/s    rxkB/s    txkB/s   rxcmp/s   txcmp/s  rxmcst/s   %ifutil
06:41:12         ens5      7.00      8.00      0.36      1.66      0.00      0.00      0.00      0.00

06:41:12        IFACE   rxpck/s   txpck/s    rxkB/s    txkB/s   rxcmp/s   txcmp/s  rxmcst/s   %ifutil
06:41:13         ens5      5.00      5.00      0.25      1.10      0.00      0.00      0.00      0.00

06:41:13        IFACE   rxpck/s   txpck/s    rxkB/s    txkB/s   rxcmp/s   txcmp/s  rxmcst/s   %ifutil
06:41:14         ens5      6.00      7.00      0.30      1.49      0.00      0.00      0.00      0.00

06:41:14        IFACE   rxpck/s   txpck/s    rxkB/s    txkB/s   rxcmp/s   txcmp/s  rxmcst/s   %ifutil
06:41:15         ens5      8.00      7.00      0.41      1.35      0.00      0.00      0.00      0.00

06:41:15        IFACE   rxpck/s   txpck/s    rxkB/s    txkB/s   rxcmp/s   txcmp/s  rxmcst/s   %ifutil
06:41:16         ens5      5.00      5.00      0.25      1.10      0.00      0.00      0.00      0.00

06:41:16        IFACE   rxpck/s   txpck/s    rxkB/s    txkB/s   rxcmp/s   txcmp/s  rxmcst/s   %ifutil
06:41:17         ens5      7.00      7.00      0.37      1.30      0.00      0.00      0.00      0.00

06:41:17        IFACE   rxpck/s   txpck/s    rxkB/s    txkB/s   rxcmp/s   txcmp/s  rxmcst/s   %ifutil
06:41:18         ens5     21.00     46.00      8.63     47.97      0.00      0.00      0.00      0.00

06:41:18        IFACE   rxpck/s   txpck/s    rxkB/s    txkB/s   rxcmp/s   txcmp/s  rxmcst/s   %ifutil
06:41:19         ens5      0.00      0.00      0.00      0.00      0.00      0.00      0.00      0.00

06:41:19        IFACE   rxpck/s   txpck/s    rxkB/s    txkB/s   rxcmp/s   txcmp/s  rxmcst/s   %ifutil
06:41:20         ens5      0.00      0.00      0.00      0.00      0.00      0.00      0.00      0.00

06:41:20        IFACE   rxpck/s   txpck/s    rxkB/s    txkB/s   rxcmp/s   txcmp/s  rxmcst/s   %ifutil
06:41:21         ens5      0.00      0.00      0.00      0.00      0.00      0.00      0.00      0.00

06:41:21        IFACE   rxpck/s   txpck/s    rxkB/s    txkB/s   rxcmp/s   txcmp/s  rxmcst/s   %ifutil
06:41:22         ens5      0.00      0.00      0.00      0.00      0.00      0.00      0.00      0.00

06:41:22        IFACE   rxpck/s   txpck/s    rxkB/s    txkB/s   rxcmp/s   txcmp/s  rxmcst/s   %ifutil
06:41:23         ens5    146.00    354.00     75.64    345.69      0.00      0.00      0.00      0.00

06:41:23        IFACE   rxpck/s   txpck/s    rxkB/s    txkB/s   rxcmp/s   txcmp/s  rxmcst/s   %ifutil
06:41:24         ens5    581.00   1591.00    351.62   1586.69      0.00      0.00      0.00      0.00

06:41:24        IFACE   rxpck/s   txpck/s    rxkB/s    txkB/s   rxcmp/s   txcmp/s  rxmcst/s   %ifutil
06:41:25         ens5    540.00   1434.00    298.62   1413.91      0.00      0.00      0.00      0.00

06:41:25        IFACE   rxpck/s   txpck/s    rxkB/s    txkB/s   rxcmp/s   txcmp/s  rxmcst/s   %ifutil
06:41:26         ens5     78.00    206.00     39.07    194.63      0.00      0.00      0.00      0.00

06:41:26        IFACE   rxpck/s   txpck/s    rxkB/s    txkB/s   rxcmp/s   txcmp/s  rxmcst/s   %ifutil
06:41:27         ens5      0.00      0.00      0.00      0.00      0.00      0.00      0.00      0.00

06:41:27        IFACE   rxpck/s   txpck/s    rxkB/s    txkB/s   rxcmp/s   txcmp/s  rxmcst/s   %ifutil
06:41:28         ens5      0.00      0.00      0.00      0.00      0.00      0.00      0.00      0.00

06:41:28        IFACE   rxpck/s   txpck/s    rxkB/s    txkB/s   rxcmp/s   txcmp/s  rxmcst/s   %ifutil
06:41:29         ens5      0.00      0.00      0.00      0.00      0.00      0.00      0.00      0.00

06:41:29        IFACE   rxpck/s   txpck/s    rxkB/s    txkB/s   rxcmp/s   txcmp/s  rxmcst/s   %ifutil
06:41:30         ens5      0.00      0.00      0.00      0.00      0.00      0.00      0.00      0.00

06:41:30        IFACE   rxpck/s   txpck/s    rxkB/s    txkB/s   rxcmp/s   txcmp/s  rxmcst/s   %ifutil
06:41:31         ens5      1.00      1.00      0.03      0.04      0.00      0.00      0.00      0.00

06:41:31        IFACE   rxpck/s   txpck/s    rxkB/s    txkB/s   rxcmp/s   txcmp/s  rxmcst/s   %ifutil
06:41:32         ens5      0.00      0.00      0.00      0.00      0.00      0.00      0.00      0.00

06:41:32        IFACE   rxpck/s   txpck/s    rxkB/s    txkB/s   rxcmp/s   txcmp/s  rxmcst/s   %ifutil
06:41:33         ens5      0.00      0.00      0.00      0.00      0.00      0.00      0.00      0.00

06:41:33        IFACE   rxpck/s   txpck/s    rxkB/s    txkB/s   rxcmp/s   txcmp/s  rxmcst/s   %ifutil
06:41:34         ens5      0.00      0.00      0.00      0.00      0.00      0.00      0.00      0.00

06:41:34        IFACE   rxpck/s   txpck/s    rxkB/s    txkB/s   rxcmp/s   txcmp/s  rxmcst/s   %ifutil
06:41:35         ens5      0.00      0.00      0.00      0.00      0.00      0.00      0.00      0.00


Average:        IFACE   rxpck/s   txpck/s    rxkB/s    txkB/s   rxcmp/s   txcmp/s  rxmcst/s   %ifutil
Average:         ens5     57.30    140.81     29.17    133.82      0.00      0.00      0.00      0.00
