Linux 7.0.0-1010-aws (ip-172-31-31-224) 	08/11/26 	_x86_64_	(2 CPU)

07:08:25        CPU     %user     %nice   %system   %iowait    %steal     %idle
07:08:26        all     51.01      0.00      4.55      0.00      1.01     43.43
07:08:27        all     50.00      0.00      3.50      0.00      1.50     45.00
07:08:28        all     50.00      0.00      3.03      0.00      0.00     46.97
07:08:29        all     54.27      0.00      5.03      0.00      1.01     39.70
07:08:30        all     48.74      0.00      3.52      0.00      2.01     45.73
07:08:31        all     47.00      0.00      3.50      0.00      3.00     46.50
07:08:32        all     48.50      0.00      4.00      0.00      2.50     45.00
07:08:33        all     43.72      0.00      5.53      0.00      1.51     49.25
07:08:34        all     19.60      0.00      0.50      0.00      0.50     79.40
07:08:35        all      0.00      0.00      0.00      0.00      0.00    100.00
07:08:36        all      0.99      0.00      0.50      0.00      0.50     98.02
07:08:37        all      0.00      0.00      0.50      0.00      0.00     99.50
07:08:38        all      0.00      0.00      0.00      0.00      0.00    100.00
07:08:39        all      0.00      0.00      0.51      0.00      0.00     99.49
07:08:40        all      2.50      0.00      1.50      0.00      1.00     95.00
07:08:41        all      1.52      0.00      1.52      0.00      1.02     95.94
07:08:42        all      0.51      0.00      0.00      0.00      0.00     99.49
07:08:43        all      0.00      0.00      0.50      0.00      0.00     99.50
07:08:44        all      5.05      0.00      1.01      0.00      0.00     93.94
07:08:45        all      0.99      0.00      0.50      0.00      0.50     98.02
07:08:46        all      0.00      0.00      0.00      0.00      0.50     99.50
07:08:47        all      0.50      0.00      0.99      0.99      0.50     97.03
07:08:48        all      0.50      0.00      0.00      0.00      0.00     99.50
07:08:49        all      0.00      0.00      0.00      0.00      0.00    100.00
07:08:50        all      0.00      0.00      0.00      0.00      0.50     99.50
07:08:51        all      0.00      0.00      0.50      0.00      0.00     99.50

Average:        all     16.35      0.00      1.58      0.04      0.68     81.35
