Linux 7.0.0-1010-aws (ip-172-31-31-224) 	08/11/26 	_x86_64_	(2 CPU)

07:08:25    kbmemfree   kbavail kbmemused  %memused kbbuffers  kbcached  kbcommit   %commit  kbactive   kbinact   kbdirty
07:08:26       785084   1283052    447868     22.96     14952    624968   1605684     82.30    357284    630060       280
07:08:27       713012   1210980    519940     26.65     14952    624968   1676876     85.95    431000    630060       280
07:08:28       648500   1146468    584452     29.96     14952    624968   1747540     89.58    499724    630060       280
07:08:29       557528   1055508    675412     34.62     14952    624980   1839724     94.30    593044    630072       292
07:08:30       473108    971092    759828     38.95     14952    624984   1918880     98.36    671756    630076       296
07:08:31       432788    930772    800148     41.01     14952    624984   1960808    100.51    713944    630076       296
07:08:32       336272    834256    896664     45.96     14952    624984   2057172    105.45    811000    630076       296
07:08:33       199184    697168   1033752     52.99     14952    624984   2186148    112.06    938300    630076       296
07:08:34       199184    697168   1033752     52.99     14952    624984   2194724    112.50    949260    630076       296
07:08:35       199184    697168   1033752     52.99     14952    624984   2194724    112.50    949260    630076       296
07:08:36       199184    697168   1033752     52.99     14952    624984   2194724    112.50    949260    630076       296
07:08:37       199184    697168   1033748     52.99     14952    624988   2198820    112.71    949880    630076       300
07:08:38       199184    697168   1033748     52.99     14952    624988   2198820    112.71    949880    630076       300
07:08:39       199184    697168   1033748     52.99     14952    624988   2198820    112.71    949880    630076       300
07:08:40       199184    697168   1033748     52.99     14952    624988   2198820    112.71    949880    630076       300
07:08:41       199184    697168   1033748     52.99     14952    624988   2198820    112.71    949880    630076       300
07:08:42       199184    697168   1033748     52.99     14952    624988   2198820    112.71    949880    630076       300
07:08:43       199184    697168   1033748     52.99     14952    624988   2198820    112.71    949880    630076       300
07:08:44       199184    697168   1033748     52.99     14952    624988   2198820    112.71    949880    630076       300
07:08:45       199184    697188   1033732     52.99     14952    625004   2198820    112.71    950032    630096       256
07:08:46       199184    697188   1033728     52.99     14952    625008   2198820    112.71    950032    630096       260
07:08:47       199184    697188   1033728     52.99     14976    624984   2198820    112.71    950032    630096       260
07:08:48       199184    697188   1033704     52.99     14976    625008   2198820    112.71    950032    630096       192
07:08:49       199184    697188   1033704     52.99     14976    625008   2198820    112.71    950032    630096       192
07:08:50       199184    697188   1033704     52.99     14976    625008   2198820    112.71    950032    630096       192
07:08:51       199184    697188   1033704     52.99     14976    625008   2198820    112.71    950032    630096       196

Average:       297338    795325    935589     47.96     14957    624989   2098435    107.56    850504    630079       275
