Linux 7.0.0-1008-aws (ip-172-31-31-224) 	08/07/26 	_x86_64_	(2 CPU)

06:48:48        CPU     %user     %nice   %system   %iowait    %steal     %idle
06:48:49        all     51.52      0.00      4.04      0.00      0.00     44.44
06:48:50        all     50.25      0.00      4.52      0.00      0.00     45.23
06:48:51        all     49.75      0.00      7.54      0.00      0.00     42.71
06:48:52        all     50.75      0.00      4.02      0.00      0.00     45.23
06:48:53        all     51.26      0.00      2.51      0.00      0.00     46.23
06:48:54        all     47.76      0.00      3.48      0.00      0.00     48.76
06:48:55        all     51.27      0.00      2.54      0.00      0.00     46.19
06:48:56        all     35.32      0.00      3.98      0.00      0.00     60.70
06:48:57        all      0.00      0.00      0.00      0.00      0.00    100.00
06:48:58        all      1.01      0.00      0.51      0.00      0.00     98.48
06:48:59        all      0.51      0.00      0.00      0.00      0.00     99.49
06:49:00        all      1.00      0.00      1.49      0.00      0.00     97.51
06:49:01        all      0.51      0.00      0.00      0.00      0.00     99.49
06:49:02        all      0.51      0.00      0.00      0.00      0.00     99.49
06:49:03        all      0.51      0.00      0.51      0.00      0.00     98.99
06:49:04        all      0.51      0.00      0.51      0.00      0.00     98.99
06:49:05        all      0.51      0.00      0.00      0.00      0.00     99.49
06:49:06        all      1.00      0.00      1.00      0.00      0.00     98.01
06:49:07        all      0.50      0.00      1.00      0.00      0.00     98.50
06:49:08        all      0.51      0.00      0.00      0.00      0.00     99.49
06:49:09        all      1.01      0.00      0.00      0.00      0.00     98.99
06:49:10        all      0.50      0.00      1.01      0.00      0.00     98.49
06:49:11        all      1.01      0.00      0.00      0.00      0.00     98.99
06:49:12        all      0.50      0.00      0.50      0.00      0.00     98.99
06:49:13        all      1.00      0.00      0.50      0.00      0.00     98.50
06:49:14        all      0.51      0.00      0.00      0.00      0.00     99.49
06:49:15        all      1.01      0.00      0.50      0.00      0.00     98.49
06:49:16        all      1.01      0.00      0.00      0.00      0.00     98.99
06:49:17        all      1.97      0.00      1.48      0.49      0.00     96.06
06:49:18        all      1.01      0.00      0.50      0.00      0.00     98.49
06:49:19        all      0.00      0.00      0.00      0.00      0.00    100.00
06:49:20        all      1.00      0.00      1.00      0.00      0.00     98.01
06:49:21        all      0.51      0.00      0.51      0.00      0.00     98.99
06:49:22        all      0.00      0.00      0.00      0.00      0.51     99.49
06:49:23        all      1.01      0.00      0.50      0.00      0.00     98.49
06:49:24        all      0.50      0.00      0.50      0.00      0.50     98.50
06:49:25        all      1.01      0.00      0.00      0.00      0.00     98.99
06:49:26        all      1.00      0.00      1.00      0.00      0.00     98.01
06:49:27        all      0.00      0.00      1.01      0.00      0.00     98.99
06:49:28        all      1.00      0.00      1.00      0.00      0.00     98.00
06:49:29        all      0.51      0.00      0.00      0.00      0.00     99.49
06:49:30        all      1.00      0.00      1.00      0.00      0.00     98.00
06:49:31        all      0.50      0.00      0.50      0.00      0.00     98.99
06:49:32        all      0.51      0.00      0.00      0.00      0.00     99.49
06:49:33        all      1.00      0.00      0.50      0.00      0.00     98.50
06:49:34        all      0.51      0.00      0.51      0.00      0.00     98.99
06:49:35        all      0.51      0.00      0.00      0.00      0.00     99.49
06:49:36        all      1.00      0.00      0.50      0.00      0.00     98.50
06:49:37        all      0.50      0.00      1.01      0.00      0.00     98.49
06:49:38        all      0.51      0.00      0.51      0.00      0.00     98.99
06:49:39        all      1.00      0.00      1.00      0.00      0.00     98.01
06:49:40        all      0.51      0.00      0.00      0.00      0.00     99.49
06:49:41        all      0.50      0.00      0.50      0.00      0.00     98.99
06:49:42        all      0.51      0.00      0.51      0.00      0.00     98.99
06:49:43        all      0.51      0.00      0.51      0.00      0.00     98.99
06:49:44        all      1.01      0.00      0.00      0.00      0.00     98.99
06:49:45        all      0.50      0.00      0.50      0.00      0.00     98.99
06:49:46        all      0.50      0.00      1.00      0.00      0.00     98.50
06:49:47        all      1.02      0.00      0.00      0.51      0.00     98.48
06:49:48        all      1.01      0.00      0.00      0.00      0.00     98.99
06:49:49        all      0.51      0.00      0.51      0.00      0.00     98.99
06:49:50        all      0.50      0.00      1.01      0.00      0.00     98.49
06:49:51        all      1.01      0.00      0.00      0.00      0.00     98.99
06:49:52        all      0.50      0.00      1.01      0.00      0.00     98.49
06:49:53        all      0.00      0.00      1.01      0.00      0.00     98.99
06:49:54        all      1.01      0.00      0.00      0.00      0.00     98.99
06:49:55        all      1.00      0.00      1.00      0.00      0.00     98.00
06:49:56        all      1.01      0.00      0.50      0.00      0.00     98.49
06:49:57        all      0.51      0.00      0.51      0.00      0.00     98.99
06:49:58        all      1.00      0.00      0.50      0.00      0.00     98.50
06:49:59        all      0.51      0.00      0.00      0.00      0.51     98.99
06:50:00        all      0.50      0.00      1.01      0.00      0.00     98.49
06:50:01        all      1.00      0.00      0.50      0.00      0.00     98.50
06:50:02        all      0.51      0.00      0.00      0.00      0.00     99.49
06:50:03        all      0.50      0.00      1.00      0.00      0.00     98.50
06:50:04        all      1.01      0.00      0.00      0.00      0.00     98.99
06:50:05        all      1.52      0.00      1.01      0.00      0.00     97.47
06:50:06        all      1.01      0.00      0.50      0.00      0.00     98.49
06:50:07        all      0.00      0.00      0.51      0.00      0.00     99.49
06:50:08        all      1.00      0.00      0.50      0.00      0.00     98.50
06:50:09        all      1.01      0.00      0.00      0.00      0.00     98.99
06:50:10        all      0.51      0.00      0.51      0.00      0.00     98.98
06:50:11        all      0.50      0.00      0.00      0.00      0.00     99.50
06:50:12        all      1.01      0.00      0.50      0.00      0.00     98.49
06:50:13        all      1.00      0.00      1.00      0.00      0.00     98.00
06:50:14        all      0.00      0.00      0.00      0.00      0.00    100.00
06:50:15        all      1.01      0.00      0.00      0.00      0.00     98.99
06:50:16        all      0.50      0.00      1.49      0.00      0.00     98.01
06:50:17        all      1.01      0.00      0.00      0.50      0.50     97.99
06:50:18        all      1.01      0.00      0.00      0.00      0.00     98.99
06:50:19        all      0.51      0.00      0.51      0.00      0.00     98.99
06:50:20        all      0.51      0.00      0.51      0.00      0.00     98.99
06:50:21        all      1.01      0.00      0.00      0.00      0.00     98.99
06:50:22        all      0.50      0.00      0.50      0.00      0.00     99.00
06:50:23        all      0.51      0.00      0.51      0.00      0.00     98.99
06:50:24        all      0.51      0.00      0.51      0.00      0.00     98.99
06:50:25        all      1.01      0.00      0.50      0.00      0.00     98.49
06:50:26        all      1.00      0.00      0.50      0.00      0.00     98.50
06:50:27        all      1.00      0.00      0.50      0.00      0.00     98.50
06:50:28        all      0.51      0.00      0.51      0.00      0.00     98.99
06:50:29        all      1.01      0.00      0.00      0.00      0.00     98.99
06:50:30        all      0.00      0.00      0.00      0.00      0.00    100.00
06:50:31        all      0.00      0.00      0.50      0.00      0.00     99.50
06:50:32        all      0.00      0.00      0.00      0.00      0.50     99.50
06:50:33        all      0.00      0.00      0.00      0.00      0.00    100.00
06:50:34        all      0.00      0.00      0.00      0.00      0.00    100.00
06:50:35        all      0.50      0.00      0.50      0.00      0.00     99.00
06:50:36        all      0.00      0.00      0.00      0.00      0.00    100.00
06:50:37        all      0.00      0.00      0.00      0.00      0.00    100.00
06:50:38        all      3.52      0.00      0.00      0.00      0.00     96.48
06:50:39        all      0.99      0.00      0.49      0.00      0.00     98.52
06:50:40        all      0.00      0.00      0.00      0.00      0.00    100.00
06:50:41        all      0.00      0.00      0.00      0.00      0.00    100.00
06:50:42        all      0.00      0.00      0.50      0.00      0.00     99.50
06:50:43        all      0.50      0.00      0.00      0.00      0.00     99.50
06:50:44        all      0.00      0.00      0.00      0.00      0.00    100.00
06:50:45        all      0.50      0.00      0.00      0.00      0.00     99.50
06:50:46        all      0.00      0.00      0.00      0.00      0.00    100.00

Average:        all      3.90      0.00      0.66      0.01      0.02     95.40
