Linux 7.0.0-1008-aws (ip-172-31-31-224) 	08/07/26 	_x86_64_	(2 CPU)

06:48:48        IFACE   rxpck/s   txpck/s    rxkB/s    txkB/s   rxcmp/s   txcmp/s  rxmcst/s   %ifutil
06:48:49         ens5     60.00     60.00      4.84      7.04      0.00      0.00      0.00      0.00

06:48:49        IFACE   rxpck/s   txpck/s    rxkB/s    txkB/s   rxcmp/s   txcmp/s  rxmcst/s   %ifutil
06:48:50         ens5      9.00      8.00      0.56      1.40      0.00      0.00      0.00      0.00

06:48:50        IFACE   rxpck/s   txpck/s    rxkB/s    txkB/s   rxcmp/s   txcmp/s  rxmcst/s   %ifutil
06:48:51         ens5     10.00     10.00      0.53      1.99      0.00      0.00      0.00      0.00

06:48:51        IFACE   rxpck/s   txpck/s    rxkB/s    txkB/s   rxcmp/s   txcmp/s  rxmcst/s   %ifutil
06:48:52         ens5      7.00      7.00      0.36      1.49      0.00      0.00      0.00      0.00

06:48:52        IFACE   rxpck/s   txpck/s    rxkB/s    txkB/s   rxcmp/s   txcmp/s  rxmcst/s   %ifutil
06:48:53         ens5      4.00      4.00      0.20      0.88      0.00      0.00      0.00      0.00

06:48:53        IFACE   rxpck/s   txpck/s    rxkB/s    txkB/s   rxcmp/s   txcmp/s  rxmcst/s   %ifutil
06:48:54         ens5     11.00     11.00      0.56      2.30      0.00      0.00      0.00      0.00

06:48:54        IFACE   rxpck/s   txpck/s    rxkB/s    txkB/s   rxcmp/s   txcmp/s  rxmcst/s   %ifutil
06:48:55         ens5      6.00      6.00      0.30      1.16      0.00      0.00      0.00      0.00

06:48:55        IFACE   rxpck/s   txpck/s    rxkB/s    txkB/s   rxcmp/s   txcmp/s  rxmcst/s   %ifutil
06:48:56         ens5      5.00      5.00      0.25      1.05      0.00      0.00      0.00      0.00

06:48:56        IFACE   rxpck/s   txpck/s    rxkB/s    txkB/s   rxcmp/s   txcmp/s  rxmcst/s   %ifutil
06:48:57         ens5      0.00      0.00      0.00      0.00      0.00      0.00      0.00      0.00

06:48:57        IFACE   rxpck/s   txpck/s    rxkB/s    txkB/s   rxcmp/s   txcmp/s  rxmcst/s   %ifutil
06:48:58         ens5    128.00    102.00     23.95     43.53      0.00      0.00      0.00      0.00

06:48:58        IFACE   rxpck/s   txpck/s    rxkB/s    txkB/s   rxcmp/s   txcmp/s  rxmcst/s   %ifutil
06:48:59         ens5    136.00    104.00     26.31     41.47      0.00      0.00      0.00      0.00

06:48:59        IFACE   rxpck/s   txpck/s    rxkB/s    txkB/s   rxcmp/s   txcmp/s  rxmcst/s   %ifutil
06:49:00         ens5    139.00    106.00     25.04     42.01      0.00      0.00      0.00      0.00

06:49:00        IFACE   rxpck/s   txpck/s    rxkB/s    txkB/s   rxcmp/s   txcmp/s  rxmcst/s   %ifutil
06:49:01         ens5    128.00    100.00     24.32     39.76      0.00      0.00      0.00      0.00

06:49:01        IFACE   rxpck/s   txpck/s    rxkB/s    txkB/s   rxcmp/s   txcmp/s  rxmcst/s   %ifutil
06:49:02         ens5    108.00     82.00     19.77     31.94      0.00      0.00      0.00      0.00

06:49:02        IFACE   rxpck/s   txpck/s    rxkB/s    txkB/s   rxcmp/s   txcmp/s  rxmcst/s   %ifutil
06:49:03         ens5    143.00    110.00     26.86     43.73      0.00      0.00      0.00      0.00

06:49:03        IFACE   rxpck/s   txpck/s    rxkB/s    txkB/s   rxcmp/s   txcmp/s  rxmcst/s   %ifutil
06:49:04         ens5    146.00    113.00     28.61     45.38      0.00      0.00      0.00      0.00

06:49:04        IFACE   rxpck/s   txpck/s    rxkB/s    txkB/s   rxcmp/s   txcmp/s  rxmcst/s   %ifutil
06:49:05         ens5    146.00    114.00     27.17     45.83      0.00      0.00      0.00      0.00

06:49:05        IFACE   rxpck/s   txpck/s    rxkB/s    txkB/s   rxcmp/s   txcmp/s  rxmcst/s   %ifutil
06:49:06         ens5    143.00    110.00     26.86     43.73      0.00      0.00      0.00      0.00

06:49:06        IFACE   rxpck/s   txpck/s    rxkB/s    txkB/s   rxcmp/s   txcmp/s  rxmcst/s   %ifutil
06:49:07         ens5    147.00    112.00     27.08     43.92      0.00      0.00      0.00      0.00

06:49:07        IFACE   rxpck/s   txpck/s    rxkB/s    txkB/s   rxcmp/s   txcmp/s  rxmcst/s   %ifutil
06:49:08         ens5    144.00    111.00     26.94     43.92      0.00      0.00      0.00      0.00

06:49:08        IFACE   rxpck/s   txpck/s    rxkB/s    txkB/s   rxcmp/s   txcmp/s  rxmcst/s   %ifutil
06:49:09         ens5    145.00    110.00     26.96     43.85      0.00      0.00      0.00      0.00

06:49:09        IFACE   rxpck/s   txpck/s    rxkB/s    txkB/s   rxcmp/s   txcmp/s  rxmcst/s   %ifutil
06:49:10         ens5    143.00    110.00     26.87     43.84      0.00      0.00      0.00      0.00

06:49:10        IFACE   rxpck/s   txpck/s    rxkB/s    txkB/s   rxcmp/s   txcmp/s  rxmcst/s   %ifutil
06:49:11         ens5    144.00    111.00     26.91     43.86      0.00      0.00      0.00      0.00

06:49:11        IFACE   rxpck/s   txpck/s    rxkB/s    txkB/s   rxcmp/s   txcmp/s  rxmcst/s   %ifutil
06:49:12         ens5    143.00    110.00     26.87     43.82      0.00      0.00      0.00      0.00

06:49:12        IFACE   rxpck/s   txpck/s    rxkB/s    txkB/s   rxcmp/s   txcmp/s  rxmcst/s   %ifutil
06:49:13         ens5    144.00    111.00     26.92     43.89      0.00      0.00      0.00      0.00

06:49:13        IFACE   rxpck/s   txpck/s    rxkB/s    txkB/s   rxcmp/s   txcmp/s  rxmcst/s   %ifutil
06:49:14         ens5    146.00    113.00     28.62     45.48      0.00      0.00      0.00      0.00

06:49:14        IFACE   rxpck/s   txpck/s    rxkB/s    txkB/s   rxcmp/s   txcmp/s  rxmcst/s   %ifutil
06:49:15         ens5    143.00    110.00     26.87     43.82      0.00      0.00      0.00      0.00

06:49:15        IFACE   rxpck/s   txpck/s    rxkB/s    txkB/s   rxcmp/s   txcmp/s  rxmcst/s   %ifutil
06:49:16         ens5    144.00    111.00     26.91     43.89      0.00      0.00      0.00      0.00

06:49:16        IFACE   rxpck/s   txpck/s    rxkB/s    txkB/s   rxcmp/s   txcmp/s  rxmcst/s   %ifutil
06:49:17         ens5    146.00    114.00     27.18     45.93      0.00      0.00      0.00      0.00

06:49:17        IFACE   rxpck/s   txpck/s    rxkB/s    txkB/s   rxcmp/s   txcmp/s  rxmcst/s   %ifutil
06:49:18         ens5    143.00    110.00     26.87     43.84      0.00      0.00      0.00      0.00

06:49:18        IFACE   rxpck/s   txpck/s    rxkB/s    txkB/s   rxcmp/s   txcmp/s  rxmcst/s   %ifutil
06:49:19         ens5    143.00    110.00     26.87     43.83      0.00      0.00      0.00      0.00

06:49:19        IFACE   rxpck/s   txpck/s    rxkB/s    txkB/s   rxcmp/s   txcmp/s  rxmcst/s   %ifutil
06:49:20         ens5    147.00    112.00     27.09     43.99      0.00      0.00      0.00      0.00

06:49:20        IFACE   rxpck/s   txpck/s    rxkB/s    txkB/s   rxcmp/s   txcmp/s  rxmcst/s   %ifutil
06:49:21         ens5    145.00    110.00     26.96     43.83      0.00      0.00      0.00      0.00

06:49:21        IFACE   rxpck/s   txpck/s    rxkB/s    txkB/s   rxcmp/s   txcmp/s  rxmcst/s   %ifutil
06:49:22         ens5    143.00    110.00     26.87     43.84      0.00      0.00      0.00      0.00

06:49:22        IFACE   rxpck/s   txpck/s    rxkB/s    txkB/s   rxcmp/s   txcmp/s  rxmcst/s   %ifutil
06:49:23         ens5    143.00    110.00     26.87     43.83      0.00      0.00      0.00      0.00

06:49:23        IFACE   rxpck/s   txpck/s    rxkB/s    txkB/s   rxcmp/s   txcmp/s  rxmcst/s   %ifutil
06:49:24         ens5    145.00    112.00     27.00     43.99      0.00      0.00      0.00      0.00

06:49:24        IFACE   rxpck/s   txpck/s    rxkB/s    txkB/s   rxcmp/s   txcmp/s  rxmcst/s   %ifutil
06:49:25         ens5    142.00    109.00     26.81     43.75      0.00      0.00      0.00      0.00

06:49:25        IFACE   rxpck/s   txpck/s    rxkB/s    txkB/s   rxcmp/s   txcmp/s  rxmcst/s   %ifutil
06:49:26         ens5    143.00    110.00     26.87     43.85      0.00      0.00      0.00      0.00

06:49:26        IFACE   rxpck/s   txpck/s    rxkB/s    txkB/s   rxcmp/s   txcmp/s  rxmcst/s   %ifutil
06:49:27         ens5    143.00    110.00     26.87     43.84      0.00      0.00      0.00      0.00

06:49:27        IFACE   rxpck/s   txpck/s    rxkB/s    txkB/s   rxcmp/s   txcmp/s  rxmcst/s   %ifutil
06:49:28         ens5    147.00    114.00     28.68     45.56      0.00      0.00      0.00      0.00

06:49:28        IFACE   rxpck/s   txpck/s    rxkB/s    txkB/s   rxcmp/s   txcmp/s  rxmcst/s   %ifutil
06:49:29         ens5    147.00    115.00     27.21     45.98      0.00      0.00      0.00      0.00

06:49:29        IFACE   rxpck/s   txpck/s    rxkB/s    txkB/s   rxcmp/s   txcmp/s  rxmcst/s   %ifutil
06:49:30         ens5    147.00    112.00     27.09     43.98      0.00      0.00      0.00      0.00

06:49:30        IFACE   rxpck/s   txpck/s    rxkB/s    txkB/s   rxcmp/s   txcmp/s  rxmcst/s   %ifutil
06:49:31         ens5    145.00    110.00     26.96     43.83      0.00      0.00      0.00      0.00

06:49:31        IFACE   rxpck/s   txpck/s    rxkB/s    txkB/s   rxcmp/s   txcmp/s  rxmcst/s   %ifutil
06:49:32         ens5    143.00    110.00     26.87     43.83      0.00      0.00      0.00      0.00

06:49:32        IFACE   rxpck/s   txpck/s    rxkB/s    txkB/s   rxcmp/s   txcmp/s  rxmcst/s   %ifutil
06:49:33         ens5    143.00    110.00     26.87     43.85      0.00      0.00      0.00      0.00

06:49:33        IFACE   rxpck/s   txpck/s    rxkB/s    txkB/s   rxcmp/s   txcmp/s  rxmcst/s   %ifutil
06:49:34         ens5    143.00    110.00     26.87     43.83      0.00      0.00      0.00      0.00

06:49:34        IFACE   rxpck/s   txpck/s    rxkB/s    txkB/s   rxcmp/s   txcmp/s  rxmcst/s   %ifutil
06:49:35         ens5    143.00    110.00     26.87     43.83      0.00      0.00      0.00      0.00

06:49:35        IFACE   rxpck/s   txpck/s    rxkB/s    txkB/s   rxcmp/s   txcmp/s  rxmcst/s   %ifutil
06:49:36         ens5    144.00    111.00     26.95     43.91      0.00      0.00      0.00      0.00

06:49:36        IFACE   rxpck/s   txpck/s    rxkB/s    txkB/s   rxcmp/s   txcmp/s  rxmcst/s   %ifutil
06:49:37         ens5    143.00    110.00     26.87     43.82      0.00      0.00      0.00      0.00

06:49:37        IFACE   rxpck/s   txpck/s    rxkB/s    txkB/s   rxcmp/s   txcmp/s  rxmcst/s   %ifutil
06:49:38         ens5    144.00    111.00     26.92     43.91      0.00      0.00      0.00      0.00

06:49:38        IFACE   rxpck/s   txpck/s    rxkB/s    txkB/s   rxcmp/s   txcmp/s  rxmcst/s   %ifutil
06:49:39         ens5    142.00    109.00     26.81     43.75      0.00      0.00      0.00      0.00

06:49:39        IFACE   rxpck/s   txpck/s    rxkB/s    txkB/s   rxcmp/s   txcmp/s  rxmcst/s   %ifutil
06:49:40         ens5    146.00    113.00     27.05     44.05      0.00      0.00      0.00      0.00

06:49:40        IFACE   rxpck/s   txpck/s    rxkB/s    txkB/s   rxcmp/s   txcmp/s  rxmcst/s   %ifutil
06:49:41         ens5    143.00    110.00     26.87     43.83      0.00      0.00      0.00      0.00

06:49:41        IFACE   rxpck/s   txpck/s    rxkB/s    txkB/s   rxcmp/s   txcmp/s  rxmcst/s   %ifutil
06:49:42         ens5    149.00    117.00     28.93     47.58      0.00      0.00      0.00      0.00

06:49:42        IFACE   rxpck/s   txpck/s    rxkB/s    txkB/s   rxcmp/s   txcmp/s  rxmcst/s   %ifutil
06:49:43         ens5    143.00    110.00     26.87     43.83      0.00      0.00      0.00      0.00

06:49:43        IFACE   rxpck/s   txpck/s    rxkB/s    txkB/s   rxcmp/s   txcmp/s  rxmcst/s   %ifutil
06:49:44         ens5    144.00    110.00     26.92     43.82      0.00      0.00      0.00      0.00

06:49:44        IFACE   rxpck/s   txpck/s    rxkB/s    txkB/s   rxcmp/s   txcmp/s  rxmcst/s   %ifutil
06:49:45         ens5    148.00    112.00     27.13     43.98      0.00      0.00      0.00      0.00

06:49:45        IFACE   rxpck/s   txpck/s    rxkB/s    txkB/s   rxcmp/s   txcmp/s  rxmcst/s   %ifutil
06:49:46         ens5    143.00    110.00     26.87     43.83      0.00      0.00      0.00      0.00

06:49:46        IFACE   rxpck/s   txpck/s    rxkB/s    txkB/s   rxcmp/s   txcmp/s  rxmcst/s   %ifutil
06:49:47         ens5    143.00    110.00     26.87     43.84      0.00      0.00      0.00      0.00

06:49:47        IFACE   rxpck/s   txpck/s    rxkB/s    txkB/s   rxcmp/s   txcmp/s  rxmcst/s   %ifutil
06:49:48         ens5    143.00    110.00     26.87     43.83      0.00      0.00      0.00      0.00

06:49:48        IFACE   rxpck/s   txpck/s    rxkB/s    txkB/s   rxcmp/s   txcmp/s  rxmcst/s   %ifutil
06:49:49         ens5    143.00    110.00     26.87     43.85      0.00      0.00      0.00      0.00

06:49:49        IFACE   rxpck/s   txpck/s    rxkB/s    txkB/s   rxcmp/s   txcmp/s  rxmcst/s   %ifutil
06:49:50         ens5    143.00    110.00     26.87     43.82      0.00      0.00      0.00      0.00

06:49:50        IFACE   rxpck/s   txpck/s    rxkB/s    txkB/s   rxcmp/s   txcmp/s  rxmcst/s   %ifutil
06:49:51         ens5    143.00    110.00     26.87     43.83      0.00      0.00      0.00      0.00

06:49:51        IFACE   rxpck/s   txpck/s    rxkB/s    txkB/s   rxcmp/s   txcmp/s  rxmcst/s   %ifutil
06:49:52         ens5    130.00    100.00     24.42     39.85      0.00      0.00      0.00      0.00

06:49:52        IFACE   rxpck/s   txpck/s    rxkB/s    txkB/s   rxcmp/s   txcmp/s  rxmcst/s   %ifutil
06:49:53         ens5    143.00    110.00     26.87     43.83      0.00      0.00      0.00      0.00

06:49:53        IFACE   rxpck/s   txpck/s    rxkB/s    txkB/s   rxcmp/s   txcmp/s  rxmcst/s   %ifutil
06:49:54         ens5    143.00    110.00     26.87     43.84      0.00      0.00      0.00      0.00

06:49:54        IFACE   rxpck/s   txpck/s    rxkB/s    txkB/s   rxcmp/s   txcmp/s  rxmcst/s   %ifutil
06:49:55         ens5    143.00    110.00     26.87     43.84      0.00      0.00      0.00      0.00

06:49:55        IFACE   rxpck/s   txpck/s    rxkB/s    txkB/s   rxcmp/s   txcmp/s  rxmcst/s   %ifutil
06:49:56         ens5    145.00    112.00     26.99     43.97      0.00      0.00      0.00      0.00

06:49:56        IFACE   rxpck/s   txpck/s    rxkB/s    txkB/s   rxcmp/s   txcmp/s  rxmcst/s   %ifutil
06:49:57         ens5    143.00    110.00     26.87     43.83      0.00      0.00      0.00      0.00

06:49:57        IFACE   rxpck/s   txpck/s    rxkB/s    txkB/s   rxcmp/s   txcmp/s  rxmcst/s   %ifutil
06:49:58         ens5    144.00    111.00     26.92     43.88      0.00      0.00      0.00      0.00

06:49:58        IFACE   rxpck/s   txpck/s    rxkB/s    txkB/s   rxcmp/s   txcmp/s  rxmcst/s   %ifutil
06:49:59         ens5    143.00    110.00     26.87     43.83      0.00      0.00      0.00      0.00

06:49:59        IFACE   rxpck/s   txpck/s    rxkB/s    txkB/s   rxcmp/s   txcmp/s  rxmcst/s   %ifutil
06:50:00         ens5    140.00    109.00     26.72     43.77      0.00      0.00      0.00      0.00

06:50:00        IFACE   rxpck/s   txpck/s    rxkB/s    txkB/s   rxcmp/s   txcmp/s  rxmcst/s   %ifutil
06:50:01         ens5    120.00     91.00     22.13     35.93      0.00      0.00      0.00      0.00

06:50:01        IFACE   rxpck/s   txpck/s    rxkB/s    txkB/s   rxcmp/s   txcmp/s  rxmcst/s   %ifutil
06:50:02         ens5    111.00     88.00     21.65     35.70      0.00      0.00      0.00      0.00

06:50:02        IFACE   rxpck/s   txpck/s    rxkB/s    txkB/s   rxcmp/s   txcmp/s  rxmcst/s   %ifutil
06:50:03         ens5    143.00    110.00     26.87     43.83      0.00      0.00      0.00      0.00

06:50:03        IFACE   rxpck/s   txpck/s    rxkB/s    txkB/s   rxcmp/s   txcmp/s  rxmcst/s   %ifutil
06:50:04         ens5    144.00    110.00     26.92     43.83      0.00      0.00      0.00      0.00

06:50:04        IFACE   rxpck/s   txpck/s    rxkB/s    txkB/s   rxcmp/s   txcmp/s  rxmcst/s   %ifutil
06:50:05         ens5    146.00    112.00     27.04     43.97      0.00      0.00      0.00      0.00

06:50:05        IFACE   rxpck/s   txpck/s    rxkB/s    txkB/s   rxcmp/s   txcmp/s  rxmcst/s   %ifutil
06:50:06         ens5    145.00    110.00     26.96     43.83      0.00      0.00      0.00      0.00

06:50:06        IFACE   rxpck/s   txpck/s    rxkB/s    txkB/s   rxcmp/s   txcmp/s  rxmcst/s   %ifutil
06:50:07         ens5    141.00    110.00     26.78     43.83      0.00      0.00      0.00      0.00

06:50:07        IFACE   rxpck/s   txpck/s    rxkB/s    txkB/s   rxcmp/s   txcmp/s  rxmcst/s   %ifutil
06:50:08         ens5    143.00    110.00     26.87     43.81      0.00      0.00      0.00      0.00

06:50:08        IFACE   rxpck/s   txpck/s    rxkB/s    txkB/s   rxcmp/s   txcmp/s  rxmcst/s   %ifutil
06:50:09         ens5    146.00    111.00     27.00     43.88      0.00      0.00      0.00      0.00

06:50:09        IFACE   rxpck/s   txpck/s    rxkB/s    txkB/s   rxcmp/s   txcmp/s  rxmcst/s   %ifutil
06:50:10         ens5    143.00    110.00     26.87     43.83      0.00      0.00      0.00      0.00

06:50:10        IFACE   rxpck/s   txpck/s    rxkB/s    txkB/s   rxcmp/s   txcmp/s  rxmcst/s   %ifutil
06:50:11         ens5    144.00    111.00     26.95     43.91      0.00      0.00      0.00      0.00

06:50:11        IFACE   rxpck/s   txpck/s    rxkB/s    txkB/s   rxcmp/s   txcmp/s  rxmcst/s   %ifutil
06:50:12         ens5    146.00    113.00     27.04     44.05      0.00      0.00      0.00      0.00

06:50:12        IFACE   rxpck/s   txpck/s    rxkB/s    txkB/s   rxcmp/s   txcmp/s  rxmcst/s   %ifutil
06:50:13         ens5    149.00    117.00     28.93     47.60      0.00      0.00      0.00      0.00

06:50:13        IFACE   rxpck/s   txpck/s    rxkB/s    txkB/s   rxcmp/s   txcmp/s  rxmcst/s   %ifutil
06:50:14         ens5    143.00    110.00     26.87     43.83      0.00      0.00      0.00      0.00

06:50:14        IFACE   rxpck/s   txpck/s    rxkB/s    txkB/s   rxcmp/s   txcmp/s  rxmcst/s   %ifutil
06:50:15         ens5    143.00    110.00     26.87     43.83      0.00      0.00      0.00      0.00

06:50:15        IFACE   rxpck/s   txpck/s    rxkB/s    txkB/s   rxcmp/s   txcmp/s  rxmcst/s   %ifutil
06:50:16         ens5    147.00    112.00     27.09     43.96      0.00      0.00      0.00      0.00

06:50:16        IFACE   rxpck/s   txpck/s    rxkB/s    txkB/s   rxcmp/s   txcmp/s  rxmcst/s   %ifutil
06:50:17         ens5    145.00    110.00     26.96     43.82      0.00      0.00      0.00      0.00

06:50:17        IFACE   rxpck/s   txpck/s    rxkB/s    txkB/s   rxcmp/s   txcmp/s  rxmcst/s   %ifutil
06:50:18         ens5    143.00    110.00     26.87     43.82      0.00      0.00      0.00      0.00

06:50:18        IFACE   rxpck/s   txpck/s    rxkB/s    txkB/s   rxcmp/s   txcmp/s  rxmcst/s   %ifutil
06:50:19         ens5    143.00    110.00     26.87     43.84      0.00      0.00      0.00      0.00

06:50:19        IFACE   rxpck/s   txpck/s    rxkB/s    txkB/s   rxcmp/s   txcmp/s  rxmcst/s   %ifutil
06:50:20         ens5    143.00    110.00     26.87     43.83      0.00      0.00      0.00      0.00

06:50:20        IFACE   rxpck/s   txpck/s    rxkB/s    txkB/s   rxcmp/s   txcmp/s  rxmcst/s   %ifutil
06:50:21         ens5    144.00    111.00     26.91     43.91      0.00      0.00      0.00      0.00

06:50:21        IFACE   rxpck/s   txpck/s    rxkB/s    txkB/s   rxcmp/s   txcmp/s  rxmcst/s   %ifutil
06:50:22         ens5    143.00    110.00     26.87     43.83      0.00      0.00      0.00      0.00

06:50:22        IFACE   rxpck/s   txpck/s    rxkB/s    txkB/s   rxcmp/s   txcmp/s  rxmcst/s   %ifutil
06:50:23         ens5    141.00    110.00     26.78     43.84      0.00      0.00      0.00      0.00

06:50:23        IFACE   rxpck/s   txpck/s    rxkB/s    txkB/s   rxcmp/s   txcmp/s  rxmcst/s   %ifutil
06:50:24         ens5    145.00    110.00     26.96     43.80      0.00      0.00      0.00      0.00

06:50:24        IFACE   rxpck/s   txpck/s    rxkB/s    txkB/s   rxcmp/s   txcmp/s  rxmcst/s   %ifutil
06:50:25         ens5    144.00    111.00     26.92     43.89      0.00      0.00      0.00      0.00

06:50:25        IFACE   rxpck/s   txpck/s    rxkB/s    txkB/s   rxcmp/s   txcmp/s  rxmcst/s   %ifutil
06:50:26         ens5    143.00    110.00     26.87     43.83      0.00      0.00      0.00      0.00

06:50:26        IFACE   rxpck/s   txpck/s    rxkB/s    txkB/s   rxcmp/s   txcmp/s  rxmcst/s   %ifutil
06:50:27         ens5    143.00    110.00     26.87     43.83      0.00      0.00      0.00      0.00

06:50:27        IFACE   rxpck/s   txpck/s    rxkB/s    txkB/s   rxcmp/s   txcmp/s  rxmcst/s   %ifutil
06:50:28         ens5    144.00    111.00     26.94     43.92      0.00      0.00      0.00      0.00

06:50:28        IFACE   rxpck/s   txpck/s    rxkB/s    txkB/s   rxcmp/s   txcmp/s  rxmcst/s   %ifutil
06:50:29         ens5     91.00     70.00     17.10     27.89      0.00      0.00      0.00      0.00

06:50:29        IFACE   rxpck/s   txpck/s    rxkB/s    txkB/s   rxcmp/s   txcmp/s  rxmcst/s   %ifutil
06:50:30         ens5      1.00      1.00      0.03      0.04      0.00      0.00      0.00      0.00

06:50:30        IFACE   rxpck/s   txpck/s    rxkB/s    txkB/s   rxcmp/s   txcmp/s  rxmcst/s   %ifutil
06:50:31         ens5      0.00      0.00      0.00      0.00      0.00      0.00      0.00      0.00

06:50:31        IFACE   rxpck/s   txpck/s    rxkB/s    txkB/s   rxcmp/s   txcmp/s  rxmcst/s   %ifutil
06:50:32         ens5      0.00      0.00      0.00      0.00      0.00      0.00      0.00      0.00

06:50:32        IFACE   rxpck/s   txpck/s    rxkB/s    txkB/s   rxcmp/s   txcmp/s  rxmcst/s   %ifutil
06:50:33         ens5      0.00      0.00      0.00      0.00      0.00      0.00      0.00      0.00

06:50:33        IFACE   rxpck/s   txpck/s    rxkB/s    txkB/s   rxcmp/s   txcmp/s  rxmcst/s   %ifutil
06:50:34         ens5      0.00      0.00      0.00      0.00      0.00      0.00      0.00      0.00

06:50:34        IFACE   rxpck/s   txpck/s    rxkB/s    txkB/s   rxcmp/s   txcmp/s  rxmcst/s   %ifutil
06:50:35         ens5      0.00      0.00      0.00      0.00      0.00      0.00      0.00      0.00

06:50:35        IFACE   rxpck/s   txpck/s    rxkB/s    txkB/s   rxcmp/s   txcmp/s  rxmcst/s   %ifutil
06:50:36         ens5      0.00      0.00      0.00      0.00      0.00      0.00      0.00      0.00

06:50:36        IFACE   rxpck/s   txpck/s    rxkB/s    txkB/s   rxcmp/s   txcmp/s  rxmcst/s   %ifutil
06:50:37         ens5      0.00      0.00      0.00      0.00      0.00      0.00      0.00      0.00

06:50:37        IFACE   rxpck/s   txpck/s    rxkB/s    txkB/s   rxcmp/s   txcmp/s  rxmcst/s   %ifutil
06:50:38         ens5      0.00      0.00      0.00      0.00      0.00      0.00      0.00      0.00

06:50:38        IFACE   rxpck/s   txpck/s    rxkB/s    txkB/s   rxcmp/s   txcmp/s  rxmcst/s   %ifutil
06:50:39         ens5      1.00      1.00      0.56      0.34      0.00      0.00      0.00      0.00

06:50:39        IFACE   rxpck/s   txpck/s    rxkB/s    txkB/s   rxcmp/s   txcmp/s  rxmcst/s   %ifutil
06:50:40         ens5      0.00      0.00      0.00      0.00      0.00      0.00      0.00      0.00

06:50:40        IFACE   rxpck/s   txpck/s    rxkB/s    txkB/s   rxcmp/s   txcmp/s  rxmcst/s   %ifutil
06:50:41         ens5      0.00      0.00      0.00      0.00      0.00      0.00      0.00      0.00

06:50:41        IFACE   rxpck/s   txpck/s    rxkB/s    txkB/s   rxcmp/s   txcmp/s  rxmcst/s   %ifutil
06:50:42         ens5      0.00      0.00      0.00      0.00      0.00      0.00      0.00      0.00

06:50:42        IFACE   rxpck/s   txpck/s    rxkB/s    txkB/s   rxcmp/s   txcmp/s  rxmcst/s   %ifutil
06:50:43         ens5      0.00      0.00      0.00      0.00      0.00      0.00      0.00      0.00

06:50:43        IFACE   rxpck/s   txpck/s    rxkB/s    txkB/s   rxcmp/s   txcmp/s  rxmcst/s   %ifutil
06:50:44         ens5      0.00      0.00      0.00      0.00      0.00      0.00      0.00      0.00

06:50:44        IFACE   rxpck/s   txpck/s    rxkB/s    txkB/s   rxcmp/s   txcmp/s  rxmcst/s   %ifutil
06:50:45         ens5      1.00      1.00      0.07      0.09      0.00      0.00      0.00      0.00

06:50:45        IFACE   rxpck/s   txpck/s    rxkB/s    txkB/s   rxcmp/s   txcmp/s  rxmcst/s   %ifutil
06:50:46         ens5      0.00      0.00      0.00      0.00      0.00      0.00      0.00      0.00


Average:        IFACE   rxpck/s   txpck/s    rxkB/s    txkB/s   rxcmp/s   txcmp/s  rxmcst/s   %ifutil
Average:         ens5    111.53     86.06     20.82     34.02      0.00      0.00      0.00      0.00
