Linux 7.0.0-1010-aws (ip-172-31-20-134) 	08/11/26 	_x86_64_	(2 CPU)

17:13:49        CPU     %user     %nice   %system   %iowait    %steal     %idle
17:13:50        all      2.49      0.00      1.99      0.00      0.00     95.52
17:13:51        all      0.00      0.00      0.00      0.00      0.00    100.00
17:13:52        all      0.00      0.00      0.00      0.00      0.00    100.00
17:13:53        all      0.00      0.00      0.50      0.00      0.00     99.50
17:13:54        all      0.99      0.00      0.50      0.99      0.00     97.52
17:13:55        all      0.50      0.00      0.00      0.00      0.00     99.50
17:13:56        all      0.00      0.00      0.00      0.00      0.00    100.00
17:13:57        all      0.99      0.00      0.99      0.00      0.00     98.02
17:13:58        all      5.03      0.00      1.51      0.00      0.00     93.47
17:13:59        all      0.50      0.00      0.50      0.00      0.00     98.99
17:14:00        all      0.50      0.00      0.00      0.00      1.98     97.52
17:14:01        all      0.00      0.00      0.00      0.00      4.41     95.59
17:14:02        all      0.00      0.00      0.00      0.00      1.00     99.00
17:14:03        all      1.49      0.00      0.50      0.00      0.00     98.01
17:14:04        all     20.41      0.00      2.55      0.00      0.00     77.04
17:14:05        all     78.79      0.00      7.07      0.00      0.51     13.64
17:14:06        all     90.86      0.00      6.09      0.00      0.00      3.05
17:14:07        all     23.12      0.00      0.50      0.00      0.00     76.38
17:14:08        all      1.49      0.00      0.50      0.00      0.00     98.01
17:14:09        all      0.00      0.00      0.00      0.00      0.00    100.00
17:14:10        all      0.00      0.00      0.00      0.00      0.00    100.00
17:14:11        all      0.51      0.00      0.00      0.00      0.00     99.49
17:14:12        all      0.50      0.00      0.00      0.00      0.00     99.50
17:14:13        all      5.05      0.00      1.01      0.00      0.00     93.94

Average:        all      9.63      0.00      1.00      0.04      0.33     88.99
