Linux 7.0.0-1010-aws (ip-172-31-20-134) 	08/11/26 	_x86_64_	(2 CPU)

17:13:49    kbmemfree   kbavail kbmemused  %memused kbbuffers  kbcached  kbcommit   %commit  kbactive   kbinact   kbdirty
17:13:50       127340   1325884    367636     18.84     30772   1279080   1470188     75.36    995776    584560       448
17:13:51       127340   1325884    367632     18.84     30772   1279084   1470188     75.36    995776    584560       452
17:13:52       127340   1325884    367632     18.84     30772   1279084   1470188     75.36    995776    584560       452
17:13:53       127340   1325884    367632     18.84     30772   1279084   1470188     75.36    995776    584560       452
17:13:54       127340   1325888    367612     18.84     30796   1279084   1470188     75.36    995884    584564       464
17:13:55       127340   1325888    367612     18.84     30796   1279084   1470188     75.36    995884    584564       332
17:13:56       127340   1325888    367608     18.84     30796   1279088   1470188     75.36    995884    584564       336
17:13:57       127340   1325888    367608     18.84     30796   1279088   1470188     75.36    995884    584564       336
17:13:58       127340   1325916    367600     18.84     30796   1279096   1470188     75.36    996168    584592       344
17:13:59       127340   1325916    367600     18.84     30796   1279096   1471368     75.42    997344    584592       344
17:14:00       127340   1325968    367544     18.84     30796   1279152   1471368     75.42    997480    584644       400
17:14:01       127340   1325968    367540     18.84     30796   1279156   1471368     75.42    997480    584644       404
17:14:02       127340   1325968    367540     18.84     30796   1279156   1471368     75.42    997480    584644       404
17:14:03       126332   1324976    368548     18.89     30796   1279156   1479892     75.86    998872    584660       404
17:14:04       121796   1320708    372808     19.11     30796   1279424   1509624     77.38   1003092    584924       672
17:14:05       107456   1308160    385344     19.75     30796   1281196   1824328     93.51   1015080    586696      2444
17:14:06        98888   1300708    392720     20.13     30796   1282332   1830840     93.85   1022728    587792      3580
17:14:07        98888   1300992    392388     20.11     30796   1282664   1830840     93.85   1017544    588076      3912
17:14:08        98888   1301060    392376     20.11     30796   1282668   1830840     93.85   1017560    588140      3916
17:14:09        98888   1301088    392364     20.11     30796   1282672   1830840     93.85   1017076    588164      3920
17:14:10        98888   1301088    392364     20.11     30796   1282672   1830840     93.85   1017076    588164      3920
17:14:11        98888   1301088    392360     20.11     30796   1282676   1830840     93.85   1017076    588164      3924
17:14:12        98888   1301088    392360     20.11     30796   1282676   1830840     93.85   1017076    588164      3924
17:14:13        98888   1301104    392352     20.11     30796   1282684   1830840     93.85   1016168    588180      3932

Average:       116754   1316620    376866     19.32     30792   1280381   1607405     82.39   1004664    585864      1655
