Linux 7.0.0-1008-aws (ip-172-31-20-134) 	08/07/26 	_x86_64_	(2 CPU)

11:28:44        IFACE   rxpck/s   txpck/s    rxkB/s    txkB/s   rxcmp/s   txcmp/s  rxmcst/s   %ifutil
11:28:45         ens5     53.00     54.00      4.52      5.60      0.00      0.00      0.00      0.00

11:28:45        IFACE   rxpck/s   txpck/s    rxkB/s    txkB/s   rxcmp/s   txcmp/s  rxmcst/s   %ifutil
11:28:46         ens5     50.00     49.00      4.26      4.88      0.00      0.00      0.00      0.00

11:28:46        IFACE   rxpck/s   txpck/s    rxkB/s    txkB/s   rxcmp/s   txcmp/s  rxmcst/s   %ifutil
11:28:47         ens5      0.00      0.00      0.00      0.00      0.00      0.00      0.00      0.00

11:28:47        IFACE   rxpck/s   txpck/s    rxkB/s    txkB/s   rxcmp/s   txcmp/s  rxmcst/s   %ifutil
11:28:48         ens5      0.00      0.00      0.00      0.00      0.00      0.00      0.00      0.00

11:28:48        IFACE   rxpck/s   txpck/s    rxkB/s    txkB/s   rxcmp/s   txcmp/s  rxmcst/s   %ifutil
11:28:49         ens5      0.00      0.00      0.00      0.00      0.00      0.00      0.00      0.00

11:28:49        IFACE   rxpck/s   txpck/s    rxkB/s    txkB/s   rxcmp/s   txcmp/s  rxmcst/s   %ifutil
11:28:50         ens5      0.00      0.00      0.00      0.00      0.00      0.00      0.00      0.00

11:28:50        IFACE   rxpck/s   txpck/s    rxkB/s    txkB/s   rxcmp/s   txcmp/s  rxmcst/s   %ifutil
11:28:51         ens5     34.00     34.00      4.89      4.13      0.00      0.00      0.00      0.00

11:28:51        IFACE   rxpck/s   txpck/s    rxkB/s    txkB/s   rxcmp/s   txcmp/s  rxmcst/s   %ifutil
11:28:52         ens5     58.00     58.00      8.33      7.19      0.00      0.00      0.00      0.00

11:28:52        IFACE   rxpck/s   txpck/s    rxkB/s    txkB/s   rxcmp/s   txcmp/s  rxmcst/s   %ifutil
11:28:53         ens5     57.00     57.00      8.13      7.05      0.00      0.00      0.00      0.00

11:28:53        IFACE   rxpck/s   txpck/s    rxkB/s    txkB/s   rxcmp/s   txcmp/s  rxmcst/s   %ifutil
11:28:54         ens5     56.00     56.00      8.04      6.95      0.00      0.00      0.00      0.00

11:28:54        IFACE   rxpck/s   txpck/s    rxkB/s    txkB/s   rxcmp/s   txcmp/s  rxmcst/s   %ifutil
11:28:55         ens5     57.00     57.00      8.32      7.18      0.00      0.00      0.00      0.00

11:28:55        IFACE   rxpck/s   txpck/s    rxkB/s    txkB/s   rxcmp/s   txcmp/s  rxmcst/s   %ifutil
11:28:56         ens5     58.00     58.00      8.41      7.28      0.00      0.00      0.00      0.00

11:28:56        IFACE   rxpck/s   txpck/s    rxkB/s    txkB/s   rxcmp/s   txcmp/s  rxmcst/s   %ifutil
11:28:57         ens5     56.00     56.00      8.12      7.03      0.00      0.00      0.00      0.00

11:28:57        IFACE   rxpck/s   txpck/s    rxkB/s    txkB/s   rxcmp/s   txcmp/s  rxmcst/s   %ifutil
11:28:58         ens5     57.00     57.00      8.21      7.13      0.00      0.00      0.00      0.00

11:28:58        IFACE   rxpck/s   txpck/s    rxkB/s    txkB/s   rxcmp/s   txcmp/s  rxmcst/s   %ifutil
11:28:59         ens5     58.00     58.00      8.41      7.28      0.00      0.00      0.00      0.00

11:28:59        IFACE   rxpck/s   txpck/s    rxkB/s    txkB/s   rxcmp/s   txcmp/s  rxmcst/s   %ifutil
11:29:00         ens5     54.00     54.00      7.82      6.76      0.00      0.00      0.00      0.00

11:29:00        IFACE   rxpck/s   txpck/s    rxkB/s    txkB/s   rxcmp/s   txcmp/s  rxmcst/s   %ifutil
11:29:01         ens5     52.00     52.00      7.54      6.53      0.00      0.00      0.00      0.00

11:29:01        IFACE   rxpck/s   txpck/s    rxkB/s    txkB/s   rxcmp/s   txcmp/s  rxmcst/s   %ifutil
11:29:02         ens5     56.00     56.00     11.78      8.29      0.00      0.00      0.00      0.00

11:29:02        IFACE   rxpck/s   txpck/s    rxkB/s    txkB/s   rxcmp/s   txcmp/s  rxmcst/s   %ifutil
11:29:03         ens5     57.00     58.00      8.32      7.24      0.00      0.00      0.00      0.00

11:29:03        IFACE   rxpck/s   txpck/s    rxkB/s    txkB/s   rxcmp/s   txcmp/s  rxmcst/s   %ifutil
11:29:04         ens5     56.00     56.00      8.12      7.03      0.00      0.00      0.00      0.00

11:29:04        IFACE   rxpck/s   txpck/s    rxkB/s    txkB/s   rxcmp/s   txcmp/s  rxmcst/s   %ifutil
11:29:05         ens5     56.00     56.00      8.12      7.03      0.00      0.00      0.00      0.00

11:29:05        IFACE   rxpck/s   txpck/s    rxkB/s    txkB/s   rxcmp/s   txcmp/s  rxmcst/s   %ifutil
11:29:06         ens5     58.00     58.00      8.41      7.28      0.00      0.00      0.00      0.00

11:29:06        IFACE   rxpck/s   txpck/s    rxkB/s    txkB/s   rxcmp/s   txcmp/s  rxmcst/s   %ifutil
11:29:07         ens5     57.00     57.00      8.21      7.13      0.00      0.00      0.00      0.00

11:29:07        IFACE   rxpck/s   txpck/s    rxkB/s    txkB/s   rxcmp/s   txcmp/s  rxmcst/s   %ifutil
11:29:08         ens5     57.00     57.00      8.32      7.18      0.00      0.00      0.00      0.00

11:29:08        IFACE   rxpck/s   txpck/s    rxkB/s    txkB/s   rxcmp/s   txcmp/s  rxmcst/s   %ifutil
11:29:09         ens5     58.00     58.00      8.41      7.28      0.00      0.00      0.00      0.00

11:29:09        IFACE   rxpck/s   txpck/s    rxkB/s    txkB/s   rxcmp/s   txcmp/s  rxmcst/s   %ifutil
11:29:10         ens5     56.00     56.00      8.12      7.03      0.00      0.00      0.00      0.00

11:29:10        IFACE   rxpck/s   txpck/s    rxkB/s    txkB/s   rxcmp/s   txcmp/s  rxmcst/s   %ifutil
11:29:11         ens5     57.00     57.00      8.21      7.13      0.00      0.00      0.00      0.00

11:29:11        IFACE   rxpck/s   txpck/s    rxkB/s    txkB/s   rxcmp/s   txcmp/s  rxmcst/s   %ifutil
11:29:12         ens5     57.00     57.00      8.32      7.18      0.00      0.00      0.00      0.00

11:29:12        IFACE   rxpck/s   txpck/s    rxkB/s    txkB/s   rxcmp/s   txcmp/s  rxmcst/s   %ifutil
11:29:13         ens5     58.00     58.00      8.41      7.28      0.00      0.00      0.00      0.00

11:29:13        IFACE   rxpck/s   txpck/s    rxkB/s    txkB/s   rxcmp/s   txcmp/s  rxmcst/s   %ifutil
11:29:14         ens5     57.00     57.00      8.21      7.13      0.00      0.00      0.00      0.00

11:29:14        IFACE   rxpck/s   txpck/s    rxkB/s    txkB/s   rxcmp/s   txcmp/s  rxmcst/s   %ifutil
11:29:15         ens5     57.00     57.00      8.32      7.18      0.00      0.00      0.00      0.00

11:29:15        IFACE   rxpck/s   txpck/s    rxkB/s    txkB/s   rxcmp/s   txcmp/s  rxmcst/s   %ifutil
11:29:16         ens5     58.00     58.00      8.28      7.22      0.00      0.00      0.00      0.00

11:29:16        IFACE   rxpck/s   txpck/s    rxkB/s    txkB/s   rxcmp/s   txcmp/s  rxmcst/s   %ifutil
11:29:17         ens5     59.00     59.00      8.46      7.34      0.00      0.00      0.00      0.00

11:29:17        IFACE   rxpck/s   txpck/s    rxkB/s    txkB/s   rxcmp/s   txcmp/s  rxmcst/s   %ifutil
11:29:18         ens5     57.00     57.00      8.32      7.18      0.00      0.00      0.00      0.00

11:29:18        IFACE   rxpck/s   txpck/s    rxkB/s    txkB/s   rxcmp/s   txcmp/s  rxmcst/s   %ifutil
11:29:19         ens5     58.00     57.00      8.41      7.13      0.00      0.00      0.00      0.00

11:29:19        IFACE   rxpck/s   txpck/s    rxkB/s    txkB/s   rxcmp/s   txcmp/s  rxmcst/s   %ifutil
11:29:20         ens5     56.00     57.00      8.12      7.18      0.00      0.00      0.00      0.00

11:29:20        IFACE   rxpck/s   txpck/s    rxkB/s    txkB/s   rxcmp/s   txcmp/s  rxmcst/s   %ifutil
11:29:21         ens5     58.00     58.00      8.41      7.28      0.00      0.00      0.00      0.00

11:29:21        IFACE   rxpck/s   txpck/s    rxkB/s    txkB/s   rxcmp/s   txcmp/s  rxmcst/s   %ifutil
11:29:22         ens5     57.00     57.00      8.21      7.13      0.00      0.00      0.00      0.00

11:29:22        IFACE   rxpck/s   txpck/s    rxkB/s    txkB/s   rxcmp/s   txcmp/s  rxmcst/s   %ifutil
11:29:23         ens5     57.00     57.00      8.32      7.18      0.00      0.00      0.00      0.00

11:29:23        IFACE   rxpck/s   txpck/s    rxkB/s    txkB/s   rxcmp/s   txcmp/s  rxmcst/s   %ifutil
11:29:24         ens5     58.00     58.00      8.41      7.28      0.00      0.00      0.00      0.00

11:29:24        IFACE   rxpck/s   txpck/s    rxkB/s    txkB/s   rxcmp/s   txcmp/s  rxmcst/s   %ifutil
11:29:25         ens5     58.00     58.00      8.41      7.28      0.00      0.00      0.00      0.00

11:29:25        IFACE   rxpck/s   txpck/s    rxkB/s    txkB/s   rxcmp/s   txcmp/s  rxmcst/s   %ifutil
11:29:26         ens5     46.00     46.00      6.67      5.77      0.00      0.00      0.00      0.00

11:29:26        IFACE   rxpck/s   txpck/s    rxkB/s    txkB/s   rxcmp/s   txcmp/s  rxmcst/s   %ifutil
11:29:27         ens5      0.00      0.00      0.00      0.00      0.00      0.00      0.00      0.00

11:29:27        IFACE   rxpck/s   txpck/s    rxkB/s    txkB/s   rxcmp/s   txcmp/s  rxmcst/s   %ifutil
11:29:28         ens5      0.00      0.00      0.00      0.00      0.00      0.00      0.00      0.00


Average:        IFACE   rxpck/s   txpck/s    rxkB/s    txkB/s   rxcmp/s   txcmp/s  rxmcst/s   %ifutil
Average:         ens5     48.16     48.18      6.92      6.01      0.00      0.00      0.00      0.00
