Linux 7.0.0-1010-aws (ip-172-31-20-134) 	08/11/26 	_x86_64_	(2 CPU)

19:13:13    kbmemfree   kbavail kbmemused  %memused kbbuffers  kbcached  kbcommit   %commit  kbactive   kbinact   kbdirty
19:13:14       109536   1313980    377516     19.35     35076   1279084   1479216     75.82    756516    833332      1796
19:13:15       109536   1313980    377508     19.35     35076   1279092   1479216     75.82    756444    833332      1804
19:13:16       109536   1313980    377508     19.35     35076   1279092   1479216     75.82    756444    833332      1804
19:13:17       109536   1313992    377504     19.35     35076   1279096   1479216     75.82    756448    833344       360
19:13:18       109536   1313992    377504     19.35     35076   1279096   1479216     75.82    756448    833344       360
19:13:19       108528   1312984    378512     19.40     35076   1279096   1479216     75.82    757316    833344       360
19:13:20       108528   1312984    378512     19.40     35076   1279096   1479216     75.82    757316    833344       360
19:13:21       108528   1312984    378512     19.40     35076   1279096   1479216     75.82    757316    833344       360
19:13:22       108528   1312984    378508     19.40     35076   1279100   1479216     75.82    757316    833344       364
19:13:23       108528   1312988    378508     19.40     35076   1279100   1479216     75.82    757684    833348       364
19:13:24       108528   1312988    378488     19.40     35076   1279120   1479216     75.82    757684    833348       384
19:13:25       108528   1312992    378460     19.40     35096   1279120   1479216     75.82    757696    833348       492
19:13:26       108528   1312992    378460     19.40     35096   1279120   1479216     75.82    757696    833348       492
19:13:27       108024   1312544    378948     19.42     35096   1279136   1483568     76.05    759376    833404       508
19:13:28       105252   1310304    381184     19.54     35096   1279672   1491896     76.47    761796    833936      1044
19:13:29       104496   1310116    381284     19.54     35096   1280304   1491896     76.47    762132    834492      1676
19:13:30       104244   1309976    381464     19.55     35096   1280376   1491896     76.47    762144    834604      1748
19:13:31       104244   1310096    381304     19.55     35096   1280528   1491896     76.47    762152    834720      1900
19:13:32       104244   1310096    381296     19.54     35096   1280536   1491896     76.47    762152    834720      1908
19:13:33       104244   1310096    381296     19.54     35096   1280536   1491896     76.47    762152    834720      1908
19:13:34       103488   1309380    382048     19.58     35096   1280540   1491896     76.47    762732    834760      1912
19:13:35       103488   1309380    382048     19.58     35096   1280540   1491896     76.47    762732    834760      1912
19:13:36       103488   1309380    382048     19.58     35096   1280540   1491896     76.47    762732    834760      1912

Average:       107005   1311965    379497     19.45     35086   1279609   1484367     76.09    759236    833840      1119
