Linux 7.0.0-1010-aws (ip-172-31-20-134) 	08/11/26 	_x86_64_	(2 CPU)

19:13:13        IFACE   rxpck/s   txpck/s    rxkB/s    txkB/s   rxcmp/s   txcmp/s  rxmcst/s   %ifutil
19:13:14         ens5     51.00     43.00      4.24      4.71      0.00      0.00      0.00      0.00

19:13:14        IFACE   rxpck/s   txpck/s    rxkB/s    txkB/s   rxcmp/s   txcmp/s  rxmcst/s   %ifutil
19:13:15         ens5     24.00     19.00      2.20      2.21      0.00      0.00      0.00      0.00

19:13:15        IFACE   rxpck/s   txpck/s    rxkB/s    txkB/s   rxcmp/s   txcmp/s  rxmcst/s   %ifutil
19:13:16         ens5      0.00      0.00      0.00      0.00      0.00      0.00      0.00      0.00

19:13:16        IFACE   rxpck/s   txpck/s    rxkB/s    txkB/s   rxcmp/s   txcmp/s  rxmcst/s   %ifutil
19:13:17         ens5      0.00      0.00      0.00      0.00      0.00      0.00      0.00      0.00

19:13:17        IFACE   rxpck/s   txpck/s    rxkB/s    txkB/s   rxcmp/s   txcmp/s  rxmcst/s   %ifutil
19:13:18         ens5      0.00      0.00      0.00      0.00      0.00      0.00      0.00      0.00

19:13:18        IFACE   rxpck/s   txpck/s    rxkB/s    txkB/s   rxcmp/s   txcmp/s  rxmcst/s   %ifutil
19:13:19         ens5      0.00      0.00      0.00      0.00      0.00      0.00      0.00      0.00

19:13:19        IFACE   rxpck/s   txpck/s    rxkB/s    txkB/s   rxcmp/s   txcmp/s  rxmcst/s   %ifutil
19:13:20         ens5      1.00      1.00      0.07      0.09      0.00      0.00      0.00      0.00

19:13:20        IFACE   rxpck/s   txpck/s    rxkB/s    txkB/s   rxcmp/s   txcmp/s  rxmcst/s   %ifutil
19:13:21         ens5      0.00      0.00      0.00      0.00      0.00      0.00      0.00      0.00

19:13:21        IFACE   rxpck/s   txpck/s    rxkB/s    txkB/s   rxcmp/s   txcmp/s  rxmcst/s   %ifutil
19:13:22         ens5      1.00      2.00      0.09      2.58      0.00      0.00      0.00      0.00

19:13:22        IFACE   rxpck/s   txpck/s    rxkB/s    txkB/s   rxcmp/s   txcmp/s  rxmcst/s   %ifutil
19:13:23         ens5     13.00     19.00      7.87     10.15      0.00      0.00      0.00      0.00

19:13:23        IFACE   rxpck/s   txpck/s    rxkB/s    txkB/s   rxcmp/s   txcmp/s  rxmcst/s   %ifutil
19:13:24         ens5      0.00      0.00      0.00      0.00      0.00      0.00      0.00      0.00

19:13:24        IFACE   rxpck/s   txpck/s    rxkB/s    txkB/s   rxcmp/s   txcmp/s  rxmcst/s   %ifutil
19:13:25         ens5      1.00      1.00      0.03      0.04      0.00      0.00      0.00      0.00

19:13:25        IFACE   rxpck/s   txpck/s    rxkB/s    txkB/s   rxcmp/s   txcmp/s  rxmcst/s   %ifutil
19:13:26         ens5      0.00      0.00      0.00      0.00      0.00      0.00      0.00      0.00

19:13:26        IFACE   rxpck/s   txpck/s    rxkB/s    txkB/s   rxcmp/s   txcmp/s  rxmcst/s   %ifutil
19:13:27         ens5     70.00     87.00     28.39     60.39      0.00      0.00      0.00      0.00

19:13:27        IFACE   rxpck/s   txpck/s    rxkB/s    txkB/s   rxcmp/s   txcmp/s  rxmcst/s   %ifutil
19:13:28         ens5    352.00    448.00    140.98    303.10      0.00      0.00      0.00      0.00

19:13:28        IFACE   rxpck/s   txpck/s    rxkB/s    txkB/s   rxcmp/s   txcmp/s  rxmcst/s   %ifutil
19:13:29         ens5    394.00    488.00    160.34    332.63      0.00      0.00      0.00      0.00

19:13:29        IFACE   rxpck/s   txpck/s    rxkB/s    txkB/s   rxcmp/s   txcmp/s  rxmcst/s   %ifutil
19:13:30         ens5    105.00    128.00     42.54     90.23      0.00      0.00      0.00      0.00

19:13:30        IFACE   rxpck/s   txpck/s    rxkB/s    txkB/s   rxcmp/s   txcmp/s  rxmcst/s   %ifutil
19:13:31         ens5      5.00      6.00      2.02      4.28      0.00      0.00      0.00      0.00

19:13:31        IFACE   rxpck/s   txpck/s    rxkB/s    txkB/s   rxcmp/s   txcmp/s  rxmcst/s   %ifutil
19:13:32         ens5      0.00      0.00      0.00      0.00      0.00      0.00      0.00      0.00

19:13:32        IFACE   rxpck/s   txpck/s    rxkB/s    txkB/s   rxcmp/s   txcmp/s  rxmcst/s   %ifutil
19:13:33         ens5      0.00      0.00      0.00      0.00      0.00      0.00      0.00      0.00

19:13:33        IFACE   rxpck/s   txpck/s    rxkB/s    txkB/s   rxcmp/s   txcmp/s  rxmcst/s   %ifutil
19:13:34         ens5      0.00      0.00      0.00      0.00      0.00      0.00      0.00      0.00

19:13:34        IFACE   rxpck/s   txpck/s    rxkB/s    txkB/s   rxcmp/s   txcmp/s  rxmcst/s   %ifutil
19:13:35         ens5      0.00      0.00      0.00      0.00      0.00      0.00      0.00      0.00

19:13:35        IFACE   rxpck/s   txpck/s    rxkB/s    txkB/s   rxcmp/s   txcmp/s  rxmcst/s   %ifutil
19:13:36         ens5      1.00      1.00      0.07      0.09      0.00      0.00      0.00      0.00


Average:        IFACE   rxpck/s   txpck/s    rxkB/s    txkB/s   rxcmp/s   txcmp/s  rxmcst/s   %ifutil
Average:         ens5     44.26     54.04     16.91     35.24      0.00      0.00      0.00      0.00
