Linux 7.0.0-1008-aws (ip-172-31-31-224) 	08/07/26 	_x86_64_	(2 CPU)

05:06:38    kbmemfree   kbavail kbmemused  %memused kbbuffers  kbcached  kbcommit   %commit  kbactive   kbinact   kbdirty
05:06:39       747052   1262104    389320     19.96      6376    653436   1459092     74.80    239312    726860        16
05:06:40       647260   1162312    489112     25.07      6376    653436   1555188     79.72    334596    726860        16
05:06:41       589048   1104100    547324     28.06      6376    653436   1618308     82.96    397540    726860        16
05:06:42       478420    993472    657952     33.73      6376    653436   1718264     88.08    501672    726860        16
05:06:43       397780    912832    738592     37.86      6376    653436   1801536     92.35    581032    726860        16
05:06:44       309328    824380    827044     42.40      6376    653436   1893884     97.08    675932    726860        16
05:06:45       213064    728116    923308     47.33      6376    653436   1985284    101.77    765040    726860        16
05:06:46       172744    687796    963628     49.40      6376    653436   2027020    103.91    810472    726860        16
05:06:47       172744    687816    963604     49.40      6400    653436   2027020    103.91    810680    726880        96
05:06:48       172744    687816    963604     49.40      6400    653436   2027020    103.91    810680    726880        96
05:06:49       172744    687816    963604     49.40      6400    653436   2027020    103.91    810680    726880        96
05:06:50       172744    687816    963604     49.40      6400    653436   2027020    103.91    810680    726880        96
05:06:51       172744    687816    963604     49.40      6400    653436   2027020    103.91    810680    726880        96
05:06:52       172744    687816    963604     49.40      6400    653436   2027020    103.91    810680    726880        96
05:06:53       172744    687816    963604     49.40      6400    653436   2027020    103.91    810680    726880        96
05:06:54       172744    687816    963604     49.40      6400    653436   2027020    103.91    810680    726880        96
05:06:55       172744    687816    963604     49.40      6400    653436   2027020    103.91    810680    726880        96
05:06:56       172744    687816    963604     49.40      6400    653436   2027020    103.91    810680    726880        96
05:06:57       172744    687816    963604     49.40      6400    653436   2027020    103.91    810680    726880        96
05:06:58       172744    687816    963604     49.40      6400    653436   2027020    103.91    810680    726880        96
05:06:59       172744    687816    963600     49.40      6400    653440   2027020    103.91    810680    726880       100
05:07:00       172744    687816    963600     49.40      6400    653440   2027020    103.91    810680    726880       100
05:07:01       172744    687816    963600     49.40      6400    653440   2027020    103.91    810680    726880       100
05:07:02       172744    687816    963600     49.40      6400    653440   2027020    103.91    810680    726880       100
05:07:03       172744    687816    963600     49.40      6400    653440   2027020    103.91    810680    726880       100
05:07:04       172744    687816    963600     49.40      6400    653440   2027020    103.91    810680    726880       100
05:07:05       172744    687816    963600     49.40      6400    653440   2027020    103.91    810680    726880       100
05:07:06       172744    687816    963600     49.40      6400    653440   2027020    103.91    810680    726880       100
05:07:07       172744    687816    963600     49.40      6400    653440   2027020    103.91    810680    726880       100
05:07:08       172744    687816    963600     49.40      6400    653440   2027020    103.91    810680    726880       100
05:07:09       172744    687820    963600     49.40      6400    653440   2027020    103.91    810704    726884        96
05:07:10       172744    687824    963600     49.40      6400    653440   2027020    103.91    810732    726888        80
05:07:11       172744    687824    963600     49.40      6400    653440   2027020    103.91    810732    726888        92
05:07:12       172744    687824    963596     49.40      6400    653444   2027020    103.91    810732    726888        96
05:07:13       172744    687824    963596     49.40      6400    653444   2027084    103.91    810732    726888        96
05:07:14       172744    687824    963596     49.40      6400    653444   2027084    103.91    810732    726888        96
05:07:15       172744    687824    963596     49.40      6400    653444   2027084    103.91    810732    726888        96
05:07:16       172744    687824    963596     49.40      6400    653444   2027084    103.91    810732    726888        96
05:07:17       172744    687824    963596     49.40      6424    653420   2027084    103.91    810732    726888        96
05:07:18       172744    687852    963572     49.39      6424    653444   2027084    103.91    810740    726916        16
05:07:19       172744    687852    963568     49.39      6424    653448   2027084    103.91    810740    726916        20
05:07:20       172744    687852    963568     49.39      6424    653448   2027084    103.91    810740    726916        20
05:07:21       172744    687852    963568     49.39      6424    653448   2027084    103.91    810740    726916        20
05:07:22       172744    687852    963568     49.39      6424    653448   2027084    103.91    810740    726916        20
05:07:23       172744    687852    963568     49.39      6424    653448   2027084    103.91    810740    726916        20
05:07:24       172744    687852    963568     49.39      6424    653448   2027084    103.91    810740    726916        20
05:07:25       172744    687852    963568     49.39      6424    653448   2027084    103.91    810740    726916        20
05:07:26       172744    687852    963568     49.39      6424    653448   2027084    103.91    810740    726916        20
05:07:27       172744    687852    963568     49.39      6424    653448   2027084    103.91    810740    726916        20
05:07:28       172744    687852    963568     49.39      6424    653448   2027084    103.91    810740    726916        20
05:07:29       172744    687852    963564     49.39      6424    653452   2027084    103.91    810740    726916        24
05:07:30       172744    687852    963564     49.39      6424    653452   2027084    103.91    810740    726916        24
05:07:31       172744    687852    963564     49.39      6424    653452   2027084    103.91    810740    726916        24
05:07:32       172744    687852    963564     49.39      6424    653452   2027084    103.91    810740    726916        24
05:07:33       172744    687852    963564     49.39      6424    653452   2027084    103.91    810740    726916        24
05:07:34       172744    687852    963564     49.39      6424    653452   2027084    103.91    810740    726916        24
05:07:35       172744    687852    963564     49.39      6424    653452   2027084    103.91    810740    726916        24
05:07:36       172744    687852    963564     49.39      6424    653452   2027084    103.91    810740    726916        24
05:07:37       172744    687852    963564     49.39      6424    653452   2027084    103.91    810740    726916        24
05:07:38       172744    687852    963564     49.39      6424    653452   2027084    103.91    810740    726916        24
05:07:39       172744    687852    963560     49.39      6424    653456   2027084    103.91    810740    726916        28
05:07:40       172744    687852    963560     49.39      6424    653456   2027084    103.91    810740    726916        28
05:07:41       172744    687852    963560     49.39      6424    653456   2027084    103.91    810740    726916        28
05:07:42       172744    687864    963560     49.39      6424    653456   2027084    103.91    810740    726928        12
05:07:43       172744    687864    963560     49.39      6424    653456   2027084    103.91    810740    726928        12
05:07:44       172744    687864    963560     49.39      6424    653456   2027084    103.91    810740    726928        12
05:07:45       172744    687864    963556     49.39      6424    653460   2027084    103.91    810740    726928        16
05:07:46       172744    687864    963556     49.39      6424    653460   2027084    103.91    810740    726928        16
05:07:47       172744    687864    963556     49.39      6448    653436   2027084    103.91    810740    726928        16
05:07:48       172744    687868    963532     49.39      6448    653460   2027084    103.91    810740    726932        52
05:07:49       172744    687868    963532     49.39      6448    653460   2027084    103.91    810740    726932        52
05:07:50       172744    687868    963532     49.39      6448    653460   2027084    103.91    810740    726932        52
05:07:51       172744    687868    963532     49.39      6448    653460   2027084    103.91    810740    726932        52
05:07:52       172744    687868    963532     49.39      6448    653460   2027084    103.91    810740    726932        52
05:07:53       172744    687868    963532     49.39      6448    653460   2027084    103.91    810740    726932        52
05:07:54       172744    687868    963532     49.39      6448    653460   2027084    103.91    810740    726932        52

Average:       201333    716423    934994     47.93      6412    653445   1998666    102.45    782033    726899        54
