Linux 7.0.0-1008-aws (ip-172-31-31-224) 	08/07/26 	_x86_64_	(2 CPU)

07:00:41        CPU     %user     %nice   %system   %iowait    %steal     %idle
07:00:42        all     52.02      0.00      4.55      0.00      0.00     43.43
07:00:43        all     50.00      0.00      4.00      0.00      0.00     46.00
07:00:44        all     50.25      0.00      3.52      0.00      0.00     46.23
07:00:45        all     50.25      0.00      5.03      0.00      0.00     44.72
07:00:46        all     50.00      0.00      3.50      0.00      0.00     46.50
07:00:47        all     48.22      0.00      4.06      0.00      0.00     47.72
07:00:48        all     51.24      0.00      2.99      0.50      0.00     45.27
07:00:49        all     34.00      0.00      4.50      0.00      0.00     61.50
07:00:50        all      0.00      0.00      0.00      0.00      0.50     99.50
07:00:51        all      0.00      0.00      0.00      0.00      0.00    100.00
07:00:52        all      0.00      0.00      0.00      0.00      0.00    100.00
07:00:53        all      0.00      0.00      0.00      0.00      0.00    100.00
07:00:54        all      0.00      0.00      0.00      0.00      0.00    100.00
07:00:55        all      1.51      0.00      0.00      0.00      0.00     98.49
07:00:56        all      0.50      0.00      0.50      0.00      0.00     98.99
07:00:57        all      0.50      0.00      1.01      0.00      0.00     98.49
07:00:58        all      1.01      0.00      0.50      0.00      0.00     98.49
07:00:59        all      0.51      0.00      0.51      0.00      0.00     98.99
07:01:00        all      0.50      0.00      0.50      0.00      0.00     98.99
07:01:01        all      0.51      0.00      0.00      0.00      0.00     99.49
07:01:02        all      0.50      0.00      1.00      0.00      0.00     98.50
07:01:03        all      1.01      0.00      0.00      0.00      0.00     98.99
07:01:04        all      1.50      0.00      0.50      0.00      0.00     98.00
07:01:05        all      0.00      0.00      0.51      0.00      0.00     99.49
07:01:06        all      1.01      0.00      0.00      0.00      0.00     98.99
07:01:07        all      0.51      0.00      0.51      0.00      0.00     98.99
07:01:08        all      0.50      0.00      0.50      0.00      0.00     99.00
07:01:09        all      1.01      0.00      0.00      0.00      0.00     98.99
07:01:10        all      0.00      0.00      1.01      0.00      0.50     98.49
07:01:11        all      1.01      0.00      0.00      0.00      0.00     98.99
07:01:12        all      0.50      0.00      0.50      0.00      0.00     98.99
07:01:13        all      0.50      0.00      1.01      0.00      0.00     98.49
07:01:14        all      1.00      0.00      0.50      0.00      0.00     98.50
07:01:15        all      1.01      0.00      0.00      0.00      0.00     98.99
07:01:16        all      0.51      0.00      0.00      0.00      0.00     99.49
07:01:17        all      1.01      0.00      1.01      0.50      0.00     97.49
07:01:18        all      0.51      0.00      0.00      0.00      0.00     99.49
07:01:19        all      1.00      0.00      0.50      0.00      0.00     98.50
07:01:20        all      0.50      0.00      0.50      0.00      0.00     98.99
07:01:21        all      1.01      0.00      0.00      0.00      0.00     98.99
07:01:22        all      0.51      0.00      0.00      0.00      0.00     99.49
07:01:23        all      0.50      0.00      1.00      0.00      0.00     98.50
07:01:24        all      1.01      0.00      0.50      0.00      0.00     98.49
07:01:25        all      0.00      0.00      0.51      0.00      0.00     99.49
07:01:26        all      1.01      0.00      0.00      0.00      0.00     98.99
07:01:27        all      0.50      0.00      0.50      0.00      0.00     98.99
07:01:28        all      0.51      0.00      0.00      0.00      0.00     99.49
07:01:29        all      1.00      0.00      1.00      0.00      0.50     97.51
07:01:30        all      0.50      0.00      1.01      0.00      0.00     98.49
07:01:31        all      1.01      0.00      0.00      0.00      0.00     98.99
07:01:32        all      1.01      0.00      0.50      0.00      0.00     98.49
07:01:33        all      0.51      0.00      0.51      0.00      0.00     98.99
07:01:34        all      0.51      0.00      0.00      0.00      0.00     99.49
07:01:35        all      1.49      0.00      0.50      0.00      0.00     98.01
07:01:36        all      0.00      0.00      0.51      0.00      0.00     99.49
07:01:37        all      1.01      0.00      0.50      0.00      0.00     98.49
07:01:38        all      0.51      0.00      0.51      0.00      0.00     98.99
07:01:39        all      0.51      0.00      0.51      0.00      0.00     98.99
07:01:40        all      1.01      0.00      0.00      0.00      0.00     98.99
07:01:41        all      0.50      0.00      0.50      0.00      0.00     98.99
07:01:42        all      1.01      0.00      1.01      0.00      0.00     97.99
07:01:43        all      1.01      0.00      0.50      0.00      0.00     98.49
07:01:44        all      0.51      0.00      0.51      0.00      0.00     98.99
07:01:45        all      1.01      0.00      0.50      0.00      0.00     98.49
07:01:46        all      0.50      0.00      0.50      0.00      0.00     98.99
07:01:47        all      1.52      0.00      0.00      0.51      0.00     97.98
07:01:48        all      0.50      0.00      1.01      0.00      0.00     98.49
07:01:49        all      1.01      0.00      0.50      0.00      0.00     98.49
07:01:50        all      0.00      0.00      0.51      0.00      0.00     99.49
07:01:51        all      0.50      0.00      0.50      0.00      0.00     98.99
07:01:52        all      1.01      0.00      0.50      0.00      0.00     98.49
07:01:53        all      0.51      0.00      0.51      0.00      0.00     98.99
07:01:54        all      0.51      0.00      0.51      0.00      0.00     98.99
07:01:55        all      1.01      0.00      0.50      0.00      0.00     98.49
07:01:56        all      0.99      0.00      0.99      0.00      0.00     98.02
07:01:57        all      0.00      0.00      1.01      0.00      0.00     98.99
07:01:58        all      1.52      0.00      0.00      0.00      0.00     98.48
07:01:59        all      0.50      0.00      0.50      0.00      0.00     98.99
07:02:00        all      1.01      0.00      0.00      0.00      0.00     98.99
07:02:01        all      0.00      0.00      1.01      0.00      0.50     98.49
07:02:02        all      1.01      0.00      0.00      0.00      0.00     98.99
07:02:03        all      0.50      0.00      1.00      0.00      0.00     98.50
07:02:04        all      1.01      0.00      0.00      0.00      0.00     98.99
07:02:05        all      0.00      0.00      0.00      0.00      0.00    100.00
07:02:06        all      1.00      0.00      0.50      0.00      0.00     98.50
07:02:07        all      0.50      0.00      0.50      0.00      0.00     98.99
07:02:08        all      1.01      0.00      0.50      0.00      0.00     98.49
07:02:09        all      0.50      0.00      1.01      0.00      0.00     98.49
07:02:10        all      1.01      0.00      0.00      0.00      0.00     98.99
07:02:11        all      0.50      0.00      1.01      0.00      0.00     98.49
07:02:12        all      1.01      0.00      0.00      0.00      0.00     98.99
07:02:13        all      1.52      0.00      0.00      0.00      0.00     98.48
07:02:14        all      0.50      0.00      1.00      0.00      0.00     98.50
07:02:15        all      0.51      0.00      0.00      0.00      0.51     98.99
07:02:16        all      1.01      0.00      0.50      0.00      0.00     98.49
07:02:17        all      1.00      0.00      1.00      0.50      0.00     97.50
07:02:18        all      0.51      0.00      0.51      0.00      0.00     98.99
07:02:19        all      1.01      0.00      0.00      0.00      0.00     98.99
07:02:20        all      1.01      0.00      0.00      0.00      0.00     98.99
07:02:21        all      0.50      0.00      1.01      0.00      0.00     98.49
07:02:22        all      0.51      0.00      0.00      0.00      0.00     99.49
07:02:23        all      1.01      0.00      0.00      0.00      0.00     98.99

Average:        all      4.43      0.00      0.70      0.02      0.02     94.82
