Linux 7.0.0-1008-aws (ip-172-31-31-224) 	08/07/26 	_x86_64_	(2 CPU)

07:00:41    kbmemfree   kbavail kbmemused  %memused kbbuffers  kbcached  kbcommit   %commit  kbactive   kbinact   kbdirty
07:00:42       728380   1264016    389376     19.96     14972    663356   1457152     74.70    250708    734560        88
07:00:43       633124   1168760    484632     24.84     14972    663356   1544536     79.17    338752    734560        88
07:00:44       573652   1109288    544104     27.89     14972    663356   1607464     82.40    401280    734560        88
07:00:45       449164    984800    668592     34.27     14972    663356   1724388     88.39    519516    734560        88
07:00:46       360460    896096    757296     38.82     14972    663356   1807596     92.66    603464    734560        88
07:00:47       280576    816260    837128     42.91     15020    663360   1895496     97.17    687284    734504       140
07:00:48       232192    767880    885512     45.39     15020    663360   1945488     99.73    738468    734508        24
07:00:49       127360    663048    990344     50.77     15020    663360   2045280    104.84    839536    734508        24
07:00:50       127360    663048    990344     50.77     15020    663360   2045280    104.84    839536    734508        24
07:00:51       127360    663048    990344     50.77     15020    663360   2045280    104.84    839536    734508        24
07:00:52       127360    663048    990344     50.77     15020    663360   2045280    104.84    839536    734508        24
07:00:53       127360    663048    990344     50.77     15020    663360   2045280    104.84    839536    734508        24
07:00:54       127360    663048    990344     50.77     15020    663360   2045280    104.84    839536    734508        24
07:00:55       127360    663048    990344     50.77     15020    663360   2045280    104.84    839660    734508        24
07:00:56       127360    663048    990344     50.77     15020    663360   2045280    104.84    839660    734508        24
07:00:57       127360    663048    990344     50.77     15020    663360   2045280    104.84    839660    734508        24
07:00:58       127360    663048    990344     50.77     15020    663360   2045280    104.84    839660    734508        24
07:00:59       127360    663048    990344     50.77     15020    663360   2045280    104.84    839660    734508        24
07:01:00       127360    663048    990344     50.77     15020    663360   2045280    104.84    839660    734508        24
07:01:01       127360    663048    990340     50.77     15020    663364   2045280    104.84    839784    734508        28
07:01:02       127360    663048    990340     50.77     15020    663364   2045280    104.84    839784    734508        28
07:01:03       127360    663048    990340     50.77     15020    663364   2045280    104.84    839784    734508        28
07:01:04       127360    663048    990340     50.77     15020    663364   2045280    104.84    839784    734508        28
07:01:05       127360    663048    990340     50.77     15020    663364   2045280    104.84    839784    734508        28
07:01:06       127360    663048    990340     50.77     15020    663364   2045344    104.85    839784    734508        28
07:01:07       127360    663048    990340     50.77     15020    663364   2045344    104.85    839784    734508        28
07:01:08       127360    663048    990340     50.77     15020    663364   2045344    104.85    839784    734508        28
07:01:09       127360    663048    990340     50.77     15020    663364   2045344    104.85    839784    734508        28
07:01:10       127360    663048    990340     50.77     15020    663364   2045344    104.85    839784    734508        28
07:01:11       127360    663048    990340     50.77     15020    663364   2045344    104.85    839784    734508        28
07:01:12       127360    663048    990340     50.77     15020    663364   2045344    104.85    839784    734508        28
07:01:13       127360    663048    990340     50.77     15020    663364   2045344    104.85    839852    734508        24
07:01:14       127360    663048    990340     50.77     15020    663364   2045344    104.85    839852    734508        24
07:01:15       127360    663048    990336     50.77     15020    663368   2045344    104.85    839852    734508        28
07:01:16       127360    663048    990336     50.77     15020    663368   2045344    104.85    839852    734508        28
07:01:17       127360    663048    990336     50.77     15044    663344   2045344    104.85    839852    734508        28
07:01:18       127360    663080    990312     50.76     15044    663368   2045344    104.85    839876    734540        64
07:01:19       127360    663080    990312     50.76     15044    663368   2045344    104.85    839876    734540        64
07:01:20       127360    663080    990312     50.76     15044    663368   2045344    104.85    839876    734540        64
07:01:21       127360    663080    990312     50.76     15044    663368   2045344    104.85    839876    734540        64
07:01:22       127360    663080    990308     50.76     15044    663372   2045344    104.85    839876    734540        68
07:01:23       127360    663080    990308     50.76     15044    663372   2045344    104.85    839876    734540        68
07:01:24       127360    663080    990308     50.76     15044    663372   2045344    104.85    839876    734540        68
07:01:25       127360    663080    990308     50.76     15044    663372   2045344    104.85    839876    734540        68
07:01:26       127360    663080    990308     50.76     15044    663372   2045344    104.85    839876    734540        68
07:01:27       127360    663080    990308     50.76     15044    663372   2045344    104.85    839876    734540        68
07:01:28       127360    663080    990308     50.76     15044    663372   2045344    104.85    839876    734540        68
07:01:29       127360    663080    990308     50.76     15044    663372   2045344    104.85    839876    734540        68
07:01:30       127360    663080    990308     50.76     15044    663372   2045344    104.85    839876    734540        68
07:01:31       127360    663080    990308     50.76     15044    663372   2045344    104.85    839876    734540        68
07:01:32       127360    663080    990304     50.76     15044    663376   2045344    104.85    839876    734540        72
07:01:33       127360    663080    990304     50.76     15044    663376   2045344    104.85    839876    734540        72
07:01:34       127360    663080    990304     50.76     15044    663376   2045344    104.85    839876    734540        72
07:01:35       127360    663080    990304     50.76     15044    663376   2045344    104.85    839876    734540        72
07:01:36       127360    663080    990304     50.76     15044    663376   2045344    104.85    839876    734540        72
07:01:37       127360    663080    990304     50.76     15044    663376   2045344    104.85    839876    734540        72
07:01:38       127360    663080    990304     50.76     15044    663376   2045344    104.85    839876    734540        72
07:01:39       127360    663080    990304     50.76     15044    663376   2045344    104.85    839876    734540        72
07:01:40       127360    663080    990304     50.76     15044    663376   2045344    104.85    839876    734540        72
07:01:41       127360    663080    990304     50.76     15044    663376   2045344    104.85    839876    734540        72
07:01:42       127360    663080    990300     50.76     15044    663380   2045408    104.85    839876    734540        76
07:01:43       127360    663080    990300     50.76     15044    663380   2045408    104.85    839876    734540        76
07:01:44       127360    663084    990300     50.76     15044    663380   2045408    104.85    839932    734544        60
07:01:45       127360    663084    990300     50.76     15044    663380   2045408    104.85    839932    734544        60
07:01:46       127360    663084    990300     50.76     15044    663380   2045408    104.85    839932    734544        60
07:01:47       127360    663084    990300     50.76     15068    663356   2045408    104.85    839932    734544        60
07:01:48       127360    663104    990272     50.76     15068    663384   2045408    104.85    840004    734564        16
07:01:49       127360    663104    990272     50.76     15068    663384   2045408    104.85    840004    734564        16
07:01:50       127360    663104    990272     50.76     15068    663384   2045408    104.85    840004    734564        16
07:01:51       127360    663104    990272     50.76     15068    663384   2045408    104.85    840004    734564        16
07:01:52       127360    663104    990272     50.76     15068    663384   2045408    104.85    840004    734564        16
07:01:53       127360    663104    990272     50.76     15068    663384   2045408    104.85    840004    734564        16
07:01:54       127360    663104    990272     50.76     15068    663384   2045408    104.85    840004    734564        16
07:01:55       127360    663104    990272     50.76     15068    663384   2045408    104.85    840004    734564        16
07:01:56       127360    663104    990272     50.76     15068    663384   2045408    104.85    840004    734564        16
07:01:57       127360    663104    990272     50.76     15068    663384   2045408    104.85    840004    734564        16
07:01:58       127360    663104    990272     50.76     15068    663384   2045408    104.85    840004    734564        16
07:01:59       127360    663104    990272     50.76     15068    663384   2045408    104.85    840004    734564        16
07:02:00       127360    663104    990272     50.76     15068    663384   2045408    104.85    840004    734564        16
07:02:01       127360    663104    990272     50.76     15068    663384   2045408    104.85    840004    734564        16
07:02:02       127360    663104    990268     50.76     15068    663388   2045408    104.85    840004    734564        20
07:02:03       127360    663104    990268     50.76     15068    663388   2045408    104.85    840004    734564        20
07:02:04       127360    663104    990268     50.76     15068    663388   2045408    104.85    840004    734564        20
07:02:05       127360    663104    990268     50.76     15068    663388   2045408    104.85    840004    734564        20
07:02:06       127360    663104    990268     50.76     15068    663388   2045408    104.85    840004    734564        20
07:02:07       127360    663104    990268     50.76     15068    663388   2045408    104.85    840004    734564        20
07:02:08       127360    663104    990268     50.76     15068    663388   2045408    104.85    840004    734564        20
07:02:09       127360    663104    990268     50.76     15068    663388   2045408    104.85    840004    734564        20
07:02:10       127360    663104    990268     50.76     15068    663388   2045408    104.85    840004    734564        20
07:02:11       127360    663104    990268     50.76     15068    663388   2045408    104.85    840004    734564        20
07:02:12       127360    663104    990268     50.76     15068    663388   2045408    104.85    840004    734564        20
07:02:13       127360    663104    990268     50.76     15068    663388   2045588    104.86    840172    734564        20
07:02:14       127360    663104    990260     50.76     15068    663396   2045588    104.86    840152    734564        20
07:02:15       127360    663104    990260     50.76     15068    663396   2045588    104.86    840152    734564        28
07:02:16       127360    663104    990260     50.76     15068    663396   2045652    104.86    840152    734564        28
07:02:17       127360    663140    990236     50.76     15092    663396   2045652    104.86    840256    734600        76
07:02:18       127360    663140    990236     50.76     15092    663396   2045652    104.86    840256    734600        76
07:02:19       127360    663140    990236     50.76     15092    663396   2045652    104.86    840256    734600        76
07:02:20       127360    663140    990236     50.76     15092    663396   2045908    104.88    840256    734600        76
07:02:21       127360    663140    990236     50.76     15092    663396   2045908    104.88    840256    734600        76
07:02:22       127360    663140    990224     50.76     15092    663408   2045908    104.88    840256    734600        88
07:02:23       127360    663140    990224     50.76     15092    663408   2045908    104.88    840256    734600        88

Average:       150556    686274    967109     49.58     15044    663375   2022499    103.68    816964    734542        44
