Linux 7.0.0-1010-aws (ip-172-31-31-224) 	08/11/26 	_x86_64_	(2 CPU)

06:30:10        CPU     %user     %nice   %system   %iowait    %steal     %idle
06:30:11        all     47.00      0.00      5.00      0.00      4.50     43.50
06:30:12        all     50.50      0.00      4.00      0.00      1.00     44.50
06:30:13        all     42.79      0.00     10.45      0.50      5.97     40.30
06:30:14        all     56.78      0.00      4.52      0.00      1.51     37.19
06:30:15        all     46.23      0.00      4.02      0.00      3.02     46.73
06:30:16        all     48.00      0.00      4.00      0.00      2.00     46.00
06:30:17        all     45.96      0.00      2.53      0.00      3.03     48.48
06:30:18        all     48.51      0.00      2.48      0.00      4.46     44.55
06:30:19        all     32.83      0.00      3.54      0.00      1.52     62.12
06:30:20        all      0.00      0.00      0.00      0.00      0.50     99.50
06:30:21        all      0.50      0.00      0.99      0.50      0.00     98.02
06:30:22        all      0.50      0.00      0.00      0.00      0.00     99.50
06:30:23        all      0.00      0.00      0.00      0.00      0.00    100.00
06:30:24        all      0.50      0.00      0.50      0.00      0.50     98.50
06:30:25        all      0.50      0.00      0.50      0.00      0.00     98.99
06:30:26        all      3.02      0.00      2.01      0.00      0.50     94.47
06:30:27        all     13.78      0.00      2.55      0.00      0.51     83.16
06:30:28        all      5.45      0.00      3.47      0.00      0.99     90.10
06:30:29        all      4.59      0.00      1.53      0.00      0.00     93.88
06:30:30        all      1.00      0.00      0.00      0.00      0.50     98.51
06:30:31        all      0.00      0.00      0.00      0.00      0.00    100.00
06:30:32        all      0.00      0.00      0.00      0.00      0.50     99.50
06:30:33        all      0.00      0.00      0.50      0.00      0.00     99.50
06:30:34        all      0.50      0.00      0.50      0.00      0.00     99.00
06:30:35        all      0.00      0.00      0.00      0.00      0.00    100.00
06:30:36        all      0.00      0.00      0.00      0.00      1.00     99.00
06:30:37        all      0.50      0.00      0.00      0.00      0.00     99.50

Average:        all     16.66      0.00      1.97      0.04      1.19     80.14
