Linux 7.0.0-1010-aws (ip-172-31-31-224) 	08/11/26 	_x86_64_	(2 CPU)

06:30:10    kbmemfree   kbavail kbmemused  %memused kbbuffers  kbcached  kbcommit   %commit  kbactive   kbinact   kbdirty
06:30:11       715804   1313348    418404     21.45     14016    725688   1594068     81.71    325680    747144       772
06:30:12       627604   1225148    506604     25.97     14016    725688   1681908     86.21    414396    747144       772
06:30:13       555280   1153296    578456     29.65     14016    726160   1747900     89.59    478928    747456       772
06:30:14       499336   1097368    634384     32.52     14016    726176   1807564     92.65    539352    747472       788
06:30:15       410884   1008916    722836     37.05     14016    726176   1895104     97.14    628788    747472       788
06:30:16       322180    920212    811540     41.60     14016    726176   1985992    101.80    717448    747472       788
06:30:17       274300    872356    859396     44.05     14040    726176   2032564    104.19    765044    747496       832
06:30:18       233980    832036    899716     46.12     14040    726176   2078652    106.55    809968    747496       832
06:30:19       104956    703012   1028740     52.73     14040    726176   2203476    112.95    933596    747496       832
06:30:20       104956    703012   1028740     52.73     14040    726176   2203476    112.95    933596    747496       832
06:30:21       104956    703016   1028736     52.73     14040    726180   2203476    112.95    934544    747500       692
06:30:22       104956    703016   1028736     52.73     14040    726180   2203476    112.95    934916    747500       692
06:30:23       104956    703016   1028736     52.73     14040    726180   2203476    112.95    934916    747500       692
06:30:24       104956    703016   1028736     52.73     14040    726180   2203476    112.95    934916    747500       692
06:30:25       104956    703016   1028736     52.73     14040    726180   2203476    112.95    935288    747500       692
06:30:26       102408    700468   1031284     52.86     14040    726180   2207572    113.16    940620    747500       692
06:30:27       100728    698788   1032964     52.95     14040    726180   2212052    113.39    942852    747500       692
06:30:28       100488    698548   1033204     52.96     14040    726180   2212052    113.39    942976    747500       692
06:30:29       100392    698460   1033284     52.96     14040    726196   2212052    113.39    942820    747508       708
06:30:30       100392    698460   1033280     52.96     14040    726200   2212052    113.39    942820    747508       712
06:30:31       100392    698460   1033280     52.96     14040    726200   2212052    113.39    942820    747508       712
06:30:32       100396    698476   1033276     52.96     14040    726200   2212052    113.39    942924    747520        60
06:30:33       100432    698512   1033240     52.96     14040    726200   2212052    113.39    942924    747520        60
06:30:34       100432    698512   1033240     52.96     14040    726200   2212052    113.39    942924    747520        60
06:30:35       100432    698512   1033240     52.96     14040    726200   2212052    113.39    942924    747520        16
06:30:36       100432    698512   1033236     52.96     14040    726204   2212052    113.39    942924    747520        24
06:30:37       100432    698512   1033236     52.96     14040    726204   2212052    113.39    942924    747520        24

Average:       206719    804741    927010     47.52     14035    726149   2103268    107.81    834586    747474       590
