Linux 7.0.0-1010-aws (ip-172-31-31-224) 	08/11/26 	_x86_64_	(2 CPU)

06:30:10        IFACE   rxpck/s   txpck/s    rxkB/s    txkB/s   rxcmp/s   txcmp/s  rxmcst/s   %ifutil
06:30:11         ens5     51.00     46.00      4.21      5.96      0.00      0.00      0.00      0.00

06:30:11        IFACE   rxpck/s   txpck/s    rxkB/s    txkB/s   rxcmp/s   txcmp/s  rxmcst/s   %ifutil
06:30:12         ens5     54.00     49.00      4.55      5.76      0.00      0.00      0.00      0.00

06:30:12        IFACE   rxpck/s   txpck/s    rxkB/s    txkB/s   rxcmp/s   txcmp/s  rxmcst/s   %ifutil
06:30:13         ens5     22.00     18.00      1.68      2.04      0.00      0.00      0.00      0.00

06:30:13        IFACE   rxpck/s   txpck/s    rxkB/s    txkB/s   rxcmp/s   txcmp/s  rxmcst/s   %ifutil
06:30:14         ens5     12.00     12.00      0.62      2.50      0.00      0.00      0.00      0.00

06:30:14        IFACE   rxpck/s   txpck/s    rxkB/s    txkB/s   rxcmp/s   txcmp/s  rxmcst/s   %ifutil
06:30:15         ens5      6.00      6.00      0.28      1.14      0.00      0.00      0.00      0.00

06:30:15        IFACE   rxpck/s   txpck/s    rxkB/s    txkB/s   rxcmp/s   txcmp/s  rxmcst/s   %ifutil
06:30:16         ens5      5.00      6.00      0.25      1.29      0.00      0.00      0.00      0.00

06:30:16        IFACE   rxpck/s   txpck/s    rxkB/s    txkB/s   rxcmp/s   txcmp/s  rxmcst/s   %ifutil
06:30:17         ens5      9.00      7.00      0.49      1.46      0.00      0.00      0.00      0.00

06:30:17        IFACE   rxpck/s   txpck/s    rxkB/s    txkB/s   rxcmp/s   txcmp/s  rxmcst/s   %ifutil
06:30:18         ens5      5.00      5.00      0.25      1.10      0.00      0.00      0.00      0.00

06:30:18        IFACE   rxpck/s   txpck/s    rxkB/s    txkB/s   rxcmp/s   txcmp/s  rxmcst/s   %ifutil
06:30:19         ens5      5.00      5.00      0.25      1.05      0.00      0.00      0.00      0.00

06:30:19        IFACE   rxpck/s   txpck/s    rxkB/s    txkB/s   rxcmp/s   txcmp/s  rxmcst/s   %ifutil
06:30:20         ens5      0.00      0.00      0.00      0.00      0.00      0.00      0.00      0.00

06:30:20        IFACE   rxpck/s   txpck/s    rxkB/s    txkB/s   rxcmp/s   txcmp/s  rxmcst/s   %ifutil
06:30:21         ens5      1.00      1.00      0.07      0.09      0.00      0.00      0.00      0.00

06:30:21        IFACE   rxpck/s   txpck/s    rxkB/s    txkB/s   rxcmp/s   txcmp/s  rxmcst/s   %ifutil
06:30:22         ens5     16.00     19.00      8.34     12.71      0.00      0.00      0.00      0.00

06:30:22        IFACE   rxpck/s   txpck/s    rxkB/s    txkB/s   rxcmp/s   txcmp/s  rxmcst/s   %ifutil
06:30:23         ens5      0.00      0.00      0.00      0.00      0.00      0.00      0.00      0.00

06:30:23        IFACE   rxpck/s   txpck/s    rxkB/s    txkB/s   rxcmp/s   txcmp/s  rxmcst/s   %ifutil
06:30:24         ens5      0.00      0.00      0.00      0.00      0.00      0.00      0.00      0.00

06:30:24        IFACE   rxpck/s   txpck/s    rxkB/s    txkB/s   rxcmp/s   txcmp/s  rxmcst/s   %ifutil
06:30:25         ens5     20.00     24.00     12.74     12.86      0.00      0.00      0.00      0.00

06:30:25        IFACE   rxpck/s   txpck/s    rxkB/s    txkB/s   rxcmp/s   txcmp/s  rxmcst/s   %ifutil
06:30:26         ens5    235.00    266.00    145.33    147.36      0.00      0.00      0.00      0.00

06:30:26        IFACE   rxpck/s   txpck/s    rxkB/s    txkB/s   rxcmp/s   txcmp/s  rxmcst/s   %ifutil
06:30:27         ens5    567.00    726.00    411.60    442.09      0.00      0.00      0.00      0.00

06:30:27        IFACE   rxpck/s   txpck/s    rxkB/s    txkB/s   rxcmp/s   txcmp/s  rxmcst/s   %ifutil
06:30:28         ens5    454.00    551.00    227.75    282.33      0.00      0.00      0.00      0.00

06:30:28        IFACE   rxpck/s   txpck/s    rxkB/s    txkB/s   rxcmp/s   txcmp/s  rxmcst/s   %ifutil
06:30:29         ens5      0.00      0.00      0.00      0.00      0.00      0.00      0.00      0.00

06:30:29        IFACE   rxpck/s   txpck/s    rxkB/s    txkB/s   rxcmp/s   txcmp/s  rxmcst/s   %ifutil
06:30:30         ens5      0.00      0.00      0.00      0.00      0.00      0.00      0.00      0.00

06:30:30        IFACE   rxpck/s   txpck/s    rxkB/s    txkB/s   rxcmp/s   txcmp/s  rxmcst/s   %ifutil
06:30:31         ens5      0.00      0.00      0.00      0.00      0.00      0.00      0.00      0.00

06:30:31        IFACE   rxpck/s   txpck/s    rxkB/s    txkB/s   rxcmp/s   txcmp/s  rxmcst/s   %ifutil
06:30:32         ens5      0.00      0.00      0.00      0.00      0.00      0.00      0.00      0.00

06:30:32        IFACE   rxpck/s   txpck/s    rxkB/s    txkB/s   rxcmp/s   txcmp/s  rxmcst/s   %ifutil
06:30:33         ens5      0.00      0.00      0.00      0.00      0.00      0.00      0.00      0.00

06:30:33        IFACE   rxpck/s   txpck/s    rxkB/s    txkB/s   rxcmp/s   txcmp/s  rxmcst/s   %ifutil
06:30:34         ens5      0.00      0.00      0.00      0.00      0.00      0.00      0.00      0.00

06:30:34        IFACE   rxpck/s   txpck/s    rxkB/s    txkB/s   rxcmp/s   txcmp/s  rxmcst/s   %ifutil
06:30:35         ens5      0.00      0.00      0.00      0.00      0.00      0.00      0.00      0.00

06:30:35        IFACE   rxpck/s   txpck/s    rxkB/s    txkB/s   rxcmp/s   txcmp/s  rxmcst/s   %ifutil
06:30:36         ens5      0.00      0.00      0.00      0.00      0.00      0.00      0.00      0.00

06:30:36        IFACE   rxpck/s   txpck/s    rxkB/s    txkB/s   rxcmp/s   txcmp/s  rxmcst/s   %ifutil
06:30:37         ens5      1.00      1.00      0.07      0.09      0.00      0.00      0.00      0.00


Average:        IFACE   rxpck/s   txpck/s    rxkB/s    txkB/s   rxcmp/s   txcmp/s  rxmcst/s   %ifutil
Average:         ens5     54.19     64.52     30.31     34.07      0.00      0.00      0.00      0.00
