Linux 7.0.0-1010-aws (ip-172-31-20-134) 	08/11/26 	_x86_64_	(2 CPU)

16:49:23        CPU     %user     %nice   %system   %iowait    %steal     %idle
16:49:24        all      2.00      0.00      1.50      1.00      0.00     95.50
16:49:25        all      0.00      0.00      0.50      0.00      0.00     99.50
16:49:26        all      1.00      0.00      0.00      0.00      0.00     99.00
16:49:27        all      0.00      0.00      0.00      0.00      0.00    100.00
16:49:28        all      5.00      0.00      2.00      0.00      0.00     93.00
16:49:29        all      0.00      0.00      0.00      0.00      0.00    100.00
16:49:30        all      1.49      0.00      0.00      0.00      0.00     98.51
16:49:31        all      1.01      0.00      0.00      0.00      0.00     98.99
16:49:32        all      0.00      0.00      0.00      0.00      0.00    100.00
16:49:33        all      0.00      0.00      1.00      0.00      0.00     99.00
16:49:34        all      6.57      0.00      0.00      0.00      0.00     93.43
16:49:35        all     52.55      0.00      5.61      0.00      0.00     41.84
16:49:36        all     59.18      0.00      6.12      0.00      0.00     34.69
16:49:37        all     10.10      0.00      0.51      0.00      0.00     89.39
16:49:38        all      1.01      0.00      0.50      0.00      0.00     98.49
16:49:39        all      0.00      0.00      0.50      0.00      0.00     99.50
16:49:40        all      0.00      0.00      1.00      0.00      0.00     99.00
16:49:41        all      0.50      0.00      0.00      0.00      0.00     99.50
16:49:42        all      0.00      0.00      0.00      0.00      0.00    100.00
16:49:43        all      5.50      0.00      1.00      0.00      0.00     93.50
16:49:44        all      0.00      0.00      0.00      0.00      0.00    100.00
16:49:45        all      0.00      0.00      0.00      0.00      0.50     99.50
16:49:46        all      0.50      0.00      0.00      0.00      0.00     99.50

Average:        all      6.30      0.00      0.87      0.04      0.02     92.76
