Linux 7.0.0-1010-aws (ip-172-31-31-224) 	08/11/26 	_x86_64_	(2 CPU)

06:35:25        CPU     %user     %nice   %system   %iowait    %steal     %idle
06:35:26        all     50.25      0.00      3.98      0.50      2.49     42.79
06:35:27        all     48.74      0.00      3.02      0.00      2.01     46.23
06:35:28        all     48.74      0.00      3.52      0.00      1.01     46.73
06:35:29        all     53.50      0.00      5.00      0.00      2.00     39.50
06:35:30        all     49.00      0.00      3.50      0.00      1.50     46.00
06:35:31        all     47.00      0.00      3.00      0.00      4.00     46.00
06:35:32        all     49.00      0.00      4.00      0.00      1.50     45.50
06:35:33        all     46.50      0.00      4.50      0.00      1.00     48.00
06:35:34        all     18.09      0.00      1.01      0.00      1.01     79.90
06:35:35        all      0.50      0.00      0.00      0.00      0.00     99.50
06:35:36        all      0.50      0.00      0.00      0.00      0.50     99.00
06:35:37        all      0.00      0.00      0.50      0.00      1.00     98.50
06:35:38        all      0.00      0.00      0.00      0.00      0.00    100.00
06:35:39        all      0.00      0.00      0.50      0.00      0.50     99.00
06:35:40        all      1.00      0.00      0.00      0.00      0.00     99.00
06:35:41        all      0.50      0.00      0.50      0.00      0.00     98.99
06:35:42        all      5.10      0.00      2.04      0.00      0.00     92.86
06:35:43        all      9.05      0.00      3.52      0.00      1.01     86.43
06:35:44        all      8.67      0.00      2.04      0.00      1.02     88.27
06:35:45        all      0.51      0.00      0.00      0.00      0.00     99.49
06:35:46        all      0.00      0.00      0.99      0.00      0.99     98.02
06:35:47        all      1.01      0.00      1.01      0.00      0.00     97.99
06:35:48        all      0.50      0.00      0.00      0.00      0.00     99.50
06:35:49        all      0.00      0.00      0.00      0.00      0.00    100.00
06:35:50        all      0.50      0.00      0.00      0.00      0.00     99.50
06:35:51        all      0.00      0.00      0.50      0.00      0.00     99.50
06:35:52        all      0.00      0.00      0.00      0.00      0.00    100.00
06:35:53        all      1.00      0.00      0.00      0.00      0.00     99.00

Average:        all     15.74      0.00      1.54      0.02      0.77     81.93
