Linux 7.0.0-1010-aws (ip-172-31-31-224) 	08/11/26 	_x86_64_	(2 CPU)

06:35:25        IFACE   rxpck/s   txpck/s    rxkB/s    txkB/s   rxcmp/s   txcmp/s  rxmcst/s   %ifutil
06:35:26         ens5     54.00     51.00      4.55      6.50      0.00      0.00      0.00      0.00

06:35:26        IFACE   rxpck/s   txpck/s    rxkB/s    txkB/s   rxcmp/s   txcmp/s  rxmcst/s   %ifutil
06:35:27         ens5     52.00     46.00      4.38      5.50      0.00      0.00      0.00      0.00

06:35:27        IFACE   rxpck/s   txpck/s    rxkB/s    txkB/s   rxcmp/s   txcmp/s  rxmcst/s   %ifutil
06:35:28         ens5     23.00     19.00      1.71      2.83      0.00      0.00      0.00      0.00

06:35:28        IFACE   rxpck/s   txpck/s    rxkB/s    txkB/s   rxcmp/s   txcmp/s  rxmcst/s   %ifutil
06:35:29         ens5      7.00      7.00      0.38      1.33      0.00      0.00      0.00      0.00

06:35:29        IFACE   rxpck/s   txpck/s    rxkB/s    txkB/s   rxcmp/s   txcmp/s  rxmcst/s   %ifutil
06:35:30         ens5      5.00      6.00      0.25      1.33      0.00      0.00      0.00      0.00

06:35:30        IFACE   rxpck/s   txpck/s    rxkB/s    txkB/s   rxcmp/s   txcmp/s  rxmcst/s   %ifutil
06:35:31         ens5      9.00      8.00      0.46      1.67      0.00      0.00      0.00      0.00

06:35:31        IFACE   rxpck/s   txpck/s    rxkB/s    txkB/s   rxcmp/s   txcmp/s  rxmcst/s   %ifutil
06:35:32         ens5      6.00      7.00      0.30      1.49      0.00      0.00      0.00      0.00

06:35:32        IFACE   rxpck/s   txpck/s    rxkB/s    txkB/s   rxcmp/s   txcmp/s  rxmcst/s   %ifutil
06:35:33         ens5      5.00      4.00      0.25      0.88      0.00      0.00      0.00      0.00

06:35:33        IFACE   rxpck/s   txpck/s    rxkB/s    txkB/s   rxcmp/s   txcmp/s  rxmcst/s   %ifutil
06:35:34         ens5      6.00      6.00      0.32      0.96      0.00      0.00      0.00      0.00

06:35:34        IFACE   rxpck/s   txpck/s    rxkB/s    txkB/s   rxcmp/s   txcmp/s  rxmcst/s   %ifutil
06:35:35         ens5      0.00      0.00      0.00      0.00      0.00      0.00      0.00      0.00

06:35:35        IFACE   rxpck/s   txpck/s    rxkB/s    txkB/s   rxcmp/s   txcmp/s  rxmcst/s   %ifutil
06:35:36         ens5      0.00      0.00      0.00      0.00      0.00      0.00      0.00      0.00

06:35:36        IFACE   rxpck/s   txpck/s    rxkB/s    txkB/s   rxcmp/s   txcmp/s  rxmcst/s   %ifutil
06:35:37         ens5     17.00     28.00      8.38     22.04      0.00      0.00      0.00      0.00

06:35:37        IFACE   rxpck/s   txpck/s    rxkB/s    txkB/s   rxcmp/s   txcmp/s  rxmcst/s   %ifutil
06:35:38         ens5      0.00      0.00      0.00      0.00      0.00      0.00      0.00      0.00

06:35:38        IFACE   rxpck/s   txpck/s    rxkB/s    txkB/s   rxcmp/s   txcmp/s  rxmcst/s   %ifutil
06:35:39         ens5      0.00      0.00      0.00      0.00      0.00      0.00      0.00      0.00

06:35:39        IFACE   rxpck/s   txpck/s    rxkB/s    txkB/s   rxcmp/s   txcmp/s  rxmcst/s   %ifutil
06:35:40         ens5      0.00      0.00      0.00      0.00      0.00      0.00      0.00      0.00

06:35:40        IFACE   rxpck/s   txpck/s    rxkB/s    txkB/s   rxcmp/s   txcmp/s  rxmcst/s   %ifutil
06:35:41         ens5     30.00     43.00     17.04     30.23      0.00      0.00      0.00      0.00

06:35:41        IFACE   rxpck/s   txpck/s    rxkB/s    txkB/s   rxcmp/s   txcmp/s  rxmcst/s   %ifutil
06:35:42         ens5    330.00    536.00    220.18    394.52      0.00      0.00      0.00      0.00

06:35:42        IFACE   rxpck/s   txpck/s    rxkB/s    txkB/s   rxcmp/s   txcmp/s  rxmcst/s   %ifutil
06:35:43         ens5    586.00    992.00    373.05    704.33      0.00      0.00      0.00      0.00

06:35:43        IFACE   rxpck/s   txpck/s    rxkB/s    txkB/s   rxcmp/s   txcmp/s  rxmcst/s   %ifutil
06:35:44         ens5    196.00    319.00    125.13    227.50      0.00      0.00      0.00      0.00

06:35:44        IFACE   rxpck/s   txpck/s    rxkB/s    txkB/s   rxcmp/s   txcmp/s  rxmcst/s   %ifutil
06:35:45         ens5     10.00     12.00      4.33      7.68      0.00      0.00      0.00      0.00

06:35:45        IFACE   rxpck/s   txpck/s    rxkB/s    txkB/s   rxcmp/s   txcmp/s  rxmcst/s   %ifutil
06:35:46         ens5      7.00     10.00      4.15      7.43      0.00      0.00      0.00      0.00

06:35:46        IFACE   rxpck/s   txpck/s    rxkB/s    txkB/s   rxcmp/s   txcmp/s  rxmcst/s   %ifutil
06:35:47         ens5      7.00     10.00      4.15      7.44      0.00      0.00      0.00      0.00

06:35:47        IFACE   rxpck/s   txpck/s    rxkB/s    txkB/s   rxcmp/s   txcmp/s  rxmcst/s   %ifutil
06:35:48         ens5      7.00     10.00      4.15      7.43      0.00      0.00      0.00      0.00

06:35:48        IFACE   rxpck/s   txpck/s    rxkB/s    txkB/s   rxcmp/s   txcmp/s  rxmcst/s   %ifutil
06:35:49         ens5      0.00      0.00      0.00      0.00      0.00      0.00      0.00      0.00

06:35:49        IFACE   rxpck/s   txpck/s    rxkB/s    txkB/s   rxcmp/s   txcmp/s  rxmcst/s   %ifutil
06:35:50         ens5      0.00      0.00      0.00      0.00      0.00      0.00      0.00      0.00

06:35:50        IFACE   rxpck/s   txpck/s    rxkB/s    txkB/s   rxcmp/s   txcmp/s  rxmcst/s   %ifutil
06:35:51         ens5      0.00      0.00      0.00      0.00      0.00      0.00      0.00      0.00

06:35:51        IFACE   rxpck/s   txpck/s    rxkB/s    txkB/s   rxcmp/s   txcmp/s  rxmcst/s   %ifutil
06:35:52         ens5      0.00      0.00      0.00      0.00      0.00      0.00      0.00      0.00

06:35:52        IFACE   rxpck/s   txpck/s    rxkB/s    txkB/s   rxcmp/s   txcmp/s  rxmcst/s   %ifutil
06:35:53         ens5      0.00      0.00      0.00      0.00      0.00      0.00      0.00      0.00


Average:        IFACE   rxpck/s   txpck/s    rxkB/s    txkB/s   rxcmp/s   txcmp/s  rxmcst/s   %ifutil
Average:         ens5     48.46     75.50     27.61     51.11      0.00      0.00      0.00      0.00
