Linux 7.0.0-1010-aws (ip-172-31-31-224) 	08/11/26 	_x86_64_	(2 CPU)

07:04:57        CPU     %user     %nice   %system   %iowait    %steal     %idle
07:04:58        all     52.02      0.00      4.04      0.00      1.01     42.93
07:04:59        all     52.76      0.00      6.03      0.00      1.01     40.20
07:05:00        all     39.81      0.00      3.88      0.00     13.59     42.72
07:05:01        all     38.12      0.00      2.48      0.00     13.86     45.54
07:05:02        all     15.81      0.00      1.40      0.00     37.67     45.12
07:05:03        all     22.55      0.00      2.45      0.00     33.33     41.67
07:05:04        all     30.43      0.00      1.93      0.00     20.29     47.34
07:05:05        all     38.24      0.00      2.45      0.00     15.20     44.12
07:05:06        all     46.00      0.00      4.00      0.00      3.50     46.50
07:05:07        all     45.50      0.00      2.00      0.00      5.00     47.50
07:05:08        all     44.50      0.00      5.50      0.00      5.50     44.50
07:05:09        all      4.50      0.00      0.50      0.00      1.50     93.50
07:05:10        all      1.00      0.00      0.50      0.00      0.50     98.01
07:05:11        all      0.00      0.00      0.00      0.00      0.50     99.50
07:05:12        all      0.50      0.00      0.00      0.00      1.00     98.51
07:05:13        all      0.50      0.00      0.50      0.00      0.00     98.99
07:05:14        all      6.09      0.00      2.03      0.00      0.51     91.37
07:05:15        all      2.00      0.00      2.50      0.00      1.50     94.00
07:05:16        all      0.00      0.00      0.51      0.00      0.00     99.49
07:05:17        all      1.00      0.00      0.50      0.50      0.50     97.51
07:05:18        all      0.00      0.00      0.00      0.00      0.00    100.00
07:05:19        all      0.50      0.00      0.00      0.00      0.00     99.50
07:05:20        all      0.50      0.00      1.00      0.00      0.50     98.01
07:05:21        all      0.00      0.00      0.00      0.00      0.00    100.00
07:05:22        all      0.50      0.00      0.00      0.00      0.00     99.50
07:05:23        all      0.00      0.00      0.00      0.00      0.50     99.50
07:05:24        all      0.00      0.00      0.00      0.00      0.50     99.50
07:05:25        all      1.00      0.00      0.00      0.00      0.50     98.51


Average:        all     15.93      0.00      1.58      0.02      5.79     76.68
