Linux 7.0.0-1010-aws (ip-172-31-31-224) 	08/11/26 	_x86_64_	(2 CPU)

07:04:57    kbmemfree   kbavail kbmemused  %memused kbbuffers  kbcached  kbcommit   %commit  kbactive   kbinact   kbdirty
07:04:58       794916   1291864    439112     22.51     14700    624200   1601660     82.10    357300    629640       148
07:04:59       723096   1220052    510924     26.19     14700    624208   1672660     85.74    426844    629648       156
07:05:00       650520   1147480    583496     29.91     14700    624212   1743068     89.35    497248    629652       160
07:05:01       602388   1099348    631628     32.38     14700    624212   1789868     91.75    544968    629652       160
07:05:02       586260   1083220    647756     33.20     14700    624212   1806316     92.59    559948    629652       116
07:05:03       530064   1027024    703952     36.08     14700    624212   1865904     95.64    620068    629652       116
07:05:04       513936   1010896    720080     36.91     14700    624212   1882608     96.50    633548    629652       116
07:05:05       449424    946388    784588     40.22     14700    624216   1949176     99.91    701488    629656       124
07:05:06       352908    849872    881104     45.16     14700    624216   2045804    104.86    798820    629656       124
07:05:07       328716    825680    905296     46.40     14700    624216   2070572    106.13    820668    629656       124
07:05:08       215820    712784   1018192     52.19     14700    624216   2183164    111.91    934904    629656       124
07:05:09       215820    712784   1018176     52.19     14700    624216   2183164    111.91    935028    629656       124
07:05:10       215820    712784   1018172     52.19     14700    624220   2183164    111.91    935028    629656       128
07:05:11       215820    712784   1018172     52.19     14700    624220   2183164    111.91    935028    629656       128
07:05:12       215820    712784   1018172     52.19     14700    624220   2183164    111.91    935028    629656       128
07:05:13       215820    712784   1018172     52.19     14700    624220   2183164    111.91    935028    629656       128
07:05:14       215820    712784   1018164     52.19     14700    624228   2183164    111.91    934956    629656       136
07:05:15       215820    712788   1018160     52.19     14700    624232   2183164    111.91    935076    629660       140
07:05:16       215820    712788   1018160     52.19     14700    624232   2183164    111.91    935076    629660       140
07:05:17       215820    712788   1018160     52.19     14728    624204   2183164    111.91    935160    629660       140
07:05:18       215820    712832   1018128     52.19     14728    624236   2183164    111.91    935176    629704        40
07:05:19       215820    712832   1018128     52.19     14728    624236   2183164    111.91    935176    629704        40
07:05:20       215820    712832   1018128     52.19     14728    624236   2183164    111.91    935176    629704        40
07:05:21       215820    712836   1018124     52.19     14728    624240   2183292    111.91    935668    629708        44
07:05:22       215820    712836   1018124     52.19     14728    624240   2183292    111.91    935668    629708        44
07:05:23       215820    712836   1018124     52.19     14728    624240   2183292    111.91    935668    629708        44
07:05:24       215820    712836   1018124     52.19     14728    624240   2183292    111.91    935668    629708        44
07:05:25       215820    712836   1018124     52.19     14728    624240   2183292    111.91    935668    629708        44


Average:       336321    833298    897666     46.01     14709    624223   2061615    105.68    814110    629669       107
