Linux 7.0.0-1010-aws (ip-172-31-31-224) 	08/11/26 	_x86_64_	(2 CPU)

06:17:48        CPU     %user     %nice   %system   %iowait    %steal     %idle
06:17:49        all     49.75      0.00      5.47      0.50      1.00     43.28
06:17:50        all     49.24      0.00      3.55      0.00      2.54     44.67
06:17:51        all     47.74      0.00      4.02      0.00      1.51     46.73
06:17:52        all     47.74      0.00      4.52      0.00      1.01     46.73
06:17:53        all     49.01      0.00      2.97      0.00      1.49     46.53
06:17:54        all     48.48      0.00      3.54      0.00      2.02     45.96
06:17:55        all     48.74      0.00      4.52      0.00      1.01     45.73
06:17:56        all     44.55      0.00      4.95      0.00      1.98     48.51
06:17:57        all     16.58      0.00      1.01      0.00      1.51     80.90
06:17:58        all      0.00      0.00      0.50      0.00      0.00     99.50
06:17:59        all      5.08      0.00      1.02      0.00      0.00     93.91
06:18:00        all      0.50      0.00      0.00      0.00      2.48     97.03
06:18:01        all      0.49      0.00      0.98      0.00      1.96     96.57
06:18:02        all      0.00      0.00      0.00      0.00      6.73     93.27
06:18:03        all      0.00      0.00      0.00      0.00      5.37     94.63
06:18:04        all      0.98      0.00      0.00      0.00      3.41     95.61
06:18:05        all      0.00      0.00      1.49      0.00      1.98     96.53
06:18:06        all      0.50      0.00      0.00      0.00      0.50     99.01
06:18:07        all      1.01      0.00      0.51      0.00      0.00     98.48
06:18:08        all      5.08      0.00      2.54      0.00      1.02     91.37
06:18:09        all      7.61      0.00      3.05      0.00      2.03     87.31
06:18:10        all      4.00      0.00      2.00      0.00      1.00     93.00
06:18:11        all      0.00      0.00      0.50      0.00      1.00     98.50
06:18:12        all      0.00      0.00      0.00      0.00      0.00    100.00
06:18:13        all      0.00      0.00      0.50      0.00      0.00     99.50
06:18:14        all      5.47      0.00      1.99      0.00      1.00     91.54
06:18:15        all      0.50      0.00      0.00      0.00      0.00     99.50
06:18:16        all      0.00      0.00      0.00      0.00      0.50     99.50
06:18:17        all      0.50      0.00      0.50      0.50      0.00     98.49
06:18:18        all      0.50      0.00      0.00      0.00      0.00     99.50
06:18:19        all      0.00      0.00      0.50      0.00      0.50     99.00
06:18:20        all      0.50      0.00      0.00      0.00      0.50     98.99

Average:        all     13.53      0.00      1.58      0.03      1.39     83.48
