Linux 7.0.0-1010-aws (ip-172-31-31-224) 	08/11/26 	_x86_64_	(2 CPU)

06:17:48    kbmemfree   kbavail kbmemused  %memused kbbuffers  kbcached  kbcommit   %commit  kbactive   kbinact   kbdirty
06:17:49       704068   1298396    433384     22.21     13056    723432   1610384     82.55    338716    745092       144
06:17:50       633004   1227336    504444     25.86     13056    723436   1677416     85.98    408320    745096       148
06:17:51       560428   1154760    577020     29.58     13056    723436   1748016     89.60    480364    745096       148
06:17:52       480040   1074372    657408     33.70     13056    723436   1839936     94.31    568308    745096       148
06:17:53       399652    993984    737796     37.82     13056    723436   1907060     97.75    638936    745096       148
06:17:54       343204    937536    794244     40.71     13056    723436   1973564    101.16    703948    745096       148
06:17:55       238624    832960    898820     46.07     13056    723440   2070256    106.12    800836    745100       152
06:17:56       125728    720064   1011716     51.86     13056    723440   2182520    111.87    911668    745100       152
06:17:57       101408    695744   1036036     53.11     13056    723440   2211712    113.37    941204    745100       152
06:17:58       101408    695744   1036036     53.11     13056    723440   2211712    113.37    941204    745100       152
06:17:59        93368    687704   1044068     53.52     13056    723448   2211712    113.37    941340    745100       160
06:18:00        93368    687704   1044064     53.52     13056    723452   2211712    113.37    941340    745100       164
06:18:01        93368    687704   1044064     53.52     13056    723452   2211712    113.37    941340    745100       164
06:18:02        93368    687704   1044064     53.52     13056    723452   2211712    113.37    941340    745100       164
06:18:03        93336    687672   1044096     53.52     13056    723452   2211712    113.37    941340    745100       164
06:18:04        93336    687672   1044096     53.52     13056    723452   2211712    113.37    941340    745100       164
06:18:05        93336    687672   1044096     53.52     13056    723452   2211712    113.37    941340    745100       164
06:18:06        93336    687672   1044092     53.52     13056    723456   2211712    113.37    941340    745100       168
06:18:07        93216    687552   1044212     53.52     13056    723456   2211712    113.37    942084    745100       168
06:18:08        92932    687268   1044492     53.54     13056    723460   2211712    113.37    942084    745100       172
06:18:09        92288    686644   1045136     53.57     13056    723460   2211712    113.37    942312    745120       172
06:18:10        92032    686388   1045388     53.59     13056    723464   2211712    113.37    942312    745120       176
06:18:11        92032    686388   1045388     53.59     13056    723464   2211712    113.37    942352    745120       128
06:18:12        92032    686388   1045388     53.59     13056    723464   2211712    113.37    942352    745120       128
06:18:13        92032    686388   1045388     53.59     13056    723464   2211712    113.37    942352    745120       128
06:18:14        91936    686296   1045476     53.59     13056    723472   2211712    113.37    942512    745124       140
06:18:15        91936    686296   1045472     53.59     13056    723476   2211712    113.37    942512    745124       144
06:18:16        91960    686320   1045448     53.59     13056    723476   2211712    113.37    942512    745124       144
06:18:17        91984    686356   1045400     53.59     13080    723476   2211712    113.37    942660    745136       192
06:18:18        91968    686364   1045416     53.59     13080    723476   2211712    113.37    942660    745160        52
06:18:19        91968    686364   1045416     53.59     13080    723476   2211712    113.37    942660    745160        32
06:18:20        91968    686364   1045412     53.59     13080    723480   2211712    113.37    942660    745160        28

Average:       178896    773243    958530     49.13     13059    723455   2127820    109.07    858070    745111       144
