Linux 7.0.0-1008-aws (ip-172-31-20-134) 	08/07/26 	_x86_64_	(2 CPU)

17:39:25    kbmemfree   kbavail kbmemused  %memused kbbuffers  kbcached  kbcommit   %commit  kbactive   kbinact   kbdirty
17:39:26       229764   1293784    375040     19.23     16520   1140460   1628456     83.48    765264    670808       376
17:39:27       229764   1293784    375040     19.23     16520   1140460   1628456     83.48    765264    670808       376
17:39:28       229764   1293784    375040     19.23     16520   1140460   1628456     83.48    765264    670808       376
17:39:29       229764   1293796    375028     19.22     16520   1140472   1628456     83.48    765256    670820       388
17:39:30       229764   1293796    375028     19.22     16520   1140472   1628456     83.48    765256    670820       388
17:39:31       229764   1293796    375028     19.22     16520   1140472   1628456     83.48    765256    670820       388
17:39:32       229764   1293900    374904     19.22     16544   1140572   1628456     83.48    765440    670840       408
17:39:33       229764   1293932    374872     19.22     16544   1140604   1628456     83.48    766324    670828       316
17:39:34       229764   1293956    374872     19.22     16544   1140604   1628456     83.48    766324    670852       276
17:39:35       229764   1294040    374704     19.21     16544   1140772   1643236     84.23    772120    670936       444
17:39:36       229512   1294144    374684     19.21     16544   1141044   1643856     84.27    772568    671292       700
17:39:37       229008   1293868    374876     19.22     16544   1141356   1660736     85.13    773344    671520      1012
17:39:38       228504   1293668    375020     19.22     16544   1141716   1660936     85.14    774392    671824      1372
17:39:39       228504   1294024    374712     19.21     16544   1142024   1660976     85.14    774532    672180      1680
17:39:40       228252   1294108    374712     19.21     16544   1142276   1661000     85.15    774532    672516      1932
17:39:41       228000   1294144    374664     19.21     16544   1142576   1661000     85.15    775148    672804      2232
17:39:42       227748   1294144    374600     19.20     16544   1142892   1661000     85.15    775148    673056      2548
17:39:43       227748   1294512    374240     19.18     16544   1143252   1661008     85.15    775272    673424      2908
17:39:44       227244   1294212    374492     19.20     16544   1143504   1661144     85.15    775488    673628      3160
17:39:45       226740   1294044    374688     19.21     16544   1143812   1661160     85.15    775908    673964      3468
17:39:46       226236   1293952    374828     19.21     16544   1144176   1661164     85.15    776104    674376      3832
17:39:47       225984   1293964    374836     19.21     16544   1144420   1661184     85.15    776504    674640      4076
17:39:48       225732   1294016    374772     19.21     16544   1144736   1661256     85.16    776904    674944      4392
17:39:49       224724   1293340    375420     19.24     16544   1145096   1661256     85.16    777596    675276      4752
17:39:50       224724   1293604    375180     19.23     16544   1145336   1661256     85.16    777632    675540      4992
17:39:51       224724   1293804    374860     19.22     16544   1145656   1661256     85.16    777640    675740      5312
17:39:52       224724   1294112    374536     19.20     16544   1145980   1661264     85.16    777660    676048      5636
17:39:53       224472   1294256    374548     19.20     16544   1146220   1661268     85.16    777884    676444      5728
17:39:54       224220   1294216    374464     19.20     16544   1146556   1661268     85.16    778000    676656      6064
17:39:55       224220   1294488    374220     19.18     16544   1146800   1661312     85.16    778060    676928      6308
17:39:56       223968   1294632    374108     19.18     16544   1147164   1661484     85.17    778244    677324      6672
17:39:57       223464   1294404    374312     19.19     16544   1147464   1661460     85.17    778596    677600      6964
17:39:58       222960   1294248    374552     19.20     16544   1147728   1661436     85.17    779072    677948      7228
17:39:59       222708   1294260    374484     19.20     16544   1148048   1661500     85.17    779052    678212       288
17:40:00       222708   1294624    374148     19.18     16544   1148384   1665548     85.38    779584    678576       636
17:40:01       222708   1294792    373980     19.17     16544   1148552   1665568     85.38    779668    678744       804
17:40:02       222456   1294872    373952     19.17     16568   1148808   1665720     85.39    779936    679076      1148
17:40:03       222204   1294788    374036     19.17     16568   1148976   1665708     85.39    780104    679244      1316
17:40:04       219936   1293700    375108     19.23     17220   1149520   1665744     85.39    781100    680420      1968
17:40:05       219936   1293952    374856     19.22     17220   1149772   1665876     85.40    781184    680672      2220
17:40:06       219684   1293944    374740     19.21     17220   1150140   1665860     85.39    781224    680916      2592
17:40:07       219684   1294196    374488     19.20     17220   1150392   1665864     85.39    781224    681168      2844
17:40:08       219684   1294616    374188     19.18     17220   1150692   1665864     85.39    781256    681588      3144
17:40:09       219684   1294824    373872     19.17     17220   1151008   1665952     85.40    781340    681796      3460
17:40:10       219180   1294788    374016     19.17     17220   1151368   1665952     85.40    781736    682264      3820
17:40:11       218928   1294704    374016     19.17     17220   1151620   1665952     85.40    781820    682432      4072
17:40:12       218928   1295112    373716     19.16     17220   1151920   1665956     85.40    782276    682840      4372
17:40:13       218928   1295448    373408     19.14     17220   1152228   1665956     85.40    782276    683176      4680
17:40:14       218172   1294928    373852     19.16     17220   1152540   1665956     85.40    782448    683412      4992
17:40:15       218172   1295180    373544     19.15     17220   1152848   1666012     85.40    782952    683664      5300
17:40:16       217920   1295328    373428     19.14     17220   1153216   1666012     85.40    783036    684064      5668
17:40:17       217668   1295160    373596     19.15     17220   1153300   1666012     85.40    783036    684148      5752
17:40:18       217164   1294768    374060     19.17     17220   1153340   1666012     85.40    783584    684260      5792
17:40:19       217164   1294768    374060     19.17     17220   1153340   1666012     85.40    783584    684260      5792

Average:       224309   1294282    374489     19.20     16743   1146243   1656816     84.93    776489    676647      3099
