Linux 7.0.0-1008-aws (ip-172-31-20-134) 	08/07/26 	_x86_64_	(2 CPU)

17:39:25        IFACE   rxpck/s   txpck/s    rxkB/s    txkB/s   rxcmp/s   txcmp/s  rxmcst/s   %ifutil
17:39:26         ens5     49.00     50.00      4.14      5.30      0.00      0.00      0.00      0.00

17:39:26        IFACE   rxpck/s   txpck/s    rxkB/s    txkB/s   rxcmp/s   txcmp/s  rxmcst/s   %ifutil
17:39:27         ens5     20.00     19.00      1.68      1.89      0.00      0.00      0.00      0.00

17:39:27        IFACE   rxpck/s   txpck/s    rxkB/s    txkB/s   rxcmp/s   txcmp/s  rxmcst/s   %ifutil
17:39:28         ens5      0.00      0.00      0.00      0.00      0.00      0.00      0.00      0.00

17:39:28        IFACE   rxpck/s   txpck/s    rxkB/s    txkB/s   rxcmp/s   txcmp/s  rxmcst/s   %ifutil
17:39:29         ens5      0.00      0.00      0.00      0.00      0.00      0.00      0.00      0.00

17:39:29        IFACE   rxpck/s   txpck/s    rxkB/s    txkB/s   rxcmp/s   txcmp/s  rxmcst/s   %ifutil
17:39:30         ens5      0.00      0.00      0.00      0.00      0.00      0.00      0.00      0.00

17:39:30        IFACE   rxpck/s   txpck/s    rxkB/s    txkB/s   rxcmp/s   txcmp/s  rxmcst/s   %ifutil
17:39:31         ens5      0.00      0.00      0.00      0.00      0.00      0.00      0.00      0.00

17:39:31        IFACE   rxpck/s   txpck/s    rxkB/s    txkB/s   rxcmp/s   txcmp/s  rxmcst/s   %ifutil
17:39:32         ens5      2.00      2.00      0.10      0.13      0.00      0.00      0.00      0.00

17:39:32        IFACE   rxpck/s   txpck/s    rxkB/s    txkB/s   rxcmp/s   txcmp/s  rxmcst/s   %ifutil
17:39:33         ens5      1.00      1.00      0.05      0.06      0.00      0.00      0.00      0.00

17:39:33        IFACE   rxpck/s   txpck/s    rxkB/s    txkB/s   rxcmp/s   txcmp/s  rxmcst/s   %ifutil
17:39:34         ens5      0.00      0.00      0.00      0.00      0.00      0.00      0.00      0.00

17:39:34        IFACE   rxpck/s   txpck/s    rxkB/s    txkB/s   rxcmp/s   txcmp/s  rxmcst/s   %ifutil
17:39:35         ens5    141.00    101.00    115.03     68.52      0.00      0.00      0.00      0.00

17:39:35        IFACE   rxpck/s   txpck/s    rxkB/s    txkB/s   rxcmp/s   txcmp/s  rxmcst/s   %ifutil
17:39:36         ens5    219.00    152.00    174.16    106.29      0.00      0.00      0.00      0.00

17:39:36        IFACE   rxpck/s   txpck/s    rxkB/s    txkB/s   rxcmp/s   txcmp/s  rxmcst/s   %ifutil
17:39:37         ens5    225.00    149.00    180.82    104.55      0.00      0.00      0.00      0.00

17:39:37        IFACE   rxpck/s   txpck/s    rxkB/s    txkB/s   rxcmp/s   txcmp/s  rxmcst/s   %ifutil
17:39:38         ens5    224.00    146.00    175.87    103.27      0.00      0.00      0.00      0.00

17:39:38        IFACE   rxpck/s   txpck/s    rxkB/s    txkB/s   rxcmp/s   txcmp/s  rxmcst/s   %ifutil
17:39:39         ens5    227.00    149.00    181.34    106.72      0.00      0.00      0.00      0.00

17:39:39        IFACE   rxpck/s   txpck/s    rxkB/s    txkB/s   rxcmp/s   txcmp/s  rxmcst/s   %ifutil
17:39:40         ens5    221.00    145.00    174.65    102.99      0.00      0.00      0.00      0.00

17:39:40        IFACE   rxpck/s   txpck/s    rxkB/s    txkB/s   rxcmp/s   txcmp/s  rxmcst/s   %ifutil
17:39:41         ens5    231.00    155.00    182.70    107.84      0.00      0.00      0.00      0.00

17:39:41        IFACE   rxpck/s   txpck/s    rxkB/s    txkB/s   rxcmp/s   txcmp/s  rxmcst/s   %ifutil
17:39:42         ens5    220.00    144.00    174.56    102.87      0.00      0.00      0.00      0.00

17:39:42        IFACE   rxpck/s   txpck/s    rxkB/s    txkB/s   rxcmp/s   txcmp/s  rxmcst/s   %ifutil
17:39:43         ens5    228.00    149.00    181.73    106.99      0.00      0.00      0.00      0.00

17:39:43        IFACE   rxpck/s   txpck/s    rxkB/s    txkB/s   rxcmp/s   txcmp/s  rxmcst/s   %ifutil
17:39:44         ens5    217.00    149.00    173.63    105.65      0.00      0.00      0.00      0.00

17:39:44        IFACE   rxpck/s   txpck/s    rxkB/s    txkB/s   rxcmp/s   txcmp/s  rxmcst/s   %ifutil
17:39:45         ens5    224.00    146.00    180.61    104.04      0.00      0.00      0.00      0.00

17:39:45        IFACE   rxpck/s   txpck/s    rxkB/s    txkB/s   rxcmp/s   txcmp/s  rxmcst/s   %ifutil
17:39:46         ens5    217.00    145.00    173.82    103.04      0.00      0.00      0.00      0.00

17:39:46        IFACE   rxpck/s   txpck/s    rxkB/s    txkB/s   rxcmp/s   txcmp/s  rxmcst/s   %ifutil
17:39:47         ens5    227.00    151.00    181.42    107.44      0.00      0.00      0.00      0.00

17:39:47        IFACE   rxpck/s   txpck/s    rxkB/s    txkB/s   rxcmp/s   txcmp/s  rxmcst/s   %ifutil
17:39:48         ens5    216.00    146.00    173.52    102.89      0.00      0.00      0.00      0.00

17:39:48        IFACE   rxpck/s   txpck/s    rxkB/s    txkB/s   rxcmp/s   txcmp/s  rxmcst/s   %ifutil
17:39:49         ens5    227.00    154.00    181.43    107.84      0.00      0.00      0.00      0.00

17:39:49        IFACE   rxpck/s   txpck/s    rxkB/s    txkB/s   rxcmp/s   txcmp/s  rxmcst/s   %ifutil
17:39:50         ens5    217.00    147.00    173.59    105.39      0.00      0.00      0.00      0.00

17:39:50        IFACE   rxpck/s   txpck/s    rxkB/s    txkB/s   rxcmp/s   txcmp/s  rxmcst/s   %ifutil
17:39:51         ens5    219.00    148.00    174.54    103.90      0.00      0.00      0.00      0.00

17:39:51        IFACE   rxpck/s   txpck/s    rxkB/s    txkB/s   rxcmp/s   txcmp/s  rxmcst/s   %ifutil
17:39:52         ens5    204.00    130.00    161.30     91.64      0.00      0.00      0.00      0.00

17:39:52        IFACE   rxpck/s   txpck/s    rxkB/s    txkB/s   rxcmp/s   txcmp/s  rxmcst/s   %ifutil
17:39:53         ens5    201.00    132.00    160.08     94.05      0.00      0.00      0.00      0.00

17:39:53        IFACE   rxpck/s   txpck/s    rxkB/s    txkB/s   rxcmp/s   txcmp/s  rxmcst/s   %ifutil
17:39:54         ens5    219.00    149.00    174.24    106.16      0.00      0.00      0.00      0.00

17:39:54        IFACE   rxpck/s   txpck/s    rxkB/s    txkB/s   rxcmp/s   txcmp/s  rxmcst/s   %ifutil
17:39:55         ens5    225.00    152.00    180.98    104.87      0.00      0.00      0.00      0.00

17:39:55        IFACE   rxpck/s   txpck/s    rxkB/s    txkB/s   rxcmp/s   txcmp/s  rxmcst/s   %ifutil
17:39:56         ens5    220.00    147.00    174.59    105.64      0.00      0.00      0.00      0.00

17:39:56        IFACE   rxpck/s   txpck/s    rxkB/s    txkB/s   rxcmp/s   txcmp/s  rxmcst/s   %ifutil
17:39:57         ens5    226.00    147.00    181.05    104.14      0.00      0.00      0.00      0.00

17:39:57        IFACE   rxpck/s   txpck/s    rxkB/s    txkB/s   rxcmp/s   txcmp/s  rxmcst/s   %ifutil
17:39:58         ens5    218.00    149.00    173.94    105.86      0.00      0.00      0.00      0.00

17:39:58        IFACE   rxpck/s   txpck/s    rxkB/s    txkB/s   rxcmp/s   txcmp/s  rxmcst/s   %ifutil
17:39:59         ens5    229.00    154.00    182.08    105.33      0.00      0.00      0.00      0.00

17:39:59        IFACE   rxpck/s   txpck/s    rxkB/s    txkB/s   rxcmp/s   txcmp/s  rxmcst/s   %ifutil
17:40:00         ens5    198.00    132.00    159.08     94.03      0.00      0.00      0.00      0.00

17:40:00        IFACE   rxpck/s   txpck/s    rxkB/s    txkB/s   rxcmp/s   txcmp/s  rxmcst/s   %ifutil
17:40:01         ens5    155.00    106.00    123.28     75.81      0.00      0.00      0.00      0.00

17:40:01        IFACE   rxpck/s   txpck/s    rxkB/s    txkB/s   rxcmp/s   txcmp/s  rxmcst/s   %ifutil
17:40:02         ens5    153.00    100.00    123.09     70.35      0.00      0.00      0.00      0.00

17:40:02        IFACE   rxpck/s   txpck/s    rxkB/s    txkB/s   rxcmp/s   txcmp/s  rxmcst/s   %ifutil
17:40:03         ens5    224.00    150.00    175.07    105.95      0.00      0.00      0.00      0.00

17:40:03        IFACE   rxpck/s   txpck/s    rxkB/s    txkB/s   rxcmp/s   txcmp/s  rxmcst/s   %ifutil
17:40:04         ens5    228.00    147.00    181.96    104.36      0.00      0.00      0.00      0.00

17:40:04        IFACE   rxpck/s   txpck/s    rxkB/s    txkB/s   rxcmp/s   txcmp/s  rxmcst/s   %ifutil
17:40:05         ens5    224.00    148.00    176.05    105.80      0.00      0.00      0.00      0.00

17:40:05        IFACE   rxpck/s   txpck/s    rxkB/s    txkB/s   rxcmp/s   txcmp/s  rxmcst/s   %ifutil
17:40:06         ens5    227.00    148.00    181.67    104.60      0.00      0.00      0.00      0.00

17:40:06        IFACE   rxpck/s   txpck/s    rxkB/s    txkB/s   rxcmp/s   txcmp/s  rxmcst/s   %ifutil
17:40:07         ens5    221.00    149.00    174.95    105.84      0.00      0.00      0.00      0.00

17:40:07        IFACE   rxpck/s   txpck/s    rxkB/s    txkB/s   rxcmp/s   txcmp/s  rxmcst/s   %ifutil
17:40:08         ens5    231.00    148.00    183.03    104.60      0.00      0.00      0.00      0.00

17:40:08        IFACE   rxpck/s   txpck/s    rxkB/s    txkB/s   rxcmp/s   txcmp/s  rxmcst/s   %ifutil
17:40:09         ens5    220.00    150.00    174.56    105.88      0.00      0.00      0.00      0.00

17:40:09        IFACE   rxpck/s   txpck/s    rxkB/s    txkB/s   rxcmp/s   txcmp/s  rxmcst/s   %ifutil
17:40:10         ens5    229.00    150.00    182.30    104.73      0.00      0.00      0.00      0.00

17:40:10        IFACE   rxpck/s   txpck/s    rxkB/s    txkB/s   rxcmp/s   txcmp/s  rxmcst/s   %ifutil
17:40:11         ens5    224.00    147.00    175.62    103.15      0.00      0.00      0.00      0.00

17:40:11        IFACE   rxpck/s   txpck/s    rxkB/s    txkB/s   rxcmp/s   txcmp/s  rxmcst/s   %ifutil
17:40:12         ens5    221.00    148.00    174.95    105.76      0.00      0.00      0.00      0.00

17:40:12        IFACE   rxpck/s   txpck/s    rxkB/s    txkB/s   rxcmp/s   txcmp/s  rxmcst/s   %ifutil
17:40:13         ens5    233.00    150.00    183.13    104.74      0.00      0.00      0.00      0.00

17:40:13        IFACE   rxpck/s   txpck/s    rxkB/s    txkB/s   rxcmp/s   txcmp/s  rxmcst/s   %ifutil
17:40:14         ens5    222.00    146.00    175.26    103.06      0.00      0.00      0.00      0.00

17:40:14        IFACE   rxpck/s   txpck/s    rxkB/s    txkB/s   rxcmp/s   txcmp/s  rxmcst/s   %ifutil
17:40:15         ens5    229.00    150.00    182.08    107.17      0.00      0.00      0.00      0.00

17:40:15        IFACE   rxpck/s   txpck/s    rxkB/s    txkB/s   rxcmp/s   txcmp/s  rxmcst/s   %ifutil
17:40:16         ens5    219.00    146.00    174.49    103.18      0.00      0.00      0.00      0.00

17:40:16        IFACE   rxpck/s   txpck/s    rxkB/s    txkB/s   rxcmp/s   txcmp/s  rxmcst/s   %ifutil
17:40:17         ens5     93.00     58.00     73.32     42.47      0.00      0.00      0.00      0.00

17:40:17        IFACE   rxpck/s   txpck/s    rxkB/s    txkB/s   rxcmp/s   txcmp/s  rxmcst/s   %ifutil
17:40:18         ens5      0.00      0.00      0.00      0.00      0.00      0.00      0.00      0.00

17:40:18        IFACE   rxpck/s   txpck/s    rxkB/s    txkB/s   rxcmp/s   txcmp/s  rxmcst/s   %ifutil
17:40:19         ens5      0.00      0.00      0.00      0.00      0.00      0.00      0.00      0.00



Average:        IFACE   rxpck/s   txpck/s    rxkB/s    txkB/s   rxcmp/s   txcmp/s  rxmcst/s   %ifutil
Average:         ens5    171.57    114.46    135.58     80.13      0.00      0.00      0.00      0.00
