Linux 7.0.0-1008-aws (ip-172-31-31-224) 	08/07/26 	_x86_64_	(2 CPU)

01:28:41    kbmemfree   kbavail kbmemused  %memused kbbuffers  kbcached  kbcommit   %commit  kbactive   kbinact   kbdirty
01:28:42       694780   1256920    393676     20.18     47724    658344   1458920     74.79    792140    217624        56
01:28:43       622708   1184848    465748     23.87     47724    658344   1530048     78.43    863892    217624        56
01:28:44       502516   1064656    585940     30.04     47724    658344   1600392     82.04    934232    217624        56
01:28:45       454132   1016272    634324     32.52     47724    658344   1688472     86.55   1022048    217624        56
01:28:46       397936    960076    690520     35.40     47724    658344   1759628     90.20   1093056    217624        56
01:28:47       333424    895572    755024     38.70     47732    658344   1822100     93.40   1152704    217632        92
01:28:48       245224    807372    843224     43.22     47732    658344   1914448     98.14   1245408    217632        12
01:28:49       100576    662724    987872     50.64     47732    658344   2051488    105.16   1384088    217632        12
01:28:50       100576    662724    987872     50.64     47732    658344   2051488    105.16   1384164    217632        12
01:28:51       100576    662724    987872     50.64     47732    658344   2051488    105.16   1384164    217632        12
01:28:52       100576    662724    987872     50.64     47732    658344   2051488    105.16   1384164    217632        12
01:28:53       100576    662724    987872     50.64     47732    658344   2051488    105.16   1384164    217632        12
01:28:54       100576    662724    987872     50.64     47732    658344   2051488    105.16   1384164    217632        12
01:28:55       100576    662724    987872     50.64     47732    658344   2051488    105.16   1384164    217632        12
01:28:56       100576    662724    987872     50.64     47732    658344   2051488    105.16   1384164    217632        12
01:28:57       100576    662724    987872     50.64     47732    658344   2051488    105.16   1384164    217632        12
01:28:58       100576    662724    987872     50.64     47732    658344   2051488    105.16   1384164    217632        12
01:28:59       100576    662724    987872     50.64     47732    658344   2051488    105.16   1384164    217632        12
01:29:00       100576    662724    987872     50.64     47732    658344   2051488    105.16   1384164    217632        12
01:29:01       100576    662724    987872     50.64     47732    658344   2051488    105.16   1384248    217632        12
01:29:02       100576    662728    987868     50.64     47732    658348   2051488    105.16   1384284    217636        16
01:29:03       100576    662728    987868     50.64     47732    658348   2051488    105.16   1384284    217636        16
01:29:04       100576    662728    987868     50.64     47732    658348   2051488    105.16   1384284    217636        16
01:29:05       100576    662728    987868     50.64     47732    658348   2051488    105.16   1384284    217636        16
01:29:06       100576    662728    987868     50.64     47732    658348   2051488    105.16   1384284    217636        16
01:29:07       100576    662728    987868     50.64     47732    658348   2051488    105.16   1384284    217636        16
01:29:08       100576    662728    987868     50.64     47732    658348   2051488    105.16   1384284    217636        16
01:29:09       100576    662728    987868     50.64     47732    658348   2051488    105.16   1384284    217636        16
01:29:10       100576    662728    987868     50.64     47732    658348   2051488    105.16   1384284    217636        16
01:29:11       100576    662728    987868     50.64     47732    658348   2051488    105.16   1384284    217636        16
01:29:12       100576    662728    987868     50.64     47732    658348   2051488    105.16   1384284    217636        16
01:29:13       100576    662728    987868     50.64     47732    658348   2051488    105.16   1384292    217636        12
01:29:14       100576    662728    987868     50.64     47732    658348   2051488    105.16   1384292    217636        12
01:29:15       100576    662728    987864     50.64     47732    658352   2051488    105.16   1384292    217636        16
01:29:16       100576    662728    987864     50.64     47732    658352   2051488    105.16   1384292    217636        16
01:29:17       100576    662728    987864     50.64     47736    658348   2051488    105.16   1384376    217636        16
01:29:18       100576    662732    987860     50.64     47736    658352   2051488    105.16   1384344    217640        56
01:29:19       100576    662732    987860     50.64     47736    658352   2051488    105.16   1384344    217640        56
01:29:20       100576    662732    987860     50.64     47736    658352   2051488    105.16   1384344    217640        56
01:29:21       100576    662732    987860     50.64     47736    658352   2051488    105.16   1384344    217640        56
01:29:22       100576    662732    987856     50.64     47736    658356   2051488    105.16   1384344    217640        60
01:29:23       100576    662732    987856     50.64     47736    658356   2051488    105.16   1384344    217640        60
01:29:24       100576    662732    987856     50.64     47736    658356   2051488    105.16   1384344    217640        60
01:29:25       100576    662732    987856     50.64     47736    658356   2051488    105.16   1384344    217640        60
01:29:26       100576    662732    987856     50.64     47736    658356   2051488    105.16   1384344    217640        60
01:29:27       100576    662732    987856     50.64     47736    658356   2051488    105.16   1384344    217640        60
01:29:28       100576    662732    987856     50.64     47736    658356   2051488    105.16   1384344    217640        60

Average:       154761    716911    933683     47.86     47732    658348   1996458    102.34   1329236    217634        30
