Linux 7.0.0-1008-aws (ip-172-31-31-224) 	08/07/26 	_x86_64_	(2 CPU)

01:28:41        IFACE   rxpck/s   txpck/s    rxkB/s    txkB/s   rxcmp/s   txcmp/s  rxmcst/s   %ifutil
01:28:42         ens5     58.00     58.00      4.63      6.81      0.00      0.00      0.00      0.00

01:28:42        IFACE   rxpck/s   txpck/s    rxkB/s    txkB/s   rxcmp/s   txcmp/s  rxmcst/s   %ifutil
01:28:43         ens5     28.00     27.00      2.20      3.29      0.00      0.00      0.00      0.00

01:28:43        IFACE   rxpck/s   txpck/s    rxkB/s    txkB/s   rxcmp/s   txcmp/s  rxmcst/s   %ifutil
01:28:44         ens5      7.00      7.00      0.36      1.49      0.00      0.00      0.00      0.00

01:28:44        IFACE   rxpck/s   txpck/s    rxkB/s    txkB/s   rxcmp/s   txcmp/s  rxmcst/s   %ifutil
01:28:45         ens5      5.00      5.00      0.25      1.04      0.00      0.00      0.00      0.00

01:28:45        IFACE   rxpck/s   txpck/s    rxkB/s    txkB/s   rxcmp/s   txcmp/s  rxmcst/s   %ifutil
01:28:46         ens5      6.00      6.00      0.30      1.33      0.00      0.00      0.00      0.00

01:28:46        IFACE   rxpck/s   txpck/s    rxkB/s    txkB/s   rxcmp/s   txcmp/s  rxmcst/s   %ifutil
01:28:47         ens5      8.00      9.00      0.41      1.88      0.00      0.00      0.00      0.00

01:28:47        IFACE   rxpck/s   txpck/s    rxkB/s    txkB/s   rxcmp/s   txcmp/s  rxmcst/s   %ifutil
01:28:48         ens5      7.00      6.00      0.36      1.30      0.00      0.00      0.00      0.00

01:28:48        IFACE   rxpck/s   txpck/s    rxkB/s    txkB/s   rxcmp/s   txcmp/s  rxmcst/s   %ifutil
01:28:49         ens5      2.00      2.00      0.10      0.45      0.00      0.00      0.00      0.00

01:28:49        IFACE   rxpck/s   txpck/s    rxkB/s    txkB/s   rxcmp/s   txcmp/s  rxmcst/s   %ifutil
01:28:50         ens5      3.00      3.00      0.15      0.61      0.00      0.00      0.00      0.00

01:28:50        IFACE   rxpck/s   txpck/s    rxkB/s    txkB/s   rxcmp/s   txcmp/s  rxmcst/s   %ifutil
01:28:51         ens5      3.00      3.00      0.22      0.65      0.00      0.00      0.00      0.00

01:28:51        IFACE   rxpck/s   txpck/s    rxkB/s    txkB/s   rxcmp/s   txcmp/s  rxmcst/s   %ifutil
01:28:52         ens5     58.00     58.00      4.11     12.71      0.00      0.00      0.00      0.00

01:28:52        IFACE   rxpck/s   txpck/s    rxkB/s    txkB/s   rxcmp/s   txcmp/s  rxmcst/s   %ifutil
01:28:53         ens5     58.00     59.00      4.02     12.80      0.00      0.00      0.00      0.00

01:28:53        IFACE   rxpck/s   txpck/s    rxkB/s    txkB/s   rxcmp/s   txcmp/s  rxmcst/s   %ifutil
01:28:54         ens5     57.00     56.00      3.91     12.28      0.00      0.00      0.00      0.00

01:28:54        IFACE   rxpck/s   txpck/s    rxkB/s    txkB/s   rxcmp/s   txcmp/s  rxmcst/s   %ifutil
01:28:55         ens5     56.00     56.00      3.87     12.30      0.00      0.00      0.00      0.00

01:28:55        IFACE   rxpck/s   txpck/s    rxkB/s    txkB/s   rxcmp/s   txcmp/s  rxmcst/s   %ifutil
01:28:56         ens5     58.00     58.00      4.02     12.77      0.00      0.00      0.00      0.00

01:28:56        IFACE   rxpck/s   txpck/s    rxkB/s    txkB/s   rxcmp/s   txcmp/s  rxmcst/s   %ifutil
01:28:57         ens5     57.00     58.00      3.97     12.77      0.00      0.00      0.00      0.00

01:28:57        IFACE   rxpck/s   txpck/s    rxkB/s    txkB/s   rxcmp/s   txcmp/s  rxmcst/s   %ifutil
01:28:58         ens5     53.00     57.00      3.74     12.37      0.00      0.00      0.00      0.00

01:28:58        IFACE   rxpck/s   txpck/s    rxkB/s    txkB/s   rxcmp/s   txcmp/s  rxmcst/s   %ifutil
01:28:59         ens5     43.00     58.00      3.26     12.77      0.00      0.00      0.00      0.00

01:28:59        IFACE   rxpck/s   txpck/s    rxkB/s    txkB/s   rxcmp/s   txcmp/s  rxmcst/s   %ifutil
01:29:00         ens5     42.00     52.00      3.10     11.45      0.00      0.00      0.00      0.00

01:29:00        IFACE   rxpck/s   txpck/s    rxkB/s    txkB/s   rxcmp/s   txcmp/s  rxmcst/s   %ifutil
01:29:01         ens5     57.00     58.00      3.97     12.77      0.00      0.00      0.00      0.00

01:29:01        IFACE   rxpck/s   txpck/s    rxkB/s    txkB/s   rxcmp/s   txcmp/s  rxmcst/s   %ifutil
01:29:02         ens5     43.00     42.00      2.96      9.25      0.00      0.00      0.00      0.00

01:29:02        IFACE   rxpck/s   txpck/s    rxkB/s    txkB/s   rxcmp/s   txcmp/s  rxmcst/s   %ifutil
01:29:03         ens5     57.00     57.00      3.93     12.40      0.00      0.00      0.00      0.00

01:29:03        IFACE   rxpck/s   txpck/s    rxkB/s    txkB/s   rxcmp/s   txcmp/s  rxmcst/s   %ifutil
01:29:04         ens5     56.00     56.00      3.88     12.33      0.00      0.00      0.00      0.00

01:29:04        IFACE   rxpck/s   txpck/s    rxkB/s    txkB/s   rxcmp/s   txcmp/s  rxmcst/s   %ifutil
01:29:05         ens5     57.00     58.00      3.97     12.77      0.00      0.00      0.00      0.00

01:29:05        IFACE   rxpck/s   txpck/s    rxkB/s    txkB/s   rxcmp/s   txcmp/s  rxmcst/s   %ifutil
01:29:06         ens5     57.00     56.00      3.93     12.33      0.00      0.00      0.00      0.00

01:29:06        IFACE   rxpck/s   txpck/s    rxkB/s    txkB/s   rxcmp/s   txcmp/s  rxmcst/s   %ifutil
01:29:07         ens5     56.00     56.00      3.88     12.33      0.00      0.00      0.00      0.00

01:29:07        IFACE   rxpck/s   txpck/s    rxkB/s    txkB/s   rxcmp/s   txcmp/s  rxmcst/s   %ifutil
01:29:08         ens5     58.00     58.00      4.02     12.77      0.00      0.00      0.00      0.00

01:29:08        IFACE   rxpck/s   txpck/s    rxkB/s    txkB/s   rxcmp/s   txcmp/s  rxmcst/s   %ifutil
01:29:09         ens5     59.00     59.00      4.10     12.86      0.00      0.00      0.00      0.00

01:29:09        IFACE   rxpck/s   txpck/s    rxkB/s    txkB/s   rxcmp/s   txcmp/s  rxmcst/s   %ifutil
01:29:10         ens5     57.00     58.00      3.97     12.77      0.00      0.00      0.00      0.00

01:29:10        IFACE   rxpck/s   txpck/s    rxkB/s    txkB/s   rxcmp/s   txcmp/s  rxmcst/s   %ifutil
01:29:11         ens5     57.00     56.00      3.93     12.33      0.00      0.00      0.00      0.00

01:29:11        IFACE   rxpck/s   txpck/s    rxkB/s    txkB/s   rxcmp/s   txcmp/s  rxmcst/s   %ifutil
01:29:12         ens5     46.00     56.00      3.41     12.33      0.00      0.00      0.00      0.00

01:29:12        IFACE   rxpck/s   txpck/s    rxkB/s    txkB/s   rxcmp/s   txcmp/s  rxmcst/s   %ifutil
01:29:13         ens5     44.00     58.00      3.31     12.77      0.00      0.00      0.00      0.00

01:29:13        IFACE   rxpck/s   txpck/s    rxkB/s    txkB/s   rxcmp/s   txcmp/s  rxmcst/s   %ifutil
01:29:14         ens5     43.00     58.00      3.26     12.77      0.00      0.00      0.00      0.00

01:29:14        IFACE   rxpck/s   txpck/s    rxkB/s    txkB/s   rxcmp/s   txcmp/s  rxmcst/s   %ifutil
01:29:15         ens5     42.00     56.00      3.17     12.33      0.00      0.00      0.00      0.00

01:29:15        IFACE   rxpck/s   txpck/s    rxkB/s    txkB/s   rxcmp/s   txcmp/s  rxmcst/s   %ifutil
01:29:16         ens5     44.00     58.00      3.31     12.77      0.00      0.00      0.00      0.00

01:29:16        IFACE   rxpck/s   txpck/s    rxkB/s    txkB/s   rxcmp/s   txcmp/s  rxmcst/s   %ifutil
01:29:17         ens5     43.00     58.00      3.26     12.77      0.00      0.00      0.00      0.00

01:29:17        IFACE   rxpck/s   txpck/s    rxkB/s    txkB/s   rxcmp/s   txcmp/s  rxmcst/s   %ifutil
01:29:18         ens5     42.00     56.00      3.17     12.33      0.00      0.00      0.00      0.00

01:29:18        IFACE   rxpck/s   txpck/s    rxkB/s    txkB/s   rxcmp/s   txcmp/s  rxmcst/s   %ifutil
01:29:19         ens5     44.00     58.00      3.31     12.77      0.00      0.00      0.00      0.00

01:29:19        IFACE   rxpck/s   txpck/s    rxkB/s    txkB/s   rxcmp/s   txcmp/s  rxmcst/s   %ifutil
01:29:20         ens5     43.00     58.00      3.26     12.77      0.00      0.00      0.00      0.00

01:29:20        IFACE   rxpck/s   txpck/s    rxkB/s    txkB/s   rxcmp/s   txcmp/s  rxmcst/s   %ifutil
01:29:21         ens5     42.00     56.00      3.17     12.33      0.00      0.00      0.00      0.00

01:29:21        IFACE   rxpck/s   txpck/s    rxkB/s    txkB/s   rxcmp/s   txcmp/s  rxmcst/s   %ifutil
01:29:22         ens5     43.00     58.00      3.26     12.77      0.00      0.00      0.00      0.00

01:29:22        IFACE   rxpck/s   txpck/s    rxkB/s    txkB/s   rxcmp/s   txcmp/s  rxmcst/s   %ifutil
01:29:23         ens5     43.00     56.00      3.22     12.33      0.00      0.00      0.00      0.00

01:29:23        IFACE   rxpck/s   txpck/s    rxkB/s    txkB/s   rxcmp/s   txcmp/s  rxmcst/s   %ifutil
01:29:24         ens5     43.00     58.00      3.26     12.77      0.00      0.00      0.00      0.00

01:29:24        IFACE   rxpck/s   txpck/s    rxkB/s    txkB/s   rxcmp/s   txcmp/s  rxmcst/s   %ifutil
01:29:25         ens5     45.00     58.00      3.40     12.77      0.00      0.00      0.00      0.00

01:29:25        IFACE   rxpck/s   txpck/s    rxkB/s    txkB/s   rxcmp/s   txcmp/s  rxmcst/s   %ifutil
01:29:26         ens5     44.00     59.00      3.33     12.86      0.00      0.00      0.00      0.00

01:29:26        IFACE   rxpck/s   txpck/s    rxkB/s    txkB/s   rxcmp/s   txcmp/s  rxmcst/s   %ifutil
01:29:27         ens5     14.00     18.00      1.04      3.96      0.00      0.00      0.00      0.00

01:29:27        IFACE   rxpck/s   txpck/s    rxkB/s    txkB/s   rxcmp/s   txcmp/s  rxmcst/s   %ifutil
01:29:28         ens5      0.00      0.00      0.00      0.00      0.00      0.00      0.00      0.00


Average:        IFACE   rxpck/s   txpck/s    rxkB/s    txkB/s   rxcmp/s   txcmp/s  rxmcst/s   %ifutil
Average:         ens5     40.17     45.34      2.89      9.78      0.00      0.00      0.00      0.00
