Linux 7.0.0-1010-aws (ip-172-31-20-134) 	08/11/26 	_x86_64_	(2 CPU)

17:27:53        IFACE   rxpck/s   txpck/s    rxkB/s    txkB/s   rxcmp/s   txcmp/s  rxmcst/s   %ifutil
17:27:54         ens5     49.00     46.00      4.11      5.11      0.00      0.00      0.00      0.00

17:27:54        IFACE   rxpck/s   txpck/s    rxkB/s    txkB/s   rxcmp/s   txcmp/s  rxmcst/s   %ifutil
17:27:55         ens5     42.00     32.00      3.63      3.56      0.00      0.00      0.00      0.00

17:27:55        IFACE   rxpck/s   txpck/s    rxkB/s    txkB/s   rxcmp/s   txcmp/s  rxmcst/s   %ifutil
17:27:56         ens5      0.00      0.00      0.00      0.00      0.00      0.00      0.00      0.00

17:27:56        IFACE   rxpck/s   txpck/s    rxkB/s    txkB/s   rxcmp/s   txcmp/s  rxmcst/s   %ifutil
17:27:57         ens5      1.00      1.00      0.03      0.04      0.00      0.00      0.00      0.00

17:27:57        IFACE   rxpck/s   txpck/s    rxkB/s    txkB/s   rxcmp/s   txcmp/s  rxmcst/s   %ifutil
17:27:58         ens5      0.00      0.00      0.00      0.00      0.00      0.00      0.00      0.00

17:27:58        IFACE   rxpck/s   txpck/s    rxkB/s    txkB/s   rxcmp/s   txcmp/s  rxmcst/s   %ifutil
17:27:59         ens5      0.00      0.00      0.00      0.00      0.00      0.00      0.00      0.00

17:27:59        IFACE   rxpck/s   txpck/s    rxkB/s    txkB/s   rxcmp/s   txcmp/s  rxmcst/s   %ifutil
17:28:00         ens5      0.00      0.00      0.00      0.00      0.00      0.00      0.00      0.00

17:28:00        IFACE   rxpck/s   txpck/s    rxkB/s    txkB/s   rxcmp/s   txcmp/s  rxmcst/s   %ifutil
17:28:01         ens5      0.00      0.00      0.00      0.00      0.00      0.00      0.00      0.00

17:28:01        IFACE   rxpck/s   txpck/s    rxkB/s    txkB/s   rxcmp/s   txcmp/s  rxmcst/s   %ifutil
17:28:02         ens5      0.00      0.00      0.00      0.00      0.00      0.00      0.00      0.00

17:28:02        IFACE   rxpck/s   txpck/s    rxkB/s    txkB/s   rxcmp/s   txcmp/s  rxmcst/s   %ifutil
17:28:03         ens5      0.00      0.00      0.00      0.00      0.00      0.00      0.00      0.00

17:28:03        IFACE   rxpck/s   txpck/s    rxkB/s    txkB/s   rxcmp/s   txcmp/s  rxmcst/s   %ifutil
17:28:04         ens5     35.00     40.00     20.19      8.85      0.00      0.00      0.00      0.00

17:28:04        IFACE   rxpck/s   txpck/s    rxkB/s    txkB/s   rxcmp/s   txcmp/s  rxmcst/s   %ifutil
17:28:05         ens5     31.00     28.00     21.01      4.98      0.00      0.00      0.00      0.00

17:28:05        IFACE   rxpck/s   txpck/s    rxkB/s    txkB/s   rxcmp/s   txcmp/s  rxmcst/s   %ifutil
17:28:06         ens5      0.00      0.00      0.00      0.00      0.00      0.00      0.00      0.00

17:28:06        IFACE   rxpck/s   txpck/s    rxkB/s    txkB/s   rxcmp/s   txcmp/s  rxmcst/s   %ifutil
17:28:07         ens5      0.00      0.00      0.00      0.00      0.00      0.00      0.00      0.00

17:28:07        IFACE   rxpck/s   txpck/s    rxkB/s    txkB/s   rxcmp/s   txcmp/s  rxmcst/s   %ifutil
17:28:08         ens5     42.00     44.00     22.15      8.59      0.00      0.00      0.00      0.00

17:28:08        IFACE   rxpck/s   txpck/s    rxkB/s    txkB/s   rxcmp/s   txcmp/s  rxmcst/s   %ifutil
17:28:09         ens5    584.00    594.00    303.55    120.33      0.00      0.00      0.00      0.00

17:28:09        IFACE   rxpck/s   txpck/s    rxkB/s    txkB/s   rxcmp/s   txcmp/s  rxmcst/s   %ifutil
17:28:10         ens5   1439.00   1407.00    720.65    281.28      0.00      0.00      0.00      0.00

17:28:10        IFACE   rxpck/s   txpck/s    rxkB/s    txkB/s   rxcmp/s   txcmp/s  rxmcst/s   %ifutil
17:28:11         ens5    539.00    571.00    305.38    106.13      0.00      0.00      0.00      0.00

17:28:11        IFACE   rxpck/s   txpck/s    rxkB/s    txkB/s   rxcmp/s   txcmp/s  rxmcst/s   %ifutil
17:28:12         ens5      0.00      0.00      0.00      0.00      0.00      0.00      0.00      0.00

17:28:12        IFACE   rxpck/s   txpck/s    rxkB/s    txkB/s   rxcmp/s   txcmp/s  rxmcst/s   %ifutil
17:28:13         ens5      0.00      0.00      0.00      0.00      0.00      0.00      0.00      0.00

17:28:13        IFACE   rxpck/s   txpck/s    rxkB/s    txkB/s   rxcmp/s   txcmp/s  rxmcst/s   %ifutil
17:28:14         ens5      0.00      0.00      0.00      0.00      0.00      0.00      0.00      0.00

17:28:14        IFACE   rxpck/s   txpck/s    rxkB/s    txkB/s   rxcmp/s   txcmp/s  rxmcst/s   %ifutil
17:28:15         ens5      0.00      0.00      0.00      0.00      0.00      0.00      0.00      0.00

17:28:15        IFACE   rxpck/s   txpck/s    rxkB/s    txkB/s   rxcmp/s   txcmp/s  rxmcst/s   %ifutil
17:28:16         ens5      0.00      0.00      0.00      0.00      0.00      0.00      0.00      0.00


Average:        IFACE   rxpck/s   txpck/s    rxkB/s    txkB/s   rxcmp/s   txcmp/s  rxmcst/s   %ifutil
Average:         ens5    120.09    120.13     60.90     23.43      0.00      0.00      0.00      0.00
