Linux 7.0.0-1010-aws (ip-172-31-20-134) 	08/11/26 	_x86_64_	(2 CPU)

16:59:35        CPU     %user     %nice   %system   %iowait    %steal     %idle
16:59:36        all      2.49      0.00      1.99      0.00      0.00     95.52
16:59:37        all      0.50      0.00      0.50      0.50      0.00     98.49
16:59:38        all      0.50      0.00      0.50      0.00      0.00     98.99
16:59:39        all      0.00      0.00      0.00      0.00      0.00    100.00
16:59:40        all      1.00      0.00      0.00      0.00      0.00     99.00
16:59:41        all      0.00      0.00      0.00      0.00      0.00    100.00
16:59:42        all      0.50      0.00      1.00      0.00      0.50     98.01
16:59:43        all      0.00      0.00      0.00      0.00      0.00    100.00
16:59:44        all      5.56      0.00      1.01      0.00      0.00     93.43
16:59:45        all      0.50      0.00      0.00      0.00      0.00     99.50
16:59:46        all     11.11      0.00      2.02      0.00      0.00     86.87
16:59:47        all     60.20      0.00      7.14      0.00      0.00     32.65
16:59:48        all     61.93      0.00      7.11      0.00      0.00     30.96
16:59:49        all      4.52      0.00      0.50      0.00      0.00     94.97
16:59:50        all      0.00      0.00      0.00      0.00      0.50     99.50
16:59:51        all      1.00      0.00      0.50      0.00      0.00     98.51
16:59:52        all      0.00      0.00      0.00      0.00      0.00    100.00
16:59:53        all      0.00      0.00      0.00      0.00      0.00    100.00
16:59:54        all      0.00      0.00      0.50      0.00      0.00     99.50
16:59:55        all      1.00      0.00      0.00      0.50      0.00     98.50
16:59:56        all      0.50      0.00      0.50      0.00      0.00     99.00
16:59:57        all      0.00      0.00      0.00      0.00      0.00    100.00
16:59:58        all      0.00      0.00      0.00      0.00      0.00    100.00

Average:        all      6.51      0.00      1.00      0.04      0.04     92.40
