Linux 7.0.0-1010-aws (ip-172-31-20-134) 	08/11/26 	_x86_64_	(2 CPU)

16:59:35    kbmemfree   kbavail kbmemused  %memused kbbuffers  kbcached  kbcommit   %commit  kbactive   kbinact   kbdirty
16:59:36       145668   1333080    361368     18.52     30684   1268636   1469864     75.34    994696    574244       644
16:59:37       144720   1332132    362316     18.57     30684   1268636   1469864     75.34    994780    574244       464
16:59:38       144672   1332088    362364     18.57     30684   1268636   1469864     75.34    994744    574248       480
16:59:39       144672   1332088    362364     18.57     30684   1268636   1469864     75.34    994744    574248       480
16:59:40       144672   1332088    362364     18.57     30684   1268636   1469864     75.34    994744    574248       480
16:59:41       144672   1332088    362364     18.57     30684   1268636   1469864     75.34    994744    574248       480
16:59:42       144672   1332092    362360     18.57     30684   1268640   1471192     75.41    996064    574252       484
16:59:43       144672   1332092    362328     18.57     30684   1268672   1471192     75.41    996140    574252       516
16:59:44       144672   1332124    362320     18.57     30684   1268680   1471192     75.41    995956    574284       524
16:59:45       144672   1332124    362320     18.57     30684   1268680   1471192     75.41    996028    574284       524
16:59:46       143664   1331116    363244     18.62     30684   1268764   1501300     76.95   1000480    574284       608
16:59:47       140892   1328984    365376     18.73     30684   1269396   1602608     82.15   1005992    574920      1240
16:59:48       138384   1327124    367204     18.82     30684   1270028   1697504     87.01   1008688    575552      1872
16:59:49       138132   1327020    367396     18.83     30684   1270088   1697572     87.01   1008832    575700      1932
16:59:50       138132   1327052    367348     18.83     30684   1270132   1697572     87.01   1008880    575732      1976
16:59:51       138132   1327052    367348     18.83     30684   1270132   1697572     87.01   1008880    575732      1976
16:59:52       138132   1327052    367344     18.83     30684   1270136   1697572     87.01   1008880    575732      1980
16:59:53       138132   1327052    367344     18.83     30684   1270136   1697572     87.01   1008880    575732      1980
16:59:54       138132   1327052    367344     18.83     30684   1270136   1697572     87.01   1008880    575732      1980
16:59:55       138132   1327068    367308     18.83     30708   1270140   1697572     87.01   1008880    575744      1868
16:59:56       138132   1327068    367308     18.83     30708   1270140   1697572     87.01   1008880    575744      1868
16:59:57       138132   1327100    367304     18.83     30708   1270144   1697572     87.01   1008912    575776      1824
16:59:58       138132   1327100    367304     18.83     30708   1270144   1697572     87.01   1008912    575776      1824

Average:       141392   1329558    364854     18.70     30688   1269391   1586134     81.30   1002462    574987      1218
