Linux 7.0.0-1010-aws (ip-172-31-31-224) 	08/11/26 	_x86_64_	(2 CPU)

09:03:34        CPU     %user     %nice   %system   %iowait    %steal     %idle
09:03:35        all     50.00      0.00      5.56      0.00      1.01     43.43
09:03:36        all     50.50      0.00      3.50      0.00      1.00     45.00
09:03:37        all     47.50      0.00      3.50      0.00      2.50     46.50
09:03:38        all     48.48      0.00      4.04      0.00      0.51     46.97
09:03:39        all     49.50      0.00      3.00      0.00      1.00     46.50
09:03:40        all     49.50      0.00      4.00      0.00      1.00     45.50
09:03:41        all     49.75      0.00      4.02      0.00      1.01     45.23
09:03:42        all     46.27      0.00      3.98      0.00      1.00     48.76
09:03:43        all      9.05      0.00      0.50      0.00      0.00     90.45
09:03:44        all      5.56      0.00      1.01      0.00      0.00     93.43
09:03:45        all      0.00      0.00      1.00      0.00      0.50     98.51
09:03:46        all      0.50      0.00      0.00      0.00      0.00     99.50
09:03:47        all      0.51      0.00      0.00      0.51      0.00     98.99
09:03:48        all      0.50      0.00      0.00      0.00      0.00     99.50
09:03:49        all      0.00      0.00      0.00      0.00      0.00    100.00
09:03:50        all      0.50      0.00      0.50      0.00      0.50     98.51
09:03:51        all      0.00      0.00      0.00      0.00      0.00    100.00
09:03:52        all      0.50      0.00      0.00      0.00      0.00     99.50
09:03:53        all      0.00      0.00      0.00      0.00      0.00    100.00
09:03:54        all      2.50      0.00      2.00      0.00      0.50     95.00
09:03:55        all      4.55      0.00      2.53      0.00      1.01     91.92
09:03:56        all      3.08      0.00      1.03      0.00      1.03     94.87
09:03:57        all      0.50      0.00      0.50      0.00      0.50     98.51
09:03:58        all      0.00      0.00      0.50      0.00      0.00     99.50
09:03:59        all      5.05      0.00      0.51      0.00      0.51     93.94
09:04:00        all      0.99      0.00      0.50      0.00      1.98     96.53
09:04:01        all      0.00      0.00      0.00      0.00      2.48     97.52
09:04:02        all      0.00      0.00      0.00      0.00     11.82     88.18
09:04:03        all      0.47      0.00      0.47      0.00      6.57     92.49


Average:        all     14.60      0.00      1.46      0.02      1.31     82.61
