Linux 7.0.0-1010-aws (ip-172-31-31-224) 	08/11/26 	_x86_64_	(2 CPU)

09:03:34        IFACE   rxpck/s   txpck/s    rxkB/s    txkB/s   rxcmp/s   txcmp/s  rxmcst/s   %ifutil
09:03:35         ens5     48.00     45.00      4.12      5.97      0.00      0.00      0.00      0.00

09:03:35        IFACE   rxpck/s   txpck/s    rxkB/s    txkB/s   rxcmp/s   txcmp/s  rxmcst/s   %ifutil
09:03:36         ens5     28.00     24.00      2.21      3.13      0.00      0.00      0.00      0.00

09:03:36        IFACE   rxpck/s   txpck/s    rxkB/s    txkB/s   rxcmp/s   txcmp/s  rxmcst/s   %ifutil
09:03:37         ens5      6.00      7.00      0.30      1.49      0.00      0.00      0.00      0.00

09:03:37        IFACE   rxpck/s   txpck/s    rxkB/s    txkB/s   rxcmp/s   txcmp/s  rxmcst/s   %ifutil
09:03:38         ens5      7.00      7.00      0.36      1.47      0.00      0.00      0.00      0.00

09:03:38        IFACE   rxpck/s   txpck/s    rxkB/s    txkB/s   rxcmp/s   txcmp/s  rxmcst/s   %ifutil
09:03:39         ens5      7.00      6.00      0.36      1.32      0.00      0.00      0.00      0.00

09:03:39        IFACE   rxpck/s   txpck/s    rxkB/s    txkB/s   rxcmp/s   txcmp/s  rxmcst/s   %ifutil
09:03:40         ens5      9.00     10.00      0.46      2.09      0.00      0.00      0.00      0.00

09:03:40        IFACE   rxpck/s   txpck/s    rxkB/s    txkB/s   rxcmp/s   txcmp/s  rxmcst/s   %ifutil
09:03:41         ens5      6.00      5.00      0.30      1.09      0.00      0.00      0.00      0.00

09:03:41        IFACE   rxpck/s   txpck/s    rxkB/s    txkB/s   rxcmp/s   txcmp/s  rxmcst/s   %ifutil
09:03:42         ens5      3.00      3.00      0.15      0.66      0.00      0.00      0.00      0.00

09:03:42        IFACE   rxpck/s   txpck/s    rxkB/s    txkB/s   rxcmp/s   txcmp/s  rxmcst/s   %ifutil
09:03:43         ens5      3.00      3.00      0.15      0.61      0.00      0.00      0.00      0.00

09:03:43        IFACE   rxpck/s   txpck/s    rxkB/s    txkB/s   rxcmp/s   txcmp/s  rxmcst/s   %ifutil
09:03:44         ens5      1.00      1.00      0.07      0.09      0.00      0.00      0.00      0.00

09:03:44        IFACE   rxpck/s   txpck/s    rxkB/s    txkB/s   rxcmp/s   txcmp/s  rxmcst/s   %ifutil
09:03:45         ens5      0.00      0.00      0.00      0.00      0.00      0.00      0.00      0.00

09:03:45        IFACE   rxpck/s   txpck/s    rxkB/s    txkB/s   rxcmp/s   txcmp/s  rxmcst/s   %ifutil
09:03:46         ens5      0.00      0.00      0.00      0.00      0.00      0.00      0.00      0.00

09:03:46        IFACE   rxpck/s   txpck/s    rxkB/s    txkB/s   rxcmp/s   txcmp/s  rxmcst/s   %ifutil
09:03:47         ens5      0.00      0.00      0.00      0.00      0.00      0.00      0.00      0.00

09:03:47        IFACE   rxpck/s   txpck/s    rxkB/s    txkB/s   rxcmp/s   txcmp/s  rxmcst/s   %ifutil
09:03:48         ens5      0.00      0.00      0.00      0.00      0.00      0.00      0.00      0.00

09:03:48        IFACE   rxpck/s   txpck/s    rxkB/s    txkB/s   rxcmp/s   txcmp/s  rxmcst/s   %ifutil
09:03:49         ens5      1.00      1.00      0.21      0.22      0.00      0.00      0.00      0.00

09:03:49        IFACE   rxpck/s   txpck/s    rxkB/s    txkB/s   rxcmp/s   txcmp/s  rxmcst/s   %ifutil
09:03:50         ens5     26.00     22.00      4.51     11.75      0.00      0.00      0.00      0.00

09:03:50        IFACE   rxpck/s   txpck/s    rxkB/s    txkB/s   rxcmp/s   txcmp/s  rxmcst/s   %ifutil
09:03:51         ens5      0.00      0.00      0.00      0.00      0.00      0.00      0.00      0.00

09:03:51        IFACE   rxpck/s   txpck/s    rxkB/s    txkB/s   rxcmp/s   txcmp/s  rxmcst/s   %ifutil
09:03:52         ens5      1.00      1.00      0.03      0.04      0.00      0.00      0.00      0.00

09:03:52        IFACE   rxpck/s   txpck/s    rxkB/s    txkB/s   rxcmp/s   txcmp/s  rxmcst/s   %ifutil
09:03:53         ens5      0.00      0.00      0.00      0.00      0.00      0.00      0.00      0.00

09:03:53        IFACE   rxpck/s   txpck/s    rxkB/s    txkB/s   rxcmp/s   txcmp/s  rxmcst/s   %ifutil
09:03:54         ens5    446.00    352.00     88.16    142.58      0.00      0.00      0.00      0.00

09:03:54        IFACE   rxpck/s   txpck/s    rxkB/s    txkB/s   rxcmp/s   txcmp/s  rxmcst/s   %ifutil
09:03:55         ens5   1142.00    899.00    213.37    359.04      0.00      0.00      0.00      0.00

09:03:55        IFACE   rxpck/s   txpck/s    rxkB/s    txkB/s   rxcmp/s   txcmp/s  rxmcst/s   %ifutil
09:03:56         ens5    807.00    598.00    144.41    238.38      0.00      0.00      0.00      0.00

09:03:56        IFACE   rxpck/s   txpck/s    rxkB/s    txkB/s   rxcmp/s   txcmp/s  rxmcst/s   %ifutil
09:03:57         ens5     19.00     12.00      2.76      4.12      0.00      0.00      0.00      0.00

09:03:57        IFACE   rxpck/s   txpck/s    rxkB/s    txkB/s   rxcmp/s   txcmp/s  rxmcst/s   %ifutil
09:03:58         ens5      0.00      0.00      0.00      0.00      0.00      0.00      0.00      0.00

09:03:58        IFACE   rxpck/s   txpck/s    rxkB/s    txkB/s   rxcmp/s   txcmp/s  rxmcst/s   %ifutil
09:03:59         ens5      0.00      0.00      0.00      0.00      0.00      0.00      0.00      0.00

09:03:59        IFACE   rxpck/s   txpck/s    rxkB/s    txkB/s   rxcmp/s   txcmp/s  rxmcst/s   %ifutil
09:04:00         ens5      1.00      1.00      0.07      0.09      0.00      0.00      0.00      0.00

09:04:00        IFACE   rxpck/s   txpck/s    rxkB/s    txkB/s   rxcmp/s   txcmp/s  rxmcst/s   %ifutil
09:04:01         ens5      0.00      0.00      0.00      0.00      0.00      0.00      0.00      0.00

09:04:01        IFACE   rxpck/s   txpck/s    rxkB/s    txkB/s   rxcmp/s   txcmp/s  rxmcst/s   %ifutil
09:04:02         ens5      0.00      0.00      0.00      0.00      0.00      0.00      0.00      0.00

09:04:02        IFACE   rxpck/s   txpck/s    rxkB/s    txkB/s   rxcmp/s   txcmp/s  rxmcst/s   %ifutil
09:04:03         ens5      0.00      0.00      0.00      0.00      0.00      0.00      0.00      0.00



Average:        IFACE   rxpck/s   txpck/s    rxkB/s    txkB/s   rxcmp/s   txcmp/s  rxmcst/s   %ifutil
Average:         ens5     88.31     68.86     15.93     26.69      0.00      0.00      0.00      0.00
