Linux 7.0.0-1010-aws (ip-172-31-20-134) 	08/11/26 	_x86_64_	(2 CPU)

19:12:43        CPU     %user     %nice   %system   %iowait    %steal     %idle
19:12:44        all      6.57      0.00      2.02      0.00      0.00     91.41
19:12:45        all      0.00      0.00      0.50      0.00      0.50     99.00
19:12:46        all      0.50      0.00      1.00      0.00      0.00     98.50
19:12:47        all      0.00      0.00      0.00      0.00      0.00    100.00
19:12:48        all      0.50      0.00      0.00      0.00      0.00     99.50
19:12:49        all      0.50      0.00      0.00      0.00      0.00     99.50
19:12:50        all      0.00      0.00      0.00      0.00      0.00    100.00
19:12:51        all      1.00      0.00      0.00      0.00      0.00     99.00
19:12:52        all      0.00      0.00      0.50      0.00      0.00     99.50
19:12:53        all      0.00      0.00      0.50      0.00      0.00     99.50
19:12:54        all      0.00      0.00      0.00      0.00      0.00    100.00
19:12:55        all      1.01      0.00      0.00      0.50      0.00     98.49
19:12:56        all      5.56      0.00      1.01      0.00      0.00     93.43
19:12:57        all     10.26      0.00      3.59      0.00      0.00     86.15
19:12:58        all      5.56      0.00      1.52      0.00      0.00     92.93
19:12:59        all      5.05      0.00      1.01      0.00      0.00     93.94
19:13:00        all      0.50      0.00      0.50      0.00      0.99     98.02
19:13:01        all      0.50      0.00      0.00      0.00      1.50     98.00
19:13:02        all      0.48      0.00      0.48      0.00      4.33     94.71
19:13:03        all      0.00      0.00      0.00      0.00      0.00    100.00
19:13:04        all      0.00      0.00      0.00      0.00      0.00    100.00
19:13:05        all      0.00      0.00      0.00      0.00      0.50     99.50
19:13:06        all      0.50      0.00      0.00      0.00      0.00     99.50


Average:        all      1.66      0.00      0.55      0.02      0.35     97.43
