Linux 7.0.0-1010-aws (ip-172-31-20-134) 	08/11/26 	_x86_64_	(2 CPU)

19:12:43        IFACE   rxpck/s   txpck/s    rxkB/s    txkB/s   rxcmp/s   txcmp/s  rxmcst/s   %ifutil
19:12:44         ens5     47.00     38.00      4.25      4.62      0.00      0.00      0.00      0.00

19:12:44        IFACE   rxpck/s   txpck/s    rxkB/s    txkB/s   rxcmp/s   txcmp/s  rxmcst/s   %ifutil
19:12:45         ens5     37.00     30.00      3.07      3.13      0.00      0.00      0.00      0.00

19:12:45        IFACE   rxpck/s   txpck/s    rxkB/s    txkB/s   rxcmp/s   txcmp/s  rxmcst/s   %ifutil
19:12:46         ens5      0.00      0.00      0.00      0.00      0.00      0.00      0.00      0.00

19:12:46        IFACE   rxpck/s   txpck/s    rxkB/s    txkB/s   rxcmp/s   txcmp/s  rxmcst/s   %ifutil
19:12:47         ens5      1.00      1.00      0.07      0.09      0.00      0.00      0.00      0.00

19:12:47        IFACE   rxpck/s   txpck/s    rxkB/s    txkB/s   rxcmp/s   txcmp/s  rxmcst/s   %ifutil
19:12:48         ens5      0.00      0.00      0.00      0.00      0.00      0.00      0.00      0.00

19:12:48        IFACE   rxpck/s   txpck/s    rxkB/s    txkB/s   rxcmp/s   txcmp/s  rxmcst/s   %ifutil
19:12:49         ens5      0.00      0.00      0.00      0.00      0.00      0.00      0.00      0.00

19:12:49        IFACE   rxpck/s   txpck/s    rxkB/s    txkB/s   rxcmp/s   txcmp/s  rxmcst/s   %ifutil
19:12:50         ens5      0.00      0.00      0.00      0.00      0.00      0.00      0.00      0.00

19:12:50        IFACE   rxpck/s   txpck/s    rxkB/s    txkB/s   rxcmp/s   txcmp/s  rxmcst/s   %ifutil
19:12:51         ens5     13.00     19.00      7.92     12.58      0.00      0.00      0.00      0.00

19:12:51        IFACE   rxpck/s   txpck/s    rxkB/s    txkB/s   rxcmp/s   txcmp/s  rxmcst/s   %ifutil
19:12:52         ens5      0.00      0.00      0.00      0.00      0.00      0.00      0.00      0.00

19:12:52        IFACE   rxpck/s   txpck/s    rxkB/s    txkB/s   rxcmp/s   txcmp/s  rxmcst/s   %ifutil
19:12:53         ens5      0.00      0.00      0.00      0.00      0.00      0.00      0.00      0.00

19:12:53        IFACE   rxpck/s   txpck/s    rxkB/s    txkB/s   rxcmp/s   txcmp/s  rxmcst/s   %ifutil
19:12:54         ens5      0.00      0.00      0.00      0.00      0.00      0.00      0.00      0.00

19:12:54        IFACE   rxpck/s   txpck/s    rxkB/s    txkB/s   rxcmp/s   txcmp/s  rxmcst/s   %ifutil
19:12:55         ens5      0.00      0.00      0.00      0.00      0.00      0.00      0.00      0.00

19:12:55        IFACE   rxpck/s   txpck/s    rxkB/s    txkB/s   rxcmp/s   txcmp/s  rxmcst/s   %ifutil
19:12:56         ens5    193.00    242.00     78.07    165.50      0.00      0.00      0.00      0.00

19:12:56        IFACE   rxpck/s   txpck/s    rxkB/s    txkB/s   rxcmp/s   txcmp/s  rxmcst/s   %ifutil
19:12:57         ens5    511.00    643.00    205.78    434.37      0.00      0.00      0.00      0.00

19:12:57        IFACE   rxpck/s   txpck/s    rxkB/s    txkB/s   rxcmp/s   txcmp/s  rxmcst/s   %ifutil
19:12:58         ens5    227.00    280.00     92.44    192.12      0.00      0.00      0.00      0.00

19:12:58        IFACE   rxpck/s   txpck/s    rxkB/s    txkB/s   rxcmp/s   txcmp/s  rxmcst/s   %ifutil
19:12:59         ens5      0.00      0.00      0.00      0.00      0.00      0.00      0.00      0.00

19:12:59        IFACE   rxpck/s   txpck/s    rxkB/s    txkB/s   rxcmp/s   txcmp/s  rxmcst/s   %ifutil
19:13:00         ens5      0.00      0.00      0.00      0.00      0.00      0.00      0.00      0.00

19:13:00        IFACE   rxpck/s   txpck/s    rxkB/s    txkB/s   rxcmp/s   txcmp/s  rxmcst/s   %ifutil
19:13:01         ens5      0.00      0.00      0.00      0.00      0.00      0.00      0.00      0.00

19:13:01        IFACE   rxpck/s   txpck/s    rxkB/s    txkB/s   rxcmp/s   txcmp/s  rxmcst/s   %ifutil
19:13:02         ens5      0.00      1.00      0.00      0.22      0.00      0.00      0.00      0.00

19:13:02        IFACE   rxpck/s   txpck/s    rxkB/s    txkB/s   rxcmp/s   txcmp/s  rxmcst/s   %ifutil
19:13:03         ens5      2.00      1.00      0.29      0.09      0.00      0.00      0.00      0.00

19:13:03        IFACE   rxpck/s   txpck/s    rxkB/s    txkB/s   rxcmp/s   txcmp/s  rxmcst/s   %ifutil
19:13:04         ens5      0.00      0.00      0.00      0.00      0.00      0.00      0.00      0.00

19:13:04        IFACE   rxpck/s   txpck/s    rxkB/s    txkB/s   rxcmp/s   txcmp/s  rxmcst/s   %ifutil
19:13:05         ens5      0.00      0.00      0.00      0.00      0.00      0.00      0.00      0.00

19:13:05        IFACE   rxpck/s   txpck/s    rxkB/s    txkB/s   rxcmp/s   txcmp/s  rxmcst/s   %ifutil
19:13:06         ens5      0.00      0.00      0.00      0.00      0.00      0.00      0.00      0.00



Average:        IFACE   rxpck/s   txpck/s    rxkB/s    txkB/s   rxcmp/s   txcmp/s  rxmcst/s   %ifutil
Average:         ens5     44.83     54.57     17.04     35.34      0.00      0.00      0.00      0.00
