Linux 7.0.0-1008-aws (ip-172-31-20-134) 	08/07/26 	_x86_64_	(2 CPU)

16:10:40        CPU     %user     %nice   %system   %iowait    %steal     %idle
16:10:41        all      4.06      0.00      1.02      0.00      0.00     94.92
16:10:42        all      0.00      0.00      0.00      0.00      0.00    100.00
16:10:43        all      3.52      0.00      0.50      0.00      0.00     95.98
16:10:44        all      2.50      0.00      1.00      0.00      0.00     96.50
16:10:45        all      0.00      0.00      0.00      0.00      0.00    100.00
16:10:46        all      0.50      0.00      0.50      0.00      0.00     98.99
16:10:47        all      4.52      0.00      0.50      0.00      0.00     94.97
16:10:48        all     10.82      0.00      1.03      0.00      0.00     88.14
16:10:49        all     11.56      0.00      2.01      0.00      0.00     86.43
16:10:50        all     11.56      0.00      1.51      0.00      1.01     85.93
16:10:51        all     10.77      0.00      1.03      0.00      0.00     88.21
16:10:52        all     10.66      0.00      1.52      0.00      0.00     87.82
16:10:53        all     11.68      0.00      1.02      0.00      0.00     87.31
16:10:54        all     11.17      0.00      1.02      0.00      0.00     87.82
16:10:55        all     10.71      0.00      1.02      0.00      0.00     88.27
16:10:56        all     11.62      0.00      1.52      0.00      0.00     86.87
16:10:57        all     11.68      0.00      1.02      0.00      0.00     87.31
16:10:58        all     13.78      0.00      2.04      0.00      0.00     84.18
16:10:59        all     18.18      0.00      4.55      0.00      0.00     77.27
16:11:00        all     11.11      0.00      1.01      0.00      1.52     86.36
16:11:01        all      9.05      0.00      1.51      0.00      0.50     88.94
16:11:02        all     11.06      0.00      1.51      0.50      0.00     86.93
16:11:03        all     11.73      0.00      1.53      0.00      0.00     86.73
16:11:04        all     10.77      0.00      0.51      0.00      0.00     88.72
16:11:05        all     10.71      0.00      1.53      0.00      0.00     87.76
16:11:06        all     11.68      0.00      1.02      0.00      0.00     87.31
16:11:07        all     10.71      0.00      1.53      0.00      0.00     87.76
16:11:08        all     11.06      0.00      1.51      0.00      0.00     87.44
16:11:09        all     10.71      0.00      1.53      0.00      0.00     87.76
16:11:10        all     11.17      0.00      2.03      0.00      0.00     86.80
16:11:11        all     11.40      0.00      0.52      0.00      0.00     88.08
16:11:12        all     11.56      0.00      1.51      0.50      0.00     86.43
16:11:13        all     17.44      0.00      1.03      0.00      0.00     81.54
16:11:14        all     13.27      0.00      2.04      0.00      0.51     84.18
16:11:15        all     11.22      0.00      1.02      0.00      0.51     87.24
16:11:16        all     11.68      0.00      1.52      0.00      0.00     86.80
16:11:17        all     10.20      0.00      2.04      0.00      0.00     87.76
16:11:18        all     11.56      0.00      1.01      0.00      1.01     86.43
16:11:19        all     10.66      0.00      1.02      0.00      0.00     88.32
16:11:20        all     11.22      0.00      1.02      0.00      0.00     87.76
16:11:21        all     11.22      0.00      1.53      0.00      0.00     87.24
16:11:22        all     10.71      0.00      1.53      0.00      0.00     87.76
16:11:23        all     10.61      0.00      1.52      0.00      0.00     87.88
16:11:24        all     10.20      0.00      1.53      0.00      0.00     88.27
16:11:25        all     10.77      0.00      1.03      0.00      0.00     88.21
16:11:26        all     10.77      0.00      1.03      0.00      0.00     88.21
16:11:27        all     10.55      0.00      2.51      0.00      0.00     86.93
16:11:28        all     12.44      0.00      2.07      0.00      0.00     85.49
16:11:29        all     14.65      0.00      1.52      0.00      0.00     83.84
16:11:30        all     10.61      0.00      2.02      0.00      0.51     86.87
16:11:31        all     10.77      0.00      1.03      0.00      0.51     87.69
16:11:32        all     10.10      0.00      2.02      1.01      0.00     86.87
16:11:33        all     12.00      0.00      2.50      0.00      0.00     85.50
16:11:34        all     10.20      0.00      1.02      0.00      0.00     88.78
16:11:35        all     11.17      0.00      1.52      0.00      0.00     87.31
16:11:36        all     10.82      0.00      1.03      0.00      0.00     88.14
16:11:37        all     10.71      0.00      1.53      0.00      0.00     87.76
16:11:38        all     10.61      0.00      2.02      0.00      0.00     87.37
16:11:39        all     10.26      0.00      1.03      0.00      0.00     88.72
16:11:40        all     10.66      0.00      1.52      0.00      0.00     87.82
16:11:41        all     11.62      0.00      2.02      0.00      0.00     86.36
16:11:42        all     10.61      0.00      2.02      0.00      0.00     87.37
16:11:43        all     11.34      0.00      0.52      0.00      0.00     88.14
16:11:44        all      1.99      0.00      1.00      0.00      0.00     97.01
16:11:45        all      0.00      0.00      0.00      0.00      0.00    100.00
16:11:46        all      0.50      0.00      0.00      0.50      0.00     98.99
16:11:47        all      0.50      0.00      0.50      0.00      0.00     99.00
16:11:48        all      0.00      0.00      0.50      0.00      0.50     99.00
16:11:49        all      0.00      0.00      0.00      0.00      0.00    100.00
16:11:50        all      0.99      0.00      0.00      0.00      0.50     98.51
16:11:51        all      0.00      0.00      0.50      0.00      0.00     99.50
16:11:52        all      0.50      0.00      0.00      0.00      0.00     99.50
16:11:53        all      0.00      0.00      0.00      0.00      0.00    100.00
16:11:54        all      0.00      0.00      0.00      0.00      0.00    100.00
16:11:55        all      0.00      0.00      0.50      0.00      0.00     99.50
16:11:56        all      1.00      0.00      0.00      0.00      0.00     99.00
16:11:57        all      0.00      0.00      0.50      0.00      0.00     99.50
16:11:58        all      3.52      0.00      0.50      0.00      0.00     95.98
16:11:59        all      2.01      0.00      0.50      0.00      0.00     97.49
16:12:00        all      0.00      0.00      0.00      0.00      0.51     99.49
16:12:01        all      0.50      0.00      0.50      0.00      0.00     99.00
16:12:02        all      1.01      0.00      0.00      0.50      0.50     97.99
16:12:03        all      0.50      0.00      0.50      0.00      0.00     99.00
16:12:04        all      0.00      0.00      0.00      0.00      0.50     99.50
16:12:05        all      0.00      0.00      0.00      0.00      0.00    100.00
16:12:06        all      1.00      0.00      0.00      0.00      0.00     99.00
16:12:07        all      0.00      0.00      0.50      0.00      0.00     99.50
16:12:08        all      0.00      0.00      0.50      0.00      0.00     99.50
16:12:09        all      0.00      0.00      0.00      0.00      0.00    100.00
16:12:10        all      0.50      0.00      0.00      0.00      0.00     99.50
16:12:11        all      0.50      0.00      0.50      0.00      0.00     99.00
16:12:12        all      0.00      0.00      0.00      0.00      0.00    100.00
16:12:13        all      3.00      0.00      1.50      0.00      0.00     95.50

Average:        all      7.18      0.00      1.02      0.03      0.09     91.67
