Linux 7.0.0-1008-aws (ip-172-31-20-134) 	08/07/26 	_x86_64_	(2 CPU)

16:10:40    kbmemfree   kbavail kbmemused  %memused kbbuffers  kbcached  kbcommit   %commit  kbactive   kbinact   kbdirty
16:10:41       141588   1271004    387180     19.85     11656   1223280   1628124     83.46    828656    682892       568
16:10:42       141588   1271004    387180     19.85     11656   1223280   1628124     83.46    828656    682892       568
16:10:43       141588   1271008    387180     19.85     11656   1223280   1628124     83.46    828272    682896       568
16:10:44       141588   1271040    387172     19.85     11656   1223288   1628124     83.46    828720    682900       576
16:10:45       141588   1271040    387172     19.85     11656   1223288   1628124     83.46    828744    682900       576
16:10:46       141588   1271040    387172     19.85     11656   1223288   1628124     83.46    828744    682900       576
16:10:47       141588   1271052    387164     19.85     11656   1223296   1638164     83.97    833184    682912       584
16:10:48       139824   1269604    388616     19.92     11656   1223608   1638500     83.99    835212    683228       896
16:10:49       137556   1267672    390504     20.02     11656   1223968   1651184     84.64    836456    683552      1256
16:10:50       137556   1267840    390308     20.01     11656   1224164   1651376     84.65    836960    683720      1368
16:10:51       137556   1268244    389936     19.99     11656   1224524   1651412     84.65    837052    684120      1652
16:10:52       137556   1268496    389736     19.98     11656   1224724   1651472     84.66    837136    684372      1852
16:10:53       137556   1268764    389368     19.96     11656   1225080   1651476     84.66    837204    684632      2156
16:10:54       137556   1268932    389116     19.95     11656   1225332   1651476     84.66    837288    684800      2408
16:10:55       137556   1269324    388800     19.93     11656   1225636   1651560     84.66    837516    685188      2712
16:10:56       137052   1269076    389100     19.95     11656   1225832   1651656     84.67    837600    685440      2908
16:10:57       136044   1268420    389732     19.98     11656   1226196   1651656     84.67    837788    685784      3276
16:10:58       135540   1268168    390040     19.99     11656   1226392   1653772     84.77    839468    686036      3640
16:10:59       134784   1267748    390416     20.01     11656   1226756   1651708     84.67    837824    686364      4024
16:11:00       134028   1267160    390892     20.04     11656   1227036   1651708     84.67    837824    686532      4304
16:11:01       134028   1267316    390772     20.03     11656   1227152   1651708     84.67    837836    686684      4420
16:11:02       133020   1266728    391444     20.07     11680   1227464   1651708     84.67    837836    687104      4756
16:11:03       133020   1267020    391100     20.05     11680   1227784   1651964     84.68    838540    687384      5080
16:11:04       133020   1267104    390904     20.04     11680   1227980   1651972     84.68    838288    687468      5276
16:11:05       133020   1267536    390536     20.02     11680   1228340   1651972     84.68    839072    687896      5636
16:11:06       133020   1267788    390256     20.01     11680   1228620   1651972     84.68    838568    688148      5916
16:11:07       133020   1268120    389956     19.99     11680   1228900   1651976     84.68    838708    688472      6196
16:11:08       133020   1268456    389676     19.98     11680   1229180   1652012     84.68    838708    688808      6476
16:11:09       132768   1268464    389644     19.97     11680   1229448   1652012     84.68    838740    689060      6744
16:11:10       132264   1268128    389896     19.99     11680   1229700   1652040     84.69    838824    689228      6996
16:11:11       132264   1268468    389568     19.97     11680   1230016   1652040     84.69    838876    689560       864
16:11:12       131256   1267824    390260     20.01     11680   1230324   1652040     84.69    838884    689920      1056
16:11:13       131256   1268076    390008     19.99     11680   1230576   1652040     84.69    838884    690172      1308
16:11:14       131256   1268404    389684     19.98     11680   1230888   1652040     84.69    839328    690496      1616
16:11:15       131256   1268656    389432     19.96     11680   1231140   1652040     84.69    839412    690748      1436
16:11:16       131004   1268684    389404     19.96     11680   1231408   1652040     84.69    839448    691020      1684
16:11:17       130752   1268664    389344     19.96     11680   1231716   1652040     84.69    839464    691252      1992
16:11:18       129744   1268000    390096     20.00     11680   1231964   1652048     84.69    840116    691592      2240
16:11:19       128988   1267416    390564     20.02     11680   1232244   1652192     84.69    840032    691760      2520
16:11:20       128988   1267828    390244     20.00     11680   1232552   1652220     84.70    839864    692164      2828
16:11:21       128484   1267576    390496     20.02     11680   1232804   1652220     84.70    840032    692416      3080
16:11:22       128232   1267608    390428     20.01     11680   1233108   1652220     84.70    840136    692692      3384
16:11:23       127728   1267272    390672     20.03     11680   1233368   1652220     84.70    840136    692860      3644
16:11:24       127476   1267344    390656     20.03     11680   1233624   1652220     84.70    840144    693180      3900
16:11:25       127224   1267332    390584     20.02     11680   1233940   1652220     84.70    839980    693416      4216
16:11:26       126720   1267124    390812     20.03     11680   1234212   1652240     84.70    840472    693708      4488
16:11:27       126468   1267272    390804     20.03     11680   1234472   1652240     84.70    840476    694108      4700
16:11:28       125964   1267040    391032     20.04     11680   1234736   1652240     84.70    840112    694376      4964
16:11:29       125964   1267260    390712     20.03     11680   1235048   1652240     84.70    840656    694592      5276
16:11:30       125964   1267436    390436     20.01     11680   1235324   1652240     84.70    840656    694768      5556
16:11:31       125460   1267380    390632     20.02     11680   1235612   1652496     84.71    840672    695204      5844
16:11:32       125208   1267380    390612     20.02     11712   1235852   1652464     84.71    840616    695456      6184
16:11:33       124452   1267004    391032     20.04     11712   1236172   1652464     84.71    841284    695828      6488
16:11:34       123948   1266756    391280     20.06     11712   1236420   1652464     84.71    840852    696080      6736
16:11:35       123948   1266944    390980     20.04     11712   1236716   1652464     84.71    840868    696268      7032
16:11:36       123948   1267308    390712     20.03     11712   1236984   1652464     84.71    840980    696632      7300
16:11:37       123696   1267304    390656     20.03     11712   1237280   1652464     84.71    840968    696872      7596
16:11:38       122940   1266820    391144     20.05     11712   1237540   1652464     84.71    841396    697140      7856
16:11:39       122688   1266808    391116     20.05     11712   1237808   1652464     84.71    841428    697376      8124
16:11:40       122184   1266648    391324     20.06     11712   1238104   1652596     84.71    841460    697720      8420
16:11:41       121932   1266712    391288     20.06     11712   1238380   1652596     84.71    841516    698028      8324
16:11:42       121680   1266628    391284     20.06     11712   1238636   1652584     84.71    841324    698196      8580
16:11:43       121428   1266620    391312     20.06     11712   1238852   1652540     84.71    840488    698436      8796
16:11:44       120672   1265916    392016     20.10     11712   1238900   1652540     84.71    841160    698488      8844
16:11:45       120672   1265916    392016     20.10     11712   1238900   1652540     84.71    841160    698488      8844
16:11:46       120672   1266000    392016     20.10     11716   1238896   1652540     84.71    841160    698572       276
16:11:47       120672   1266004    392004     20.09     11716   1238908   1652540     84.71    841220    698576       168
16:11:48       120672   1266004    392004     20.09     11716   1238908   1652540     84.71    841556    698576       168
16:11:49       120672   1266012    392004     20.09     11716   1238908   1652540     84.71    841584    698584       168
16:11:50       120672   1266012    392004     20.09     11716   1238908   1652540     84.71    841584    698584       168
16:11:51       120672   1266012    392004     20.09     11716   1238908   1652540     84.71    841584    698584       168
16:11:52       120672   1266012    392000     20.09     11716   1238912   1652540     84.71    841584    698584       172
16:11:53       120672   1266012    392000     20.09     11716   1238912   1652540     84.71    841584    698584       172
16:11:54       120672   1266012    392000     20.09     11716   1238912   1652540     84.71    841584    698584       172
16:11:55       120672   1266012    392000     20.09     11716   1238912   1652540     84.71    841584    698584       172
16:11:56       120672   1266012    392000     20.09     11716   1238912   1652540     84.71    841584    698584       172
16:11:57       120672   1266012    391996     20.09     11716   1238916   1652540     84.71    841584    698584       176
16:11:58       119664   1265004    393004     20.15     11716   1238916   1652540     84.71    840912    698584       176
16:11:59       119412   1264756    393256     20.16     11716   1238916   1652540     84.71    841612    698588       176
16:12:00       119412   1264772    393244     20.16     11716   1238928   1652540     84.71    841616    698604       128
16:12:01       119412   1264772    393236     20.16     11716   1238936   1652540     84.71    841616    698604       140
16:12:02       119412   1264772    393236     20.16     11744   1238908   1652240     84.70    841448    698604       140
16:12:03       118656   1264052    393964     20.20     11744   1238936   1652240     84.70    841936    698640        56
16:12:04       118656   1264052    393964     20.20     11744   1238936   1652240     84.70    841936    698640        56
16:12:05       118656   1264052    393964     20.20     11744   1238936   1652240     84.70    841936    698640        56
16:12:06       118656   1264052    393964     20.20     11744   1238936   1652240     84.70    841936    698640        56
16:12:07       118656   1264052    393960     20.19     11744   1238940   1652240     84.70    841936    698640        60
16:12:08       118656   1264052    393960     20.19     11744   1238940   1652240     84.70    841936    698640        60
16:12:09       118656   1264052    393960     20.19     11744   1238940   1652240     84.70    841936    698640        60
16:12:10       118656   1264052    393960     20.19     11744   1238940   1652240     84.70    841936    698640        60
16:12:11       118656   1264052    393960     20.19     11744   1238940   1652240     84.70    841936    698640        60
16:12:12       118656   1264052    393956     20.19     11744   1238944   1652240     84.70    842028    698640        36
16:12:13       118656   1264060    393956     20.19     11744   1238944   1652240     84.70    841292    698648        36

Average:       127677   1267113    390937     20.04     11694   1233143   1650359     84.60    839299    692756      2938
