Linux 7.0.0-1008-aws (ip-172-31-20-134) 	08/07/26 	_x86_64_	(2 CPU)

16:10:40        IFACE   rxpck/s   txpck/s    rxkB/s    txkB/s   rxcmp/s   txcmp/s  rxmcst/s   %ifutil
16:10:41         ens5     49.00     35.00      4.32      4.50      0.00      0.00      0.00      0.00

16:10:41        IFACE   rxpck/s   txpck/s    rxkB/s    txkB/s   rxcmp/s   txcmp/s  rxmcst/s   %ifutil
16:10:42         ens5     27.00     18.00      2.38      2.17      0.00      0.00      0.00      0.00

16:10:42        IFACE   rxpck/s   txpck/s    rxkB/s    txkB/s   rxcmp/s   txcmp/s  rxmcst/s   %ifutil
16:10:43         ens5      0.00      0.00      0.00      0.00      0.00      0.00      0.00      0.00

16:10:43        IFACE   rxpck/s   txpck/s    rxkB/s    txkB/s   rxcmp/s   txcmp/s  rxmcst/s   %ifutil
16:10:44         ens5      0.00      0.00      0.00      0.00      0.00      0.00      0.00      0.00

16:10:44        IFACE   rxpck/s   txpck/s    rxkB/s    txkB/s   rxcmp/s   txcmp/s  rxmcst/s   %ifutil
16:10:45         ens5      0.00      0.00      0.00      0.00      0.00      0.00      0.00      0.00

16:10:45        IFACE   rxpck/s   txpck/s    rxkB/s    txkB/s   rxcmp/s   txcmp/s  rxmcst/s   %ifutil
16:10:46         ens5      0.00      0.00      0.00      0.00      0.00      0.00      0.00      0.00

16:10:46        IFACE   rxpck/s   txpck/s    rxkB/s    txkB/s   rxcmp/s   txcmp/s  rxmcst/s   %ifutil
16:10:47         ens5     90.00     82.00     74.89     63.09      0.00      0.00      0.00      0.00

16:10:47        IFACE   rxpck/s   txpck/s    rxkB/s    txkB/s   rxcmp/s   txcmp/s  rxmcst/s   %ifutil
16:10:48         ens5    162.00    143.00    133.92    122.55      0.00      0.00      0.00      0.00

16:10:48        IFACE   rxpck/s   txpck/s    rxkB/s    txkB/s   rxcmp/s   txcmp/s  rxmcst/s   %ifutil
16:10:49         ens5    162.00    145.00    133.97    122.81      0.00      0.00      0.00      0.00

16:10:49        IFACE   rxpck/s   txpck/s    rxkB/s    txkB/s   rxcmp/s   txcmp/s  rxmcst/s   %ifutil
16:10:50         ens5    162.00    141.00    133.99    122.26      0.00      0.00      0.00      0.00

16:10:50        IFACE   rxpck/s   txpck/s    rxkB/s    txkB/s   rxcmp/s   txcmp/s  rxmcst/s   %ifutil
16:10:51         ens5    162.00    144.00    133.98    122.74      0.00      0.00      0.00      0.00

16:10:51        IFACE   rxpck/s   txpck/s    rxkB/s    txkB/s   rxcmp/s   txcmp/s  rxmcst/s   %ifutil
16:10:52         ens5    163.00    145.00    134.30    123.12      0.00      0.00      0.00      0.00

16:10:52        IFACE   rxpck/s   txpck/s    rxkB/s    txkB/s   rxcmp/s   txcmp/s  rxmcst/s   %ifutil
16:10:53         ens5    164.00    146.00    134.68    123.52      0.00      0.00      0.00      0.00

16:10:53        IFACE   rxpck/s   txpck/s    rxkB/s    txkB/s   rxcmp/s   txcmp/s  rxmcst/s   %ifutil
16:10:54         ens5    162.00    144.00    134.05    122.79      0.00      0.00      0.00      0.00

16:10:54        IFACE   rxpck/s   txpck/s    rxkB/s    txkB/s   rxcmp/s   txcmp/s  rxmcst/s   %ifutil
16:10:55         ens5    163.00    143.00    134.06    122.64      0.00      0.00      0.00      0.00

16:10:55        IFACE   rxpck/s   txpck/s    rxkB/s    txkB/s   rxcmp/s   txcmp/s  rxmcst/s   %ifutil
16:10:56         ens5    161.00    144.00    133.96    122.78      0.00      0.00      0.00      0.00

16:10:56        IFACE   rxpck/s   txpck/s    rxkB/s    txkB/s   rxcmp/s   txcmp/s  rxmcst/s   %ifutil
16:10:57         ens5    161.00    143.00    133.95    122.55      0.00      0.00      0.00      0.00

16:10:57        IFACE   rxpck/s   txpck/s    rxkB/s    txkB/s   rxcmp/s   txcmp/s  rxmcst/s   %ifutil
16:10:58         ens5    163.00    147.00    134.37    123.35      0.00      0.00      0.00      0.00

16:10:58        IFACE   rxpck/s   txpck/s    rxkB/s    txkB/s   rxcmp/s   txcmp/s  rxmcst/s   %ifutil
16:10:59         ens5    159.00    143.00    130.91    120.84      0.00      0.00      0.00      0.00

16:10:59        IFACE   rxpck/s   txpck/s    rxkB/s    txkB/s   rxcmp/s   txcmp/s  rxmcst/s   %ifutil
16:11:00         ens5    159.00    139.00    130.24    118.42      0.00      0.00      0.00      0.00

16:11:00        IFACE   rxpck/s   txpck/s    rxkB/s    txkB/s   rxcmp/s   txcmp/s  rxmcst/s   %ifutil
16:11:01         ens5    126.00    112.00    104.26     95.51      0.00      0.00      0.00      0.00

16:11:01        IFACE   rxpck/s   txpck/s    rxkB/s    txkB/s   rxcmp/s   txcmp/s  rxmcst/s   %ifutil
16:11:02         ens5    148.00    131.00    123.00    113.25      0.00      0.00      0.00      0.00

16:11:02        IFACE   rxpck/s   txpck/s    rxkB/s    txkB/s   rxcmp/s   txcmp/s  rxmcst/s   %ifutil
16:11:03         ens5    167.00    142.00    137.56    122.47      0.00      0.00      0.00      0.00

16:11:03        IFACE   rxpck/s   txpck/s    rxkB/s    txkB/s   rxcmp/s   txcmp/s  rxmcst/s   %ifutil
16:11:04         ens5    157.00    145.00    130.44    122.87      0.00      0.00      0.00      0.00

16:11:04        IFACE   rxpck/s   txpck/s    rxkB/s    txkB/s   rxcmp/s   txcmp/s  rxmcst/s   %ifutil
16:11:05         ens5    163.00    144.00    134.37    123.05      0.00      0.00      0.00      0.00

16:11:05        IFACE   rxpck/s   txpck/s    rxkB/s    txkB/s   rxcmp/s   txcmp/s  rxmcst/s   %ifutil
16:11:06         ens5    167.00    148.00    137.64    124.35      0.00      0.00      0.00      0.00

16:11:06        IFACE   rxpck/s   txpck/s    rxkB/s    txkB/s   rxcmp/s   txcmp/s  rxmcst/s   %ifutil
16:11:07         ens5    162.00    141.00    134.02    121.26      0.00      0.00      0.00      0.00

16:11:07        IFACE   rxpck/s   txpck/s    rxkB/s    txkB/s   rxcmp/s   txcmp/s  rxmcst/s   %ifutil
16:11:08         ens5    157.00    145.00    130.45    122.88      0.00      0.00      0.00      0.00

16:11:08        IFACE   rxpck/s   txpck/s    rxkB/s    txkB/s   rxcmp/s   txcmp/s  rxmcst/s   %ifutil
16:11:09         ens5    163.00    145.00    134.39    123.17      0.00      0.00      0.00      0.00

16:11:09        IFACE   rxpck/s   txpck/s    rxkB/s    txkB/s   rxcmp/s   txcmp/s  rxmcst/s   %ifutil
16:11:10         ens5    167.00    147.00    137.59    124.25      0.00      0.00      0.00      0.00

16:11:10        IFACE   rxpck/s   txpck/s    rxkB/s    txkB/s   rxcmp/s   txcmp/s  rxmcst/s   %ifutil
16:11:11         ens5    158.00    145.00    130.68    121.79      0.00      0.00      0.00      0.00

16:11:11        IFACE   rxpck/s   txpck/s    rxkB/s    txkB/s   rxcmp/s   txcmp/s  rxmcst/s   %ifutil
16:11:12         ens5    167.00    146.00    137.64    124.21      0.00      0.00      0.00      0.00

16:11:12        IFACE   rxpck/s   txpck/s    rxkB/s    txkB/s   rxcmp/s   txcmp/s  rxmcst/s   %ifutil
16:11:13         ens5    159.00    146.00    131.10    122.32      0.00      0.00      0.00      0.00

16:11:13        IFACE   rxpck/s   txpck/s    rxkB/s    txkB/s   rxcmp/s   txcmp/s  rxmcst/s   %ifutil
16:11:14         ens5    163.00    146.00    134.09    122.92      0.00      0.00      0.00      0.00

16:11:14        IFACE   rxpck/s   txpck/s    rxkB/s    txkB/s   rxcmp/s   txcmp/s  rxmcst/s   %ifutil
16:11:15         ens5    160.00    142.00    131.46    119.84      0.00      0.00      0.00      0.00

16:11:15        IFACE   rxpck/s   txpck/s    rxkB/s    txkB/s   rxcmp/s   txcmp/s  rxmcst/s   %ifutil
16:11:16         ens5    160.00    144.00    132.74    121.55      0.00      0.00      0.00      0.00

16:11:16        IFACE   rxpck/s   txpck/s    rxkB/s    txkB/s   rxcmp/s   txcmp/s  rxmcst/s   %ifutil
16:11:17         ens5    163.00    145.00    134.35    123.17      0.00      0.00      0.00      0.00

16:11:17        IFACE   rxpck/s   txpck/s    rxkB/s    txkB/s   rxcmp/s   txcmp/s  rxmcst/s   %ifutil
16:11:18         ens5    156.00    139.00    128.17    117.74      0.00      0.00      0.00      0.00

16:11:18        IFACE   rxpck/s   txpck/s    rxkB/s    txkB/s   rxcmp/s   txcmp/s  rxmcst/s   %ifutil
16:11:19         ens5    162.00    145.00    134.01    122.88      0.00      0.00      0.00      0.00

16:11:19        IFACE   rxpck/s   txpck/s    rxkB/s    txkB/s   rxcmp/s   txcmp/s  rxmcst/s   %ifutil
16:11:20         ens5    165.00    149.00    137.03    126.32      0.00      0.00      0.00      0.00

16:11:20        IFACE   rxpck/s   txpck/s    rxkB/s    txkB/s   rxcmp/s   txcmp/s  rxmcst/s   %ifutil
16:11:21         ens5    162.00    146.00    134.31    123.25      0.00      0.00      0.00      0.00

16:11:21        IFACE   rxpck/s   txpck/s    rxkB/s    txkB/s   rxcmp/s   txcmp/s  rxmcst/s   %ifutil
16:11:22         ens5    162.00    143.00    134.03    122.56      0.00      0.00      0.00      0.00

16:11:22        IFACE   rxpck/s   txpck/s    rxkB/s    txkB/s   rxcmp/s   txcmp/s  rxmcst/s   %ifutil
16:11:23         ens5    160.00    138.00    131.43    119.39      0.00      0.00      0.00      0.00

16:11:23        IFACE   rxpck/s   txpck/s    rxkB/s    txkB/s   rxcmp/s   txcmp/s  rxmcst/s   %ifutil
16:11:24         ens5    162.00    144.00    134.03    122.79      0.00      0.00      0.00      0.00

16:11:24        IFACE   rxpck/s   txpck/s    rxkB/s    txkB/s   rxcmp/s   txcmp/s  rxmcst/s   %ifutil
16:11:25         ens5    163.00    148.00    136.59    125.91      0.00      0.00      0.00      0.00

16:11:25        IFACE   rxpck/s   txpck/s    rxkB/s    txkB/s   rxcmp/s   txcmp/s  rxmcst/s   %ifutil
16:11:26         ens5    162.00    144.00    134.03    122.73      0.00      0.00      0.00      0.00

16:11:26        IFACE   rxpck/s   txpck/s    rxkB/s    txkB/s   rxcmp/s   txcmp/s  rxmcst/s   %ifutil
16:11:27         ens5    161.00    142.00    131.79    120.14      0.00      0.00      0.00      0.00

16:11:27        IFACE   rxpck/s   txpck/s    rxkB/s    txkB/s   rxcmp/s   txcmp/s  rxmcst/s   %ifutil
16:11:28         ens5    163.00    146.00    134.08    122.95      0.00      0.00      0.00      0.00

16:11:28        IFACE   rxpck/s   txpck/s    rxkB/s    txkB/s   rxcmp/s   txcmp/s  rxmcst/s   %ifutil
16:11:29         ens5    162.00    144.00    133.15    121.89      0.00      0.00      0.00      0.00

16:11:29        IFACE   rxpck/s   txpck/s    rxkB/s    txkB/s   rxcmp/s   txcmp/s  rxmcst/s   %ifutil
16:11:30         ens5    162.00    144.00    134.05    122.83      0.00      0.00      0.00      0.00

16:11:30        IFACE   rxpck/s   txpck/s    rxkB/s    txkB/s   rxcmp/s   txcmp/s  rxmcst/s   %ifutil
16:11:31         ens5    157.00    141.00    130.43    120.31      0.00      0.00      0.00      0.00

16:11:31        IFACE   rxpck/s   txpck/s    rxkB/s    txkB/s   rxcmp/s   txcmp/s  rxmcst/s   %ifutil
16:11:32         ens5    162.00    140.00    134.02    119.92      0.00      0.00      0.00      0.00

16:11:32        IFACE   rxpck/s   txpck/s    rxkB/s    txkB/s   rxcmp/s   txcmp/s  rxmcst/s   %ifutil
16:11:33         ens5    162.00    148.00    134.02    125.76      0.00      0.00      0.00      0.00

16:11:33        IFACE   rxpck/s   txpck/s    rxkB/s    txkB/s   rxcmp/s   txcmp/s  rxmcst/s   %ifutil
16:11:34         ens5    164.00    146.00    134.30    122.87      0.00      0.00      0.00      0.00

16:11:34        IFACE   rxpck/s   txpck/s    rxkB/s    txkB/s   rxcmp/s   txcmp/s  rxmcst/s   %ifutil
16:11:35         ens5    162.00    145.00    134.00    122.85      0.00      0.00      0.00      0.00

16:11:35        IFACE   rxpck/s   txpck/s    rxkB/s    txkB/s   rxcmp/s   txcmp/s  rxmcst/s   %ifutil
16:11:36         ens5    163.00    146.00    134.40    123.27      0.00      0.00      0.00      0.00

16:11:36        IFACE   rxpck/s   txpck/s    rxkB/s    txkB/s   rxcmp/s   txcmp/s  rxmcst/s   %ifutil
16:11:37         ens5    167.00    148.00    137.58    125.20      0.00      0.00      0.00      0.00

16:11:37        IFACE   rxpck/s   txpck/s    rxkB/s    txkB/s   rxcmp/s   txcmp/s  rxmcst/s   %ifutil
16:11:38         ens5    164.00    145.00    134.66    122.53      0.00      0.00      0.00      0.00

16:11:38        IFACE   rxpck/s   txpck/s    rxkB/s    txkB/s   rxcmp/s   txcmp/s  rxmcst/s   %ifutil
16:11:39         ens5    158.00    143.00    130.82    121.71      0.00      0.00      0.00      0.00

16:11:39        IFACE   rxpck/s   txpck/s    rxkB/s    txkB/s   rxcmp/s   txcmp/s  rxmcst/s   %ifutil
16:11:40         ens5    164.00    144.00    135.60    122.78      0.00      0.00      0.00      0.00

16:11:40        IFACE   rxpck/s   txpck/s    rxkB/s    txkB/s   rxcmp/s   txcmp/s  rxmcst/s   %ifutil
16:11:41         ens5    160.00    145.00    132.69    123.10      0.00      0.00      0.00      0.00

16:11:41        IFACE   rxpck/s   txpck/s    rxkB/s    txkB/s   rxcmp/s   txcmp/s  rxmcst/s   %ifutil
16:11:42         ens5    161.00    144.00    134.00    122.80      0.00      0.00      0.00      0.00

16:11:42        IFACE   rxpck/s   txpck/s    rxkB/s    txkB/s   rxcmp/s   txcmp/s  rxmcst/s   %ifutil
16:11:43         ens5    123.00    107.00    100.44     91.13      0.00      0.00      0.00      0.00

16:11:43        IFACE   rxpck/s   txpck/s    rxkB/s    txkB/s   rxcmp/s   txcmp/s  rxmcst/s   %ifutil
16:11:44         ens5      0.00      0.00      0.00      0.00      0.00      0.00      0.00      0.00

16:11:44        IFACE   rxpck/s   txpck/s    rxkB/s    txkB/s   rxcmp/s   txcmp/s  rxmcst/s   %ifutil
16:11:45         ens5      0.00      0.00      0.00      0.00      0.00      0.00      0.00      0.00

16:11:45        IFACE   rxpck/s   txpck/s    rxkB/s    txkB/s   rxcmp/s   txcmp/s  rxmcst/s   %ifutil
16:11:46         ens5      0.00      0.00      0.00      0.00      0.00      0.00      0.00      0.00

16:11:46        IFACE   rxpck/s   txpck/s    rxkB/s    txkB/s   rxcmp/s   txcmp/s  rxmcst/s   %ifutil
16:11:47         ens5      1.00      1.00      0.07      0.09      0.00      0.00      0.00      0.00

16:11:47        IFACE   rxpck/s   txpck/s    rxkB/s    txkB/s   rxcmp/s   txcmp/s  rxmcst/s   %ifutil
16:11:48         ens5      0.00      0.00      0.00      0.00      0.00      0.00      0.00      0.00

16:11:48        IFACE   rxpck/s   txpck/s    rxkB/s    txkB/s   rxcmp/s   txcmp/s  rxmcst/s   %ifutil
16:11:49         ens5      0.00      0.00      0.00      0.00      0.00      0.00      0.00      0.00

16:11:49        IFACE   rxpck/s   txpck/s    rxkB/s    txkB/s   rxcmp/s   txcmp/s  rxmcst/s   %ifutil
16:11:50         ens5      0.00      0.00      0.00      0.00      0.00      0.00      0.00      0.00

16:11:50        IFACE   rxpck/s   txpck/s    rxkB/s    txkB/s   rxcmp/s   txcmp/s  rxmcst/s   %ifutil
16:11:51         ens5      0.00      0.00      0.00      0.00      0.00      0.00      0.00      0.00

16:11:51        IFACE   rxpck/s   txpck/s    rxkB/s    txkB/s   rxcmp/s   txcmp/s  rxmcst/s   %ifutil
16:11:52         ens5      0.00      0.00      0.00      0.00      0.00      0.00      0.00      0.00

16:11:52        IFACE   rxpck/s   txpck/s    rxkB/s    txkB/s   rxcmp/s   txcmp/s  rxmcst/s   %ifutil
16:11:53         ens5      0.00      0.00      0.00      0.00      0.00      0.00      0.00      0.00

16:11:53        IFACE   rxpck/s   txpck/s    rxkB/s    txkB/s   rxcmp/s   txcmp/s  rxmcst/s   %ifutil
16:11:54         ens5      0.00      0.00      0.00      0.00      0.00      0.00      0.00      0.00

16:11:54        IFACE   rxpck/s   txpck/s    rxkB/s    txkB/s   rxcmp/s   txcmp/s  rxmcst/s   %ifutil
16:11:55         ens5      0.00      0.00      0.00      0.00      0.00      0.00      0.00      0.00

16:11:55        IFACE   rxpck/s   txpck/s    rxkB/s    txkB/s   rxcmp/s   txcmp/s  rxmcst/s   %ifutil
16:11:56         ens5      0.00      0.00      0.00      0.00      0.00      0.00      0.00      0.00

16:11:56        IFACE   rxpck/s   txpck/s    rxkB/s    txkB/s   rxcmp/s   txcmp/s  rxmcst/s   %ifutil
16:11:57         ens5      0.00      0.00      0.00      0.00      0.00      0.00      0.00      0.00

16:11:57        IFACE   rxpck/s   txpck/s    rxkB/s    txkB/s   rxcmp/s   txcmp/s  rxmcst/s   %ifutil
16:11:58         ens5      0.00      0.00      0.00      0.00      0.00      0.00      0.00      0.00

16:11:58        IFACE   rxpck/s   txpck/s    rxkB/s    txkB/s   rxcmp/s   txcmp/s  rxmcst/s   %ifutil
16:11:59         ens5      0.00      0.00      0.00      0.00      0.00      0.00      0.00      0.00

16:11:59        IFACE   rxpck/s   txpck/s    rxkB/s    txkB/s   rxcmp/s   txcmp/s  rxmcst/s   %ifutil
16:12:00         ens5      0.00      0.00      0.00      0.00      0.00      0.00      0.00      0.00

16:12:00        IFACE   rxpck/s   txpck/s    rxkB/s    txkB/s   rxcmp/s   txcmp/s  rxmcst/s   %ifutil
16:12:01         ens5      0.00      0.00      0.00      0.00      0.00      0.00      0.00      0.00

16:12:01        IFACE   rxpck/s   txpck/s    rxkB/s    txkB/s   rxcmp/s   txcmp/s  rxmcst/s   %ifutil
16:12:02         ens5      0.00      0.00      0.00      0.00      0.00      0.00      0.00      0.00

16:12:02        IFACE   rxpck/s   txpck/s    rxkB/s    txkB/s   rxcmp/s   txcmp/s  rxmcst/s   %ifutil
16:12:03         ens5      1.00      1.00      0.07      0.09      0.00      0.00      0.00      0.00

16:12:03        IFACE   rxpck/s   txpck/s    rxkB/s    txkB/s   rxcmp/s   txcmp/s  rxmcst/s   %ifutil
16:12:04         ens5      0.00      0.00      0.00      0.00      0.00      0.00      0.00      0.00

16:12:04        IFACE   rxpck/s   txpck/s    rxkB/s    txkB/s   rxcmp/s   txcmp/s  rxmcst/s   %ifutil
16:12:05         ens5      0.00      0.00      0.00      0.00      0.00      0.00      0.00      0.00

16:12:05        IFACE   rxpck/s   txpck/s    rxkB/s    txkB/s   rxcmp/s   txcmp/s  rxmcst/s   %ifutil
16:12:06         ens5      0.00      0.00      0.00      0.00      0.00      0.00      0.00      0.00

16:12:06        IFACE   rxpck/s   txpck/s    rxkB/s    txkB/s   rxcmp/s   txcmp/s  rxmcst/s   %ifutil
16:12:07         ens5      0.00      0.00      0.00      0.00      0.00      0.00      0.00      0.00

16:12:07        IFACE   rxpck/s   txpck/s    rxkB/s    txkB/s   rxcmp/s   txcmp/s  rxmcst/s   %ifutil
16:12:08         ens5      0.00      0.00      0.00      0.00      0.00      0.00      0.00      0.00

16:12:08        IFACE   rxpck/s   txpck/s    rxkB/s    txkB/s   rxcmp/s   txcmp/s  rxmcst/s   %ifutil
16:12:09         ens5      0.00      0.00      0.00      0.00      0.00      0.00      0.00      0.00

16:12:09        IFACE   rxpck/s   txpck/s    rxkB/s    txkB/s   rxcmp/s   txcmp/s  rxmcst/s   %ifutil
16:12:10         ens5      0.00      0.00      0.00      0.00      0.00      0.00      0.00      0.00

16:12:10        IFACE   rxpck/s   txpck/s    rxkB/s    txkB/s   rxcmp/s   txcmp/s  rxmcst/s   %ifutil
16:12:11         ens5      0.00      0.00      0.00      0.00      0.00      0.00      0.00      0.00

16:12:11        IFACE   rxpck/s   txpck/s    rxkB/s    txkB/s   rxcmp/s   txcmp/s  rxmcst/s   %ifutil
16:12:12         ens5      0.00      0.00      0.00      0.00      0.00      0.00      0.00      0.00

16:12:12        IFACE   rxpck/s   txpck/s    rxkB/s    txkB/s   rxcmp/s   txcmp/s  rxmcst/s   %ifutil
16:12:13         ens5      1.00      1.00      0.05      0.06      0.00      0.00      0.00      0.00


Average:        IFACE   rxpck/s   txpck/s    rxkB/s    txkB/s   rxcmp/s   txcmp/s  rxmcst/s   %ifutil
Average:         ens5     98.37     87.45     80.62     73.82      0.00      0.00      0.00      0.00
