Linux 7.0.0-1010-aws (ip-172-31-31-224) 	08/11/26 	_x86_64_	(2 CPU)

06:40:34        CPU     %user     %nice   %system   %iowait    %steal     %idle
06:40:35        all     48.24      0.00      5.03      0.00      2.51     44.22
06:40:36        all     50.25      0.00      3.02      0.00      2.51     44.22
06:40:37        all     45.00      0.00      5.00      0.00      4.00     46.00
06:40:38        all     48.26      0.00      2.99      0.00      2.49     46.27
06:40:39        all     48.22      0.00      3.05      0.00      2.54     46.19
06:40:40        all     46.77      0.00      3.98      0.00      3.48     45.77
06:40:41        all     45.00      0.00      3.50      0.00      2.50     49.00
06:40:42        all     49.50      0.00      2.50      0.00      3.00     45.00
06:40:43        all     24.38      0.00      6.47      0.00      2.49     66.67
06:40:44        all     43.94      0.00      6.06      8.59      1.01     40.40
06:40:45        all     27.64      0.00      1.51      0.00      0.50     70.35
06:40:46        all      0.50      0.00      0.00      0.00      0.00     99.50
06:40:47        all      1.49      0.00      0.50      1.00      0.50     96.52
06:40:48        all      0.00      0.00      0.00      0.00      0.50     99.50
06:40:49        all      1.01      0.00      0.00      0.00      0.00     98.99
06:40:50        all     10.00      0.00      3.50      0.00      1.00     85.50
06:40:51        all      9.14      0.00      4.57      0.00      0.00     86.29
06:40:52        all      5.10      0.00      2.04      0.00      0.51     92.35
06:40:53        all      4.02      0.00      0.00      0.00      0.50     95.48
06:40:54        all      0.50      0.00      0.00      0.00      0.00     99.50
06:40:55        all      0.00      0.00      0.50      0.00      0.00     99.50
06:40:56        all      0.50      0.00      0.50      0.00      0.00     99.00
06:40:57        all      0.00      0.00      0.00      0.00      0.00    100.00
06:40:58        all      0.50      0.00      0.50      0.00      0.50     98.51
06:40:59        all      5.56      0.00      1.01      0.00      0.00     93.43
06:41:00        all      0.00      0.00      0.49      0.00      3.41     96.10

Average:        all     19.82      0.00      2.18      0.37      1.31     76.33
