Linux 7.0.0-1010-aws (ip-172-31-31-224) 	08/11/26 	_x86_64_	(2 CPU)

06:40:34        IFACE   rxpck/s   txpck/s    rxkB/s    txkB/s   rxcmp/s   txcmp/s  rxmcst/s   %ifutil
06:40:35         ens5     59.00     51.00      5.27      6.72      0.00      0.00      0.00      0.00

06:40:35        IFACE   rxpck/s   txpck/s    rxkB/s    txkB/s   rxcmp/s   txcmp/s  rxmcst/s   %ifutil
06:40:36         ens5     33.00     28.00      2.60      3.53      0.00      0.00      0.00      0.00

06:40:36        IFACE   rxpck/s   txpck/s    rxkB/s    txkB/s   rxcmp/s   txcmp/s  rxmcst/s   %ifutil
06:40:37         ens5      4.00      4.00      0.20      0.87      0.00      0.00      0.00      0.00

06:40:37        IFACE   rxpck/s   txpck/s    rxkB/s    txkB/s   rxcmp/s   txcmp/s  rxmcst/s   %ifutil
06:40:38         ens5      9.00      9.00      0.46      1.87      0.00      0.00      0.00      0.00

06:40:38        IFACE   rxpck/s   txpck/s    rxkB/s    txkB/s   rxcmp/s   txcmp/s  rxmcst/s   %ifutil
06:40:39         ens5      4.95      4.95      0.25      1.09      0.00      0.00      0.00      0.00

06:40:39        IFACE   rxpck/s   txpck/s    rxkB/s    txkB/s   rxcmp/s   txcmp/s  rxmcst/s   %ifutil
06:40:40         ens5      8.00      8.00      0.41      1.55      0.00      0.00      0.00      0.00

06:40:40        IFACE   rxpck/s   txpck/s    rxkB/s    txkB/s   rxcmp/s   txcmp/s  rxmcst/s   %ifutil
06:40:41         ens5      6.00      6.00      0.30      1.25      0.00      0.00      0.00      0.00

06:40:41        IFACE   rxpck/s   txpck/s    rxkB/s    txkB/s   rxcmp/s   txcmp/s  rxmcst/s   %ifutil
06:40:42         ens5      6.00      6.00      0.30      1.33      0.00      0.00      0.00      0.00

06:40:42        IFACE   rxpck/s   txpck/s    rxkB/s    txkB/s   rxcmp/s   txcmp/s  rxmcst/s   %ifutil
06:40:43         ens5      3.00      5.00      0.19      0.88      0.00      0.00      0.00      0.00

06:40:43        IFACE   rxpck/s   txpck/s    rxkB/s    txkB/s   rxcmp/s   txcmp/s  rxmcst/s   %ifutil
06:40:44         ens5      0.00      0.00      0.00      0.00      0.00      0.00      0.00      0.00

06:40:44        IFACE   rxpck/s   txpck/s    rxkB/s    txkB/s   rxcmp/s   txcmp/s  rxmcst/s   %ifutil
06:40:45         ens5     16.00     45.00      8.35     47.92      0.00      0.00      0.00      0.00

06:40:45        IFACE   rxpck/s   txpck/s    rxkB/s    txkB/s   rxcmp/s   txcmp/s  rxmcst/s   %ifutil
06:40:46         ens5      1.00      0.00      0.05      0.00      0.00      0.00      0.00      0.00

06:40:46        IFACE   rxpck/s   txpck/s    rxkB/s    txkB/s   rxcmp/s   txcmp/s  rxmcst/s   %ifutil
06:40:47         ens5     10.00     10.00      5.09      2.48      0.00      0.00      0.00      0.00

06:40:47        IFACE   rxpck/s   txpck/s    rxkB/s    txkB/s   rxcmp/s   txcmp/s  rxmcst/s   %ifutil
06:40:48         ens5      0.00      0.00      0.00      0.00      0.00      0.00      0.00      0.00

06:40:48        IFACE   rxpck/s   txpck/s    rxkB/s    txkB/s   rxcmp/s   txcmp/s  rxmcst/s   %ifutil
06:40:49         ens5     13.00     38.00      8.22     38.34      0.00      0.00      0.00      0.00

06:40:49        IFACE   rxpck/s   txpck/s    rxkB/s    txkB/s   rxcmp/s   txcmp/s  rxmcst/s   %ifutil
06:40:50         ens5    380.00   1015.00    227.05   1010.64      0.00      0.00      0.00      0.00

06:40:50        IFACE   rxpck/s   txpck/s    rxkB/s    txkB/s   rxcmp/s   txcmp/s  rxmcst/s   %ifutil
06:40:51         ens5    581.00   1657.00    356.11   1666.67      0.00      0.00      0.00      0.00

06:40:51        IFACE   rxpck/s   txpck/s    rxkB/s    txkB/s   rxcmp/s   txcmp/s  rxmcst/s   %ifutil
06:40:52         ens5    350.00    873.00    172.86    821.91      0.00      0.00      0.00      0.00

06:40:52        IFACE   rxpck/s   txpck/s    rxkB/s    txkB/s   rxcmp/s   txcmp/s  rxmcst/s   %ifutil
06:40:53         ens5     11.00     21.00      4.35     19.38      0.00      0.00      0.00      0.00

06:40:53        IFACE   rxpck/s   txpck/s    rxkB/s    txkB/s   rxcmp/s   txcmp/s  rxmcst/s   %ifutil
06:40:54         ens5      0.00      0.00      0.00      0.00      0.00      0.00      0.00      0.00

06:40:54        IFACE   rxpck/s   txpck/s    rxkB/s    txkB/s   rxcmp/s   txcmp/s  rxmcst/s   %ifutil
06:40:55         ens5      0.00      0.00      0.00      0.00      0.00      0.00      0.00      0.00

06:40:55        IFACE   rxpck/s   txpck/s    rxkB/s    txkB/s   rxcmp/s   txcmp/s  rxmcst/s   %ifutil
06:40:56         ens5      0.00      0.00      0.00      0.00      0.00      0.00      0.00      0.00

06:40:56        IFACE   rxpck/s   txpck/s    rxkB/s    txkB/s   rxcmp/s   txcmp/s  rxmcst/s   %ifutil
06:40:57         ens5      0.00      0.00      0.00      0.00      0.00      0.00      0.00      0.00

06:40:57        IFACE   rxpck/s   txpck/s    rxkB/s    txkB/s   rxcmp/s   txcmp/s  rxmcst/s   %ifutil
06:40:58         ens5      0.00      0.00      0.00      0.00      0.00      0.00      0.00      0.00

06:40:58        IFACE   rxpck/s   txpck/s    rxkB/s    txkB/s   rxcmp/s   txcmp/s  rxmcst/s   %ifutil
06:40:59         ens5      0.00      0.00      0.00      0.00      0.00      0.00      0.00      0.00

06:40:59        IFACE   rxpck/s   txpck/s    rxkB/s    txkB/s   rxcmp/s   txcmp/s  rxmcst/s   %ifutil
06:41:00         ens5      0.00      0.00      0.00      0.00      0.00      0.00      0.00      0.00


Average:        IFACE   rxpck/s   txpck/s    rxkB/s    txkB/s   rxcmp/s   txcmp/s  rxmcst/s   %ifutil
Average:         ens5     57.48    145.37     30.45    139.43      0.00      0.00      0.00      0.00
