Linux 7.0.0-1010-aws (ip-172-31-31-224) 	08/11/26 	_x86_64_	(2 CPU)

06:34:06        CPU     %user     %nice   %system   %iowait    %steal     %idle
06:34:07        all     49.00      0.00      4.50      0.00      3.00     43.50
06:34:08        all     46.73      0.00      3.52      0.00      3.52     46.23
06:34:09        all     47.24      0.00      4.02      0.00      2.51     46.23
06:34:10        all     49.25      0.00      2.99      0.00      3.48     44.28
06:34:11        all     44.55      0.00      3.96      0.00      5.45     46.04
06:34:12        all     50.25      0.00      3.05      0.00      0.51     46.19
06:34:13        all     45.73      0.00      3.52      0.00      1.01     49.75
06:34:14        all     57.50      0.00      3.50      0.00      1.50     37.50
06:34:15        all     21.50      0.00      3.50      0.00      0.50     74.50
06:34:16        all      0.00      0.00      1.01      0.00      0.00     98.99
06:34:17        all      1.00      0.00      0.00      0.50      1.00     97.51
06:34:18        all      0.50      0.00      0.50      0.00      0.00     99.00
06:34:19        all      0.00      0.00      0.00      0.00      0.50     99.50
06:34:20        all      1.00      0.00      0.00      0.00      0.50     98.51
06:34:21        all      1.01      0.00      1.52      0.00      0.00     97.47
06:34:22        all      8.67      0.00      3.57      0.00      1.02     86.73
06:34:23        all      7.61      0.00      3.55      0.00      2.03     86.80
06:34:24        all      0.50      0.00      1.00      0.00      0.50     98.00
06:34:25        all      1.00      0.00      0.00      0.00      0.50     98.50
06:34:26        all      0.00      0.00      0.00      0.00      0.00    100.00
06:34:27        all      0.00      0.00      0.00      0.00      0.00    100.00
06:34:28        all      0.00      0.00      0.00      0.00      0.00    100.00
06:34:29        all      5.50      0.00      1.50      0.00      0.00     93.00
06:34:30        all      0.50      0.00      0.50      0.00      0.00     99.00
06:34:31        all      0.00      0.00      0.50      0.00      0.50     99.00
06:34:32        all      0.50      0.00      0.50      0.00      0.50     98.51
06:34:33        all      0.00      0.00      0.50      0.00      0.00     99.50
06:34:34        all      0.00      0.00      0.00      0.00      0.00    100.00
06:34:35        all      0.51      0.00      0.00      0.00      0.00     99.49
06:34:36        all      0.00      0.00      0.00      0.00      0.00    100.00
06:34:37        all      0.99      0.00      0.00      0.00      0.99     98.02
06:34:38        all      0.00      0.00      0.00      0.00      0.00    100.00


Average:        all     13.80      0.00      1.47      0.02      0.92     83.79
