Linux 7.0.0-1010-aws (ip-172-31-31-224) 	08/11/26 	_x86_64_	(2 CPU)

06:34:06    kbmemfree   kbavail kbmemused  %memused kbbuffers  kbcached  kbcommit   %commit  kbactive   kbinact   kbdirty
06:34:07       712076   1311252    420456     21.55     14256    727080   1597752     81.90    340820    736764       168
06:34:08       631940   1231116    500592     25.66     14256    727080   1672848     85.75    417860    736764       168
06:34:09       543236   1142412    589296     30.21     14256    727080   1756000     90.01    501088    736764       168
06:34:10       487040   1086216    645492     33.09     14256    727080   1814952     93.03    561128    736764       168
06:34:11       406652   1005828    725880     37.21     14256    727080   1902564     97.52    646100    736764       168
06:34:12       309884    909060    822648     42.17     14256    727080   1989932    102.00    735132    736764       168
06:34:13       245624    844800    886908     45.46     14256    727080   2057304    105.45    803092    736764       168
06:34:14       221432    820612    911088     46.70     14256    727092   2086752    106.96    831896    736768       180
06:34:15       125168    724360   1007348     51.64     14256    727096   2186096    112.06    928416    736780       184
06:34:16       125168    724360   1007348     51.64     14256    727096   2186352    112.07    929036    736780       184
06:34:17       125168    724384   1007324     51.63     14280    727096   2186352    112.07    929136    736804       232
06:34:18       125168    724384   1007324     51.63     14280    727096   2186352    112.07    929136    736804       132
06:34:19       125168    724384   1007324     51.63     14280    727096   2186352    112.07    929136    736804       132
06:34:20       125168    724384   1007324     51.63     14280    727096   2186352    112.07    929136    736804       132
06:34:21       117232    716448   1015260     52.04     14280    727096   2186352    112.07    931700    736804       132
06:34:22       110808    710028   1021680     52.37     14280    727100   2203312    112.94    946368    736808       136
06:34:23        96260    695480   1036228     53.12     14280    727100   2215600    113.57    959140    736808       136
06:34:24        95756    694976   1036732     53.14     14280    727100   2215600    113.57    960504    736808       136
06:34:25        95756    694976   1036728     53.14     14280    727104   2215600    113.57    960504    736808       140
06:34:26        95756    694976   1036728     53.14     14280    727104   2215600    113.57    960504    736808       140
06:34:27        95756    694976   1036724     53.14     14280    727108   2215600    113.57    960504    736808       144
06:34:28        95756    694976   1036724     53.14     14280    727108   2215600    113.57    960504    736808       144
06:34:29        95920    695140   1036560     53.13     14280    727108   2215600    113.57    960336    736808       144
06:34:30        95916    695156   1036552     53.13     14280    727120   2215600    113.57    960436    736828       100
06:34:31        95916    695156   1036552     53.13     14280    727120   2215600    113.57    960436    736828       100
06:34:32        95916    695156   1036552     53.13     14280    727120   2215600    113.57    960436    736828       100
06:34:33        95916    695156   1036552     53.13     14280    727120   2215600    113.57    960436    736828       100
06:34:34        95916    695156   1036552     53.13     14280    727120   2215600    113.57    960436    736828       100
06:34:35        95916    695156   1036552     53.13     14280    727120   2215600    113.57    960436    736828       100
06:34:36        95916    695160   1036548     53.13     14280    727124   2215600    113.57    960436    736832        24
06:34:37        95916    695160   1036548     53.13     14280    727124   2215600    113.57    960560    736832        24
06:34:38        95916    695160   1036548     53.13     14280    727124   2215600    113.57    960624    736832        20

Average:       189723    788936    942771     48.33     14272    727102   2119851    108.66    864232    736801       134
