Linux 7.0.0-1010-aws (ip-172-31-31-224) 	08/11/26 	_x86_64_	(2 CPU)

06:34:06        IFACE   rxpck/s   txpck/s    rxkB/s    txkB/s   rxcmp/s   txcmp/s  rxmcst/s   %ifutil
06:34:07         ens5     50.00     48.00      4.16      6.09      0.00      0.00      0.00      0.00

06:34:07        IFACE   rxpck/s   txpck/s    rxkB/s    txkB/s   rxcmp/s   txcmp/s  rxmcst/s   %ifutil
06:34:08         ens5     10.00      9.00      0.64      1.46      0.00      0.00      0.00      0.00

06:34:08        IFACE   rxpck/s   txpck/s    rxkB/s    txkB/s   rxcmp/s   txcmp/s  rxmcst/s   %ifutil
06:34:09         ens5      3.00      6.00      0.15      1.29      0.00      0.00      0.00      0.00

06:34:09        IFACE   rxpck/s   txpck/s    rxkB/s    txkB/s   rxcmp/s   txcmp/s  rxmcst/s   %ifutil
06:34:10         ens5     10.00      7.00      0.51      1.46      0.00      0.00      0.00      0.00

06:34:10        IFACE   rxpck/s   txpck/s    rxkB/s    txkB/s   rxcmp/s   txcmp/s  rxmcst/s   %ifutil
06:34:11         ens5      5.00      5.00      0.25      1.10      0.00      0.00      0.00      0.00

06:34:11        IFACE   rxpck/s   txpck/s    rxkB/s    txkB/s   rxcmp/s   txcmp/s  rxmcst/s   %ifutil
06:34:12         ens5      7.00      7.00      0.36      1.49      0.00      0.00      0.00      0.00

06:34:12        IFACE   rxpck/s   txpck/s    rxkB/s    txkB/s   rxcmp/s   txcmp/s  rxmcst/s   %ifutil
06:34:13         ens5      6.00      8.00      0.30      1.69      0.00      0.00      0.00      0.00

06:34:13        IFACE   rxpck/s   txpck/s    rxkB/s    txkB/s   rxcmp/s   txcmp/s  rxmcst/s   %ifutil
06:34:14         ens5      6.00      5.00      0.30      1.10      0.00      0.00      0.00      0.00

06:34:14        IFACE   rxpck/s   txpck/s    rxkB/s    txkB/s   rxcmp/s   txcmp/s  rxmcst/s   %ifutil
06:34:15         ens5      4.00      3.00      0.20      0.61      0.00      0.00      0.00      0.00

06:34:15        IFACE   rxpck/s   txpck/s    rxkB/s    txkB/s   rxcmp/s   txcmp/s  rxmcst/s   %ifutil
06:34:16         ens5     14.00     26.00      8.22     21.87      0.00      0.00      0.00      0.00

06:34:16        IFACE   rxpck/s   txpck/s    rxkB/s    txkB/s   rxcmp/s   txcmp/s  rxmcst/s   %ifutil
06:34:17         ens5      2.00      0.00      0.10      0.00      0.00      0.00      0.00      0.00

06:34:17        IFACE   rxpck/s   txpck/s    rxkB/s    txkB/s   rxcmp/s   txcmp/s  rxmcst/s   %ifutil
06:34:18         ens5      0.00      0.00      0.00      0.00      0.00      0.00      0.00      0.00

06:34:18        IFACE   rxpck/s   txpck/s    rxkB/s    txkB/s   rxcmp/s   txcmp/s  rxmcst/s   %ifutil
06:34:19         ens5      0.00      0.00      0.00      0.00      0.00      0.00      0.00      0.00

06:34:19        IFACE   rxpck/s   txpck/s    rxkB/s    txkB/s   rxcmp/s   txcmp/s  rxmcst/s   %ifutil
06:34:20         ens5      0.00      0.00      0.00      0.00      0.00      0.00      0.00      0.00

06:34:20        IFACE   rxpck/s   txpck/s    rxkB/s    txkB/s   rxcmp/s   txcmp/s  rxmcst/s   %ifutil
06:34:21         ens5    112.00    175.00     67.65    127.88      0.00      0.00      0.00      0.00

06:34:21        IFACE   rxpck/s   txpck/s    rxkB/s    txkB/s   rxcmp/s   txcmp/s  rxmcst/s   %ifutil
06:34:22         ens5    530.00    874.00    341.51    626.92      0.00      0.00      0.00      0.00

06:34:22        IFACE   rxpck/s   txpck/s    rxkB/s    txkB/s   rxcmp/s   txcmp/s  rxmcst/s   %ifutil
06:34:23         ens5    486.00    820.00    315.75    586.11      0.00      0.00      0.00      0.00

06:34:23        IFACE   rxpck/s   txpck/s    rxkB/s    txkB/s   rxcmp/s   txcmp/s  rxmcst/s   %ifutil
06:34:24         ens5     52.00     74.00     31.75     52.80      0.00      0.00      0.00      0.00

06:34:24        IFACE   rxpck/s   txpck/s    rxkB/s    txkB/s   rxcmp/s   txcmp/s  rxmcst/s   %ifutil
06:34:25         ens5      0.00      0.00      0.00      0.00      0.00      0.00      0.00      0.00

06:34:25        IFACE   rxpck/s   txpck/s    rxkB/s    txkB/s   rxcmp/s   txcmp/s  rxmcst/s   %ifutil
06:34:26         ens5      0.00      0.00      0.00      0.00      0.00      0.00      0.00      0.00

06:34:26        IFACE   rxpck/s   txpck/s    rxkB/s    txkB/s   rxcmp/s   txcmp/s  rxmcst/s   %ifutil
06:34:27         ens5      0.00      0.00      0.00      0.00      0.00      0.00      0.00      0.00

06:34:27        IFACE   rxpck/s   txpck/s    rxkB/s    txkB/s   rxcmp/s   txcmp/s  rxmcst/s   %ifutil
06:34:28         ens5      0.00      0.00      0.00      0.00      0.00      0.00      0.00      0.00

06:34:28        IFACE   rxpck/s   txpck/s    rxkB/s    txkB/s   rxcmp/s   txcmp/s  rxmcst/s   %ifutil
06:34:29         ens5      0.00      0.00      0.00      0.00      0.00      0.00      0.00      0.00

06:34:29        IFACE   rxpck/s   txpck/s    rxkB/s    txkB/s   rxcmp/s   txcmp/s  rxmcst/s   %ifutil
06:34:30         ens5      0.00      0.00      0.00      0.00      0.00      0.00      0.00      0.00

06:34:30        IFACE   rxpck/s   txpck/s    rxkB/s    txkB/s   rxcmp/s   txcmp/s  rxmcst/s   %ifutil
06:34:31         ens5      0.00      0.00      0.00      0.00      0.00      0.00      0.00      0.00

06:34:31        IFACE   rxpck/s   txpck/s    rxkB/s    txkB/s   rxcmp/s   txcmp/s  rxmcst/s   %ifutil
06:34:32         ens5      0.00      0.00      0.00      0.00      0.00      0.00      0.00      0.00

06:34:32        IFACE   rxpck/s   txpck/s    rxkB/s    txkB/s   rxcmp/s   txcmp/s  rxmcst/s   %ifutil
06:34:33         ens5      0.00      0.00      0.00      0.00      0.00      0.00      0.00      0.00

06:34:33        IFACE   rxpck/s   txpck/s    rxkB/s    txkB/s   rxcmp/s   txcmp/s  rxmcst/s   %ifutil
06:34:34         ens5      0.00      0.00      0.00      0.00      0.00      0.00      0.00      0.00

06:34:34        IFACE   rxpck/s   txpck/s    rxkB/s    txkB/s   rxcmp/s   txcmp/s  rxmcst/s   %ifutil
06:34:35         ens5      0.00      0.00      0.00      0.00      0.00      0.00      0.00      0.00

06:34:35        IFACE   rxpck/s   txpck/s    rxkB/s    txkB/s   rxcmp/s   txcmp/s  rxmcst/s   %ifutil
06:34:36         ens5      0.00      0.00      0.00      0.00      0.00      0.00      0.00      0.00

06:34:36        IFACE   rxpck/s   txpck/s    rxkB/s    txkB/s   rxcmp/s   txcmp/s  rxmcst/s   %ifutil
06:34:37         ens5      0.00      0.00      0.00      0.00      0.00      0.00      0.00      0.00

06:34:37        IFACE   rxpck/s   txpck/s    rxkB/s    txkB/s   rxcmp/s   txcmp/s  rxmcst/s   %ifutil
06:34:38         ens5      0.00      0.00      0.00      0.00      0.00      0.00      0.00      0.00


Average:        IFACE   rxpck/s   txpck/s    rxkB/s    txkB/s   rxcmp/s   txcmp/s  rxmcst/s   %ifutil
Average:         ens5     40.53     64.59     24.12     44.75      0.00      0.00      0.00      0.00
