Linux 7.0.0-1008-aws (ip-172-31-31-224) 	07/24/26 	_x86_64_	(2 CPU)

06:38:00    kbmemfree   kbavail kbmemused  %memused kbbuffers  kbcached  kbcommit   %commit  kbactive   kbinact   kbdirty
06:38:01       451340   1339788    359524     18.43     14372    990860   1489636     76.36    776324    496808       232
06:38:02       451340   1339788    359524     18.43     14372    990860   1489636     76.36    776324    496808       232
06:38:03       451340   1339788    359524     18.43     14372    990860   1489636     76.36    776324    496808       232
06:38:04       451340   1339788    359524     18.43     14372    990860   1489636     76.36    776324    496808       232
06:38:05       451340   1339780    359532     18.43     14396    990828   1489636     76.36    776376    496800       236
06:38:06       451340   1339816    359496     18.43     14396    990864   1489636     76.36    776872    496836       188
06:38:07       451340   1339816    359496     18.43     14396    990864   1489636     76.36    776948    496836       188
06:38:08       451340   1339816    359496     18.43     14396    990864   1489636     76.36    776948    496836       188
06:38:09       451340   1339816    359496     18.43     14396    990864   1489636     76.36    776948    496836       188
06:38:10       451340   1339816    359492     18.43     14396    990868   1489636     76.36    776948    496836       192
06:38:11       451340   1339816    359492     18.43     14396    990868   1489636     76.36    776948    496836       192
06:38:12       451340   1339816    359492     18.43     14396    990868   1489636     76.36    776948    496836       192
06:38:13       451340   1339816    359492     18.43     14396    990868   1489636     76.36    776948    496836       192
06:38:14       451340   1339820    359400     18.42     14396    990960   1489636     76.36    776956    496840       200
06:38:15       451340   1339952    359352     18.42     14396    991008   1489636     76.36    777108    496844       148
06:38:16       451340   1339952    359352     18.42     14396    991008   1489636     76.36    777108    496844       148
06:38:17       451340   1339952    359352     18.42     14396    991008   1489636     76.36    777108    496844       148
06:38:18       451340   1339952    359352     18.42     14396    991008   1489636     76.36    777108    496844       148
06:38:19       451340   1339952    359352     18.42     14396    991008   1489636     76.36    777108    496844       148
06:38:20       451340   1339952    359348     18.42     14396    991012   1489636     76.36    777108    496844       156
06:38:21       451340   1339952    359344     18.42     14396    991016   1489636     76.36    777192    496844       160
06:38:22       451340   1339964    359344     18.42     14396    991016   1489636     76.36    777220    496856       160
06:38:23       451340   1339964    359344     18.42     14396    991016   1489636     76.36    777220    496856       160
06:38:24       451340   1339964    359344     18.42     14396    991016   1489636     76.36    777220    496856       160
06:38:25       451340   1339964    359340     18.42     14396    991020   1489636     76.36    777220    496856       164
06:38:26       451340   1339964    359340     18.42     14396    991020   1489636     76.36    777220    496856       164
06:38:27       451340   1339964    359340     18.42     14396    991020   1489636     76.36    777220    496856       164
06:38:28       451340   1339964    359340     18.42     14396    991020   1489636     76.36    777220    496856       164
06:38:29       451340   1339984    359296     18.42     14396    991032   1489636     76.36    777680    496876       176
06:38:30       451340   1339984    359296     18.42     14396    991032   1489636     76.36    777680    496876        84
06:38:31       451340   1339984    359296     18.42     14396    991032   1489636     76.36    777708    496876        40
06:38:32       451340   1339984    359296     18.42     14396    991032   1489636     76.36    777708    496876        40
06:38:33       451340   1339984    359296     18.42     14396    991032   1489636     76.36    777708    496876        40
06:38:34       451340   1339984    359288     18.42     14396    991040   1489636     76.36    777708    496876        48
06:38:35       451340   1339992    359264     18.42     14420    991040   1489576     76.36    777780    496828        88
06:38:36       451340   1339992    359264     18.42     14420    991040   1489576     76.36    777780    496828        96
06:38:37       451340   1339992    359264     18.42     14420    991040   1489576     76.36    777780    496828        96
06:38:38       451340   1339992    359264     18.42     14420    991040   1489576     76.36    777780    496828        96
06:38:39       451340   1339992    359264     18.42     14420    991040   1489576     76.36    777780    496828        96
06:38:40       451340   1339992    359260     18.42     14420    991044   1489576     76.36    777780    496828       100
06:38:41       451340   1340024    359244     18.42     14428    991048   1489576     76.36    777808    496860       112
06:38:42       451340   1340024    359244     18.42     14428    991048   1489576     76.36    777808    496860       112
06:38:43       451340   1340024    359244     18.42     14428    991048   1489576     76.36    777808    496860       112
06:38:44       451340   1340032    359232     18.41     14428    991060   1489576     76.36    777732    496868       124
06:38:45       451340   1340032    359232     18.41     14428    991060   1489576     76.36    777732    496868       124

Average:       451340   1339926    359364     18.42     14401    990979   1489621     76.36    777251    496844       148
