Linux 7.0.0-1008-aws (ip-172-31-31-224) 	07/24/26 	_x86_64_	(2 CPU)

06:38:00        IFACE   rxpck/s   txpck/s    rxkB/s    txkB/s   rxcmp/s   txcmp/s  rxmcst/s   %ifutil
06:38:01         ens5     52.00     39.00      4.50      4.59      0.00      0.00      0.00      0.00

06:38:01        IFACE   rxpck/s   txpck/s    rxkB/s    txkB/s   rxcmp/s   txcmp/s  rxmcst/s   %ifutil
06:38:02         ens5     50.00     40.00      4.38      4.42      0.00      0.00      0.00      0.00

06:38:02        IFACE   rxpck/s   txpck/s    rxkB/s    txkB/s   rxcmp/s   txcmp/s  rxmcst/s   %ifutil
06:38:03         ens5     34.00     27.00      2.99      3.01      0.00      0.00      0.00      0.00

06:38:03        IFACE   rxpck/s   txpck/s    rxkB/s    txkB/s   rxcmp/s   txcmp/s  rxmcst/s   %ifutil
06:38:04         ens5      0.00      0.00      0.00      0.00      0.00      0.00      0.00      0.00

06:38:04        IFACE   rxpck/s   txpck/s    rxkB/s    txkB/s   rxcmp/s   txcmp/s  rxmcst/s   %ifutil
06:38:05         ens5      0.00      0.00      0.00      0.00      0.00      0.00      0.00      0.00

06:38:05        IFACE   rxpck/s   txpck/s    rxkB/s    txkB/s   rxcmp/s   txcmp/s  rxmcst/s   %ifutil
06:38:06         ens5      1.00      1.00      0.07      0.09      0.00      0.00      0.00      0.00

06:38:06        IFACE   rxpck/s   txpck/s    rxkB/s    txkB/s   rxcmp/s   txcmp/s  rxmcst/s   %ifutil
06:38:07         ens5      0.00      0.00      0.00      0.00      0.00      0.00      0.00      0.00

06:38:07        IFACE   rxpck/s   txpck/s    rxkB/s    txkB/s   rxcmp/s   txcmp/s  rxmcst/s   %ifutil
06:38:08         ens5      0.00      0.00      0.00      0.00      0.00      0.00      0.00      0.00

06:38:08        IFACE   rxpck/s   txpck/s    rxkB/s    txkB/s   rxcmp/s   txcmp/s  rxmcst/s   %ifutil
06:38:09         ens5      0.00      0.00      0.00      0.00      0.00      0.00      0.00      0.00

06:38:09        IFACE   rxpck/s   txpck/s    rxkB/s    txkB/s   rxcmp/s   txcmp/s  rxmcst/s   %ifutil
06:38:10         ens5      0.00      0.00      0.00      0.00      0.00      0.00      0.00      0.00

06:38:10        IFACE   rxpck/s   txpck/s    rxkB/s    txkB/s   rxcmp/s   txcmp/s  rxmcst/s   %ifutil
06:38:11         ens5      0.00      0.00      0.00      0.00      0.00      0.00      0.00      0.00

06:38:11        IFACE   rxpck/s   txpck/s    rxkB/s    txkB/s   rxcmp/s   txcmp/s  rxmcst/s   %ifutil
06:38:12         ens5      0.00      0.00      0.00      0.00      0.00      0.00      0.00      0.00

06:38:12        IFACE   rxpck/s   txpck/s    rxkB/s    txkB/s   rxcmp/s   txcmp/s  rxmcst/s   %ifutil
06:38:13         ens5      0.00      0.00      0.00      0.00      0.00      0.00      0.00      0.00

06:38:13        IFACE   rxpck/s   txpck/s    rxkB/s    txkB/s   rxcmp/s   txcmp/s  rxmcst/s   %ifutil
06:38:14         ens5      0.00      0.00      0.00      0.00      0.00      0.00      0.00      0.00

06:38:14        IFACE   rxpck/s   txpck/s    rxkB/s    txkB/s   rxcmp/s   txcmp/s  rxmcst/s   %ifutil
06:38:15         ens5      0.00      0.00      0.00      0.00      0.00      0.00      0.00      0.00

06:38:15        IFACE   rxpck/s   txpck/s    rxkB/s    txkB/s   rxcmp/s   txcmp/s  rxmcst/s   %ifutil
06:38:16         ens5      0.00      0.00      0.00      0.00      0.00      0.00      0.00      0.00

06:38:16        IFACE   rxpck/s   txpck/s    rxkB/s    txkB/s   rxcmp/s   txcmp/s  rxmcst/s   %ifutil
06:38:17         ens5      0.00      0.00      0.00      0.00      0.00      0.00      0.00      0.00

06:38:17        IFACE   rxpck/s   txpck/s    rxkB/s    txkB/s   rxcmp/s   txcmp/s  rxmcst/s   %ifutil
06:38:18         ens5      0.00      0.00      0.00      0.00      0.00      0.00      0.00      0.00

06:38:18        IFACE   rxpck/s   txpck/s    rxkB/s    txkB/s   rxcmp/s   txcmp/s  rxmcst/s   %ifutil
06:38:19         ens5      0.00      0.00      0.00      0.00      0.00      0.00      0.00      0.00

06:38:19        IFACE   rxpck/s   txpck/s    rxkB/s    txkB/s   rxcmp/s   txcmp/s  rxmcst/s   %ifutil
06:38:20         ens5      0.00      0.00      0.00      0.00      0.00      0.00      0.00      0.00

06:38:20        IFACE   rxpck/s   txpck/s    rxkB/s    txkB/s   rxcmp/s   txcmp/s  rxmcst/s   %ifutil
06:38:21         ens5      0.00      0.00      0.00      0.00      0.00      0.00      0.00      0.00

06:38:21        IFACE   rxpck/s   txpck/s    rxkB/s    txkB/s   rxcmp/s   txcmp/s  rxmcst/s   %ifutil
06:38:22         ens5      1.00      1.00      0.07      0.09      0.00      0.00      0.00      0.00

06:38:22        IFACE   rxpck/s   txpck/s    rxkB/s    txkB/s   rxcmp/s   txcmp/s  rxmcst/s   %ifutil
06:38:23         ens5      0.00      0.00      0.00      0.00      0.00      0.00      0.00      0.00

06:38:23        IFACE   rxpck/s   txpck/s    rxkB/s    txkB/s   rxcmp/s   txcmp/s  rxmcst/s   %ifutil
06:38:24         ens5      0.00      0.00      0.00      0.00      0.00      0.00      0.00      0.00

06:38:24        IFACE   rxpck/s   txpck/s    rxkB/s    txkB/s   rxcmp/s   txcmp/s  rxmcst/s   %ifutil
06:38:25         ens5      0.00      0.00      0.00      0.00      0.00      0.00      0.00      0.00

06:38:25        IFACE   rxpck/s   txpck/s    rxkB/s    txkB/s   rxcmp/s   txcmp/s  rxmcst/s   %ifutil
06:38:26         ens5      0.00      0.00      0.00      0.00      0.00      0.00      0.00      0.00

06:38:26        IFACE   rxpck/s   txpck/s    rxkB/s    txkB/s   rxcmp/s   txcmp/s  rxmcst/s   %ifutil
06:38:27         ens5      0.00      0.00      0.00      0.00      0.00      0.00      0.00      0.00

06:38:27        IFACE   rxpck/s   txpck/s    rxkB/s    txkB/s   rxcmp/s   txcmp/s  rxmcst/s   %ifutil
06:38:28         ens5      0.00      0.00      0.00      0.00      0.00      0.00      0.00      0.00

06:38:28        IFACE   rxpck/s   txpck/s    rxkB/s    txkB/s   rxcmp/s   txcmp/s  rxmcst/s   %ifutil
06:38:29         ens5     63.00     68.00      3.64     51.72      0.00      0.00      0.00      0.00

06:38:29        IFACE   rxpck/s   txpck/s    rxkB/s    txkB/s   rxcmp/s   txcmp/s  rxmcst/s   %ifutil
06:38:30         ens5    132.00    129.00      7.61     92.68      0.00      0.00      0.00      0.00

06:38:30        IFACE   rxpck/s   txpck/s    rxkB/s    txkB/s   rxcmp/s   txcmp/s  rxmcst/s   %ifutil
06:38:31         ens5    129.00    135.00      7.51     98.35      0.00      0.00      0.00      0.00

06:38:31        IFACE   rxpck/s   txpck/s    rxkB/s    txkB/s   rxcmp/s   txcmp/s  rxmcst/s   %ifutil
06:38:32         ens5    128.00    128.00      7.41     92.62      0.00      0.00      0.00      0.00

06:38:32        IFACE   rxpck/s   txpck/s    rxkB/s    txkB/s   rxcmp/s   txcmp/s  rxmcst/s   %ifutil
06:38:33         ens5    124.00    129.00      7.21     92.70      0.00      0.00      0.00      0.00

06:38:33        IFACE   rxpck/s   txpck/s    rxkB/s    txkB/s   rxcmp/s   txcmp/s  rxmcst/s   %ifutil
06:38:34         ens5    127.00    134.00      7.40     98.27      0.00      0.00      0.00      0.00

06:38:34        IFACE   rxpck/s   txpck/s    rxkB/s    txkB/s   rxcmp/s   txcmp/s  rxmcst/s   %ifutil
06:38:35         ens5    127.00    129.00      7.36     92.70      0.00      0.00      0.00      0.00

06:38:35        IFACE   rxpck/s   txpck/s    rxkB/s    txkB/s   rxcmp/s   txcmp/s  rxmcst/s   %ifutil
06:38:36         ens5    129.00    129.00      7.63     92.90      0.00      0.00      0.00      0.00

06:38:36        IFACE   rxpck/s   txpck/s    rxkB/s    txkB/s   rxcmp/s   txcmp/s  rxmcst/s   %ifutil
06:38:37         ens5    126.00    128.00      7.36     92.66      0.00      0.00      0.00      0.00

06:38:37        IFACE   rxpck/s   txpck/s    rxkB/s    txkB/s   rxcmp/s   txcmp/s  rxmcst/s   %ifutil
06:38:38         ens5    126.00    129.00      7.34     92.76      0.00      0.00      0.00      0.00

06:38:38        IFACE   rxpck/s   txpck/s    rxkB/s    txkB/s   rxcmp/s   txcmp/s  rxmcst/s   %ifutil
06:38:39         ens5    124.00    128.00      7.22     92.67      0.00      0.00      0.00      0.00

06:38:39        IFACE   rxpck/s   txpck/s    rxkB/s    txkB/s   rxcmp/s   txcmp/s  rxmcst/s   %ifutil
06:38:40         ens5    126.00    129.00      7.33     92.75      0.00      0.00      0.00      0.00

06:38:40        IFACE   rxpck/s   txpck/s    rxkB/s    txkB/s   rxcmp/s   txcmp/s  rxmcst/s   %ifutil
06:38:41         ens5    125.00    127.00      7.26     92.59      0.00      0.00      0.00      0.00

06:38:41        IFACE   rxpck/s   txpck/s    rxkB/s    txkB/s   rxcmp/s   txcmp/s  rxmcst/s   %ifutil
06:38:42         ens5      0.00      0.00      0.00      0.00      0.00      0.00      0.00      0.00

06:38:42        IFACE   rxpck/s   txpck/s    rxkB/s    txkB/s   rxcmp/s   txcmp/s  rxmcst/s   %ifutil
06:38:43         ens5      0.00      0.00      0.00      0.00      0.00      0.00      0.00      0.00

06:38:43        IFACE   rxpck/s   txpck/s    rxkB/s    txkB/s   rxcmp/s   txcmp/s  rxmcst/s   %ifutil
06:38:44         ens5      0.00      0.00      0.00      0.00      0.00      0.00      0.00      0.00

06:38:44        IFACE   rxpck/s   txpck/s    rxkB/s    txkB/s   rxcmp/s   txcmp/s  rxmcst/s   %ifutil
06:38:45         ens5      0.00      0.00      0.00      0.00      0.00      0.00      0.00      0.00


Average:        IFACE   rxpck/s   txpck/s    rxkB/s    txkB/s   rxcmp/s   txcmp/s  rxmcst/s   %ifutil
Average:         ens5     38.31     38.44      2.32     26.39      0.00      0.00      0.00      0.00
