Linux 7.0.0-1008-aws (ip-172-31-20-134) 	07/24/26 	_x86_64_	(2 CPU)

16:38:11    kbmemfree   kbavail kbmemused  %memused kbbuffers  kbcached  kbcommit   %commit  kbactive   kbinact   kbdirty
16:38:12       347396   1337380    359556     18.43     47168   1058740   1366472     70.05    302304   1061112       316
16:38:13       347396   1337380    359556     18.43     47168   1058740   1366472     70.05    302304   1061112       316
16:38:14       347396   1337388    359544     18.43     47168   1058752   1366472     70.05    302388   1061120       328
16:38:15       347396   1337388    359544     18.43     47168   1058752   1366472     70.05    302388   1061120       328
16:38:16       347396   1337388    359544     18.43     47168   1058752   1366472     70.05    302388   1061120       328
16:38:17       347396   1337388    359540     18.43     47168   1058756   1366472     70.05    302388   1061120       332
16:38:18       347396   1337388    359540     18.43     47168   1058756   1366472     70.05    302976   1061120       332
16:38:19       347396   1337392    359520     18.43     47188   1058756   1366472     70.05    303112   1061124       372
16:38:20       347396   1337392    359520     18.43     47188   1058756   1366472     70.05    303116   1061124       260
16:38:21       347396   1337392    359520     18.43     47188   1058756   1366472     70.05    303116   1061124       260
16:38:22       347396   1337392    359516     18.43     47188   1058760   1366472     70.05    303116   1061124       264
16:38:23       347396   1337392    359516     18.43     47188   1058760   1366472     70.05    303116   1061124       264
16:38:24       347396   1337392    359516     18.43     47188   1058760   1366472     70.05    303116   1061124       264
16:38:25       347396   1337392    359516     18.43     47188   1058760   1366472     70.05    303116   1061124       264
16:38:26       347396   1337392    359516     18.43     47188   1058760   1366472     70.05    303116   1061124       264
16:38:27       347396   1337392    359516     18.43     47188   1058760   1366472     70.05    303116   1061124       264
16:38:28       347396   1337392    359516     18.43     47188   1058760   1366472     70.05    303116   1061124       264
16:38:29       347144   1337180    359756     18.44     47188   1058772   1366472     70.05    303412   1061164       276
16:38:30       346892   1337032    359904     18.45     47188   1058876   1370824     70.27    304100   1061268       380
16:38:31       346640   1336852    360036     18.46     47188   1058996   1370824     70.27    304352   1061340       500
16:38:32       346388   1336768    360168     18.46     47188   1059116   1370824     70.27    304804   1061508       620
16:38:33       345128   1335568    361304     18.52     47188   1059240   1370824     70.27    305960   1061568       744
16:38:34       345128   1335652    361188     18.51     47188   1059356   1370824     70.27    306244   1061652       816
16:38:35       344876   1335584    361324     18.52     47188   1059472   1379152     70.70    306268   1061836       932
16:38:36       344624   1335432    361460     18.53     47188   1059588   1379152     70.70    306332   1061936      1052
16:38:37       344372   1335300    361596     18.54     47188   1059704   1379152     70.70    306420   1062056      1168
16:38:38       343868   1334952    361984     18.56     47188   1059820   1379152     70.70    306788   1062212      1284
16:38:39       343616   1334808    362112     18.56     47188   1059944   1379152     70.70    306804   1062320      1408
16:38:40       343616   1334912    361996     18.56     47188   1060060   1379152     70.70    306824   1062424      1524
16:38:41       343364   1334804    362132     18.56     47188   1060176   1379152     70.70    306944   1062568      1516
16:38:42       343112   1334568    362280     18.57     47188   1060280   1379152     70.70    307076   1062584       120
16:38:43       343112   1334568    362280     18.57     47188   1060280   1379152     70.70    307076   1062584       124
16:38:44       343112   1334656    362272     18.57     47188   1060288   1379152     70.70    307028   1062672       132
16:38:45       343112   1334656    362268     18.57     47188   1060292   1379152     70.70    307028   1062672       136
16:38:46       343112   1334668    362264     18.57     47188   1060296   1379152     70.70    307108   1062684        40

Average:       345913   1336388    360523     18.48     47184   1059240   1371441     70.30    304539   1061603       508
