Linux 7.0.0-1008-aws (ip-172-31-20-134) 	08/07/26 	_x86_64_	(2 CPU)

17:08:26        CPU     %user     %nice   %system   %iowait    %steal     %idle
17:08:27        all      1.52      0.00      1.52      0.00      0.00     96.95
17:08:28        all      0.50      0.00      0.00      0.00      0.00     99.50
17:08:29        all      4.55      0.00      1.01      0.00      0.00     94.44
17:08:30        all      1.00      0.00      0.00      0.00      0.00     99.00
17:08:31        all      0.00      0.00      0.00      0.00      0.00    100.00
17:08:32        all      0.50      0.00      0.50      0.50      0.00     98.49
17:08:33        all      0.50      0.00      0.50      0.00      0.00     99.00
17:08:34        all      5.05      0.00      0.51      0.00      0.51     93.94
17:08:35        all      6.50      0.00      2.00      0.50      0.00     91.00
17:08:36        all      7.11      0.00      1.02      0.00      0.00     91.88
17:08:37        all      7.61      0.00      0.51      0.00      0.00     91.88
17:08:38        all      7.11      0.00      0.51      0.00      0.00     92.39
17:08:39        all      6.57      0.00      1.01      0.00      0.00     92.42
17:08:40        all      6.60      0.00      1.52      0.00      0.00     91.88
17:08:41        all      7.61      0.00      0.51      0.00      0.00     91.88
17:08:42        all      7.00      0.00      1.00      0.00      0.50     91.50
17:08:43        all      6.63      0.00      1.02      0.00      0.00     92.35
17:08:44        all     12.69      0.00      2.03      0.00      0.00     85.28
17:08:45        all      6.57      0.00      1.01      0.00      0.00     92.42
17:08:46        all      7.07      0.00      1.52      0.00      0.00     91.41
17:08:47        all      6.60      0.00      0.51      0.00      0.00     92.89
17:08:48        all      7.18      0.00      0.00      0.00      0.00     92.82
17:08:49        all      6.63      0.00      1.02      0.00      0.00     92.35
17:08:50        all      7.54      0.00      1.01      0.00      0.00     91.46
17:08:51        all      7.11      0.00      1.02      0.00      0.51     91.37
17:08:52        all      6.67      0.00      0.00      0.00      0.00     93.33
17:08:53        all      7.11      0.00      1.02      0.00      0.00     91.88
17:08:54        all      7.04      0.00      1.01      0.00      0.00     91.96
17:08:55        all      7.58      0.00      1.01      0.00      0.00     91.41
17:08:56        all      6.12      0.00      1.02      0.00      0.00     92.86
17:08:57        all      7.07      0.00      0.51      0.00      0.00     92.42
17:08:58        all      7.58      0.00      1.01      0.00      0.00     91.41
17:08:59        all     11.79      0.00      2.05      0.00      0.00     86.15
17:09:00        all      7.07      0.00      1.01      0.00      1.01     90.91
17:09:01        all      6.09      0.00      0.51      0.00      0.00     93.40
17:09:02        all      7.58      0.00      1.01      1.01      0.51     89.90
17:09:03        all      7.11      0.00      1.02      0.00      0.00     91.88
17:09:04        all      6.60      0.00      0.51      0.00      0.00     92.89
17:09:05        all      6.63      0.00      0.51      0.00      0.00     92.86
17:09:06        all      8.00      0.00      1.00      0.00      0.50     90.50
17:09:07        all      7.11      0.00      1.02      0.00      0.00     91.88
17:09:08        all      6.63      0.00      0.51      0.00      0.00     92.86
17:09:09        all      7.11      0.00      0.51      0.00      0.00     92.39
17:09:10        all      7.07      0.00      1.52      0.00      0.00     91.41
17:09:11        all      6.63      0.00      0.51      0.00      0.00     92.86
17:09:12        all      7.11      0.00      0.51      0.00      0.00     92.39
17:09:13        all      6.63      0.00      0.00      0.00      0.00     93.37
17:09:14        all     12.18      0.00      2.54      0.00      0.00     85.28
17:09:15        all     10.66      0.00      1.02      0.00      0.00     88.32
17:09:16        all      7.58      0.00      0.51      0.00      0.00     91.92
17:09:17        all      7.11      0.00      1.02      0.00      0.00     91.88
17:09:18        all      7.11      0.00      0.51      0.00      0.00     92.39
17:09:19        all      6.60      0.00      0.51      0.00      0.00     92.89
17:09:20        all      6.67      0.00      0.51      0.00      0.00     92.82
17:09:21        all      7.07      0.00      1.52      0.00      0.00     91.41
17:09:22        all      7.11      0.00      0.51      0.00      0.00     92.39
17:09:23        all      7.00      0.00      1.00      0.00      0.00     92.00
17:09:24        all      7.11      0.00      0.51      0.00      0.00     92.39
17:09:25        all      6.15      0.00      0.51      0.00      0.00     93.33
17:09:26        all      7.58      0.00      0.51      0.00      0.00     91.92
17:09:27        all      6.60      0.00      1.52      0.00      0.00     91.88
17:09:28        all      6.12      0.00      0.51      0.00      0.00     93.37
17:09:29        all     12.18      0.00      2.54      0.00      0.00     85.28
17:09:30        all      6.09      0.00      0.51      0.00      1.02     92.39
17:09:31        all      7.61      0.00      0.51      0.00      0.00     91.88
17:09:32        all      6.63      0.00      1.02      0.00      0.00     92.35
17:09:33        all      7.07      0.00      1.01      0.51      0.00     91.41
17:09:34        all      6.60      0.00      1.02      0.00      0.00     92.39
17:09:35        all      7.11      0.00      0.00      0.00      0.00     92.89
17:09:36        all      6.60      0.00      2.03      0.00      0.00     91.37
17:09:37        all      6.57      0.00      0.51      0.00      0.00     92.93
17:09:38        all      1.01      0.00      0.50      0.00      0.00     98.49

Average:        all      6.61      0.00      0.86      0.04      0.06     92.44
