Linux 7.0.0-1008-aws (ip-172-31-20-134) 	08/07/26 	_x86_64_	(2 CPU)

17:08:26    kbmemfree   kbavail kbmemused  %memused kbbuffers  kbcached  kbcommit   %commit  kbactive   kbinact   kbdirty
17:08:27        97708   1299312    369420     18.94     13660   1278712   1635776     83.85    733416    835776      1004
17:08:28        97708   1299312    369420     18.94     13660   1278712   1635776     83.85    733416    835776      1004
17:08:29        97708   1299320    369408     18.94     13660   1278724   1635776     83.85    733448    835784       376
17:08:30        97708   1299320    369408     18.94     13660   1278724   1635776     83.85    733448    835784       376
17:08:31        97708   1299320    369408     18.94     13660   1278724   1635776     83.85    733448    835784       376
17:08:32        97708   1299320    369380     18.93     13684   1278728   1635776     83.85    733448    835784       440
17:08:33        97708   1299324    369380     18.93     13684   1278728   1636032     83.87    734068    835788       312
17:08:34        95440   1297084    371648     19.05     13684   1278728   1637908     83.96    737940    835816       312
17:08:35        94432   1296156    372576     19.10     13684   1278808   1642464     84.20    739704    835896       236
17:08:36        93676   1295488    373248     19.13     13684   1278896   1642880     84.22    741436    835984       324
17:08:37        93424   1295312    373420     19.14     13684   1278976   1651480     84.66    741020    836060       404
17:08:38        93172   1295084    373600     19.15     13684   1279048   1651640     84.67    741372    836084       476
17:08:39        92920   1294976    373760     19.16     13684   1279140   1652100     84.69    741844    836228       568
17:08:40        92668   1294796    373940     19.17     13684   1279212   1652260     84.70    742020    836300       640
17:08:41        92416   1294636    374096     19.18     13684   1279308   1652260     84.70    742300    836392       736
17:08:42        92164   1294456    374280     19.19     13684   1279376   1652292     84.70    742476    836464       804
17:08:43        92164   1294512    374188     19.18     13684   1279468   1652316     84.70    742544    836520       896
17:08:44        91156   1293624    375108     19.23     13684   1279556   1652356     84.70    743084    836640       984
17:08:45        91156   1293628    375032     19.22     13684   1279632   1652372     84.70    743288    836644      1060
17:08:46        90904   1293480    375192     19.23     13684   1279724   1652372     84.70    743324    836748      1100
17:08:47        90904   1293596    375116     19.23     13684   1279800   1652372     84.70    743332    836864      1176
17:08:48        90148   1292936    375788     19.26     13684   1279884   1652372     84.70    743856    836960      1260
17:08:49        90148   1292988    375708     19.26     13684   1279964   1652372     84.70    743928    837012      1340
17:08:50        90148   1292988    375624     19.26     13684   1280048   1652372     84.70    742920    837012      1424
17:08:51        89896   1292860    375796     19.26     13684   1280128   1652372     84.70    742880    837136      1504
17:08:52        89896   1292984    375712     19.26     13684   1280212   1652372     84.70    742688    837260      1588
17:08:53        89644   1292852    375884     19.27     13684   1280292   1652372     84.70    742900    837380      1668
17:08:54        89644   1292852    375808     19.26     13684   1280368   1652372     84.70    742940    837380      1744
17:08:55        89392   1292752    375972     19.27     13684   1280456   1652448     84.71    743620    837532      1832
17:08:56        89140   1292572    376140     19.28     13684   1280540   1652448     84.71    743708    837604      1916
17:08:57        88888   1292376    376312     19.29     13684   1280620   1652536     84.71    743900    837660      1996
17:08:58        86856   1290404    378264     19.39     13684   1280700   1652536     84.71    743920    837720      2076
17:08:59        86856   1290548    378168     19.39     13684   1280796   1652536     84.71    744116    837864      2172
17:09:00        86604   1290404    378332     19.39     13684   1280884   1652724     84.72    744260    837972        40
17:09:01        86604   1290404    378256     19.39     13684   1280960   1652724     84.72    744340    837972       124
17:09:02        86604   1290560    378168     19.39     13732   1281000   1652740     84.72    744348    838128       432
17:09:03        85596   1289604    379056     19.43     13732   1281120   1652872     84.73    744992    838180       536
17:09:04        85596   1289744    378976     19.43     13732   1281200   1652872     84.73    745092    838320       616
17:09:05        85596   1289744    378892     19.42     13732   1281284   1652956     84.73    745092    838320       700
17:09:06        85596   1289856    378812     19.42     13732   1281364   1652952     84.73    743652    838432       780
17:09:07        85596   1290000    378724     19.41     13732   1281452   1652952     84.73    743672    838576       868
17:09:08        85596   1290080    378644     19.41     13732   1281532   1652952     84.73    743884    838656       948
17:09:09        85596   1290156    378564     19.41     13732   1281612   1652952     84.73    744012    838732      1028
17:09:10        85596   1290156    378488     19.40     13732   1281688   1652948     84.73    744012    838732      1104
17:09:11        85596   1290272    378400     19.40     13732   1281776   1652948     84.73    744020    838848      1192
17:09:12        85596   1290400    378312     19.39     13732   1281864   1652836     84.73    744600    838976      1280
17:09:13        85596   1290448    378236     19.39     13732   1281940   1652836     84.73    744648    839024      1356
17:09:14        85596   1290592    378140     19.38     13732   1282036   1652904     84.73    745048    839168      1452
17:09:15        85596   1290592    378064     19.38     13732   1282112   1652904     84.73    745076    839168      1528
17:09:16        85596   1290684    377988     19.38     13732   1282188   1652904     84.73    745108    839260      1604
17:09:17        85596   1290824    377900     19.37     13732   1282276   1652924     84.73    745352    839400      1640
17:09:18        84588   1289916    378820     19.42     13732   1282364   1657020     84.94    746076    839500      1728
17:09:19        84588   1289952    378744     19.41     13732   1282440   1657020     84.94    746148    839536      1808
17:09:20        84336   1289784    378912     19.42     13732   1282524   1657632     84.97    746736    839620      1892
17:09:21        84336   1289848    378820     19.42     13732   1282616   1657632     84.97    747116    839684      1984
17:09:22        84084   1289716    379000     19.43     13732   1282688   1657632     84.97    746280    839804      2056
17:09:23        84084   1289716    378912     19.42     13732   1282776   1657632     84.97    746240    839804      2144
17:09:24        84084   1289840    378836     19.42     13732   1282852   1657632     84.97    746240    839928      2220
17:09:25        84084   1289980    378748     19.42     13732   1282940   1657632     84.97    746264    840068      2308
17:09:26        84084   1289980    378672     19.41     13732   1283016   1657632     84.97    746264    840068      2384
17:09:27        84084   1290100    378580     19.41     13732   1283108   1657632     84.97    746268    840188      2476
17:09:28        84084   1290224    378500     19.40     13732   1283188   1657632     84.97    746268    840312      2556
17:09:29        84084   1290324    378404     19.40     13732   1283284   1657632     84.97    746144    840412      2652
17:09:30        82932   1289172    379480     19.45     13732   1283360   1657632     84.97    746144    840412      2560
17:09:31        82868   1289240    379456     19.45     13732   1283448   1657748     84.98    746216    840544      2576
17:09:32        82868   1289296    379380     19.45     13756   1283500   1657748     84.98    746284    840600      2652
17:09:33        82868   1289464    379264     19.44     13756   1283616   1657748     84.98    746956    840768      2492
17:09:34        82868   1289464    379184     19.44     13756   1283696   1657748     84.98    746956    840768      2572
17:09:35        82868   1289544    379100     19.43     13756   1283780   1657748     84.98    746984    840848      2652
17:09:36        82616   1289464    379260     19.44     13760   1283868   1657884     84.99    746956    841020        76
17:09:37        82364   1289312    379424     19.45     13760   1283956   1657884     84.99    747360    841120       176
17:09:38        82112   1289060    379604     19.46     13760   1284028   1657884     84.99    747360    841120       248

Average:        88192   1292210    376490     19.30     13710   1281112   1651933     84.68    743336    838189      1300
