Linux 7.0.0-1010-aws (ip-172-31-31-224) 	08/11/26 	_x86_64_	(2 CPU)

06:58:28        IFACE   rxpck/s   txpck/s    rxkB/s    txkB/s   rxcmp/s   txcmp/s  rxmcst/s   %ifutil
06:58:29         ens5     50.00     46.00      4.20      6.04      0.00      0.00      0.00      0.00

06:58:29        IFACE   rxpck/s   txpck/s    rxkB/s    txkB/s   rxcmp/s   txcmp/s  rxmcst/s   %ifutil
06:58:30         ens5     56.00     50.00      4.78      5.93      0.00      0.00      0.00      0.00

06:58:30        IFACE   rxpck/s   txpck/s    rxkB/s    txkB/s   rxcmp/s   txcmp/s  rxmcst/s   %ifutil
06:58:31         ens5     10.00     11.00      0.73      1.85      0.00      0.00      0.00      0.00

06:58:31        IFACE   rxpck/s   txpck/s    rxkB/s    txkB/s   rxcmp/s   txcmp/s  rxmcst/s   %ifutil
06:58:32         ens5     10.00      7.00      0.51      1.46      0.00      0.00      0.00      0.00

06:58:32        IFACE   rxpck/s   txpck/s    rxkB/s    txkB/s   rxcmp/s   txcmp/s  rxmcst/s   %ifutil
06:58:33         ens5      6.00      6.00      0.30      1.33      0.00      0.00      0.00      0.00

06:58:33        IFACE   rxpck/s   txpck/s    rxkB/s    txkB/s   rxcmp/s   txcmp/s  rxmcst/s   %ifutil
06:58:34         ens5      8.00     10.00      0.41      1.94      0.00      0.00      0.00      0.00

06:58:34        IFACE   rxpck/s   txpck/s    rxkB/s    txkB/s   rxcmp/s   txcmp/s  rxmcst/s   %ifutil
06:58:35         ens5      7.00      7.00      0.36      1.52      0.00      0.00      0.00      0.00

06:58:35        IFACE   rxpck/s   txpck/s    rxkB/s    txkB/s   rxcmp/s   txcmp/s  rxmcst/s   %ifutil
06:58:36         ens5      4.00      3.00      0.20      0.66      0.00      0.00      0.00      0.00

06:58:36        IFACE   rxpck/s   txpck/s    rxkB/s    txkB/s   rxcmp/s   txcmp/s  rxmcst/s   %ifutil
06:58:37         ens5      3.00      3.00      0.15      0.61      0.00      0.00      0.00      0.00

06:58:37        IFACE   rxpck/s   txpck/s    rxkB/s    txkB/s   rxcmp/s   txcmp/s  rxmcst/s   %ifutil
06:58:38         ens5      0.00      0.00      0.00      0.00      0.00      0.00      0.00      0.00

06:58:38        IFACE   rxpck/s   txpck/s    rxkB/s    txkB/s   rxcmp/s   txcmp/s  rxmcst/s   %ifutil
06:58:39         ens5     22.00     24.00      1.33     17.39      0.00      0.00      0.00      0.00

06:58:39        IFACE   rxpck/s   txpck/s    rxkB/s    txkB/s   rxcmp/s   txcmp/s  rxmcst/s   %ifutil
06:58:40         ens5      0.00      0.00      0.00      0.00      0.00      0.00      0.00      0.00

06:58:40        IFACE   rxpck/s   txpck/s    rxkB/s    txkB/s   rxcmp/s   txcmp/s  rxmcst/s   %ifutil
06:58:41         ens5      0.00      0.00      0.00      0.00      0.00      0.00      0.00      0.00

06:58:41        IFACE   rxpck/s   txpck/s    rxkB/s    txkB/s   rxcmp/s   txcmp/s  rxmcst/s   %ifutil
06:58:42         ens5      0.00      1.00      0.00      0.06      0.00      0.00      0.00      0.00

06:58:42        IFACE   rxpck/s   txpck/s    rxkB/s    txkB/s   rxcmp/s   txcmp/s  rxmcst/s   %ifutil
06:58:43         ens5    350.00    372.00     21.67    230.69      0.00      0.00      0.00      0.00

06:58:43        IFACE   rxpck/s   txpck/s    rxkB/s    txkB/s   rxcmp/s   txcmp/s  rxmcst/s   %ifutil
06:58:44         ens5    776.00    875.00     48.33    543.75      0.00      0.00      0.00      0.00

06:58:44        IFACE   rxpck/s   txpck/s    rxkB/s    txkB/s   rxcmp/s   txcmp/s  rxmcst/s   %ifutil
06:58:45         ens5    443.00    489.00     27.39    297.45      0.00      0.00      0.00      0.00

06:58:45        IFACE   rxpck/s   txpck/s    rxkB/s    txkB/s   rxcmp/s   txcmp/s  rxmcst/s   %ifutil
06:58:46         ens5     49.00     48.00      2.95     30.02      0.00      0.00      0.00      0.00

06:58:46        IFACE   rxpck/s   txpck/s    rxkB/s    txkB/s   rxcmp/s   txcmp/s  rxmcst/s   %ifutil
06:58:47         ens5      0.00      0.00      0.00      0.00      0.00      0.00      0.00      0.00

06:58:47        IFACE   rxpck/s   txpck/s    rxkB/s    txkB/s   rxcmp/s   txcmp/s  rxmcst/s   %ifutil
06:58:48         ens5      0.00      0.00      0.00      0.00      0.00      0.00      0.00      0.00

06:58:48        IFACE   rxpck/s   txpck/s    rxkB/s    txkB/s   rxcmp/s   txcmp/s  rxmcst/s   %ifutil
06:58:49         ens5      1.00      1.00      0.21      0.22      0.00      0.00      0.00      0.00

06:58:49        IFACE   rxpck/s   txpck/s    rxkB/s    txkB/s   rxcmp/s   txcmp/s  rxmcst/s   %ifutil
06:58:50         ens5      0.00      0.00      0.00      0.00      0.00      0.00      0.00      0.00

06:58:50        IFACE   rxpck/s   txpck/s    rxkB/s    txkB/s   rxcmp/s   txcmp/s  rxmcst/s   %ifutil
06:58:51         ens5      0.00      0.00      0.00      0.00      0.00      0.00      0.00      0.00

06:58:51        IFACE   rxpck/s   txpck/s    rxkB/s    txkB/s   rxcmp/s   txcmp/s  rxmcst/s   %ifutil
06:58:52         ens5      0.00      0.00      0.00      0.00      0.00      0.00      0.00      0.00

06:58:52        IFACE   rxpck/s   txpck/s    rxkB/s    txkB/s   rxcmp/s   txcmp/s  rxmcst/s   %ifutil
06:58:53         ens5      0.00      0.00      0.00      0.00      0.00      0.00      0.00      0.00


Average:        IFACE   rxpck/s   txpck/s    rxkB/s    txkB/s   rxcmp/s   txcmp/s  rxmcst/s   %ifutil
Average:         ens5     71.80     78.12      4.54     45.64      0.00      0.00      0.00      0.00
