Linux 7.0.0-1010-aws (ip-172-31-20-134) 	08/11/26 	_x86_64_	(2 CPU)

17:02:44        IFACE   rxpck/s   txpck/s    rxkB/s    txkB/s   rxcmp/s   txcmp/s  rxmcst/s   %ifutil
17:02:45         ens5     53.00     45.00      4.45      5.10      0.00      0.00      0.00      0.00

17:02:45        IFACE   rxpck/s   txpck/s    rxkB/s    txkB/s   rxcmp/s   txcmp/s  rxmcst/s   %ifutil
17:02:46         ens5     31.00     25.00      2.73      2.77      0.00      0.00      0.00      0.00

17:02:46        IFACE   rxpck/s   txpck/s    rxkB/s    txkB/s   rxcmp/s   txcmp/s  rxmcst/s   %ifutil
17:02:47         ens5      0.00      0.00      0.00      0.00      0.00      0.00      0.00      0.00

17:02:47        IFACE   rxpck/s   txpck/s    rxkB/s    txkB/s   rxcmp/s   txcmp/s  rxmcst/s   %ifutil
17:02:48         ens5      0.00      0.00      0.00      0.00      0.00      0.00      0.00      0.00

17:02:48        IFACE   rxpck/s   txpck/s    rxkB/s    txkB/s   rxcmp/s   txcmp/s  rxmcst/s   %ifutil
17:02:49         ens5      0.00      0.00      0.00      0.00      0.00      0.00      0.00      0.00

17:02:49        IFACE   rxpck/s   txpck/s    rxkB/s    txkB/s   rxcmp/s   txcmp/s  rxmcst/s   %ifutil
17:02:50         ens5      0.00      0.00      0.00      0.00      0.00      0.00      0.00      0.00

17:02:50        IFACE   rxpck/s   txpck/s    rxkB/s    txkB/s   rxcmp/s   txcmp/s  rxmcst/s   %ifutil
17:02:51         ens5     33.00     35.00     22.35      2.75      0.00      0.00      0.00      0.00

17:02:51        IFACE   rxpck/s   txpck/s    rxkB/s    txkB/s   rxcmp/s   txcmp/s  rxmcst/s   %ifutil
17:02:52         ens5      0.00      0.00      0.00      0.00      0.00      0.00      0.00      0.00

17:02:52        IFACE   rxpck/s   txpck/s    rxkB/s    txkB/s   rxcmp/s   txcmp/s  rxmcst/s   %ifutil
17:02:53         ens5      0.00      0.00      0.00      0.00      0.00      0.00      0.00      0.00

17:02:53        IFACE   rxpck/s   txpck/s    rxkB/s    txkB/s   rxcmp/s   txcmp/s  rxmcst/s   %ifutil
17:02:54         ens5      0.00      0.00      0.00      0.00      0.00      0.00      0.00      0.00

17:02:54        IFACE   rxpck/s   txpck/s    rxkB/s    txkB/s   rxcmp/s   txcmp/s  rxmcst/s   %ifutil
17:02:55         ens5    176.00    191.00     68.47     18.50      0.00      0.00      0.00      0.00

17:02:55        IFACE   rxpck/s   txpck/s    rxkB/s    txkB/s   rxcmp/s   txcmp/s  rxmcst/s   %ifutil
17:02:56         ens5    710.00    730.00    281.73     68.17      0.00      0.00      0.00      0.00

17:02:56        IFACE   rxpck/s   txpck/s    rxkB/s    txkB/s   rxcmp/s   txcmp/s  rxmcst/s   %ifutil
17:02:57         ens5    533.00    649.00    214.40     64.03      0.00      0.00      0.00      0.00

17:02:57        IFACE   rxpck/s   txpck/s    rxkB/s    txkB/s   rxcmp/s   txcmp/s  rxmcst/s   %ifutil
17:02:58         ens5     37.00     71.00     14.82      8.43      0.00      0.00      0.00      0.00

17:02:58        IFACE   rxpck/s   txpck/s    rxkB/s    txkB/s   rxcmp/s   txcmp/s  rxmcst/s   %ifutil
17:02:59         ens5      0.00      0.00      0.00      0.00      0.00      0.00      0.00      0.00

17:02:59        IFACE   rxpck/s   txpck/s    rxkB/s    txkB/s   rxcmp/s   txcmp/s  rxmcst/s   %ifutil
17:03:00         ens5      1.00      1.00      0.06      0.07      0.00      0.00      0.00      0.00

17:03:00        IFACE   rxpck/s   txpck/s    rxkB/s    txkB/s   rxcmp/s   txcmp/s  rxmcst/s   %ifutil
17:03:01         ens5      0.00      0.99      0.00      0.07      0.00      0.00      0.00      0.00

17:03:01        IFACE   rxpck/s   txpck/s    rxkB/s    txkB/s   rxcmp/s   txcmp/s  rxmcst/s   %ifutil
17:03:02         ens5      0.00      0.00      0.00      0.00      0.00      0.00      0.00      0.00

17:03:02        IFACE   rxpck/s   txpck/s    rxkB/s    txkB/s   rxcmp/s   txcmp/s  rxmcst/s   %ifutil
17:03:03         ens5      0.00      1.00      0.00      0.07      0.00      0.00      0.00      0.00

17:03:03        IFACE   rxpck/s   txpck/s    rxkB/s    txkB/s   rxcmp/s   txcmp/s  rxmcst/s   %ifutil
17:03:04         ens5      0.00      0.00      0.00      0.00      0.00      0.00      0.00      0.00

17:03:04        IFACE   rxpck/s   txpck/s    rxkB/s    txkB/s   rxcmp/s   txcmp/s  rxmcst/s   %ifutil
17:03:05         ens5      2.00      3.00      0.10      0.23      0.00      0.00      0.00      0.00


Average:        IFACE   rxpck/s   txpck/s    rxkB/s    txkB/s   rxcmp/s   txcmp/s  rxmcst/s   %ifutil
Average:         ens5     75.01     83.39     28.99      8.10      0.00      0.00      0.00      0.00
