Linux 7.0.0-1008-aws (ip-172-31-31-224) 	08/07/26 	_x86_64_	(2 CPU)

05:08:24    kbmemfree   kbavail kbmemused  %memused kbbuffers  kbcached  kbcommit   %commit  kbactive   kbinact   kbdirty
05:08:25       741368   1256568    394856     20.24      6476    653484   1463364     75.01    241956    726976        16
05:08:26       654176   1169376    482048     24.71      6476    653484   1542524     79.07    320308    726976        12
05:08:27       597728   1112928    538496     27.60      6476    653484   1605388     82.29    385648    726976        12
05:08:28       469208    984408    667016     34.19      6476    653484   1726664     88.51    507492    726976        12
05:08:29       372440    887640    763784     39.15      6476    653484   1822288     93.41    602060    726976        12
05:08:30       316244    831444    819980     42.03      6476    653484   1889340     96.85    666948    726976        12
05:08:31       259796    774996    876428     44.93      6476    653484   1939652     99.43    719964    726976        12
05:08:32       146900    662100    989324     50.71      6476    653484   2056340    105.41    835972    726976        12
05:08:33       146900    662100    989324     50.71      6476    653484   2056340    105.41    835972    726976        12
05:08:34       146900    662100    989324     50.71      6476    653484   2056340    105.41    835972    726976        12
05:08:35       146900    662100    989324     50.71      6476    653484   2056340    105.41    835972    726976        12
05:08:36       146900    662100    989324     50.71      6476    653484   2056340    105.41    835972    726976        12
05:08:37       146900    662100    989324     50.71      6476    653484   2056340    105.41    835972    726976        12
05:08:38       146900    662100    989324     50.71      6476    653484   2056340    105.41    835972    726976        12
05:08:39       146900    662100    989324     50.71      6476    653484   2056340    105.41    835972    726976        12
05:08:40       146900    662100    989324     50.71      6476    653484   2056340    105.41    835972    726976        12
05:08:41       146900    662100    989324     50.71      6476    653484   2056340    105.41    836056    726976        12
05:08:42       146900    662100    989324     50.71      6476    653484   2056340    105.41    836096    726976        12
05:08:43       146900    662100    989324     50.71      6476    653484   2056340    105.41    836096    726976        12
05:08:44       146900    662100    989324     50.71      6476    653484   2056340    105.41    836096    726976        12
05:08:45       146900    662100    989320     50.71      6476    653488   2056340    105.41    836096    726976        16
05:08:46       146900    662100    989320     50.71      6476    653488   2056340    105.41    836096    726976        16
05:08:47       146900    662100    989296     50.71      6500    653488   2056340    105.41    836180    726976        92
05:08:48       146900    662100    989296     50.71      6500    653488   2056340    105.41    836184    726976        92
05:08:49       146900    662100    989296     50.71      6500    653488   2056340    105.41    836184    726976        92
05:08:50       146900    662100    989296     50.71      6500    653488   2056340    105.41    836184    726976        92
05:08:51       146900    662100    989296     50.71      6500    653488   2056340    105.41    836184    726976        92
05:08:52       146900    662100    989296     50.71      6500    653488   2056340    105.41    836184    726976        92
05:08:53       146900    662100    989296     50.71      6500    653488   2056340    105.41    836184    726976        92
05:08:54       146900    662100    989296     50.71      6500    653488   2056340    105.41    836184    726976        92
05:08:55       146900    662100    989296     50.71      6500    653488   2056340    105.41    836184    726976        92
05:08:56       146900    662100    989296     50.71      6500    653488   2056340    105.41    836192    726976        76
05:08:57       146900    662100    989296     50.71      6500    653488   2056340    105.41    836192    726976        88
05:08:58       146900    662100    989292     50.71      6500    653492   2056340    105.41    836192    726976        92
05:08:59       146900    662100    989292     50.71      6500    653492   2056340    105.41    836192    726976        92
05:09:00       146900    662100    989292     50.71      6500    653492   2056340    105.41    836192    726976        92
05:09:01       146900    662100    989292     50.71      6500    653492   2056340    105.41    836192    726976        92
05:09:02       146900    662100    989292     50.71      6500    653492   2056340    105.41    836192    726976        92
05:09:03       146900    662100    989292     50.71      6500    653492   2056340    105.41    836192    726976        92
05:09:04       146900    662100    989292     50.71      6500    653492   2056340    105.41    836192    726976        92
05:09:05       146900    662100    989288     50.71      6500    653496   2056340    105.41    836192    726976        96
05:09:06       146900    662100    989288     50.71      6500    653496   2056340    105.41    836192    726976        96
05:09:07       146900    662100    989288     50.71      6500    653496   2056340    105.41    836192    726976        96
05:09:08       146900    662100    989288     50.71      6500    653496   2056340    105.41    836192    726976        96
05:09:09       146900    662100    989288     50.71      6500    653496   2056340    105.41    836192    726976        96
05:09:10       146900    662100    989288     50.71      6500    653496   2056340    105.41    836192    726976        96
05:09:11       146900    662100    989288     50.71      6500    653496   2056340    105.41    836192    726976        96
05:09:12       146900    662100    989288     50.71      6500    653496   2056340    105.41    836192    726976        96
05:09:13       146900    662100    989288     50.71      6500    653496   2056340    105.41    836192    726976        96
05:09:14       146900    662100    989288     50.71      6500    653496   2056340    105.41    836192    726976        96
05:09:15       146900    662100    989284     50.71      6500    653500   2056340    105.41    836192    726976       100
05:09:16       146900    662100    989284     50.71      6500    653500   2056340    105.41    836192    726976       100
05:09:17       146900    662100    989284     50.71      6524    653476   2056340    105.41    836192    726976       100
05:09:18       146900    662148    989260     50.71      6524    653500   2056340    105.41    836220    727024        24
05:09:19       146900    662148    989260     50.71      6524    653500   2056340    105.41    836220    727024        24
05:09:20       146900    662148    989260     50.71      6524    653500   2056340    105.41    836220    727024        24
05:09:21       146900    662148    989260     50.71      6524    653500   2056404    105.41    836220    727024        24
05:09:22       146900    662148    989260     50.71      6524    653500   2056404    105.41    836220    727024        24
05:09:23       146900    662148    989260     50.71      6524    653500   2056404    105.41    836220    727024        24
05:09:24       146900    662148    989260     50.71      6524    653500   2056404    105.41    836220    727024        24
05:09:25       146900    662148    989256     50.71      6524    653504   2056404    105.41    836220    727024        28
05:09:26       146900    662148    989256     50.71      6524    653504   2056404    105.41    836220    727024        28
05:09:27       146900    662148    989256     50.71      6524    653504   2056404    105.41    836220    727024        28
05:09:28       146900    662168    989256     50.71      6524    653504   2056404    105.41    836232    727044        12
05:09:29       146900    662168    989256     50.71      6524    653504   2056404    105.41    836232    727044        12
05:09:30       146900    662168    989256     50.71      6524    653504   2056404    105.41    836232    727044        12
05:09:31       146900    662168    989252     50.71      6524    653508   2056404    105.41    836232    727044        16
05:09:32       146900    662168    989252     50.71      6524    653508   2056404    105.41    836232    727044        16
05:09:33       146900    662168    989252     50.71      6524    653508   2056404    105.41    836232    727044        16
05:09:34       146900    662168    989252     50.71      6524    653508   2056404    105.41    836232    727044        16
05:09:35       146900    662168    989252     50.71      6524    653508   2056404    105.41    836232    727044        16
05:09:36       146900    662168    989252     50.71      6524    653508   2056404    105.41    836232    727044        16
05:09:37       146900    662168    989252     50.71      6524    653508   2056404    105.41    836232    727044        16
05:09:38       146900    662168    989252     50.71      6524    653508   2056404    105.41    836232    727044        16
05:09:39       146900    662168    989252     50.71      6524    653508   2056404    105.41    836232    727044        16
05:09:40       146900    662168    989252     50.71      6524    653508   2056404    105.41    836232    727044        16
05:09:41       146900    662168    989252     50.71      6524    653508   2056404    105.41    836232    727044        16

Average:       177844    693062    958346     49.13      6501    653494   2025122    103.81    804883    726995        47
