Linux 7.0.0-1008-aws (ip-172-31-20-134) 	08/07/26 	_x86_64_	(2 CPU)

14:47:59        IFACE   rxpck/s   txpck/s    rxkB/s    txkB/s   rxcmp/s   txcmp/s  rxmcst/s   %ifutil
14:48:00         ens5     50.00     40.00      4.37      4.70      0.00      0.00      0.00      0.00

14:48:00        IFACE   rxpck/s   txpck/s    rxkB/s    txkB/s   rxcmp/s   txcmp/s  rxmcst/s   %ifutil
14:48:01         ens5     47.00     30.00      4.11      3.66      0.00      0.00      0.00      0.00

14:48:01        IFACE   rxpck/s   txpck/s    rxkB/s    txkB/s   rxcmp/s   txcmp/s  rxmcst/s   %ifutil
14:48:02         ens5      0.00      0.00      0.00      0.00      0.00      0.00      0.00      0.00

14:48:02        IFACE   rxpck/s   txpck/s    rxkB/s    txkB/s   rxcmp/s   txcmp/s  rxmcst/s   %ifutil
14:48:03         ens5      0.00      0.00      0.00      0.00      0.00      0.00      0.00      0.00

14:48:03        IFACE   rxpck/s   txpck/s    rxkB/s    txkB/s   rxcmp/s   txcmp/s  rxmcst/s   %ifutil
14:48:04         ens5      0.00      0.00      0.00      0.00      0.00      0.00      0.00      0.00

14:48:04        IFACE   rxpck/s   txpck/s    rxkB/s    txkB/s   rxcmp/s   txcmp/s  rxmcst/s   %ifutil
14:48:05         ens5      0.00      0.00      0.00      0.00      0.00      0.00      0.00      0.00

14:48:05        IFACE   rxpck/s   txpck/s    rxkB/s    txkB/s   rxcmp/s   txcmp/s  rxmcst/s   %ifutil
14:48:06         ens5      0.00      0.00      0.00      0.00      0.00      0.00      0.00      0.00

14:48:06        IFACE   rxpck/s   txpck/s    rxkB/s    txkB/s   rxcmp/s   txcmp/s  rxmcst/s   %ifutil
14:48:07         ens5      0.00      0.00      0.00      0.00      0.00      0.00      0.00      0.00

14:48:07        IFACE   rxpck/s   txpck/s    rxkB/s    txkB/s   rxcmp/s   txcmp/s  rxmcst/s   %ifutil
14:48:08         ens5      0.00      0.00      0.00      0.00      0.00      0.00      0.00      0.00

14:48:08        IFACE   rxpck/s   txpck/s    rxkB/s    txkB/s   rxcmp/s   txcmp/s  rxmcst/s   %ifutil
14:48:09         ens5      0.00      0.00      0.00      0.00      0.00      0.00      0.00      0.00

14:48:09        IFACE   rxpck/s   txpck/s    rxkB/s    txkB/s   rxcmp/s   txcmp/s  rxmcst/s   %ifutil
14:48:10         ens5      0.00      0.00      0.00      0.00      0.00      0.00      0.00      0.00

14:48:10        IFACE   rxpck/s   txpck/s    rxkB/s    txkB/s   rxcmp/s   txcmp/s  rxmcst/s   %ifutil
14:48:11         ens5    248.00    209.00    207.25     54.90      0.00      0.00      0.00      0.00

14:48:11        IFACE   rxpck/s   txpck/s    rxkB/s    txkB/s   rxcmp/s   txcmp/s  rxmcst/s   %ifutil
14:48:12         ens5    260.00    213.00    219.04     63.03      0.00      0.00      0.00      0.00

14:48:12        IFACE   rxpck/s   txpck/s    rxkB/s    txkB/s   rxcmp/s   txcmp/s  rxmcst/s   %ifutil
14:48:13         ens5    256.00    218.00    203.27     71.34      0.00      0.00      0.00      0.00

14:48:13        IFACE   rxpck/s   txpck/s    rxkB/s    txkB/s   rxcmp/s   txcmp/s  rxmcst/s   %ifutil
14:48:14         ens5    260.00    214.00    219.09     63.17      0.00      0.00      0.00      0.00

14:48:14        IFACE   rxpck/s   txpck/s    rxkB/s    txkB/s   rxcmp/s   txcmp/s  rxmcst/s   %ifutil
14:48:15         ens5    252.00    211.00    203.11     62.96      0.00      0.00      0.00      0.00

14:48:15        IFACE   rxpck/s   txpck/s    rxkB/s    txkB/s   rxcmp/s   txcmp/s  rxmcst/s   %ifutil
14:48:16         ens5    265.00    221.00    219.35     71.48      0.00      0.00      0.00      0.00

14:48:16        IFACE   rxpck/s   txpck/s    rxkB/s    txkB/s   rxcmp/s   txcmp/s  rxmcst/s   %ifutil
14:48:17         ens5    251.00    209.00    203.01     62.87      0.00      0.00      0.00      0.00

14:48:17        IFACE   rxpck/s   txpck/s    rxkB/s    txkB/s   rxcmp/s   txcmp/s  rxmcst/s   %ifutil
14:48:18         ens5    262.00    214.00    219.17     63.15      0.00      0.00      0.00      0.00

14:48:18        IFACE   rxpck/s   txpck/s    rxkB/s    txkB/s   rxcmp/s   txcmp/s  rxmcst/s   %ifutil
14:48:19         ens5    261.00    216.00    217.69     63.32      0.00      0.00      0.00      0.00

14:48:19        IFACE   rxpck/s   txpck/s    rxkB/s    txkB/s   rxcmp/s   txcmp/s  rxmcst/s   %ifutil
14:48:20         ens5    255.00    215.00    204.73     71.07      0.00      0.00      0.00      0.00

14:48:20        IFACE   rxpck/s   txpck/s    rxkB/s    txkB/s   rxcmp/s   txcmp/s  rxmcst/s   %ifutil
14:48:21         ens5    259.00    210.00    217.52     62.89      0.00      0.00      0.00      0.00

14:48:21        IFACE   rxpck/s   txpck/s    rxkB/s    txkB/s   rxcmp/s   txcmp/s  rxmcst/s   %ifutil
14:48:22         ens5    254.00    214.00    204.77     63.22      0.00      0.00      0.00      0.00

14:48:22        IFACE   rxpck/s   txpck/s    rxkB/s    txkB/s   rxcmp/s   txcmp/s  rxmcst/s   %ifutil
14:48:23         ens5    266.00    220.00    219.40     71.42      0.00      0.00      0.00      0.00

14:48:23        IFACE   rxpck/s   txpck/s    rxkB/s    txkB/s   rxcmp/s   txcmp/s  rxmcst/s   %ifutil
14:48:24         ens5    261.00    212.00    217.66     63.06      0.00      0.00      0.00      0.00

14:48:24        IFACE   rxpck/s   txpck/s    rxkB/s    txkB/s   rxcmp/s   txcmp/s  rxmcst/s   %ifutil
14:48:25         ens5    254.00    212.00    204.77     63.09      0.00      0.00      0.00      0.00

14:48:25        IFACE   rxpck/s   txpck/s    rxkB/s    txkB/s   rxcmp/s   txcmp/s  rxmcst/s   %ifutil
14:48:26         ens5    260.00    217.00    219.10     71.22      0.00      0.00      0.00      0.00

14:48:26        IFACE   rxpck/s   txpck/s    rxkB/s    txkB/s   rxcmp/s   txcmp/s  rxmcst/s   %ifutil
14:48:27         ens5    254.00    210.00    203.21     62.91      0.00      0.00      0.00      0.00

14:48:27        IFACE   rxpck/s   txpck/s    rxkB/s    txkB/s   rxcmp/s   txcmp/s  rxmcst/s   %ifutil
14:48:28         ens5    260.00    212.00    219.16     63.07      0.00      0.00      0.00      0.00

14:48:28        IFACE   rxpck/s   txpck/s    rxkB/s    txkB/s   rxcmp/s   txcmp/s  rxmcst/s   %ifutil
14:48:29         ens5    251.00    210.00    203.10     63.02      0.00      0.00      0.00      0.00

14:48:29        IFACE   rxpck/s   txpck/s    rxkB/s    txkB/s   rxcmp/s   txcmp/s  rxmcst/s   %ifutil
14:48:30         ens5    266.00    222.00    219.46     71.60      0.00      0.00      0.00      0.00

14:48:30        IFACE   rxpck/s   txpck/s    rxkB/s    txkB/s   rxcmp/s   txcmp/s  rxmcst/s   %ifutil
14:48:31         ens5    252.00    206.00    203.12     62.73      0.00      0.00      0.00      0.00

14:48:31        IFACE   rxpck/s   txpck/s    rxkB/s    txkB/s   rxcmp/s   txcmp/s  rxmcst/s   %ifutil
14:48:32         ens5    264.00    216.00    219.45     63.42      0.00      0.00      0.00      0.00

14:48:32        IFACE   rxpck/s   txpck/s    rxkB/s    txkB/s   rxcmp/s   txcmp/s  rxmcst/s   %ifutil
14:48:33         ens5    259.00    212.00    217.58     63.08      0.00      0.00      0.00      0.00

14:48:33        IFACE   rxpck/s   txpck/s    rxkB/s    txkB/s   rxcmp/s   txcmp/s  rxmcst/s   %ifutil
14:48:34         ens5    256.00    217.00    204.91     71.26      0.00      0.00      0.00      0.00

14:48:34        IFACE   rxpck/s   txpck/s    rxkB/s    txkB/s   rxcmp/s   txcmp/s  rxmcst/s   %ifutil
14:48:35         ens5    258.00    209.00    217.47     62.87      0.00      0.00      0.00      0.00

14:48:35        IFACE   rxpck/s   txpck/s    rxkB/s    txkB/s   rxcmp/s   txcmp/s  rxmcst/s   %ifutil
14:48:36         ens5    253.00    213.00    204.79     63.21      0.00      0.00      0.00      0.00

14:48:36        IFACE   rxpck/s   txpck/s    rxkB/s    txkB/s   rxcmp/s   txcmp/s  rxmcst/s   %ifutil
14:48:37         ens5    260.00    216.00    219.16     71.21      0.00      0.00      0.00      0.00

14:48:37        IFACE   rxpck/s   txpck/s    rxkB/s    txkB/s   rxcmp/s   txcmp/s  rxmcst/s   %ifutil
14:48:38         ens5    255.00    210.00    203.28     62.99      0.00      0.00      0.00      0.00

14:48:38        IFACE   rxpck/s   txpck/s    rxkB/s    txkB/s   rxcmp/s   txcmp/s  rxmcst/s   %ifutil
14:48:39         ens5    263.00    216.00    219.38     63.40      0.00      0.00      0.00      0.00

14:48:39        IFACE   rxpck/s   txpck/s    rxkB/s    txkB/s   rxcmp/s   txcmp/s  rxmcst/s   %ifutil
14:48:40         ens5    266.00    222.00    219.52     71.61      0.00      0.00      0.00      0.00

14:48:40        IFACE   rxpck/s   txpck/s    rxkB/s    txkB/s   rxcmp/s   txcmp/s  rxmcst/s   %ifutil
14:48:41         ens5    251.00    210.00    203.07     62.99      0.00      0.00      0.00      0.00

14:48:41        IFACE   rxpck/s   txpck/s    rxkB/s    txkB/s   rxcmp/s   txcmp/s  rxmcst/s   %ifutil
14:48:42         ens5    263.00    218.00    219.38     63.53      0.00      0.00      0.00      0.00

14:48:42        IFACE   rxpck/s   txpck/s    rxkB/s    txkB/s   rxcmp/s   txcmp/s  rxmcst/s   %ifutil
14:48:43         ens5    261.00    219.00    219.27     71.42      0.00      0.00      0.00      0.00

14:48:43        IFACE   rxpck/s   txpck/s    rxkB/s    txkB/s   rxcmp/s   txcmp/s  rxmcst/s   %ifutil
14:48:44         ens5    254.00    208.00    203.22     62.79      0.00      0.00      0.00      0.00

14:48:44        IFACE   rxpck/s   txpck/s    rxkB/s    txkB/s   rxcmp/s   txcmp/s  rxmcst/s   %ifutil
14:48:45         ens5    260.00    213.00    219.16     63.22      0.00      0.00      0.00      0.00

14:48:45        IFACE   rxpck/s   txpck/s    rxkB/s    txkB/s   rxcmp/s   txcmp/s  rxmcst/s   %ifutil
14:48:46         ens5    263.00    217.00    217.86     63.45      0.00      0.00      0.00      0.00

14:48:46        IFACE   rxpck/s   txpck/s    rxkB/s    txkB/s   rxcmp/s   txcmp/s  rxmcst/s   %ifutil
14:48:47         ens5    257.00    216.00    204.90     71.19      0.00      0.00      0.00      0.00

14:48:47        IFACE   rxpck/s   txpck/s    rxkB/s    txkB/s   rxcmp/s   txcmp/s  rxmcst/s   %ifutil
14:48:48         ens5    262.00    214.00    219.34     63.32      0.00      0.00      0.00      0.00

14:48:48        IFACE   rxpck/s   txpck/s    rxkB/s    txkB/s   rxcmp/s   txcmp/s  rxmcst/s   %ifutil
14:48:49         ens5    250.00    207.00    202.99     62.73      0.00      0.00      0.00      0.00

14:48:49        IFACE   rxpck/s   txpck/s    rxkB/s    txkB/s   rxcmp/s   txcmp/s  rxmcst/s   %ifutil
14:48:50         ens5    260.00    213.00    217.63     63.14      0.00      0.00      0.00      0.00

14:48:50        IFACE   rxpck/s   txpck/s    rxkB/s    txkB/s   rxcmp/s   txcmp/s  rxmcst/s   %ifutil
14:48:51         ens5    256.00    218.00    204.91     71.33      0.00      0.00      0.00      0.00

14:48:51        IFACE   rxpck/s   txpck/s    rxkB/s    txkB/s   rxcmp/s   txcmp/s  rxmcst/s   %ifutil
14:48:52         ens5    260.00    214.00    219.16     63.29      0.00      0.00      0.00      0.00

14:48:52        IFACE   rxpck/s   txpck/s    rxkB/s    txkB/s   rxcmp/s   txcmp/s  rxmcst/s   %ifutil
14:48:53         ens5    251.00    211.00    203.10     62.99      0.00      0.00      0.00      0.00

14:48:53        IFACE   rxpck/s   txpck/s    rxkB/s    txkB/s   rxcmp/s   txcmp/s  rxmcst/s   %ifutil
14:48:54         ens5    261.00    220.00    219.21     71.47      0.00      0.00      0.00      0.00

14:48:54        IFACE   rxpck/s   txpck/s    rxkB/s    txkB/s   rxcmp/s   txcmp/s  rxmcst/s   %ifutil
14:48:55         ens5    265.00    214.00    217.92     63.25      0.00      0.00      0.00      0.00

14:48:55        IFACE   rxpck/s   txpck/s    rxkB/s    txkB/s   rxcmp/s   txcmp/s  rxmcst/s   %ifutil
14:48:56         ens5    252.00    213.00    204.68     63.21      0.00      0.00      0.00      0.00

14:48:56        IFACE   rxpck/s   txpck/s    rxkB/s    txkB/s   rxcmp/s   txcmp/s  rxmcst/s   %ifutil
14:48:57         ens5    259.00    214.00    217.58     63.20      0.00      0.00      0.00      0.00

14:48:57        IFACE   rxpck/s   txpck/s    rxkB/s    txkB/s   rxcmp/s   txcmp/s  rxmcst/s   %ifutil
14:48:58         ens5    257.00    218.00    204.96     71.33      0.00      0.00      0.00      0.00

14:48:58        IFACE   rxpck/s   txpck/s    rxkB/s    txkB/s   rxcmp/s   txcmp/s  rxmcst/s   %ifutil
14:48:59         ens5    260.00    213.00    219.16     63.22      0.00      0.00      0.00      0.00

14:48:59        IFACE   rxpck/s   txpck/s    rxkB/s    txkB/s   rxcmp/s   txcmp/s  rxmcst/s   %ifutil
14:49:00         ens5    248.00    207.00    202.82     62.69      0.00      0.00      0.00      0.00

14:49:00        IFACE   rxpck/s   txpck/s    rxkB/s    txkB/s   rxcmp/s   txcmp/s  rxmcst/s   %ifutil
14:49:01         ens5    250.00    207.00    203.05     62.79      0.00      0.00      0.00      0.00

14:49:01        IFACE   rxpck/s   txpck/s    rxkB/s    txkB/s   rxcmp/s   txcmp/s  rxmcst/s   %ifutil
14:49:02         ens5    228.00    189.00    185.94     62.12      0.00      0.00      0.00      0.00

14:49:02        IFACE   rxpck/s   txpck/s    rxkB/s    txkB/s   rxcmp/s   txcmp/s  rxmcst/s   %ifutil
14:49:03         ens5    271.00    228.00    224.42     65.97      0.00      0.00      0.00      0.00

14:49:03        IFACE   rxpck/s   txpck/s    rxkB/s    txkB/s   rxcmp/s   txcmp/s  rxmcst/s   %ifutil
14:49:04         ens5    262.00    217.00    217.82     63.46      0.00      0.00      0.00      0.00

14:49:04        IFACE   rxpck/s   txpck/s    rxkB/s    txkB/s   rxcmp/s   txcmp/s  rxmcst/s   %ifutil
14:49:05         ens5    253.00    213.00    204.65     70.95      0.00      0.00      0.00      0.00

14:49:05        IFACE   rxpck/s   txpck/s    rxkB/s    txkB/s   rxcmp/s   txcmp/s  rxmcst/s   %ifutil
14:49:06         ens5    250.00    210.00    203.02     62.99      0.00      0.00      0.00      0.00

14:49:06        IFACE   rxpck/s   txpck/s    rxkB/s    txkB/s   rxcmp/s   txcmp/s  rxmcst/s   %ifutil
14:49:07         ens5    264.00    219.00    219.49     63.60      0.00      0.00      0.00      0.00

14:49:07        IFACE   rxpck/s   txpck/s    rxkB/s    txkB/s   rxcmp/s   txcmp/s  rxmcst/s   %ifutil
14:49:08         ens5    258.00    212.00    217.47     63.07      0.00      0.00      0.00      0.00

14:49:08        IFACE   rxpck/s   txpck/s    rxkB/s    txkB/s   rxcmp/s   txcmp/s  rxmcst/s   %ifutil
14:49:09         ens5    255.00    217.00    204.80     71.25      0.00      0.00      0.00      0.00

14:49:09        IFACE   rxpck/s   txpck/s    rxkB/s    txkB/s   rxcmp/s   txcmp/s  rxmcst/s   %ifutil
14:49:10         ens5    259.00    212.00    217.58     63.08      0.00      0.00      0.00      0.00

14:49:10        IFACE   rxpck/s   txpck/s    rxkB/s    txkB/s   rxcmp/s   txcmp/s  rxmcst/s   %ifutil
14:49:11         ens5    253.00    217.00    204.79     63.47      0.00      0.00      0.00      0.00

14:49:11        IFACE   rxpck/s   txpck/s    rxkB/s    txkB/s   rxcmp/s   txcmp/s  rxmcst/s   %ifutil
14:49:12         ens5    260.00    221.00    219.16     71.54      0.00      0.00      0.00      0.00

14:49:12        IFACE   rxpck/s   txpck/s    rxkB/s    txkB/s   rxcmp/s   txcmp/s  rxmcst/s   %ifutil
14:49:13         ens5    254.00    208.00    203.22     62.79      0.00      0.00      0.00      0.00

14:49:13        IFACE   rxpck/s   txpck/s    rxkB/s    txkB/s   rxcmp/s   txcmp/s  rxmcst/s   %ifutil
14:49:14         ens5    260.00    214.00    219.16     63.29      0.00      0.00      0.00      0.00

14:49:14        IFACE   rxpck/s   txpck/s    rxkB/s    txkB/s   rxcmp/s   txcmp/s  rxmcst/s   %ifutil
14:49:15         ens5    252.00    213.00    203.16     63.19      0.00      0.00      0.00      0.00

14:49:15        IFACE   rxpck/s   txpck/s    rxkB/s    txkB/s   rxcmp/s   txcmp/s  rxmcst/s   %ifutil
14:49:16         ens5    265.00    218.00    219.45     71.32      0.00      0.00      0.00      0.00

14:49:16        IFACE   rxpck/s   txpck/s    rxkB/s    txkB/s   rxcmp/s   txcmp/s  rxmcst/s   %ifutil
14:49:17         ens5    262.00    218.00    219.32     63.55      0.00      0.00      0.00      0.00

14:49:17        IFACE   rxpck/s   txpck/s    rxkB/s    txkB/s   rxcmp/s   txcmp/s  rxmcst/s   %ifutil
14:49:18         ens5    252.00    212.00    203.16     63.12      0.00      0.00      0.00      0.00

14:49:18        IFACE   rxpck/s   txpck/s    rxkB/s    txkB/s   rxcmp/s   txcmp/s  rxmcst/s   %ifutil
14:49:19         ens5    264.00    219.00    219.35     71.34      0.00      0.00      0.00      0.00

14:49:19        IFACE   rxpck/s   txpck/s    rxkB/s    txkB/s   rxcmp/s   txcmp/s  rxmcst/s   %ifutil
14:49:20         ens5    253.00    211.00    203.17     63.05      0.00      0.00      0.00      0.00

14:49:20        IFACE   rxpck/s   txpck/s    rxkB/s    txkB/s   rxcmp/s   txcmp/s  rxmcst/s   %ifutil
14:49:21         ens5    261.00    217.00    219.21     63.42      0.00      0.00      0.00      0.00

14:49:21        IFACE   rxpck/s   txpck/s    rxkB/s    txkB/s   rxcmp/s   txcmp/s  rxmcst/s   %ifutil
14:49:22         ens5    263.00    222.00    219.43     71.65      0.00      0.00      0.00      0.00

14:49:22        IFACE   rxpck/s   txpck/s    rxkB/s    txkB/s   rxcmp/s   txcmp/s  rxmcst/s   %ifutil
14:49:23         ens5    255.00    210.00    203.28     62.99      0.00      0.00      0.00      0.00

14:49:23        IFACE   rxpck/s   txpck/s    rxkB/s    txkB/s   rxcmp/s   txcmp/s  rxmcst/s   %ifutil
14:49:24         ens5    265.00    218.00    219.54     63.54      0.00      0.00      0.00      0.00

14:49:24        IFACE   rxpck/s   txpck/s    rxkB/s    txkB/s   rxcmp/s   txcmp/s  rxmcst/s   %ifutil
14:49:25         ens5    267.00    222.00    219.55     71.64      0.00      0.00      0.00      0.00

14:49:25        IFACE   rxpck/s   txpck/s    rxkB/s    txkB/s   rxcmp/s   txcmp/s  rxmcst/s   %ifutil
14:49:26         ens5    256.44    210.89    215.42     62.51      0.00      0.00      0.00      0.00

14:49:26        IFACE   rxpck/s   txpck/s    rxkB/s    txkB/s   rxcmp/s   txcmp/s  rxmcst/s   %ifutil
14:49:27         ens5    252.00    211.00    204.68     63.08      0.00      0.00      0.00      0.00

14:49:27        IFACE   rxpck/s   txpck/s    rxkB/s    txkB/s   rxcmp/s   txcmp/s  rxmcst/s   %ifutil
14:49:28         ens5    259.00    213.00    217.58     63.14      0.00      0.00      0.00      0.00

14:49:28        IFACE   rxpck/s   txpck/s    rxkB/s    txkB/s   rxcmp/s   txcmp/s  rxmcst/s   %ifutil
14:49:29         ens5    256.00    215.00    204.85     71.12      0.00      0.00      0.00      0.00

14:49:29        IFACE   rxpck/s   txpck/s    rxkB/s    txkB/s   rxcmp/s   txcmp/s  rxmcst/s   %ifutil
14:49:30         ens5    259.00    214.00    217.58     63.20      0.00      0.00      0.00      0.00

14:49:30        IFACE   rxpck/s   txpck/s    rxkB/s    txkB/s   rxcmp/s   txcmp/s  rxmcst/s   %ifutil
14:49:31         ens5    253.00    212.00    204.79     63.15      0.00      0.00      0.00      0.00

14:49:31        IFACE   rxpck/s   txpck/s    rxkB/s    txkB/s   rxcmp/s   txcmp/s  rxmcst/s   %ifutil
14:49:32         ens5    258.00    211.00    217.47     63.00      0.00      0.00      0.00      0.00

14:49:32        IFACE   rxpck/s   txpck/s    rxkB/s    txkB/s   rxcmp/s   txcmp/s  rxmcst/s   %ifutil
14:49:33         ens5    256.00    217.00    204.81     71.21      0.00      0.00      0.00      0.00

14:49:33        IFACE   rxpck/s   txpck/s    rxkB/s    txkB/s   rxcmp/s   txcmp/s  rxmcst/s   %ifutil
14:49:34         ens5    250.00    208.00    203.02     62.86      0.00      0.00      0.00      0.00

14:49:34        IFACE   rxpck/s   txpck/s    rxkB/s    txkB/s   rxcmp/s   txcmp/s  rxmcst/s   %ifutil
14:49:35         ens5    259.00    210.00    219.10     62.87      0.00      0.00      0.00      0.00

14:49:35        IFACE   rxpck/s   txpck/s    rxkB/s    txkB/s   rxcmp/s   txcmp/s  rxmcst/s   %ifutil
14:49:36         ens5    250.00    213.00    202.99     63.21      0.00      0.00      0.00      0.00

14:49:36        IFACE   rxpck/s   txpck/s    rxkB/s    txkB/s   rxcmp/s   txcmp/s  rxmcst/s   %ifutil
14:49:37         ens5    263.00    213.00    219.39     63.16      0.00      0.00      0.00      0.00

14:49:37        IFACE   rxpck/s   txpck/s    rxkB/s    txkB/s   rxcmp/s   txcmp/s  rxmcst/s   %ifutil
14:49:38         ens5    254.00    216.00    203.22     71.20      0.00      0.00      0.00      0.00

14:49:38        IFACE   rxpck/s   txpck/s    rxkB/s    txkB/s   rxcmp/s   txcmp/s  rxmcst/s   %ifutil
14:49:39         ens5    262.00    218.00    219.27     63.55      0.00      0.00      0.00      0.00

14:49:39        IFACE   rxpck/s   txpck/s    rxkB/s    txkB/s   rxcmp/s   txcmp/s  rxmcst/s   %ifutil
14:49:40         ens5    249.00    206.00    202.99     62.66      0.00      0.00      0.00      0.00

14:49:40        IFACE   rxpck/s   txpck/s    rxkB/s    txkB/s   rxcmp/s   txcmp/s  rxmcst/s   %ifutil
14:49:41         ens5    265.00    223.00    219.41     71.67      0.00      0.00      0.00      0.00

14:49:41        IFACE   rxpck/s   txpck/s    rxkB/s    txkB/s   rxcmp/s   txcmp/s  rxmcst/s   %ifutil
14:49:42         ens5    262.00    214.00    217.77     63.25      0.00      0.00      0.00      0.00

14:49:42        IFACE   rxpck/s   txpck/s    rxkB/s    txkB/s   rxcmp/s   txcmp/s  rxmcst/s   %ifutil
14:49:43         ens5    253.00    212.00    204.73     63.14      0.00      0.00      0.00      0.00

14:49:43        IFACE   rxpck/s   txpck/s    rxkB/s    txkB/s   rxcmp/s   txcmp/s  rxmcst/s   %ifutil
14:49:44         ens5    248.00    209.00    202.88     62.88      0.00      0.00      0.00      0.00

14:49:44        IFACE   rxpck/s   txpck/s    rxkB/s    txkB/s   rxcmp/s   txcmp/s  rxmcst/s   %ifutil
14:49:45         ens5    264.00    222.00    219.35     71.53      0.00      0.00      0.00      0.00

14:49:45        IFACE   rxpck/s   txpck/s    rxkB/s    txkB/s   rxcmp/s   txcmp/s  rxmcst/s   %ifutil
14:49:46         ens5    261.00    213.00    217.72     63.18      0.00      0.00      0.00      0.00

14:49:46        IFACE   rxpck/s   txpck/s    rxkB/s    txkB/s   rxcmp/s   txcmp/s  rxmcst/s   %ifutil
14:49:47         ens5    252.00    212.00    204.68     63.14      0.00      0.00      0.00      0.00

14:49:47        IFACE   rxpck/s   txpck/s    rxkB/s    txkB/s   rxcmp/s   txcmp/s  rxmcst/s   %ifutil
14:49:48         ens5    248.00    206.00    202.88     62.69      0.00      0.00      0.00      0.00

14:49:48        IFACE   rxpck/s   txpck/s    rxkB/s    txkB/s   rxcmp/s   txcmp/s  rxmcst/s   %ifutil
14:49:49         ens5    265.00    220.00    219.40     71.41      0.00      0.00      0.00      0.00

14:49:49        IFACE   rxpck/s   txpck/s    rxkB/s    txkB/s   rxcmp/s   txcmp/s  rxmcst/s   %ifutil
14:49:50         ens5    261.00    214.00    217.72     63.25      0.00      0.00      0.00      0.00

14:49:50        IFACE   rxpck/s   txpck/s    rxkB/s    txkB/s   rxcmp/s   txcmp/s  rxmcst/s   %ifutil
14:49:51         ens5    252.00    211.00    204.68     63.08      0.00      0.00      0.00      0.00

14:49:51        IFACE   rxpck/s   txpck/s    rxkB/s    txkB/s   rxcmp/s   txcmp/s  rxmcst/s   %ifutil
14:49:52         ens5    248.00    208.00    202.88     62.82      0.00      0.00      0.00      0.00

14:49:52        IFACE   rxpck/s   txpck/s    rxkB/s    txkB/s   rxcmp/s   txcmp/s  rxmcst/s   %ifutil
14:49:53         ens5    242.00    197.00    202.39     61.84      0.00      0.00      0.00      0.00

14:49:53        IFACE   rxpck/s   txpck/s    rxkB/s    txkB/s   rxcmp/s   txcmp/s  rxmcst/s   %ifutil
14:49:54         ens5    249.00    208.00    202.94     62.88      0.00      0.00      0.00      0.00

14:49:54        IFACE   rxpck/s   txpck/s    rxkB/s    txkB/s   rxcmp/s   txcmp/s  rxmcst/s   %ifutil
14:49:55         ens5    259.00    212.00    217.58     63.08      0.00      0.00      0.00      0.00

14:49:55        IFACE   rxpck/s   txpck/s    rxkB/s    txkB/s   rxcmp/s   txcmp/s  rxmcst/s   %ifutil
14:49:56         ens5    253.00    220.00    204.65     71.41      0.00      0.00      0.00      0.00

14:49:56        IFACE   rxpck/s   txpck/s    rxkB/s    txkB/s   rxcmp/s   txcmp/s  rxmcst/s   %ifutil
14:49:57         ens5    261.00    216.00    217.72     63.38      0.00      0.00      0.00      0.00

14:49:57        IFACE   rxpck/s   txpck/s    rxkB/s    txkB/s   rxcmp/s   txcmp/s  rxmcst/s   %ifutil
14:49:58         ens5    250.00    206.00    204.51     62.71      0.00      0.00      0.00      0.00

14:49:58        IFACE   rxpck/s   txpck/s    rxkB/s    txkB/s   rxcmp/s   txcmp/s  rxmcst/s   %ifutil
14:49:59         ens5    261.00    217.00    217.75     63.44      0.00      0.00      0.00      0.00

14:49:59        IFACE   rxpck/s   txpck/s    rxkB/s    txkB/s   rxcmp/s   txcmp/s  rxmcst/s   %ifutil
14:50:00         ens5    229.00    189.00    185.99     62.12      0.00      0.00      0.00      0.00

14:50:00        IFACE   rxpck/s   txpck/s    rxkB/s    txkB/s   rxcmp/s   txcmp/s  rxmcst/s   %ifutil
14:50:01         ens5    252.00    212.00    204.68     63.14      0.00      0.00      0.00      0.00

14:50:01        IFACE   rxpck/s   txpck/s    rxkB/s    txkB/s   rxcmp/s   txcmp/s  rxmcst/s   %ifutil
14:50:02         ens5    185.00    154.00    152.00     50.78      0.00      0.00      0.00      0.00

14:50:02        IFACE   rxpck/s   txpck/s    rxkB/s    txkB/s   rxcmp/s   txcmp/s  rxmcst/s   %ifutil
14:50:03         ens5    242.00    205.00    202.51     62.55      0.00      0.00      0.00      0.00

14:50:03        IFACE   rxpck/s   txpck/s    rxkB/s    txkB/s   rxcmp/s   txcmp/s  rxmcst/s   %ifutil
14:50:04         ens5    253.00    211.00    203.17     62.99      0.00      0.00      0.00      0.00

14:50:04        IFACE   rxpck/s   txpck/s    rxkB/s    txkB/s   rxcmp/s   txcmp/s  rxmcst/s   %ifutil
14:50:05         ens5    260.00    214.00    219.16     63.20      0.00      0.00      0.00      0.00

14:50:05        IFACE   rxpck/s   txpck/s    rxkB/s    txkB/s   rxcmp/s   txcmp/s  rxmcst/s   %ifutil
14:50:06         ens5    250.00    213.00    202.99     63.21      0.00      0.00      0.00      0.00

14:50:06        IFACE   rxpck/s   txpck/s    rxkB/s    txkB/s   rxcmp/s   txcmp/s  rxmcst/s   %ifutil
14:50:07         ens5    260.00    213.00    217.63     63.14      0.00      0.00      0.00      0.00

14:50:07        IFACE   rxpck/s   txpck/s    rxkB/s    txkB/s   rxcmp/s   txcmp/s  rxmcst/s   %ifutil
14:50:08         ens5    256.00    215.00    204.91     71.13      0.00      0.00      0.00      0.00

14:50:08        IFACE   rxpck/s   txpck/s    rxkB/s    txkB/s   rxcmp/s   txcmp/s  rxmcst/s   %ifutil
14:50:09         ens5    262.00    216.00    219.28     63.44      0.00      0.00      0.00      0.00

14:50:09        IFACE   rxpck/s   txpck/s    rxkB/s    txkB/s   rxcmp/s   txcmp/s  rxmcst/s   %ifutil
14:50:10         ens5    251.00    205.00    203.11     62.67      0.00      0.00      0.00      0.00

14:50:10        IFACE   rxpck/s   txpck/s    rxkB/s    txkB/s   rxcmp/s   txcmp/s  rxmcst/s   %ifutil
14:50:11         ens5    266.00    220.00    219.50     71.45      0.00      0.00      0.00      0.00

14:50:11        IFACE   rxpck/s   txpck/s    rxkB/s    txkB/s   rxcmp/s   txcmp/s  rxmcst/s   %ifutil
14:50:12         ens5    262.00    216.00    219.32     63.42      0.00      0.00      0.00      0.00

14:50:12        IFACE   rxpck/s   txpck/s    rxkB/s    txkB/s   rxcmp/s   txcmp/s  rxmcst/s   %ifutil
14:50:13         ens5    250.00    205.00    203.05     62.61      0.00      0.00      0.00      0.00

14:50:13        IFACE   rxpck/s   txpck/s    rxkB/s    txkB/s   rxcmp/s   txcmp/s  rxmcst/s   %ifutil
14:50:14         ens5    260.00    221.00    219.16     71.54      0.00      0.00      0.00      0.00

14:50:14        IFACE   rxpck/s   txpck/s    rxkB/s    txkB/s   rxcmp/s   txcmp/s  rxmcst/s   %ifutil
14:50:15         ens5    255.00    210.00    203.28     62.99      0.00      0.00      0.00      0.00

14:50:15        IFACE   rxpck/s   txpck/s    rxkB/s    txkB/s   rxcmp/s   txcmp/s  rxmcst/s   %ifutil
14:50:16         ens5    262.00    218.00    219.26     63.49      0.00      0.00      0.00      0.00

14:50:16        IFACE   rxpck/s   txpck/s    rxkB/s    txkB/s   rxcmp/s   txcmp/s  rxmcst/s   %ifutil
14:50:17         ens5    249.00    208.00    202.99     62.79      0.00      0.00      0.00      0.00

14:50:17        IFACE   rxpck/s   txpck/s    rxkB/s    txkB/s   rxcmp/s   txcmp/s  rxmcst/s   %ifutil
14:50:18         ens5    266.00    225.00    219.46     71.79      0.00      0.00      0.00      0.00

14:50:18        IFACE   rxpck/s   txpck/s    rxkB/s    txkB/s   rxcmp/s   txcmp/s  rxmcst/s   %ifutil
14:50:19         ens5    250.00    208.00    203.02     62.86      0.00      0.00      0.00      0.00

14:50:19        IFACE   rxpck/s   txpck/s    rxkB/s    txkB/s   rxcmp/s   txcmp/s  rxmcst/s   %ifutil
14:50:20         ens5    263.00    216.00    219.38     63.40      0.00      0.00      0.00      0.00

14:50:20        IFACE   rxpck/s   txpck/s    rxkB/s    txkB/s   rxcmp/s   txcmp/s  rxmcst/s   %ifutil
14:50:21         ens5    262.00    213.00    217.71     63.12      0.00      0.00      0.00      0.00

14:50:21        IFACE   rxpck/s   txpck/s    rxkB/s    txkB/s   rxcmp/s   txcmp/s  rxmcst/s   %ifutil
14:50:22         ens5    258.00    222.00    205.01     71.65      0.00      0.00      0.00      0.00

14:50:22        IFACE   rxpck/s   txpck/s    rxkB/s    txkB/s   rxcmp/s   txcmp/s  rxmcst/s   %ifutil
14:50:23         ens5    264.00    219.00    219.49     63.60      0.00      0.00      0.00      0.00

14:50:23        IFACE   rxpck/s   txpck/s    rxkB/s    txkB/s   rxcmp/s   txcmp/s  rxmcst/s   %ifutil
14:50:24         ens5    258.00    211.00    217.47     63.00      0.00      0.00      0.00      0.00

14:50:24        IFACE   rxpck/s   txpck/s    rxkB/s    txkB/s   rxcmp/s   txcmp/s  rxmcst/s   %ifutil
14:50:25         ens5    257.00    218.00    204.98     71.35      0.00      0.00      0.00      0.00

14:50:25        IFACE   rxpck/s   txpck/s    rxkB/s    txkB/s   rxcmp/s   txcmp/s  rxmcst/s   %ifutil
14:50:26         ens5    262.00    220.00    219.27     63.68      0.00      0.00      0.00      0.00

14:50:26        IFACE   rxpck/s   txpck/s    rxkB/s    txkB/s   rxcmp/s   txcmp/s  rxmcst/s   %ifutil
14:50:27         ens5    261.00    215.00    217.75     63.31      0.00      0.00      0.00      0.00

14:50:27        IFACE   rxpck/s   txpck/s    rxkB/s    txkB/s   rxcmp/s   txcmp/s  rxmcst/s   %ifutil
14:50:28         ens5    256.00    217.00    204.85     71.25      0.00      0.00      0.00      0.00

14:50:28        IFACE   rxpck/s   txpck/s    rxkB/s    txkB/s   rxcmp/s   txcmp/s  rxmcst/s   %ifutil
14:50:29         ens5    259.00    216.00    217.58     63.33      0.00      0.00      0.00      0.00

14:50:29        IFACE   rxpck/s   txpck/s    rxkB/s    txkB/s   rxcmp/s   txcmp/s  rxmcst/s   %ifutil
14:50:30         ens5    252.00    213.00    204.68     63.21      0.00      0.00      0.00      0.00

14:50:30        IFACE   rxpck/s   txpck/s    rxkB/s    txkB/s   rxcmp/s   txcmp/s  rxmcst/s   %ifutil
14:50:31         ens5    262.00    220.00    219.32     71.48      0.00      0.00      0.00      0.00

14:50:31        IFACE   rxpck/s   txpck/s    rxkB/s    txkB/s   rxcmp/s   txcmp/s  rxmcst/s   %ifutil
14:50:32         ens5    255.00    212.00    203.28     63.12      0.00      0.00      0.00      0.00

14:50:32        IFACE   rxpck/s   txpck/s    rxkB/s    txkB/s   rxcmp/s   txcmp/s  rxmcst/s   %ifutil
14:50:33         ens5    263.00    220.00    219.38     63.68      0.00      0.00      0.00      0.00

14:50:33        IFACE   rxpck/s   txpck/s    rxkB/s    txkB/s   rxcmp/s   txcmp/s  rxmcst/s   %ifutil
14:50:34         ens5    259.00    214.00    217.58     63.20      0.00      0.00      0.00      0.00

14:50:34        IFACE   rxpck/s   txpck/s    rxkB/s    txkB/s   rxcmp/s   txcmp/s  rxmcst/s   %ifutil
14:50:35         ens5    256.00    216.00    204.91     71.20      0.00      0.00      0.00      0.00

14:50:35        IFACE   rxpck/s   txpck/s    rxkB/s    txkB/s   rxcmp/s   txcmp/s  rxmcst/s   %ifutil
14:50:36         ens5    260.00    212.00    219.16     63.07      0.00      0.00      0.00      0.00

14:50:36        IFACE   rxpck/s   txpck/s    rxkB/s    txkB/s   rxcmp/s   txcmp/s  rxmcst/s   %ifutil
14:50:37         ens5    251.00    210.00    203.04     63.01      0.00      0.00      0.00      0.00

14:50:37        IFACE   rxpck/s   txpck/s    rxkB/s    txkB/s   rxcmp/s   txcmp/s  rxmcst/s   %ifutil
14:50:38         ens5    261.00    215.00    219.27     63.27      0.00      0.00      0.00      0.00

14:50:38        IFACE   rxpck/s   txpck/s    rxkB/s    txkB/s   rxcmp/s   txcmp/s  rxmcst/s   %ifutil
14:50:39         ens5    251.00    211.00    202.96     70.83      0.00      0.00      0.00      0.00

14:50:39        IFACE   rxpck/s   txpck/s    rxkB/s    txkB/s   rxcmp/s   txcmp/s  rxmcst/s   %ifutil
14:50:40         ens5    250.00    208.00    203.02     62.86      0.00      0.00      0.00      0.00

14:50:40        IFACE   rxpck/s   txpck/s    rxkB/s    txkB/s   rxcmp/s   txcmp/s  rxmcst/s   %ifutil
14:50:41         ens5    265.00    217.00    219.50     63.49      0.00      0.00      0.00      0.00

14:50:41        IFACE   rxpck/s   txpck/s    rxkB/s    txkB/s   rxcmp/s   txcmp/s  rxmcst/s   %ifutil
14:50:42         ens5    262.00    221.00    219.32     71.54      0.00      0.00      0.00      0.00

14:50:42        IFACE   rxpck/s   txpck/s    rxkB/s    txkB/s   rxcmp/s   txcmp/s  rxmcst/s   %ifutil
14:50:43         ens5    253.00    205.00    203.11     62.59      0.00      0.00      0.00      0.00

14:50:43        IFACE   rxpck/s   txpck/s    rxkB/s    txkB/s   rxcmp/s   txcmp/s  rxmcst/s   %ifutil
14:50:44         ens5    261.00    218.00    219.27     63.55      0.00      0.00      0.00      0.00

14:50:44        IFACE   rxpck/s   txpck/s    rxkB/s    txkB/s   rxcmp/s   txcmp/s  rxmcst/s   %ifutil
14:50:45         ens5    251.00    210.00    203.10     62.93      0.00      0.00      0.00      0.00

14:50:45        IFACE   rxpck/s   txpck/s    rxkB/s    txkB/s   rxcmp/s   txcmp/s  rxmcst/s   %ifutil
14:50:46         ens5    260.00    219.00    219.16     71.41      0.00      0.00      0.00      0.00

14:50:46        IFACE   rxpck/s   txpck/s    rxkB/s    txkB/s   rxcmp/s   txcmp/s  rxmcst/s   %ifutil
14:50:47         ens5    253.00    207.00    203.23     62.84      0.00      0.00      0.00      0.00

14:50:47        IFACE   rxpck/s   txpck/s    rxkB/s    txkB/s   rxcmp/s   txcmp/s  rxmcst/s   %ifutil
14:50:48         ens5    263.00    219.00    219.41     63.66      0.00      0.00      0.00      0.00

14:50:48        IFACE   rxpck/s   txpck/s    rxkB/s    txkB/s   rxcmp/s   txcmp/s  rxmcst/s   %ifutil
14:50:49         ens5    252.00    210.00    203.16     63.00      0.00      0.00      0.00      0.00

14:50:49        IFACE   rxpck/s   txpck/s    rxkB/s    txkB/s   rxcmp/s   txcmp/s  rxmcst/s   %ifutil
14:50:50         ens5    265.00    215.00    219.40     71.08      0.00      0.00      0.00      0.00

14:50:50        IFACE   rxpck/s   txpck/s    rxkB/s    txkB/s   rxcmp/s   txcmp/s  rxmcst/s   %ifutil
14:50:51         ens5     83.00     68.00     67.62     20.83      0.00      0.00      0.00      0.00

14:50:51        IFACE   rxpck/s   txpck/s    rxkB/s    txkB/s   rxcmp/s   txcmp/s  rxmcst/s   %ifutil
14:50:52         ens5      0.00      0.00      0.00      0.00      0.00      0.00      0.00      0.00

14:50:52        IFACE   rxpck/s   txpck/s    rxkB/s    txkB/s   rxcmp/s   txcmp/s  rxmcst/s   %ifutil
14:50:53         ens5      0.00      0.00      0.00      0.00      0.00      0.00      0.00      0.00


Average:        IFACE   rxpck/s   txpck/s    rxkB/s    txkB/s   rxcmp/s   txcmp/s  rxmcst/s   %ifutil
Average:         ens5    236.91    196.90    194.56     60.03      0.00      0.00      0.00      0.00
