Linux 7.0.0-1010-aws (ip-172-31-31-224) 	08/11/26 	_x86_64_	(2 CPU)

07:10:20    kbmemfree   kbavail kbmemused  %memused kbbuffers  kbcached  kbcommit   %commit  kbactive   kbinact   kbdirty
07:10:21       780212   1279432    451476     23.14     15060    626112   1605860     82.31    361716    630388       928
07:10:22       708140   1207360    523548     26.84     15060    626112   1676900     85.96    434232    630388       928
07:10:23       635564   1134784    596124     30.56     15060    626112   1747564     89.58    505080    630388       804
07:10:24       547112   1046332    684576     35.09     15060    626112   1843652     94.50    599856    630388       804
07:10:25       458660    957884    773024     39.62     15060    626116   1931448     99.00    684736    630392       760
07:10:26       418340    917564    813344     41.69     15060    626116   1969600    100.96    725556    630392       760
07:10:27       321824    821048    909860     46.64     15060    626116   2065708    105.89    821828    630392       760
07:10:28       176672    675896   1055012     54.08     15060    626116   2207036    113.13    962032    630392       760
07:10:29       176672    675896   1055004     54.08     15060    626124   2207036    113.13    961984    630392       772
07:10:30       176672    675896   1055000     54.08     15060    626128   2207036    113.13    961984    630392       776
07:10:31       176672    675896   1055000     54.08     15060    626128   2207036    113.13    962108    630392       776
07:10:32       176672    675896   1055000     54.08     15060    626128   2207036    113.13    962108    630392       776
07:10:33       176672    675896   1055000     54.08     15060    626128   2207036    113.13    962108    630392       776
07:10:34       176672    675896   1055000     54.08     15060    626128   2207036    113.13    962108    630392       776
07:10:35       176672    675912   1054996     54.08     15060    626132   2207036    113.13    962112    630408       780
07:10:36       176672    675912   1054996     54.08     15060    626132   2207036    113.13    962608    630408       780
07:10:37       176672    675912   1054996     54.08     15060    626132   2207036    113.13    962732    630408       780
07:10:38       176672    675912   1054996     54.08     15060    626132   2207036    113.13    962732    630408       780
07:10:39       176672    675912   1054996     54.08     15060    626132   2207036    113.13    962732    630408       780
07:10:40       176672    675912   1054988     54.08     15060    626140   2207036    113.13    962732    630408       788
07:10:41       176672    675912   1054988     54.08     15060    626140   2207036    113.13    962732    630408       788
07:10:42       176672    675912   1054988     54.08     15060    626140   2207036    113.13    962732    630408       788
07:10:43       176672    675920   1054988     54.08     15060    626140   2207036    113.13    962732    630416       132
07:10:44       134688    652776   1078136     55.26     15136    644900   2289960    117.38   1005192    634284       700

Average:       284637    784653    946252     48.50     15063    626908   2101803    107.74    855686    630560       760
