Linux 7.0.0-1010-aws (ip-172-31-20-134) 	08/11/26 	_x86_64_	(2 CPU)

16:38:46        CPU     %user     %nice   %system   %iowait    %steal     %idle
16:38:47        all      2.50      0.00      1.50      0.00      0.00     96.00
16:38:48        all      0.00      0.00      0.00      0.00      0.00    100.00
16:38:49        all      0.50      0.00      0.00      0.00      0.00     99.50
16:38:50        all      0.50      0.00      0.00      0.00      0.00     99.50
16:38:51        all      0.00      0.00      0.50      0.00      0.00     99.50
16:38:52        all      0.50      0.00      0.00      0.00      0.00     99.50
16:38:53        all      0.00      0.00      0.00      0.00      0.00    100.00
16:38:54        all      0.00      0.00      0.00      0.00      0.00    100.00
16:38:55        all      0.99      0.00      0.50      0.50      0.00     98.02
16:38:56        all      2.01      0.00      0.50      0.00      0.00     97.49
16:38:57        all      0.50      0.00      0.00      0.00      0.00     99.50
16:38:58        all      0.00      0.00      0.00      0.00      0.00    100.00
16:38:59        all      6.03      0.00      1.51      0.00      0.00     92.46
16:39:00        all     49.75      0.00      3.52      0.00      0.00     46.73
16:39:01        all     91.37      0.00      5.58      0.00      0.00      3.05
16:39:02        all     88.94      0.00      5.03      0.00      4.02      2.01
16:39:03        all      6.03      0.00      0.50      0.00      0.00     93.47
16:39:04        all      0.50      0.00      1.00      0.00      0.00     98.51
16:39:05        all      0.00      0.00      0.00      0.00      0.00    100.00
16:39:06        all      0.00      0.00      0.00      0.00      0.00    100.00
16:39:07        all      0.00      0.00      0.00      0.00      0.00    100.00
16:39:08        all      0.50      0.00      0.50      0.00      0.00     99.00
16:39:09        all      0.00      0.00      0.00      1.00      0.00     99.00
16:39:10        all      0.50      0.00      0.00      0.00      0.00     99.50
16:39:11        all      0.00      0.00      0.00      0.00      0.00    100.00
16:39:12        all      0.50      0.00      0.00      0.00      0.50     99.00
16:39:13        all      0.00      0.00      0.50      0.00      0.00     99.50
16:39:14        all      4.57      0.00      1.02      0.00      0.00     94.42

Average:        all      9.11      0.00      0.79      0.05      0.16     89.88
