Linux 7.0.0-1010-aws (ip-172-31-20-134) 	08/11/26 	_x86_64_	(2 CPU)

16:38:46    kbmemfree   kbavail kbmemused  %memused kbbuffers  kbcached  kbcommit   %commit  kbactive   kbinact   kbdirty
16:38:47       180912   1324984    371032     19.02     33340   1223588   1478256     75.77    996920    529392       292
16:38:48       180912   1324984    371032     19.02     33340   1223588   1478256     75.77    996920    529392       292
16:38:49       180156   1324232    371788     19.06     33340   1223588   1478256     75.77    997784    529396       292
16:38:50       180156   1324232    371788     19.06     33340   1223588   1478256     75.77    997784    529396       292
16:38:51       180156   1324232    371788     19.06     33340   1223588   1478256     75.77    997784    529396       292
16:38:52       180156   1324232    371784     19.06     33340   1223592   1478256     75.77    997784    529396       296
16:38:53       180156   1324232    371784     19.06     33340   1223592   1478256     75.77    997784    529396       296
16:38:54       180156   1324232    371784     19.06     33340   1223592   1478256     75.77    997784    529396       296
16:38:55       180156   1324240    371756     19.06     33364   1223592   1478256     75.77    997808    529400       408
16:38:56       179148   1323256    372764     19.11     33364   1223592   1479256     75.82   1000252    529424       408
16:38:57       179148   1323260    372668     19.10     33364   1223688   1479256     75.82   1000372    529428       504
16:38:58       179148   1323260    372668     19.10     33364   1223688   1479256     75.82   1000372    529428       504
16:38:59       178644   1322856    373164     19.13     33364   1223696   1479332     75.83   1000828    529528       512
16:39:00       165360   1310516    385492     19.76     33364   1224640   1601012     82.07   1008376    530468      1456
16:39:01       150964   1298156    397816     20.39     33364   1226632   1733544     88.86   1018412    532464      3448
16:39:02       149200   1297840    398032     20.40     33364   1228144   1739032     89.14   1022476    533892      4960
16:39:03       149200   1298040    397924     20.40     33364   1228236   1739032     89.14   1018288    534084      5004
16:39:04       149200   1298080    397860     20.39     33364   1228300   1739032     89.14   1018784    534124      5072
16:39:05       149200   1298080    397860     20.39     33364   1228300   1739032     89.14   1018784    534124      5072
16:39:06       149200   1298080    397860     20.39     33364   1228300   1739032     89.14   1018784    534124      5072
16:39:07       149200   1298080    397856     20.39     33364   1228304   1739032     89.14   1018784    534124      5076
16:39:08       149200   1298080    397856     20.39     33364   1228304   1739032     89.14   1018784    534124      5076
16:39:09       148960   1297860    398080     20.40     33380   1228304   1739032     89.14   1018904    534144      4848
16:39:10       148960   1297860    398080     20.40     33380   1228304   1739032     89.14   1018904    534144      4848
16:39:11       148960   1297860    398080     20.40     33380   1228304   1739032     89.14   1018904    534144      4848
16:39:12       148960   1297860    398076     20.40     33380   1228308   1739032     89.14   1018904    534144      4852
16:39:13       148960   1297860    398076     20.40     33380   1228308   1739032     89.14   1018904    534144      4852
16:39:14       148960   1297868    398064     20.40     33380   1228320   1739032     89.14   1018840    534152      4864

Average:       164053   1310513    385458     19.76     33361   1225928   1612978     82.68   1009107    531742      2644
