Linux 7.0.0-1010-aws (ip-172-31-20-134) 	08/11/26 	_x86_64_	(2 CPU)

16:38:46        IFACE   rxpck/s   txpck/s    rxkB/s    txkB/s   rxcmp/s   txcmp/s  rxmcst/s   %ifutil
16:38:47         ens5     59.00     55.00      4.73      5.90      0.00      0.00      0.00      0.00

16:38:47        IFACE   rxpck/s   txpck/s    rxkB/s    txkB/s   rxcmp/s   txcmp/s  rxmcst/s   %ifutil
16:38:48         ens5      2.00      1.00      0.08      0.04      0.00      0.00      0.00      0.00

16:38:48        IFACE   rxpck/s   txpck/s    rxkB/s    txkB/s   rxcmp/s   txcmp/s  rxmcst/s   %ifutil
16:38:49         ens5      0.00      0.00      0.00      0.00      0.00      0.00      0.00      0.00

16:38:49        IFACE   rxpck/s   txpck/s    rxkB/s    txkB/s   rxcmp/s   txcmp/s  rxmcst/s   %ifutil
16:38:50         ens5      0.00      0.00      0.00      0.00      0.00      0.00      0.00      0.00

16:38:50        IFACE   rxpck/s   txpck/s    rxkB/s    txkB/s   rxcmp/s   txcmp/s  rxmcst/s   %ifutil
16:38:51         ens5      1.00      1.00      0.07      0.09      0.00      0.00      0.00      0.00

16:38:51        IFACE   rxpck/s   txpck/s    rxkB/s    txkB/s   rxcmp/s   txcmp/s  rxmcst/s   %ifutil
16:38:52         ens5      0.00      0.00      0.00      0.00      0.00      0.00      0.00      0.00

16:38:52        IFACE   rxpck/s   txpck/s    rxkB/s    txkB/s   rxcmp/s   txcmp/s  rxmcst/s   %ifutil
16:38:53         ens5      0.00      0.00      0.00      0.00      0.00      0.00      0.00      0.00

16:38:53        IFACE   rxpck/s   txpck/s    rxkB/s    txkB/s   rxcmp/s   txcmp/s  rxmcst/s   %ifutil
16:38:54         ens5      0.00      0.00      0.00      0.00      0.00      0.00      0.00      0.00

16:38:54        IFACE   rxpck/s   txpck/s    rxkB/s    txkB/s   rxcmp/s   txcmp/s  rxmcst/s   %ifutil
16:38:55         ens5      0.00      0.00      0.00      0.00      0.00      0.00      0.00      0.00

16:38:55        IFACE   rxpck/s   txpck/s    rxkB/s    txkB/s   rxcmp/s   txcmp/s  rxmcst/s   %ifutil
16:38:56         ens5     67.00     43.00     66.62     25.37      0.00      0.00      0.00      0.00

16:38:56        IFACE   rxpck/s   txpck/s    rxkB/s    txkB/s   rxcmp/s   txcmp/s  rxmcst/s   %ifutil
16:38:57         ens5      0.00      0.00      0.00      0.00      0.00      0.00      0.00      0.00

16:38:57        IFACE   rxpck/s   txpck/s    rxkB/s    txkB/s   rxcmp/s   txcmp/s  rxmcst/s   %ifutil
16:38:58         ens5      0.00      0.00      0.00      0.00      0.00      0.00      0.00      0.00

16:38:58        IFACE   rxpck/s   txpck/s    rxkB/s    txkB/s   rxcmp/s   txcmp/s  rxmcst/s   %ifutil
16:38:59         ens5     21.00     10.00     18.81      4.79      0.00      0.00      0.00      0.00

16:38:59        IFACE   rxpck/s   txpck/s    rxkB/s    txkB/s   rxcmp/s   txcmp/s  rxmcst/s   %ifutil
16:39:00         ens5    801.00    340.00    746.71    190.90      0.00      0.00      0.00      0.00

16:39:00        IFACE   rxpck/s   txpck/s    rxkB/s    txkB/s   rxcmp/s   txcmp/s  rxmcst/s   %ifutil
16:39:01         ens5   1751.00    666.00   1616.41    397.56      0.00      0.00      0.00      0.00

16:39:01        IFACE   rxpck/s   txpck/s    rxkB/s    txkB/s   rxcmp/s   txcmp/s  rxmcst/s   %ifutil
16:39:02         ens5   1010.00    507.00    989.30    232.22      0.00      0.00      0.00      0.00

16:39:02        IFACE   rxpck/s   txpck/s    rxkB/s    txkB/s   rxcmp/s   txcmp/s  rxmcst/s   %ifutil
16:39:03         ens5     48.00     29.00     46.24     11.91      0.00      0.00      0.00      0.00

16:39:03        IFACE   rxpck/s   txpck/s    rxkB/s    txkB/s   rxcmp/s   txcmp/s  rxmcst/s   %ifutil
16:39:04         ens5      0.00      0.00      0.00      0.00      0.00      0.00      0.00      0.00

16:39:04        IFACE   rxpck/s   txpck/s    rxkB/s    txkB/s   rxcmp/s   txcmp/s  rxmcst/s   %ifutil
16:39:05         ens5      0.00      0.00      0.00      0.00      0.00      0.00      0.00      0.00

16:39:05        IFACE   rxpck/s   txpck/s    rxkB/s    txkB/s   rxcmp/s   txcmp/s  rxmcst/s   %ifutil
16:39:06         ens5      0.00      0.00      0.00      0.00      0.00      0.00      0.00      0.00

16:39:06        IFACE   rxpck/s   txpck/s    rxkB/s    txkB/s   rxcmp/s   txcmp/s  rxmcst/s   %ifutil
16:39:07         ens5      1.00      1.00      0.07      0.09      0.00      0.00      0.00      0.00

16:39:07        IFACE   rxpck/s   txpck/s    rxkB/s    txkB/s   rxcmp/s   txcmp/s  rxmcst/s   %ifutil
16:39:08         ens5      0.00      0.00      0.00      0.00      0.00      0.00      0.00      0.00

16:39:08        IFACE   rxpck/s   txpck/s    rxkB/s    txkB/s   rxcmp/s   txcmp/s  rxmcst/s   %ifutil
16:39:09         ens5      1.00      1.00      0.04      0.06      0.00      0.00      0.00      0.00

16:39:09        IFACE   rxpck/s   txpck/s    rxkB/s    txkB/s   rxcmp/s   txcmp/s  rxmcst/s   %ifutil
16:39:10         ens5      0.00      1.00      0.00      0.06      0.00      0.00      0.00      0.00

16:39:10        IFACE   rxpck/s   txpck/s    rxkB/s    txkB/s   rxcmp/s   txcmp/s  rxmcst/s   %ifutil
16:39:11         ens5      0.00      0.00      0.00      0.00      0.00      0.00      0.00      0.00

16:39:11        IFACE   rxpck/s   txpck/s    rxkB/s    txkB/s   rxcmp/s   txcmp/s  rxmcst/s   %ifutil
16:39:12         ens5      0.00      1.00      0.00      0.06      0.00      0.00      0.00      0.00

16:39:12        IFACE   rxpck/s   txpck/s    rxkB/s    txkB/s   rxcmp/s   txcmp/s  rxmcst/s   %ifutil
16:39:13         ens5      0.00      0.00      0.00      0.00      0.00      0.00      0.00      0.00

16:39:13        IFACE   rxpck/s   txpck/s    rxkB/s    txkB/s   rxcmp/s   txcmp/s  rxmcst/s   %ifutil
16:39:14         ens5      0.00      0.00      0.00      0.00      0.00      0.00      0.00      0.00



Average:        IFACE   rxpck/s   txpck/s    rxkB/s    txkB/s   rxcmp/s   txcmp/s  rxmcst/s   %ifutil
Average:         ens5    134.36     59.14    124.61     31.04      0.00      0.00      0.00      0.00
