Linux 7.0.0-1010-aws (ip-172-31-31-224) 	08/11/26 	_x86_64_	(2 CPU)

06:32:39        CPU     %user     %nice   %system   %iowait    %steal     %idle
06:32:40        all     48.24      0.00      5.03      0.00      3.02     43.72
06:32:41        all     48.00      0.00      4.00      0.00      2.50     45.50
06:32:42        all     48.26      0.00      3.48      0.00      1.99     46.27
06:32:43        all     51.01      0.00      3.54      0.00      0.51     44.95
06:32:44        all     52.26      0.00      4.52      0.00      3.52     39.70
06:32:45        all     46.73      0.00      3.02      0.00      2.01     48.24
06:32:46        all     47.50      0.00      3.50      0.00      3.50     45.50
06:32:47        all     50.51      0.00      3.54      0.51      1.01     44.44
06:32:48        all     22.89      0.00      1.99      0.00      1.00     74.13
06:32:49        all      0.00      0.00      0.00      0.00      0.00    100.00
06:32:50        all      0.00      0.00      0.00      0.00      0.00    100.00
06:32:51        all      0.50      0.00      0.50      0.00      0.50     98.51
06:32:52        all      0.50      0.00      0.00      0.00      0.00     99.50
06:32:53        all      0.00      0.00      0.50      0.00      0.00     99.50
06:32:54        all      4.00      0.00      0.00      0.00      0.50     95.50
06:32:55        all      1.01      0.00      0.51      0.00      0.00     98.48
06:32:56        all      7.14      0.00      2.55      0.00      1.02     89.29
06:32:57        all      5.53      0.00      3.52      0.00      1.01     89.95
06:32:58        all      1.01      0.00      0.50      0.00      0.50     97.99
06:32:59        all      5.50      0.00      1.00      0.00      0.50     93.00
06:33:00        all      1.00      0.00      0.00      0.00      1.50     97.50
06:33:01        all      0.00      0.00      0.49      0.00      1.48     98.03
06:33:02        all      0.00      0.00      0.00      0.00      8.02     91.98
06:33:03        all      0.48      0.00      0.48      0.00      4.35     94.69
06:33:04        all      1.97      0.00      1.48      0.00      4.93     91.63
06:33:05        all      2.01      0.00      1.01      0.00      3.02     93.97
06:33:06        all      0.50      0.00      1.00      0.00      0.00     98.51
06:33:07        all      0.50      0.00      0.00      0.00      0.00     99.50
06:33:08        all      0.00      0.00      0.00      0.00      0.00    100.00


Average:        all     15.35      0.00      1.58      0.02      1.62     81.43
