Linux 7.0.0-1010-aws (ip-172-31-31-224) 	08/11/26 	_x86_64_	(2 CPU)

06:32:39        IFACE   rxpck/s   txpck/s    rxkB/s    txkB/s   rxcmp/s   txcmp/s  rxmcst/s   %ifutil
06:32:40         ens5     52.00     50.00      4.38      6.36      0.00      0.00      0.00      0.00

06:32:40        IFACE   rxpck/s   txpck/s    rxkB/s    txkB/s   rxcmp/s   txcmp/s  rxmcst/s   %ifutil
06:32:41         ens5     60.00     52.00      5.00      6.13      0.00      0.00      0.00      0.00

06:32:41        IFACE   rxpck/s   txpck/s    rxkB/s    txkB/s   rxcmp/s   txcmp/s  rxmcst/s   %ifutil
06:32:42         ens5     22.00     20.00      1.73      2.82      0.00      0.00      0.00      0.00

06:32:42        IFACE   rxpck/s   txpck/s    rxkB/s    txkB/s   rxcmp/s   txcmp/s  rxmcst/s   %ifutil
06:32:43         ens5      9.00      7.00      0.46      1.46      0.00      0.00      0.00      0.00

06:32:43        IFACE   rxpck/s   txpck/s    rxkB/s    txkB/s   rxcmp/s   txcmp/s  rxmcst/s   %ifutil
06:32:44         ens5      5.00      5.00      0.25      1.10      0.00      0.00      0.00      0.00

06:32:44        IFACE   rxpck/s   txpck/s    rxkB/s    txkB/s   rxcmp/s   txcmp/s  rxmcst/s   %ifutil
06:32:45         ens5      8.00      9.00      0.41      1.90      0.00      0.00      0.00      0.00

06:32:45        IFACE   rxpck/s   txpck/s    rxkB/s    txkB/s   rxcmp/s   txcmp/s  rxmcst/s   %ifutil
06:32:46         ens5      5.00      5.00      0.25      1.06      0.00      0.00      0.00      0.00

06:32:46        IFACE   rxpck/s   txpck/s    rxkB/s    txkB/s   rxcmp/s   txcmp/s  rxmcst/s   %ifutil
06:32:47         ens5      6.00      7.00      0.33      1.40      0.00      0.00      0.00      0.00

06:32:47        IFACE   rxpck/s   txpck/s    rxkB/s    txkB/s   rxcmp/s   txcmp/s  rxmcst/s   %ifutil
06:32:48         ens5      8.00      6.00      0.41      0.92      0.00      0.00      0.00      0.00

06:32:48        IFACE   rxpck/s   txpck/s    rxkB/s    txkB/s   rxcmp/s   txcmp/s  rxmcst/s   %ifutil
06:32:49         ens5      0.00      0.00      0.00      0.00      0.00      0.00      0.00      0.00

06:32:49        IFACE   rxpck/s   txpck/s    rxkB/s    txkB/s   rxcmp/s   txcmp/s  rxmcst/s   %ifutil
06:32:50         ens5      0.00      0.00      0.00      0.00      0.00      0.00      0.00      0.00

06:32:50        IFACE   rxpck/s   txpck/s    rxkB/s    txkB/s   rxcmp/s   txcmp/s  rxmcst/s   %ifutil
06:32:51         ens5     18.00     28.00      8.45     22.72      0.00      0.00      0.00      0.00

06:32:51        IFACE   rxpck/s   txpck/s    rxkB/s    txkB/s   rxcmp/s   txcmp/s  rxmcst/s   %ifutil
06:32:52         ens5      0.00      0.00      0.00      0.00      0.00      0.00      0.00      0.00

06:32:52        IFACE   rxpck/s   txpck/s    rxkB/s    txkB/s   rxcmp/s   txcmp/s  rxmcst/s   %ifutil
06:32:53         ens5      0.00      0.00      0.00      0.00      0.00      0.00      0.00      0.00

06:32:53        IFACE   rxpck/s   txpck/s    rxkB/s    txkB/s   rxcmp/s   txcmp/s  rxmcst/s   %ifutil
06:32:54         ens5      0.00      0.00      0.00      0.00      0.00      0.00      0.00      0.00

06:32:54        IFACE   rxpck/s   txpck/s    rxkB/s    txkB/s   rxcmp/s   txcmp/s  rxmcst/s   %ifutil
06:32:55         ens5     57.00     91.00     37.08     68.67      0.00      0.00      0.00      0.00

06:32:55        IFACE   rxpck/s   txpck/s    rxkB/s    txkB/s   rxcmp/s   txcmp/s  rxmcst/s   %ifutil
06:32:56         ens5    440.00    785.00    302.52    581.59      0.00      0.00      0.00      0.00

06:32:56        IFACE   rxpck/s   txpck/s    rxkB/s    txkB/s   rxcmp/s   txcmp/s  rxmcst/s   %ifutil
06:32:57         ens5    363.00    637.00    241.74    464.53      0.00      0.00      0.00      0.00

06:32:57        IFACE   rxpck/s   txpck/s    rxkB/s    txkB/s   rxcmp/s   txcmp/s  rxmcst/s   %ifutil
06:32:58         ens5     41.00     65.00     24.91     46.74      0.00      0.00      0.00      0.00

06:32:58        IFACE   rxpck/s   txpck/s    rxkB/s    txkB/s   rxcmp/s   txcmp/s  rxmcst/s   %ifutil
06:32:59         ens5      0.00      0.00      0.00      0.00      0.00      0.00      0.00      0.00

06:32:59        IFACE   rxpck/s   txpck/s    rxkB/s    txkB/s   rxcmp/s   txcmp/s  rxmcst/s   %ifutil
06:33:00         ens5      0.00      0.00      0.00      0.00      0.00      0.00      0.00      0.00

06:33:00        IFACE   rxpck/s   txpck/s    rxkB/s    txkB/s   rxcmp/s   txcmp/s  rxmcst/s   %ifutil
06:33:01         ens5      0.00      1.00      0.00      0.22      0.00      0.00      0.00      0.00

06:33:01        IFACE   rxpck/s   txpck/s    rxkB/s    txkB/s   rxcmp/s   txcmp/s  rxmcst/s   %ifutil
06:33:02         ens5      1.00      0.00      0.21      0.00      0.00      0.00      0.00      0.00

06:33:02        IFACE   rxpck/s   txpck/s    rxkB/s    txkB/s   rxcmp/s   txcmp/s  rxmcst/s   %ifutil
06:33:03         ens5      1.00      1.00      0.07      0.09      0.00      0.00      0.00      0.00

06:33:03        IFACE   rxpck/s   txpck/s    rxkB/s    txkB/s   rxcmp/s   txcmp/s  rxmcst/s   %ifutil
06:33:04         ens5    123.00    184.00     74.37    138.19      0.00      0.00      0.00      0.00

06:33:04        IFACE   rxpck/s   txpck/s    rxkB/s    txkB/s   rxcmp/s   txcmp/s  rxmcst/s   %ifutil
06:33:05         ens5    120.00    170.00     68.92    124.96      0.00      0.00      0.00      0.00

06:33:05        IFACE   rxpck/s   txpck/s    rxkB/s    txkB/s   rxcmp/s   txcmp/s  rxmcst/s   %ifutil
06:33:06         ens5      7.00     11.00      4.17      7.98      0.00      0.00      0.00      0.00

06:33:06        IFACE   rxpck/s   txpck/s    rxkB/s    txkB/s   rxcmp/s   txcmp/s  rxmcst/s   %ifutil
06:33:07         ens5      0.00      0.00      0.00      0.00      0.00      0.00      0.00      0.00

06:33:07        IFACE   rxpck/s   txpck/s    rxkB/s    txkB/s   rxcmp/s   txcmp/s  rxmcst/s   %ifutil
06:33:08         ens5      0.00      0.00      0.00      0.00      0.00      0.00      0.00      0.00


Average:        IFACE   rxpck/s   txpck/s    rxkB/s    txkB/s   rxcmp/s   txcmp/s  rxmcst/s   %ifutil
Average:         ens5     46.41     73.59     26.75     50.99      0.00      0.00      0.00      0.00
