Linux 7.0.0-1010-aws (ip-172-31-31-224) 	08/11/26 	_x86_64_	(2 CPU)

08:57:49    kbmemfree   kbavail kbmemused  %memused kbbuffers  kbcached  kbcommit   %commit  kbactive   kbinact   kbdirty
08:57:50       700288   1299008    431652     22.13     23896    716680   1610228     82.54    436676    650584       236
08:57:51       620152   1218872    511788     26.23     23896    716680   1693716     86.82    517672    650584       236
08:57:52       563704   1162424    568236     29.13     23896    716680   1752484     89.83    577116    650584       236
08:57:53       442996   1041716    688944     35.31     23896    716680   1865112     95.60    688248    650584       236
08:57:54       354544    953268    777392     39.85     23896    716684   1956840    100.30    781104    650588       240
08:57:55       314224    912948    817712     41.91     23896    716684   1994728    102.25    819340    650588       240
08:57:56       241900    840624    890036     45.62     23896    716684   2057748    105.48    885516    650588       240
08:57:57       104812    703536   1027124     52.65     23896    716684   2194924    112.51   1021536    650588       240
08:57:58       104812    703536   1027124     52.65     23896    716684   2194924    112.51   1021456    650588       240
08:57:59       104812    703536   1027116     52.65     23896    716692   2194924    112.51   1021528    650588       248
08:58:00       104812    703536   1027112     52.65     23896    716696   2194924    112.51   1021528    650588       252
08:58:01       104812    703536   1027112     52.65     23896    716696   2194924    112.51   1021528    650588       252
08:58:02       104812    703536   1027112     52.65     23896    716696   2194924    112.51   1021528    650588       252
08:58:03       104940    703664   1026984     52.64     23896    716696   2194924    112.51   1021528    650588       252
08:58:04       105060    703784   1026864     52.64     23896    716696   2194988    112.51   1021528    650588       252
08:58:05       105068    703804   1026852     52.63     23896    716700   2195244    112.52   1021596    650600       256
08:58:06       105068    703804   1026852     52.63     23896    716700   2195244    112.52   1022216    650600       256
08:58:07       105068    703804   1026852     52.63     23896    716700   2195244    112.52   1022216    650600       256
08:58:08       105068    703804   1026852     52.63     23896    716700   2195244    112.52   1022216    650600       256
08:58:09       105068    703804   1026852     52.63     23896    716700   2195244    112.52   1022216    650600       256
08:58:10       105068    703808   1026844     52.63     23896    716708   2195244    112.52   1022224    650604       216
08:58:11       105068    703808   1026844     52.63     23896    716708   2195244    112.52   1022224    650604       216
08:58:12       105068    703808   1026844     52.63     23896    716708   2195244    112.52   1022224    650604       216
08:58:13       105068    703808   1026844     52.63     23896    716708   2195244    112.52   1021468    650604       216
08:58:14       105068    703824   1026832     52.63     23896    716720   2195244    112.52   1022204    650620       232
08:58:15       105068    703824   1026832     52.63     23896    716720   2195244    112.52   1022204    650620       232

Average:       201247    799978    930677     47.71     23896    716696   2101461    107.72    927725    650595       241
