Linux 7.0.0-1010-aws (ip-172-31-31-224) 	08/11/26 	_x86_64_	(2 CPU)

08:57:49        IFACE   rxpck/s   txpck/s    rxkB/s    txkB/s   rxcmp/s   txcmp/s  rxmcst/s   %ifutil
08:57:50         ens5     64.00     62.00      5.08      7.21      0.00      0.00      0.00      0.00

08:57:50        IFACE   rxpck/s   txpck/s    rxkB/s    txkB/s   rxcmp/s   txcmp/s  rxmcst/s   %ifutil
08:57:51         ens5     57.00     57.00      4.72      6.28      0.00      0.00      0.00      0.00

08:57:51        IFACE   rxpck/s   txpck/s    rxkB/s    txkB/s   rxcmp/s   txcmp/s  rxmcst/s   %ifutil
08:57:52         ens5     11.00     10.00      0.63      1.90      0.00      0.00      0.00      0.00

08:57:52        IFACE   rxpck/s   txpck/s    rxkB/s    txkB/s   rxcmp/s   txcmp/s  rxmcst/s   %ifutil
08:57:53         ens5      6.00      7.00      0.30      1.48      0.00      0.00      0.00      0.00

08:57:53        IFACE   rxpck/s   txpck/s    rxkB/s    txkB/s   rxcmp/s   txcmp/s  rxmcst/s   %ifutil
08:57:54         ens5      6.00      5.00      0.30      1.10      0.00      0.00      0.00      0.00

08:57:54        IFACE   rxpck/s   txpck/s    rxkB/s    txkB/s   rxcmp/s   txcmp/s  rxmcst/s   %ifutil
08:57:55         ens5     11.00     11.00      0.56      2.19      0.00      0.00      0.00      0.00

08:57:55        IFACE   rxpck/s   txpck/s    rxkB/s    txkB/s   rxcmp/s   txcmp/s  rxmcst/s   %ifutil
08:57:56         ens5      5.00      5.00      0.25      1.09      0.00      0.00      0.00      0.00

08:57:56        IFACE   rxpck/s   txpck/s    rxkB/s    txkB/s   rxcmp/s   txcmp/s  rxmcst/s   %ifutil
08:57:57         ens5      3.00      3.00      0.15      0.66      0.00      0.00      0.00      0.00

08:57:57        IFACE   rxpck/s   txpck/s    rxkB/s    txkB/s   rxcmp/s   txcmp/s  rxmcst/s   %ifutil
08:57:58         ens5      4.00      4.00      0.20      0.72      0.00      0.00      0.00      0.00

08:57:58        IFACE   rxpck/s   txpck/s    rxkB/s    txkB/s   rxcmp/s   txcmp/s  rxmcst/s   %ifutil
08:57:59         ens5     26.00     29.00      4.51     21.58      0.00      0.00      0.00      0.00

08:57:59        IFACE   rxpck/s   txpck/s    rxkB/s    txkB/s   rxcmp/s   txcmp/s  rxmcst/s   %ifutil
08:58:00         ens5      0.00      0.00      0.00      0.00      0.00      0.00      0.00      0.00

08:58:00        IFACE   rxpck/s   txpck/s    rxkB/s    txkB/s   rxcmp/s   txcmp/s  rxmcst/s   %ifutil
08:58:01         ens5      0.00      0.00      0.00      0.00      0.00      0.00      0.00      0.00

08:58:01        IFACE   rxpck/s   txpck/s    rxkB/s    txkB/s   rxcmp/s   txcmp/s  rxmcst/s   %ifutil
08:58:02         ens5      0.00      0.00      0.00      0.00      0.00      0.00      0.00      0.00

08:58:02        IFACE   rxpck/s   txpck/s    rxkB/s    txkB/s   rxcmp/s   txcmp/s  rxmcst/s   %ifutil
08:58:03         ens5    289.00    289.00     55.39    168.77      0.00      0.00      0.00      0.00

08:58:03        IFACE   rxpck/s   txpck/s    rxkB/s    txkB/s   rxcmp/s   txcmp/s  rxmcst/s   %ifutil
08:58:04         ens5   1129.00   1124.00    210.10    650.95      0.00      0.00      0.00      0.00

08:58:04        IFACE   rxpck/s   txpck/s    rxkB/s    txkB/s   rxcmp/s   txcmp/s  rxmcst/s   %ifutil
08:58:05         ens5    942.00    946.00    171.22    545.25      0.00      0.00      0.00      0.00

08:58:05        IFACE   rxpck/s   txpck/s    rxkB/s    txkB/s   rxcmp/s   txcmp/s  rxmcst/s   %ifutil
08:58:06         ens5     65.00     64.00     12.17     37.92      0.00      0.00      0.00      0.00

08:58:06        IFACE   rxpck/s   txpck/s    rxkB/s    txkB/s   rxcmp/s   txcmp/s  rxmcst/s   %ifutil
08:58:07         ens5      0.00      0.00      0.00      0.00      0.00      0.00      0.00      0.00

08:58:07        IFACE   rxpck/s   txpck/s    rxkB/s    txkB/s   rxcmp/s   txcmp/s  rxmcst/s   %ifutil
08:58:08         ens5      0.00      0.00      0.00      0.00      0.00      0.00      0.00      0.00

08:58:08        IFACE   rxpck/s   txpck/s    rxkB/s    txkB/s   rxcmp/s   txcmp/s  rxmcst/s   %ifutil
08:58:09         ens5      0.00      0.00      0.00      0.00      0.00      0.00      0.00      0.00

08:58:09        IFACE   rxpck/s   txpck/s    rxkB/s    txkB/s   rxcmp/s   txcmp/s  rxmcst/s   %ifutil
08:58:10         ens5      0.00      0.00      0.00      0.00      0.00      0.00      0.00      0.00

08:58:10        IFACE   rxpck/s   txpck/s    rxkB/s    txkB/s   rxcmp/s   txcmp/s  rxmcst/s   %ifutil
08:58:11         ens5      0.00      0.00      0.00      0.00      0.00      0.00      0.00      0.00

08:58:11        IFACE   rxpck/s   txpck/s    rxkB/s    txkB/s   rxcmp/s   txcmp/s  rxmcst/s   %ifutil
08:58:12         ens5      0.00      0.00      0.00      0.00      0.00      0.00      0.00      0.00

08:58:12        IFACE   rxpck/s   txpck/s    rxkB/s    txkB/s   rxcmp/s   txcmp/s  rxmcst/s   %ifutil
08:58:13         ens5      0.00      0.00      0.00      0.00      0.00      0.00      0.00      0.00

08:58:13        IFACE   rxpck/s   txpck/s    rxkB/s    txkB/s   rxcmp/s   txcmp/s  rxmcst/s   %ifutil
08:58:14         ens5      0.00      0.00      0.00      0.00      0.00      0.00      0.00      0.00

08:58:14        IFACE   rxpck/s   txpck/s    rxkB/s    txkB/s   rxcmp/s   txcmp/s  rxmcst/s   %ifutil
08:58:15         ens5      0.00      0.00      0.00      0.00      0.00      0.00      0.00      0.00


Average:        IFACE   rxpck/s   txpck/s    rxkB/s    txkB/s   rxcmp/s   txcmp/s  rxmcst/s   %ifutil
Average:         ens5    100.65    100.58     17.90     55.64      0.00      0.00      0.00      0.00
