Linux 7.0.0-1010-aws (ip-172-31-31-224) 	08/11/26 	_x86_64_	(2 CPU)

06:53:39        CPU     %user     %nice   %system   %iowait    %steal     %idle
06:53:40        all     47.72      0.00      3.55      0.00      4.57     44.16
06:53:41        all     47.26      0.00      3.98      0.00      2.99     45.77
06:53:42        all     48.50      0.00      4.50      0.00      2.00     45.00
06:53:43        all     48.22      0.00      2.54      0.00      2.54     46.70
06:53:44        all     54.00      0.00      4.50      0.00      2.00     39.50
06:53:45        all     48.02      0.00      4.46      0.00      1.98     45.54
06:53:46        all     48.99      0.00      4.04      0.00      1.01     45.96
06:53:47        all     45.23      0.00      4.02      0.50      3.02     47.24
06:53:48        all     32.50      0.00      2.50      0.00      0.50     64.50
06:53:49        all      0.00      0.00      0.00      0.00      0.00    100.00
06:53:50        all      0.50      0.00      0.00      0.00      0.50     99.00
06:53:51        all      0.50      0.00      0.00      0.00      0.00     99.50
06:53:52        all      0.00      0.00      0.00      0.00      0.51     99.49
06:53:53        all      0.50      0.00      1.00      0.00      0.50     98.00
06:53:54        all      3.52      0.00      2.51      0.00      1.51     92.46
06:53:55        all      2.03      0.00      2.54      0.00      0.51     94.92
06:53:56        all      0.50      0.00      1.01      0.00      0.50     97.99
06:53:57        all      0.00      0.00      0.50      0.00      0.00     99.50
06:53:58        all      1.00      0.00      0.00      0.00      0.00     99.00
06:53:59        all      5.03      0.00      1.51      0.00      0.00     93.47
06:54:00        all      0.00      0.00      0.00      0.00      2.97     97.03
06:54:01        all      0.00      0.00      0.50      0.00      1.00     98.51
06:54:02        all      0.46      0.00      0.46      0.00     10.14     88.94
06:54:03        all      0.48      0.00      0.48      0.00      7.73     91.30
06:54:04        all      0.49      0.00      0.00      0.00      4.39     95.12
06:54:05        all      0.50      0.00      0.50      0.00      1.98     97.03

Average:        all     16.65      0.00      1.72      0.02      2.07     79.53
