Linux 7.0.0-1010-aws (ip-172-31-20-134) 	08/11/26 	_x86_64_	(2 CPU)

19:15:39        CPU     %user     %nice   %system   %iowait    %steal     %idle
19:15:40        all      1.52      0.00      1.52      0.00      0.00     96.97
19:15:41        all      0.51      0.00      0.00      0.00      0.00     99.49
19:15:42        all      0.50      0.00      0.00      0.00      0.00     99.50
19:15:43        all      0.00      0.00      0.50      0.00      0.00     99.50
19:15:44        all      5.05      0.00      1.01      0.00      0.00     93.94
19:15:45        all      0.50      0.00      0.00      0.00      0.00     99.50
19:15:46        all      0.50      0.00      0.00      0.00      0.00     99.50
19:15:47        all      0.00      0.00      0.00      0.00      0.00    100.00
19:15:48        all      0.00      0.00      0.50      0.00      0.00     99.50
19:15:49        all      0.50      0.00      0.00      0.00      0.50     99.00
19:15:50        all      0.50      0.00      0.50      0.00      0.00     99.00
19:15:51        all      2.58      0.00      2.58      0.00      0.00     94.85
19:15:52        all      2.05      0.00      1.54      0.00      0.00     96.41
19:15:53        all      1.00      0.00      1.00      0.00      0.00     98.01
19:15:54        all      1.00      0.00      0.00      0.00      0.00     99.00
19:15:55        all      0.51      0.00      0.00      1.01      0.00     98.48
19:15:56        all      1.00      0.00      0.00      0.00      0.00     99.00
19:15:57        all      0.00      0.00      0.00      0.00      0.00    100.00
19:15:58        all      0.00      0.00      0.50      0.00      0.00     99.50
19:15:59        all      5.05      0.00      1.01      0.00      0.51     93.43

Average:        all      1.13      0.00      0.53      0.05      0.05     98.24
