Linux 7.0.0-1010-aws (ip-172-31-20-134) 	08/11/26 	_x86_64_	(2 CPU)

19:15:39        IFACE   rxpck/s   txpck/s    rxkB/s    txkB/s   rxcmp/s   txcmp/s  rxmcst/s   %ifutil
19:15:40         ens5     51.00     43.00      4.25      4.84      0.00      0.00      0.00      0.00

19:15:40        IFACE   rxpck/s   txpck/s    rxkB/s    txkB/s   rxcmp/s   txcmp/s  rxmcst/s   %ifutil
19:15:41         ens5     30.00     25.00      2.54      2.63      0.00      0.00      0.00      0.00

19:15:41        IFACE   rxpck/s   txpck/s    rxkB/s    txkB/s   rxcmp/s   txcmp/s  rxmcst/s   %ifutil
19:15:42         ens5      0.00      0.00      0.00      0.00      0.00      0.00      0.00      0.00

19:15:42        IFACE   rxpck/s   txpck/s    rxkB/s    txkB/s   rxcmp/s   txcmp/s  rxmcst/s   %ifutil
19:15:43         ens5      0.00      0.00      0.00      0.00      0.00      0.00      0.00      0.00

19:15:43        IFACE   rxpck/s   txpck/s    rxkB/s    txkB/s   rxcmp/s   txcmp/s  rxmcst/s   %ifutil
19:15:44         ens5      0.00      0.00      0.00      0.00      0.00      0.00      0.00      0.00

19:15:44        IFACE   rxpck/s   txpck/s    rxkB/s    txkB/s   rxcmp/s   txcmp/s  rxmcst/s   %ifutil
19:15:45         ens5      0.00      0.00      0.00      0.00      0.00      0.00      0.00      0.00

19:15:45        IFACE   rxpck/s   txpck/s    rxkB/s    txkB/s   rxcmp/s   txcmp/s  rxmcst/s   %ifutil
19:15:46         ens5     14.00     20.00      1.29      1.62      0.00      0.00      0.00      0.00

19:15:46        IFACE   rxpck/s   txpck/s    rxkB/s    txkB/s   rxcmp/s   txcmp/s  rxmcst/s   %ifutil
19:15:47         ens5      0.00      0.00      0.00      0.00      0.00      0.00      0.00      0.00

19:15:47        IFACE   rxpck/s   txpck/s    rxkB/s    txkB/s   rxcmp/s   txcmp/s  rxmcst/s   %ifutil
19:15:48         ens5      0.00      0.00      0.00      0.00      0.00      0.00      0.00      0.00

19:15:48        IFACE   rxpck/s   txpck/s    rxkB/s    txkB/s   rxcmp/s   txcmp/s  rxmcst/s   %ifutil
19:15:49         ens5      0.00      0.00      0.00      0.00      0.00      0.00      0.00      0.00

19:15:49        IFACE   rxpck/s   txpck/s    rxkB/s    txkB/s   rxcmp/s   txcmp/s  rxmcst/s   %ifutil
19:15:50         ens5     26.00     34.00      2.56      3.30      0.00      0.00      0.00      0.00

19:15:50        IFACE   rxpck/s   txpck/s    rxkB/s    txkB/s   rxcmp/s   txcmp/s  rxmcst/s   %ifutil
19:15:51         ens5    516.00    689.00     50.89     66.39      0.00      0.00      0.00      0.00

19:15:51        IFACE   rxpck/s   txpck/s    rxkB/s    txkB/s   rxcmp/s   txcmp/s  rxmcst/s   %ifutil
19:15:52         ens5    452.00    603.00     44.69     57.76      0.00      0.00      0.00      0.00

19:15:52        IFACE   rxpck/s   txpck/s    rxkB/s    txkB/s   rxcmp/s   txcmp/s  rxmcst/s   %ifutil
19:15:53         ens5     98.00    130.00      9.57     12.43      0.00      0.00      0.00      0.00

19:15:53        IFACE   rxpck/s   txpck/s    rxkB/s    txkB/s   rxcmp/s   txcmp/s  rxmcst/s   %ifutil
19:15:54         ens5      0.00      0.00      0.00      0.00      0.00      0.00      0.00      0.00

19:15:54        IFACE   rxpck/s   txpck/s    rxkB/s    txkB/s   rxcmp/s   txcmp/s  rxmcst/s   %ifutil
19:15:55         ens5      0.00      0.00      0.00      0.00      0.00      0.00      0.00      0.00

19:15:55        IFACE   rxpck/s   txpck/s    rxkB/s    txkB/s   rxcmp/s   txcmp/s  rxmcst/s   %ifutil
19:15:56         ens5      1.00      1.00      0.05      0.06      0.00      0.00      0.00      0.00

19:15:56        IFACE   rxpck/s   txpck/s    rxkB/s    txkB/s   rxcmp/s   txcmp/s  rxmcst/s   %ifutil
19:15:57         ens5      0.00      1.00      0.00      0.06      0.00      0.00      0.00      0.00

19:15:57        IFACE   rxpck/s   txpck/s    rxkB/s    txkB/s   rxcmp/s   txcmp/s  rxmcst/s   %ifutil
19:15:58         ens5      0.00      0.00      0.00      0.00      0.00      0.00      0.00      0.00

19:15:58        IFACE   rxpck/s   txpck/s    rxkB/s    txkB/s   rxcmp/s   txcmp/s  rxmcst/s   %ifutil
19:15:59         ens5      0.00      1.00      0.00      0.06      0.00      0.00      0.00      0.00


Average:        IFACE   rxpck/s   txpck/s    rxkB/s    txkB/s   rxcmp/s   txcmp/s  rxmcst/s   %ifutil
Average:         ens5     59.40     77.35      5.79      7.46      0.00      0.00      0.00      0.00
