Linux 7.0.0-1010-aws (ip-172-31-20-134) 	08/11/26 	_x86_64_	(2 CPU)

17:14:51        CPU     %user     %nice   %system   %iowait    %steal     %idle
17:14:52        all      2.01      0.00      1.01      0.50      0.00     96.48
17:14:53        all      0.00      0.00      0.00      0.00      0.51     99.49
17:14:54        all      0.50      0.00      0.50      0.00      0.00     99.01
17:14:55        all      0.51      0.00      0.00      0.51      0.00     98.99
17:14:56        all      1.00      0.00      0.00      0.00      0.00     99.00
17:14:57        all      1.01      0.00      0.00      0.00      0.00     98.99
17:14:58        all      0.00      0.00      0.00      0.00      0.00    100.00
17:14:59        all      4.55      0.00      1.52      0.00      0.00     93.94
17:15:00        all      0.00      0.00      0.00      0.00      1.00     99.00
17:15:01        all      2.50      0.00      0.50      0.00      1.50     95.50
17:15:02        all     53.81      0.00      5.24      0.00     22.86     18.10
17:15:03        all     89.80      0.00      6.63      0.00      0.00      3.57
17:15:04        all     78.06      0.00      3.57      0.00      0.00     18.37
17:15:05        all      0.50      0.00      0.00      0.00      0.00     99.50
17:15:06        all      0.00      0.00      0.50      0.00      0.00     99.50
17:15:07        all      0.00      0.00      0.00      0.00      0.00    100.00
17:15:08        all      0.00      0.00      0.00      0.00      0.00    100.00
17:15:09        all      0.50      0.00      0.00      0.00      0.00     99.50
17:15:10        all      0.00      0.00      0.50      0.00      0.00     99.50
17:15:11        all      0.50      0.00      0.50      0.00      0.00     99.00
17:15:12        all      0.00      0.00      0.00      0.00      0.00    100.00

Average:        all     11.19      0.00      0.98      0.05      1.29     86.49
