Linux 7.0.0-1010-aws (ip-172-31-20-134) 	08/11/26 	_x86_64_	(2 CPU)

17:14:51        IFACE   rxpck/s   txpck/s    rxkB/s    txkB/s   rxcmp/s   txcmp/s  rxmcst/s   %ifutil
17:14:52         ens5     48.00     43.00      4.09      4.89      0.00      0.00      0.00      0.00

17:14:52        IFACE   rxpck/s   txpck/s    rxkB/s    txkB/s   rxcmp/s   txcmp/s  rxmcst/s   %ifutil
17:14:53         ens5     40.00     32.00      3.51      3.54      0.00      0.00      0.00      0.00

17:14:53        IFACE   rxpck/s   txpck/s    rxkB/s    txkB/s   rxcmp/s   txcmp/s  rxmcst/s   %ifutil
17:14:54         ens5      0.00      0.00      0.00      0.00      0.00      0.00      0.00      0.00

17:14:54        IFACE   rxpck/s   txpck/s    rxkB/s    txkB/s   rxcmp/s   txcmp/s  rxmcst/s   %ifutil
17:14:55         ens5      0.00      0.00      0.00      0.00      0.00      0.00      0.00      0.00

17:14:55        IFACE   rxpck/s   txpck/s    rxkB/s    txkB/s   rxcmp/s   txcmp/s  rxmcst/s   %ifutil
17:14:56         ens5      0.00      0.00      0.00      0.00      0.00      0.00      0.00      0.00

17:14:56        IFACE   rxpck/s   txpck/s    rxkB/s    txkB/s   rxcmp/s   txcmp/s  rxmcst/s   %ifutil
17:14:57         ens5     57.00     52.00     52.75      3.80      0.00      0.00      0.00      0.00

17:14:57        IFACE   rxpck/s   txpck/s    rxkB/s    txkB/s   rxcmp/s   txcmp/s  rxmcst/s   %ifutil
17:14:58         ens5      0.00      0.00      0.00      0.00      0.00      0.00      0.00      0.00

17:14:58        IFACE   rxpck/s   txpck/s    rxkB/s    txkB/s   rxcmp/s   txcmp/s  rxmcst/s   %ifutil
17:14:59         ens5      1.00      1.00      0.07      0.09      0.00      0.00      0.00      0.00

17:14:59        IFACE   rxpck/s   txpck/s    rxkB/s    txkB/s   rxcmp/s   txcmp/s  rxmcst/s   %ifutil
17:15:00         ens5      0.00      0.00      0.00      0.00      0.00      0.00      0.00      0.00

17:15:00        IFACE   rxpck/s   txpck/s    rxkB/s    txkB/s   rxcmp/s   txcmp/s  rxmcst/s   %ifutil
17:15:01         ens5     34.00     26.00     33.36      2.18      0.00      0.00      0.00      0.00

17:15:01        IFACE   rxpck/s   txpck/s    rxkB/s    txkB/s   rxcmp/s   txcmp/s  rxmcst/s   %ifutil
17:15:02         ens5    854.00    636.00    831.39     51.86      0.00      0.00      0.00      0.00

17:15:02        IFACE   rxpck/s   txpck/s    rxkB/s    txkB/s   rxcmp/s   txcmp/s  rxmcst/s   %ifutil
17:15:03         ens5   1594.00   1140.00   1529.77     90.29      0.00      0.00      0.00      0.00

17:15:03        IFACE   rxpck/s   txpck/s    rxkB/s    txkB/s   rxcmp/s   txcmp/s  rxmcst/s   %ifutil
17:15:04         ens5    612.00    610.00    641.19     57.17      0.00      0.00      0.00      0.00

17:15:04        IFACE   rxpck/s   txpck/s    rxkB/s    txkB/s   rxcmp/s   txcmp/s  rxmcst/s   %ifutil
17:15:05         ens5      0.00      0.00      0.00      0.00      0.00      0.00      0.00      0.00

17:15:05        IFACE   rxpck/s   txpck/s    rxkB/s    txkB/s   rxcmp/s   txcmp/s  rxmcst/s   %ifutil
17:15:06         ens5      0.00      0.00      0.00      0.00      0.00      0.00      0.00      0.00

17:15:06        IFACE   rxpck/s   txpck/s    rxkB/s    txkB/s   rxcmp/s   txcmp/s  rxmcst/s   %ifutil
17:15:07         ens5      0.00      0.00      0.00      0.00      0.00      0.00      0.00      0.00

17:15:07        IFACE   rxpck/s   txpck/s    rxkB/s    txkB/s   rxcmp/s   txcmp/s  rxmcst/s   %ifutil
17:15:08         ens5      0.00      0.00      0.00      0.00      0.00      0.00      0.00      0.00

17:15:08        IFACE   rxpck/s   txpck/s    rxkB/s    txkB/s   rxcmp/s   txcmp/s  rxmcst/s   %ifutil
17:15:09         ens5      0.00      0.00      0.00      0.00      0.00      0.00      0.00      0.00

17:15:09        IFACE   rxpck/s   txpck/s    rxkB/s    txkB/s   rxcmp/s   txcmp/s  rxmcst/s   %ifutil
17:15:10         ens5      0.00      0.00      0.00      0.00      0.00      0.00      0.00      0.00

17:15:10        IFACE   rxpck/s   txpck/s    rxkB/s    txkB/s   rxcmp/s   txcmp/s  rxmcst/s   %ifutil
17:15:11         ens5      0.00      0.00      0.00      0.00      0.00      0.00      0.00      0.00

17:15:11        IFACE   rxpck/s   txpck/s    rxkB/s    txkB/s   rxcmp/s   txcmp/s  rxmcst/s   %ifutil
17:15:12         ens5      0.00      0.00      0.00      0.00      0.00      0.00      0.00      0.00


Average:        IFACE   rxpck/s   txpck/s    rxkB/s    txkB/s   rxcmp/s   txcmp/s  rxmcst/s   %ifutil
Average:         ens5    154.29    120.95    147.43     10.18      0.00      0.00      0.00      0.00
