Linux 7.0.0-1010-aws (ip-172-31-20-134) 	08/11/26 	_x86_64_	(2 CPU)

16:55:10        CPU     %user     %nice   %system   %iowait    %steal     %idle
16:55:11        all      2.03      0.00      0.51      0.00      0.00     97.46
16:55:12        all      0.50      0.00      0.99      0.00      0.00     98.51
16:55:13        all      0.00      0.00      0.00      0.00      0.00    100.00
16:55:14        all      5.08      0.00      1.52      0.00      0.00     93.40
16:55:15        all      0.00      0.00      0.00      0.00      0.00    100.00
16:55:16        all      0.00      0.00      0.00      0.00      0.00    100.00
16:55:17        all      0.50      0.00      0.00      0.00      0.00     99.50
16:55:18        all      1.50      0.00      0.50      0.00      0.00     98.00
16:55:19        all      0.00      0.00      0.00      0.00      0.00    100.00
16:55:20        all      0.00      0.00      0.50      0.00      0.00     99.50
16:55:21        all      0.99      0.00      0.00      0.00      0.00     99.01
16:55:22        all      1.52      0.00      0.00      0.00      0.00     98.48
16:55:23        all     31.98      0.00      4.06      0.00      0.00     63.96
16:55:24        all     80.10      0.00      9.69      0.00      0.00     10.20
16:55:25        all     88.50      0.00      8.50      0.00      0.00      3.00
16:55:26        all     12.06      0.00      1.01      0.00      0.00     86.93
16:55:27        all      0.50      0.00      0.50      0.00      0.00     99.00
16:55:28        all      0.50      0.00      0.00      0.00      0.00     99.50
16:55:29        all      5.53      0.00      1.01      0.00      0.50     92.96
16:55:30        all      0.50      0.00      0.00      0.00      0.00     99.50

Average:        all     11.53      0.00      1.43      0.00      0.03     87.01
