Linux 7.0.0-1010-aws (ip-172-31-20-134) 	08/11/26 	_x86_64_	(2 CPU)

16:55:10    kbmemfree   kbavail kbmemused  %memused kbbuffers  kbcached  kbcommit   %commit  kbactive   kbinact   kbdirty
16:55:11       126348   1320912    373888     19.16     34448   1272172   1469732     75.34    997428    578256      4076
16:55:12       126348   1320912    373884     19.16     34448   1272176   1469732     75.34    997428    578256      4080
16:55:13       126348   1320912    373884     19.16     34448   1272176   1469732     75.34    997428    578256      4080
16:55:14       124332   1318912    375880     19.27     34452   1272192   1469732     75.34    997688    578272       316
16:55:15       124332   1318912    375880     19.27     34452   1272192   1469732     75.34    997688    578272       316
16:55:16       124332   1318912    375880     19.27     34452   1272192   1469732     75.34    997688    578272       316
16:55:17       124332   1318912    375876     19.27     34452   1272196   1469732     75.34    997688    578272       320
16:55:18       124332   1318924    375876     19.27     34452   1272196   1479464     75.83    999412    578284       320
16:55:19       124080   1318732    376068     19.28     34452   1272256   1479720     75.85   1000224    578344       268
16:55:20       124080   1318732    376068     19.28     34452   1272256   1479720     75.85   1000224    578344       268
16:55:21       124080   1318732    376068     19.28     34452   1272256   1479720     75.85   1000224    578344       268
16:55:22       123576   1318232    376568     19.30     34452   1272260   1479764     75.85   1000760    578348       272
16:55:23       120312   1315484    379308     19.44     34452   1272772   1552280     79.57   1007160    578856       784
16:55:24       108256   1304868    389812     19.98     34452   1274268   1809264     92.74   1020024    580272      2196
16:55:25        99436   1297564    397168     20.36     34476   1275648   1854204     95.04   1029192    581760      3732
16:55:26        99436   1297720    396956     20.35     34476   1275848   1854232     95.04   1021296    581912      3932
16:55:27        99436   1297720    396952     20.35     34476   1275852   1854232     95.04   1021296    581912      3936
16:55:28        99436   1297720    396952     20.35     34476   1275852   1854232     95.04   1021296    581912      3936
16:55:29        99436   1297772    396944     20.35     34476   1275860   1854232     95.04   1021376    581964      3944
16:55:30        99436   1297772    396944     20.35     34476   1275860   1854232     95.04   1021376    581964      3944

Average:       116085   1311918    382843     19.62     34459   1273424   1608671     82.46   1007345    579504      2065
