Linux 7.0.0-1008-aws (ip-172-31-31-224) 	08/07/26 	_x86_64_	(2 CPU)

07:58:41        CPU     %user     %nice   %system   %iowait    %steal     %idle
07:58:42        all     52.26      0.00      4.52      0.00      0.00     43.22
07:58:43        all     50.25      0.00      4.02      0.00      0.00     45.73
07:58:44        all     50.25      0.00      3.52      0.00      0.00     46.23
07:58:45        all     51.00      0.00      4.00      0.00      0.00     45.00
07:58:46        all     50.51      0.00      3.03      0.00      0.00     46.46
07:58:47        all     49.25      0.00      4.48      0.00      0.00     46.27
07:58:48        all     48.48      0.00      3.03      0.00      0.51     47.98
07:58:49        all     33.83      0.00      3.48      0.00      0.00     62.69
07:58:50        all      0.50      0.00      0.00      0.00      0.00     99.50
07:58:51        all      0.00      0.00      0.00      0.00      0.00    100.00
07:58:52        all      0.00      0.00      0.00      0.00      0.00    100.00
07:58:53        all      0.00      0.00      0.00      0.00      0.00    100.00
07:58:54        all      0.00      0.00      0.00      0.00      0.00    100.00
07:58:55        all      1.00      0.00      0.50      0.00      0.00     98.50
07:58:56        all      0.51      0.00      0.00      0.00      0.00     99.49
07:58:57        all      0.50      0.00      0.50      0.00      0.00     98.99
07:58:58        all      1.00      0.00      0.50      0.00      0.00     98.50
07:58:59        all      0.50      0.00      0.50      0.00      0.00     98.99
07:59:00        all      0.51      0.00      0.00      0.00      0.00     99.49
07:59:01        all      0.00      0.00      0.51      0.00      0.00     99.49
07:59:02        all      0.50      0.00      1.00      0.00      0.00     98.51
07:59:03        all      0.51      0.00      0.00      0.00      0.00     99.49
07:59:04        all      0.50      0.00      1.00      0.00      0.00     98.51
07:59:05        all      0.50      0.00      0.50      0.00      0.00     98.99
07:59:06        all      0.00      0.00      0.00      0.00      0.00    100.00
07:59:07        all      0.50      0.00      1.00      0.00      0.00     98.50
07:59:08        all      0.50      0.00      0.50      0.00      0.00     98.99
07:59:09        all      0.00      0.00      0.51      0.00      0.00     99.49
07:59:10        all      1.01      0.00      0.00      0.00      0.00     98.99
07:59:11        all      0.51      0.00      0.00      0.00      0.00     99.49
07:59:12        all      0.50      0.00      1.00      0.00      0.00     98.50
07:59:13        all      0.50      0.00      0.00      0.00      0.00     99.50
07:59:14        all      0.50      0.00      1.49      0.00      0.00     98.01
07:59:15        all      1.01      0.00      0.00      0.00      0.00     98.99
07:59:16        all      0.00      0.00      0.00      0.00      0.00    100.00
07:59:17        all      1.00      0.00      1.00      0.00      0.00     98.00
07:59:18        all      0.50      0.00      0.00      1.01      0.00     98.49
07:59:19        all      1.00      0.00      0.50      0.00      0.00     98.51
07:59:20        all      0.00      0.00      0.51      0.00      0.00     99.49
07:59:21        all      1.01      0.00      0.00      0.00      0.00     98.99
07:59:22        all      0.00      0.00      1.00      0.00      0.00     99.00
07:59:23        all      0.51      0.00      0.00      0.00      0.00     99.49
07:59:24        all      0.99      0.00      1.48      0.00      0.00     97.54
07:59:25        all      0.51      0.00      0.00      0.00      0.00     99.49
07:59:26        all      1.00      0.00      0.00      0.00      0.00     99.00
07:59:27        all      0.00      0.00      0.51      0.00      0.00     99.49
07:59:28        all      1.00      0.00      0.00      0.00      0.00     99.00
07:59:29        all      0.50      0.00      0.50      0.00      0.00     99.00
07:59:30        all      0.00      0.00      0.00      0.00      0.00    100.00
07:59:31        all      0.00      0.00      0.50      0.00      0.00     99.50

Average:        all      8.12      0.00      0.91      0.02      0.01     90.94
