Linux 7.0.0-1008-aws (ip-172-31-31-224) 	08/07/26 	_x86_64_	(2 CPU)

07:58:41    kbmemfree   kbavail kbmemused  %memused kbbuffers  kbcached  kbcommit   %commit  kbactive   kbinact   kbdirty
07:58:42       803996   1257028    397800     20.39     16660    580940   1470732     75.39    429568    468080        56
07:58:43       707732   1160764    494064     25.33     16660    580940   1570860     80.52    526744    468080        56
07:58:44       644480   1097512    557316     28.57     16660    580940   1629692     83.54    586376    468080        56
07:58:45       539900    992932    661896     33.93     16660    580940   1738096     89.10    696172    468080        56
07:58:46       459260    912292    742536     38.06     16660    580940   1817208     93.15    776152    468080        56
07:58:47       354680    807712    847116     43.42     16660    580940   1917740     98.31    874036    468080        56
07:58:48       298484    751540    903288     46.30     16684    580940   1980532    101.52    936456    468104        16
07:58:49       217844    670900    983928     50.44     16684    580940   2055420    105.36   1013536    468104        16
07:58:50       217844    670900    983928     50.44     16684    580940   2055420    105.36   1013536    468104        16
07:58:51       217844    670900    983928     50.44     16684    580940   2055420    105.36   1013536    468104        16
07:58:52       217844    670900    983928     50.44     16684    580940   2055420    105.36   1013536    468104        16
07:58:53       217844    670900    983928     50.44     16684    580940   2055420    105.36   1013536    468104        16
07:58:54       217844    670900    983928     50.44     16684    580940   2055420    105.36   1013660    468104        16
07:58:55       217844    670900    983928     50.44     16684    580940   2055420    105.36   1013660    468104        16
07:58:56       217844    670900    983928     50.44     16684    580940   2055420    105.36   1013660    468104        16
07:58:57       217844    670900    983928     50.44     16684    580940   2055420    105.36   1013660    468104        16
07:58:58       217844    670900    983928     50.44     16684    580940   2055420    105.36   1013660    468104        16
07:58:59       217844    670900    983928     50.44     16684    580940   2055420    105.36   1013660    468104        16
07:59:00       217844    670900    983928     50.44     16684    580940   2055420    105.36   1013660    468104        16
07:59:01       217844    670900    983924     50.44     16684    580944   2055420    105.36   1013660    468104        20
07:59:02       217844    670900    983924     50.44     16684    580944   2055420    105.36   1013660    468104        20
07:59:03       217844    670900    983924     50.44     16684    580944   2055420    105.36   1013660    468104        20
07:59:04       217844    670900    983924     50.44     16684    580944   2055420    105.36   1013660    468104        20
07:59:05       217844    670900    983924     50.44     16684    580944   2055420    105.36   1013660    468104        20
07:59:06       217844    670900    983924     50.44     16684    580944   2055420    105.36   1013660    468104        20
07:59:07       217844    670900    983924     50.44     16684    580944   2055420    105.36   1013660    468104        20
07:59:08       217844    670900    983924     50.44     16684    580944   2055420    105.36   1013660    468104        20
07:59:09       217844    670900    983924     50.44     16684    580944   2055420    105.36   1013660    468104        20
07:59:10       217844    670900    983924     50.44     16684    580944   2055484    105.37   1013664    468104        16
07:59:11       217844    670900    983924     50.44     16684    580944   2055484    105.37   1013664    468104        16
07:59:12       217844    670900    983924     50.44     16684    580944   2055484    105.37   1013664    468104        16
07:59:13       217844    670900    983924     50.44     16684    580944   2055484    105.37   1013664    468104        12
07:59:14       217844    670900    983924     50.44     16684    580944   2055484    105.37   1013664    468104        12
07:59:15       217844    670900    983920     50.44     16684    580948   2055484    105.37   1013664    468104        16
07:59:16       217844    670900    983920     50.44     16684    580948   2055484    105.37   1013664    468104        16
07:59:17       217844    670900    983920     50.44     16684    580948   2055484    105.37   1013664    468104        16
07:59:18       217844    670924    983896     50.44     16708    580948   2055484    105.37   1013768    468128        52
07:59:19       217844    670924    983896     50.44     16708    580948   2055484    105.37   1013768    468128        52
07:59:20       217844    670924    983896     50.44     16708    580948   2055484    105.37   1013768    468128        52
07:59:21       217844    670924    983896     50.44     16708    580948   2055484    105.37   1013768    468128        52
07:59:22       217844    670924    983892     50.44     16708    580952   2055484    105.37   1013768    468128        56
07:59:23       217844    670924    983892     50.44     16708    580952   2055484    105.37   1013768    468128        56
07:59:24       217844    670924    983892     50.44     16708    580952   2055484    105.37   1013768    468128        56
07:59:25       217844    670924    983892     50.44     16708    580952   2055484    105.37   1013768    468128        56
07:59:26       217844    670924    983892     50.44     16708    580952   2055484    105.37   1013768    468128        56
07:59:27       217844    670924    983892     50.44     16708    580952   2055484    105.37   1013768    468128        56
07:59:28       217844    670924    983892     50.44     16708    580952   2055484    105.37   1013768    468128        56
07:59:29       217844    670924    983892     50.44     16708    580952   2055484    105.37   1013768    468128        56
07:59:30       217844    670924    983892     50.44     16708    580952   2055484    105.37   1013768    468128        56
07:59:31       217844    670924    983892     50.44     16708    580952   2055484    105.37   1013768    468128        56


Average:       263516    716576    938247     48.10     16688    580945   2010187    103.04    968276    468108        32
