Linux 7.0.0-1010-aws (ip-172-31-31-224) 	08/11/26 	_x86_64_	(2 CPU)

07:20:33        CPU     %user     %nice   %system   %iowait    %steal     %idle
07:20:34        all     50.50      0.00      5.50      0.00      1.00     43.00
07:20:35        all     48.99      0.00      3.54      0.00      1.52     45.96
07:20:36        all     48.99      0.00      3.54      0.00      1.52     45.96
07:20:37        all     44.33      0.00      4.43      0.00      4.93     46.31
07:20:38        all     48.47      0.00      4.08      0.00      0.51     46.94
07:20:39        all     50.25      0.00      1.99      0.00      2.49     45.27
07:20:40        all     47.50      0.00      3.50      0.00      3.50     45.50
07:20:41        all     43.43      0.00      5.05      0.00      2.53     48.99
07:20:42        all     23.27      0.00      0.99      0.00      0.50     75.25
07:20:43        all      0.00      0.00      0.00      0.00      0.51     99.49
07:20:44        all      6.50      0.00      1.50      0.00      0.00     92.00
07:20:45        all      0.00      0.00      0.00      0.00      0.51     99.49
07:20:46        all      0.50      0.00      0.00      0.00      0.00     99.50
07:20:47        all      0.51      0.00      0.51      1.01      0.51     97.47
07:20:48        all      2.03      0.00      0.51      0.00      0.51     96.95
07:20:49        all      5.08      0.00      3.05      0.00      1.52     90.36
07:20:50        all      2.03      0.00      1.52      0.00      0.51     95.94
07:20:51        all      0.50      0.00      0.50      0.00      0.00     99.00
07:20:52        all      0.00      0.00      0.50      0.00      0.00     99.50
07:20:53        all      0.00      0.00      0.00      0.00      0.00    100.00
07:20:54        all      1.00      0.00      0.00      0.00      0.00     99.00
07:20:55        all      3.52      0.00      0.00      0.00      0.50     95.98
07:20:56        all      0.00      0.00      0.00      0.00      0.50     99.50
07:20:57        all      0.00      0.00      0.00      0.00      0.00    100.00
07:20:58        all      0.00      0.00      0.50      0.00      0.00     99.50
07:20:59        all      6.00      0.00      1.00      0.00      0.00     93.00
07:21:00        all      0.49      0.00      0.49      0.00      3.40     95.63
07:21:01        all      0.00      0.00      0.49      0.00      2.93     96.59

Average:        all     15.49      0.00      1.54      0.04      1.07     81.87
