Linux 7.0.0-1010-aws (ip-172-31-31-224) 	08/11/26 	_x86_64_	(2 CPU)

07:20:33    kbmemfree   kbavail kbmemused  %memused kbbuffers  kbcached  kbcommit   %commit  kbactive   kbinact   kbdirty
07:20:34       752652   1278068    452784     23.21     15796    651572   1606236     82.33    377540    639260       864
07:20:35       681084   1206500    524352     26.88     15796    651572   1677236     85.97    447660    639260       864
07:20:36       616572   1141988    588864     30.18     15796    651572   1743868     89.39    514052    639260       864
07:20:37       537192   1062608    668244     34.25     15796    651572   1827276     93.66    595964    639260       864
07:20:38       440676    966092    764760     39.20     15796    651572   1919368     98.38    686864    639260       864
07:20:39       400356    925772    805076     41.27     15796    651576   1961544    100.55    731760    639260       868
07:20:40       311904    837324    893528     45.80     15796    651576   2053628    105.27    821256    639264       868
07:20:41       182880    708300   1022552     52.41     15796    651576   2178252    111.65    947116    639264       868
07:20:42       174816    700236   1030616     52.83     15796    651576   2186764    112.09    957656    639264       868
07:20:43       174816    700236   1030616     52.83     15796    651576   2186764    112.09    957656    639264       868
07:20:44       174816    700236   1030604     52.83     15796    651588   2186764    112.09    957760    639264       880
07:20:45       174816    700248   1030604     52.83     15796    651588   2186764    112.09    957876    639276       232
07:20:46       174816    700248   1030604     52.83     15796    651588   2186764    112.09    957876    639276       232
07:20:47       174816    700272   1030556     52.82     15844    651588   2186824    112.09    957932    639300       868
07:20:48       174988    700444   1030384     52.82     15844    651588   2186824    112.09    957932    639300       868
07:20:49       175076    700556   1030292     52.81     15844    651592   2186888    112.10    957968    639324       872
07:20:50       175332    700812   1030036     52.80     15844    651592   2186888    112.10    957968    639324       872
07:20:51       175332    700816   1030036     52.80     15844    651592   2186888    112.10    958584    639328       872
07:20:52       175332    700816   1030036     52.80     15844    651592   2186888    112.10    958584    639328       872
07:20:53       175332    700816   1030036     52.80     15844    651592   2186888    112.10    958584    639328       872
07:20:54       175332    700816   1030032     52.80     15844    651596   2186888    112.10    958584    639328       876
07:20:55       175332    700816   1030028     52.80     15844    651600   2186888    112.10    958584    639328       880
07:20:56       175332    700816   1030028     52.80     15844    651600   2186888    112.10    958584    639328       880
07:20:57       175332    700820   1030028     52.80     15844    651600   2186888    112.10    958616    639332       872
07:20:58       175332    700820   1030028     52.80     15844    651600   2186888    112.10    958616    639332       872
07:20:59       175332    700824   1030016     52.80     15844    651612   2186888    112.10    958672    639336       884
07:21:00       175332    700824   1030016     52.80     15844    651612   2186888    112.10    958672    639336       884
07:21:01       175332    700824   1030016     52.80     15844    651612   2186888    112.10    958672    639336       884

Average:       265224    790677    940170     48.19     15822    651588   2096586    107.47    867414    639297       826
