Linux 7.0.0-1010-aws (ip-172-31-20-134) 	08/11/26 	_x86_64_	(2 CPU)

17:18:20        CPU     %user     %nice   %system   %iowait    %steal     %idle
17:18:21        all      2.01      0.00      1.51      0.00      0.00     96.48
17:18:22        all      0.50      0.00      0.50      0.00      0.00     99.00
17:18:23        all      0.00      0.00      0.00      0.00      0.00    100.00
17:18:24        all      0.00      0.00      0.50      0.00      0.00     99.50
17:18:25        all      1.00      0.00      0.00      0.50      0.00     98.51
17:18:26        all      0.00      0.00      0.00      0.00      0.00    100.00
17:18:27        all      0.00      0.00      0.00      0.00      0.00    100.00
17:18:28        all      1.00      0.00      1.00      0.00      0.00     98.01
17:18:29        all      5.03      0.00      1.51      0.00      0.00     93.47
17:18:30        all      0.00      0.00      0.50      0.00      0.00     99.50
17:18:31        all      1.01      0.00      0.00      0.00      0.00     98.99
17:18:32        all     22.34      0.00      3.55      0.00      0.00     74.11
17:18:33        all     64.40      0.00      7.85      0.00      0.00     27.75
17:18:34        all     32.65      0.00      4.08      0.00      0.00     63.27
17:18:35        all      1.01      0.00      0.50      0.00      0.00     98.49
17:18:36        all      0.50      0.00      0.00      0.00      0.50     99.00
17:18:37        all      0.00      0.00      0.00      0.00      0.50     99.50
17:18:38        all      0.00      0.00      0.50      0.00      0.00     99.50
17:18:39        all      0.50      0.00      0.50      0.00      0.00     99.00
17:18:40        all      0.00      0.00      0.50      0.00      0.00     99.50
17:18:41        all      0.50      0.00      0.00      0.00      0.00     99.50
17:18:42        all      0.50      0.00      0.00      0.00      0.00     99.50
17:18:43        all      0.00      0.00      0.00      0.00      0.00    100.00
17:18:44        all      5.53      0.00      1.01      0.00      0.00     93.47
17:18:45        all      0.00      0.00      0.00      0.00      0.00    100.00
17:18:46        all      0.00      0.00      0.00      0.00      0.00    100.00

Average:        all      5.21      0.00      0.91      0.02      0.04     93.83
