Linux 7.0.0-1010-aws (ip-172-31-20-134) 	08/11/26 	_x86_64_	(2 CPU)

17:18:20        IFACE   rxpck/s   txpck/s    rxkB/s    txkB/s   rxcmp/s   txcmp/s  rxmcst/s   %ifutil
17:18:21         ens5     54.00     46.00      4.61      5.28      0.00      0.00      0.00      0.00

17:18:21        IFACE   rxpck/s   txpck/s    rxkB/s    txkB/s   rxcmp/s   txcmp/s  rxmcst/s   %ifutil
17:18:22         ens5     22.00     18.00      1.79      1.83      0.00      0.00      0.00      0.00

17:18:22        IFACE   rxpck/s   txpck/s    rxkB/s    txkB/s   rxcmp/s   txcmp/s  rxmcst/s   %ifutil
17:18:23         ens5      0.00      0.00      0.00      0.00      0.00      0.00      0.00      0.00

17:18:23        IFACE   rxpck/s   txpck/s    rxkB/s    txkB/s   rxcmp/s   txcmp/s  rxmcst/s   %ifutil
17:18:24         ens5      0.00      0.00      0.00      0.00      0.00      0.00      0.00      0.00

17:18:24        IFACE   rxpck/s   txpck/s    rxkB/s    txkB/s   rxcmp/s   txcmp/s  rxmcst/s   %ifutil
17:18:25         ens5      0.00      0.00      0.00      0.00      0.00      0.00      0.00      0.00

17:18:25        IFACE   rxpck/s   txpck/s    rxkB/s    txkB/s   rxcmp/s   txcmp/s  rxmcst/s   %ifutil
17:18:26         ens5      0.00      0.00      0.00      0.00      0.00      0.00      0.00      0.00

17:18:26        IFACE   rxpck/s   txpck/s    rxkB/s    txkB/s   rxcmp/s   txcmp/s  rxmcst/s   %ifutil
17:18:27         ens5      0.00      0.00      0.00      0.00      0.00      0.00      0.00      0.00

17:18:27        IFACE   rxpck/s   txpck/s    rxkB/s    txkB/s   rxcmp/s   txcmp/s  rxmcst/s   %ifutil
17:18:28         ens5     32.00     40.00     14.71      3.02      0.00      0.00      0.00      0.00

17:18:28        IFACE   rxpck/s   txpck/s    rxkB/s    txkB/s   rxcmp/s   txcmp/s  rxmcst/s   %ifutil
17:18:29         ens5      0.00      0.00      0.00      0.00      0.00      0.00      0.00      0.00

17:18:29        IFACE   rxpck/s   txpck/s    rxkB/s    txkB/s   rxcmp/s   txcmp/s  rxmcst/s   %ifutil
17:18:30         ens5      0.00      0.00      0.00      0.00      0.00      0.00      0.00      0.00

17:18:30        IFACE   rxpck/s   txpck/s    rxkB/s    txkB/s   rxcmp/s   txcmp/s  rxmcst/s   %ifutil
17:18:31         ens5      6.00      8.00      1.23      0.74      0.00      0.00      0.00      0.00

17:18:31        IFACE   rxpck/s   txpck/s    rxkB/s    txkB/s   rxcmp/s   txcmp/s  rxmcst/s   %ifutil
17:18:32         ens5    211.00    271.00     41.75     25.12      0.00      0.00      0.00      0.00

17:18:32        IFACE   rxpck/s   txpck/s    rxkB/s    txkB/s   rxcmp/s   txcmp/s  rxmcst/s   %ifutil
17:18:33         ens5    572.00    772.00    118.23     71.96      0.00      0.00      0.00      0.00

17:18:33        IFACE   rxpck/s   txpck/s    rxkB/s    txkB/s   rxcmp/s   txcmp/s  rxmcst/s   %ifutil
17:18:34         ens5    297.00    397.00     61.15     36.87      0.00      0.00      0.00      0.00

17:18:34        IFACE   rxpck/s   txpck/s    rxkB/s    txkB/s   rxcmp/s   txcmp/s  rxmcst/s   %ifutil
17:18:35         ens5      6.00      8.00      1.23      0.74      0.00      0.00      0.00      0.00

17:18:35        IFACE   rxpck/s   txpck/s    rxkB/s    txkB/s   rxcmp/s   txcmp/s  rxmcst/s   %ifutil
17:18:36         ens5      0.00      0.00      0.00      0.00      0.00      0.00      0.00      0.00

17:18:36        IFACE   rxpck/s   txpck/s    rxkB/s    txkB/s   rxcmp/s   txcmp/s  rxmcst/s   %ifutil
17:18:37         ens5      0.00      0.00      0.00      0.00      0.00      0.00      0.00      0.00

17:18:37        IFACE   rxpck/s   txpck/s    rxkB/s    txkB/s   rxcmp/s   txcmp/s  rxmcst/s   %ifutil
17:18:38         ens5      0.00      0.00      0.00      0.00      0.00      0.00      0.00      0.00

17:18:38        IFACE   rxpck/s   txpck/s    rxkB/s    txkB/s   rxcmp/s   txcmp/s  rxmcst/s   %ifutil
17:18:39         ens5      0.00      0.00      0.00      0.00      0.00      0.00      0.00      0.00

17:18:39        IFACE   rxpck/s   txpck/s    rxkB/s    txkB/s   rxcmp/s   txcmp/s  rxmcst/s   %ifutil
17:18:40         ens5      0.00      0.00      0.00      0.00      0.00      0.00      0.00      0.00

17:18:40        IFACE   rxpck/s   txpck/s    rxkB/s    txkB/s   rxcmp/s   txcmp/s  rxmcst/s   %ifutil
17:18:41         ens5      0.00      0.00      0.00      0.00      0.00      0.00      0.00      0.00

17:18:41        IFACE   rxpck/s   txpck/s    rxkB/s    txkB/s   rxcmp/s   txcmp/s  rxmcst/s   %ifutil
17:18:42         ens5      0.00      0.00      0.00      0.00      0.00      0.00      0.00      0.00

17:18:42        IFACE   rxpck/s   txpck/s    rxkB/s    txkB/s   rxcmp/s   txcmp/s  rxmcst/s   %ifutil
17:18:43         ens5      0.00      0.00      0.00      0.00      0.00      0.00      0.00      0.00

17:18:43        IFACE   rxpck/s   txpck/s    rxkB/s    txkB/s   rxcmp/s   txcmp/s  rxmcst/s   %ifutil
17:18:44         ens5      1.00      1.00      0.03      0.04      0.00      0.00      0.00      0.00

17:18:44        IFACE   rxpck/s   txpck/s    rxkB/s    txkB/s   rxcmp/s   txcmp/s  rxmcst/s   %ifutil
17:18:45         ens5      1.00      1.00      0.07      0.09      0.00      0.00      0.00      0.00

17:18:45        IFACE   rxpck/s   txpck/s    rxkB/s    txkB/s   rxcmp/s   txcmp/s  rxmcst/s   %ifutil
17:18:46         ens5      0.00      0.00      0.00      0.00      0.00      0.00      0.00      0.00


Average:        IFACE   rxpck/s   txpck/s    rxkB/s    txkB/s   rxcmp/s   txcmp/s  rxmcst/s   %ifutil
Average:         ens5     46.23     60.08      9.41      5.60      0.00      0.00      0.00      0.00
