Linux 7.0.0-1008-aws (ip-172-31-31-224) 	08/07/26 	_x86_64_	(2 CPU)

06:17:06        CPU     %user     %nice   %system   %iowait    %steal     %idle
06:17:07        all     51.74      0.00      4.98      0.00      0.00     43.28
06:17:08        all     49.49      0.00      4.55      0.00      0.00     45.96
06:17:09        all     50.51      0.00      2.53      0.00      0.00     46.97
06:17:10        all     50.50      0.00      4.50      0.00      0.00     45.00
06:17:11        all     50.00      0.00      3.50      0.00      0.00     46.50
06:17:12        all     47.98      0.00      3.54      0.00      0.00     48.48
06:17:13        all     50.50      0.00      3.00      0.00      0.00     46.50
06:17:14        all     31.66      0.00      3.52      0.00      0.00     64.82
06:17:15        all      0.00      0.00      0.50      0.00      0.50     99.00
06:17:16        all      2.00      0.00      1.00      0.00      0.00     97.00
06:17:17        all      1.02      0.00      1.02      0.51      0.00     97.46
06:17:18        all      2.50      0.00      1.00      0.00      0.00     96.50
06:17:19        all      1.52      0.00      0.51      0.00      0.00     97.98
06:17:20        all      2.02      0.00      1.01      0.00      0.00     96.97
06:17:21        all      1.50      0.00      1.00      0.00      0.50     97.00
06:17:22        all      1.51      0.00      1.01      0.00      0.00     97.49
06:17:23        all      1.52      0.00      0.51      0.00      0.00     97.97
06:17:24        all      2.01      0.00      1.51      0.00      0.00     96.48
06:17:25        all      2.01      0.00      0.50      0.00      0.00     97.49
06:17:26        all      1.52      0.00      1.01      0.00      0.00     97.47
06:17:27        all      1.52      0.00      0.00      0.00      0.00     98.48
06:17:28        all      1.01      0.00      1.01      0.00      0.00     97.98
06:17:29        all      2.00      0.00      1.50      0.00      0.00     96.50
06:17:30        all      1.02      0.00      0.51      0.00      0.00     98.48
06:17:31        all      1.52      0.00      1.01      0.00      0.00     97.47
06:17:32        all      2.01      0.00      0.50      0.00      0.00     97.49
06:17:33        all      2.03      0.00      0.00      0.00      0.00     97.97
06:17:34        all      2.01      0.00      0.50      0.00      0.00     97.49
06:17:35        all      1.01      0.00      1.01      0.00      0.00     97.98
06:17:36        all      2.01      0.00      1.01      0.00      0.00     96.98
06:17:37        all      1.52      0.00      0.51      0.00      0.00     97.97
06:17:38        all      1.50      0.00      1.50      0.00      0.00     97.00
06:17:39        all      1.99      0.00      1.00      0.00      0.50     96.52
06:17:40        all      1.52      0.00      0.51      0.00      0.00     97.98
06:17:41        all      1.51      0.00      1.01      0.00      0.00     97.49
06:17:42        all      1.52      0.00      1.01      0.00      0.00     97.47
06:17:43        all      2.03      0.00      0.00      0.00      0.00     97.97
06:17:44        all      1.51      0.00      1.01      0.00      0.00     97.49
06:17:45        all      1.52      0.00      1.01      0.00      0.00     97.47
06:17:46        all      2.00      0.00      1.00      0.00      0.00     97.00
06:17:47        all      2.03      0.00      0.51      0.00      0.00     97.46
06:17:48        all      1.51      0.00      1.51      0.00      0.00     96.98
06:17:49        all      2.01      0.00      1.01      0.00      0.00     96.98
06:17:50        all      1.52      0.00      0.51      0.00      0.00     97.98
06:17:51        all      1.02      0.00      0.00      0.00      0.00     98.98
06:17:52        all      2.00      0.00      1.00      0.00      0.00     97.00
06:17:53        all      1.52      0.00      1.01      0.00      0.00     97.47
06:17:54        all      1.51      0.00      1.01      0.00      0.00     97.49
06:17:55        all      1.01      0.00      1.01      0.00      0.00     97.98
06:17:56        all      2.02      0.00      0.51      0.00      0.00     97.47
06:17:57        all      2.02      0.00      0.00      0.00      0.00     97.98
06:17:58        all      1.50      0.00      1.00      0.00      0.50     97.00
06:17:59        all      1.52      0.00      1.01      0.00      0.00     97.47
06:18:00        all      1.51      0.00      1.01      0.00      0.00     97.49
06:18:01        all      1.01      0.00      1.01      0.00      0.00     97.99
06:18:02        all      1.02      0.00      0.00      0.00      0.00     98.98
06:18:03        all      1.51      0.00      1.01      0.00      0.00     97.49
06:18:04        all      1.51      0.00      1.01      0.00      0.00     97.49
06:18:05        all      2.02      0.00      0.00      0.00      0.00     97.98
06:18:06        all      1.02      0.00      1.02      0.00      0.00     97.97
06:18:07        all      2.00      0.00      1.00      0.00      0.00     97.00
06:18:08        all      1.01      0.00      1.01      0.00      0.00     97.98
06:18:09        all      1.52      0.00      1.02      0.00      0.00     97.46
06:18:10        all      1.51      0.00      1.01      0.00      0.00     97.49
06:18:11        all      2.50      0.00      1.00      0.00      0.00     96.50
06:18:12        all      1.02      0.00      1.02      0.00      0.00     97.97
06:18:13        all      2.02      0.00      0.00      0.00      0.00     97.98
06:18:14        all      1.52      0.00      1.02      0.00      0.00     97.46
06:18:15        all      1.51      0.00      1.51      0.00      0.00     96.98
06:18:16        all      1.01      0.00      1.51      0.00      0.00     97.49
06:18:17        all      2.02      0.00      1.01      0.51      0.00     96.46
06:18:18        all      1.52      0.00      0.51      0.00      0.00     97.97
06:18:19        all      1.51      0.00      1.01      0.00      0.00     97.49
06:18:20        all      2.51      0.00      1.01      0.00      0.00     96.48
06:18:21        all      1.02      0.00      1.02      0.00      0.00     97.97
06:18:22        all      1.52      0.00      0.51      0.00      0.00     97.98
06:18:23        all      1.52      0.00      0.51      0.00      0.00     97.97
06:18:24        all      1.99      0.00      1.49      0.00      0.50     96.02
06:18:25        all      1.52      0.00      1.01      0.00      0.00     97.47
06:18:26        all      1.52      0.00      1.01      0.00      0.00     97.47
06:18:27        all      1.51      0.00      1.01      0.00      0.00     97.49
06:18:28        all      1.02      0.00      0.00      0.00      0.00     98.98
06:18:29        all      0.00      0.00      0.50      0.00      0.00     99.50
06:18:30        all      0.00      0.00      0.00      0.00      0.00    100.00


Average:        all      5.97      0.00      1.10      0.01      0.03     92.89
