Linux 7.0.0-1008-aws (ip-172-31-31-224) 	08/07/26 	_x86_64_	(2 CPU)

06:17:06    kbmemfree   kbavail kbmemused  %memused kbbuffers  kbcached  kbcommit   %commit  kbactive   kbinact   kbdirty
06:17:07       725996   1253796    399616     20.48     11872    658644   1460960     74.89    248296    729212        20
06:17:08       635780   1163580    489832     25.11     11872    658644   1552504     79.58    340456    729212        20
06:17:09       580592   1108392    545020     27.94     11872    658644   1611528     82.61    399248    729212        20
06:17:10       455852    983652    669760     34.33     11872    658644   1728260     88.59    517396    729212        20
06:17:11       375212    903012    750400     38.47     11872    658644   1811468     92.86    600928    729212        20
06:17:12       278696    806496    846916     43.41     11872    658644   1908024     97.81    695248    729212        20
06:17:13       222248    750048    903364     46.31     11872    658644   1962112    100.58    748604    729212        20
06:17:14       133544    661344    992068     50.85     11872    658644   2049616    105.07    840048    729212        20
06:17:15       133544    661344    992068     50.85     11872    658644   2049616    105.07    840048    729212        20
06:17:16       133544    661344    992068     50.85     11872    658644   2049616    105.07    840172    729212        20
06:17:17       133544    661352    992044     50.85     11896    658644   2049616    105.07    840212    729220       104
06:17:18       133544    661352    992044     50.85     11896    658644   2049616    105.07    840212    729220       104
06:17:19       133544    661352    992044     50.85     11896    658644   2049680    105.07    840212    729220       104
06:17:20       133544    661352    992044     50.85     11896    658644   2049680    105.07    840212    729220       104
06:17:21       133544    661352    992044     50.85     11896    658644   2049680    105.07    840212    729220       104
06:17:22       133544    661368    992044     50.85     11896    658644   2049680    105.07    840320    729236       104
06:17:23       133544    661368    992044     50.85     11896    658644   2049680    105.07    840320    729236       104
06:17:24       133544    661368    992044     50.85     11896    658644   2049680    105.07    840404    729236       104
06:17:25       133544    661372    992036     50.85     11896    658652   2049936    105.08    840440    729240       120
06:17:26       133544    661372    992036     50.85     11896    658652   2049936    105.08    840440    729240       120
06:17:27       133544    661376    992036     50.85     11896    658656   2049936    105.08    840456    729244       120
06:17:28       133544    661376    992036     50.85     11896    658656   2049936    105.08    840456    729244       120
06:17:29       133544    661376    992036     50.85     11896    658656   2050000    105.09    840456    729244       120
06:17:30       133544    661376    992036     50.85     11896    658656   2050000    105.09    840456    729244       120
06:17:31       133544    661376    992036     50.85     11896    658656   2050000    105.09    840456    729244       120
06:17:32       133544    661376    992036     50.85     11896    658656   2050000    105.09    840456    729244       120
06:17:33       133544    661376    992036     50.85     11896    658656   2050000    105.09    840456    729244       120
06:17:34       133544    661376    992036     50.85     11896    658656   2050000    105.09    840456    729244       120
06:17:35       133544    661376    992036     50.85     11896    658656   2050000    105.09    840456    729244       120
06:17:36       133544    661380    992036     50.85     11896    658656   2050000    105.09    840536    729248       112
06:17:37       133544    661380    992036     50.85     11896    658656   2050000    105.09    840600    729248       100
06:17:38       133544    661380    992036     50.85     11896    658656   2050000    105.09    840600    729248       108
06:17:39       133544    661380    992036     50.85     11896    658656   2050064    105.09    840600    729248       108
06:17:40       133544    661380    992032     50.85     11896    658660   2050064    105.09    840600    729248       112
06:17:41       133544    661380    992032     50.85     11896    658660   2050064    105.09    840600    729248       112
06:17:42       133544    661380    992032     50.85     11896    658660   2050064    105.09    840600    729248       112
06:17:43       133544    661380    992032     50.85     11896    658660   2050064    105.09    840600    729248       112
06:17:44       133544    661380    992032     50.85     11896    658660   2050064    105.09    840600    729248       112
06:17:45       133544    661380    992032     50.85     11896    658660   2050064    105.09    840600    729248       112
06:17:46       133544    661380    992032     50.85     11896    658660   2050064    105.09    840600    729248       112
06:17:47       133544    661396    992004     50.85     11920    658664   2050064    105.09    840728    729264       132
06:17:48       133544    661396    992004     50.85     11920    658664   2050064    105.09    840728    729264        48
06:17:49       133544    661412    992004     50.85     11920    658664   2050128    105.09    840728    729280        32
06:17:50       133544    661412    992004     50.85     11920    658664   2050128    105.09    840728    729280        32
06:17:51       133544    661412    992004     50.85     11920    658664   2050384    105.11    840728    729280        32
06:17:52       133544    661412    992004     50.85     11920    658664   2050384    105.11    840728    729280        32
06:17:53       133544    661412    992004     50.85     11920    658664   2050384    105.11    840728    729280        32
06:17:54       133544    661412    992004     50.85     11920    658664   2050384    105.11    840852    729280        32
06:17:55       133544    661412    992004     50.85     11920    658664   2050384    105.11    840936    729280        32
06:17:56       133544    661412    992000     50.85     11920    658668   2050384    105.11    840968    729280        24
06:17:57       133544    661412    992000     50.85     11920    658668   2050640    105.12    840968    729280        24
06:17:58       133544    661416    992000     50.85     11920    658668   2050640    105.12    841172    729284        24
06:17:59       133544    661416    992000     50.85     11920    658668   2050704    105.12    841212    729284        24
06:18:00       133544    661416    992000     50.85     11920    658668   2050704    105.12    841212    729284        24
06:18:01       133544    661416    992000     50.85     11920    658668   2050704    105.12    841212    729284        24
06:18:02       133544    661416    992000     50.85     11920    658668   2050704    105.12    841212    729284        24
06:18:03       133544    661416    992000     50.85     11920    658668   2050704    105.12    841420    729284        24
06:18:04       133544    661416    992000     50.85     11920    658668   2050960    105.13    841460    729284        24
06:18:05       133544    661416    992000     50.85     11920    658668   2050960    105.13    841460    729284        24
06:18:06       133544    661416    992000     50.85     11920    658668   2051216    105.15    841544    729284        24
06:18:07       133544    661420    991996     50.85     11920    658672   2051216    105.15    841580    729288        28
06:18:08       133544    661420    991996     50.85     11920    658672   2055312    105.36    842704    729288        32
06:18:09       133544    661420    991996     50.85     11920    658672   2055376    105.36    845636    729288        12
06:18:10       132788    660664    992752     50.89     11920    658672   2059472    105.57    848316    729288        12
06:18:11       130520    658396    995020     51.01     11920    658672   2063568    105.78    851068    729288        12
06:18:12       127748    655624    997792     51.15     11920    658672   2063568    105.78    853852    729288        12
06:18:13       124976    652856   1000560     51.29     11920    658676   2067664    105.99    856748    729292        16
06:18:14       122204    650084   1003332     51.43     11920    658676   2072016    106.21    859680    729292        16
06:18:15       118676    646556   1006860     51.61     11920    658676   2072260    106.23    862412    729292        16
06:18:16       116660    644540   1008876     51.72     11920    658676   2076612    106.45    865208    729292        16
06:18:17       113636    641552   1011864     51.87     11944    658688   2080708    106.66    868080    729328        68
06:18:18       111116    639020   1014396     52.00     11944    658676   2080772    106.66    870752    729316        68
06:18:19       108092    635996   1017420     52.15     11944    658676   2084868    106.87    873524    729316        68
06:18:20       105320    633224   1020192     52.30     11944    658676   2088964    107.08    876328    729316        68
06:18:21       101792    629696   1023720     52.48     11944    658676   2088964    107.08    879060    729316        68
06:18:22       100028    627932   1025484     52.57     11944    658676   2093060    107.29    881912    729316        68
06:18:23        96752    624656   1028760     52.74     11944    658676   2097412    107.52    884688    729316        68
06:18:24        94232    622136   1031280     52.86     11944    658676   2097412    107.52    887532    729316        68
06:18:25        91460    619364   1034052     53.01     11944    658676   2101508    107.73    890344    729316        68
06:18:26        88436    616340   1037076     53.16     11944    658676   2105604    107.94    893072    729316        68
06:18:27        85916    613824   1039592     53.29     11944    658680   2105604    107.94    895796    729320        72
06:18:28        84152    612060   1041356     53.38     11944    658680   2110020    108.16    897148    729320        72
06:18:29        84152    612060   1041356     53.38     11944    658680   2110020    108.16    897224    729320        72
06:18:30        84152    612060   1041356     53.38     11944    658680   2110020    108.16    897224    729320        72

Average:       154472    682325    971087     49.78     11910    658662   2031951    104.16    821722    729265        64
