Linux 7.0.0-1008-aws (ip-172-31-31-224) 	08/07/26 	_x86_64_	(2 CPU)

06:17:06        IFACE   rxpck/s   txpck/s    rxkB/s    txkB/s   rxcmp/s   txcmp/s  rxmcst/s   %ifutil
06:17:07         ens5     40.00     37.00      3.86      5.60      0.00      0.00      0.00      0.00

06:17:07        IFACE   rxpck/s   txpck/s    rxkB/s    txkB/s   rxcmp/s   txcmp/s  rxmcst/s   %ifutil
06:17:08         ens5     37.00     30.00      3.71      4.54      0.00      0.00      0.00      0.00

06:17:08        IFACE   rxpck/s   txpck/s    rxkB/s    txkB/s   rxcmp/s   txcmp/s  rxmcst/s   %ifutil
06:17:09         ens5     30.00     24.00      2.47      3.96      0.00      0.00      0.00      0.00

06:17:09        IFACE   rxpck/s   txpck/s    rxkB/s    txkB/s   rxcmp/s   txcmp/s  rxmcst/s   %ifutil
06:17:10         ens5      7.00      7.00      0.36      1.52      0.00      0.00      0.00      0.00

06:17:10        IFACE   rxpck/s   txpck/s    rxkB/s    txkB/s   rxcmp/s   txcmp/s  rxmcst/s   %ifutil
06:17:11         ens5      3.00      3.00      0.15      0.66      0.00      0.00      0.00      0.00

06:17:11        IFACE   rxpck/s   txpck/s    rxkB/s    txkB/s   rxcmp/s   txcmp/s  rxmcst/s   %ifutil
06:17:12         ens5     11.00     11.00      0.56      2.30      0.00      0.00      0.00      0.00

06:17:12        IFACE   rxpck/s   txpck/s    rxkB/s    txkB/s   rxcmp/s   txcmp/s  rxmcst/s   %ifutil
06:17:13         ens5      5.00      5.00      0.25      1.10      0.00      0.00      0.00      0.00

06:17:13        IFACE   rxpck/s   txpck/s    rxkB/s    txkB/s   rxcmp/s   txcmp/s  rxmcst/s   %ifutil
06:17:14         ens5      5.00      5.00      0.25      1.05      0.00      0.00      0.00      0.00

06:17:14        IFACE   rxpck/s   txpck/s    rxkB/s    txkB/s   rxcmp/s   txcmp/s  rxmcst/s   %ifutil
06:17:15         ens5      0.00      0.00      0.00      0.00      0.00      0.00      0.00      0.00

06:17:15        IFACE   rxpck/s   txpck/s    rxkB/s    txkB/s   rxcmp/s   txcmp/s  rxmcst/s   %ifutil
06:17:16         ens5    129.00    298.00     63.21    294.45      0.00      0.00      0.00      0.00

06:17:16        IFACE   rxpck/s   txpck/s    rxkB/s    txkB/s   rxcmp/s   txcmp/s  rxmcst/s   %ifutil
06:17:17         ens5    110.00    266.00     57.22    256.81      0.00      0.00      0.00      0.00

06:17:17        IFACE   rxpck/s   txpck/s    rxkB/s    txkB/s   rxcmp/s   txcmp/s  rxmcst/s   %ifutil
06:17:18         ens5    113.00    276.00     58.59    266.33      0.00      0.00      0.00      0.00

06:17:18        IFACE   rxpck/s   txpck/s    rxkB/s    txkB/s   rxcmp/s   txcmp/s  rxmcst/s   %ifutil
06:17:19         ens5    110.00    267.00     55.82    256.89      0.00      0.00      0.00      0.00

06:17:19        IFACE   rxpck/s   txpck/s    rxkB/s    txkB/s   rxcmp/s   txcmp/s  rxmcst/s   %ifutil
06:17:20         ens5    115.00    272.00     58.71    266.10      0.00      0.00      0.00      0.00

06:17:20        IFACE   rxpck/s   txpck/s    rxkB/s    txkB/s   rxcmp/s   txcmp/s  rxmcst/s   %ifutil
06:17:21         ens5    113.00    275.00     58.58    266.25      0.00      0.00      0.00      0.00

06:17:21        IFACE   rxpck/s   txpck/s    rxkB/s    txkB/s   rxcmp/s   txcmp/s  rxmcst/s   %ifutil
06:17:22         ens5    116.00    271.00     58.76    266.05      0.00      0.00      0.00      0.00

06:17:22        IFACE   rxpck/s   txpck/s    rxkB/s    txkB/s   rxcmp/s   txcmp/s  rxmcst/s   %ifutil
06:17:23         ens5    114.00    274.00     58.67    266.25      0.00      0.00      0.00      0.00

06:17:23        IFACE   rxpck/s   txpck/s    rxkB/s    txkB/s   rxcmp/s   txcmp/s  rxmcst/s   %ifutil
06:17:24         ens5    135.00    293.00     66.47    271.74      0.00      0.00      0.00      0.00

06:17:24        IFACE   rxpck/s   txpck/s    rxkB/s    txkB/s   rxcmp/s   txcmp/s  rxmcst/s   %ifutil
06:17:25         ens5    112.00    272.00     58.47    266.17      0.00      0.00      0.00      0.00

06:17:25        IFACE   rxpck/s   txpck/s    rxkB/s    txkB/s   rxcmp/s   txcmp/s  rxmcst/s   %ifutil
06:17:26         ens5    112.00    271.00     58.50    266.00      0.00      0.00      0.00      0.00

06:17:26        IFACE   rxpck/s   txpck/s    rxkB/s    txkB/s   rxcmp/s   txcmp/s  rxmcst/s   %ifutil
06:17:27         ens5    116.00    279.00     58.86    266.90      0.00      0.00      0.00      0.00

06:17:27        IFACE   rxpck/s   txpck/s    rxkB/s    txkB/s   rxcmp/s   txcmp/s  rxmcst/s   %ifutil
06:17:28         ens5    115.00    273.00     58.70    266.18      0.00      0.00      0.00      0.00

06:17:28        IFACE   rxpck/s   txpck/s    rxkB/s    txkB/s   rxcmp/s   txcmp/s  rxmcst/s   %ifutil
06:17:29         ens5    112.00    274.00     58.56    266.26      0.00      0.00      0.00      0.00

06:17:29        IFACE   rxpck/s   txpck/s    rxkB/s    txkB/s   rxcmp/s   txcmp/s  rxmcst/s   %ifutil
06:17:30         ens5    110.00    277.00     58.42    266.34      0.00      0.00      0.00      0.00

06:17:30        IFACE   rxpck/s   txpck/s    rxkB/s    txkB/s   rxcmp/s   txcmp/s  rxmcst/s   %ifutil
06:17:31         ens5    111.00    264.00     57.18    256.80      0.00      0.00      0.00      0.00

06:17:31        IFACE   rxpck/s   txpck/s    rxkB/s    txkB/s   rxcmp/s   txcmp/s  rxmcst/s   %ifutil
06:17:32         ens5    113.00    275.00     58.63    266.34      0.00      0.00      0.00      0.00

06:17:32        IFACE   rxpck/s   txpck/s    rxkB/s    txkB/s   rxcmp/s   txcmp/s  rxmcst/s   %ifutil
06:17:33         ens5    114.00    267.00     58.66    265.85      0.00      0.00      0.00      0.00

06:17:33        IFACE   rxpck/s   txpck/s    rxkB/s    txkB/s   rxcmp/s   txcmp/s  rxmcst/s   %ifutil
06:17:34         ens5    115.00    285.00     59.92    275.80      0.00      0.00      0.00      0.00

06:17:34        IFACE   rxpck/s   txpck/s    rxkB/s    txkB/s   rxcmp/s   txcmp/s  rxmcst/s   %ifutil
06:17:35         ens5    114.00    275.00     58.69    266.38      0.00      0.00      0.00      0.00

06:17:35        IFACE   rxpck/s   txpck/s    rxkB/s    txkB/s   rxcmp/s   txcmp/s  rxmcst/s   %ifutil
06:17:36         ens5    114.00    273.00     58.67    266.23      0.00      0.00      0.00      0.00

06:17:36        IFACE   rxpck/s   txpck/s    rxkB/s    txkB/s   rxcmp/s   txcmp/s  rxmcst/s   %ifutil
06:17:37         ens5    112.00    271.00     58.48    266.10      0.00      0.00      0.00      0.00

06:17:37        IFACE   rxpck/s   txpck/s    rxkB/s    txkB/s   rxcmp/s   txcmp/s  rxmcst/s   %ifutil
06:17:38         ens5    112.00    260.00     57.33    256.56      0.00      0.00      0.00      0.00

06:17:38        IFACE   rxpck/s   txpck/s    rxkB/s    txkB/s   rxcmp/s   txcmp/s  rxmcst/s   %ifutil
06:17:39         ens5    112.00    265.00     56.03    256.84      0.00      0.00      0.00      0.00

06:17:39        IFACE   rxpck/s   txpck/s    rxkB/s    txkB/s   rxcmp/s   txcmp/s  rxmcst/s   %ifutil
06:17:40         ens5    118.00    284.00     61.40    275.75      0.00      0.00      0.00      0.00

06:17:40        IFACE   rxpck/s   txpck/s    rxkB/s    txkB/s   rxcmp/s   txcmp/s  rxmcst/s   %ifutil
06:17:41         ens5    109.00    266.00     55.71    256.91      0.00      0.00      0.00      0.00

06:17:41        IFACE   rxpck/s   txpck/s    rxkB/s    txkB/s   rxcmp/s   txcmp/s  rxmcst/s   %ifutil
06:17:42         ens5    115.00    272.00     58.72    266.15      0.00      0.00      0.00      0.00

06:17:42        IFACE   rxpck/s   txpck/s    rxkB/s    txkB/s   rxcmp/s   txcmp/s  rxmcst/s   %ifutil
06:17:43         ens5    114.00    274.00     58.67    266.28      0.00      0.00      0.00      0.00

06:17:43        IFACE   rxpck/s   txpck/s    rxkB/s    txkB/s   rxcmp/s   txcmp/s  rxmcst/s   %ifutil
06:17:44         ens5    111.00    276.00     58.43    266.33      0.00      0.00      0.00      0.00

06:17:44        IFACE   rxpck/s   txpck/s    rxkB/s    txkB/s   rxcmp/s   txcmp/s  rxmcst/s   %ifutil
06:17:45         ens5    100.00    272.00     57.96    266.14      0.00      0.00      0.00      0.00

06:17:45        IFACE   rxpck/s   txpck/s    rxkB/s    txkB/s   rxcmp/s   txcmp/s  rxmcst/s   %ifutil
06:17:46         ens5     99.00    272.00     57.87    266.13      0.00      0.00      0.00      0.00

06:17:46        IFACE   rxpck/s   txpck/s    rxkB/s    txkB/s   rxcmp/s   txcmp/s  rxmcst/s   %ifutil
06:17:47         ens5     99.00    272.00     57.79    266.12      0.00      0.00      0.00      0.00

06:17:47        IFACE   rxpck/s   txpck/s    rxkB/s    txkB/s   rxcmp/s   txcmp/s  rxmcst/s   %ifutil
06:17:48         ens5    101.00    273.00     58.03    266.26      0.00      0.00      0.00      0.00

06:17:48        IFACE   rxpck/s   txpck/s    rxkB/s    txkB/s   rxcmp/s   txcmp/s  rxmcst/s   %ifutil
06:17:49         ens5     99.00    269.00     57.91    265.99      0.00      0.00      0.00      0.00

06:17:49        IFACE   rxpck/s   txpck/s    rxkB/s    txkB/s   rxcmp/s   txcmp/s  rxmcst/s   %ifutil
06:17:50         ens5     96.00    273.00     57.71    266.12      0.00      0.00      0.00      0.00

06:17:50        IFACE   rxpck/s   txpck/s    rxkB/s    txkB/s   rxcmp/s   txcmp/s  rxmcst/s   %ifutil
06:17:51         ens5    101.00    274.00     58.01    266.28      0.00      0.00      0.00      0.00

06:17:51        IFACE   rxpck/s   txpck/s    rxkB/s    txkB/s   rxcmp/s   txcmp/s  rxmcst/s   %ifutil
06:17:52         ens5    108.00    261.00     57.12    256.60      0.00      0.00      0.00      0.00

06:17:52        IFACE   rxpck/s   txpck/s    rxkB/s    txkB/s   rxcmp/s   txcmp/s  rxmcst/s   %ifutil
06:17:53         ens5    115.00    282.00     59.96    275.62      0.00      0.00      0.00      0.00

06:17:53        IFACE   rxpck/s   txpck/s    rxkB/s    txkB/s   rxcmp/s   txcmp/s  rxmcst/s   %ifutil
06:17:54         ens5    114.00    271.00     58.66    265.93      0.00      0.00      0.00      0.00

06:17:54        IFACE   rxpck/s   txpck/s    rxkB/s    txkB/s   rxcmp/s   txcmp/s  rxmcst/s   %ifutil
06:17:55         ens5    115.00    264.00     57.51    256.99      0.00      0.00      0.00      0.00

06:17:55        IFACE   rxpck/s   txpck/s    rxkB/s    txkB/s   rxcmp/s   txcmp/s  rxmcst/s   %ifutil
06:17:56         ens5    115.00    274.00     58.72    266.25      0.00      0.00      0.00      0.00

06:17:56        IFACE   rxpck/s   txpck/s    rxkB/s    txkB/s   rxcmp/s   txcmp/s  rxmcst/s   %ifutil
06:17:57         ens5    114.00    275.00     58.67    266.31      0.00      0.00      0.00      0.00

06:17:57        IFACE   rxpck/s   txpck/s    rxkB/s    txkB/s   rxcmp/s   txcmp/s  rxmcst/s   %ifutil
06:17:58         ens5    113.00    269.00     58.59    265.93      0.00      0.00      0.00      0.00

06:17:58        IFACE   rxpck/s   txpck/s    rxkB/s    txkB/s   rxcmp/s   txcmp/s  rxmcst/s   %ifutil
06:17:59         ens5    110.00    266.00     55.74    256.87      0.00      0.00      0.00      0.00

06:17:59        IFACE   rxpck/s   txpck/s    rxkB/s    txkB/s   rxcmp/s   txcmp/s  rxmcst/s   %ifutil
06:18:00         ens5    101.00    250.00     54.19    246.88      0.00      0.00      0.00      0.00

06:18:00        IFACE   rxpck/s   txpck/s    rxkB/s    txkB/s   rxcmp/s   txcmp/s  rxmcst/s   %ifutil
06:18:01         ens5     93.00    215.00     46.27    209.29      0.00      0.00      0.00      0.00

06:18:01        IFACE   rxpck/s   txpck/s    rxkB/s    txkB/s   rxcmp/s   txcmp/s  rxmcst/s   %ifutil
06:18:02         ens5     68.32    174.26     37.12    169.39      0.00      0.00      0.00      0.00

06:18:02        IFACE   rxpck/s   txpck/s    rxkB/s    txkB/s   rxcmp/s   txcmp/s  rxmcst/s   %ifutil
06:18:03         ens5    107.00    245.00     54.58    237.83      0.00      0.00      0.00      0.00

06:18:03        IFACE   rxpck/s   txpck/s    rxkB/s    txkB/s   rxcmp/s   txcmp/s  rxmcst/s   %ifutil
06:18:04         ens5     97.00    273.00     56.48    266.21      0.00      0.00      0.00      0.00

06:18:04        IFACE   rxpck/s   txpck/s    rxkB/s    txkB/s   rxcmp/s   txcmp/s  rxmcst/s   %ifutil
06:18:05         ens5    100.00    275.00     57.96    266.34      0.00      0.00      0.00      0.00

06:18:05        IFACE   rxpck/s   txpck/s    rxkB/s    txkB/s   rxcmp/s   txcmp/s  rxmcst/s   %ifutil
06:18:06         ens5     99.00    273.00     57.91    266.25      0.00      0.00      0.00      0.00

06:18:06        IFACE   rxpck/s   txpck/s    rxkB/s    txkB/s   rxcmp/s   txcmp/s  rxmcst/s   %ifutil
06:18:07         ens5    101.00    271.00     58.02    266.09      0.00      0.00      0.00      0.00

06:18:07        IFACE   rxpck/s   txpck/s    rxkB/s    txkB/s   rxcmp/s   txcmp/s  rxmcst/s   %ifutil
06:18:08         ens5    102.00    273.00     58.06    266.21      0.00      0.00      0.00      0.00

06:18:08        IFACE   rxpck/s   txpck/s    rxkB/s    txkB/s   rxcmp/s   txcmp/s  rxmcst/s   %ifutil
06:18:09         ens5     98.00    264.00     57.75    258.27      0.00      0.00      0.00      0.00

06:18:09        IFACE   rxpck/s   txpck/s    rxkB/s    txkB/s   rxcmp/s   txcmp/s  rxmcst/s   %ifutil
06:18:10         ens5     96.00    274.00     55.11    264.75      0.00      0.00      0.00      0.00

06:18:10        IFACE   rxpck/s   txpck/s    rxkB/s    txkB/s   rxcmp/s   txcmp/s  rxmcst/s   %ifutil
06:18:11         ens5    101.00    273.00     58.03    266.24      0.00      0.00      0.00      0.00

06:18:11        IFACE   rxpck/s   txpck/s    rxkB/s    txkB/s   rxcmp/s   txcmp/s  rxmcst/s   %ifutil
06:18:12         ens5     99.00    276.00     57.81    266.34      0.00      0.00      0.00      0.00

06:18:12        IFACE   rxpck/s   txpck/s    rxkB/s    txkB/s   rxcmp/s   txcmp/s  rxmcst/s   %ifutil
06:18:13         ens5     99.00    278.00     57.93    266.56      0.00      0.00      0.00      0.00

06:18:13        IFACE   rxpck/s   txpck/s    rxkB/s    txkB/s   rxcmp/s   txcmp/s  rxmcst/s   %ifutil
06:18:14         ens5    103.00    275.00     60.58    266.30      0.00      0.00      0.00      0.00

06:18:14        IFACE   rxpck/s   txpck/s    rxkB/s    txkB/s   rxcmp/s   txcmp/s  rxmcst/s   %ifutil
06:18:15         ens5     97.00    276.00     55.27    266.43      0.00      0.00      0.00      0.00

06:18:15        IFACE   rxpck/s   txpck/s    rxkB/s    txkB/s   rxcmp/s   txcmp/s  rxmcst/s   %ifutil
06:18:16         ens5    100.00    277.00     57.96    266.47      0.00      0.00      0.00      0.00

06:18:16        IFACE   rxpck/s   txpck/s    rxkB/s    txkB/s   rxcmp/s   txcmp/s  rxmcst/s   %ifutil
06:18:17         ens5    103.00    275.00     58.10    266.36      0.00      0.00      0.00      0.00

06:18:17        IFACE   rxpck/s   txpck/s    rxkB/s    txkB/s   rxcmp/s   txcmp/s  rxmcst/s   %ifutil
06:18:18         ens5    115.00    278.00     58.87    266.66      0.00      0.00      0.00      0.00

06:18:18        IFACE   rxpck/s   txpck/s    rxkB/s    txkB/s   rxcmp/s   txcmp/s  rxmcst/s   %ifutil
06:18:19         ens5    114.00    275.00     58.65    266.34      0.00      0.00      0.00      0.00

06:18:19        IFACE   rxpck/s   txpck/s    rxkB/s    txkB/s   rxcmp/s   txcmp/s  rxmcst/s   %ifutil
06:18:20         ens5    114.00    278.00     58.64    266.50      0.00      0.00      0.00      0.00

06:18:20        IFACE   rxpck/s   txpck/s    rxkB/s    txkB/s   rxcmp/s   txcmp/s  rxmcst/s   %ifutil
06:18:21         ens5    113.00    276.00     58.61    266.41      0.00      0.00      0.00      0.00

06:18:21        IFACE   rxpck/s   txpck/s    rxkB/s    txkB/s   rxcmp/s   txcmp/s  rxmcst/s   %ifutil
06:18:22         ens5    115.00    278.00     58.73    266.49      0.00      0.00      0.00      0.00

06:18:22        IFACE   rxpck/s   txpck/s    rxkB/s    txkB/s   rxcmp/s   txcmp/s  rxmcst/s   %ifutil
06:18:23         ens5    114.00    278.00     58.70    266.56      0.00      0.00      0.00      0.00

06:18:23        IFACE   rxpck/s   txpck/s    rxkB/s    txkB/s   rxcmp/s   txcmp/s  rxmcst/s   %ifutil
06:18:24         ens5    117.00    276.00     58.86    266.43      0.00      0.00      0.00      0.00

06:18:24        IFACE   rxpck/s   txpck/s    rxkB/s    txkB/s   rxcmp/s   txcmp/s  rxmcst/s   %ifutil
06:18:25         ens5    113.00    275.00     58.52    266.30      0.00      0.00      0.00      0.00

06:18:25        IFACE   rxpck/s   txpck/s    rxkB/s    txkB/s   rxcmp/s   txcmp/s  rxmcst/s   %ifutil
06:18:26         ens5    112.00    276.00     58.54    266.40      0.00      0.00      0.00      0.00

06:18:26        IFACE   rxpck/s   txpck/s    rxkB/s    txkB/s   rxcmp/s   txcmp/s  rxmcst/s   %ifutil
06:18:27         ens5    109.00    263.00     57.15    256.63      0.00      0.00      0.00      0.00

06:18:27        IFACE   rxpck/s   txpck/s    rxkB/s    txkB/s   rxcmp/s   txcmp/s  rxmcst/s   %ifutil
06:18:28         ens5     63.00    149.00     30.89    142.81      0.00      0.00      0.00      0.00

06:18:28        IFACE   rxpck/s   txpck/s    rxkB/s    txkB/s   rxcmp/s   txcmp/s  rxmcst/s   %ifutil
06:18:29         ens5      0.00      0.00      0.00      0.00      0.00      0.00      0.00      0.00

06:18:29        IFACE   rxpck/s   txpck/s    rxkB/s    txkB/s   rxcmp/s   txcmp/s  rxmcst/s   %ifutil
06:18:30         ens5      0.00      0.00      0.00      0.00      0.00      0.00      0.00      0.00


Average:        IFACE   rxpck/s   txpck/s    rxkB/s    txkB/s   rxcmp/s   txcmp/s  rxmcst/s   %ifutil
Average:         ens5     95.43    235.15     50.01    227.27      0.00      0.00      0.00      0.00
