Linux 7.0.0-1008-aws (ip-172-31-31-224) 	08/07/26 	_x86_64_	(2 CPU)

06:51:17    kbmemfree   kbavail kbmemused  %memused kbbuffers  kbcached  kbcommit   %commit  kbactive   kbinact   kbdirty
06:51:18       715704   1250628    402780     20.65     14520    663112   1461272     74.91    253732    733916        64
06:51:19       635568   1170492    482916     24.75     14520    663112   1536400     78.76    330896    733916        64
06:51:20       562992   1097916    555492     28.48     14520    663112   1611296     82.60    402332    733916        64
06:51:21       470760   1005684    647724     33.20     14520    663112   1707612     87.53    501040    733916        64
06:51:22       353832    888756    764652     39.20     14520    663112   1828204     93.72    618868    733916        64
06:51:23       321576    856500    796908     40.85     14520    663112   1854224     95.05    646656    733916        64
06:51:24       241188    776112    877296     44.97     14520    663112   1937824     99.34    729144    733916        64
06:51:25       136860    671784    981624     50.32     14520    663112   2037232    104.43    829956    733916        64
06:51:26       136860    671784    981624     50.32     14520    663112   2037232    104.43    829956    733916        64
06:51:27       136860    671784    981624     50.32     14520    663112   2037488    104.44    830948    733916        64
06:51:28       136860    671784    981624     50.32     14520    663112   2041584    104.65    831692    733916        64
06:51:29       136860    671784    981624     50.32     14520    663112   2041584    104.65    832560    733916        64
06:51:30       136860    671784    981624     50.32     14520    663112   2041584    104.65    833428    733916        64
06:51:31       136860    671784    981624     50.32     14520    663112   2041584    104.65    834296    733916        64
06:51:32       136608    671532    981876     50.33     14520    663112   2041584    104.65    835164    733916        64
06:51:33       136104    671028    982380     50.36     14520    663112   2045680    104.86    835908    733916        64
06:51:34       135852    670776    982632     50.37     14520    663112   2045680    104.86    836696    733916        64
06:51:35       135096    670020    983388     50.41     14520    663112   2045680    104.86    837604    733916        64
06:51:36       134592    669516    983892     50.44     14520    663112   2045680    104.86    838472    733916        64
06:51:37       134592    669516    983892     50.44     14520    663112   2045744    104.87    839256    733916        64
06:51:38       133836    668764    984644     50.47     14520    663116   2049840    105.08    840040    733920        68
06:51:39       133584    668512    984896     50.49     14520    663116   2049840    105.08    840864    733920        68
06:51:40       133080    668008    985400     50.51     14520    663116   2049840    105.08    841736    733920        68
06:51:41       132576    667504    985904     50.54     14520    663116   2049840    105.08    842600    733920        68
06:51:42       131820    666748    986660     50.58     14520    663116   2049840    105.08    843428    733920        68
06:51:43       131064    665992    987416     50.62     14520    663116   2053936    105.29    844336    733920        68
06:51:44       130308    665236    988172     50.66     14520    663116   2054192    105.30    845000    733920        68
06:51:45       129300    664228    989180     50.71     14520    663116   2054192    105.30    845948    733920        68
06:51:46       128796    663724    989684     50.73     14520    663116   2054192    105.30    846696    733920        68
06:51:47       127788    662724    990668     50.78     14544    663116   2054192    105.30    847684    733928       112
06:51:48       126780    661732    991676     50.83     14544    663116   2058288    105.51    848540    733944        24
06:51:49       126024    660976    992432     50.87     14544    663116   2058288    105.51    849300    733944        12
06:51:50       125268    660220    993188     50.91     14544    663116   2058288    105.51    850168    733944        12
06:51:51       124512    659468    993940     50.95     14544    663120   2058288    105.51    851032    733948        16
06:51:52       123504    658460    994948     51.00     14544    663120   2058288    105.51    851776    733948        16
06:51:53       122496    657452    995956     51.05     14544    663120   2062384    105.72    852644    733948        16
06:51:54       121992    656948    996460     51.08     14544    663120   2062384    105.72    853452    733948        12
06:51:55       120984    655940    997468     51.13     14544    663120   2062384    105.72    854320    733948        16
06:51:56       120228    655184    998224     51.17     14544    663120   2062384    105.72    855064    733948        16
06:51:57       119472    654428    998980     51.21     14544    663120   2062384    105.72    855932    733948        16
06:51:58       118716    653676    999732     51.25     14544    663124   2066480    105.93    856796    733952        20
06:51:59       117708    652668   1000740     51.30     14544    663124   2066480    105.93    857704    733952        20
06:52:00       116952    651912   1001496     51.34     14544    663124   2066480    105.93    858408    733952        20
06:52:01       116196    651156   1002252     51.38     14544    663124   2066480    105.93    859276    733952        20
06:52:02       115440    650400   1003008     51.42     14544    663124   2066480    105.93    859856    733952        20
06:52:03       114684    649644   1003764     51.45     14544    663124   2070576    106.14    860680    733952        20
06:52:04       113928    648888   1004520     51.49     14544    663124   2070576    106.14    861428    733952        20
06:52:05       112668    647628   1005780     51.56     14544    663124   2070832    106.15    862292    733952        20
06:52:06       112416    647376   1006032     51.57     14544    663124   2070832    106.15    863080    733952        20
06:52:07       111408    646368   1007036     51.62     14544    663128   2070832    106.15    864028    733952        24
06:52:08       110652    645616   1007792     51.66     14544    663128   2074928    106.36    864688    733956        24
06:52:09       109644    644608   1008800     51.71     14544    663128   2074992    106.37    865636    733956        24
06:52:10       109140    644104   1009304     51.74     14544    663128   2075248    106.38    866424    733956        24
06:52:11       107880    642844   1010564     51.80     14544    663128   2075248    106.38    867248    733956        24
06:52:12       107376    642340   1011068     51.83     14544    663128   2075248    106.38    868120    733956        24
06:52:13       106368    641332   1012076     51.88     14544    663128   2079344    106.59    868984    733956        24
06:52:14       105612    640576   1012832     51.92     14544    663128   2079344    106.59    869648    733956        24
06:52:15       104604    639568   1013840     51.97     14544    663128   2079472    106.60    870472    733956        24
06:52:16       104604    639568   1013840     51.97     14544    663128   2079472    106.60    870720    733956        24
06:52:17       104604    639568   1013840     51.97     14568    663104   2079424    106.59    870676    733956        24
06:52:18       104604    639568   1013812     51.97     14568    663132   2079424    106.59    870676    733956        64
06:52:19       104604    639568   1013812     51.97     14568    663132   2079424    106.59    870676    733956        64
06:52:20       104604    639592   1013812     51.97     14568    663132   2079424    106.59    870704    733980        52
06:52:21       104604    639592   1013812     51.97     14568    663132   2079424    106.59    870704    733980        52
06:52:22       104604    639592   1013812     51.97     14568    663132   2079424    106.59    870704    733980        52
06:52:23       104604    639592   1013812     51.97     14568    663132   2079424    106.59    870704    733980        52
06:52:24       104604    639592   1013808     51.97     14568    663136   2079424    106.59    870704    733980        56
06:52:25       104604    639592   1013808     51.97     14568    663136   2079424    106.59    870704    733980        56
06:52:26       104604    639592   1013808     51.97     14568    663136   2079424    106.59    870704    733980        56
06:52:27       104604    639592   1013808     51.97     14568    663136   2079424    106.59    870704    733980        56
06:52:28       104604    639592   1013808     51.97     14568    663136   2079424    106.59    870704    733980        56
06:52:29       104604    639592   1013808     51.97     14568    663136   2079424    106.59    870704    733980        56
06:52:30       104604    639596   1013808     51.97     14568    663136   2079424    106.59    870728    733984        52
06:52:31       104604    639596   1013808     51.97     14568    663136   2079424    106.59    870728    733984        52
06:52:32       104604    639596   1013808     51.97     14568    663136   2079424    106.59    870728    733984        52
06:52:33       104604    639596   1013808     51.97     14568    663136   2079424    106.59    870728    733984        52
06:52:34       104604    639596   1013808     51.97     14568    663136   2079424    106.59    870728    733984        52
06:52:35       104604    639596   1013808     51.97     14568    663136   2079424    106.59    870728    733984        52
06:52:36       104604    639596   1013808     51.97     14568    663136   2079424    106.59    870728    733984        52
06:52:37       104604    639596   1013808     51.97     14568    663136   2079424    106.59    870728    733984        52
06:52:38       104604    639596   1013804     51.97     14568    663140   2079424    106.59    870728    733984        56
06:52:39       104604    639596   1013804     51.97     14568    663140   2079488    106.60    870728    733984        56
06:52:40       104604    639596   1013804     51.97     14568    663140   2079488    106.60    870728    733984        56
06:52:41       104604    639596   1013804     51.97     14568    663140   2079488    106.60    870728    733984        56
06:52:42       104604    639596   1013804     51.97     14568    663140   2079488    106.60    870728    733984        56
06:52:43       104604    639596   1013804     51.97     14568    663140   2079488    106.60    870728    733984        56
06:52:44       104604    639596   1013804     51.97     14568    663140   2079488    106.60    870728    733984        56
06:52:45       104604    639596   1013804     51.97     14568    663140   2079488    106.60    870728    733984        56
06:52:46       104604    639596   1013804     51.97     14568    663140   2079488    106.60    870728    733984        56
06:52:47       104604    639608   1013796     51.97     14592    663124   2079488    106.60    870748    733996        60
06:52:48       104604    639628   1013780     51.97     14592    663140   2079488    106.60    870792    734016        20
06:52:49       104604    639628   1013780     51.97     14592    663140   2079488    106.60    870792    734016        20
06:52:50       104604    639628   1013780     51.97     14592    663140   2079488    106.60    870796    734016         4
06:52:51       104604    639628   1013780     51.97     14592    663140   2079488    106.60    870796    734016        12
06:52:52       104352    639376   1014032     51.98     14592    663140   2079488    106.60    870796    734016        12
06:52:53       104352    639376   1014032     51.98     14592    663140   2079488    106.60    870796    734016        12
06:52:54       104352    639376   1014032     51.98     14592    663140   2079488    106.60    870796    734016        12
06:52:55       104352    639376   1014032     51.98     14592    663140   2079488    106.60    870796    734016        12
06:52:56       104352    639376   1014032     51.98     14592    663140   2079488    106.60    870796    734016        12
06:52:57       104352    639376   1014032     51.98     14592    663140   2079488    106.60    870796    734016        12
06:52:58       104352    639376   1014024     51.98     14592    663148   2079488    106.60    870796    734016        20
06:52:59       104352    639376   1014020     51.98     14592    663152   2079488    106.60    870796    734016        24
06:53:00       104352    639376   1014020     51.98     14592    663152   2079488    106.60    870796    734016        24


Average:       139148    674114    979291     50.20     14551    663126   2043532    104.75    835118    733958        43
