Linux 7.0.0-1008-aws (ip-172-31-31-224) 	08/07/26 	_x86_64_	(2 CPU)

06:51:17        IFACE   rxpck/s   txpck/s    rxkB/s    txkB/s   rxcmp/s   txcmp/s  rxmcst/s   %ifutil
06:51:18         ens5     60.00     61.00      4.77      7.07      0.00      0.00      0.00      0.00

06:51:18        IFACE   rxpck/s   txpck/s    rxkB/s    txkB/s   rxcmp/s   txcmp/s  rxmcst/s   %ifutil
06:51:19         ens5     53.00     53.00      4.41      5.92      0.00      0.00      0.00      0.00

06:51:19        IFACE   rxpck/s   txpck/s    rxkB/s    txkB/s   rxcmp/s   txcmp/s  rxmcst/s   %ifutil
06:51:20         ens5     24.00     23.00      1.75      3.47      0.00      0.00      0.00      0.00

06:51:20        IFACE   rxpck/s   txpck/s    rxkB/s    txkB/s   rxcmp/s   txcmp/s  rxmcst/s   %ifutil
06:51:21         ens5      8.00      7.00      0.41      1.52      0.00      0.00      0.00      0.00

06:51:21        IFACE   rxpck/s   txpck/s    rxkB/s    txkB/s   rxcmp/s   txcmp/s  rxmcst/s   %ifutil
06:51:22         ens5      3.00      3.00      0.15      0.66      0.00      0.00      0.00      0.00

06:51:22        IFACE   rxpck/s   txpck/s    rxkB/s    txkB/s   rxcmp/s   txcmp/s  rxmcst/s   %ifutil
06:51:23         ens5     11.00     11.00      0.56      2.30      0.00      0.00      0.00      0.00

06:51:23        IFACE   rxpck/s   txpck/s    rxkB/s    txkB/s   rxcmp/s   txcmp/s  rxmcst/s   %ifutil
06:51:24         ens5      5.00      5.00      0.25      1.10      0.00      0.00      0.00      0.00

06:51:24        IFACE   rxpck/s   txpck/s    rxkB/s    txkB/s   rxcmp/s   txcmp/s  rxmcst/s   %ifutil
06:51:25         ens5      5.00      5.00      0.25      1.05      0.00      0.00      0.00      0.00

06:51:25        IFACE   rxpck/s   txpck/s    rxkB/s    txkB/s   rxcmp/s   txcmp/s  rxmcst/s   %ifutil
06:51:26         ens5      0.00      0.00      0.00      0.00      0.00      0.00      0.00      0.00

06:51:26        IFACE   rxpck/s   txpck/s    rxkB/s    txkB/s   rxcmp/s   txcmp/s  rxmcst/s   %ifutil
06:51:27         ens5    156.00    122.00     29.04     54.01      0.00      0.00      0.00      0.00

06:51:27        IFACE   rxpck/s   txpck/s    rxkB/s    txkB/s   rxcmp/s   txcmp/s  rxmcst/s   %ifutil
06:51:28         ens5    143.00    110.00     26.96     45.85      0.00      0.00      0.00      0.00

06:51:28        IFACE   rxpck/s   txpck/s    rxkB/s    txkB/s   rxcmp/s   txcmp/s  rxmcst/s   %ifutil
06:51:29         ens5    143.00    110.00     26.96     45.86      0.00      0.00      0.00      0.00

06:51:29        IFACE   rxpck/s   txpck/s    rxkB/s    txkB/s   rxcmp/s   txcmp/s  rxmcst/s   %ifutil
06:51:30         ens5    144.00    112.00     27.01     45.99      0.00      0.00      0.00      0.00

06:51:30        IFACE   rxpck/s   txpck/s    rxkB/s    txkB/s   rxcmp/s   txcmp/s  rxmcst/s   %ifutil
06:51:31         ens5    143.00    110.00     26.96     45.86      0.00      0.00      0.00      0.00

06:51:31        IFACE   rxpck/s   txpck/s    rxkB/s    txkB/s   rxcmp/s   txcmp/s  rxmcst/s   %ifutil
06:51:32         ens5    145.00    112.00     27.04     45.97      0.00      0.00      0.00      0.00

06:51:32        IFACE   rxpck/s   txpck/s    rxkB/s    txkB/s   rxcmp/s   txcmp/s  rxmcst/s   %ifutil
06:51:33         ens5    143.00    110.00     26.96     45.86      0.00      0.00      0.00      0.00

06:51:33        IFACE   rxpck/s   txpck/s    rxkB/s    txkB/s   rxcmp/s   txcmp/s  rxmcst/s   %ifutil
06:51:34         ens5    144.00    111.00     27.04     45.95      0.00      0.00      0.00      0.00

06:51:34        IFACE   rxpck/s   txpck/s    rxkB/s    txkB/s   rxcmp/s   txcmp/s  rxmcst/s   %ifutil
06:51:35         ens5    144.00    111.00     27.05     45.92      0.00      0.00      0.00      0.00

06:51:35        IFACE   rxpck/s   txpck/s    rxkB/s    txkB/s   rxcmp/s   txcmp/s  rxmcst/s   %ifutil
06:51:36         ens5    143.00    110.00     26.97     45.88      0.00      0.00      0.00      0.00

06:51:36        IFACE   rxpck/s   txpck/s    rxkB/s    txkB/s   rxcmp/s   txcmp/s  rxmcst/s   %ifutil
06:51:37         ens5    144.00    111.00     27.03     45.96      0.00      0.00      0.00      0.00

06:51:37        IFACE   rxpck/s   txpck/s    rxkB/s    txkB/s   rxcmp/s   txcmp/s  rxmcst/s   %ifutil
06:51:38         ens5    142.00    109.00     26.92     45.82      0.00      0.00      0.00      0.00

06:51:38        IFACE   rxpck/s   txpck/s    rxkB/s    txkB/s   rxcmp/s   txcmp/s  rxmcst/s   %ifutil
06:51:39         ens5    143.00    110.00     26.97     45.89      0.00      0.00      0.00      0.00

06:51:39        IFACE   rxpck/s   txpck/s    rxkB/s    txkB/s   rxcmp/s   txcmp/s  rxmcst/s   %ifutil
06:51:40         ens5    143.00    110.00     26.97     45.89      0.00      0.00      0.00      0.00

06:51:40        IFACE   rxpck/s   txpck/s    rxkB/s    txkB/s   rxcmp/s   txcmp/s  rxmcst/s   %ifutil
06:51:41         ens5    141.00    110.00     26.88     45.89      0.00      0.00      0.00      0.00

06:51:41        IFACE   rxpck/s   txpck/s    rxkB/s    txkB/s   rxcmp/s   txcmp/s  rxmcst/s   %ifutil
06:51:42         ens5    143.00    110.00     26.97     45.89      0.00      0.00      0.00      0.00

06:51:42        IFACE   rxpck/s   txpck/s    rxkB/s    txkB/s   rxcmp/s   txcmp/s  rxmcst/s   %ifutil
06:51:43         ens5    143.00    110.00     26.97     45.89      0.00      0.00      0.00      0.00

06:51:43        IFACE   rxpck/s   txpck/s    rxkB/s    txkB/s   rxcmp/s   txcmp/s  rxmcst/s   %ifutil
06:51:44         ens5    143.00    110.00     26.97     45.89      0.00      0.00      0.00      0.00

06:51:44        IFACE   rxpck/s   txpck/s    rxkB/s    txkB/s   rxcmp/s   txcmp/s  rxmcst/s   %ifutil
06:51:45         ens5    143.00    110.00     26.97     45.89      0.00      0.00      0.00      0.00

06:51:45        IFACE   rxpck/s   txpck/s    rxkB/s    txkB/s   rxcmp/s   txcmp/s  rxmcst/s   %ifutil
06:51:46         ens5    143.00    110.00     26.97     45.89      0.00      0.00      0.00      0.00

06:51:46        IFACE   rxpck/s   txpck/s    rxkB/s    txkB/s   rxcmp/s   txcmp/s  rxmcst/s   %ifutil
06:51:47         ens5    143.00    110.00     26.97     45.89      0.00      0.00      0.00      0.00

06:51:47        IFACE   rxpck/s   txpck/s    rxkB/s    txkB/s   rxcmp/s   txcmp/s  rxmcst/s   %ifutil
06:51:48         ens5    144.00    111.00     27.02     45.96      0.00      0.00      0.00      0.00

06:51:48        IFACE   rxpck/s   txpck/s    rxkB/s    txkB/s   rxcmp/s   txcmp/s  rxmcst/s   %ifutil
06:51:49         ens5    143.00    110.00     26.97     45.90      0.00      0.00      0.00      0.00

06:51:49        IFACE   rxpck/s   txpck/s    rxkB/s    txkB/s   rxcmp/s   txcmp/s  rxmcst/s   %ifutil
06:51:50         ens5    146.00    111.00     27.14     45.98      0.00      0.00      0.00      0.00

06:51:50        IFACE   rxpck/s   txpck/s    rxkB/s    txkB/s   rxcmp/s   txcmp/s  rxmcst/s   %ifutil
06:51:51         ens5    143.00    110.00     26.97     45.89      0.00      0.00      0.00      0.00

06:51:51        IFACE   rxpck/s   txpck/s    rxkB/s    txkB/s   rxcmp/s   txcmp/s  rxmcst/s   %ifutil
06:51:52         ens5    143.00    110.00     26.97     45.89      0.00      0.00      0.00      0.00

06:51:52        IFACE   rxpck/s   txpck/s    rxkB/s    txkB/s   rxcmp/s   txcmp/s  rxmcst/s   %ifutil
06:51:53         ens5    143.00    110.00     26.97     45.89      0.00      0.00      0.00      0.00

06:51:53        IFACE   rxpck/s   txpck/s    rxkB/s    txkB/s   rxcmp/s   txcmp/s  rxmcst/s   %ifutil
06:51:54         ens5    141.00    110.00     26.88     45.89      0.00      0.00      0.00      0.00

06:51:54        IFACE   rxpck/s   txpck/s    rxkB/s    txkB/s   rxcmp/s   txcmp/s  rxmcst/s   %ifutil
06:51:55         ens5    144.00    111.00     27.02     45.96      0.00      0.00      0.00      0.00

06:51:55        IFACE   rxpck/s   txpck/s    rxkB/s    txkB/s   rxcmp/s   txcmp/s  rxmcst/s   %ifutil
06:51:56         ens5    143.00    110.00     26.97     45.89      0.00      0.00      0.00      0.00

06:51:56        IFACE   rxpck/s   txpck/s    rxkB/s    txkB/s   rxcmp/s   txcmp/s  rxmcst/s   %ifutil
06:51:57         ens5    145.00    110.00     27.06     45.89      0.00      0.00      0.00      0.00

06:51:57        IFACE   rxpck/s   txpck/s    rxkB/s    txkB/s   rxcmp/s   txcmp/s  rxmcst/s   %ifutil
06:51:58         ens5    141.00    110.00     26.88     45.89      0.00      0.00      0.00      0.00

06:51:58        IFACE   rxpck/s   txpck/s    rxkB/s    txkB/s   rxcmp/s   txcmp/s  rxmcst/s   %ifutil
06:51:59         ens5    143.00    110.00     26.97     45.89      0.00      0.00      0.00      0.00

06:51:59        IFACE   rxpck/s   txpck/s    rxkB/s    txkB/s   rxcmp/s   txcmp/s  rxmcst/s   %ifutil
06:52:00         ens5    133.00    101.00     24.67     41.79      0.00      0.00      0.00      0.00

06:52:00        IFACE   rxpck/s   txpck/s    rxkB/s    txkB/s   rxcmp/s   txcmp/s  rxmcst/s   %ifutil
06:52:01         ens5    142.00    109.00     26.92     45.82      0.00      0.00      0.00      0.00

06:52:01        IFACE   rxpck/s   txpck/s    rxkB/s    txkB/s   rxcmp/s   txcmp/s  rxmcst/s   %ifutil
06:52:02         ens5    104.00     80.00     19.62     33.38      0.00      0.00      0.00      0.00

06:52:02        IFACE   rxpck/s   txpck/s    rxkB/s    txkB/s   rxcmp/s   txcmp/s  rxmcst/s   %ifutil
06:52:03         ens5    130.00    100.00     24.52     41.72      0.00      0.00      0.00      0.00

06:52:03        IFACE   rxpck/s   txpck/s    rxkB/s    txkB/s   rxcmp/s   txcmp/s  rxmcst/s   %ifutil
06:52:04         ens5    143.00    110.00     26.97     45.90      0.00      0.00      0.00      0.00

06:52:04        IFACE   rxpck/s   txpck/s    rxkB/s    txkB/s   rxcmp/s   txcmp/s  rxmcst/s   %ifutil
06:52:05         ens5    144.00    111.00     27.03     45.96      0.00      0.00      0.00      0.00

06:52:05        IFACE   rxpck/s   txpck/s    rxkB/s    txkB/s   rxcmp/s   txcmp/s  rxmcst/s   %ifutil
06:52:06         ens5    143.00    110.00     26.99     45.90      0.00      0.00      0.00      0.00

06:52:06        IFACE   rxpck/s   txpck/s    rxkB/s    txkB/s   rxcmp/s   txcmp/s  rxmcst/s   %ifutil
06:52:07         ens5    143.00    110.00     26.97     45.89      0.00      0.00      0.00      0.00

06:52:07        IFACE   rxpck/s   txpck/s    rxkB/s    txkB/s   rxcmp/s   txcmp/s  rxmcst/s   %ifutil
06:52:08         ens5    145.00    112.00     27.27     46.18      0.00      0.00      0.00      0.00

06:52:08        IFACE   rxpck/s   txpck/s    rxkB/s    txkB/s   rxcmp/s   txcmp/s  rxmcst/s   %ifutil
06:52:09         ens5    143.00    110.00     26.97     45.89      0.00      0.00      0.00      0.00

06:52:09        IFACE   rxpck/s   txpck/s    rxkB/s    txkB/s   rxcmp/s   txcmp/s  rxmcst/s   %ifutil
06:52:10         ens5    143.00    110.00     26.97     45.89      0.00      0.00      0.00      0.00

06:52:10        IFACE   rxpck/s   txpck/s    rxkB/s    txkB/s   rxcmp/s   txcmp/s  rxmcst/s   %ifutil
06:52:11         ens5    143.00    110.00     26.97     45.89      0.00      0.00      0.00      0.00

06:52:11        IFACE   rxpck/s   txpck/s    rxkB/s    txkB/s   rxcmp/s   txcmp/s  rxmcst/s   %ifutil
06:52:12         ens5    143.00    110.00     26.97     45.89      0.00      0.00      0.00      0.00

06:52:12        IFACE   rxpck/s   txpck/s    rxkB/s    txkB/s   rxcmp/s   txcmp/s  rxmcst/s   %ifutil
06:52:13         ens5    143.00    110.00     26.97     45.89      0.00      0.00      0.00      0.00

06:52:13        IFACE   rxpck/s   txpck/s    rxkB/s    txkB/s   rxcmp/s   txcmp/s  rxmcst/s   %ifutil
06:52:14         ens5    143.00    110.00     26.97     45.89      0.00      0.00      0.00      0.00

06:52:14        IFACE   rxpck/s   txpck/s    rxkB/s    txkB/s   rxcmp/s   txcmp/s  rxmcst/s   %ifutil
06:52:15         ens5    143.00    110.00     26.97     45.89      0.00      0.00      0.00      0.00

06:52:15        IFACE   rxpck/s   txpck/s    rxkB/s    txkB/s   rxcmp/s   txcmp/s  rxmcst/s   %ifutil
06:52:16         ens5    143.00    110.00     26.97     45.89      0.00      0.00      0.00      0.00

06:52:16        IFACE   rxpck/s   txpck/s    rxkB/s    txkB/s   rxcmp/s   txcmp/s  rxmcst/s   %ifutil
06:52:17         ens5    143.00    110.00     26.97     45.89      0.00      0.00      0.00      0.00

06:52:17        IFACE   rxpck/s   txpck/s    rxkB/s    txkB/s   rxcmp/s   txcmp/s  rxmcst/s   %ifutil
06:52:18         ens5    145.00    114.00     27.08     46.18      0.00      0.00      0.00      0.00

06:52:18        IFACE   rxpck/s   txpck/s    rxkB/s    txkB/s   rxcmp/s   txcmp/s  rxmcst/s   %ifutil
06:52:19         ens5    142.00    109.00     26.92     45.82      0.00      0.00      0.00      0.00

06:52:19        IFACE   rxpck/s   txpck/s    rxkB/s    txkB/s   rxcmp/s   txcmp/s  rxmcst/s   %ifutil
06:52:20         ens5    134.00    104.00     26.34     43.44      0.00      0.00      0.00      0.00

06:52:20        IFACE   rxpck/s   txpck/s    rxkB/s    txkB/s   rxcmp/s   txcmp/s  rxmcst/s   %ifutil
06:52:21         ens5    139.00    106.00     25.16     44.17      0.00      0.00      0.00      0.00

06:52:21        IFACE   rxpck/s   txpck/s    rxkB/s    txkB/s   rxcmp/s   txcmp/s  rxmcst/s   %ifutil
06:52:22         ens5    142.00    111.00     26.96     45.98      0.00      0.00      0.00      0.00

06:52:22        IFACE   rxpck/s   txpck/s    rxkB/s    txkB/s   rxcmp/s   txcmp/s  rxmcst/s   %ifutil
06:52:23         ens5    133.00    101.00     24.67     41.79      0.00      0.00      0.00      0.00

06:52:23        IFACE   rxpck/s   txpck/s    rxkB/s    txkB/s   rxcmp/s   txcmp/s  rxmcst/s   %ifutil
06:52:24         ens5    143.00    110.00     26.96     45.88      0.00      0.00      0.00      0.00

06:52:24        IFACE   rxpck/s   txpck/s    rxkB/s    txkB/s   rxcmp/s   txcmp/s  rxmcst/s   %ifutil
06:52:25         ens5    143.00    110.00     26.97     45.89      0.00      0.00      0.00      0.00

06:52:25        IFACE   rxpck/s   txpck/s    rxkB/s    txkB/s   rxcmp/s   txcmp/s  rxmcst/s   %ifutil
06:52:26         ens5    141.00    110.00     26.88     45.89      0.00      0.00      0.00      0.00

06:52:26        IFACE   rxpck/s   txpck/s    rxkB/s    txkB/s   rxcmp/s   txcmp/s  rxmcst/s   %ifutil
06:52:27         ens5    130.00    100.00     24.52     41.72      0.00      0.00      0.00      0.00

06:52:27        IFACE   rxpck/s   txpck/s    rxkB/s    txkB/s   rxcmp/s   txcmp/s  rxmcst/s   %ifutil
06:52:28         ens5    132.00    100.00     24.61     41.72      0.00      0.00      0.00      0.00

06:52:28        IFACE   rxpck/s   txpck/s    rxkB/s    txkB/s   rxcmp/s   txcmp/s  rxmcst/s   %ifutil
06:52:29         ens5    141.00    111.00     26.88     45.96      0.00      0.00      0.00      0.00

06:52:29        IFACE   rxpck/s   txpck/s    rxkB/s    txkB/s   rxcmp/s   txcmp/s  rxmcst/s   %ifutil
06:52:30         ens5    133.00    100.00     24.66     41.72      0.00      0.00      0.00      0.00

06:52:30        IFACE   rxpck/s   txpck/s    rxkB/s    txkB/s   rxcmp/s   txcmp/s  rxmcst/s   %ifutil
06:52:31         ens5    134.00    104.00     26.34     43.43      0.00      0.00      0.00      0.00

06:52:31        IFACE   rxpck/s   txpck/s    rxkB/s    txkB/s   rxcmp/s   txcmp/s  rxmcst/s   %ifutil
06:52:32         ens5    139.00    106.00     25.16     44.17      0.00      0.00      0.00      0.00

06:52:32        IFACE   rxpck/s   txpck/s    rxkB/s    txkB/s   rxcmp/s   txcmp/s  rxmcst/s   %ifutil
06:52:33         ens5    131.00    101.00     24.55     41.76      0.00      0.00      0.00      0.00

06:52:33        IFACE   rxpck/s   txpck/s    rxkB/s    txkB/s   rxcmp/s   txcmp/s  rxmcst/s   %ifutil
06:52:34         ens5    137.00    108.00     26.66     45.74      0.00      0.00      0.00      0.00

06:52:34        IFACE   rxpck/s   txpck/s    rxkB/s    txkB/s   rxcmp/s   txcmp/s  rxmcst/s   %ifutil
06:52:35         ens5    140.00    106.00     26.65     43.59      0.00      0.00      0.00      0.00

06:52:35        IFACE   rxpck/s   txpck/s    rxkB/s    txkB/s   rxcmp/s   txcmp/s  rxmcst/s   %ifutil
06:52:36         ens5    139.00    106.00     25.16     44.17      0.00      0.00      0.00      0.00

06:52:36        IFACE   rxpck/s   txpck/s    rxkB/s    txkB/s   rxcmp/s   txcmp/s  rxmcst/s   %ifutil
06:52:37         ens5    139.00    109.00     26.75     45.80      0.00      0.00      0.00      0.00

06:52:37        IFACE   rxpck/s   txpck/s    rxkB/s    txkB/s   rxcmp/s   txcmp/s  rxmcst/s   %ifutil
06:52:38         ens5    143.00    111.00     27.00     45.98      0.00      0.00      0.00      0.00

06:52:38        IFACE   rxpck/s   txpck/s    rxkB/s    txkB/s   rxcmp/s   txcmp/s  rxmcst/s   %ifutil
06:52:39         ens5    143.00    110.00     26.97     45.89      0.00      0.00      0.00      0.00

06:52:39        IFACE   rxpck/s   txpck/s    rxkB/s    txkB/s   rxcmp/s   txcmp/s  rxmcst/s   %ifutil
06:52:40         ens5    141.00    107.00     26.71     43.66      0.00      0.00      0.00      0.00

06:52:40        IFACE   rxpck/s   txpck/s    rxkB/s    txkB/s   rxcmp/s   txcmp/s  rxmcst/s   %ifutil
06:52:41         ens5    137.00    106.00     25.07     44.17      0.00      0.00      0.00      0.00

06:52:41        IFACE   rxpck/s   txpck/s    rxkB/s    txkB/s   rxcmp/s   txcmp/s  rxmcst/s   %ifutil
06:52:42         ens5    137.00    105.00     26.51     43.50      0.00      0.00      0.00      0.00

06:52:42        IFACE   rxpck/s   txpck/s    rxkB/s    txkB/s   rxcmp/s   txcmp/s  rxmcst/s   %ifutil
06:52:43         ens5    139.00    106.00     25.16     44.17      0.00      0.00      0.00      0.00

06:52:43        IFACE   rxpck/s   txpck/s    rxkB/s    txkB/s   rxcmp/s   txcmp/s  rxmcst/s   %ifutil
06:52:44         ens5    143.00    110.00     26.97     45.89      0.00      0.00      0.00      0.00

06:52:44        IFACE   rxpck/s   txpck/s    rxkB/s    txkB/s   rxcmp/s   txcmp/s  rxmcst/s   %ifutil
06:52:45         ens5    143.00    110.00     26.97     45.89      0.00      0.00      0.00      0.00

06:52:45        IFACE   rxpck/s   txpck/s    rxkB/s    txkB/s   rxcmp/s   txcmp/s  rxmcst/s   %ifutil
06:52:46         ens5    141.00    110.00     26.88     45.89      0.00      0.00      0.00      0.00

06:52:46        IFACE   rxpck/s   txpck/s    rxkB/s    txkB/s   rxcmp/s   txcmp/s  rxmcst/s   %ifutil
06:52:47         ens5    133.00    101.00     24.67     41.79      0.00      0.00      0.00      0.00

06:52:47        IFACE   rxpck/s   txpck/s    rxkB/s    txkB/s   rxcmp/s   txcmp/s  rxmcst/s   %ifutil
06:52:48         ens5    142.00    109.00     26.92     45.82      0.00      0.00      0.00      0.00

06:52:48        IFACE   rxpck/s   txpck/s    rxkB/s    txkB/s   rxcmp/s   txcmp/s  rxmcst/s   %ifutil
06:52:49         ens5    143.00    110.00     26.97     45.89      0.00      0.00      0.00      0.00

06:52:49        IFACE   rxpck/s   txpck/s    rxkB/s    txkB/s   rxcmp/s   txcmp/s  rxmcst/s   %ifutil
06:52:50         ens5    137.00    108.00     26.66     45.74      0.00      0.00      0.00      0.00

06:52:50        IFACE   rxpck/s   txpck/s    rxkB/s    txkB/s   rxcmp/s   txcmp/s  rxmcst/s   %ifutil
06:52:51         ens5    137.00    103.00     24.90     41.94      0.00      0.00      0.00      0.00

06:52:51        IFACE   rxpck/s   txpck/s    rxkB/s    txkB/s   rxcmp/s   txcmp/s  rxmcst/s   %ifutil
06:52:52         ens5    142.00    110.00     26.92     46.04      0.00      0.00      0.00      0.00

06:52:52        IFACE   rxpck/s   txpck/s    rxkB/s    txkB/s   rxcmp/s   txcmp/s  rxmcst/s   %ifutil
06:52:53         ens5    135.00    104.00     26.55     43.44      0.00      0.00      0.00      0.00

06:52:53        IFACE   rxpck/s   txpck/s    rxkB/s    txkB/s   rxcmp/s   txcmp/s  rxmcst/s   %ifutil
06:52:54         ens5    139.00    106.00     25.16     44.17      0.00      0.00      0.00      0.00

06:52:54        IFACE   rxpck/s   txpck/s    rxkB/s    txkB/s   rxcmp/s   txcmp/s  rxmcst/s   %ifutil
06:52:55         ens5    144.00    111.00     27.05     45.98      0.00      0.00      0.00      0.00

06:52:55        IFACE   rxpck/s   txpck/s    rxkB/s    txkB/s   rxcmp/s   txcmp/s  rxmcst/s   %ifutil
06:52:56         ens5    134.00    104.00     26.34     43.44      0.00      0.00      0.00      0.00

06:52:56        IFACE   rxpck/s   txpck/s    rxkB/s    txkB/s   rxcmp/s   txcmp/s  rxmcst/s   %ifutil
06:52:57         ens5    139.00    106.00     25.16     44.17      0.00      0.00      0.00      0.00

06:52:57        IFACE   rxpck/s   txpck/s    rxkB/s    txkB/s   rxcmp/s   txcmp/s  rxmcst/s   %ifutil
06:52:58         ens5    134.00    104.00     26.34     43.44      0.00      0.00      0.00      0.00

06:52:58        IFACE   rxpck/s   txpck/s    rxkB/s    txkB/s   rxcmp/s   txcmp/s  rxmcst/s   %ifutil
06:52:59         ens5    113.00     86.00     20.25     35.82      0.00      0.00      0.00      0.00

06:52:59        IFACE   rxpck/s   txpck/s    rxkB/s    txkB/s   rxcmp/s   txcmp/s  rxmcst/s   %ifutil
06:53:00         ens5      0.00      0.00      0.00      0.00      0.00      0.00      0.00      0.00


Average:        IFACE   rxpck/s   txpck/s    rxkB/s    txkB/s   rxcmp/s   txcmp/s  rxmcst/s   %ifutil
Average:         ens5    128.32     99.17     23.99     40.86      0.00      0.00      0.00      0.00
