Linux 7.0.0-1010-aws (ip-172-31-20-134) 	08/11/26 	_x86_64_	(2 CPU)

16:30:11        CPU     %user     %nice   %system   %iowait    %steal     %idle
16:30:12        all      2.02      0.00      1.01      0.00      0.00     96.97
16:30:13        all      5.53      0.00      1.51      0.00      0.00     92.96
16:30:14        all      0.50      0.00      0.50      0.00      0.00     99.00
16:30:15        all      0.00      0.00      0.00      0.00      0.00    100.00
16:30:16        all      0.00      0.00      0.00      0.00      0.00    100.00
16:30:18        all      1.00      0.00      0.00      0.00      0.50     98.51
16:30:19        all      0.00      0.00      1.49      0.00      0.00     98.51
16:30:19        all      0.00      0.00      0.00      0.00      0.50     99.50
16:30:21        all      0.00      0.00      0.00      0.00      0.00    100.00
16:30:22        all      2.03      0.00      0.00      0.00      0.00     97.97
16:30:23        all      0.00      0.00      0.00      0.50      0.00     99.50
16:30:24        all      0.50      0.00      0.99      0.00      0.50     98.02
16:30:25        all      0.50      0.00      0.50      0.50      0.00     98.50
16:30:26        all      9.09      0.00      0.51      0.00      0.51     89.90
16:30:27        all     66.67      0.00      6.67      0.00      0.00     26.67
16:30:28        all     88.32      0.00      8.63      0.00      0.00      3.05
16:30:29        all     44.90      0.00      5.10      0.00      0.51     49.49
16:30:30        all      0.50      0.00      0.50      0.00      0.00     99.00
16:30:31        all      0.50      0.00      0.50      0.00      0.50     98.51
16:30:32        all      0.00      0.00      0.50      0.00      0.00     99.50
16:30:33        all      0.00      0.00      0.00      0.00      0.00    100.00
16:30:34        all      1.50      0.00      0.00      0.00      0.00     98.50
16:30:35        all      0.50      0.00      0.00      0.00      0.00     99.50
16:30:36        all      0.00      0.00      0.50      0.00      0.00     99.50
16:30:37        all      0.00      0.00      0.50      0.00      0.00     99.50
16:30:38        all      1.00      0.00      0.00      0.00      0.00     99.00

Average:        all      8.54      0.00      1.12      0.04      0.12     90.18
