Linux 7.0.0-1010-aws (ip-172-31-20-134) 	08/11/26 	_x86_64_	(2 CPU)

16:30:12    kbmemfree   kbavail kbmemused  %memused kbbuffers  kbcached  kbcommit   %commit  kbactive   kbinact   kbdirty
16:30:13       212528   1327508    369304     18.93     32828   1195432   1478060     75.76    995288    501304       520
16:30:14       212528   1327516    369292     18.93     32828   1195444   1478060     75.76    995188    501312       532
16:30:15       212528   1327516    369292     18.93     32828   1195444   1478060     75.76    995368    501312       476
16:30:16       212528   1327516    369292     18.93     32828   1195444   1478060     75.76    995368    501312       476
16:30:17       212528   1327516    369288     18.93     32828   1195448   1478060     75.76    995368    501312       484
16:30:18       212528   1327516    369288     18.93     32828   1195448   1478060     75.76    995368    501312       484
16:30:19       212528   1327520    369288     18.93     32828   1195448   1478060     75.76    995984    501316       484
16:30:20       212528   1327520    369288     18.93     32828   1195448   1478060     75.76    995984    501316       484
16:30:21       212528   1327520    369288     18.93     32828   1195448   1478060     75.76    995984    501316       484
16:30:22       212528   1327528    369284     18.93     32828   1195452   1479560     75.84    998208    501324       488
16:30:23       212528   1327584    369224     18.93     32828   1195508   1479560     75.84    998316    501380       372
16:30:24       212528   1327584    369224     18.93     32828   1195508   1479560     75.84    998316    501380       372
16:30:25       212528   1327600    369192     18.92     32852   1195508   1479560     75.84    998316    501392       492
16:30:26       210512   1325600    371204     19.03     32852   1195512   1500960     76.94   1002088    501408       496
16:30:27       200964   1316640    380152     19.49     32852   1196096   1607360     82.39   1011164    501988      1080
16:30:28       183364   1300124    396628     20.33     32852   1197160   1803036     92.42   1027156    503056      2144
16:30:29       182860   1299896    396784     20.34     32852   1197496   1803832     92.46   1025256    503328      2480
16:30:30       182860   1299896    396784     20.34     32852   1197496   1803832     92.46   1025256    503328      2480
16:30:31       182860   1299896    396784     20.34     32852   1197496   1803832     92.46   1025256    503328      2480
16:30:32       182860   1299896    396780     20.34     32852   1197500   1803832     92.46   1025256    503328      2484
16:30:33       182860   1299896    396776     20.34     32852   1197504   1803832     92.46   1025256    503328      2488
16:30:34       182608   1299716    397028     20.35     32852   1197504   1803832     92.46   1016744    503400      2488
16:30:35       182608   1299716    397028     20.35     32852   1197504   1803832     92.46   1016744    503400      2488
16:30:36       182608   1299716    397028     20.35     32852   1197504   1803832     92.46   1016744    503400      2488
16:30:37       182608   1299716    397024     20.35     32852   1197508   1803832     92.46   1016744    503400      2492
16:30:38       182608   1299716    397024     20.35     32852   1197508   1803832     92.46   1016744    503400      2492


Average:       199425   1315322    381445     19.55     32841   1196337   1621941     83.14   1007826    502207      1336
