Linux 7.0.0-1010-aws (ip-172-31-20-134) 	08/11/26 	_x86_64_	(2 CPU)

16:30:12        IFACE   rxpck/s   txpck/s    rxkB/s    txkB/s   rxcmp/s   txcmp/s  rxmcst/s   %ifutil
16:30:13         ens5     57.00     51.00      4.71      5.39      0.00      0.00      0.00      0.00

16:30:13        IFACE   rxpck/s   txpck/s    rxkB/s    txkB/s   rxcmp/s   txcmp/s  rxmcst/s   %ifutil
16:30:14         ens5     16.00     13.00      1.41      1.44      0.00      0.00      0.00      0.00

16:30:14        IFACE   rxpck/s   txpck/s    rxkB/s    txkB/s   rxcmp/s   txcmp/s  rxmcst/s   %ifutil
16:30:15         ens5      0.00      0.00      0.00      0.00      0.00      0.00      0.00      0.00

16:30:15        IFACE   rxpck/s   txpck/s    rxkB/s    txkB/s   rxcmp/s   txcmp/s  rxmcst/s   %ifutil
16:30:16         ens5      0.00      0.00      0.00      0.00      0.00      0.00      0.00      0.00

16:30:16        IFACE   rxpck/s   txpck/s    rxkB/s    txkB/s   rxcmp/s   txcmp/s  rxmcst/s   %ifutil
16:30:17         ens5      0.00      0.00      0.00      0.00      0.00      0.00      0.00      0.00

16:30:17        IFACE   rxpck/s   txpck/s    rxkB/s    txkB/s   rxcmp/s   txcmp/s  rxmcst/s   %ifutil
16:30:18         ens5      0.00      0.00      0.00      0.00      0.00      0.00      0.00      0.00

16:30:18        IFACE   rxpck/s   txpck/s    rxkB/s    txkB/s   rxcmp/s   txcmp/s  rxmcst/s   %ifutil
16:30:19         ens5      0.00      0.00      0.00      0.00      0.00      0.00      0.00      0.00

16:30:19        IFACE   rxpck/s   txpck/s    rxkB/s    txkB/s   rxcmp/s   txcmp/s  rxmcst/s   %ifutil
16:30:20         ens5      0.00      0.00      0.00      0.00      0.00      0.00      0.00      0.00

16:30:20        IFACE   rxpck/s   txpck/s    rxkB/s    txkB/s   rxcmp/s   txcmp/s  rxmcst/s   %ifutil
16:30:21         ens5      0.00      0.00      0.00      0.00      0.00      0.00      0.00      0.00

16:30:21        IFACE   rxpck/s   txpck/s    rxkB/s    txkB/s   rxcmp/s   txcmp/s  rxmcst/s   %ifutil
16:30:22         ens5     43.00     41.00     32.52     25.28      0.00      0.00      0.00      0.00

16:30:22        IFACE   rxpck/s   txpck/s    rxkB/s    txkB/s   rxcmp/s   txcmp/s  rxmcst/s   %ifutil
16:30:23         ens5      1.00      1.00      0.21      0.22      0.00      0.00      0.00      0.00

16:30:23        IFACE   rxpck/s   txpck/s    rxkB/s    txkB/s   rxcmp/s   txcmp/s  rxmcst/s   %ifutil
16:30:24         ens5      0.00      0.00      0.00      0.00      0.00      0.00      0.00      0.00

16:30:24        IFACE   rxpck/s   txpck/s    rxkB/s    txkB/s   rxcmp/s   txcmp/s  rxmcst/s   %ifutil
16:30:25         ens5      0.00      0.00      0.00      0.00      0.00      0.00      0.00      0.00

16:30:25        IFACE   rxpck/s   txpck/s    rxkB/s    txkB/s   rxcmp/s   txcmp/s  rxmcst/s   %ifutil
16:30:26         ens5     61.00     62.00     31.51     37.13      0.00      0.00      0.00      0.00

16:30:26        IFACE   rxpck/s   txpck/s    rxkB/s    txkB/s   rxcmp/s   txcmp/s  rxmcst/s   %ifutil
16:30:27         ens5    564.00    462.00    267.38    293.79      0.00      0.00      0.00      0.00

16:30:27        IFACE   rxpck/s   txpck/s    rxkB/s    txkB/s   rxcmp/s   txcmp/s  rxmcst/s   %ifutil
16:30:28         ens5    947.00    779.00    479.13    459.58      0.00      0.00      0.00      0.00

16:30:28        IFACE   rxpck/s   txpck/s    rxkB/s    txkB/s   rxcmp/s   txcmp/s  rxmcst/s   %ifutil
16:30:29         ens5    107.00    208.00     63.93     72.23      0.00      0.00      0.00      0.00

16:30:29        IFACE   rxpck/s   txpck/s    rxkB/s    txkB/s   rxcmp/s   txcmp/s  rxmcst/s   %ifutil
16:30:30         ens5      0.00      0.00      0.00      0.00      0.00      0.00      0.00      0.00

16:30:30        IFACE   rxpck/s   txpck/s    rxkB/s    txkB/s   rxcmp/s   txcmp/s  rxmcst/s   %ifutil
16:30:31         ens5      0.00      0.00      0.00      0.00      0.00      0.00      0.00      0.00

16:30:31        IFACE   rxpck/s   txpck/s    rxkB/s    txkB/s   rxcmp/s   txcmp/s  rxmcst/s   %ifutil
16:30:32         ens5      0.00      0.00      0.00      0.00      0.00      0.00      0.00      0.00

16:30:32        IFACE   rxpck/s   txpck/s    rxkB/s    txkB/s   rxcmp/s   txcmp/s  rxmcst/s   %ifutil
16:30:33         ens5      0.00      0.00      0.00      0.00      0.00      0.00      0.00      0.00

16:30:33        IFACE   rxpck/s   txpck/s    rxkB/s    txkB/s   rxcmp/s   txcmp/s  rxmcst/s   %ifutil
16:30:34         ens5      0.00      0.00      0.00      0.00      0.00      0.00      0.00      0.00

16:30:34        IFACE   rxpck/s   txpck/s    rxkB/s    txkB/s   rxcmp/s   txcmp/s  rxmcst/s   %ifutil
16:30:35         ens5      0.00      0.00      0.00      0.00      0.00      0.00      0.00      0.00

16:30:35        IFACE   rxpck/s   txpck/s    rxkB/s    txkB/s   rxcmp/s   txcmp/s  rxmcst/s   %ifutil
16:30:36         ens5      1.00      1.00      0.03      0.04      0.00      0.00      0.00      0.00

16:30:36        IFACE   rxpck/s   txpck/s    rxkB/s    txkB/s   rxcmp/s   txcmp/s  rxmcst/s   %ifutil
16:30:37         ens5      0.00      0.00      0.00      0.00      0.00      0.00      0.00      0.00

16:30:37        IFACE   rxpck/s   txpck/s    rxkB/s    txkB/s   rxcmp/s   txcmp/s  rxmcst/s   %ifutil
16:30:38         ens5      0.00      0.00      0.00      0.00      0.00      0.00      0.00      0.00


Average:        IFACE   rxpck/s   txpck/s    rxkB/s    txkB/s   rxcmp/s   txcmp/s  rxmcst/s   %ifutil
Average:         ens5     69.12     62.23     33.88     34.43      0.00      0.00      0.00      0.00
