Linux 7.0.0-1008-aws (ip-172-31-20-134) 	08/07/26 	_x86_64_	(2 CPU)

18:00:03        CPU     %user     %nice   %system   %iowait    %steal     %idle
18:00:04        all      1.52      0.00      1.52      0.00      0.00     96.97
18:00:05        all      1.00      0.00      0.50      0.00      0.00     98.51
18:00:06        all      0.00      0.00      0.00      0.00      0.00    100.00
18:00:07        all      0.00      0.00      0.00      0.00      0.00    100.00
18:00:08        all      0.50      0.00      0.00      0.00      0.00     99.50
18:00:09        all      0.00      0.00      0.50      0.00      0.00     99.50
18:00:10        all      2.55      0.00      0.51      0.00      0.00     96.94
18:00:11        all      5.05      0.00      1.01      0.00      0.00     93.94
18:00:12        all      3.54      0.00      1.01      0.00      0.51     94.95
18:00:13        all      4.04      0.00      1.52      0.00      0.51     93.94
18:00:14        all      9.55      0.00      2.51      0.00      0.00     87.94
18:00:15        all      3.57      0.00      1.02      0.00      0.00     95.41
18:00:16        all      4.08      0.00      0.51      0.00      0.00     95.41
18:00:17        all      4.00      0.00      2.00      0.00      0.00     94.00
18:00:18        all      4.04      0.00      1.52      0.00      0.00     94.44
18:00:19        all      4.06      0.00      1.02      0.00      0.00     94.92
18:00:20        all      3.55      0.00      1.52      0.00      0.00     94.92
18:00:21        all      4.04      0.00      1.52      0.00      0.00     94.44
18:00:22        all      3.06      0.00      1.02      0.00      0.00     95.92
18:00:23        all      3.55      0.00      1.52      0.00      0.00     94.92
18:00:24        all      3.57      0.00      1.02      0.00      0.00     95.41
18:00:25        all      3.52      0.00      1.51      0.00      0.00     94.97
18:00:26        all      3.59      0.00      1.03      0.00      0.00     95.38
18:00:27        all      3.55      0.00      1.02      0.00      0.00     95.43
18:00:28        all      3.05      0.00      1.52      0.00      0.00     95.43
18:00:29        all      8.67      0.00      2.55      0.00      0.00     88.78
18:00:30        all      3.54      0.00      2.02      0.00      0.00     94.44
18:00:31        all      4.06      0.00      1.02      0.00      0.00     94.92
18:00:32        all      3.57      0.00      1.02      0.51      0.00     94.90
18:00:33        all      3.08      0.00      1.03      0.51      0.00     95.38
18:00:34        all      4.52      0.00      1.51      0.00      0.00     93.97
18:00:35        all      4.02      0.00      1.51      0.00      0.00     94.47
18:00:36        all      5.08      0.00      1.02      0.00      0.00     93.91
18:00:37        all      3.03      0.00      1.52      0.00      0.51     94.95
18:00:38        all      4.10      0.00      0.51      0.00      0.00     95.38
18:00:39        all      3.50      0.00      2.00      0.50      0.00     94.00
18:00:40        all      4.00      0.00      2.50      0.00      0.50     93.00
18:00:41        all      4.10      0.00      0.51      0.00      0.00     95.38
18:00:42        all      4.04      0.00      1.01      0.00      0.00     94.95
18:00:43        all      4.04      0.00      1.52      0.00      0.00     94.44
18:00:44        all      7.69      0.00      2.56      0.00      0.00     89.74
18:00:45        all      4.52      0.00      1.51      0.00      0.00     93.97
18:00:46        all      3.59      0.00      0.51      0.00      0.00     95.90
18:00:47        all      4.50      0.00      2.00      0.00      0.00     93.50
18:00:48        all      4.06      0.00      1.02      0.00      0.00     94.92
18:00:49        all      3.55      0.00      1.52      0.00      0.00     94.92
18:00:50        all      4.52      0.00      2.01      0.00      0.00     93.47
18:00:51        all      4.06      0.00      0.51      0.00      0.00     95.43
18:00:52        all      3.57      0.00      1.02      0.00      0.51     94.90
18:00:53        all      3.55      0.00      1.02      0.00      0.00     95.43
18:00:54        all      3.57      0.00      1.02      0.00      0.00     95.41
18:00:55        all      3.54      0.00      2.02      0.00      0.00     94.44
18:00:56        all      4.06      0.00      1.02      0.00      0.00     94.92
18:00:57        all      4.02      0.00      1.01      0.00      0.50     94.47
18:00:58        all      3.55      0.00      1.02      0.00      0.00     95.43
18:00:59        all      8.72      0.00      2.56      0.00      0.00     88.72
18:01:00        all      3.98      0.00      1.49      0.00      1.00     93.53
18:01:01        all      4.06      0.00      1.52      0.00      0.51     93.91
18:01:02        all      2.53      0.00      1.01      0.51      0.00     95.96
18:01:03        all      0.00      0.00      0.00      0.00      0.00    100.00
18:01:04        all      1.00      0.00      1.00      0.00      0.00     98.01
18:01:05        all      0.50      0.00      0.00      0.00      0.00     99.50
18:01:06        all      0.00      0.00      0.00      0.00      0.00    100.00

Average:        all      3.57      0.00      1.20      0.03      0.07     95.13
