Linux 7.0.0-1008-aws (ip-172-31-20-134) 	08/07/26 	_x86_64_	(2 CPU)

18:00:03        IFACE   rxpck/s   txpck/s    rxkB/s    txkB/s   rxcmp/s   txcmp/s  rxmcst/s   %ifutil
18:00:04         ens5     31.00     25.00      3.44      3.87      0.00      0.00      0.00      0.00

18:00:04        IFACE   rxpck/s   txpck/s    rxkB/s    txkB/s   rxcmp/s   txcmp/s  rxmcst/s   %ifutil
18:00:05         ens5     40.00     25.00      3.86      3.44      0.00      0.00      0.00      0.00

18:00:05        IFACE   rxpck/s   txpck/s    rxkB/s    txkB/s   rxcmp/s   txcmp/s  rxmcst/s   %ifutil
18:00:06         ens5     20.00     13.00      1.96      1.79      0.00      0.00      0.00      0.00

18:00:06        IFACE   rxpck/s   txpck/s    rxkB/s    txkB/s   rxcmp/s   txcmp/s  rxmcst/s   %ifutil
18:00:07         ens5      0.00      0.00      0.00      0.00      0.00      0.00      0.00      0.00

18:00:07        IFACE   rxpck/s   txpck/s    rxkB/s    txkB/s   rxcmp/s   txcmp/s  rxmcst/s   %ifutil
18:00:08         ens5      0.00      0.00      0.00      0.00      0.00      0.00      0.00      0.00

18:00:08        IFACE   rxpck/s   txpck/s    rxkB/s    txkB/s   rxcmp/s   txcmp/s  rxmcst/s   %ifutil
18:00:09         ens5      0.00      0.00      0.00      0.00      0.00      0.00      0.00      0.00

18:00:09        IFACE   rxpck/s   txpck/s    rxkB/s    txkB/s   rxcmp/s   txcmp/s  rxmcst/s   %ifutil
18:00:10         ens5     99.00    110.00     76.28     81.31      0.00      0.00      0.00      0.00

18:00:10        IFACE   rxpck/s   txpck/s    rxkB/s    txkB/s   rxcmp/s   txcmp/s  rxmcst/s   %ifutil
18:00:11         ens5    134.00    147.00    108.82    113.45      0.00      0.00      0.00      0.00

18:00:11        IFACE   rxpck/s   txpck/s    rxkB/s    txkB/s   rxcmp/s   txcmp/s  rxmcst/s   %ifutil
18:00:12         ens5    134.00    141.00    109.65    113.46      0.00      0.00      0.00      0.00

18:00:12        IFACE   rxpck/s   txpck/s    rxkB/s    txkB/s   rxcmp/s   txcmp/s  rxmcst/s   %ifutil
18:00:13         ens5    133.00    138.00    108.44    111.86      0.00      0.00      0.00      0.00

18:00:13        IFACE   rxpck/s   txpck/s    rxkB/s    txkB/s   rxcmp/s   txcmp/s  rxmcst/s   %ifutil
18:00:14         ens5    136.00    151.00    111.45    116.57      0.00      0.00      0.00      0.00

18:00:14        IFACE   rxpck/s   txpck/s    rxkB/s    txkB/s   rxcmp/s   txcmp/s  rxmcst/s   %ifutil
18:00:15         ens5    136.00    147.00    110.33    114.32      0.00      0.00      0.00      0.00

18:00:15        IFACE   rxpck/s   txpck/s    rxkB/s    txkB/s   rxcmp/s   txcmp/s  rxmcst/s   %ifutil
18:00:16         ens5    134.00    148.00    108.57    113.40      0.00      0.00      0.00      0.00

18:00:16        IFACE   rxpck/s   txpck/s    rxkB/s    txkB/s   rxcmp/s   txcmp/s  rxmcst/s   %ifutil
18:00:17         ens5    134.00    144.00    109.72    112.68      0.00      0.00      0.00      0.00

18:00:17        IFACE   rxpck/s   txpck/s    rxkB/s    txkB/s   rxcmp/s   txcmp/s  rxmcst/s   %ifutil
18:00:18         ens5    135.00    149.00    111.12    117.15      0.00      0.00      0.00      0.00

18:00:18        IFACE   rxpck/s   txpck/s    rxkB/s    txkB/s   rxcmp/s   txcmp/s  rxmcst/s   %ifutil
18:00:19         ens5    138.00    150.00    111.04    115.33      0.00      0.00      0.00      0.00

18:00:19        IFACE   rxpck/s   txpck/s    rxkB/s    txkB/s   rxcmp/s   txcmp/s  rxmcst/s   %ifutil
18:00:20         ens5    134.00    148.00    108.59    113.41      0.00      0.00      0.00      0.00

18:00:20        IFACE   rxpck/s   txpck/s    rxkB/s    txkB/s   rxcmp/s   txcmp/s  rxmcst/s   %ifutil
18:00:21         ens5    134.00    148.00    108.71    113.48      0.00      0.00      0.00      0.00

18:00:21        IFACE   rxpck/s   txpck/s    rxkB/s    txkB/s   rxcmp/s   txcmp/s  rxmcst/s   %ifutil
18:00:22         ens5    134.00    141.00    109.71    113.52      0.00      0.00      0.00      0.00

18:00:22        IFACE   rxpck/s   txpck/s    rxkB/s    txkB/s   rxcmp/s   txcmp/s  rxmcst/s   %ifutil
18:00:23         ens5    136.00    145.00    110.41    113.65      0.00      0.00      0.00      0.00

18:00:23        IFACE   rxpck/s   txpck/s    rxkB/s    txkB/s   rxcmp/s   txcmp/s  rxmcst/s   %ifutil
18:00:24         ens5    137.00    155.00    111.80    117.77      0.00      0.00      0.00      0.00

18:00:24        IFACE   rxpck/s   txpck/s    rxkB/s    txkB/s   rxcmp/s   txcmp/s  rxmcst/s   %ifutil
18:00:25         ens5    134.00    144.00    108.60    112.81      0.00      0.00      0.00      0.00

18:00:25        IFACE   rxpck/s   txpck/s    rxkB/s    txkB/s   rxcmp/s   txcmp/s  rxmcst/s   %ifutil
18:00:26         ens5    134.00    147.00    109.75    114.41      0.00      0.00      0.00      0.00

18:00:26        IFACE   rxpck/s   txpck/s    rxkB/s    txkB/s   rxcmp/s   txcmp/s  rxmcst/s   %ifutil
18:00:27         ens5    137.00    151.00    111.57    116.56      0.00      0.00      0.00      0.00

18:00:27        IFACE   rxpck/s   txpck/s    rxkB/s    txkB/s   rxcmp/s   txcmp/s  rxmcst/s   %ifutil
18:00:28         ens5    134.00    147.00    108.54    113.19      0.00      0.00      0.00      0.00

18:00:28        IFACE   rxpck/s   txpck/s    rxkB/s    txkB/s   rxcmp/s   txcmp/s  rxmcst/s   %ifutil
18:00:29         ens5    137.00    144.00    110.78    113.27      0.00      0.00      0.00      0.00

18:00:29        IFACE   rxpck/s   txpck/s    rxkB/s    txkB/s   rxcmp/s   txcmp/s  rxmcst/s   %ifutil
18:00:30         ens5    134.00    149.00    108.76    114.71      0.00      0.00      0.00      0.00

18:00:30        IFACE   rxpck/s   txpck/s    rxkB/s    txkB/s   rxcmp/s   txcmp/s  rxmcst/s   %ifutil
18:00:31         ens5    135.00    140.00    109.76    113.37      0.00      0.00      0.00      0.00

18:00:31        IFACE   rxpck/s   txpck/s    rxkB/s    txkB/s   rxcmp/s   txcmp/s  rxmcst/s   %ifutil
18:00:32         ens5    135.00    151.00    111.09    116.37      0.00      0.00      0.00      0.00

18:00:32        IFACE   rxpck/s   txpck/s    rxkB/s    txkB/s   rxcmp/s   txcmp/s  rxmcst/s   %ifutil
18:00:33         ens5    135.00    143.00    108.76    112.42      0.00      0.00      0.00      0.00

18:00:33        IFACE   rxpck/s   txpck/s    rxkB/s    txkB/s   rxcmp/s   txcmp/s  rxmcst/s   %ifutil
18:00:34         ens5    137.00    149.00    110.72    114.96      0.00      0.00      0.00      0.00

18:00:34        IFACE   rxpck/s   txpck/s    rxkB/s    txkB/s   rxcmp/s   txcmp/s  rxmcst/s   %ifutil
18:00:35         ens5    134.00    144.00    108.55    112.73      0.00      0.00      0.00      0.00

18:00:35        IFACE   rxpck/s   txpck/s    rxkB/s    txkB/s   rxcmp/s   txcmp/s  rxmcst/s   %ifutil
18:00:36         ens5    134.00    149.00    109.72    114.71      0.00      0.00      0.00      0.00

18:00:36        IFACE   rxpck/s   txpck/s    rxkB/s    txkB/s   rxcmp/s   txcmp/s  rxmcst/s   %ifutil
18:00:37         ens5    135.00    149.00    111.14    116.07      0.00      0.00      0.00      0.00

18:00:37        IFACE   rxpck/s   txpck/s    rxkB/s    txkB/s   rxcmp/s   txcmp/s  rxmcst/s   %ifutil
18:00:38         ens5    136.00    146.00    110.33    114.20      0.00      0.00      0.00      0.00

18:00:38        IFACE   rxpck/s   txpck/s    rxkB/s    txkB/s   rxcmp/s   txcmp/s  rxmcst/s   %ifutil
18:00:39         ens5    135.00    145.00    109.81    114.11      0.00      0.00      0.00      0.00

18:00:39        IFACE   rxpck/s   txpck/s    rxkB/s    txkB/s   rxcmp/s   txcmp/s  rxmcst/s   %ifutil
18:00:40         ens5    138.00    150.00    112.97    117.36      0.00      0.00      0.00      0.00

18:00:40        IFACE   rxpck/s   txpck/s    rxkB/s    txkB/s   rxcmp/s   txcmp/s  rxmcst/s   %ifutil
18:00:41         ens5    136.00    147.00    110.11    114.65      0.00      0.00      0.00      0.00

18:00:41        IFACE   rxpck/s   txpck/s    rxkB/s    txkB/s   rxcmp/s   txcmp/s  rxmcst/s   %ifutil
18:00:42         ens5    134.00    147.00    108.86    113.35      0.00      0.00      0.00      0.00

18:00:42        IFACE   rxpck/s   txpck/s    rxkB/s    txkB/s   rxcmp/s   txcmp/s  rxmcst/s   %ifutil
18:00:43         ens5    140.00    150.00    113.39    116.40      0.00      0.00      0.00      0.00

18:00:43        IFACE   rxpck/s   txpck/s    rxkB/s    txkB/s   rxcmp/s   txcmp/s  rxmcst/s   %ifutil
18:00:44         ens5    133.00    145.00    108.48    114.10      0.00      0.00      0.00      0.00

18:00:44        IFACE   rxpck/s   txpck/s    rxkB/s    txkB/s   rxcmp/s   txcmp/s  rxmcst/s   %ifutil
18:00:45         ens5    136.00    150.00    110.16    115.09      0.00      0.00      0.00      0.00

18:00:45        IFACE   rxpck/s   txpck/s    rxkB/s    txkB/s   rxcmp/s   txcmp/s  rxmcst/s   %ifutil
18:00:46         ens5    135.00    151.00    111.13    116.32      0.00      0.00      0.00      0.00

18:00:46        IFACE   rxpck/s   txpck/s    rxkB/s    txkB/s   rxcmp/s   txcmp/s  rxmcst/s   %ifutil
18:00:47         ens5    134.00    146.00    108.90    113.28      0.00      0.00      0.00      0.00

18:00:47        IFACE   rxpck/s   txpck/s    rxkB/s    txkB/s   rxcmp/s   txcmp/s  rxmcst/s   %ifutil
18:00:48         ens5    138.00    153.00    111.06    115.66      0.00      0.00      0.00      0.00

18:00:48        IFACE   rxpck/s   txpck/s    rxkB/s    txkB/s   rxcmp/s   txcmp/s  rxmcst/s   %ifutil
18:00:49         ens5    138.00    150.00    109.63    114.29      0.00      0.00      0.00      0.00

18:00:49        IFACE   rxpck/s   txpck/s    rxkB/s    txkB/s   rxcmp/s   txcmp/s  rxmcst/s   %ifutil
18:00:50         ens5    134.00    147.00    109.71    114.41      0.00      0.00      0.00      0.00

18:00:50        IFACE   rxpck/s   txpck/s    rxkB/s    txkB/s   rxcmp/s   txcmp/s  rxmcst/s   %ifutil
18:00:51         ens5    136.00    148.00    111.49    116.11      0.00      0.00      0.00      0.00

18:00:51        IFACE   rxpck/s   txpck/s    rxkB/s    txkB/s   rxcmp/s   txcmp/s  rxmcst/s   %ifutil
18:00:52         ens5    136.00    150.00    109.25    114.01      0.00      0.00      0.00      0.00

18:00:52        IFACE   rxpck/s   txpck/s    rxkB/s    txkB/s   rxcmp/s   txcmp/s  rxmcst/s   %ifutil
18:00:53         ens5    139.00    152.00    111.39    115.79      0.00      0.00      0.00      0.00

18:00:53        IFACE   rxpck/s   txpck/s    rxkB/s    txkB/s   rxcmp/s   txcmp/s  rxmcst/s   %ifutil
18:00:54         ens5    137.00    150.00    110.47    114.99      0.00      0.00      0.00      0.00

18:00:54        IFACE   rxpck/s   txpck/s    rxkB/s    txkB/s   rxcmp/s   txcmp/s  rxmcst/s   %ifutil
18:00:55         ens5    139.00    151.00    113.31    117.46      0.00      0.00      0.00      0.00

18:00:55        IFACE   rxpck/s   txpck/s    rxkB/s    txkB/s   rxcmp/s   txcmp/s  rxmcst/s   %ifutil
18:00:56         ens5    133.00    146.00    108.52    113.12      0.00      0.00      0.00      0.00

18:00:56        IFACE   rxpck/s   txpck/s    rxkB/s    txkB/s   rxcmp/s   txcmp/s  rxmcst/s   %ifutil
18:00:57         ens5    137.00    147.00    109.59    113.65      0.00      0.00      0.00      0.00

18:00:57        IFACE   rxpck/s   txpck/s    rxkB/s    txkB/s   rxcmp/s   txcmp/s  rxmcst/s   %ifutil
18:00:58         ens5    136.00    149.00    110.42    115.12      0.00      0.00      0.00      0.00

18:00:58        IFACE   rxpck/s   txpck/s    rxkB/s    txkB/s   rxcmp/s   txcmp/s  rxmcst/s   %ifutil
18:00:59         ens5    140.00    148.00    112.49    115.87      0.00      0.00      0.00      0.00

18:00:59        IFACE   rxpck/s   txpck/s    rxkB/s    txkB/s   rxcmp/s   txcmp/s  rxmcst/s   %ifutil
18:01:00         ens5    125.00    131.00    100.56    103.79      0.00      0.00      0.00      0.00

18:01:00        IFACE   rxpck/s   txpck/s    rxkB/s    txkB/s   rxcmp/s   txcmp/s  rxmcst/s   %ifutil
18:01:01         ens5    132.00    143.00    107.58    111.69      0.00      0.00      0.00      0.00

18:01:01        IFACE   rxpck/s   txpck/s    rxkB/s    txkB/s   rxcmp/s   txcmp/s  rxmcst/s   %ifutil
18:01:02         ens5     72.00     76.00     57.54     59.61      0.00      0.00      0.00      0.00

18:01:02        IFACE   rxpck/s   txpck/s    rxkB/s    txkB/s   rxcmp/s   txcmp/s  rxmcst/s   %ifutil
18:01:03         ens5      0.00      0.00      0.00      0.00      0.00      0.00      0.00      0.00

18:01:03        IFACE   rxpck/s   txpck/s    rxkB/s    txkB/s   rxcmp/s   txcmp/s  rxmcst/s   %ifutil
18:01:04         ens5      0.00      0.00      0.00      0.00      0.00      0.00      0.00      0.00

18:01:04        IFACE   rxpck/s   txpck/s    rxkB/s    txkB/s   rxcmp/s   txcmp/s  rxmcst/s   %ifutil
18:01:05         ens5      0.00      0.00      0.00      0.00      0.00      0.00      0.00      0.00

18:01:05        IFACE   rxpck/s   txpck/s    rxkB/s    txkB/s   rxcmp/s   txcmp/s  rxmcst/s   %ifutil
18:01:06         ens5      0.00      0.00      0.00      0.00      0.00      0.00      0.00      0.00


Average:        IFACE   rxpck/s   txpck/s    rxkB/s    txkB/s   rxcmp/s   txcmp/s  rxmcst/s   %ifutil
Average:         ens5    113.70    123.02     91.25     94.93      0.00      0.00      0.00      0.00
