Linux 7.0.0-1010-aws (ip-172-31-20-134) 	08/11/26 	_x86_64_	(2 CPU)

17:11:20    kbmemfree   kbavail kbmemused  %memused kbbuffers  kbcached  kbcommit   %commit  kbactive   kbinact   kbdirty
17:11:21       144728   1329836    363992     18.66     30636   1265976   1469744     75.34    994908    571832       816
17:11:22       144728   1329836    363992     18.66     30636   1265976   1469744     75.34    994908    571832       816
17:11:23       144728   1329836    363992     18.66     30636   1265976   1469744     75.34    994908    571832       816
17:11:24       144728   1329912    363892     18.65     30660   1266044   1469684     75.33    994940    571836       972
17:11:25       144728   1329936    363892     18.65     30660   1266044   1469684     75.33    994944    571860       420
17:11:26       144728   1329936    363888     18.65     30660   1266048   1469684     75.33    994944    571860       424
17:11:27       144728   1329936    363888     18.65     30660   1266048   1469684     75.33    994944    571860       424
17:11:28       142712   1327924    365896     18.76     30660   1266056   1470892     75.40    996476    571864       432
17:11:29       142712   1327932    365864     18.75     30660   1266088   1470892     75.40    996540    571872       412
17:11:30       142712   1327932    365864     18.75     30660   1266088   1470892     75.40    996540    571872       412
17:11:31       142712   1327932    365860     18.75     30660   1266092   1479360     75.83    996624    571872       420
17:11:32       139196   1324468    369360     18.93     30660   1266108   1543356     79.11   1002400    571924       436
17:11:33       124856   1310768    383060     19.64     30660   1266736   1841916     94.41   1015224    572548      1064
17:11:34       112796   1299380    394120     20.20     30660   1267400   2096388    107.46   1026220    573216      1728
17:11:35       111536   1298216    395272     20.26     30660   1267492   2096772    107.48   1023780    573304      1820
17:11:36       111536   1298216    395220     20.26     30660   1267544   2096772    107.48   1022284    573304      1872
17:11:37       111536   1298216    395220     20.26     30660   1267544   2096772    107.48   1022284    573304      1872
17:11:38       111536   1298216    395220     20.26     30660   1267544   2096772    107.48   1022284    573304      1872
17:11:39       111536   1298216    395220     20.26     30660   1267544   2096772    107.48   1022284    573304      1872
17:11:40       111536   1298216    395220     20.26     30660   1267544   2096772    107.48   1022284    573304      1872
17:11:41       111536   1298216    395212     20.26     30660   1267552   2096772    107.48   1022284    573304      1880
17:11:42       111536   1298300    395128     20.25     30660   1267636   2097012    107.49   1022620    573304      2052

Average:       129685   1315517    378149     19.38     30657   1266685   1747095     89.55   1007937    572478      1123
