Linux 7.0.0-1010-aws (ip-172-31-31-224) 	08/11/26 	_x86_64_	(2 CPU)

06:59:31        CPU     %user     %nice   %system   %iowait    %steal     %idle
06:59:32        all     51.01      0.00      5.56      0.00      0.51     42.93
06:59:33        all     49.00      0.00      4.00      0.00      1.00     46.00
06:59:34        all     50.75      0.00      3.02      0.00      1.51     44.72
06:59:35        all     46.27      0.00      4.48      0.00      2.49     46.77
06:59:36        all     48.47      0.00      3.57      0.00      1.02     46.94
06:59:37        all     49.25      0.00      2.49      0.00      1.99     46.27
06:59:38        all     49.25      0.00      3.52      0.00      1.51     45.73
06:59:39        all     46.77      0.00      5.47      0.00      1.99     45.77
06:59:40        all     14.14      0.00      0.00      0.00      0.00     85.86
06:59:41        all      0.00      0.00      0.00      0.00      0.50     99.50
06:59:42        all      0.50      0.00      0.00      0.00      0.00     99.50
06:59:43        all      0.00      0.00      1.00      0.00      0.50     98.51
06:59:44        all      5.53      0.00      1.51      0.00      0.00     92.96
06:59:45        all      0.00      0.00      0.00      0.00      0.00    100.00
06:59:46        all      1.01      0.00      0.51      0.00      0.00     98.48
06:59:47        all      3.00      0.00      3.50      0.00      2.50     91.00
06:59:48        all      2.53      0.00      2.53      0.00      1.01     93.94
06:59:49        all      1.01      0.00      0.00      0.00      0.00     98.99
06:59:50        all      0.00      0.00      0.00      0.00      0.00    100.00
06:59:51        all      0.00      0.00      0.51      0.00      0.00     99.49
06:59:52        all      0.00      0.00      0.00      0.00      0.00    100.00
06:59:53        all      0.00      0.00      0.00      0.00      0.00    100.00
06:59:54        all      1.00      0.00      0.00      0.00      0.50     98.51
06:59:55        all      0.00      0.00      0.50      0.00      0.50     99.00
06:59:56        all      0.50      0.00      0.50      0.50      0.00     98.51
06:59:57        all      0.00      0.00      0.50      0.00      0.00     99.50


Average:        all     16.16      0.00      1.66      0.02      0.68     81.49
