Linux 7.0.0-1010-aws (ip-172-31-31-224) 	08/11/26 	_x86_64_	(2 CPU)

06:59:31    kbmemfree   kbavail kbmemused  %memused kbbuffers  kbcached  kbcommit   %commit  kbactive   kbinact   kbdirty
06:59:32       686192   1288156    443044     22.71     16312    727796   1605960     82.32    402292    690592       180
06:59:33       614120   1216084    515124     26.40     16312    727796   1677216     85.97    474536    690592       180
06:59:34       541544   1143512    587696     30.12     16312    727800   1743336     89.36    540636    690596       184
06:59:35       453092   1055060    676148     34.66     16312    727800   1839736     94.30    636928    690596       184
06:59:36       372704    974672    756536     38.78     16312    727800   1923244     98.58    717768    690596       184
06:59:37       324320    926288    804920     41.26     16312    727800   1961204    100.53    757028    690596       184
06:59:38       235868    837836    893372     45.79     16312    727800   2057248    105.45    852804    690596       184
06:59:39        90716    692684   1038520     53.23     16312    727804   2194744    112.50    990516    690596       188
06:59:40        90716    692688   1038520     53.23     16312    727804   2194936    112.51    991432    690600       188
06:59:41        90716    692688   1038520     53.23     16312    727804   2194936    112.51    991432    690600       188
06:59:42        90716    692688   1038520     53.23     16312    727804   2194936    112.51    991432    690600       188
06:59:43        90716    692688   1038520     53.23     16312    727804   2194936    112.51    991432    690600       188
06:59:44        90620    692592   1038608     53.24     16312    727812   2194936    112.51    991816    690600       196
06:59:45        90620    692600   1038604     53.24     16312    727816   2194936    112.51    991920    690608       144
06:59:46        90620    692600   1038604     53.24     16312    727816   2194936    112.51    991920    690608       144
06:59:47        90620    692604   1038580     53.24     16336    727816   2194936    112.51    991972    690612       240
06:59:48        90620    692604   1038580     53.24     16336    727816   2194936    112.51    991972    690612       240
06:59:49        90620    692604   1038580     53.24     16336    727816   2194936    112.51    991972    690612       240
06:59:50        90620    692604   1038576     53.24     16336    727820   2194936    112.51    991972    690612       248
06:59:51        90620    692604   1038576     53.24     16336    727820   2194936    112.51    992592    690612       248
06:59:52        90620    692604   1038572     53.24     16336    727824   2194936    112.51    992592    690612       252
06:59:53        90620    692604   1038572     53.24     16336    727824   2194936    112.51    992592    690612       252
06:59:54        90620    692604   1038572     53.24     16336    727824   2194936    112.51    992592    690612       252
06:59:55        90620    692604   1038568     53.24     16336    727828   2194936    112.51    992592    690612       256
06:59:56        90620    692640   1038568     53.24     16336    727828   2194936    112.51    992704    690648       124
06:59:57        90620    692640   1038568     53.24     16336    727828   2194936    112.51    992704    690648       124

Average:       190388    792367    938830     48.12     16322    727812   2096598    107.47    893467    690607       199
