Linux 7.0.0-1010-aws (ip-172-31-31-224) 	08/11/26 	_x86_64_	(2 CPU)

06:59:31        IFACE   rxpck/s   txpck/s    rxkB/s    txkB/s   rxcmp/s   txcmp/s  rxmcst/s   %ifutil
06:59:32         ens5     51.00     48.00      4.36      6.27      0.00      0.00      0.00      0.00

06:59:32        IFACE   rxpck/s   txpck/s    rxkB/s    txkB/s   rxcmp/s   txcmp/s  rxmcst/s   %ifutil
06:59:33         ens5     10.00      9.00      0.68      1.53      0.00      0.00      0.00      0.00

06:59:33        IFACE   rxpck/s   txpck/s    rxkB/s    txkB/s   rxcmp/s   txcmp/s  rxmcst/s   %ifutil
06:59:34         ens5      7.00      8.00      0.36      1.70      0.00      0.00      0.00      0.00

06:59:34        IFACE   rxpck/s   txpck/s    rxkB/s    txkB/s   rxcmp/s   txcmp/s  rxmcst/s   %ifutil
06:59:35         ens5      6.00      5.00      0.30      1.04      0.00      0.00      0.00      0.00

06:59:35        IFACE   rxpck/s   txpck/s    rxkB/s    txkB/s   rxcmp/s   txcmp/s  rxmcst/s   %ifutil
06:59:36         ens5      5.00      7.00      0.25      1.54      0.00      0.00      0.00      0.00

06:59:36        IFACE   rxpck/s   txpck/s    rxkB/s    txkB/s   rxcmp/s   txcmp/s  rxmcst/s   %ifutil
06:59:37         ens5     10.00      8.00      0.51      1.66      0.00      0.00      0.00      0.00

06:59:37        IFACE   rxpck/s   txpck/s    rxkB/s    txkB/s   rxcmp/s   txcmp/s  rxmcst/s   %ifutil
06:59:38         ens5      6.00      7.00      0.30      1.52      0.00      0.00      0.00      0.00

06:59:38        IFACE   rxpck/s   txpck/s    rxkB/s    txkB/s   rxcmp/s   txcmp/s  rxmcst/s   %ifutil
06:59:39         ens5      4.00      3.00      0.20      0.66      0.00      0.00      0.00      0.00

06:59:39        IFACE   rxpck/s   txpck/s    rxkB/s    txkB/s   rxcmp/s   txcmp/s  rxmcst/s   %ifutil
06:59:40         ens5      4.00      4.00      0.21      0.80      0.00      0.00      0.00      0.00

06:59:40        IFACE   rxpck/s   txpck/s    rxkB/s    txkB/s   rxcmp/s   txcmp/s  rxmcst/s   %ifutil
06:59:41         ens5      0.00      0.00      0.00      0.00      0.00      0.00      0.00      0.00

06:59:41        IFACE   rxpck/s   txpck/s    rxkB/s    txkB/s   rxcmp/s   txcmp/s  rxmcst/s   %ifutil
06:59:42         ens5     23.00     23.00      1.35     17.30      0.00      0.00      0.00      0.00

06:59:42        IFACE   rxpck/s   txpck/s    rxkB/s    txkB/s   rxcmp/s   txcmp/s  rxmcst/s   %ifutil
06:59:43         ens5      1.00      1.00      0.07      0.09      0.00      0.00      0.00      0.00

06:59:43        IFACE   rxpck/s   txpck/s    rxkB/s    txkB/s   rxcmp/s   txcmp/s  rxmcst/s   %ifutil
06:59:44         ens5      0.00      0.00      0.00      0.00      0.00      0.00      0.00      0.00

06:59:44        IFACE   rxpck/s   txpck/s    rxkB/s    txkB/s   rxcmp/s   txcmp/s  rxmcst/s   %ifutil
06:59:45         ens5      0.00      0.00      0.00      0.00      0.00      0.00      0.00      0.00

06:59:45        IFACE   rxpck/s   txpck/s    rxkB/s    txkB/s   rxcmp/s   txcmp/s  rxmcst/s   %ifutil
06:59:46         ens5    111.00    116.00      6.81     67.60      0.00      0.00      0.00      0.00

06:59:46        IFACE   rxpck/s   txpck/s    rxkB/s    txkB/s   rxcmp/s   txcmp/s  rxmcst/s   %ifutil
06:59:47         ens5    730.00    808.00     45.35    497.03      0.00      0.00      0.00      0.00

06:59:47        IFACE   rxpck/s   txpck/s    rxkB/s    txkB/s   rxcmp/s   txcmp/s  rxmcst/s   %ifutil
06:59:48         ens5    731.00    799.00     45.24    500.36      0.00      0.00      0.00      0.00

06:59:48        IFACE   rxpck/s   txpck/s    rxkB/s    txkB/s   rxcmp/s   txcmp/s  rxmcst/s   %ifutil
06:59:49         ens5     61.00     60.00      3.70     36.43      0.00      0.00      0.00      0.00

06:59:49        IFACE   rxpck/s   txpck/s    rxkB/s    txkB/s   rxcmp/s   txcmp/s  rxmcst/s   %ifutil
06:59:50         ens5      0.00      0.00      0.00      0.00      0.00      0.00      0.00      0.00

06:59:50        IFACE   rxpck/s   txpck/s    rxkB/s    txkB/s   rxcmp/s   txcmp/s  rxmcst/s   %ifutil
06:59:51         ens5      0.00      0.00      0.00      0.00      0.00      0.00      0.00      0.00

06:59:51        IFACE   rxpck/s   txpck/s    rxkB/s    txkB/s   rxcmp/s   txcmp/s  rxmcst/s   %ifutil
06:59:52         ens5      0.00      0.00      0.00      0.00      0.00      0.00      0.00      0.00

06:59:52        IFACE   rxpck/s   txpck/s    rxkB/s    txkB/s   rxcmp/s   txcmp/s  rxmcst/s   %ifutil
06:59:53         ens5      0.00      0.00      0.00      0.00      0.00      0.00      0.00      0.00

06:59:53        IFACE   rxpck/s   txpck/s    rxkB/s    txkB/s   rxcmp/s   txcmp/s  rxmcst/s   %ifutil
06:59:54         ens5      0.00      0.00      0.00      0.00      0.00      0.00      0.00      0.00

06:59:54        IFACE   rxpck/s   txpck/s    rxkB/s    txkB/s   rxcmp/s   txcmp/s  rxmcst/s   %ifutil
06:59:55         ens5      0.00      0.00      0.00      0.00      0.00      0.00      0.00      0.00

06:59:55        IFACE   rxpck/s   txpck/s    rxkB/s    txkB/s   rxcmp/s   txcmp/s  rxmcst/s   %ifutil
06:59:56         ens5      0.00      0.00      0.00      0.00      0.00      0.00      0.00      0.00

06:59:56        IFACE   rxpck/s   txpck/s    rxkB/s    txkB/s   rxcmp/s   txcmp/s  rxmcst/s   %ifutil
06:59:57         ens5      1.00      1.00      0.03      0.04      0.00      0.00      0.00      0.00



Average:        IFACE   rxpck/s   txpck/s    rxkB/s    txkB/s   rxcmp/s   txcmp/s  rxmcst/s   %ifutil
Average:         ens5     67.73     73.35      4.22     43.68      0.00      0.00      0.00      0.00
