Linux 7.0.0-1008-aws (ip-172-31-31-224) 	08/07/26 	_x86_64_	(2 CPU)

07:15:41        CPU     %user     %nice   %system   %iowait    %steal     %idle
07:15:42        all     51.76      0.00      5.03      0.00      0.00     43.22
07:15:43        all     50.50      0.00      3.50      0.00      0.00     46.00
07:15:44        all     49.75      0.00      4.02      0.00      0.00     46.23
07:15:45        all     49.49      0.00      3.03      0.00      0.00     47.47
07:15:46        all     49.50      0.00      3.50      0.00      0.00     47.00
07:15:47        all     52.26      0.00      2.01      0.00      0.00     45.73
07:15:48        all     51.52      0.00      3.54      0.00      0.00     44.95
07:15:49        all     26.87      0.00      3.98      0.00      0.00     69.15
07:15:50        all      0.50      0.00      0.50      0.00      0.00     99.00
07:15:51        all      0.00      0.00      0.00      0.00      0.00    100.00
07:15:52        all      0.00      0.00      0.00      0.00      0.00    100.00
07:15:53        all      0.00      0.00      0.50      0.00      0.00     99.50
07:15:54        all      0.00      0.00      0.00      0.00      0.00    100.00
07:15:55        all      1.00      0.00      0.50      0.00      0.00     98.50
07:15:56        all      0.50      0.00      0.50      0.00      0.00     98.99
07:15:57        all      0.50      0.00      0.50      0.00      0.00     98.99
07:15:58        all      0.50      0.00      1.01      0.00      0.00     98.49
07:15:59        all      0.51      0.00      0.00      0.00      0.00     99.49
07:16:00        all      0.00      0.00      0.00      0.00      0.00    100.00
07:16:01        all      0.50      0.00      0.50      0.00      0.00     98.99
07:16:02        all      0.50      0.00      1.00      0.00      0.50     98.00
07:16:03        all      0.50      0.00      0.50      0.00      0.00     98.99
07:16:04        all      0.00      0.00      0.00      0.00      0.00    100.00
07:16:05        all      0.50      0.00      0.50      0.00      0.00     98.99
07:16:06        all      0.50      0.00      1.00      0.00      0.00     98.50
07:16:07        all      0.00      0.00      0.51      0.00      0.00     99.49
07:16:08        all      1.01      0.00      0.00      0.00      0.00     98.99
07:16:09        all      0.50      0.00      1.00      0.00      0.00     98.51
07:16:10        all      0.00      0.00      0.00      0.00      0.00    100.00
07:16:11        all      1.00      0.00      0.50      0.00      0.00     98.50
07:16:12        all      0.00      0.00      0.51      0.00      0.00     99.49
07:16:13        all      0.51      0.00      0.51      0.00      0.00     98.99
07:16:14        all      0.50      0.00      1.00      0.00      0.00     98.51
07:16:15        all      0.00      0.00      0.51      0.00      0.00     99.49
07:16:16        all      0.50      0.00      0.50      0.00      0.50     98.51
07:16:17        all      0.51      0.00      0.00      0.00      0.00     99.49
07:16:18        all      0.50      0.00      0.50      1.00      0.00     98.00
07:16:19        all      0.50      0.00      0.50      0.00      0.00     99.00
07:16:20        all      0.51      0.00      0.51      0.00      0.00     98.99
07:16:21        all      0.51      0.00      0.00      0.00      0.00     99.49
07:16:22        all      0.51      0.00      0.00      0.00      0.00     99.49
07:16:23        all      0.00      0.00      1.98      0.00      0.00     98.02
07:16:24        all      0.50      0.00      0.50      0.00      0.00     98.99
07:16:25        all      0.51      0.00      0.00      0.00      0.00     99.49
07:16:26        all      0.00      0.00      0.50      0.00      0.00     99.50
07:16:27        all      1.01      0.00      0.50      0.00      0.00     98.49
07:16:28        all      0.00      0.00      0.00      0.00      0.00    100.00
07:16:29        all      1.00      0.00      1.00      0.00      0.00     98.00
07:16:30        all      0.00      0.00      0.00      0.00      0.00    100.00
07:16:31        all      0.51      0.00      0.00      0.00      0.00     99.49
07:16:32        all      0.50      0.00      1.00      0.00      0.00     98.50
07:16:33        all      0.50      0.00      0.50      0.00      0.00     98.99
07:16:34        all      0.51      0.00      0.00      0.00      0.00     99.49
07:16:35        all      0.50      0.00      1.00      0.00      0.00     98.50
07:16:36        all      0.00      0.00      0.50      0.00      0.00     99.50
07:16:37        all      0.51      0.00      0.00      0.00      0.00     99.49
07:16:38        all      0.50      0.00      0.50      0.00      0.00     98.99
07:16:39        all      0.00      0.00      0.51      0.00      0.00     99.49
07:16:40        all      4.02      0.00      0.50      0.00      0.00     95.48
07:16:41        all      0.00      0.00      0.00      0.00      0.00    100.00
07:16:42        all      0.00      0.00      1.01      0.00      0.00     98.99
07:16:43        all      1.00      0.00      0.50      0.00      0.00     98.50
07:16:44        all      0.00      0.00      0.51      0.00      0.00     99.49
07:16:45        all      1.01      0.00      0.00      0.00      0.00     98.99
07:16:46        all      0.51      0.00      0.51      0.00      0.00     98.99
07:16:47        all      0.51      0.00      0.00      0.00      0.00     99.49
07:16:48        all      1.00      0.00      1.49      0.00      0.00     97.51
07:16:49        all      0.51      0.00      0.51      0.00      0.00     98.99
07:16:50        all      0.00      0.00      1.01      0.00      0.00     98.99
07:16:51        all      1.01      0.00      0.00      0.00      0.00     98.99
07:16:52        all      0.51      0.00      0.00      0.00      0.00     99.49
07:16:53        all      0.00      0.00      1.01      0.00      0.00     98.99
07:16:54        all      1.00      0.00      0.00      0.00      0.50     98.50
07:16:55        all      0.50      0.00      1.00      0.00      0.00     98.51
07:16:56        all      0.00      0.00      0.51      0.00      0.00     99.49
07:16:57        all      0.51      0.00      0.00      0.00      0.00     99.49
07:16:58        all      1.00      0.00      0.50      0.00      0.00     98.50
07:16:59        all      0.00      0.00      0.00      0.00      0.51     99.49
07:17:00        all      0.99      0.00      1.49      0.00      0.00     97.52
07:17:01        all      0.00      0.00      0.00      0.00      0.00    100.00
07:17:02        all      0.50      0.00      1.01      0.00      0.00     98.49
07:17:03        all      0.50      0.00      0.50      0.00      0.00     98.99
07:17:04        all      0.00      0.00      0.51      0.00      0.00     99.49
07:17:05        all      0.00      0.00      0.00      0.00      0.00    100.00
07:17:06        all      0.50      0.00      0.50      0.00      0.00     98.99
07:17:07        all      0.50      0.00      0.00      0.00      0.00     99.50
07:17:08        all      0.51      0.00      0.51      0.00      0.00     98.99
07:17:09        all      0.00      0.00      0.50      0.00      0.00     99.50
07:17:10        all      0.51      0.00      0.51      0.00      0.00     98.99
07:17:11        all      5.50      0.00      0.50      0.00      0.00     94.00
07:17:12        all      0.00      0.00      0.51      0.00      0.00     99.49
07:17:13        all      1.00      0.00      0.50      0.00      0.00     98.51
07:17:14        all      0.00      0.00      0.00      0.00      0.00    100.00

Average:        all      4.58      0.00      0.72      0.01      0.02     94.67
