Linux 7.0.0-1008-aws (ip-172-31-31-224) 	08/07/26 	_x86_64_	(2 CPU)

07:15:41    kbmemfree   kbavail kbmemused  %memused kbbuffers  kbcached  kbcommit   %commit  kbactive   kbinact   kbdirty
07:15:42       720284   1257800    395584     20.28     15772    664428   1460852     74.89    254980    727708        84
07:15:43       640148   1177664    475720     24.39     15772    664428   1540468     78.97    333308    727708        84
07:15:44       571856   1109372    544012     27.89     15772    664428   1611268     82.60    406020    727708        84
07:15:45       479120   1016636    636748     32.64     15772    664428   1703416     87.32    497996    727708        84
07:15:46       358412    895928    757456     38.83     15772    664428   1819656     93.28    616164    727708        84
07:15:47       334220    871736    781648     40.07     15772    664428   1845512     94.60    641972    727708        84
07:15:48       246020    783560    869824     44.59     15796    664428   1937532     99.32    733512    727732        16
07:15:49       149252    686792    966592     49.55     15796    664428   2032772    104.20    827256    727732        16
07:15:50       149252    686792    966592     49.55     15796    664428   2032772    104.20    827256    727732        16
07:15:51       149252    686792    966592     49.55     15796    664428   2032772    104.20    827256    727732        16
07:15:52       149252    686792    966592     49.55     15796    664428   2032772    104.20    827256    727732        16
07:15:53       149252    686792    966592     49.55     15796    664428   2032772    104.20    827256    727732        16
07:15:54       149252    686792    966592     49.55     15796    664428   2032772    104.20    827752    727732        16
07:15:55       141188    678728    974656     49.96     15796    664428   2033028    104.22    828372    727732        16
07:15:56       141188    678728    974656     49.96     15796    664428   2033028    104.22    829116    727732        16
07:15:57       140964    678504    974880     49.97     15796    664428   2037124    104.43    829820    727732        16
07:15:58       140964    678504    974880     49.97     15796    664428   2037124    104.43    830356    727732        16
07:15:59       140964    678504    974880     49.97     15796    664428   2037124    104.43    831060    727732        16
07:16:00       140964    678504    974880     49.97     15796    664428   2037124    104.43    831720    727732        16
07:16:01       140964    678504    974880     49.97     15796    664428   2037124    104.43    832384    727732        16
07:16:02       140964    678508    974876     49.97     15796    664432   2037124    104.43    832956    727736        20
07:16:03       140964    678508    974876     49.97     15796    664432   2041220    104.64    833620    727736        20
07:16:04       140964    678508    974876     49.97     15796    664432   2041220    104.64    834320    727736        20
07:16:05       140964    678508    974876     49.97     15796    664432   2041220    104.64    834980    727736        16
07:16:06       140964    678508    974876     49.97     15796    664432   2041220    104.64    835720    727736        16
07:16:07       140964    678508    974876     49.97     15796    664432   2041220    104.64    836260    727736        16
07:16:08       140964    678508    974876     49.97     15796    664432   2041220    104.64    837084    727736        16
07:16:09       140964    678508    974876     49.97     15796    664432   2045316    104.85    837580    727736        16
07:16:10       140964    678508    974876     49.97     15796    664432   2045316    104.85    838324    727736        16
07:16:11       140964    678508    974876     49.97     15796    664432   2045316    104.85    838988    727736        16
07:16:12       140964    678508    974876     49.97     15796    664432   2045316    104.85    839740    727736         8
07:16:13       140964    678508    974876     49.97     15796    664432   2045316    104.85    840196    727736        12
07:16:14       132900    670444    982940     50.39     15796    664432   2045316    104.85    840980    727736        12
07:16:15       132900    670448    982936     50.39     15796    664436   2045316    104.85    841556    727740        16
07:16:16       132900    670448    982936     50.39     15796    664436   2049412    105.06    842216    727740        16
07:16:17       132900    670448    982936     50.39     15796    664436   2049412    105.06    842920    727740        16
07:16:18       132900    670472    982912     50.39     15820    664436   2049412    105.06    843548    727764        52
07:16:19       124836    662408    990976     50.80     15820    664436   2049412    105.06    844292    727764        52
07:16:20       124836    662408    990976     50.80     15820    664436   2049412    105.06    844996    727764        52
07:16:21       124836    662408    990976     50.80     15820    664436   2049412    105.06    845616    727764        52
07:16:22       124836    662412    990972     50.80     15820    664440   2053508    105.27    846272    727768        56
07:16:23       124836    662412    990972     50.80     15820    664440   2053508    105.27    846976    727768        56
07:16:24       124836    662412    990972     50.80     15820    664440   2053508    105.27    847596    727768        56
07:16:25       124836    662412    990972     50.80     15820    664440   2053508    105.27    848256    727768        56
07:16:26       124836    662412    990972     50.80     15820    664440   2053508    105.27    848960    727768        56
07:16:27       124836    662412    990972     50.80     15820    664440   2053508    105.27    849620    727768        56
07:16:28       124836    662412    990972     50.80     15820    664440   2057604    105.48    850200    727768        56
07:16:29       124836    662412    990972     50.80     15820    664440   2057604    105.48    850944    727768        56
07:16:30       124836    662412    990972     50.80     15820    664440   2057604    105.48    851564    727768        56
07:16:31       124836    662412    990972     50.80     15820    664440   2057604    105.48    852184    727768        56
07:16:32       124836    662416    990968     50.80     15820    664444   2057668    105.48    852924    727772        60
07:16:33       124836    662416    990968     50.80     15820    664444   2057668    105.48    853584    727772        60
07:16:34       124836    662416    990968     50.80     15820    664444   2057668    105.48    854164    727772        60
07:16:35       124836    662416    990968     50.80     15820    664444   2061764    105.69    854948    727772        60
07:16:36       124836    662416    990968     50.80     15820    664444   2061764    105.69    855488    727772        60
07:16:37       124836    662416    990968     50.80     15820    664444   2061764    105.69    856188    727772        60
07:16:38       124584    662164    991220     50.81     15820    664444   2061764    105.69    856768    727772        60
07:16:39       124080    661660    991724     50.84     15820    664444   2062020    105.70    857676    727772        60
07:16:40       124080    661660    991724     50.84     15820    664444   2062020    105.70    858092    727772        60
07:16:41       123072    660652    992728     50.89     15820    664448   2066188    105.92    858916    727772        64
07:16:42       123072    660656    992728     50.89     15820    664448   2066188    105.92    859576    727776        64
07:16:43       115008    652592   1000792     51.30     15820    664448   2066188    105.92    860252    727776        44
07:16:44       112992    650576   1002808     51.41     15820    664448   2066188    105.92    861040    727776        48
07:16:45       112992    650576   1002808     51.41     15820    664448   2066444    105.93    861864    727776        48
07:16:46       112992    650576   1002808     51.41     15820    664448   2066444    105.93    862444    727776        48
07:16:47       112992    650576   1002808     51.41     15820    664448   2070540    106.14    863312    727776        48
07:16:48       112740    650352   1003032     51.42     15844    664452   2070540    106.14    863992    727804        16
07:16:49       112236    649848   1003536     51.44     15844    664452   2070540    106.14    864984    727804        16
07:16:50       111228    648840   1004544     51.49     15844    664452   2070540    106.14    865520    727804        16
07:16:51       111228    648840   1004544     51.49     15844    664452   2070540    106.14    866264    727804        16
07:16:52       111228    648840   1004544     51.49     15844    664452   2074636    106.35    866928    727804        16
07:16:53       109212    646824   1006560     51.60     15844    664452   2074636    106.35    867628    727804        16
07:16:54       109212    646824   1006560     51.60     15844    664452   2074636    106.35    868168    727804        16
07:16:55       109212    646824   1006560     51.60     15844    664452   2074636    106.35    868992    727804        16
07:16:56       109212    646824   1006560     51.60     15844    664452   2074636    106.35    869572    727804        16
07:16:57       109212    646824   1006560     51.60     15844    664452   2074636    106.35    870232    727804        16
07:16:58       109212    646824   1006560     51.60     15844    664452   2074636    106.35    870896    727804        16
07:16:59       105180    642792   1010592     51.80     15844    664452   2078732    106.56    871472    727804        16
07:17:00       105180    642792   1010592     51.80     15844    664452   2078732    106.56    872092    727804        16
07:17:01       105180    642792   1010592     51.80     15844    664452   2078732    106.56    872832    727804        16
07:17:02       104940    642556   1010828     51.82     15844    664456   2078732    106.56    873356    727808        28
07:17:03       104940    642556   1010828     51.82     15844    664456   2078732    106.56    873944    727808        28
07:17:04       104940    642556   1010828     51.82     15844    664456   2078732    106.56    874648    727808        28
07:17:05       104940    642556   1010828     51.82     15844    664456   2082828    106.77    875184    727808        28
07:17:06       104940    642556   1010828     51.82     15844    664456   2082828    106.77    875848    727808        28
07:17:07       104940    642556   1010828     51.82     15844    664456   2082828    106.77    876548    727808        28
07:17:08       104940    642556   1010828     51.82     15844    664456   2082828    106.77    877252    727808        28
07:17:09       104688    642304   1011080     51.83     15844    664456   2082828    106.77    877912    727808        28
07:17:10       103932    641548   1011836     51.87     15844    664456   2082828    106.77    878616    727808        28
07:17:11       102420    640036   1013348     51.95     15844    664456   2087052    106.99    879524    727808        28
07:17:12       102420    640036   1013348     51.95     15844    664456   2087052    106.99    879772    727808        28
07:17:13       101412    639028   1014356     52.00     15844    664456   2087052    106.99    880020    727808        28
07:17:14       101412    639028   1014356     52.00     15844    664456   2087052    106.99    880020    727808        28

Average:       150827    688400    964984     49.47     15816    664441   2031732    104.15    826115    727765        35
