Linux 7.0.0-1010-aws (ip-172-31-31-224) 	08/11/26 	_x86_64_	(2 CPU)

06:54:35        CPU     %user     %nice   %system   %iowait    %steal     %idle
06:54:36        all     50.00      0.00      5.50      0.00      2.00     42.50
06:54:37        all     49.25      0.00      3.02      0.00      2.01     45.73
06:54:38        all     48.00      0.00      3.50      0.00      1.50     47.00
06:54:39        all     50.00      0.00      4.50      0.00      1.00     44.50
06:54:40        all     49.00      0.00      4.00      0.00      1.50     45.50
06:54:41        all     47.47      0.00      2.53      0.00      0.51     49.49
06:54:42        all     49.00      0.00      3.00      0.00      2.50     45.50
06:54:43        all     55.00      0.00      5.50      0.00      1.00     38.50
06:54:44        all     10.61      0.00      0.51      0.00      0.51     88.38
06:54:45        all      0.00      0.00      0.50      0.00      1.00     98.50
06:54:46        all      1.01      0.00      0.00      0.00      0.00     98.99
06:54:47        all      0.00      0.00      0.50      0.00      0.50     99.00
06:54:48        all      0.00      0.00      0.00      0.00      0.00    100.00
06:54:49        all      1.00      0.00      0.50      0.00      0.50     98.01
06:54:50        all      1.54      0.00      1.03      0.00      0.00     97.44
06:54:51        all      2.49      0.00      4.48      0.00      1.99     91.04
06:54:52        all      1.49      0.00      1.99      0.00      1.99     94.53
06:54:53        all      0.00      0.00      0.00      0.00      0.00    100.00
06:54:54        all      4.02      0.00      0.00      0.00      0.50     95.48
06:54:55        all      0.50      0.00      0.00      0.00      0.50     99.00
06:54:56        all      0.50      0.00      0.00      0.00      0.00     99.50
06:54:57        all      0.00      0.00      0.00      0.00      0.00    100.00
06:54:58        all      5.03      0.00      1.51      0.00      0.50     92.96
06:54:59        all      1.01      0.00      0.00      0.00      0.00     98.99
06:55:00        all      0.00      0.00      0.48      0.00      5.77     93.75
06:55:01        all      0.49      0.00      0.49      0.00      6.31     92.72
06:55:02        all      0.47      0.00      0.00      0.00      8.88     90.65

Average:        all     15.78      0.00      1.61      0.00      1.55     81.06
