Linux 7.0.0-1010-aws (ip-172-31-31-224) 	08/11/26 	_x86_64_	(2 CPU)

07:06:11    kbmemfree   kbavail kbmemused  %memused kbbuffers  kbcached  kbcommit   %commit  kbactive   kbinact   kbdirty
07:06:12       796152   1293556    437396     22.42     14780    624576   1601668     82.10    358456    629664       632
07:06:13       720048   1217452    513500     26.32     14780    624576   1680924     86.16    435140    629664       632
07:06:14       655788   1153192    577748     29.61     14780    624588   1743396     89.36    496612    629664       644
07:06:15       559524   1056940    674012     34.55     14780    624588   1835580     94.09    587560    629676       644
07:06:16       471072    968488    762464     39.08     14780    624588   1923248     98.58    676100    629676       644
07:06:17       438060    935500    795452     40.77     14804    624588   1965304    100.74    717276    629700       644
07:06:18       342552    840004    890944     45.67     14820    624588   2053220    105.24    807596    629712        40
07:06:19       205716    703172   1027780     52.68     14820    624588   2194556    112.49    946340    629716        40
07:06:20       205716    703172   1027776     52.68     14820    624592   2194556    112.49    946340    629716        44
07:06:21       205716    703172   1027776     52.68     14820    624592   2194556    112.49    946340    629716        44
07:06:22       205716    703172   1027776     52.68     14820    624592   2194556    112.49    946960    629716        44
07:06:23       205716    703172   1027776     52.68     14820    624592   2194556    112.49    946960    629716        44
07:06:24       205716    703172   1027776     52.68     14820    624592   2194556    112.49    946960    629716        44
07:06:25       205716    703176   1027764     52.68     14828    624596   2194556    112.49    946996    629720       420
07:06:26       205716    703176   1027764     52.68     14828    624596   2194556    112.49    946996    629720       420
07:06:27       205716    703176   1027764     52.68     14828    624596   2194556    112.49    946996    629720       420
07:06:28       205716    703176   1027764     52.68     14828    624596   2194556    112.49    946996    629720       420
07:06:29       205716    703192   1027752     52.68     14828    624608   2194556    112.49    946804    629736       432
07:06:30       205716    703196   1027752     52.68     14828    624608   2194556    112.49    946876    629740       428
07:06:31       205716    703196   1027752     52.68     14828    624608   2194556    112.49    946876    629740       428
07:06:32       205716    703196   1027748     52.68     14828    624612   2194556    112.49    946876    629740       432
07:06:33       205716    703196   1027748     52.68     14828    624612   2194556    112.49    946876    629740       432
07:06:34       205716    703196   1027748     52.68     14832    624608   2194556    112.49    946876    629740       432
07:06:35       205716    703208   1027732     52.68     14832    624624   2194556    112.49    946908    629752       396
07:06:36       205716    703208   1027732     52.68     14832    624624   2194556    112.49    946908    629752       396
07:06:37       205716    703208   1027732     52.68     14832    624624   2194556    112.49    946908    629752       396
07:06:38       205716    703208   1027732     52.68     14832    624624   2194556    112.49    946908    629752       396
07:06:39       205716    703208   1027732     52.68     14832    624624   2194556    112.49    946908    629752       396
07:06:40       205716    703208   1027732     52.68     14832    624624   2194556    112.49    946908    629752       396

Average:       293412    790872    940073     48.19     14818    624601   2106330    107.97    858940    629720       372
