Linux 7.0.0-1010-aws (ip-172-31-31-224) 	08/11/26 	_x86_64_	(2 CPU)

07:06:11        IFACE   rxpck/s   txpck/s    rxkB/s    txkB/s   rxcmp/s   txcmp/s  rxmcst/s   %ifutil
07:06:12         ens5     54.00     50.00      4.48      6.40      0.00      0.00      0.00      0.00

07:06:12        IFACE   rxpck/s   txpck/s    rxkB/s    txkB/s   rxcmp/s   txcmp/s  rxmcst/s   %ifutil
07:06:13         ens5      7.00      5.00      0.36      1.10      0.00      0.00      0.00      0.00

07:06:13        IFACE   rxpck/s   txpck/s    rxkB/s    txkB/s   rxcmp/s   txcmp/s  rxmcst/s   %ifutil
07:06:14         ens5      6.00      7.00      0.30      1.49      0.00      0.00      0.00      0.00

07:06:14        IFACE   rxpck/s   txpck/s    rxkB/s    txkB/s   rxcmp/s   txcmp/s  rxmcst/s   %ifutil
07:06:15         ens5      7.00      6.00      0.36      1.25      0.00      0.00      0.00      0.00

07:06:15        IFACE   rxpck/s   txpck/s    rxkB/s    txkB/s   rxcmp/s   txcmp/s  rxmcst/s   %ifutil
07:06:16         ens5      6.00      7.00      0.30      1.54      0.00      0.00      0.00      0.00

07:06:16        IFACE   rxpck/s   txpck/s    rxkB/s    txkB/s   rxcmp/s   txcmp/s  rxmcst/s   %ifutil
07:06:17         ens5      8.00      9.00      0.41      1.88      0.00      0.00      0.00      0.00

07:06:17        IFACE   rxpck/s   txpck/s    rxkB/s    txkB/s   rxcmp/s   txcmp/s  rxmcst/s   %ifutil
07:06:18         ens5      8.00      6.00      0.41      1.30      0.00      0.00      0.00      0.00

07:06:18        IFACE   rxpck/s   txpck/s    rxkB/s    txkB/s   rxcmp/s   txcmp/s  rxmcst/s   %ifutil
07:06:19         ens5      3.00      3.00      0.15      0.66      0.00      0.00      0.00      0.00

07:06:19        IFACE   rxpck/s   txpck/s    rxkB/s    txkB/s   rxcmp/s   txcmp/s  rxmcst/s   %ifutil
07:06:20         ens5      4.00      4.00      0.21      0.80      0.00      0.00      0.00      0.00

07:06:20        IFACE   rxpck/s   txpck/s    rxkB/s    txkB/s   rxcmp/s   txcmp/s  rxmcst/s   %ifutil
07:06:21         ens5      0.00      0.00      0.00      0.00      0.00      0.00      0.00      0.00

07:06:21        IFACE   rxpck/s   txpck/s    rxkB/s    txkB/s   rxcmp/s   txcmp/s  rxmcst/s   %ifutil
07:06:22         ens5      0.00      0.00      0.00      0.00      0.00      0.00      0.00      0.00

07:06:22        IFACE   rxpck/s   txpck/s    rxkB/s    txkB/s   rxcmp/s   txcmp/s  rxmcst/s   %ifutil
07:06:23         ens5      0.00      0.00      0.00      0.00      0.00      0.00      0.00      0.00

07:06:23        IFACE   rxpck/s   txpck/s    rxkB/s    txkB/s   rxcmp/s   txcmp/s  rxmcst/s   %ifutil
07:06:24         ens5     13.00     13.00      0.79      6.96      0.00      0.00      0.00      0.00

07:06:24        IFACE   rxpck/s   txpck/s    rxkB/s    txkB/s   rxcmp/s   txcmp/s  rxmcst/s   %ifutil
07:06:25         ens5      7.00      4.00      0.35      0.31      0.00      0.00      0.00      0.00

07:06:25        IFACE   rxpck/s   txpck/s    rxkB/s    txkB/s   rxcmp/s   txcmp/s  rxmcst/s   %ifutil
07:06:26         ens5      0.00      0.00      0.00      0.00      0.00      0.00      0.00      0.00

07:06:26        IFACE   rxpck/s   txpck/s    rxkB/s    txkB/s   rxcmp/s   txcmp/s  rxmcst/s   %ifutil
07:06:27         ens5      0.00      0.00      0.00      0.00      0.00      0.00      0.00      0.00

07:06:27        IFACE   rxpck/s   txpck/s    rxkB/s    txkB/s   rxcmp/s   txcmp/s  rxmcst/s   %ifutil
07:06:28         ens5      0.00      0.00      0.00      0.00      0.00      0.00      0.00      0.00

07:06:28        IFACE   rxpck/s   txpck/s    rxkB/s    txkB/s   rxcmp/s   txcmp/s  rxmcst/s   %ifutil
07:06:29         ens5     51.00     44.00      3.10     15.52      0.00      0.00      0.00      0.00

07:06:29        IFACE   rxpck/s   txpck/s    rxkB/s    txkB/s   rxcmp/s   txcmp/s  rxmcst/s   %ifutil
07:06:30         ens5    427.00    390.00     26.14    142.58      0.00      0.00      0.00      0.00

07:06:30        IFACE   rxpck/s   txpck/s    rxkB/s    txkB/s   rxcmp/s   txcmp/s  rxmcst/s   %ifutil
07:06:31         ens5    261.00    236.00     15.98     87.62      0.00      0.00      0.00      0.00

07:06:31        IFACE   rxpck/s   txpck/s    rxkB/s    txkB/s   rxcmp/s   txcmp/s  rxmcst/s   %ifutil
07:06:32         ens5    205.00    178.00     12.47     65.60      0.00      0.00      0.00      0.00

07:06:32        IFACE   rxpck/s   txpck/s    rxkB/s    txkB/s   rxcmp/s   txcmp/s  rxmcst/s   %ifutil
07:06:33         ens5     38.00     30.00      2.26     10.96      0.00      0.00      0.00      0.00

07:06:33        IFACE   rxpck/s   txpck/s    rxkB/s    txkB/s   rxcmp/s   txcmp/s  rxmcst/s   %ifutil
07:06:34         ens5      0.00      0.00      0.00      0.00      0.00      0.00      0.00      0.00

07:06:34        IFACE   rxpck/s   txpck/s    rxkB/s    txkB/s   rxcmp/s   txcmp/s  rxmcst/s   %ifutil
07:06:35         ens5      0.00      0.00      0.00      0.00      0.00      0.00      0.00      0.00

07:06:35        IFACE   rxpck/s   txpck/s    rxkB/s    txkB/s   rxcmp/s   txcmp/s  rxmcst/s   %ifutil
07:06:36         ens5    111.00     97.00      6.74     35.18      0.00      0.00      0.00      0.00

07:06:36        IFACE   rxpck/s   txpck/s    rxkB/s    txkB/s   rxcmp/s   txcmp/s  rxmcst/s   %ifutil
07:06:37         ens5    126.00    112.00      7.69     41.56      0.00      0.00      0.00      0.00

07:06:37        IFACE   rxpck/s   txpck/s    rxkB/s    txkB/s   rxcmp/s   txcmp/s  rxmcst/s   %ifutil
07:06:38         ens5      4.00      1.00      0.20      0.06      0.00      0.00      0.00      0.00

07:06:38        IFACE   rxpck/s   txpck/s    rxkB/s    txkB/s   rxcmp/s   txcmp/s  rxmcst/s   %ifutil
07:06:39         ens5      0.00      0.00      0.00      0.00      0.00      0.00      0.00      0.00

07:06:39        IFACE   rxpck/s   txpck/s    rxkB/s    txkB/s   rxcmp/s   txcmp/s  rxmcst/s   %ifutil
07:06:40         ens5      0.00      0.00      0.00      0.00      0.00      0.00      0.00      0.00


Average:        IFACE   rxpck/s   txpck/s    rxkB/s    txkB/s   rxcmp/s   txcmp/s  rxmcst/s   %ifutil
Average:         ens5     46.41     41.45      2.85     14.58      0.00      0.00      0.00      0.00
