Linux 7.0.0-1010-aws (ip-172-31-20-134) 	08/11/26 	_x86_64_	(2 CPU)

17:05:33        CPU     %user     %nice   %system   %iowait    %steal     %idle
17:05:34        all      2.02      0.00      1.01      0.00      0.00     96.97
17:05:35        all      0.50      0.00      0.00      0.00      0.00     99.50
17:05:36        all      0.00      0.00      0.00      0.00      0.00    100.00
17:05:37        all      0.00      0.00      0.00      0.00      0.00    100.00
17:05:38        all      0.50      0.00      0.00      0.00      0.00     99.50
17:05:39        all      0.00      0.00      0.00      0.00      0.00    100.00
17:05:40        all      0.50      0.00      0.50      0.00      0.00     99.00
17:05:41        all      1.49      0.00      0.99      0.00      0.00     97.52
17:05:42        all      0.00      0.00      0.00      0.00      0.50     99.50
17:05:43        all      5.00      0.00      1.50      0.00      0.00     93.50
17:05:44        all      0.00      0.00      0.00      0.00      0.00    100.00
17:05:45        all     12.76      0.00      1.53      0.00      0.00     85.71
17:05:46        all     70.05      0.00     10.66      0.00      0.00     19.29
17:05:47        all     84.34      0.00     12.12      0.00      0.00      3.54
17:05:48        all     25.13      0.00      2.51      0.00      0.00     72.36
17:05:49        all      0.51      0.00      0.00      0.00      0.00     99.49
17:05:50        all      0.50      0.00      1.00      0.00      0.00     98.51
17:05:51        all      0.00      0.00      0.00      0.00      0.00    100.00
17:05:52        all      0.50      0.00      0.00      0.00      0.00     99.50
17:05:53        all      0.00      0.00      0.50      0.00      0.00     99.50
17:05:54        all      0.50      0.00      0.00      0.50      0.50     98.50
17:05:55        all      0.00      0.00      0.00      0.00      0.00    100.00
17:05:56        all      0.50      0.00      0.50      0.00      0.00     99.00
17:05:57        all      0.00      0.00      0.50      0.00      0.00     99.50

Average:        all      8.48      0.00      1.38      0.02      0.04     90.08
