Linux 7.0.0-1008-aws (ip-172-31-20-134) 	08/07/26 	_x86_64_	(2 CPU)

17:17:37        CPU     %user     %nice   %system   %iowait    %steal     %idle
17:17:38        all      2.02      0.00      1.01      0.00      0.00     96.97
17:17:39        all      0.50      0.00      1.00      0.00      0.00     98.51
17:17:40        all      0.00      0.00      0.00      0.00      0.00    100.00
17:17:41        all      0.50      0.00      0.00      0.00      0.00     99.50
17:17:42        all      0.00      0.00      0.00      0.00      0.00    100.00
17:17:43        all      0.50      0.00      0.00      0.00      0.00     99.50
17:17:44        all      8.12      0.00      2.54      0.00      0.00     89.34
17:17:45        all      6.97      0.00      1.00      0.00      3.48     88.56
17:17:46        all      6.63      0.00      0.51      0.00      0.00     92.86
17:17:47        all      6.57      0.00      1.01      0.00      0.00     92.42
17:17:48        all      6.15      0.00      1.03      0.00      0.00     92.82
17:17:49        all      6.53      0.00      1.01      0.00      0.00     92.46
17:17:50        all      6.06      0.00      0.51      0.00      1.01     92.42
17:17:51        all      7.11      0.00      1.02      0.00      1.02     90.86
17:17:52        all      6.60      0.00      1.02      0.00      0.00     92.39
17:17:53        all      6.06      0.00      1.01      0.00      0.51     92.42
17:17:54        all      6.57      0.00      0.51      0.00      0.00     92.93
17:17:55        all      5.58      0.00      1.52      0.00      0.00     92.89
17:17:56        all      6.63      0.00      0.51      0.00      0.00     92.86
17:17:57        all      6.53      0.00      1.01      0.00      0.00     92.46
17:17:58        all      6.06      0.00      1.52      0.00      0.00     92.42
17:17:59        all     11.28      0.00      1.54      0.00      0.00     87.18
17:18:00        all      6.50      0.00      1.00      0.00      2.00     90.50
17:18:01        all      6.06      0.00      1.01      0.00      0.00     92.93
17:18:02        all      5.53      0.00      1.01      0.00      1.01     92.46
17:18:03        all      5.64      0.00      1.03      0.00      0.00     93.33
17:18:04        all      6.06      0.00      1.01      0.00      0.00     92.93
17:18:05        all      6.60      0.00      0.51      0.00      0.00     92.89
17:18:06        all      6.06      0.00      1.01      0.00      0.00     92.93
17:18:07        all      5.61      0.00      1.53      0.00      0.00     92.86
17:18:08        all      6.06      0.00      1.01      1.01      0.00     91.92
17:18:09        all      7.11      0.00      0.51      0.00      0.00     92.39
17:18:10        all      6.09      0.00      1.02      0.00      0.00     92.89
17:18:11        all      6.60      0.00      0.51      0.00      0.00     92.89
17:18:12        all      6.06      0.00      1.52      0.00      0.00     92.42
17:18:13        all      6.60      0.00      0.51      0.00      0.00     92.89
17:18:14        all     13.13      0.00      2.02      0.00      0.00     84.85
17:18:15        all      6.00      0.00      1.00      0.00      0.50     92.50
17:18:16        all      7.11      0.00      1.02      0.00      0.00     91.88
17:18:17        all      5.58      0.00      1.02      0.00      0.00     93.40
17:18:18        all      6.63      0.00      0.00      0.00      0.00     93.37
17:18:19        all      5.58      0.00      1.02      0.00      0.00     93.40
17:18:20        all      6.09      0.00      0.51      0.00      0.51     92.89
17:18:21        all      7.00      0.00      1.50      0.00      0.00     91.50
17:18:22        all      5.58      0.00      1.02      0.00      0.00     93.40
17:18:23        all      7.11      0.00      1.02      0.00      0.00     91.88
17:18:24        all      5.56      0.00      1.01      0.00      0.00     93.43
17:18:25        all      7.11      0.00      0.51      0.00      0.00     92.39
17:18:26        all      6.57      0.00      0.51      0.00      0.00     92.93
17:18:27        all      5.61      0.00      1.02      0.00      0.00     93.37
17:18:28        all      6.53      0.00      1.01      0.00      0.50     91.96
17:18:29        all     11.68      0.00      2.03      0.00      0.00     86.29
17:18:30        all      6.09      0.00      0.51      0.00      0.00     93.40
17:18:31        all      7.11      0.00      0.51      0.00      0.00     92.39
17:18:32        all      6.60      0.00      1.02      0.51      0.00     91.88
17:18:33        all      6.06      0.00      2.53      0.00      0.00     91.41
17:18:34        all      6.06      0.00      0.51      0.00      0.51     92.93
17:18:35        all      6.06      0.00      1.01      0.00      0.51     92.42
17:18:36        all      7.04      0.00      1.51      0.00      0.00     91.46
17:18:37        all      6.60      0.00      0.51      0.00      0.00     92.89
17:18:38        all      5.58      0.00      1.02      0.00      0.00     93.40
17:18:39        all      6.15      0.00      0.51      0.51      0.00     92.82
17:18:40        all      5.10      0.00      1.02      0.00      0.00     93.88
17:18:41        all      7.11      0.00      0.51      0.00      0.00     92.39
17:18:42        all      6.09      0.00      0.51      0.00      0.00     93.40
17:18:43        all      6.06      0.00      1.01      0.00      0.00     92.93
17:18:44        all     12.63      0.00      2.02      0.00      0.00     85.35
17:18:45        all      6.06      0.00      0.51      0.00      0.00     93.43
17:18:46        all      6.12      0.00      0.51      0.00      0.51     92.86
17:18:47        all      6.06      0.00      1.01      0.00      0.00     92.93
17:18:48        all      6.09      0.00      0.51      0.00      0.51     92.89
17:18:49        all      6.09      0.00      1.02      0.00      0.00     92.89
17:18:50        all      6.57      0.00      1.52      0.00      0.00     91.92
17:18:51        all      6.57      0.00      1.01      0.00      0.00     92.42
17:18:52        all      6.60      0.00      1.02      0.00      0.00     92.39
17:18:53        all      6.12      0.00      0.00      0.00      0.00     93.88
17:18:54        all      6.53      0.00      1.51      0.00      0.50     91.46
17:18:55        all      5.64      0.00      0.51      0.00      0.00     93.85
17:18:56        all      6.53      0.00      1.51      0.00      0.00     91.96
17:18:57        all      6.60      0.00      1.02      0.00      0.00     92.39
17:18:58        all      6.09      0.00      0.51      0.00      0.00     93.40
17:18:59        all     11.62      0.00      2.02      0.00      0.00     86.36
17:19:00        all      5.61      0.00      0.00      0.00      1.02     93.37
17:19:01        all      6.03      0.00      1.51      0.00      0.00     92.46
17:19:02        all      6.60      0.00      1.02      1.02      0.00     91.37
17:19:03        all      6.50      0.00      1.50      0.00      0.00     92.00
17:19:04        all      2.53      0.00      0.00      0.00      0.51     96.97
17:19:05        all      0.00      0.00      0.50      0.00      0.00     99.50
17:19:06        all      0.50      0.00      0.50      0.00      0.00     99.00

Average:        all      6.06      0.00      0.93      0.03      0.16     92.81
