Linux 7.0.0-1008-aws (ip-172-31-20-134) 	08/07/26 	_x86_64_	(2 CPU)

17:17:37        IFACE   rxpck/s   txpck/s    rxkB/s    txkB/s   rxcmp/s   txcmp/s  rxmcst/s   %ifutil
17:17:38         ens5     52.00     51.00      4.47      5.54      0.00      0.00      0.00      0.00

17:17:38        IFACE   rxpck/s   txpck/s    rxkB/s    txkB/s   rxcmp/s   txcmp/s  rxmcst/s   %ifutil
17:17:39         ens5     52.00     48.00      4.50      4.96      0.00      0.00      0.00      0.00

17:17:39        IFACE   rxpck/s   txpck/s    rxkB/s    txkB/s   rxcmp/s   txcmp/s  rxmcst/s   %ifutil
17:17:40         ens5     19.00     17.00      1.67      1.80      0.00      0.00      0.00      0.00

17:17:40        IFACE   rxpck/s   txpck/s    rxkB/s    txkB/s   rxcmp/s   txcmp/s  rxmcst/s   %ifutil
17:17:41         ens5      0.00      0.00      0.00      0.00      0.00      0.00      0.00      0.00

17:17:41        IFACE   rxpck/s   txpck/s    rxkB/s    txkB/s   rxcmp/s   txcmp/s  rxmcst/s   %ifutil
17:17:42         ens5      0.00      0.00      0.00      0.00      0.00      0.00      0.00      0.00

17:17:42        IFACE   rxpck/s   txpck/s    rxkB/s    txkB/s   rxcmp/s   txcmp/s  rxmcst/s   %ifutil
17:17:43         ens5      0.00      0.00      0.00      0.00      0.00      0.00      0.00      0.00

17:17:43        IFACE   rxpck/s   txpck/s    rxkB/s    txkB/s   rxcmp/s   txcmp/s  rxmcst/s   %ifutil
17:17:44         ens5    202.00    177.00    156.75     68.15      0.00      0.00      0.00      0.00

17:17:44        IFACE   rxpck/s   txpck/s    rxkB/s    txkB/s   rxcmp/s   txcmp/s  rxmcst/s   %ifutil
17:17:45         ens5    299.00    258.00    223.15    121.48      0.00      0.00      0.00      0.00

17:17:45        IFACE   rxpck/s   txpck/s    rxkB/s    txkB/s   rxcmp/s   txcmp/s  rxmcst/s   %ifutil
17:17:46         ens5    281.00    245.00    206.33    112.67      0.00      0.00      0.00      0.00

17:17:46        IFACE   rxpck/s   txpck/s    rxkB/s    txkB/s   rxcmp/s   txcmp/s  rxmcst/s   %ifutil
17:17:47         ens5    297.00    256.00    222.98    121.29      0.00      0.00      0.00      0.00

17:17:47        IFACE   rxpck/s   txpck/s    rxkB/s    txkB/s   rxcmp/s   txcmp/s  rxmcst/s   %ifutil
17:17:48         ens5    294.00    257.00    222.87    121.40      0.00      0.00      0.00      0.00

17:17:48        IFACE   rxpck/s   txpck/s    rxkB/s    txkB/s   rxcmp/s   txcmp/s  rxmcst/s   %ifutil
17:17:49         ens5    285.00    245.00    206.53    112.60      0.00      0.00      0.00      0.00

17:17:49        IFACE   rxpck/s   txpck/s    rxkB/s    txkB/s   rxcmp/s   txcmp/s  rxmcst/s   %ifutil
17:17:50         ens5    297.00    256.00    223.00    121.37      0.00      0.00      0.00      0.00

17:17:50        IFACE   rxpck/s   txpck/s    rxkB/s    txkB/s   rxcmp/s   txcmp/s  rxmcst/s   %ifutil
17:17:51         ens5    282.00    244.00    206.38    112.61      0.00      0.00      0.00      0.00

17:17:51        IFACE   rxpck/s   txpck/s    rxkB/s    txkB/s   rxcmp/s   txcmp/s  rxmcst/s   %ifutil
17:17:52         ens5    297.00    258.00    223.00    121.44      0.00      0.00      0.00      0.00

17:17:52        IFACE   rxpck/s   txpck/s    rxkB/s    txkB/s   rxcmp/s   txcmp/s  rxmcst/s   %ifutil
17:17:53         ens5    293.00    258.00    222.90    121.54      0.00      0.00      0.00      0.00

17:17:53        IFACE   rxpck/s   txpck/s    rxkB/s    txkB/s   rxcmp/s   txcmp/s  rxmcst/s   %ifutil
17:17:54         ens5    286.00    247.00    206.63    112.85      0.00      0.00      0.00      0.00

17:17:54        IFACE   rxpck/s   txpck/s    rxkB/s    txkB/s   rxcmp/s   txcmp/s  rxmcst/s   %ifutil
17:17:55         ens5    294.00    257.00    222.87    121.39      0.00      0.00      0.00      0.00

17:17:55        IFACE   rxpck/s   txpck/s    rxkB/s    txkB/s   rxcmp/s   txcmp/s  rxmcst/s   %ifutil
17:17:56         ens5    296.00    253.00    223.05    113.24      0.00      0.00      0.00      0.00

17:17:56        IFACE   rxpck/s   txpck/s    rxkB/s    txkB/s   rxcmp/s   txcmp/s  rxmcst/s   %ifutil
17:17:57         ens5    287.00    254.00    206.69    121.28      0.00      0.00      0.00      0.00

17:17:57        IFACE   rxpck/s   txpck/s    rxkB/s    txkB/s   rxcmp/s   txcmp/s  rxmcst/s   %ifutil
17:17:58         ens5    290.00    254.00    222.67    121.20      0.00      0.00      0.00      0.00

17:17:58        IFACE   rxpck/s   txpck/s    rxkB/s    txkB/s   rxcmp/s   txcmp/s  rxmcst/s   %ifutil
17:17:59         ens5    297.00    251.00    221.34    113.11      0.00      0.00      0.00      0.00

17:17:59        IFACE   rxpck/s   txpck/s    rxkB/s    txkB/s   rxcmp/s   txcmp/s  rxmcst/s   %ifutil
17:18:00         ens5    279.00    248.00    207.96    120.81      0.00      0.00      0.00      0.00

17:18:00        IFACE   rxpck/s   txpck/s    rxkB/s    txkB/s   rxcmp/s   txcmp/s  rxmcst/s   %ifutil
17:18:01         ens5    258.00    223.00    189.12    103.15      0.00      0.00      0.00      0.00

17:18:01        IFACE   rxpck/s   txpck/s    rxkB/s    txkB/s   rxcmp/s   txcmp/s  rxmcst/s   %ifutil
17:18:02         ens5    225.00    201.00    171.45     93.66      0.00      0.00      0.00      0.00

17:18:02        IFACE   rxpck/s   txpck/s    rxkB/s    txkB/s   rxcmp/s   txcmp/s  rxmcst/s   %ifutil
17:18:03         ens5    277.00    241.00    206.09    112.38      0.00      0.00      0.00      0.00

17:18:03        IFACE   rxpck/s   txpck/s    rxkB/s    txkB/s   rxcmp/s   txcmp/s  rxmcst/s   %ifutil
17:18:04         ens5    287.00    246.00    206.68    112.71      0.00      0.00      0.00      0.00

17:18:04        IFACE   rxpck/s   txpck/s    rxkB/s    txkB/s   rxcmp/s   txcmp/s  rxmcst/s   %ifutil
17:18:05         ens5    290.00    256.00    222.68    121.40      0.00      0.00      0.00      0.00

17:18:05        IFACE   rxpck/s   txpck/s    rxkB/s    txkB/s   rxcmp/s   txcmp/s  rxmcst/s   %ifutil
17:18:06         ens5    288.00    249.00    206.76    113.00      0.00      0.00      0.00      0.00

17:18:06        IFACE   rxpck/s   txpck/s    rxkB/s    txkB/s   rxcmp/s   txcmp/s  rxmcst/s   %ifutil
17:18:07         ens5    296.00    257.00    222.97    121.40      0.00      0.00      0.00      0.00

17:18:07        IFACE   rxpck/s   txpck/s    rxkB/s    txkB/s   rxcmp/s   txcmp/s  rxmcst/s   %ifutil
17:18:08         ens5    290.00    246.00    220.97    112.78      0.00      0.00      0.00      0.00

17:18:08        IFACE   rxpck/s   txpck/s    rxkB/s    txkB/s   rxcmp/s   txcmp/s  rxmcst/s   %ifutil
17:18:09         ens5    289.00    254.00    208.56    121.28      0.00      0.00      0.00      0.00

17:18:09        IFACE   rxpck/s   txpck/s    rxkB/s    txkB/s   rxcmp/s   txcmp/s  rxmcst/s   %ifutil
17:18:10         ens5    297.00    256.00    223.03    121.33      0.00      0.00      0.00      0.00

17:18:10        IFACE   rxpck/s   txpck/s    rxkB/s    txkB/s   rxcmp/s   txcmp/s  rxmcst/s   %ifutil
17:18:11         ens5    294.00    252.00    222.95    113.16      0.00      0.00      0.00      0.00

17:18:11        IFACE   rxpck/s   txpck/s    rxkB/s    txkB/s   rxcmp/s   txcmp/s  rxmcst/s   %ifutil
17:18:12         ens5    286.00    253.00    206.63    121.22      0.00      0.00      0.00      0.00

17:18:12        IFACE   rxpck/s   txpck/s    rxkB/s    txkB/s   rxcmp/s   txcmp/s  rxmcst/s   %ifutil
17:18:13         ens5    295.00    259.00    222.92    121.52      0.00      0.00      0.00      0.00

17:18:13        IFACE   rxpck/s   txpck/s    rxkB/s    txkB/s   rxcmp/s   txcmp/s  rxmcst/s   %ifutil
17:18:14         ens5    294.00    252.00    222.96    113.18      0.00      0.00      0.00      0.00

17:18:14        IFACE   rxpck/s   txpck/s    rxkB/s    txkB/s   rxcmp/s   txcmp/s  rxmcst/s   %ifutil
17:18:15         ens5    283.00    250.00    206.40    120.95      0.00      0.00      0.00      0.00

17:18:15        IFACE   rxpck/s   txpck/s    rxkB/s    txkB/s   rxcmp/s   txcmp/s  rxmcst/s   %ifutil
17:18:16         ens5    294.00    260.00    222.94    121.66      0.00      0.00      0.00      0.00

17:18:16        IFACE   rxpck/s   txpck/s    rxkB/s    txkB/s   rxcmp/s   txcmp/s  rxmcst/s   %ifutil
17:18:17         ens5    286.00    247.00    206.64    112.85      0.00      0.00      0.00      0.00

17:18:17        IFACE   rxpck/s   txpck/s    rxkB/s    txkB/s   rxcmp/s   txcmp/s  rxmcst/s   %ifutil
17:18:18         ens5    294.00    257.00    222.86    121.39      0.00      0.00      0.00      0.00

17:18:18        IFACE   rxpck/s   txpck/s    rxkB/s    txkB/s   rxcmp/s   txcmp/s  rxmcst/s   %ifutil
17:18:19         ens5    292.00    252.00    221.08    113.17      0.00      0.00      0.00      0.00

17:18:19        IFACE   rxpck/s   txpck/s    rxkB/s    txkB/s   rxcmp/s   txcmp/s  rxmcst/s   %ifutil
17:18:20         ens5    288.00    255.00    208.50    121.28      0.00      0.00      0.00      0.00

17:18:20        IFACE   rxpck/s   txpck/s    rxkB/s    txkB/s   rxcmp/s   txcmp/s  rxmcst/s   %ifutil
17:18:21         ens5    295.00    256.00    222.93    121.40      0.00      0.00      0.00      0.00

17:18:21        IFACE   rxpck/s   txpck/s    rxkB/s    txkB/s   rxcmp/s   txcmp/s  rxmcst/s   %ifutil
17:18:22         ens5    293.00    249.00    221.15    113.00      0.00      0.00      0.00      0.00

17:18:22        IFACE   rxpck/s   txpck/s    rxkB/s    txkB/s   rxcmp/s   txcmp/s  rxmcst/s   %ifutil
17:18:23         ens5    288.00    252.00    208.50    121.09      0.00      0.00      0.00      0.00

17:18:23        IFACE   rxpck/s   txpck/s    rxkB/s    txkB/s   rxcmp/s   txcmp/s  rxmcst/s   %ifutil
17:18:24         ens5    298.00    262.00    223.09    121.79      0.00      0.00      0.00      0.00

17:18:24        IFACE   rxpck/s   txpck/s    rxkB/s    txkB/s   rxcmp/s   txcmp/s  rxmcst/s   %ifutil
17:18:25         ens5    292.00    260.00    222.85    121.67      0.00      0.00      0.00      0.00

17:18:25        IFACE   rxpck/s   txpck/s    rxkB/s    txkB/s   rxcmp/s   txcmp/s  rxmcst/s   %ifutil
17:18:26         ens5    288.00    248.00    206.74    112.92      0.00      0.00      0.00      0.00

17:18:26        IFACE   rxpck/s   txpck/s    rxkB/s    txkB/s   rxcmp/s   txcmp/s  rxmcst/s   %ifutil
17:18:27         ens5    298.00    262.00    223.15    121.73      0.00      0.00      0.00      0.00

17:18:27        IFACE   rxpck/s   txpck/s    rxkB/s    txkB/s   rxcmp/s   txcmp/s  rxmcst/s   %ifutil
17:18:28         ens5    295.00    259.00    222.92    121.59      0.00      0.00      0.00      0.00

17:18:28        IFACE   rxpck/s   txpck/s    rxkB/s    txkB/s   rxcmp/s   txcmp/s  rxmcst/s   %ifutil
17:18:29         ens5    292.00    252.00    221.08    113.17      0.00      0.00      0.00      0.00

17:18:29        IFACE   rxpck/s   txpck/s    rxkB/s    txkB/s   rxcmp/s   txcmp/s  rxmcst/s   %ifutil
17:18:30         ens5    287.00    255.00    208.45    121.28      0.00      0.00      0.00      0.00

17:18:30        IFACE   rxpck/s   txpck/s    rxkB/s    txkB/s   rxcmp/s   txcmp/s  rxmcst/s   %ifutil
17:18:31         ens5    291.00    252.00    222.72    121.14      0.00      0.00      0.00      0.00

17:18:31        IFACE   rxpck/s   txpck/s    rxkB/s    txkB/s   rxcmp/s   txcmp/s  rxmcst/s   %ifutil
17:18:32         ens5    298.00    251.00    221.38    113.11      0.00      0.00      0.00      0.00

17:18:32        IFACE   rxpck/s   txpck/s    rxkB/s    txkB/s   rxcmp/s   txcmp/s  rxmcst/s   %ifutil
17:18:33         ens5    285.00    251.00    208.28    121.01      0.00      0.00      0.00      0.00

17:18:33        IFACE   rxpck/s   txpck/s    rxkB/s    txkB/s   rxcmp/s   txcmp/s  rxmcst/s   %ifutil
17:18:34         ens5    291.00    251.00    221.02    113.10      0.00      0.00      0.00      0.00

17:18:34        IFACE   rxpck/s   txpck/s    rxkB/s    txkB/s   rxcmp/s   txcmp/s  rxmcst/s   %ifutil
17:18:35         ens5    288.00    254.00    208.51    121.22      0.00      0.00      0.00      0.00

17:18:35        IFACE   rxpck/s   txpck/s    rxkB/s    txkB/s   rxcmp/s   txcmp/s  rxmcst/s   %ifutil
17:18:36         ens5    298.00    260.00    223.09    121.67      0.00      0.00      0.00      0.00

17:18:36        IFACE   rxpck/s   txpck/s    rxkB/s    txkB/s   rxcmp/s   txcmp/s  rxmcst/s   %ifutil
17:18:37         ens5    292.00    255.00    222.85    121.34      0.00      0.00      0.00      0.00

17:18:37        IFACE   rxpck/s   txpck/s    rxkB/s    txkB/s   rxcmp/s   txcmp/s  rxmcst/s   %ifutil
17:18:38         ens5    287.00    248.00    206.68    112.92      0.00      0.00      0.00      0.00

17:18:38        IFACE   rxpck/s   txpck/s    rxkB/s    txkB/s   rxcmp/s   txcmp/s  rxmcst/s   %ifutil
17:18:39         ens5    298.00    257.00    223.10    121.42      0.00      0.00      0.00      0.00

17:18:39        IFACE   rxpck/s   txpck/s    rxkB/s    txkB/s   rxcmp/s   txcmp/s  rxmcst/s   %ifutil
17:18:40         ens5    291.00    251.00    221.02    113.10      0.00      0.00      0.00      0.00

17:18:40        IFACE   rxpck/s   txpck/s    rxkB/s    txkB/s   rxcmp/s   txcmp/s  rxmcst/s   %ifutil
17:18:41         ens5    288.00    253.00    208.43    121.14      0.00      0.00      0.00      0.00

17:18:41        IFACE   rxpck/s   txpck/s    rxkB/s    txkB/s   rxcmp/s   txcmp/s  rxmcst/s   %ifutil
17:18:42         ens5    294.00    255.00    222.95    113.36      0.00      0.00      0.00      0.00

17:18:42        IFACE   rxpck/s   txpck/s    rxkB/s    txkB/s   rxcmp/s   txcmp/s  rxmcst/s   %ifutil
17:18:43         ens5    286.00    251.00    206.63    121.02      0.00      0.00      0.00      0.00

17:18:43        IFACE   rxpck/s   txpck/s    rxkB/s    txkB/s   rxcmp/s   txcmp/s  rxmcst/s   %ifutil
17:18:44         ens5    290.00    255.00    222.67    121.33      0.00      0.00      0.00      0.00

17:18:44        IFACE   rxpck/s   txpck/s    rxkB/s    txkB/s   rxcmp/s   txcmp/s  rxmcst/s   %ifutil
17:18:45         ens5    298.00    252.00    221.39    113.18      0.00      0.00      0.00      0.00

17:18:45        IFACE   rxpck/s   txpck/s    rxkB/s    txkB/s   rxcmp/s   txcmp/s  rxmcst/s   %ifutil
17:18:46         ens5    283.00    251.00    208.16    121.00      0.00      0.00      0.00      0.00

17:18:46        IFACE   rxpck/s   txpck/s    rxkB/s    txkB/s   rxcmp/s   txcmp/s  rxmcst/s   %ifutil
17:18:47         ens5    292.00    252.00    221.08    113.17      0.00      0.00      0.00      0.00

17:18:47        IFACE   rxpck/s   txpck/s    rxkB/s    txkB/s   rxcmp/s   txcmp/s  rxmcst/s   %ifutil
17:18:48         ens5    286.00    253.00    208.33    121.14      0.00      0.00      0.00      0.00

17:18:48        IFACE   rxpck/s   txpck/s    rxkB/s    txkB/s   rxcmp/s   txcmp/s  rxmcst/s   %ifutil
17:18:49         ens5    292.00    255.00    222.85    121.34      0.00      0.00      0.00      0.00

17:18:49        IFACE   rxpck/s   txpck/s    rxkB/s    txkB/s   rxcmp/s   txcmp/s  rxmcst/s   %ifutil
17:18:50         ens5    299.00    254.00    221.42    113.28      0.00      0.00      0.00      0.00

17:18:50        IFACE   rxpck/s   txpck/s    rxkB/s    txkB/s   rxcmp/s   txcmp/s  rxmcst/s   %ifutil
17:18:51         ens5    285.00    251.00    208.28    121.01      0.00      0.00      0.00      0.00

17:18:51        IFACE   rxpck/s   txpck/s    rxkB/s    txkB/s   rxcmp/s   txcmp/s  rxmcst/s   %ifutil
17:18:52         ens5    295.00    259.00    223.00    121.60      0.00      0.00      0.00      0.00

17:18:52        IFACE   rxpck/s   txpck/s    rxkB/s    txkB/s   rxcmp/s   txcmp/s  rxmcst/s   %ifutil
17:18:53         ens5    285.00    243.00    206.58    112.52      0.00      0.00      0.00      0.00

17:18:53        IFACE   rxpck/s   txpck/s    rxkB/s    txkB/s   rxcmp/s   txcmp/s  rxmcst/s   %ifutil
17:18:54         ens5    295.00    254.00    222.92    121.27      0.00      0.00      0.00      0.00

17:18:54        IFACE   rxpck/s   txpck/s    rxkB/s    txkB/s   rxcmp/s   txcmp/s  rxmcst/s   %ifutil
17:18:55         ens5    293.00    250.00    221.15    113.07      0.00      0.00      0.00      0.00

17:18:55        IFACE   rxpck/s   txpck/s    rxkB/s    txkB/s   rxcmp/s   txcmp/s  rxmcst/s   %ifutil
17:18:56         ens5    286.00    251.00    208.33    121.01      0.00      0.00      0.00      0.00

17:18:56        IFACE   rxpck/s   txpck/s    rxkB/s    txkB/s   rxcmp/s   txcmp/s  rxmcst/s   %ifutil
17:18:57         ens5    292.00    247.00    221.07    112.85      0.00      0.00      0.00      0.00

17:18:57        IFACE   rxpck/s   txpck/s    rxkB/s    txkB/s   rxcmp/s   txcmp/s  rxmcst/s   %ifutil
17:18:58         ens5    288.00    254.00    208.50    121.21      0.00      0.00      0.00      0.00

17:18:58        IFACE   rxpck/s   txpck/s    rxkB/s    txkB/s   rxcmp/s   txcmp/s  rxmcst/s   %ifutil
17:18:59         ens5    295.00    256.00    222.92    121.40      0.00      0.00      0.00      0.00

17:18:59        IFACE   rxpck/s   txpck/s    rxkB/s    txkB/s   rxcmp/s   txcmp/s  rxmcst/s   %ifutil
17:19:00         ens5    276.00    240.00    206.04    112.31      0.00      0.00      0.00      0.00

17:19:00        IFACE   rxpck/s   txpck/s    rxkB/s    txkB/s   rxcmp/s   txcmp/s  rxmcst/s   %ifutil
17:19:01         ens5    258.00    226.00    189.21    103.43      0.00      0.00      0.00      0.00

17:19:01        IFACE   rxpck/s   txpck/s    rxkB/s    txkB/s   rxcmp/s   txcmp/s  rxmcst/s   %ifutil
17:19:02         ens5    274.00    236.00    209.49    105.82      0.00      0.00      0.00      0.00

17:19:02        IFACE   rxpck/s   txpck/s    rxkB/s    txkB/s   rxcmp/s   txcmp/s  rxmcst/s   %ifutil
17:19:03         ens5    288.00    252.00    207.70    121.08      0.00      0.00      0.00      0.00

17:19:03        IFACE   rxpck/s   txpck/s    rxkB/s    txkB/s   rxcmp/s   txcmp/s  rxmcst/s   %ifutil
17:19:04         ens5    113.00     99.00     85.67     46.72      0.00      0.00      0.00      0.00

17:19:04        IFACE   rxpck/s   txpck/s    rxkB/s    txkB/s   rxcmp/s   txcmp/s  rxmcst/s   %ifutil
17:19:05         ens5      0.00      0.00      0.00      0.00      0.00      0.00      0.00      0.00

17:19:05        IFACE   rxpck/s   txpck/s    rxkB/s    txkB/s   rxcmp/s   txcmp/s  rxmcst/s   %ifutil
17:19:06         ens5      0.00      0.00      0.00      0.00      0.00      0.00      0.00      0.00


Average:        IFACE   rxpck/s   txpck/s    rxkB/s    txkB/s   rxcmp/s   txcmp/s  rxmcst/s   %ifutil
Average:         ens5    261.33    227.35    193.73    105.50      0.00      0.00      0.00      0.00
