Linux 7.0.0-1010-aws (ip-172-31-31-224) 	08/11/26 	_x86_64_	(2 CPU)

07:00:17        CPU     %user     %nice   %system   %iowait    %steal     %idle
07:00:18        all     51.01      0.00      5.05      0.00      1.52     42.42
07:00:19        all     48.26      0.00      4.48      0.00      1.99     45.27
07:00:20        all     48.22      0.00      3.05      0.00      2.03     46.70
07:00:21        all     48.50      0.00      4.00      0.00      1.00     46.50
07:00:22        all     48.00      0.00      3.50      0.00      2.00     46.50
07:00:23        all     48.99      0.00      3.03      0.00      1.52     46.46
07:00:24        all     49.00      0.00      3.50      0.00      2.50     45.00
07:00:25        all     44.72      0.00      5.03      0.00      2.51     47.74
07:00:26        all     19.90      0.00      3.48      0.00      0.50     76.12
07:00:27        all      0.00      0.00      0.00      0.00      0.00    100.00
07:00:28        all      4.98      0.00      2.49      0.00      0.00     92.54
07:00:29        all      0.51      0.00      0.00      0.00      0.00     99.49
07:00:30        all      1.00      0.00      0.00      0.00      1.00     98.01
07:00:31        all      0.00      0.00      0.50      0.00      0.00     99.50
07:00:32        all      0.00      0.00      0.50      0.00      0.00     99.50
07:00:33        all      0.00      0.00      0.00      0.00      0.50     99.50
07:00:34        all      1.00      0.00      0.00      0.00      0.50     98.51
07:00:35        all      1.02      0.00      1.02      0.00      1.02     96.95
07:00:36        all      3.52      0.00      3.02      0.00      1.01     92.46
07:00:37        all      1.49      0.00      1.99      0.00      2.99     93.53
07:00:38        all      0.00      0.00      0.50      0.00      0.00     99.50
07:00:39        all      0.50      0.00      0.00      0.00      0.50     98.99
07:00:40        all      0.50      0.00      0.00      0.00      1.00     98.50
07:00:41        all      0.00      0.00      0.00      0.00      0.00    100.00
07:00:42        all      0.50      0.00      0.50      0.00      0.00     98.99
07:00:43        all      4.48      0.00      1.00      0.50      0.50     93.53
07:00:44        all      1.01      0.00      0.00      0.00      0.51     98.48
07:00:45        all      0.00      0.00      0.50      0.00      0.50     99.00


Average:        all     15.24      0.00      1.68      0.02      0.91     82.14
