Linux 7.0.0-1010-aws (ip-172-31-31-224) 	08/11/26 	_x86_64_	(2 CPU)

07:00:17    kbmemfree   kbavail kbmemused  %memused kbbuffers  kbcached  kbcommit   %commit  kbactive   kbinact   kbdirty
07:00:18       592312   1217860    513048     26.30     17116    750272   1605816     82.31    464516    713136       852
07:00:19       528304   1153852    577056     29.58     17116    750272   1672848     85.75    532960    713136       852
07:00:20       447664   1073212    657696     33.71     17116    750272   1747544     89.58    608228    713136       852
07:00:21       367276    992828    738080     37.83     17116    750276   1839536     94.29    696556    713140       856
07:00:22       294952    920504    810404     41.54     17116    750276   1906660     97.73    763608    713140       856
07:00:23       222376    847928    882980     45.26     17116    750276   1969068    100.93    829576    713140       856
07:00:24       133924    759476    971432     49.79     17116    750276   2065432    105.87    923492    713140       856
07:00:25       111056    688160   1042752     53.45     15844    703104   2161320    110.79    323880   1361264       856
07:00:26       152112    644728   1086184     55.68     14368    620092   2207080    113.13    375328   1271200       856
07:00:27       152112    644728   1086184     55.68     14368    620092   2207080    113.13    375328   1271200       856
07:00:28       151920    644536   1086376     55.69     14368    620092   2207080    113.13    374512   1271200       856
07:00:29       151640    644276   1086632     55.70     14368    620116   2207080    113.13    375340   1271220       688
07:00:30       151640    644276   1086632     55.70     14368    620116   2207080    113.13    375340   1271220       688
07:00:31       151640    644276   1086632     55.70     14368    620116   2207080    113.13    375340   1271220       688
07:00:32       151640    644276   1086632     55.70     14368    620116   2207080    113.13    375340   1271220       688
07:00:33       151640    644276   1086632     55.70     14368    620116   2207080    113.13    375340   1271220       688
07:00:34       151640    644276   1086632     55.70     14368    620116   2207080    113.13    375340   1271220       688
07:00:35       151640    644276   1086632     55.70     14368    620116   2207080    113.13    375340   1271220       688
07:00:36       151640    644280   1086628     55.70     14368    620120   2207080    113.13    375956   1271224       692
07:00:37       151448    644088   1086820     55.71     14368    620120   2207080    113.13    375956   1271224       692
07:00:38       151400    644044   1086864     55.71     14368    620124   2207080    113.13    375988   1271228       692
07:00:39       151400    644048   1086864     55.71     14368    620124   2207080    113.13    376004   1271232        60
07:00:40       151400    644052   1086860     55.71     14368    620128   2207080    113.13    376004   1271236        16
07:00:41       151400    644052   1086860     55.71     14368    620128   2207080    113.13    376004   1271236        16
07:00:42       151400    644052   1086860     55.71     14368    620128   2207080    113.13    376004   1271236        16
07:00:43       151148    643800   1087112     55.72     14368    620128   2207080    113.13    375164   1271236        16
07:00:44       151148    643800   1087100     55.72     14368    620140   2207080    113.13    375792   1271236        32
07:00:45       151148    643800   1087100     55.72     14368    620140   2207080    113.13    375792   1271236        32


Average:       204608    733491    997417     51.13     15108    655621   2111065    108.21    451930   1134918       589
