Linux 7.0.0-1010-aws (ip-172-31-31-224) 	08/11/26 	_x86_64_	(2 CPU)

07:00:17        IFACE   rxpck/s   txpck/s    rxkB/s    txkB/s   rxcmp/s   txcmp/s  rxmcst/s   %ifutil
07:00:18         ens5     51.00     52.00      4.31      6.46      0.00      0.00      0.00      0.00

07:00:18        IFACE   rxpck/s   txpck/s    rxkB/s    txkB/s   rxcmp/s   txcmp/s  rxmcst/s   %ifutil
07:00:19         ens5     30.00     27.00      2.45      3.47      0.00      0.00      0.00      0.00

07:00:19        IFACE   rxpck/s   txpck/s    rxkB/s    txkB/s   rxcmp/s   txcmp/s  rxmcst/s   %ifutil
07:00:20         ens5      5.00      7.00      0.25      1.49      0.00      0.00      0.00      0.00

07:00:20        IFACE   rxpck/s   txpck/s    rxkB/s    txkB/s   rxcmp/s   txcmp/s  rxmcst/s   %ifutil
07:00:21         ens5      9.00      7.00      0.49      1.31      0.00      0.00      0.00      0.00

07:00:21        IFACE   rxpck/s   txpck/s    rxkB/s    txkB/s   rxcmp/s   txcmp/s  rxmcst/s   %ifutil
07:00:22         ens5      5.00      6.00      0.25      1.33      0.00      0.00      0.00      0.00

07:00:22        IFACE   rxpck/s   txpck/s    rxkB/s    txkB/s   rxcmp/s   txcmp/s  rxmcst/s   %ifutil
07:00:23         ens5     10.00      9.00      0.51      1.87      0.00      0.00      0.00      0.00

07:00:23        IFACE   rxpck/s   txpck/s    rxkB/s    txkB/s   rxcmp/s   txcmp/s  rxmcst/s   %ifutil
07:00:24         ens5      7.00      7.00      0.52      1.52      0.00      0.00      0.00      0.00

07:00:24        IFACE   rxpck/s   txpck/s    rxkB/s    txkB/s   rxcmp/s   txcmp/s  rxmcst/s   %ifutil
07:00:25         ens5      4.00      4.00      0.20      0.88      0.00      0.00      0.00      0.00

07:00:25        IFACE   rxpck/s   txpck/s    rxkB/s    txkB/s   rxcmp/s   txcmp/s  rxmcst/s   %ifutil
07:00:26         ens5      3.00      3.00      0.15      0.61      0.00      0.00      0.00      0.00

07:00:26        IFACE   rxpck/s   txpck/s    rxkB/s    txkB/s   rxcmp/s   txcmp/s  rxmcst/s   %ifutil
07:00:27         ens5      0.00      0.00      0.00      0.00      0.00      0.00      0.00      0.00

07:00:27        IFACE   rxpck/s   txpck/s    rxkB/s    txkB/s   rxcmp/s   txcmp/s  rxmcst/s   %ifutil
07:00:28         ens5      0.00      0.00      0.00      0.00      0.00      0.00      0.00      0.00

07:00:28        IFACE   rxpck/s   txpck/s    rxkB/s    txkB/s   rxcmp/s   txcmp/s  rxmcst/s   %ifutil
07:00:29         ens5      0.00      0.00      0.00      0.00      0.00      0.00      0.00      0.00

07:00:29        IFACE   rxpck/s   txpck/s    rxkB/s    txkB/s   rxcmp/s   txcmp/s  rxmcst/s   %ifutil
07:00:30         ens5     18.00     16.00      1.11      9.13      0.00      0.00      0.00      0.00

07:00:30        IFACE   rxpck/s   txpck/s    rxkB/s    txkB/s   rxcmp/s   txcmp/s  rxmcst/s   %ifutil
07:00:31         ens5      0.00      0.00      0.00      0.00      0.00      0.00      0.00      0.00

07:00:31        IFACE   rxpck/s   txpck/s    rxkB/s    txkB/s   rxcmp/s   txcmp/s  rxmcst/s   %ifutil
07:00:32         ens5      1.00      1.00      0.07      0.09      0.00      0.00      0.00      0.00

07:00:32        IFACE   rxpck/s   txpck/s    rxkB/s    txkB/s   rxcmp/s   txcmp/s  rxmcst/s   %ifutil
07:00:33         ens5      0.00      0.00      0.00      0.00      0.00      0.00      0.00      0.00

07:00:33        IFACE   rxpck/s   txpck/s    rxkB/s    txkB/s   rxcmp/s   txcmp/s  rxmcst/s   %ifutil
07:00:34         ens5      2.00      3.00      0.14      1.14      0.00      0.00      0.00      0.00

07:00:34        IFACE   rxpck/s   txpck/s    rxkB/s    txkB/s   rxcmp/s   txcmp/s  rxmcst/s   %ifutil
07:00:35         ens5    294.00    286.00     18.70    118.17      0.00      0.00      0.00      0.00

07:00:35        IFACE   rxpck/s   txpck/s    rxkB/s    txkB/s   rxcmp/s   txcmp/s  rxmcst/s   %ifutil
07:00:36         ens5    753.00    743.00     48.37    315.26      0.00      0.00      0.00      0.00

07:00:36        IFACE   rxpck/s   txpck/s    rxkB/s    txkB/s   rxcmp/s   txcmp/s  rxmcst/s   %ifutil
07:00:37         ens5    387.00    373.00     24.69    156.70      0.00      0.00      0.00      0.00

07:00:37        IFACE   rxpck/s   txpck/s    rxkB/s    txkB/s   rxcmp/s   txcmp/s  rxmcst/s   %ifutil
07:00:38         ens5      0.00      0.00      0.00      0.00      0.00      0.00      0.00      0.00

07:00:38        IFACE   rxpck/s   txpck/s    rxkB/s    txkB/s   rxcmp/s   txcmp/s  rxmcst/s   %ifutil
07:00:39         ens5      0.00      0.00      0.00      0.00      0.00      0.00      0.00      0.00

07:00:39        IFACE   rxpck/s   txpck/s    rxkB/s    txkB/s   rxcmp/s   txcmp/s  rxmcst/s   %ifutil
07:00:40         ens5      0.00      0.00      0.00      0.00      0.00      0.00      0.00      0.00

07:00:40        IFACE   rxpck/s   txpck/s    rxkB/s    txkB/s   rxcmp/s   txcmp/s  rxmcst/s   %ifutil
07:00:41         ens5      0.00      0.00      0.00      0.00      0.00      0.00      0.00      0.00

07:00:41        IFACE   rxpck/s   txpck/s    rxkB/s    txkB/s   rxcmp/s   txcmp/s  rxmcst/s   %ifutil
07:00:42         ens5      0.00      0.00      0.00      0.00      0.00      0.00      0.00      0.00

07:00:42        IFACE   rxpck/s   txpck/s    rxkB/s    txkB/s   rxcmp/s   txcmp/s  rxmcst/s   %ifutil
07:00:43         ens5      0.00      0.00      0.00      0.00      0.00      0.00      0.00      0.00

07:00:43        IFACE   rxpck/s   txpck/s    rxkB/s    txkB/s   rxcmp/s   txcmp/s  rxmcst/s   %ifutil
07:00:44         ens5      0.00      0.00      0.00      0.00      0.00      0.00      0.00      0.00

07:00:44        IFACE   rxpck/s   txpck/s    rxkB/s    txkB/s   rxcmp/s   txcmp/s  rxmcst/s   %ifutil
07:00:45         ens5      0.00      0.00      0.00      0.00      0.00      0.00      0.00      0.00



Average:        IFACE   rxpck/s   txpck/s    rxkB/s    txkB/s   rxcmp/s   txcmp/s  rxmcst/s   %ifutil
Average:         ens5     56.39     55.14      3.65     22.12      0.00      0.00      0.00      0.00
