Linux 7.0.0-1010-aws (ip-172-31-20-134) 	08/11/26 	_x86_64_	(2 CPU)

19:10:43        CPU     %user     %nice   %system   %iowait    %steal     %idle
19:10:44        all      2.03      0.00      0.51      0.00      0.00     97.46
19:10:45        all      0.00      0.00      0.00      0.00      0.00    100.00
19:10:46        all      1.00      0.00      0.00      0.00      0.00     99.00
19:10:47        all      0.00      0.00      0.50      0.00      0.00     99.50
19:10:48        all      0.00      0.00      0.50      0.00      0.00     99.50
19:10:49        all      0.00      0.00      0.00      0.00      0.00    100.00
19:10:50        all      0.00      0.00      0.00      0.00      0.50     99.50
19:10:51        all      0.50      0.00      0.50      0.00      0.00     98.99
19:10:52        all      0.00      0.00      0.00      0.00      0.00    100.00
19:10:53        all      0.50      0.00      0.50      0.00      0.00     99.00
19:10:54        all      2.03      0.00      0.51      0.51      0.00     96.95
19:10:55        all      4.57      0.00      2.03      0.00      0.51     92.89
19:10:56        all      7.14      0.00      2.55      0.00      0.00     90.31
19:10:57        all      1.52      0.00      0.51      0.00      0.00     97.98
19:10:58        all      4.55      0.00      1.52      0.00      0.00     93.94
19:10:59        all      0.00      0.00      0.00      0.00      0.00    100.00
19:11:00        all      0.50      0.00      0.50      0.00      1.00     98.01
19:11:01        all      0.49      0.00      0.49      0.00      1.48     97.54

Average:        all      1.37      0.00      0.59      0.03      0.20     97.82
