Linux 7.0.0-1008-aws (ip-172-31-20-134) 	08/07/26 	_x86_64_	(2 CPU)

17:41:20        CPU     %user     %nice   %system   %iowait    %steal     %idle
17:41:21        all      1.52      0.00      1.52      0.00      0.00     96.97
17:41:22        all      0.50      0.00      0.50      0.00      0.00     99.00
17:41:23        all      0.00      0.00      0.50      0.00      0.00     99.50
17:41:24        all      0.00      0.00      0.00      0.00      0.00    100.00
17:41:25        all      0.00      0.00      0.00      0.00      0.00    100.00
17:41:26        all      0.50      0.00      0.50      0.00      0.50     98.51
17:41:27        all     10.61      0.00      1.52      0.00      0.00     87.88
17:41:28        all     10.20      0.00      1.02      0.00      0.00     88.78
17:41:29        all     16.41      0.00      2.05      0.00      0.51     81.03
17:41:30        all     11.11      0.00      1.52      0.00      0.00     87.37
17:41:31        all     11.17      0.00      1.52      0.00      0.00     87.31
17:41:32        all     11.11      0.00      1.52      0.00      0.51     86.87
17:41:33        all     11.06      0.00      1.51      0.50      0.00     86.93
17:41:34        all     11.28      0.00      0.51      0.00      0.00     88.21
17:41:35        all     11.06      0.00      1.51      0.00      0.50     86.93
17:41:36        all     10.66      0.00      1.02      0.00      0.00     88.32
17:41:37        all     10.15      0.00      2.54      0.00      0.00     87.31
17:41:38        all     10.26      0.00      0.51      0.00      0.00     89.23
17:41:39        all     11.00      0.00      2.00      0.00      0.00     87.00
17:41:40        all     10.61      0.00      1.52      0.00      0.00     87.88
17:41:41        all     11.28      0.00      0.51      0.00      0.00     88.21
17:41:42        all     10.20      0.00      1.02      0.00      0.00     88.78
17:41:43        all     11.06      0.00      2.01      0.00      0.00     86.93
17:41:44        all     15.98      0.00      1.55      0.00      0.00     82.47
17:41:45        all     10.61      0.00      1.52      0.00      0.00     87.88
17:41:46        all     11.22      0.00      0.51      0.00      0.00     88.27
17:41:47        all     10.55      0.00      1.51      0.00      0.50     87.44
17:41:48        all     10.61      0.00      2.02      0.00      0.00     87.37
17:41:49        all     10.61      0.00      1.01      0.00      0.00     88.38
17:41:50        all     10.71      0.00      1.02      0.00      0.00     88.27
17:41:51        all     11.06      0.00      2.51      1.51      0.00     84.92
17:41:52        all     11.06      0.00      1.51      0.00      0.50     86.93
17:41:53        all     10.26      0.00      0.51      0.00      0.00     89.23
17:41:54        all     10.66      0.00      1.52      0.00      0.00     87.82
17:41:55        all     10.20      0.00      1.02      0.00      0.00     88.78
17:41:56        all     11.11      0.00      1.52      0.00      0.00     87.37
17:41:57        all     10.77      0.00      0.51      0.00      0.00     88.72
17:41:58        all     10.10      0.00      1.52      0.00      0.00     88.38
17:41:59        all     16.24      0.00      2.54      0.00      0.51     80.71
17:42:00        all     10.61      0.00      1.01      0.00      0.51     87.88
17:42:01        all     11.17      0.00      1.02      0.00      0.00     87.82
17:42:02        all      5.00      0.00      1.00      0.00      0.50     93.50
17:42:03        all      5.61      0.00      0.00      0.00      0.00     94.39
17:42:04        all     10.26      0.00      1.03      0.00      0.00     88.72
17:42:05        all     10.71      0.00      0.51      0.00      0.00     88.78
17:42:06        all     10.00      0.00      1.50      0.00      0.00     88.50
17:42:07        all      0.50      0.00      0.50      0.00      0.00     99.00

Average:        all      9.29      0.00      1.19      0.04      0.10     89.39
