Linux 7.0.0-1008-aws (ip-172-31-20-134) 	08/07/26 	_x86_64_	(2 CPU)

17:41:20        IFACE   rxpck/s   txpck/s    rxkB/s    txkB/s   rxcmp/s   txcmp/s  rxmcst/s   %ifutil
17:41:21         ens5     53.00     57.00      4.45      5.89      0.00      0.00      0.00      0.00

17:41:21        IFACE   rxpck/s   txpck/s    rxkB/s    txkB/s   rxcmp/s   txcmp/s  rxmcst/s   %ifutil
17:41:22         ens5     52.00     52.00      4.41      5.12      0.00      0.00      0.00      0.00

17:41:22        IFACE   rxpck/s   txpck/s    rxkB/s    txkB/s   rxcmp/s   txcmp/s  rxmcst/s   %ifutil
17:41:23         ens5     39.00     38.00      3.32      3.79      0.00      0.00      0.00      0.00

17:41:23        IFACE   rxpck/s   txpck/s    rxkB/s    txkB/s   rxcmp/s   txcmp/s  rxmcst/s   %ifutil
17:41:24         ens5      0.00      0.00      0.00      0.00      0.00      0.00      0.00      0.00

17:41:24        IFACE   rxpck/s   txpck/s    rxkB/s    txkB/s   rxcmp/s   txcmp/s  rxmcst/s   %ifutil
17:41:25         ens5      0.00      0.00      0.00      0.00      0.00      0.00      0.00      0.00

17:41:25        IFACE   rxpck/s   txpck/s    rxkB/s    txkB/s   rxcmp/s   txcmp/s  rxmcst/s   %ifutil
17:41:26         ens5      0.00      0.00      0.00      0.00      0.00      0.00      0.00      0.00

17:41:26        IFACE   rxpck/s   txpck/s    rxkB/s    txkB/s   rxcmp/s   txcmp/s  rxmcst/s   %ifutil
17:41:27         ens5    237.00    163.00    184.31    111.87      0.00      0.00      0.00      0.00

17:41:27        IFACE   rxpck/s   txpck/s    rxkB/s    txkB/s   rxcmp/s   txcmp/s  rxmcst/s   %ifutil
17:41:28         ens5    240.00    159.00    184.70    113.65      0.00      0.00      0.00      0.00

17:41:28        IFACE   rxpck/s   txpck/s    rxkB/s    txkB/s   rxcmp/s   txcmp/s  rxmcst/s   %ifutil
17:41:29         ens5    242.00    156.00    185.02    108.54      0.00      0.00      0.00      0.00

17:41:29        IFACE   rxpck/s   txpck/s    rxkB/s    txkB/s   rxcmp/s   txcmp/s  rxmcst/s   %ifutil
17:41:30         ens5    241.00    157.00    185.31    111.06      0.00      0.00      0.00      0.00

17:41:30        IFACE   rxpck/s   txpck/s    rxkB/s    txkB/s   rxcmp/s   txcmp/s  rxmcst/s   %ifutil
17:41:31         ens5    240.00    157.00    185.29    111.18      0.00      0.00      0.00      0.00

17:41:31        IFACE   rxpck/s   txpck/s    rxkB/s    txkB/s   rxcmp/s   txcmp/s  rxmcst/s   %ifutil
17:41:32         ens5    242.00    159.00    185.76    111.37      0.00      0.00      0.00      0.00

17:41:32        IFACE   rxpck/s   txpck/s    rxkB/s    txkB/s   rxcmp/s   txcmp/s  rxmcst/s   %ifutil
17:41:33         ens5    243.00    157.00    185.99    111.18      0.00      0.00      0.00      0.00

17:41:33        IFACE   rxpck/s   txpck/s    rxkB/s    txkB/s   rxcmp/s   txcmp/s  rxmcst/s   %ifutil
17:41:34         ens5    238.00    155.00    184.13    110.87      0.00      0.00      0.00      0.00

17:41:34        IFACE   rxpck/s   txpck/s    rxkB/s    txkB/s   rxcmp/s   txcmp/s  rxmcst/s   %ifutil
17:41:35         ens5    238.00    157.00    184.35    111.19      0.00      0.00      0.00      0.00

17:41:35        IFACE   rxpck/s   txpck/s    rxkB/s    txkB/s   rxcmp/s   txcmp/s  rxmcst/s   %ifutil
17:41:36         ens5    236.00    155.00    183.75    110.70      0.00      0.00      0.00      0.00

17:41:36        IFACE   rxpck/s   txpck/s    rxkB/s    txkB/s   rxcmp/s   txcmp/s  rxmcst/s   %ifutil
17:41:37         ens5    237.00    158.00    184.05    111.54      0.00      0.00      0.00      0.00

17:41:37        IFACE   rxpck/s   txpck/s    rxkB/s    txkB/s   rxcmp/s   txcmp/s  rxmcst/s   %ifutil
17:41:38         ens5    241.00    154.00    185.41    110.71      0.00      0.00      0.00      0.00

17:41:38        IFACE   rxpck/s   txpck/s    rxkB/s    txkB/s   rxcmp/s   txcmp/s  rxmcst/s   %ifutil
17:41:39         ens5    235.00    156.00    183.31    111.06      0.00      0.00      0.00      0.00

17:41:39        IFACE   rxpck/s   txpck/s    rxkB/s    txkB/s   rxcmp/s   txcmp/s  rxmcst/s   %ifutil
17:41:40         ens5    234.00    157.00    182.98    110.89      0.00      0.00      0.00      0.00

17:41:40        IFACE   rxpck/s   txpck/s    rxkB/s    txkB/s   rxcmp/s   txcmp/s  rxmcst/s   %ifutil
17:41:41         ens5    238.00    159.00    183.83    111.65      0.00      0.00      0.00      0.00

17:41:41        IFACE   rxpck/s   txpck/s    rxkB/s    txkB/s   rxcmp/s   txcmp/s  rxmcst/s   %ifutil
17:41:42         ens5    238.00    157.00    184.42    111.16      0.00      0.00      0.00      0.00

17:41:42        IFACE   rxpck/s   txpck/s    rxkB/s    txkB/s   rxcmp/s   txcmp/s  rxmcst/s   %ifutil
17:41:43         ens5    237.00    159.00    183.73    113.77      0.00      0.00      0.00      0.00

17:41:43        IFACE   rxpck/s   txpck/s    rxkB/s    txkB/s   rxcmp/s   txcmp/s  rxmcst/s   %ifutil
17:41:44         ens5    235.00    154.00    183.61    108.40      0.00      0.00      0.00      0.00

17:41:44        IFACE   rxpck/s   txpck/s    rxkB/s    txkB/s   rxcmp/s   txcmp/s  rxmcst/s   %ifutil
17:41:45         ens5    234.00    155.00    182.98    110.45      0.00      0.00      0.00      0.00

17:41:45        IFACE   rxpck/s   txpck/s    rxkB/s    txkB/s   rxcmp/s   txcmp/s  rxmcst/s   %ifutil
17:41:46         ens5    238.00    159.00    184.15    114.06      0.00      0.00      0.00      0.00

17:41:46        IFACE   rxpck/s   txpck/s    rxkB/s    txkB/s   rxcmp/s   txcmp/s  rxmcst/s   %ifutil
17:41:47         ens5    236.00    156.00    183.67    110.97      0.00      0.00      0.00      0.00

17:41:47        IFACE   rxpck/s   txpck/s    rxkB/s    txkB/s   rxcmp/s   txcmp/s  rxmcst/s   %ifutil
17:41:48         ens5    242.00    158.00    189.90    112.20      0.00      0.00      0.00      0.00

17:41:48        IFACE   rxpck/s   txpck/s    rxkB/s    txkB/s   rxcmp/s   txcmp/s  rxmcst/s   %ifutil
17:41:49         ens5    227.00    155.00    176.43    109.83      0.00      0.00      0.00      0.00

17:41:49        IFACE   rxpck/s   txpck/s    rxkB/s    txkB/s   rxcmp/s   txcmp/s  rxmcst/s   %ifutil
17:41:50         ens5    238.00    160.00    184.09    111.67      0.00      0.00      0.00      0.00

17:41:50        IFACE   rxpck/s   txpck/s    rxkB/s    txkB/s   rxcmp/s   txcmp/s  rxmcst/s   %ifutil
17:41:51         ens5    236.00    158.00    183.65    111.26      0.00      0.00      0.00      0.00

17:41:51        IFACE   rxpck/s   txpck/s    rxkB/s    txkB/s   rxcmp/s   txcmp/s  rxmcst/s   %ifutil
17:41:52         ens5    235.00    157.00    183.36    111.21      0.00      0.00      0.00      0.00

17:41:52        IFACE   rxpck/s   txpck/s    rxkB/s    txkB/s   rxcmp/s   txcmp/s  rxmcst/s   %ifutil
17:41:53         ens5    243.00    160.00    190.25    112.73      0.00      0.00      0.00      0.00

17:41:53        IFACE   rxpck/s   txpck/s    rxkB/s    txkB/s   rxcmp/s   txcmp/s  rxmcst/s   %ifutil
17:41:54         ens5    235.00    155.00    183.39    110.93      0.00      0.00      0.00      0.00

17:41:54        IFACE   rxpck/s   txpck/s    rxkB/s    txkB/s   rxcmp/s   txcmp/s  rxmcst/s   %ifutil
17:41:55         ens5    234.00    159.00    182.99    111.03      0.00      0.00      0.00      0.00

17:41:55        IFACE   rxpck/s   txpck/s    rxkB/s    txkB/s   rxcmp/s   txcmp/s  rxmcst/s   %ifutil
17:41:56         ens5    237.00    158.00    183.71    111.49      0.00      0.00      0.00      0.00

17:41:56        IFACE   rxpck/s   txpck/s    rxkB/s    txkB/s   rxcmp/s   txcmp/s  rxmcst/s   %ifutil
17:41:57         ens5    234.00    156.00    183.02    110.82      0.00      0.00      0.00      0.00

17:41:57        IFACE   rxpck/s   txpck/s    rxkB/s    txkB/s   rxcmp/s   txcmp/s  rxmcst/s   %ifutil
17:41:58         ens5    227.00    153.00    176.42    109.55      0.00      0.00      0.00      0.00

17:41:58        IFACE   rxpck/s   txpck/s    rxkB/s    txkB/s   rxcmp/s   txcmp/s  rxmcst/s   %ifutil
17:41:59         ens5    247.00    161.00    191.61    113.04      0.00      0.00      0.00      0.00

17:41:59        IFACE   rxpck/s   txpck/s    rxkB/s    txkB/s   rxcmp/s   txcmp/s  rxmcst/s   %ifutil
17:42:00         ens5    210.00    145.00    162.67    101.47      0.00      0.00      0.00      0.00

17:42:00        IFACE   rxpck/s   txpck/s    rxkB/s    txkB/s   rxcmp/s   txcmp/s  rxmcst/s   %ifutil
17:42:01         ens5    234.00    155.00    183.27    108.47      0.00      0.00      0.00      0.00

17:42:01        IFACE   rxpck/s   txpck/s    rxkB/s    txkB/s   rxcmp/s   txcmp/s  rxmcst/s   %ifutil
17:42:02         ens5    111.00     74.00     85.46     51.59      0.00      0.00      0.00      0.00

17:42:02        IFACE   rxpck/s   txpck/s    rxkB/s    txkB/s   rxcmp/s   txcmp/s  rxmcst/s   %ifutil
17:42:03         ens5    108.00     72.00     84.47     51.17      0.00      0.00      0.00      0.00

17:42:03        IFACE   rxpck/s   txpck/s    rxkB/s    txkB/s   rxcmp/s   txcmp/s  rxmcst/s   %ifutil
17:42:04         ens5    226.00    152.00    176.26    107.01      0.00      0.00      0.00      0.00

17:42:04        IFACE   rxpck/s   txpck/s    rxkB/s    txkB/s   rxcmp/s   txcmp/s  rxmcst/s   %ifutil
17:42:05         ens5    236.00    158.00    183.67    111.60      0.00      0.00      0.00      0.00

17:42:05        IFACE   rxpck/s   txpck/s    rxkB/s    txkB/s   rxcmp/s   txcmp/s  rxmcst/s   %ifutil
17:42:06         ens5    217.00    139.00    165.01     98.37      0.00      0.00      0.00      0.00

17:42:06        IFACE   rxpck/s   txpck/s    rxkB/s    txkB/s   rxcmp/s   txcmp/s  rxmcst/s   %ifutil
17:42:07         ens5      0.00      0.00      0.00      0.00      0.00      0.00      0.00      0.00


Average:        IFACE   rxpck/s   txpck/s    rxkB/s    txkB/s   rxcmp/s   txcmp/s  rxmcst/s   %ifutil
Average:         ens5    198.32    132.57    151.76     91.84      0.00      0.00      0.00      0.00
