Linux 7.0.0-1010-aws (ip-172-31-20-134) 	08/11/26 	_x86_64_	(2 CPU)

17:10:22        CPU     %user     %nice   %system   %iowait    %steal     %idle
17:10:23        all      1.51      0.00      1.01      0.00      0.50     96.98
17:10:24        all      1.00      0.00      0.50      0.50      0.00     98.00
17:10:25        all      0.00      0.00      0.00      0.00      0.00    100.00
17:10:26        all      0.00      0.00      0.00      0.51      0.00     99.49
17:10:27        all      0.00      0.00      0.00      0.00      0.00    100.00
17:10:28        all      3.50      0.00      1.50      0.00      0.00     95.00
17:10:29        all      2.01      0.00      0.50      0.00      0.00     97.49
17:10:30        all      0.50      0.00      0.00      0.00      0.00     99.50
17:10:31        all      1.01      0.00      0.00      0.00      0.50     98.49
17:10:32        all      0.00      0.00      0.00      0.00      0.00    100.00
17:10:33        all      0.50      0.00      0.50      0.00      0.00     99.00
17:10:34        all      0.50      0.00      0.50      0.00      0.00     99.00
17:10:35        all     10.55      0.00      2.51      0.00      0.00     86.93
17:10:36        all     74.49      0.00      8.67      0.00      0.51     16.33
17:10:37        all     84.69      0.00     12.76      0.00      0.00      2.55
17:10:38        all     34.34      0.00      4.04      0.00      0.00     61.62
17:10:39        all      0.50      0.00      0.00      0.00      0.00     99.50
17:10:40        all      0.00      0.00      0.00      0.00      0.00    100.00
17:10:41        all      0.50      0.00      0.00      0.00      0.00     99.50
17:10:42        all      0.00      0.00      0.50      0.00      0.00     99.50
17:10:43        all      3.52      0.00      1.01      0.00      0.00     95.48
17:10:44        all      2.01      0.00      0.50      0.00      0.00     97.49

Average:        all      9.95      0.00      1.55      0.05      0.07     88.38
