Linux 7.0.0-1010-aws (ip-172-31-20-134) 	08/11/26 	_x86_64_	(2 CPU)

17:10:22    kbmemfree   kbavail kbmemused  %memused kbbuffers  kbcached  kbcommit   %commit  kbactive   kbinact   kbdirty
17:10:23       102252   1313736    380048     19.48     31812   1291204   1465768     75.13    996612    596660       584
17:10:24       102252   1313736    380048     19.48     31836   1291180   1465768     75.13    996696    596660       584
17:10:25       102252   1313752    380020     19.48     31836   1291204   1465768     75.13    996720    596676       468
17:10:26       102252   1313764    380012     19.48     31844   1291204   1465768     75.13    996724    596688        88
17:10:27       102252   1313764    380012     19.48     31844   1291204   1465768     75.13    996724    596688        88
17:10:28       102252   1313764    380012     19.48     31844   1291204   1465768     75.13    996020    596688        88
17:10:29       102252   1313764    380000     19.48     31844   1291216   1465768     75.13    996544    596688       100
17:10:30       102252   1313764    380000     19.48     31844   1291216   1465768     75.13    996544    596688       100
17:10:31       101496   1313028    380752     19.52     31844   1291220   1471104     75.41    998136    596708       104
17:10:32       101496   1313028    380720     19.52     31844   1291252   1471104     75.41    998136    596708       136
17:10:33       101496   1313060    380720     19.52     31844   1291252   1471104     75.41    998972    596740       136
17:10:34       101496   1313060    380720     19.52     31844   1291252   1471104     75.41    998972    596740       136
17:10:35        98472   1310036    383744     19.67     31844   1291252   1509788     77.39   1004348    596740       136
17:10:36        93204   1305376    388396     19.91     31844   1291848   1738740     89.13   1013252    597332       732
17:10:37        76368   1289164    404192     20.72     31844   1292456   2211436    113.35   1028428    597944      1340
17:10:38        75108   1288036    405304     20.78     31844   1292600   2213008    113.44   1026168    598072      1484
17:10:39        75108   1288132    405192     20.77     31844   1292712   2213008    113.44   1026196    598168      1596
17:10:40        75108   1288132    405192     20.77     31844   1292712   2213008    113.44   1026196    598168      1596
17:10:41        75108   1288132    405188     20.77     31844   1292716   2213008    113.44   1026196    598168      1600
17:10:42        75108   1288132    405188     20.77     31844   1292716   2213008    113.44   1026196    598168      1600
17:10:43        75108   1288132    405188     20.77     31844   1292716   2213008    113.44   1025776    598168      1600
17:10:44        75108   1288180    405176     20.77     31844   1292728   2213008    113.44   1026288    598216      1600


Average:        91718   1303803    389810     19.98     31842   1291776   1752799     89.85   1008902    597249       723
