Linux 7.0.0-1010-aws (ip-172-31-20-134) 	08/11/26 	_x86_64_	(2 CPU)

17:10:22        IFACE   rxpck/s   txpck/s    rxkB/s    txkB/s   rxcmp/s   txcmp/s  rxmcst/s   %ifutil
17:10:23         ens5     52.00     50.00      4.40      5.50      0.00      0.00      0.00      0.00

17:10:23        IFACE   rxpck/s   txpck/s    rxkB/s    txkB/s   rxcmp/s   txcmp/s  rxmcst/s   %ifutil
17:10:24         ens5     62.00     50.00      5.12      5.23      0.00      0.00      0.00      0.00

17:10:24        IFACE   rxpck/s   txpck/s    rxkB/s    txkB/s   rxcmp/s   txcmp/s  rxmcst/s   %ifutil
17:10:25         ens5     24.00     19.00      2.06      2.07      0.00      0.00      0.00      0.00

17:10:25        IFACE   rxpck/s   txpck/s    rxkB/s    txkB/s   rxcmp/s   txcmp/s  rxmcst/s   %ifutil
17:10:26         ens5      0.00      0.00      0.00      0.00      0.00      0.00      0.00      0.00

17:10:26        IFACE   rxpck/s   txpck/s    rxkB/s    txkB/s   rxcmp/s   txcmp/s  rxmcst/s   %ifutil
17:10:27         ens5      0.00      0.00      0.00      0.00      0.00      0.00      0.00      0.00

17:10:27        IFACE   rxpck/s   txpck/s    rxkB/s    txkB/s   rxcmp/s   txcmp/s  rxmcst/s   %ifutil
17:10:28         ens5      0.00      0.00      0.00      0.00      0.00      0.00      0.00      0.00

17:10:28        IFACE   rxpck/s   txpck/s    rxkB/s    txkB/s   rxcmp/s   txcmp/s  rxmcst/s   %ifutil
17:10:29         ens5      0.00      0.00      0.00      0.00      0.00      0.00      0.00      0.00

17:10:29        IFACE   rxpck/s   txpck/s    rxkB/s    txkB/s   rxcmp/s   txcmp/s  rxmcst/s   %ifutil
17:10:30         ens5      0.00      0.00      0.00      0.00      0.00      0.00      0.00      0.00

17:10:30        IFACE   rxpck/s   txpck/s    rxkB/s    txkB/s   rxcmp/s   txcmp/s  rxmcst/s   %ifutil
17:10:31         ens5     40.00     43.00     28.29      3.21      0.00      0.00      0.00      0.00

17:10:31        IFACE   rxpck/s   txpck/s    rxkB/s    txkB/s   rxcmp/s   txcmp/s  rxmcst/s   %ifutil
17:10:32         ens5      1.00      1.00      0.03      0.04      0.00      0.00      0.00      0.00

17:10:32        IFACE   rxpck/s   txpck/s    rxkB/s    txkB/s   rxcmp/s   txcmp/s  rxmcst/s   %ifutil
17:10:33         ens5      0.00      0.00      0.00      0.00      0.00      0.00      0.00      0.00

17:10:33        IFACE   rxpck/s   txpck/s    rxkB/s    txkB/s   rxcmp/s   txcmp/s  rxmcst/s   %ifutil
17:10:34         ens5      0.00      0.00      0.00      0.00      0.00      0.00      0.00      0.00

17:10:34        IFACE   rxpck/s   txpck/s    rxkB/s    txkB/s   rxcmp/s   txcmp/s  rxmcst/s   %ifutil
17:10:35         ens5    102.00    100.00     63.93      9.05      0.00      0.00      0.00      0.00

17:10:35        IFACE   rxpck/s   txpck/s    rxkB/s    txkB/s   rxcmp/s   txcmp/s  rxmcst/s   %ifutil
17:10:36         ens5    742.00    668.00    454.51     57.42      0.00      0.00      0.00      0.00

17:10:36        IFACE   rxpck/s   txpck/s    rxkB/s    txkB/s   rxcmp/s   txcmp/s  rxmcst/s   %ifutil
17:10:37         ens5    687.13    668.32    460.84     57.84      0.00      0.00      0.00      0.00

17:10:37        IFACE   rxpck/s   txpck/s    rxkB/s    txkB/s   rxcmp/s   txcmp/s  rxmcst/s   %ifutil
17:10:38         ens5    109.00    230.00     74.44     27.44      0.00      0.00      0.00      0.00

17:10:38        IFACE   rxpck/s   txpck/s    rxkB/s    txkB/s   rxcmp/s   txcmp/s  rxmcst/s   %ifutil
17:10:39         ens5      1.00      1.00      0.07      0.09      0.00      0.00      0.00      0.00

17:10:39        IFACE   rxpck/s   txpck/s    rxkB/s    txkB/s   rxcmp/s   txcmp/s  rxmcst/s   %ifutil
17:10:40         ens5      0.00      0.00      0.00      0.00      0.00      0.00      0.00      0.00

17:10:40        IFACE   rxpck/s   txpck/s    rxkB/s    txkB/s   rxcmp/s   txcmp/s  rxmcst/s   %ifutil
17:10:41         ens5      0.00      0.00      0.00      0.00      0.00      0.00      0.00      0.00

17:10:41        IFACE   rxpck/s   txpck/s    rxkB/s    txkB/s   rxcmp/s   txcmp/s  rxmcst/s   %ifutil
17:10:42         ens5      0.00      0.00      0.00      0.00      0.00      0.00      0.00      0.00

17:10:42        IFACE   rxpck/s   txpck/s    rxkB/s    txkB/s   rxcmp/s   txcmp/s  rxmcst/s   %ifutil
17:10:43         ens5      0.00      0.00      0.00      0.00      0.00      0.00      0.00      0.00

17:10:43        IFACE   rxpck/s   txpck/s    rxkB/s    txkB/s   rxcmp/s   txcmp/s  rxmcst/s   %ifutil
17:10:44         ens5      0.00      0.00      0.00      0.00      0.00      0.00      0.00      0.00


Average:        IFACE   rxpck/s   txpck/s    rxkB/s    txkB/s   rxcmp/s   txcmp/s  rxmcst/s   %ifutil
Average:         ens5     83.01     83.46     49.90      7.65      0.00      0.00      0.00      0.00
