Linux 7.0.0-1010-aws (ip-172-31-31-224) 	08/11/26 	_x86_64_	(2 CPU)

09:12:40        CPU     %user     %nice   %system   %iowait    %steal     %idle
09:12:41        all     50.50      0.00      4.46      0.00      1.49     43.56
09:12:42        all     49.24      0.00      3.55      0.00      2.03     45.18
09:12:43        all     48.24      0.00      4.02      0.00      1.51     46.23
09:12:44        all     55.28      0.00      5.03      0.00      0.50     39.20
09:12:45        all     48.50      0.00      3.50      0.00      1.50     46.50
09:12:46        all     49.25      0.00      4.02      0.00      0.00     46.73
09:12:47        all     50.25      0.00      4.52      0.50      0.50     44.22
09:12:48        all     44.72      0.00      5.03      0.00      1.01     49.25
09:12:49        all     10.55      0.00      1.01      0.00      0.00     88.44
09:12:50        all      0.50      0.00      0.00      0.00      0.50     99.00
09:12:51        all      0.50      0.00      1.00      0.00      0.00     98.50
09:12:52        all      0.00      0.00      0.50      0.00      0.00     99.50
09:12:53        all      0.00      0.00      0.00      0.00      0.00    100.00
09:12:54        all      0.51      0.00      0.00      0.00      0.00     99.49
09:12:55        all      0.00      0.00      0.00      0.00      0.00    100.00
09:12:56        all      3.50      0.00      1.00      0.00      1.00     94.50
09:12:57        all      8.54      0.00      4.52      0.00      1.01     85.93
09:12:58        all      3.08      0.00      1.54      0.00      1.03     94.36
09:12:59        all      5.05      0.00      2.02      0.00      0.00     92.93
09:13:00        all      3.77      0.00      0.00      0.00      7.08     89.15
09:13:01        all      0.00      0.00      0.98      0.00      2.93     96.10
09:13:02        all      0.45      0.00      0.00      0.00     11.31     88.24
09:13:03        all      0.00      0.00      0.00      0.00      5.31     94.69
09:13:04        all      0.50      0.00      0.50      0.00      1.01     97.99
09:13:05        all      0.50      0.00      0.50      0.00      0.99     98.02

Average:        all     17.19      0.00      1.89      0.02      1.69     79.21
