Linux 7.0.0-1010-aws (ip-172-31-31-224) 	08/11/26 	_x86_64_	(2 CPU)

09:12:40        IFACE   rxpck/s   txpck/s    rxkB/s    txkB/s   rxcmp/s   txcmp/s  rxmcst/s   %ifutil
09:12:41         ens5     54.00     51.00      4.46      6.39      0.00      0.00      0.00      0.00

09:12:41        IFACE   rxpck/s   txpck/s    rxkB/s    txkB/s   rxcmp/s   txcmp/s  rxmcst/s   %ifutil
09:12:42         ens5     23.00     21.00      1.71      2.81      0.00      0.00      0.00      0.00

09:12:42        IFACE   rxpck/s   txpck/s    rxkB/s    txkB/s   rxcmp/s   txcmp/s  rxmcst/s   %ifutil
09:12:43         ens5      7.00      7.00      0.36      1.49      0.00      0.00      0.00      0.00

09:12:43        IFACE   rxpck/s   txpck/s    rxkB/s    txkB/s   rxcmp/s   txcmp/s  rxmcst/s   %ifutil
09:12:44         ens5      6.00      6.00      0.30      1.25      0.00      0.00      0.00      0.00

09:12:44        IFACE   rxpck/s   txpck/s    rxkB/s    txkB/s   rxcmp/s   txcmp/s  rxmcst/s   %ifutil
09:12:45         ens5      6.00      7.00      0.30      1.54      0.00      0.00      0.00      0.00

09:12:45        IFACE   rxpck/s   txpck/s    rxkB/s    txkB/s   rxcmp/s   txcmp/s  rxmcst/s   %ifutil
09:12:46         ens5      8.00      9.00      0.41      1.88      0.00      0.00      0.00      0.00

09:12:46        IFACE   rxpck/s   txpck/s    rxkB/s    txkB/s   rxcmp/s   txcmp/s  rxmcst/s   %ifutil
09:12:47         ens5      8.00      6.00      0.41      1.30      0.00      0.00      0.00      0.00

09:12:47        IFACE   rxpck/s   txpck/s    rxkB/s    txkB/s   rxcmp/s   txcmp/s  rxmcst/s   %ifutil
09:12:48         ens5      3.00      3.00      0.15      0.66      0.00      0.00      0.00      0.00

09:12:48        IFACE   rxpck/s   txpck/s    rxkB/s    txkB/s   rxcmp/s   txcmp/s  rxmcst/s   %ifutil
09:12:49         ens5      5.00      5.00      0.25      0.82      0.00      0.00      0.00      0.00

09:12:49        IFACE   rxpck/s   txpck/s    rxkB/s    txkB/s   rxcmp/s   txcmp/s  rxmcst/s   %ifutil
09:12:50         ens5      0.00      0.00      0.00      0.00      0.00      0.00      0.00      0.00

09:12:50        IFACE   rxpck/s   txpck/s    rxkB/s    txkB/s   rxcmp/s   txcmp/s  rxmcst/s   %ifutil
09:12:51         ens5      8.00      6.00      4.16      3.14      0.00      0.00      0.00      0.00

09:12:51        IFACE   rxpck/s   txpck/s    rxkB/s    txkB/s   rxcmp/s   txcmp/s  rxmcst/s   %ifutil
09:12:52         ens5      0.00      0.00      0.00      0.00      0.00      0.00      0.00      0.00

09:12:52        IFACE   rxpck/s   txpck/s    rxkB/s    txkB/s   rxcmp/s   txcmp/s  rxmcst/s   %ifutil
09:12:53         ens5      1.00      1.00      0.07      0.09      0.00      0.00      0.00      0.00

09:12:53        IFACE   rxpck/s   txpck/s    rxkB/s    txkB/s   rxcmp/s   txcmp/s  rxmcst/s   %ifutil
09:12:54         ens5      0.00      0.00      0.00      0.00      0.00      0.00      0.00      0.00

09:12:54        IFACE   rxpck/s   txpck/s    rxkB/s    txkB/s   rxcmp/s   txcmp/s  rxmcst/s   %ifutil
09:12:55         ens5      0.00      0.00      0.00      0.00      0.00      0.00      0.00      0.00

09:12:55        IFACE   rxpck/s   txpck/s    rxkB/s    txkB/s   rxcmp/s   txcmp/s  rxmcst/s   %ifutil
09:12:56         ens5    168.00    168.00    130.89     77.11      0.00      0.00      0.00      0.00

09:12:56        IFACE   rxpck/s   txpck/s    rxkB/s    txkB/s   rxcmp/s   txcmp/s  rxmcst/s   %ifutil
09:12:57         ens5    556.00    510.00    415.23    235.17      0.00      0.00      0.00      0.00

09:12:57        IFACE   rxpck/s   txpck/s    rxkB/s    txkB/s   rxcmp/s   txcmp/s  rxmcst/s   %ifutil
09:12:58         ens5    229.00    236.00    186.54    105.94      0.00      0.00      0.00      0.00

09:12:58        IFACE   rxpck/s   txpck/s    rxkB/s    txkB/s   rxcmp/s   txcmp/s  rxmcst/s   %ifutil
09:12:59         ens5      1.00      1.00      0.06      0.15      0.00      0.00      0.00      0.00

09:12:59        IFACE   rxpck/s   txpck/s    rxkB/s    txkB/s   rxcmp/s   txcmp/s  rxmcst/s   %ifutil
09:13:00         ens5      0.00      0.00      0.00      0.00      0.00      0.00      0.00      0.00

09:13:00        IFACE   rxpck/s   txpck/s    rxkB/s    txkB/s   rxcmp/s   txcmp/s  rxmcst/s   %ifutil
09:13:01         ens5      0.00      0.00      0.00      0.00      0.00      0.00      0.00      0.00

09:13:01        IFACE   rxpck/s   txpck/s    rxkB/s    txkB/s   rxcmp/s   txcmp/s  rxmcst/s   %ifutil
09:13:02         ens5      0.00      0.00      0.00      0.00      0.00      0.00      0.00      0.00

09:13:02        IFACE   rxpck/s   txpck/s    rxkB/s    txkB/s   rxcmp/s   txcmp/s  rxmcst/s   %ifutil
09:13:03         ens5      0.00      0.00      0.00      0.00      0.00      0.00      0.00      0.00

09:13:03        IFACE   rxpck/s   txpck/s    rxkB/s    txkB/s   rxcmp/s   txcmp/s  rxmcst/s   %ifutil
09:13:04         ens5      1.00      1.00      0.03      0.04      0.00      0.00      0.00      0.00

09:13:04        IFACE   rxpck/s   txpck/s    rxkB/s    txkB/s   rxcmp/s   txcmp/s  rxmcst/s   %ifutil
09:13:05         ens5      0.00      0.00      0.00      0.00      0.00      0.00      0.00      0.00


Average:        IFACE   rxpck/s   txpck/s    rxkB/s    txkB/s   rxcmp/s   txcmp/s  rxmcst/s   %ifutil
Average:         ens5     43.36     41.52     29.81     17.59      0.00      0.00      0.00      0.00
