Linux 7.0.0-1010-aws (ip-172-31-20-134) 	08/11/26 	_x86_64_	(2 CPU)

17:26:19        CPU     %user     %nice   %system   %iowait    %steal     %idle
17:26:20        all      2.50      0.00      1.50      0.00      0.00     96.00
17:26:21        all      0.00      0.00      0.00      0.00      0.50     99.50
17:26:22        all      0.50      0.00      0.00      0.00      0.00     99.50
17:26:23        all      0.50      0.00      0.00      0.00      0.00     99.50
17:26:24        all      0.00      0.00      0.50      0.00      0.00     99.50
17:26:25        all      0.51      0.00      0.00      0.00      0.00     99.49
17:26:26        all      0.50      0.00      0.50      0.00      0.00     99.00
17:26:27        all      0.00      0.00      0.00      0.00      0.00    100.00
17:26:28        all      1.01      0.00      0.00      0.00      0.00     98.99
17:26:29        all      5.53      0.00      1.51      0.50      0.00     92.46
17:26:30        all      0.00      0.00      0.50      0.00      0.00     99.50
17:26:31        all      1.00      0.00      0.00      0.00      0.00     99.00
17:26:32        all      3.57      0.00      0.51      0.00      0.00     95.92
17:26:33        all     38.58      0.00      3.05      0.00      0.00     58.38
17:26:34        all     89.00      0.00      7.50      0.00      0.00      3.50
17:26:35        all     91.41      0.00      5.05      0.00      0.00      3.54
17:26:36        all      0.00      0.00      0.00      0.00      0.00    100.00
17:26:37        all      0.00      0.00      0.50      0.00      0.50     99.01
17:26:38        all      0.00      0.00      0.00      0.00      0.00    100.00
17:26:39        all      0.50      0.00      0.00      0.00      0.00     99.50
17:26:40        all      0.00      0.00      0.00      0.50      0.00     99.50
17:26:41        all      0.50      0.00      0.50      0.00      0.00     99.00
17:26:42        all      0.00      0.00      0.00      0.00      0.50     99.50
17:26:43        all      0.50      0.00      0.50      0.00      0.00     99.00

Average:        all      9.82      0.00      0.92      0.04      0.06     89.16
