Linux 7.0.0-1010-aws (ip-172-31-20-134) 	08/11/26 	_x86_64_	(2 CPU)

17:26:19        IFACE   rxpck/s   txpck/s    rxkB/s    txkB/s   rxcmp/s   txcmp/s  rxmcst/s   %ifutil
17:26:20         ens5     53.00     45.00      4.62      5.27      0.00      0.00      0.00      0.00

17:26:20        IFACE   rxpck/s   txpck/s    rxkB/s    txkB/s   rxcmp/s   txcmp/s  rxmcst/s   %ifutil
17:26:21         ens5     53.00     44.00      4.52      4.66      0.00      0.00      0.00      0.00

17:26:21        IFACE   rxpck/s   txpck/s    rxkB/s    txkB/s   rxcmp/s   txcmp/s  rxmcst/s   %ifutil
17:26:22         ens5     21.00     18.00      1.84      1.91      0.00      0.00      0.00      0.00

17:26:22        IFACE   rxpck/s   txpck/s    rxkB/s    txkB/s   rxcmp/s   txcmp/s  rxmcst/s   %ifutil
17:26:23         ens5      0.00      0.00      0.00      0.00      0.00      0.00      0.00      0.00

17:26:23        IFACE   rxpck/s   txpck/s    rxkB/s    txkB/s   rxcmp/s   txcmp/s  rxmcst/s   %ifutil
17:26:24         ens5      0.00      0.00      0.00      0.00      0.00      0.00      0.00      0.00

17:26:24        IFACE   rxpck/s   txpck/s    rxkB/s    txkB/s   rxcmp/s   txcmp/s  rxmcst/s   %ifutil
17:26:25         ens5      0.00      0.00      0.00      0.00      0.00      0.00      0.00      0.00

17:26:25        IFACE   rxpck/s   txpck/s    rxkB/s    txkB/s   rxcmp/s   txcmp/s  rxmcst/s   %ifutil
17:26:26         ens5      1.00      1.00      0.21      0.22      0.00      0.00      0.00      0.00

17:26:26        IFACE   rxpck/s   txpck/s    rxkB/s    txkB/s   rxcmp/s   txcmp/s  rxmcst/s   %ifutil
17:26:27         ens5      0.00      0.00      0.00      0.00      0.00      0.00      0.00      0.00

17:26:27        IFACE   rxpck/s   txpck/s    rxkB/s    txkB/s   rxcmp/s   txcmp/s  rxmcst/s   %ifutil
17:26:28         ens5     81.00     71.00     66.25     14.01      0.00      0.00      0.00      0.00

17:26:28        IFACE   rxpck/s   txpck/s    rxkB/s    txkB/s   rxcmp/s   txcmp/s  rxmcst/s   %ifutil
17:26:29         ens5      2.00      3.00      0.12      0.26      0.00      0.00      0.00      0.00

17:26:29        IFACE   rxpck/s   txpck/s    rxkB/s    txkB/s   rxcmp/s   txcmp/s  rxmcst/s   %ifutil
17:26:30         ens5      0.00      0.00      0.00      0.00      0.00      0.00      0.00      0.00

17:26:30        IFACE   rxpck/s   txpck/s    rxkB/s    txkB/s   rxcmp/s   txcmp/s  rxmcst/s   %ifutil
17:26:31         ens5      0.00      0.00      0.00      0.00      0.00      0.00      0.00      0.00

17:26:31        IFACE   rxpck/s   txpck/s    rxkB/s    txkB/s   rxcmp/s   txcmp/s  rxmcst/s   %ifutil
17:26:32         ens5     84.00     65.00     73.87     12.02      0.00      0.00      0.00      0.00

17:26:32        IFACE   rxpck/s   txpck/s    rxkB/s    txkB/s   rxcmp/s   txcmp/s  rxmcst/s   %ifutil
17:26:33         ens5    835.00    578.00    692.69    117.22      0.00      0.00      0.00      0.00

17:26:33        IFACE   rxpck/s   txpck/s    rxkB/s    txkB/s   rxcmp/s   txcmp/s  rxmcst/s   %ifutil
17:26:34         ens5   1851.00   1658.00   1588.90    260.75      0.00      0.00      0.00      0.00

17:26:34        IFACE   rxpck/s   txpck/s    rxkB/s    txkB/s   rxcmp/s   txcmp/s  rxmcst/s   %ifutil
17:26:35         ens5   1072.00   1146.00   1006.72    188.49      0.00      0.00      0.00      0.00

17:26:35        IFACE   rxpck/s   txpck/s    rxkB/s    txkB/s   rxcmp/s   txcmp/s  rxmcst/s   %ifutil
17:26:36         ens5      0.00      0.00      0.00      0.00      0.00      0.00      0.00      0.00

17:26:36        IFACE   rxpck/s   txpck/s    rxkB/s    txkB/s   rxcmp/s   txcmp/s  rxmcst/s   %ifutil
17:26:37         ens5      0.00      0.00      0.00      0.00      0.00      0.00      0.00      0.00

17:26:37        IFACE   rxpck/s   txpck/s    rxkB/s    txkB/s   rxcmp/s   txcmp/s  rxmcst/s   %ifutil
17:26:38         ens5      0.00      0.00      0.00      0.00      0.00      0.00      0.00      0.00

17:26:38        IFACE   rxpck/s   txpck/s    rxkB/s    txkB/s   rxcmp/s   txcmp/s  rxmcst/s   %ifutil
17:26:39         ens5      0.00      0.00      0.00      0.00      0.00      0.00      0.00      0.00

17:26:39        IFACE   rxpck/s   txpck/s    rxkB/s    txkB/s   rxcmp/s   txcmp/s  rxmcst/s   %ifutil
17:26:40         ens5      0.00      0.00      0.00      0.00      0.00      0.00      0.00      0.00

17:26:40        IFACE   rxpck/s   txpck/s    rxkB/s    txkB/s   rxcmp/s   txcmp/s  rxmcst/s   %ifutil
17:26:41         ens5      0.00      0.00      0.00      0.00      0.00      0.00      0.00      0.00

17:26:41        IFACE   rxpck/s   txpck/s    rxkB/s    txkB/s   rxcmp/s   txcmp/s  rxmcst/s   %ifutil
17:26:42         ens5      0.00      0.00      0.00      0.00      0.00      0.00      0.00      0.00

17:26:42        IFACE   rxpck/s   txpck/s    rxkB/s    txkB/s   rxcmp/s   txcmp/s  rxmcst/s   %ifutil
17:26:43         ens5      0.00      0.00      0.00      0.00      0.00      0.00      0.00      0.00


Average:        IFACE   rxpck/s   txpck/s    rxkB/s    txkB/s   rxcmp/s   txcmp/s  rxmcst/s   %ifutil
Average:         ens5    168.88    151.21    143.32     25.20      0.00      0.00      0.00      0.00
