Linux 7.0.0-1010-aws (ip-172-31-31-224) 	08/11/26 	_x86_64_	(2 CPU)

06:44:01        CPU     %user     %nice   %system   %iowait    %steal     %idle
06:44:02        all     21.60      0.00      2.82      0.00     33.33     42.25
06:44:03        all     28.10      0.00      2.86      0.00     27.14     41.90
06:44:04        all     34.80      0.00      2.94      0.00     18.14     44.12
06:44:05        all     41.58      0.00      2.97      0.00      9.90     45.54
06:44:06        all     44.50      0.00      3.00      0.00      5.50     47.00
06:44:07        all     46.77      0.00      3.98      0.00      4.48     44.78
06:44:08        all     47.47      0.00      4.04      0.00      2.53     45.96
06:44:09        all     43.72      0.00      2.51      0.00      4.52     49.25
06:44:10        all     49.50      0.00      2.50      0.00      3.00     45.00
06:44:11        all     43.72      0.00      6.03      0.00      5.03     45.23
06:44:12        all     19.50      0.00      1.50      0.00      1.00     78.00
06:44:13        all      0.00      0.00      0.00      0.00      0.50     99.50
06:44:14        all      5.47      0.00      1.99      0.00      1.49     91.04
06:44:15        all      0.50      0.00      0.50      0.00      0.50     98.51
06:44:16        all      1.52      0.00      0.00      0.00      0.00     98.48
06:44:17        all      6.60      0.00      2.54      0.51      1.02     89.34
06:44:18        all      8.12      0.00      4.57      0.00      1.02     86.29
06:44:19        all      0.50      0.00      0.50      0.00      0.00     99.00
06:44:20        all      1.00      0.00      0.00      0.00      1.00     98.00
06:44:21        all      0.00      0.00      0.50      0.00      0.00     99.50
06:44:22        all      0.00      0.00      0.00      0.00      0.00    100.00
06:44:23        all      0.50      0.00      0.00      0.00      0.00     99.50
06:44:24        all      0.00      0.00      0.00      0.00      1.00     99.00
06:44:25        all      0.50      0.00      0.00      0.00      0.00     99.50
06:44:26        all      0.50      0.00      0.00      0.00      0.00     99.50

Average:        all     17.93      0.00      1.83      0.02      4.99     75.23
