Linux 7.0.0-1010-aws (ip-172-31-31-224) 	08/11/26 	_x86_64_	(2 CPU)

06:44:01        IFACE   rxpck/s   txpck/s    rxkB/s    txkB/s   rxcmp/s   txcmp/s  rxmcst/s   %ifutil
06:44:02         ens5     54.00     50.00      4.57      5.86      0.00      0.00      0.00      0.00

06:44:02        IFACE   rxpck/s   txpck/s    rxkB/s    txkB/s   rxcmp/s   txcmp/s  rxmcst/s   %ifutil
06:44:03         ens5     53.00     45.00      4.46      5.39      0.00      0.00      0.00      0.00

06:44:03        IFACE   rxpck/s   txpck/s    rxkB/s    txkB/s   rxcmp/s   txcmp/s  rxmcst/s   %ifutil
06:44:04         ens5      7.00      6.00      0.40      1.08      0.00      0.00      0.00      0.00

06:44:04        IFACE   rxpck/s   txpck/s    rxkB/s    txkB/s   rxcmp/s   txcmp/s  rxmcst/s   %ifutil
06:44:05         ens5      3.00      3.00      0.15      0.66      0.00      0.00      0.00      0.00

06:44:05        IFACE   rxpck/s   txpck/s    rxkB/s    txkB/s   rxcmp/s   txcmp/s  rxmcst/s   %ifutil
06:44:06         ens5     10.00      9.00      0.54      1.75      0.00      0.00      0.00      0.00

06:44:06        IFACE   rxpck/s   txpck/s    rxkB/s    txkB/s   rxcmp/s   txcmp/s  rxmcst/s   %ifutil
06:44:07         ens5      5.00      6.00      0.25      1.28      0.00      0.00      0.00      0.00

06:44:07        IFACE   rxpck/s   txpck/s    rxkB/s    txkB/s   rxcmp/s   txcmp/s  rxmcst/s   %ifutil
06:44:08         ens5      7.00      6.00      0.35      1.16      0.00      0.00      0.00      0.00

06:44:08        IFACE   rxpck/s   txpck/s    rxkB/s    txkB/s   rxcmp/s   txcmp/s  rxmcst/s   %ifutil
06:44:09         ens5     19.00     15.00     15.68      5.18      0.00      0.00      0.00      0.00

06:44:09        IFACE   rxpck/s   txpck/s    rxkB/s    txkB/s   rxcmp/s   txcmp/s  rxmcst/s   %ifutil
06:44:10         ens5     19.00      7.00     15.68      1.87      0.00      0.00      0.00      0.00

06:44:10        IFACE   rxpck/s   txpck/s    rxkB/s    txkB/s   rxcmp/s   txcmp/s  rxmcst/s   %ifutil
06:44:11         ens5     16.00      6.00     15.53      1.52      0.00      0.00      0.00      0.00

06:44:11        IFACE   rxpck/s   txpck/s    rxkB/s    txkB/s   rxcmp/s   txcmp/s  rxmcst/s   %ifutil
06:44:12         ens5     24.00     19.00     13.64      9.80      0.00      0.00      0.00      0.00

06:44:12        IFACE   rxpck/s   txpck/s    rxkB/s    txkB/s   rxcmp/s   txcmp/s  rxmcst/s   %ifutil
06:44:13         ens5      0.00      0.00      0.00      0.00      0.00      0.00      0.00      0.00

06:44:13        IFACE   rxpck/s   txpck/s    rxkB/s    txkB/s   rxcmp/s   txcmp/s  rxmcst/s   %ifutil
06:44:14         ens5      0.00      0.00      0.00      0.00      0.00      0.00      0.00      0.00

06:44:14        IFACE   rxpck/s   txpck/s    rxkB/s    txkB/s   rxcmp/s   txcmp/s  rxmcst/s   %ifutil
06:44:15         ens5      6.00      6.00      4.10      2.97      0.00      0.00      0.00      0.00

06:44:15        IFACE   rxpck/s   txpck/s    rxkB/s    txkB/s   rxcmp/s   txcmp/s  rxmcst/s   %ifutil
06:44:16         ens5    101.00     81.00     65.14     47.05      0.00      0.00      0.00      0.00

06:44:16        IFACE   rxpck/s   txpck/s    rxkB/s    txkB/s   rxcmp/s   txcmp/s  rxmcst/s   %ifutil
06:44:17         ens5    380.00    341.00    261.15    194.01      0.00      0.00      0.00      0.00

06:44:17        IFACE   rxpck/s   txpck/s    rxkB/s    txkB/s   rxcmp/s   txcmp/s  rxmcst/s   %ifutil
06:44:18         ens5    580.00    549.00    404.97    310.86      0.00      0.00      0.00      0.00

06:44:18        IFACE   rxpck/s   txpck/s    rxkB/s    txkB/s   rxcmp/s   txcmp/s  rxmcst/s   %ifutil
06:44:19         ens5     21.00     16.00     12.47      8.88      0.00      0.00      0.00      0.00

06:44:19        IFACE   rxpck/s   txpck/s    rxkB/s    txkB/s   rxcmp/s   txcmp/s  rxmcst/s   %ifutil
06:44:20         ens5      0.00      0.00      0.00      0.00      0.00      0.00      0.00      0.00

06:44:20        IFACE   rxpck/s   txpck/s    rxkB/s    txkB/s   rxcmp/s   txcmp/s  rxmcst/s   %ifutil
06:44:21         ens5      0.00      0.00      0.00      0.00      0.00      0.00      0.00      0.00

06:44:21        IFACE   rxpck/s   txpck/s    rxkB/s    txkB/s   rxcmp/s   txcmp/s  rxmcst/s   %ifutil
06:44:22         ens5      1.00      1.00      0.07      0.09      0.00      0.00      0.00      0.00

06:44:22        IFACE   rxpck/s   txpck/s    rxkB/s    txkB/s   rxcmp/s   txcmp/s  rxmcst/s   %ifutil
06:44:23         ens5      0.00      0.00      0.00      0.00      0.00      0.00      0.00      0.00

06:44:23        IFACE   rxpck/s   txpck/s    rxkB/s    txkB/s   rxcmp/s   txcmp/s  rxmcst/s   %ifutil
06:44:24         ens5      0.00      1.00      0.00      0.06      0.00      0.00      0.00      0.00

06:44:24        IFACE   rxpck/s   txpck/s    rxkB/s    txkB/s   rxcmp/s   txcmp/s  rxmcst/s   %ifutil
06:44:25         ens5      0.00      0.00      0.00      0.00      0.00      0.00      0.00      0.00

06:44:25        IFACE   rxpck/s   txpck/s    rxkB/s    txkB/s   rxcmp/s   txcmp/s  rxmcst/s   %ifutil
06:44:26         ens5      0.00      0.00      0.00      0.00      0.00      0.00      0.00      0.00


Average:        IFACE   rxpck/s   txpck/s    rxkB/s    txkB/s   rxcmp/s   txcmp/s  rxmcst/s   %ifutil
Average:         ens5     52.24     46.68     32.77     23.98      0.00      0.00      0.00      0.00
