Linux 7.0.0-1008-aws (ip-172-31-20-134) 	08/07/26 	_x86_64_	(2 CPU)

16:12:52        IFACE   rxpck/s   txpck/s    rxkB/s    txkB/s   rxcmp/s   txcmp/s  rxmcst/s   %ifutil
16:12:53         ens5     51.00     52.00      4.34      5.39      0.00      0.00      0.00      0.00

16:12:53        IFACE   rxpck/s   txpck/s    rxkB/s    txkB/s   rxcmp/s   txcmp/s  rxmcst/s   %ifutil
16:12:54         ens5     51.00     41.00      4.38      4.44      0.00      0.00      0.00      0.00

16:12:54        IFACE   rxpck/s   txpck/s    rxkB/s    txkB/s   rxcmp/s   txcmp/s  rxmcst/s   %ifutil
16:12:55         ens5     37.00     36.00      3.14      3.59      0.00      0.00      0.00      0.00

16:12:55        IFACE   rxpck/s   txpck/s    rxkB/s    txkB/s   rxcmp/s   txcmp/s  rxmcst/s   %ifutil
16:12:56         ens5      0.00      0.00      0.00      0.00      0.00      0.00      0.00      0.00

16:12:56        IFACE   rxpck/s   txpck/s    rxkB/s    txkB/s   rxcmp/s   txcmp/s  rxmcst/s   %ifutil
16:12:57         ens5      0.00      0.00      0.00      0.00      0.00      0.00      0.00      0.00

16:12:57        IFACE   rxpck/s   txpck/s    rxkB/s    txkB/s   rxcmp/s   txcmp/s  rxmcst/s   %ifutil
16:12:58         ens5      0.00      0.00      0.00      0.00      0.00      0.00      0.00      0.00

16:12:58        IFACE   rxpck/s   txpck/s    rxkB/s    txkB/s   rxcmp/s   txcmp/s  rxmcst/s   %ifutil
16:12:59         ens5     83.00     67.00     71.15     45.79      0.00      0.00      0.00      0.00

16:12:59        IFACE   rxpck/s   txpck/s    rxkB/s    txkB/s   rxcmp/s   txcmp/s  rxmcst/s   %ifutil
16:13:00         ens5    244.00    194.00    216.30    153.81      0.00      0.00      0.00      0.00

16:13:00        IFACE   rxpck/s   txpck/s    rxkB/s    txkB/s   rxcmp/s   txcmp/s  rxmcst/s   %ifutil
16:13:01         ens5    250.00    198.00    223.04    156.59      0.00      0.00      0.00      0.00

16:13:01        IFACE   rxpck/s   txpck/s    rxkB/s    txkB/s   rxcmp/s   txcmp/s  rxmcst/s   %ifutil
16:13:02         ens5    191.00    148.00    165.44    114.64      0.00      0.00      0.00      0.00

16:13:02        IFACE   rxpck/s   txpck/s    rxkB/s    txkB/s   rxcmp/s   txcmp/s  rxmcst/s   %ifutil
16:13:03         ens5    212.00    173.00    188.46    132.53      0.00      0.00      0.00      0.00

16:13:03        IFACE   rxpck/s   txpck/s    rxkB/s    txkB/s   rxcmp/s   txcmp/s  rxmcst/s   %ifutil
16:13:04         ens5    255.00    202.00    226.42    158.81      0.00      0.00      0.00      0.00

16:13:04        IFACE   rxpck/s   txpck/s    rxkB/s    txkB/s   rxcmp/s   txcmp/s  rxmcst/s   %ifutil
16:13:05         ens5    243.00    193.00    217.04    153.39      0.00      0.00      0.00      0.00

16:13:05        IFACE   rxpck/s   txpck/s    rxkB/s    txkB/s   rxcmp/s   txcmp/s  rxmcst/s   %ifutil
16:13:06         ens5    253.00    198.00    223.91    154.56      0.00      0.00      0.00      0.00

16:13:06        IFACE   rxpck/s   txpck/s    rxkB/s    txkB/s   rxcmp/s   txcmp/s  rxmcst/s   %ifutil
16:13:07         ens5    253.00    201.00    224.92    158.47      0.00      0.00      0.00      0.00

16:13:07        IFACE   rxpck/s   txpck/s    rxkB/s    txkB/s   rxcmp/s   txcmp/s  rxmcst/s   %ifutil
16:13:08         ens5    242.00    197.00    217.06    154.00      0.00      0.00      0.00      0.00

16:13:08        IFACE   rxpck/s   txpck/s    rxkB/s    txkB/s   rxcmp/s   txcmp/s  rxmcst/s   %ifutil
16:13:09         ens5    254.00    204.00    223.11    155.36      0.00      0.00      0.00      0.00

16:13:09        IFACE   rxpck/s   txpck/s    rxkB/s    txkB/s   rxcmp/s   txcmp/s  rxmcst/s   %ifutil
16:13:10         ens5    242.00    194.00    217.03    153.62      0.00      0.00      0.00      0.00

16:13:10        IFACE   rxpck/s   txpck/s    rxkB/s    txkB/s   rxcmp/s   txcmp/s  rxmcst/s   %ifutil
16:13:11         ens5    252.00    198.00    222.62    154.46      0.00      0.00      0.00      0.00

16:13:11        IFACE   rxpck/s   txpck/s    rxkB/s    txkB/s   rxcmp/s   txcmp/s  rxmcst/s   %ifutil
16:13:12         ens5    243.00    194.00    217.44    153.98      0.00      0.00      0.00      0.00

16:13:12        IFACE   rxpck/s   txpck/s    rxkB/s    txkB/s   rxcmp/s   txcmp/s  rxmcst/s   %ifutil
16:13:13         ens5    251.00    196.00    223.42    155.28      0.00      0.00      0.00      0.00

16:13:13        IFACE   rxpck/s   txpck/s    rxkB/s    txkB/s   rxcmp/s   txcmp/s  rxmcst/s   %ifutil
16:13:14         ens5    253.00    201.00    223.87    157.44      0.00      0.00      0.00      0.00

16:13:14        IFACE   rxpck/s   txpck/s    rxkB/s    txkB/s   rxcmp/s   txcmp/s  rxmcst/s   %ifutil
16:13:15         ens5    246.00    195.00    219.02    154.12      0.00      0.00      0.00      0.00

16:13:15        IFACE   rxpck/s   txpck/s    rxkB/s    txkB/s   rxcmp/s   txcmp/s  rxmcst/s   %ifutil
16:13:16         ens5    252.00    199.00    222.63    154.58      0.00      0.00      0.00      0.00

16:13:16        IFACE   rxpck/s   txpck/s    rxkB/s    txkB/s   rxcmp/s   txcmp/s  rxmcst/s   %ifutil
16:13:17         ens5    250.00    200.00    224.26    155.46      0.00      0.00      0.00      0.00

16:13:17        IFACE   rxpck/s   txpck/s    rxkB/s    txkB/s   rxcmp/s   txcmp/s  rxmcst/s   %ifutil
16:13:18         ens5    247.00    200.00    219.05    157.15      0.00      0.00      0.00      0.00

16:13:18        IFACE   rxpck/s   txpck/s    rxkB/s    txkB/s   rxcmp/s   txcmp/s  rxmcst/s   %ifutil
16:13:19         ens5    251.00    195.00    222.34    153.90      0.00      0.00      0.00      0.00

16:13:19        IFACE   rxpck/s   txpck/s    rxkB/s    txkB/s   rxcmp/s   txcmp/s  rxmcst/s   %ifutil
16:13:20         ens5    251.49    200.00    223.91    156.97      0.00      0.00      0.00      0.00

16:13:20        IFACE   rxpck/s   txpck/s    rxkB/s    txkB/s   rxcmp/s   txcmp/s  rxmcst/s   %ifutil
16:13:21         ens5    253.00    198.00    224.94    155.90      0.00      0.00      0.00      0.00

16:13:21        IFACE   rxpck/s   txpck/s    rxkB/s    txkB/s   rxcmp/s   txcmp/s  rxmcst/s   %ifutil
16:13:22         ens5    246.00    198.00    219.04    156.93      0.00      0.00      0.00      0.00

16:13:22        IFACE   rxpck/s   txpck/s    rxkB/s    txkB/s   rxcmp/s   txcmp/s  rxmcst/s   %ifutil
16:13:23         ens5    251.00    198.00    222.31    154.25      0.00      0.00      0.00      0.00

16:13:23        IFACE   rxpck/s   txpck/s    rxkB/s    txkB/s   rxcmp/s   txcmp/s  rxmcst/s   %ifutil
16:13:24         ens5    242.00    194.00    217.28    154.03      0.00      0.00      0.00      0.00

16:13:24        IFACE   rxpck/s   txpck/s    rxkB/s    txkB/s   rxcmp/s   txcmp/s  rxmcst/s   %ifutil
16:13:25         ens5    252.00    194.00    222.16    153.50      0.00      0.00      0.00      0.00

16:13:25        IFACE   rxpck/s   txpck/s    rxkB/s    txkB/s   rxcmp/s   txcmp/s  rxmcst/s   %ifutil
16:13:26         ens5    251.00    197.00    224.77    155.80      0.00      0.00      0.00      0.00

16:13:26        IFACE   rxpck/s   txpck/s    rxkB/s    txkB/s   rxcmp/s   txcmp/s  rxmcst/s   %ifutil
16:13:27         ens5    248.00    198.00    219.94    157.31      0.00      0.00      0.00      0.00

16:13:27        IFACE   rxpck/s   txpck/s    rxkB/s    txkB/s   rxcmp/s   txcmp/s  rxmcst/s   %ifutil
16:13:28         ens5    254.00    196.00    223.12    154.10      0.00      0.00      0.00      0.00

16:13:28        IFACE   rxpck/s   txpck/s    rxkB/s    txkB/s   rxcmp/s   txcmp/s  rxmcst/s   %ifutil
16:13:29         ens5    246.00    195.00    218.69    153.81      0.00      0.00      0.00      0.00

16:13:29        IFACE   rxpck/s   txpck/s    rxkB/s    txkB/s   rxcmp/s   txcmp/s  rxmcst/s   %ifutil
16:13:30         ens5    252.00    194.00    222.89    153.91      0.00      0.00      0.00      0.00

16:13:30        IFACE   rxpck/s   txpck/s    rxkB/s    txkB/s   rxcmp/s   txcmp/s  rxmcst/s   %ifutil
16:13:31         ens5    253.00    200.00    225.00    158.35      0.00      0.00      0.00      0.00

16:13:31        IFACE   rxpck/s   txpck/s    rxkB/s    txkB/s   rxcmp/s   txcmp/s  rxmcst/s   %ifutil
16:13:32         ens5    246.00    195.00    218.99    154.08      0.00      0.00      0.00      0.00

16:13:32        IFACE   rxpck/s   txpck/s    rxkB/s    txkB/s   rxcmp/s   txcmp/s  rxmcst/s   %ifutil
16:13:33         ens5    258.00    202.00    227.04    158.60      0.00      0.00      0.00      0.00

16:13:33        IFACE   rxpck/s   txpck/s    rxkB/s    txkB/s   rxcmp/s   txcmp/s  rxmcst/s   %ifutil
16:13:34         ens5    251.00    197.00    222.62    154.50      0.00      0.00      0.00      0.00

16:13:34        IFACE   rxpck/s   txpck/s    rxkB/s    txkB/s   rxcmp/s   txcmp/s  rxmcst/s   %ifutil
16:13:35         ens5    253.00    201.00    224.92    158.18      0.00      0.00      0.00      0.00

16:13:35        IFACE   rxpck/s   txpck/s    rxkB/s    txkB/s   rxcmp/s   txcmp/s  rxmcst/s   %ifutil
16:13:36         ens5    246.00    193.00    218.74    153.64      0.00      0.00      0.00      0.00

16:13:36        IFACE   rxpck/s   txpck/s    rxkB/s    txkB/s   rxcmp/s   txcmp/s  rxmcst/s   %ifutil
16:13:37         ens5    253.00    198.00    225.80    157.90      0.00      0.00      0.00      0.00

16:13:37        IFACE   rxpck/s   txpck/s    rxkB/s    txkB/s   rxcmp/s   txcmp/s  rxmcst/s   %ifutil
16:13:38         ens5    250.00    196.00    222.00    153.79      0.00      0.00      0.00      0.00

16:13:38        IFACE   rxpck/s   txpck/s    rxkB/s    txkB/s   rxcmp/s   txcmp/s  rxmcst/s   %ifutil
16:13:39         ens5    245.00    197.00    217.99    154.72      0.00      0.00      0.00      0.00

16:13:39        IFACE   rxpck/s   txpck/s    rxkB/s    txkB/s   rxcmp/s   txcmp/s  rxmcst/s   %ifutil
16:13:40         ens5    254.00    200.00    223.93    155.92      0.00      0.00      0.00      0.00

16:13:40        IFACE   rxpck/s   txpck/s    rxkB/s    txkB/s   rxcmp/s   txcmp/s  rxmcst/s   %ifutil
16:13:41         ens5    252.00    203.00    223.75    157.78      0.00      0.00      0.00      0.00

16:13:41        IFACE   rxpck/s   txpck/s    rxkB/s    txkB/s   rxcmp/s   txcmp/s  rxmcst/s   %ifutil
16:13:42         ens5    246.00    195.00    218.72    153.75      0.00      0.00      0.00      0.00

16:13:42        IFACE   rxpck/s   txpck/s    rxkB/s    txkB/s   rxcmp/s   txcmp/s  rxmcst/s   %ifutil
16:13:43         ens5    252.00    195.00    222.72    154.02      0.00      0.00      0.00      0.00

16:13:43        IFACE   rxpck/s   txpck/s    rxkB/s    txkB/s   rxcmp/s   txcmp/s  rxmcst/s   %ifutil
16:13:44         ens5    242.00    198.00    217.04    154.04      0.00      0.00      0.00      0.00

16:13:44        IFACE   rxpck/s   txpck/s    rxkB/s    txkB/s   rxcmp/s   txcmp/s  rxmcst/s   %ifutil
16:13:45         ens5    253.00    200.00    223.83    154.70      0.00      0.00      0.00      0.00

16:13:45        IFACE   rxpck/s   txpck/s    rxkB/s    txkB/s   rxcmp/s   txcmp/s  rxmcst/s   %ifutil
16:13:46         ens5    255.00    201.00    226.74    158.48      0.00      0.00      0.00      0.00

16:13:46        IFACE   rxpck/s   txpck/s    rxkB/s    txkB/s   rxcmp/s   txcmp/s  rxmcst/s   %ifutil
16:13:47         ens5    249.00    199.00    223.24    158.32      0.00      0.00      0.00      0.00

16:13:47        IFACE   rxpck/s   txpck/s    rxkB/s    txkB/s   rxcmp/s   txcmp/s  rxmcst/s   %ifutil
16:13:48         ens5    247.00    190.00    218.52    150.90      0.00      0.00      0.00      0.00

16:13:48        IFACE   rxpck/s   txpck/s    rxkB/s    txkB/s   rxcmp/s   txcmp/s  rxmcst/s   %ifutil
16:13:49         ens5    254.00    201.00    225.02    158.49      0.00      0.00      0.00      0.00

16:13:49        IFACE   rxpck/s   txpck/s    rxkB/s    txkB/s   rxcmp/s   txcmp/s  rxmcst/s   %ifutil
16:13:50         ens5    255.00    202.00    224.49    157.64      0.00      0.00      0.00      0.00

16:13:50        IFACE   rxpck/s   txpck/s    rxkB/s    txkB/s   rxcmp/s   txcmp/s  rxmcst/s   %ifutil
16:13:51         ens5    245.00    190.00    216.50    150.56      0.00      0.00      0.00      0.00

16:13:51        IFACE   rxpck/s   txpck/s    rxkB/s    txkB/s   rxcmp/s   txcmp/s  rxmcst/s   %ifutil
16:13:52         ens5    253.00    199.00    224.92    157.10      0.00      0.00      0.00      0.00

16:13:52        IFACE   rxpck/s   txpck/s    rxkB/s    txkB/s   rxcmp/s   txcmp/s  rxmcst/s   %ifutil
16:13:53         ens5    242.00    195.00    217.03    153.80      0.00      0.00      0.00      0.00

16:13:53        IFACE   rxpck/s   txpck/s    rxkB/s    txkB/s   rxcmp/s   txcmp/s  rxmcst/s   %ifutil
16:13:54         ens5    251.00    192.00    223.19    154.47      0.00      0.00      0.00      0.00

16:13:54        IFACE   rxpck/s   txpck/s    rxkB/s    txkB/s   rxcmp/s   txcmp/s  rxmcst/s   %ifutil
16:13:55         ens5    249.00    199.00    222.98    156.83      0.00      0.00      0.00      0.00

16:13:55        IFACE   rxpck/s   txpck/s    rxkB/s    txkB/s   rxcmp/s   txcmp/s  rxmcst/s   %ifutil
16:13:56         ens5    242.00    192.00    215.12    149.89      0.00      0.00      0.00      0.00

16:13:56        IFACE   rxpck/s   txpck/s    rxkB/s    txkB/s   rxcmp/s   txcmp/s  rxmcst/s   %ifutil
16:13:57         ens5      0.00      0.00      0.00      0.00      0.00      0.00      0.00      0.00

16:13:57        IFACE   rxpck/s   txpck/s    rxkB/s    txkB/s   rxcmp/s   txcmp/s  rxmcst/s   %ifutil
16:13:58         ens5      1.00      1.00      0.07      0.09      0.00      0.00      0.00      0.00



Average:        IFACE   rxpck/s   txpck/s    rxkB/s    txkB/s   rxcmp/s   txcmp/s  rxmcst/s   %ifutil
Average:         ens5    217.42    172.26    191.37    134.07      0.00      0.00      0.00      0.00
