Linux 7.0.0-1008-aws (ip-172-31-20-134) 	08/07/26 	_x86_64_	(2 CPU)

15:11:10        IFACE   rxpck/s   txpck/s    rxkB/s    txkB/s   rxcmp/s   txcmp/s  rxmcst/s   %ifutil
15:11:11         ens5     52.00     53.00      4.40      5.59      0.00      0.00      0.00      0.00

15:11:11        IFACE   rxpck/s   txpck/s    rxkB/s    txkB/s   rxcmp/s   txcmp/s  rxmcst/s   %ifutil
15:11:12         ens5     14.00     13.00      1.17      1.29      0.00      0.00      0.00      0.00

15:11:12        IFACE   rxpck/s   txpck/s    rxkB/s    txkB/s   rxcmp/s   txcmp/s  rxmcst/s   %ifutil
15:11:13         ens5      0.00      0.00      0.00      0.00      0.00      0.00      0.00      0.00

15:11:13        IFACE   rxpck/s   txpck/s    rxkB/s    txkB/s   rxcmp/s   txcmp/s  rxmcst/s   %ifutil
15:11:14         ens5      0.00      0.00      0.00      0.00      0.00      0.00      0.00      0.00

15:11:14        IFACE   rxpck/s   txpck/s    rxkB/s    txkB/s   rxcmp/s   txcmp/s  rxmcst/s   %ifutil
15:11:15         ens5      0.00      0.00      0.00      0.00      0.00      0.00      0.00      0.00

15:11:15        IFACE   rxpck/s   txpck/s    rxkB/s    txkB/s   rxcmp/s   txcmp/s  rxmcst/s   %ifutil
15:11:16         ens5      1.00      1.00      0.21      0.22      0.00      0.00      0.00      0.00

15:11:16        IFACE   rxpck/s   txpck/s    rxkB/s    txkB/s   rxcmp/s   txcmp/s  rxmcst/s   %ifutil
15:11:17         ens5      0.00      0.00      0.00      0.00      0.00      0.00      0.00      0.00

15:11:17        IFACE   rxpck/s   txpck/s    rxkB/s    txkB/s   rxcmp/s   txcmp/s  rxmcst/s   %ifutil
15:11:18         ens5     61.00     62.00     27.40     10.45      0.00      0.00      0.00      0.00

15:11:18        IFACE   rxpck/s   txpck/s    rxkB/s    txkB/s   rxcmp/s   txcmp/s  rxmcst/s   %ifutil
15:11:19         ens5     57.00     58.00     18.23     12.38      0.00      0.00      0.00      0.00

15:11:19        IFACE   rxpck/s   txpck/s    rxkB/s    txkB/s   rxcmp/s   txcmp/s  rxmcst/s   %ifutil
15:11:20         ens5     56.00     56.00     17.69     11.95      0.00      0.00      0.00      0.00

15:11:20        IFACE   rxpck/s   txpck/s    rxkB/s    txkB/s   rxcmp/s   txcmp/s  rxmcst/s   %ifutil
15:11:21         ens5     56.00     56.00     17.71     11.97      0.00      0.00      0.00      0.00

15:11:21        IFACE   rxpck/s   txpck/s    rxkB/s    txkB/s   rxcmp/s   txcmp/s  rxmcst/s   %ifutil
15:11:22         ens5     56.00     56.00     17.80     12.06      0.00      0.00      0.00      0.00

15:11:22        IFACE   rxpck/s   txpck/s    rxkB/s    txkB/s   rxcmp/s   txcmp/s  rxmcst/s   %ifutil
15:11:23         ens5     56.00     56.00     17.80     12.06      0.00      0.00      0.00      0.00

15:11:23        IFACE   rxpck/s   txpck/s    rxkB/s    txkB/s   rxcmp/s   txcmp/s  rxmcst/s   %ifutil
15:11:24         ens5     56.00     56.00     17.80     12.06      0.00      0.00      0.00      0.00

15:11:24        IFACE   rxpck/s   txpck/s    rxkB/s    txkB/s   rxcmp/s   txcmp/s  rxmcst/s   %ifutil
15:11:25         ens5     57.00     57.00     17.88     12.15      0.00      0.00      0.00      0.00

15:11:25        IFACE   rxpck/s   txpck/s    rxkB/s    txkB/s   rxcmp/s   txcmp/s  rxmcst/s   %ifutil
15:11:26         ens5     56.00     56.00     17.80     12.06      0.00      0.00      0.00      0.00

15:11:26        IFACE   rxpck/s   txpck/s    rxkB/s    txkB/s   rxcmp/s   txcmp/s  rxmcst/s   %ifutil
15:11:27         ens5     57.00     57.00     17.89     12.17      0.00      0.00      0.00      0.00

15:11:27        IFACE   rxpck/s   txpck/s    rxkB/s    txkB/s   rxcmp/s   txcmp/s  rxmcst/s   %ifutil
15:11:28         ens5     56.00     56.00     17.80     12.06      0.00      0.00      0.00      0.00

15:11:28        IFACE   rxpck/s   txpck/s    rxkB/s    txkB/s   rxcmp/s   txcmp/s  rxmcst/s   %ifutil
15:11:29         ens5     57.00     57.00     17.85     12.12      0.00      0.00      0.00      0.00

15:11:29        IFACE   rxpck/s   txpck/s    rxkB/s    txkB/s   rxcmp/s   txcmp/s  rxmcst/s   %ifutil
15:11:30         ens5     56.00     56.00     17.80     12.06      0.00      0.00      0.00      0.00

15:11:30        IFACE   rxpck/s   txpck/s    rxkB/s    txkB/s   rxcmp/s   txcmp/s  rxmcst/s   %ifutil
15:11:31         ens5     55.00     55.00     17.71     11.95      0.00      0.00      0.00      0.00

15:11:31        IFACE   rxpck/s   txpck/s    rxkB/s    txkB/s   rxcmp/s   txcmp/s  rxmcst/s   %ifutil
15:11:32         ens5     56.00     56.00     17.80     12.06      0.00      0.00      0.00      0.00

15:11:32        IFACE   rxpck/s   txpck/s    rxkB/s    txkB/s   rxcmp/s   txcmp/s  rxmcst/s   %ifutil
15:11:33         ens5     56.00     56.00     17.80     12.06      0.00      0.00      0.00      0.00

15:11:33        IFACE   rxpck/s   txpck/s    rxkB/s    txkB/s   rxcmp/s   txcmp/s  rxmcst/s   %ifutil
15:11:34         ens5     56.00     56.00     17.80     12.06      0.00      0.00      0.00      0.00

15:11:34        IFACE   rxpck/s   txpck/s    rxkB/s    txkB/s   rxcmp/s   txcmp/s  rxmcst/s   %ifutil
15:11:35         ens5     56.00     56.00     17.80     12.06      0.00      0.00      0.00      0.00

15:11:35        IFACE   rxpck/s   txpck/s    rxkB/s    txkB/s   rxcmp/s   txcmp/s  rxmcst/s   %ifutil
15:11:36         ens5     56.00     56.00     17.80     12.06      0.00      0.00      0.00      0.00

15:11:36        IFACE   rxpck/s   txpck/s    rxkB/s    txkB/s   rxcmp/s   txcmp/s  rxmcst/s   %ifutil
15:11:37         ens5     56.00     55.00     17.80     11.74      0.00      0.00      0.00      0.00

15:11:37        IFACE   rxpck/s   txpck/s    rxkB/s    txkB/s   rxcmp/s   txcmp/s  rxmcst/s   %ifutil
15:11:38         ens5     56.00     57.00     17.80     12.38      0.00      0.00      0.00      0.00

15:11:38        IFACE   rxpck/s   txpck/s    rxkB/s    txkB/s   rxcmp/s   txcmp/s  rxmcst/s   %ifutil
15:11:39         ens5     57.00     57.00     17.83     12.10      0.00      0.00      0.00      0.00

15:11:39        IFACE   rxpck/s   txpck/s    rxkB/s    txkB/s   rxcmp/s   txcmp/s  rxmcst/s   %ifutil
15:11:40         ens5     56.00     56.00     17.80     12.06      0.00      0.00      0.00      0.00

15:11:40        IFACE   rxpck/s   txpck/s    rxkB/s    txkB/s   rxcmp/s   txcmp/s  rxmcst/s   %ifutil
15:11:41         ens5     57.00     58.00     17.88     12.25      0.00      0.00      0.00      0.00

15:11:41        IFACE   rxpck/s   txpck/s    rxkB/s    txkB/s   rxcmp/s   txcmp/s  rxmcst/s   %ifutil
15:11:42         ens5     56.00     56.00     17.80     12.06      0.00      0.00      0.00      0.00

15:11:42        IFACE   rxpck/s   txpck/s    rxkB/s    txkB/s   rxcmp/s   txcmp/s  rxmcst/s   %ifutil
15:11:43         ens5     56.00     56.00     17.80     12.06      0.00      0.00      0.00      0.00

15:11:43        IFACE   rxpck/s   txpck/s    rxkB/s    txkB/s   rxcmp/s   txcmp/s  rxmcst/s   %ifutil
15:11:44         ens5     55.00     55.00     17.26     11.74      0.00      0.00      0.00      0.00

15:11:44        IFACE   rxpck/s   txpck/s    rxkB/s    txkB/s   rxcmp/s   txcmp/s  rxmcst/s   %ifutil
15:11:45         ens5     56.00     56.00     17.80     12.06      0.00      0.00      0.00      0.00

15:11:45        IFACE   rxpck/s   txpck/s    rxkB/s    txkB/s   rxcmp/s   txcmp/s  rxmcst/s   %ifutil
15:11:46         ens5     56.00     56.00     17.80     12.06      0.00      0.00      0.00      0.00

15:11:46        IFACE   rxpck/s   txpck/s    rxkB/s    txkB/s   rxcmp/s   txcmp/s  rxmcst/s   %ifutil
15:11:47         ens5     56.00     56.00     17.80     12.06      0.00      0.00      0.00      0.00

15:11:47        IFACE   rxpck/s   txpck/s    rxkB/s    txkB/s   rxcmp/s   txcmp/s  rxmcst/s   %ifutil
15:11:48         ens5     55.00     55.00     17.71     11.95      0.00      0.00      0.00      0.00

15:11:48        IFACE   rxpck/s   txpck/s    rxkB/s    txkB/s   rxcmp/s   txcmp/s  rxmcst/s   %ifutil
15:11:49         ens5     57.00     57.00     17.89     12.17      0.00      0.00      0.00      0.00

15:11:49        IFACE   rxpck/s   txpck/s    rxkB/s    txkB/s   rxcmp/s   txcmp/s  rxmcst/s   %ifutil
15:11:50         ens5     55.00     55.00     17.71     11.95      0.00      0.00      0.00      0.00

15:11:50        IFACE   rxpck/s   txpck/s    rxkB/s    txkB/s   rxcmp/s   txcmp/s  rxmcst/s   %ifutil
15:11:51         ens5     57.00     57.00     17.83     12.10      0.00      0.00      0.00      0.00

15:11:51        IFACE   rxpck/s   txpck/s    rxkB/s    txkB/s   rxcmp/s   txcmp/s  rxmcst/s   %ifutil
15:11:52         ens5     56.00     56.00     17.80     12.06      0.00      0.00      0.00      0.00

15:11:52        IFACE   rxpck/s   txpck/s    rxkB/s    txkB/s   rxcmp/s   txcmp/s  rxmcst/s   %ifutil
15:11:53         ens5     55.00     55.00     17.26     11.74      0.00      0.00      0.00      0.00

15:11:53        IFACE   rxpck/s   txpck/s    rxkB/s    txkB/s   rxcmp/s   txcmp/s  rxmcst/s   %ifutil
15:11:54         ens5      1.00      1.00      0.54      0.32      0.00      0.00      0.00      0.00

15:11:54        IFACE   rxpck/s   txpck/s    rxkB/s    txkB/s   rxcmp/s   txcmp/s  rxmcst/s   %ifutil
15:11:55         ens5      0.00      0.00      0.00      0.00      0.00      0.00      0.00      0.00

15:11:55        IFACE   rxpck/s   txpck/s    rxkB/s    txkB/s   rxcmp/s   txcmp/s  rxmcst/s   %ifutil
15:11:56         ens5      0.00      0.00      0.00      0.00      0.00      0.00      0.00      0.00

15:11:56        IFACE   rxpck/s   txpck/s    rxkB/s    txkB/s   rxcmp/s   txcmp/s  rxmcst/s   %ifutil
15:11:57         ens5      1.00      1.00      0.07      0.09      0.00      0.00      0.00      0.00


Average:        IFACE   rxpck/s   txpck/s    rxkB/s    txkB/s   rxcmp/s   txcmp/s  rxmcst/s   %ifutil
Average:         ens5     44.53     44.60     13.96      9.36      0.00      0.00      0.00      0.00
