Linux 7.0.0-1010-aws (ip-172-31-31-224) 	08/11/26 	_x86_64_	(2 CPU)

06:56:47        CPU     %user     %nice   %system   %iowait    %steal     %idle
06:56:48        all     51.74      0.00      3.98      0.00      1.00     43.28
06:56:49        all     51.01      0.00      3.03      0.00      0.00     45.96
06:56:50        all     47.26      0.00      3.48      0.00      3.48     45.77
06:56:51        all     45.50      0.00      4.50      0.00      3.00     47.00
06:56:52        all     49.24      0.00      3.55      0.00      0.51     46.70
06:56:53        all     49.50      0.00      3.00      0.00      1.00     46.50
06:56:54        all     47.52      0.00      3.96      0.00      3.96     44.55
06:56:55        all     52.50      0.00      5.00      0.00      1.00     41.50
06:56:56        all     14.65      0.00      0.51      0.00      0.00     84.85
06:56:57        all      0.00      0.00      0.50      0.00      0.00     99.50
06:56:58        all      0.00      0.00      0.00      0.00      0.50     99.50
06:56:59        all      5.97      0.00      1.00      0.00      0.00     93.03
06:57:00        all      0.00      0.00      0.00      0.00      2.50     97.50
06:57:01        all      0.99      0.00      0.00      0.00      1.49     97.52
06:57:02        all      2.14      0.00      2.56      0.00     30.34     64.96
06:57:03        all      1.83      0.00      2.75      0.00     17.43     77.98
06:57:04        all      1.93      0.00      1.45      0.00      6.76     89.86
06:57:05        all      0.00      0.00      0.50      0.00      0.50     98.99
06:57:06        all      0.00      0.00      0.00      0.00      0.50     99.50
06:57:07        all      1.00      0.00      0.00      0.00      0.00     99.00
06:57:08        all      0.00      0.00      0.50      0.00      0.50     99.00
06:57:09        all      0.00      0.00      0.50      0.00      0.50     99.00
06:57:10        all      0.50      0.00      0.00      0.00      0.00     99.50
06:57:11        all      0.50      0.00      0.50      0.00      1.00     98.00
06:57:12        all      0.00      0.00      0.00      0.00      0.00    100.00

Average:        all     16.78      0.00      1.66      0.00      3.28     78.27
