Linux 7.0.0-1010-aws (ip-172-31-31-224) 	08/11/26 	_x86_64_	(2 CPU)

06:56:47    kbmemfree   kbavail kbmemused  %memused kbbuffers  kbcached  kbcommit   %commit  kbactive   kbinact   kbdirty
06:56:48       696408   1297792    433516     22.22     16168    727360   1601648     82.10    399084    690140       296
06:56:49       608208   1209592    521716     26.74     16168    727360   1685136     86.38    480708    690140       296
06:56:50       559824   1161212    570096     29.22     16168    727364   1743576     89.37    538872    690144       300
06:56:51       463308   1064696    666612     34.17     16168    727364   1835432     94.08    633552    690144       300
06:56:52       366792    968180    763128     39.12     16168    727364   1927644     98.81    722884    690144       300
06:56:53       326472    927860    803448     41.18     16168    727364   1973540    101.16    768624    690144       300
06:56:54       254148    855536    875772     44.89     16168    727364   2040912    104.61    839632    690144       300
06:56:55       117060    718452   1012856     51.92     16168    727368   2182176    111.86    977640    690148       304
06:56:56       117060    718452   1012856     51.92     16168    727368   2182176    111.86    977640    690148       256
06:56:57       117060    718452   1012856     51.92     16168    727368   2182176    111.86    977640    690148       256
06:56:58       117060    718452   1012856     51.92     16168    727368   2182176    111.86    977640    690148       256
06:56:59       117060    718452   1012848     51.92     16168    727376   2182176    111.86    977524    690148       268
06:57:00       117060    718452   1012844     51.92     16168    727380   2182176    111.86    977524    690148       272
06:57:01       117060    718452   1012844     51.92     16168    727380   2182176    111.86    977524    690148       272
06:57:02       117060    718464   1012844     51.92     16168    727380   2182240    111.86    977636    690160       272
06:57:03       117060    718464   1012844     51.92     16168    727380   2182240    111.86    977636    690160       272
06:57:04       117060    718464   1012844     51.92     16168    727380   2182240    111.86    977636    690160       272
06:57:05       117060    718464   1012844     51.92     16168    727380   2182240    111.86    977636    690160       272
06:57:06       117060    718464   1012840     51.92     16168    727384   2182240    111.86    977636    690160       276
06:57:07       117060    718468   1012836     51.92     16168    727388   2182240    111.86    978252    690164       280
06:57:08       117060    718468   1012832     51.92     16168    727392   2182240    111.86    978252    690164       284
06:57:09       117060    718468   1012832     51.92     16168    727392   2182240    111.86    978252    690164       284
06:57:10       117060    718468   1012832     51.92     16168    727392   2182240    111.86    978252    690164       284
06:57:11       117060    718468   1012828     51.92     16168    727396   2182240    111.86    978252    690164       288
06:57:12       117060    718468   1012828     51.92     16168    727396   2182240    111.86    978252    690164       288

Average:       215290    816686    914618     46.88     16168    727376   2083510    106.80    879367    690153       282
