Linux 7.0.0-1010-aws (ip-172-31-31-224) 	08/11/26 	_x86_64_	(2 CPU)

09:04:22    kbmemfree   kbavail kbmemused  %memused kbbuffers  kbcached  kbcommit   %commit  kbactive   kbinact   kbdirty
09:04:23       743016   1290128    440584     22.58     22544    666388   1614808     82.77    429640    605760       188
09:04:24       663888   1211004    519708     26.64     22544    666392   1685816     86.41    501332    605764       192
09:04:25       599376   1146492    584220     29.95     22544    666392   1760576     90.24    574616    605764       192
09:04:26       503868   1050984    679728     34.84     22544    666392   1852752     94.97    669028    605764       192
09:04:27       431544    978660    752052     38.55     22544    666392   1923716     98.61    739988    605764       192
09:04:28       367032    914148    816564     41.86     22544    666392   1982284    101.61    799812    605764       192
09:04:29       279084    826208    904500     46.36     22544    666404   2078728    106.55    894712    605772       204
09:04:30       182820    729948   1000764     51.30     22544    666404   2169936    111.23    983824    605776       204
09:04:31       142500    689628   1041084     53.36     22544    666404   2220120    113.80   1036640    605776       160
09:04:32       142500    689628   1041084     53.36     22544    666404   2220120    113.80   1036640    605776       160
09:04:33       142500    689628   1041084     53.36     22544    666404   2220120    113.80   1036764    605776       160
09:04:34       142500    689628   1041080     53.36     22544    666408   2220120    113.80   1036764    605776       168
09:04:35       142500    689632   1041080     53.36     22544    666408   2220120    113.80   1036776    605780        20
09:04:36       141492    688624   1042088     53.42     22544    666408   2220120    113.80   1037272    605780        20
09:04:37       141492    688624   1042088     53.42     22544    666408   2220120    113.80   1037396    605780        20
09:04:38       141492    688624   1042088     53.42     22544    666408   2220120    113.80   1037396    605780        20
09:04:39       141620    688752   1041956     53.41     22544    666412   2220120    113.80   1037396    605780        24
09:04:40       141620    688752   1041956     53.41     22544    666412   2220120    113.80   1037396    605780        24
09:04:41       141620    688752   1041956     53.41     22544    666412   2220120    113.80   1037396    605780        24
09:04:42       141620    688752   1041956     53.41     22544    666412   2220120    113.80   1037396    605780        24
09:04:43       141620    688752   1041952     53.41     22544    666416   2220120    113.80   1037396    605780        28
09:04:44       141396    688536   1042164     53.42     22544    666428   2220120    113.80   1037712    605788        40
09:04:45       141396    688536   1042164     53.42     22544    666428   2220120    113.80   1037712    605788        40
09:04:46       141396    688536   1042164     53.42     22544    666428   2220120    113.80   1037712    605788        40
09:04:47       141396    688568   1042140     53.42     22568    666428   2220120    113.80   1037804    605820       144

Average:       247252    794381    936328     47.99     22545    666407   2112426    108.28    929061    605777       107
