Linux 7.0.0-1010-aws (ip-172-31-31-224) 	08/11/26 	_x86_64_	(2 CPU)

09:04:22        IFACE   rxpck/s   txpck/s    rxkB/s    txkB/s   rxcmp/s   txcmp/s  rxmcst/s   %ifutil
09:04:23         ens5     45.00     43.00      3.88      5.77      0.00      0.00      0.00      0.00

09:04:23        IFACE   rxpck/s   txpck/s    rxkB/s    txkB/s   rxcmp/s   txcmp/s  rxmcst/s   %ifutil
09:04:24         ens5     64.00     53.00      5.15      6.29      0.00      0.00      0.00      0.00

09:04:24        IFACE   rxpck/s   txpck/s    rxkB/s    txkB/s   rxcmp/s   txcmp/s  rxmcst/s   %ifutil
09:04:25         ens5     42.00     40.00      3.56      5.10      0.00      0.00      0.00      0.00

09:04:25        IFACE   rxpck/s   txpck/s    rxkB/s    txkB/s   rxcmp/s   txcmp/s  rxmcst/s   %ifutil
09:04:26         ens5      9.00      7.00      0.46      1.47      0.00      0.00      0.00      0.00

09:04:26        IFACE   rxpck/s   txpck/s    rxkB/s    txkB/s   rxcmp/s   txcmp/s  rxmcst/s   %ifutil
09:04:27         ens5      7.00      6.00      0.36      1.32      0.00      0.00      0.00      0.00

09:04:27        IFACE   rxpck/s   txpck/s    rxkB/s    txkB/s   rxcmp/s   txcmp/s  rxmcst/s   %ifutil
09:04:28         ens5      8.00      8.00      0.41      1.66      0.00      0.00      0.00      0.00

09:04:28        IFACE   rxpck/s   txpck/s    rxkB/s    txkB/s   rxcmp/s   txcmp/s  rxmcst/s   %ifutil
09:04:29         ens5      8.00      7.00      0.44      1.39      0.00      0.00      0.00      0.00

09:04:29        IFACE   rxpck/s   txpck/s    rxkB/s    txkB/s   rxcmp/s   txcmp/s  rxmcst/s   %ifutil
09:04:30         ens5      4.00      5.00      0.20      0.95      0.00      0.00      0.00      0.00

09:04:30        IFACE   rxpck/s   txpck/s    rxkB/s    txkB/s   rxcmp/s   txcmp/s  rxmcst/s   %ifutil
09:04:31         ens5      3.00      3.00      0.15      0.61      0.00      0.00      0.00      0.00

09:04:31        IFACE   rxpck/s   txpck/s    rxkB/s    txkB/s   rxcmp/s   txcmp/s  rxmcst/s   %ifutil
09:04:32         ens5      1.00      1.00      0.07      0.09      0.00      0.00      0.00      0.00

09:04:32        IFACE   rxpck/s   txpck/s    rxkB/s    txkB/s   rxcmp/s   txcmp/s  rxmcst/s   %ifutil
09:04:33         ens5     26.00     22.00      4.51     11.75      0.00      0.00      0.00      0.00

09:04:33        IFACE   rxpck/s   txpck/s    rxkB/s    txkB/s   rxcmp/s   txcmp/s  rxmcst/s   %ifutil
09:04:34         ens5      0.00      0.00      0.00      0.00      0.00      0.00      0.00      0.00

09:04:34        IFACE   rxpck/s   txpck/s    rxkB/s    txkB/s   rxcmp/s   txcmp/s  rxmcst/s   %ifutil
09:04:35         ens5      0.00      0.00      0.00      0.00      0.00      0.00      0.00      0.00

09:04:35        IFACE   rxpck/s   txpck/s    rxkB/s    txkB/s   rxcmp/s   txcmp/s  rxmcst/s   %ifutil
09:04:36         ens5      0.00      0.00      0.00      0.00      0.00      0.00      0.00      0.00

09:04:36        IFACE   rxpck/s   txpck/s    rxkB/s    txkB/s   rxcmp/s   txcmp/s  rxmcst/s   %ifutil
09:04:37         ens5    237.00    184.00     45.69     73.23      0.00      0.00      0.00      0.00

09:04:37        IFACE   rxpck/s   txpck/s    rxkB/s    txkB/s   rxcmp/s   txcmp/s  rxmcst/s   %ifutil
09:04:38         ens5   1117.00    912.00    216.87    371.65      0.00      0.00      0.00      0.00

09:04:38        IFACE   rxpck/s   txpck/s    rxkB/s    txkB/s   rxcmp/s   txcmp/s  rxmcst/s   %ifutil
09:04:39         ens5    921.00    701.00    163.11    279.45      0.00      0.00      0.00      0.00

09:04:39        IFACE   rxpck/s   txpck/s    rxkB/s    txkB/s   rxcmp/s   txcmp/s  rxmcst/s   %ifutil
09:04:40         ens5    124.00     92.00     20.88     36.29      0.00      0.00      0.00      0.00

09:04:40        IFACE   rxpck/s   txpck/s    rxkB/s    txkB/s   rxcmp/s   txcmp/s  rxmcst/s   %ifutil
09:04:41         ens5      0.00      0.00      0.00      0.00      0.00      0.00      0.00      0.00

09:04:41        IFACE   rxpck/s   txpck/s    rxkB/s    txkB/s   rxcmp/s   txcmp/s  rxmcst/s   %ifutil
09:04:42         ens5      0.00      0.00      0.00      0.00      0.00      0.00      0.00      0.00

09:04:42        IFACE   rxpck/s   txpck/s    rxkB/s    txkB/s   rxcmp/s   txcmp/s  rxmcst/s   %ifutil
09:04:43         ens5      0.00      0.00      0.00      0.00      0.00      0.00      0.00      0.00

09:04:43        IFACE   rxpck/s   txpck/s    rxkB/s    txkB/s   rxcmp/s   txcmp/s  rxmcst/s   %ifutil
09:04:44         ens5      0.00      0.00      0.00      0.00      0.00      0.00      0.00      0.00

09:04:44        IFACE   rxpck/s   txpck/s    rxkB/s    txkB/s   rxcmp/s   txcmp/s  rxmcst/s   %ifutil
09:04:45         ens5      0.00      0.00      0.00      0.00      0.00      0.00      0.00      0.00

09:04:45        IFACE   rxpck/s   txpck/s    rxkB/s    txkB/s   rxcmp/s   txcmp/s  rxmcst/s   %ifutil
09:04:46         ens5      0.00      0.00      0.00      0.00      0.00      0.00      0.00      0.00

09:04:46        IFACE   rxpck/s   txpck/s    rxkB/s    txkB/s   rxcmp/s   txcmp/s  rxmcst/s   %ifutil
09:04:47         ens5      0.00      0.00      0.00      0.00      0.00      0.00      0.00      0.00


Average:        IFACE   rxpck/s   txpck/s    rxkB/s    txkB/s   rxcmp/s   txcmp/s  rxmcst/s   %ifutil
Average:         ens5    104.64     83.36     18.63     31.88      0.00      0.00      0.00      0.00
