Linux 7.0.0-1010-aws (ip-172-31-31-224) 	08/11/26 	_x86_64_	(2 CPU)

09:18:52        IFACE   rxpck/s   txpck/s    rxkB/s    txkB/s   rxcmp/s   txcmp/s  rxmcst/s   %ifutil
09:18:53         ens5     57.00     53.00      4.69      6.59      0.00      0.00      0.00      0.00

09:18:53        IFACE   rxpck/s   txpck/s    rxkB/s    txkB/s   rxcmp/s   txcmp/s  rxmcst/s   %ifutil
09:18:54         ens5     50.00     46.00      4.19      5.39      0.00      0.00      0.00      0.00

09:18:54        IFACE   rxpck/s   txpck/s    rxkB/s    txkB/s   rxcmp/s   txcmp/s  rxmcst/s   %ifutil
09:18:55         ens5     11.00      9.00      0.57      1.80      0.00      0.00      0.00      0.00

09:18:55        IFACE   rxpck/s   txpck/s    rxkB/s    txkB/s   rxcmp/s   txcmp/s  rxmcst/s   %ifutil
09:18:56         ens5      6.00      7.00      0.30      1.48      0.00      0.00      0.00      0.00

09:18:56        IFACE   rxpck/s   txpck/s    rxkB/s    txkB/s   rxcmp/s   txcmp/s  rxmcst/s   %ifutil
09:18:57         ens5      6.00      5.00      0.30      1.10      0.00      0.00      0.00      0.00

09:18:57        IFACE   rxpck/s   txpck/s    rxkB/s    txkB/s   rxcmp/s   txcmp/s  rxmcst/s   %ifutil
09:18:58         ens5     11.00     11.00      0.56      2.19      0.00      0.00      0.00      0.00

09:18:58        IFACE   rxpck/s   txpck/s    rxkB/s    txkB/s   rxcmp/s   txcmp/s  rxmcst/s   %ifutil
09:18:59         ens5      5.00      5.00      0.25      1.09      0.00      0.00      0.00      0.00

09:18:59        IFACE   rxpck/s   txpck/s    rxkB/s    txkB/s   rxcmp/s   txcmp/s  rxmcst/s   %ifutil
09:19:00         ens5      3.00      3.00      0.15      0.66      0.00      0.00      0.00      0.00

09:19:00        IFACE   rxpck/s   txpck/s    rxkB/s    txkB/s   rxcmp/s   txcmp/s  rxmcst/s   %ifutil
09:19:01         ens5      3.00      3.00      0.15      0.61      0.00      0.00      0.00      0.00

09:19:01        IFACE   rxpck/s   txpck/s    rxkB/s    txkB/s   rxcmp/s   txcmp/s  rxmcst/s   %ifutil
09:19:02         ens5      0.00      0.00      0.00      0.00      0.00      0.00      0.00      0.00

09:19:02        IFACE   rxpck/s   txpck/s    rxkB/s    txkB/s   rxcmp/s   txcmp/s  rxmcst/s   %ifutil
09:19:03         ens5      0.00      0.00      0.00      0.00      0.00      0.00      0.00      0.00

09:19:03        IFACE   rxpck/s   txpck/s    rxkB/s    txkB/s   rxcmp/s   txcmp/s  rxmcst/s   %ifutil
09:19:04         ens5      2.00      2.00      0.14      0.46      0.00      0.00      0.00      0.00

09:19:04        IFACE   rxpck/s   txpck/s    rxkB/s    txkB/s   rxcmp/s   txcmp/s  rxmcst/s   %ifutil
09:19:05         ens5      1.00      1.00      0.07      0.09      0.00      0.00      0.00      0.00

09:19:05        IFACE   rxpck/s   txpck/s    rxkB/s    txkB/s   rxcmp/s   txcmp/s  rxmcst/s   %ifutil
09:19:06         ens5      0.00      0.00      0.00      0.00      0.00      0.00      0.00      0.00

09:19:06        IFACE   rxpck/s   txpck/s    rxkB/s    txkB/s   rxcmp/s   txcmp/s  rxmcst/s   %ifutil
09:19:07         ens5      0.00      0.00      0.00      0.00      0.00      0.00      0.00      0.00

09:19:07        IFACE   rxpck/s   txpck/s    rxkB/s    txkB/s   rxcmp/s   txcmp/s  rxmcst/s   %ifutil
09:19:08         ens5      8.00      8.00      0.57      1.86      0.00      0.00      0.00      0.00

09:19:08        IFACE   rxpck/s   txpck/s    rxkB/s    txkB/s   rxcmp/s   txcmp/s  rxmcst/s   %ifutil
09:19:09         ens5    100.00    126.00      7.68     29.81      0.00      0.00      0.00      0.00

09:19:09        IFACE   rxpck/s   txpck/s    rxkB/s    txkB/s   rxcmp/s   txcmp/s  rxmcst/s   %ifutil
09:19:10         ens5    151.00    189.00     11.51     44.19      0.00      0.00      0.00      0.00

09:19:10        IFACE   rxpck/s   txpck/s    rxkB/s    txkB/s   rxcmp/s   txcmp/s  rxmcst/s   %ifutil
09:19:11         ens5     28.00     34.00      2.10      7.89      0.00      0.00      0.00      0.00

09:19:11        IFACE   rxpck/s   txpck/s    rxkB/s    txkB/s   rxcmp/s   txcmp/s  rxmcst/s   %ifutil
09:19:12         ens5      1.00      0.00      0.05      0.00      0.00      0.00      0.00      0.00

09:19:12        IFACE   rxpck/s   txpck/s    rxkB/s    txkB/s   rxcmp/s   txcmp/s  rxmcst/s   %ifutil
09:19:13         ens5      1.00      1.00      0.03      0.04      0.00      0.00      0.00      0.00

09:19:13        IFACE   rxpck/s   txpck/s    rxkB/s    txkB/s   rxcmp/s   txcmp/s  rxmcst/s   %ifutil
09:19:14         ens5      0.00      0.00      0.00      0.00      0.00      0.00      0.00      0.00

09:19:14        IFACE   rxpck/s   txpck/s    rxkB/s    txkB/s   rxcmp/s   txcmp/s  rxmcst/s   %ifutil
09:19:15         ens5      0.00      0.00      0.00      0.00      0.00      0.00      0.00      0.00

09:19:15        IFACE   rxpck/s   txpck/s    rxkB/s    txkB/s   rxcmp/s   txcmp/s  rxmcst/s   %ifutil
09:19:16         ens5      0.00      0.00      0.00      0.00      0.00      0.00      0.00      0.00


Average:        IFACE   rxpck/s   txpck/s    rxkB/s    txkB/s   rxcmp/s   txcmp/s  rxmcst/s   %ifutil
Average:         ens5     18.50     20.96      1.39      4.39      0.00      0.00      0.00      0.00
