Linux 7.0.0-1010-aws (ip-172-31-31-224) 	08/11/26 	_x86_64_	(2 CPU)

06:05:11        IFACE   rxpck/s   txpck/s    rxkB/s    txkB/s   rxcmp/s   txcmp/s  rxmcst/s   %ifutil
06:05:12         ens5     53.00     52.00      4.41      6.46      0.00      0.00      0.00      0.00

06:05:12        IFACE   rxpck/s   txpck/s    rxkB/s    txkB/s   rxcmp/s   txcmp/s  rxmcst/s   %ifutil
06:05:13         ens5     44.00     36.00      3.55      4.43      0.00      0.00      0.00      0.00

06:05:13        IFACE   rxpck/s   txpck/s    rxkB/s    txkB/s   rxcmp/s   txcmp/s  rxmcst/s   %ifutil
06:05:14         ens5      5.00      7.00      0.25      1.49      0.00      0.00      0.00      0.00

06:05:14        IFACE   rxpck/s   txpck/s    rxkB/s    txkB/s   rxcmp/s   txcmp/s  rxmcst/s   %ifutil
06:05:15         ens5      8.00      7.00      0.41      1.31      0.00      0.00      0.00      0.00

06:05:15        IFACE   rxpck/s   txpck/s    rxkB/s    txkB/s   rxcmp/s   txcmp/s  rxmcst/s   %ifutil
06:05:16         ens5      7.00      7.00      0.36      1.54      0.00      0.00      0.00      0.00

06:05:16        IFACE   rxpck/s   txpck/s    rxkB/s    txkB/s   rxcmp/s   txcmp/s  rxmcst/s   %ifutil
06:05:17         ens5     10.00     11.00      0.53      2.18      0.00      0.00      0.00      0.00

06:05:17        IFACE   rxpck/s   txpck/s    rxkB/s    txkB/s   rxcmp/s   txcmp/s  rxmcst/s   %ifutil
06:05:18         ens5      6.00      5.00      0.30      1.09      0.00      0.00      0.00      0.00

06:05:18        IFACE   rxpck/s   txpck/s    rxkB/s    txkB/s   rxcmp/s   txcmp/s  rxmcst/s   %ifutil
06:05:19         ens5      3.00      3.00      0.15      0.66      0.00      0.00      0.00      0.00

06:05:19        IFACE   rxpck/s   txpck/s    rxkB/s    txkB/s   rxcmp/s   txcmp/s  rxmcst/s   %ifutil
06:05:20         ens5      3.00      3.00      0.15      0.61      0.00      0.00      0.00      0.00

06:05:20        IFACE   rxpck/s   txpck/s    rxkB/s    txkB/s   rxcmp/s   txcmp/s  rxmcst/s   %ifutil
06:05:21         ens5      0.00      0.00      0.00      0.00      0.00      0.00      0.00      0.00

06:05:21        IFACE   rxpck/s   txpck/s    rxkB/s    txkB/s   rxcmp/s   txcmp/s  rxmcst/s   %ifutil
06:05:22         ens5      0.00      0.00      0.00      0.00      0.00      0.00      0.00      0.00

06:05:22        IFACE   rxpck/s   txpck/s    rxkB/s    txkB/s   rxcmp/s   txcmp/s  rxmcst/s   %ifutil
06:05:23         ens5      0.00      1.00      0.00      0.06      0.00      0.00      0.00      0.00

06:05:23        IFACE   rxpck/s   txpck/s    rxkB/s    txkB/s   rxcmp/s   txcmp/s  rxmcst/s   %ifutil
06:05:24         ens5      0.00      0.00      0.00      0.00      0.00      0.00      0.00      0.00

06:05:24        IFACE   rxpck/s   txpck/s    rxkB/s    txkB/s   rxcmp/s   txcmp/s  rxmcst/s   %ifutil
06:05:25         ens5      0.00      0.00      0.00      0.00      0.00      0.00      0.00      0.00

06:05:25        IFACE   rxpck/s   txpck/s    rxkB/s    txkB/s   rxcmp/s   txcmp/s  rxmcst/s   %ifutil
06:05:26         ens5     16.00     18.00      8.31     12.04      0.00      0.00      0.00      0.00

06:05:26        IFACE   rxpck/s   txpck/s    rxkB/s    txkB/s   rxcmp/s   txcmp/s  rxmcst/s   %ifutil
06:05:27         ens5      0.00      0.00      0.00      0.00      0.00      0.00      0.00      0.00

06:05:27        IFACE   rxpck/s   txpck/s    rxkB/s    txkB/s   rxcmp/s   txcmp/s  rxmcst/s   %ifutil
06:05:28         ens5      0.00      0.00      0.00      0.00      0.00      0.00      0.00      0.00

06:05:28        IFACE   rxpck/s   txpck/s    rxkB/s    txkB/s   rxcmp/s   txcmp/s  rxmcst/s   %ifutil
06:05:29         ens5      0.00      0.00      0.00      0.00      0.00      0.00      0.00      0.00

06:05:29        IFACE   rxpck/s   txpck/s    rxkB/s    txkB/s   rxcmp/s   txcmp/s  rxmcst/s   %ifutil
06:05:30         ens5     13.00     14.00      8.25      7.67      0.00      0.00      0.00      0.00

06:05:30        IFACE   rxpck/s   txpck/s    rxkB/s    txkB/s   rxcmp/s   txcmp/s  rxmcst/s   %ifutil
06:05:31         ens5    223.00    244.00    138.19    130.73      0.00      0.00      0.00      0.00

06:05:31        IFACE   rxpck/s   txpck/s    rxkB/s    txkB/s   rxcmp/s   txcmp/s  rxmcst/s   %ifutil
06:05:32         ens5    571.00    702.00    383.45    388.83      0.00      0.00      0.00      0.00

06:05:32        IFACE   rxpck/s   txpck/s    rxkB/s    txkB/s   rxcmp/s   txcmp/s  rxmcst/s   %ifutil
06:05:33         ens5    377.00    459.00    207.41    240.80      0.00      0.00      0.00      0.00

06:05:33        IFACE   rxpck/s   txpck/s    rxkB/s    txkB/s   rxcmp/s   txcmp/s  rxmcst/s   %ifutil
06:05:34         ens5     77.00     82.00     45.72     43.24      0.00      0.00      0.00      0.00

06:05:34        IFACE   rxpck/s   txpck/s    rxkB/s    txkB/s   rxcmp/s   txcmp/s  rxmcst/s   %ifutil
06:05:35         ens5      0.00      0.00      0.00      0.00      0.00      0.00      0.00      0.00

06:05:35        IFACE   rxpck/s   txpck/s    rxkB/s    txkB/s   rxcmp/s   txcmp/s  rxmcst/s   %ifutil
06:05:36         ens5      0.00      0.00      0.00      0.00      0.00      0.00      0.00      0.00

06:05:36        IFACE   rxpck/s   txpck/s    rxkB/s    txkB/s   rxcmp/s   txcmp/s  rxmcst/s   %ifutil
06:05:37         ens5      0.00      0.00      0.00      0.00      0.00      0.00      0.00      0.00

06:05:37        IFACE   rxpck/s   txpck/s    rxkB/s    txkB/s   rxcmp/s   txcmp/s  rxmcst/s   %ifutil
06:05:38         ens5      0.00      0.00      0.00      0.00      0.00      0.00      0.00      0.00

06:05:38        IFACE   rxpck/s   txpck/s    rxkB/s    txkB/s   rxcmp/s   txcmp/s  rxmcst/s   %ifutil
06:05:39         ens5      0.00      0.00      0.00      0.00      0.00      0.00      0.00      0.00

06:05:39        IFACE   rxpck/s   txpck/s    rxkB/s    txkB/s   rxcmp/s   txcmp/s  rxmcst/s   %ifutil
06:05:40         ens5      0.00      1.00      0.00      0.06      0.00      0.00      0.00      0.00

06:05:40        IFACE   rxpck/s   txpck/s    rxkB/s    txkB/s   rxcmp/s   txcmp/s  rxmcst/s   %ifutil
06:05:41         ens5      1.00      1.00      0.03      0.04      0.00      0.00      0.00      0.00

06:05:41        IFACE   rxpck/s   txpck/s    rxkB/s    txkB/s   rxcmp/s   txcmp/s  rxmcst/s   %ifutil
06:05:42         ens5      0.00      0.00      0.00      0.00      0.00      0.00      0.00      0.00

06:05:42        IFACE   rxpck/s   txpck/s    rxkB/s    txkB/s   rxcmp/s   txcmp/s  rxmcst/s   %ifutil
06:05:43         ens5      0.00      0.00      0.00      0.00      0.00      0.00      0.00      0.00

06:05:43        IFACE   rxpck/s   txpck/s    rxkB/s    txkB/s   rxcmp/s   txcmp/s  rxmcst/s   %ifutil
06:05:44         ens5      0.00      0.00      0.00      0.00      0.00      0.00      0.00      0.00

06:05:44        IFACE   rxpck/s   txpck/s    rxkB/s    txkB/s   rxcmp/s   txcmp/s  rxmcst/s   %ifutil
06:05:45         ens5      0.00      0.00      0.00      0.00      0.00      0.00      0.00      0.00

06:05:45        IFACE   rxpck/s   txpck/s    rxkB/s    txkB/s   rxcmp/s   txcmp/s  rxmcst/s   %ifutil
06:05:46         ens5      0.00      0.00      0.00      0.00      0.00      0.00      0.00      0.00

06:05:46        IFACE   rxpck/s   txpck/s    rxkB/s    txkB/s   rxcmp/s   txcmp/s  rxmcst/s   %ifutil
06:05:47         ens5      0.00      0.00      0.00      0.00      0.00      0.00      0.00      0.00

06:05:47        IFACE   rxpck/s   txpck/s    rxkB/s    txkB/s   rxcmp/s   txcmp/s  rxmcst/s   %ifutil
06:05:48         ens5      0.00      0.00      0.00      0.00      0.00      0.00      0.00      0.00

06:05:48        IFACE   rxpck/s   txpck/s    rxkB/s    txkB/s   rxcmp/s   txcmp/s  rxmcst/s   %ifutil
06:05:49         ens5      0.00      0.00      0.00      0.00      0.00      0.00      0.00      0.00

06:05:49        IFACE   rxpck/s   txpck/s    rxkB/s    txkB/s   rxcmp/s   txcmp/s  rxmcst/s   %ifutil
06:05:50         ens5      1.00      1.00      0.07      0.09      0.00      0.00      0.00      0.00

06:05:50        IFACE   rxpck/s   txpck/s    rxkB/s    txkB/s   rxcmp/s   txcmp/s  rxmcst/s   %ifutil
06:05:51         ens5      0.00      0.00      0.00      0.00      0.00      0.00      0.00      0.00

06:05:51        IFACE   rxpck/s   txpck/s    rxkB/s    txkB/s   rxcmp/s   txcmp/s  rxmcst/s   %ifutil
06:05:52         ens5      0.00      0.00      0.00      0.00      0.00      0.00      0.00      0.00

06:05:52        IFACE   rxpck/s   txpck/s    rxkB/s    txkB/s   rxcmp/s   txcmp/s  rxmcst/s   %ifutil
06:05:53         ens5      7.00      7.00      4.15      3.84      0.00      0.00      0.00      0.00


Average:        IFACE   rxpck/s   txpck/s    rxkB/s    txkB/s   rxcmp/s   txcmp/s  rxmcst/s   %ifutil
Average:         ens5     33.93     39.55     19.18     20.17      0.00      0.00      0.00      0.00
