Linux 7.0.0-1010-aws (ip-172-31-31-224) 	08/11/26 	_x86_64_	(2 CPU)

09:04:58        IFACE   rxpck/s   txpck/s    rxkB/s    txkB/s   rxcmp/s   txcmp/s  rxmcst/s   %ifutil
09:04:59         ens5     54.00     52.00      4.49      6.64      0.00      0.00      0.00      0.00

09:04:59        IFACE   rxpck/s   txpck/s    rxkB/s    txkB/s   rxcmp/s   txcmp/s  rxmcst/s   %ifutil
09:05:00         ens5     17.00     13.00      1.25      1.85      0.00      0.00      0.00      0.00

09:05:00        IFACE   rxpck/s   txpck/s    rxkB/s    txkB/s   rxcmp/s   txcmp/s  rxmcst/s   %ifutil
09:05:01         ens5      2.00      3.00      0.10      0.66      0.00      0.00      0.00      0.00

09:05:01        IFACE   rxpck/s   txpck/s    rxkB/s    txkB/s   rxcmp/s   txcmp/s  rxmcst/s   %ifutil
09:05:02         ens5      1.00      0.00      0.05      0.00      0.00      0.00      0.00      0.00

09:05:02        IFACE   rxpck/s   txpck/s    rxkB/s    txkB/s   rxcmp/s   txcmp/s  rxmcst/s   %ifutil
09:05:03         ens5      7.00      7.00      0.36      1.46      0.00      0.00      0.00      0.00

09:05:03        IFACE   rxpck/s   txpck/s    rxkB/s    txkB/s   rxcmp/s   txcmp/s  rxmcst/s   %ifutil
09:05:04         ens5      4.00      4.00      0.20      0.84      0.00      0.00      0.00      0.00

09:05:04        IFACE   rxpck/s   txpck/s    rxkB/s    txkB/s   rxcmp/s   txcmp/s  rxmcst/s   %ifutil
09:05:05         ens5      6.00      6.00      0.33      1.19      0.00      0.00      0.00      0.00

09:05:05        IFACE   rxpck/s   txpck/s    rxkB/s    txkB/s   rxcmp/s   txcmp/s  rxmcst/s   %ifutil
09:05:06         ens5      7.00      9.00      0.36      1.90      0.00      0.00      0.00      0.00

09:05:06        IFACE   rxpck/s   txpck/s    rxkB/s    txkB/s   rxcmp/s   txcmp/s  rxmcst/s   %ifutil
09:05:07         ens5      6.00      4.00      0.30      0.84      0.00      0.00      0.00      0.00

09:05:07        IFACE   rxpck/s   txpck/s    rxkB/s    txkB/s   rxcmp/s   txcmp/s  rxmcst/s   %ifutil
09:05:08         ens5      9.00     10.00      0.49      1.54      0.00      0.00      0.00      0.00

09:05:08        IFACE   rxpck/s   txpck/s    rxkB/s    txkB/s   rxcmp/s   txcmp/s  rxmcst/s   %ifutil
09:05:09         ens5      5.00      4.00      0.25      0.82      0.00      0.00      0.00      0.00

09:05:09        IFACE   rxpck/s   txpck/s    rxkB/s    txkB/s   rxcmp/s   txcmp/s  rxmcst/s   %ifutil
09:05:10         ens5      0.00      0.00      0.00      0.00      0.00      0.00      0.00      0.00

09:05:10        IFACE   rxpck/s   txpck/s    rxkB/s    txkB/s   rxcmp/s   txcmp/s  rxmcst/s   %ifutil
09:05:11         ens5      0.00      0.00      0.00      0.00      0.00      0.00      0.00      0.00

09:05:11        IFACE   rxpck/s   txpck/s    rxkB/s    txkB/s   rxcmp/s   txcmp/s  rxmcst/s   %ifutil
09:05:12         ens5     63.00     53.00     11.55     24.46      0.00      0.00      0.00      0.00

09:05:12        IFACE   rxpck/s   txpck/s    rxkB/s    txkB/s   rxcmp/s   txcmp/s  rxmcst/s   %ifutil
09:05:13         ens5    872.00    705.00    173.50    284.46      0.00      0.00      0.00      0.00

09:05:13        IFACE   rxpck/s   txpck/s    rxkB/s    txkB/s   rxcmp/s   txcmp/s  rxmcst/s   %ifutil
09:05:14         ens5    950.00    722.00    168.21    282.65      0.00      0.00      0.00      0.00

09:05:14        IFACE   rxpck/s   txpck/s    rxkB/s    txkB/s   rxcmp/s   txcmp/s  rxmcst/s   %ifutil
09:05:15         ens5    470.00    367.00     86.55    144.89      0.00      0.00      0.00      0.00

09:05:15        IFACE   rxpck/s   txpck/s    rxkB/s    txkB/s   rxcmp/s   txcmp/s  rxmcst/s   %ifutil
09:05:16         ens5     67.00     52.00     12.31     20.15      0.00      0.00      0.00      0.00

09:05:16        IFACE   rxpck/s   txpck/s    rxkB/s    txkB/s   rxcmp/s   txcmp/s  rxmcst/s   %ifutil
09:05:17         ens5      0.00      0.00      0.00      0.00      0.00      0.00      0.00      0.00

09:05:17        IFACE   rxpck/s   txpck/s    rxkB/s    txkB/s   rxcmp/s   txcmp/s  rxmcst/s   %ifutil
09:05:18         ens5      0.00      0.00      0.00      0.00      0.00      0.00      0.00      0.00

09:05:18        IFACE   rxpck/s   txpck/s    rxkB/s    txkB/s   rxcmp/s   txcmp/s  rxmcst/s   %ifutil
09:05:19         ens5      0.00      0.00      0.00      0.00      0.00      0.00      0.00      0.00

09:05:19        IFACE   rxpck/s   txpck/s    rxkB/s    txkB/s   rxcmp/s   txcmp/s  rxmcst/s   %ifutil
09:05:20         ens5      0.00      0.00      0.00      0.00      0.00      0.00      0.00      0.00

09:05:20        IFACE   rxpck/s   txpck/s    rxkB/s    txkB/s   rxcmp/s   txcmp/s  rxmcst/s   %ifutil
09:05:21         ens5      1.00      1.00      0.07      0.09      0.00      0.00      0.00      0.00


Average:        IFACE   rxpck/s   txpck/s    rxkB/s    txkB/s   rxcmp/s   txcmp/s  rxmcst/s   %ifutil
Average:         ens5    110.48     87.48     20.02     33.67      0.00      0.00      0.00      0.00
