Linux 7.0.0-1010-aws (ip-172-31-31-224) 	08/11/26 	_x86_64_	(2 CPU)

07:02:41        CPU     %user     %nice   %system   %iowait    %steal     %idle
07:02:42        all     48.24      0.00      4.52      0.00      3.52     43.72
07:02:43        all     50.75      0.00      3.02      0.00      1.01     45.23
07:02:44        all     56.50      0.00      4.50      0.00      0.50     38.50
07:02:45        all     46.50      0.00      4.50      0.00      1.50     47.50
07:02:46        all     48.24      0.00      4.02      0.00      1.51     46.23
07:02:47        all     50.00      0.00      3.00      0.50      1.00     45.50
07:02:48        all     49.49      0.00      4.04      0.00      1.01     45.45
07:02:49        all     51.01      0.00      4.04      0.00      0.51     44.44
07:02:50        all     10.50      0.00      0.50      0.00      0.50     88.50
07:02:51        all      0.00      0.00      0.00      0.00      0.50     99.50
07:02:52        all      1.00      0.00      0.50      0.00      0.00     98.51
07:02:53        all      0.00      0.00      0.00      0.00      0.00    100.00
07:02:54        all      3.52      0.00      0.50      0.00      0.00     95.98
07:02:55        all      1.01      0.00      1.01      0.00      0.00     97.98
07:02:56        all      2.55      0.00      1.53      0.00      1.02     94.90
07:02:57        all      2.01      0.00      2.01      0.00      0.50     95.48
07:02:58        all      0.00      0.00      0.50      0.00      0.00     99.50
07:02:59        all      6.06      0.00      1.01      0.00      0.00     92.93
07:03:00        all      0.00      0.00      0.49      0.00      2.94     96.57
07:03:01        all      0.00      0.00      0.49      0.00      3.92     95.59
07:03:02        all      0.48      0.00      0.00      0.00      7.14     92.38
07:03:03        all      0.00      0.00      0.00      0.00      0.51     99.49
07:03:04        all      0.50      0.00      0.00      0.00      1.00     98.50

Average:        all     18.56      0.00      1.74      0.02      1.26     78.42
