Linux 7.0.0-1008-aws (ip-172-31-20-134) 	08/07/26 	_x86_64_	(2 CPU)

14:55:56    kbmemfree   kbavail kbmemused  %memused kbbuffers  kbcached  kbcommit   %commit  kbactive   kbinact   kbdirty
14:55:57       389292   1285584    374140     19.18      5464    997816   1623096     83.20    724092    556708       364
14:55:58       389292   1285584    374140     19.18      5464    997816   1623096     83.20    724092    556708       364
14:55:59       389292   1285584    374140     19.18      5464    997816   1623096     83.20    724060    556708       364
14:56:00       389292   1285596    374128     19.18      5464    997828   1623096     83.20    724104    556720       376
14:56:01       389292   1285596    374128     19.18      5464    997828   1623096     83.20    724104    556720       376
14:56:02       389292   1285596    374124     19.18      5464    997832   1623096     83.20    724104    556720       380
14:56:03       389292   1285600    374100     19.18      5488    997832   1623096     83.20    724104    556724       384
14:56:04       389292   1285840    373888     19.17      5488    998044   1628920     83.50    726476    556752       384
14:56:05       389292   1285928    373800     19.16      5488    998132   1637932     83.96    729656    556796       428
14:56:06       389292   1286060    373668     19.15      5488    998264   1638136     83.97    730348    556928       560
14:56:07       388536   1285452    374272     19.19      5488    998408   1638204     83.98    730656    557072       704
14:56:08       388536   1285592    374128     19.18      5488    998548   1638736     84.00    731056    557212       844
14:56:09       388284   1285476    374240     19.18      5488    998688   1638828     84.01    731540    557348       984
14:56:10       387780   1285112    374600     19.20      5488    998824   1638864     84.01    731940    557484      1120
14:56:11       387780   1285176    374464     19.20      5488    998960   1638944     84.01    732124    557548      1256
14:56:12       387780   1285404    374304     19.19      5488    999112   1647388     84.45    732768    557772      1408
14:56:13       387780   1285540    374168     19.18      5488    999248   1647532     84.45    732964    557908      1544
14:56:14       387528   1285436    374272     19.19      5488    999392   1647760     84.47    733288    558052      1688
14:56:15       387528   1285512    374136     19.18      5488    999528   1647820     84.47    733336    558128      1824
14:56:16       387528   1285708    373988     19.17      5488    999668   1647888     84.47    733392    558320      1964
14:56:17       387276   1285592    374088     19.18      5488    999816   1647976     84.48    733588    558456      2112
14:56:18       387276   1285724    373948     19.17      5488    999956   1648020     84.48    733608    558588      2200
14:56:19       386268   1284836    374812     19.21      5488   1000092   1652116     84.69    734236    558704      2340
14:56:20       384756   1283512    376188     19.28      5488   1000228   1652328     84.70    735784    558892      2476
14:56:21       384504   1283396    376300     19.29      5488   1000364   1652328     84.70    735900    559024      2612
14:56:22       384504   1283512    376148     19.28      5488   1000516   1652372     84.70    734872    559140      2764
14:56:23       384504   1283616    376008     19.27      5488   1000648   1652372     84.70    734896    559240      2896
14:56:24       384504   1283736    375868     19.27      5488   1000788   1652372     84.70    734900    559360      3036
14:56:25       384504   1283860    375728     19.26      5488   1000924   1652372     84.70    734900    559484      3172
14:56:26       384504   1283988    375576     19.25      5488   1001068   1652372     84.70    734900    559608      3316
14:56:27       384504   1284264    375420     19.24      5492   1001220   1652372     84.70    734980    559884        20
14:56:28       384504   1284392    375276     19.24      5492   1001360   1652372     84.70    734980    560008       172
14:56:29       384252   1284260    375392     19.24      5492   1001496   1652476     84.71    735008    560128       308
14:56:30       384000   1284200    375484     19.25      5492   1001648   1652608     84.72    735324    560316       460
14:56:31       384000   1284316    375352     19.24      5492   1001780   1652608     84.72    735332    560432       592
14:56:32       383748   1284184    375448     19.25      5492   1001932   1652608     84.72    735336    560552       744
14:56:33       383496   1284124    375532     19.25      5516   1002068   1652608     84.72    735400    560740       956
14:56:34       382740   1283504    376144     19.28      5516   1002212   1652608     84.72    736008    560876      1100
14:56:35       382740   1283628    376000     19.27      5516   1002348   1652608     84.72    736012    560996      1236
14:56:36       381480   1282556    377112     19.33      5516   1002496   1652608     84.72    736668    561184      1384
14:56:37       381228   1282408    377220     19.34      5516   1002636   1652608     84.72    736104    561284      1524
14:56:38       381228   1282520    377080     19.33      5516   1002776   1652608     84.72    736100    561396      1664
14:56:39       381228   1282728    376936     19.32      5516   1002912   1652608     84.72    736392    561600      1800
14:56:40       381228   1282868    376796     19.32      5516   1003048   1652740     84.72    736500    561740      1936
14:56:41       380976   1282740    376916     19.32      5516   1003180   1652740     84.72    736500    561864      2068
14:56:42       380976   1282868    376756     19.31      5516   1003332   1652740     84.72    736500    561988      2220
14:56:43       380724   1282788    376868     19.32      5516   1003472   1652740     84.72    736948    562160      2360
14:56:44       380220   1282376    377224     19.34      5516   1003616   1652740     84.72    737000    562248      2504
14:56:45       379968   1282228    377340     19.34      5516   1003752   1652740     84.72    736900    562352      2640
14:56:46       379968   1282352    377196     19.34      5516   1003888   1652740     84.72    736904    562472      2776
14:56:47       379716   1282336    377292     19.34      5516   1004040   1652752     84.72    736916    562708      2928
14:56:48       379464   1282208    377404     19.35      5516   1004180   1652752     84.72    736916    562832      3068
14:56:49       379464   1282368    377264     19.34      5516   1004312   1652720     84.72    737340    562988      3200
14:56:50       378960   1282028    377620     19.36      5516   1004456   1652724     84.72    737460    563148      3296
14:56:51       378708   1281908    377728     19.36      5516   1004592   1652724     84.72    737580    563276      3432
14:56:52       378708   1282044    377588     19.36      5516   1004732   1652820     84.73    736856    563412      3576
14:56:53       378708   1282136    377436     19.35      5516   1004872   1661140     85.15    736868    563504      3716
14:56:54       378708   1282256    377296     19.34      5516   1005012   1661140     85.15    736872    563624      3856
14:56:55       378456   1282224    377404     19.35      5516   1005148   1661392     85.17    737148    563840      3992
14:56:56       378204   1282108    377504     19.35      5516   1005284   1661620     85.18    737388    563972      4128
14:56:57       378204   1282252    377348     19.34      5516   1005432   1661620     85.18    737448    564116      4044
14:56:58       377952   1282136    377460     19.35      5516   1005568   1661620     85.18    737564    564248      4180
14:56:59       377196   1281524    378064     19.38      5516   1005712   1661620     85.18    737852    564392      4324
14:57:00       377196   1281640    377916     19.37      5516   1005844   1661620     85.18    737864    564504      4456
14:57:01       377196   1281764    377772     19.37      5516   1005988   1661620     85.18    737864    564628      4600
14:57:02       376944   1281636    377876     19.37      5516   1006132   1661652     85.18    737864    564752      4744
14:57:03       376692   1281604    377944     19.37      5544   1006264   1661652     85.18    737988    564968       160
14:57:04       375936   1280976    378556     19.41      5544   1006408   1661652     85.18    738604    565096       312
14:57:05       375180   1280396    379164     19.44      5544   1006552   1661732     85.18    739096    565268       456
14:57:06       374676   1280024    379524     19.45      5544   1006688   1661732     85.18    739292    565400       592
14:57:07       373920   1279424    380120     19.49      5544   1006832   1661912     85.19    740132    565552       736
14:57:08       373416   1279056    380484     19.50      5544   1006972   1661912     85.19    740280    565688       792
14:57:09       373416   1279172    380340     19.50      5544   1007112   1662040     85.20    739596    565804       932
14:57:10       373416   1279296    380196     19.49      5544   1007248   1662040     85.20    739600    565924      1068
14:57:11       373416   1279420    380056     19.48      5544   1007388   1662036     85.20    739600    566048      1208
14:57:12       373416   1279548    379916     19.48      5544   1007524   1662028     85.20    739600    566172      1344
14:57:13       373164   1279376    380024     19.48      5544   1007668   1662028     85.20    739644    566252      1488
14:57:14       372408   1278832    380632     19.51      5544   1007808   1662028     85.20    739604    566460      1628
14:57:15       372156   1278792    380736     19.52      5544   1007952   1662144     85.20    739720    566672      1772
14:57:16       372156   1278852    380600     19.51      5544   1008088   1662148     85.20    739784    566732      1908
14:57:17       371904   1278812    380696     19.52      5544   1008236   1662148     85.20    739824    566940      2056
14:57:18       371652   1278632    380816     19.52      5544   1008368   1662148     85.20    739876    567012      2188
14:57:19       370896   1278072    381416     19.55      5544   1008516   1662184     85.21    740180    567204      2336
14:57:20       370896   1278160    381280     19.54      5544   1008652   1662192     85.21    740300    567292      2472
14:57:21       370644   1278132    381380     19.55      5544   1008800   1666364     85.42    741112    567512      2620
14:57:22       370392   1278004    381488     19.56      5544   1008936   1666476     85.43    741284    567632      2756
14:57:23       370140   1277876    381600     19.56      5544   1009076   1666476     85.43    740916    567756      2844
14:57:24       370140   1277992    381460     19.55      5544   1009212   1666504     85.43    740924    567872      2980
14:57:25       370140   1278116    381320     19.55      5544   1009352   1666504     85.43    740924    567996      3120
14:57:26       370140   1278244    381168     19.54      5544   1009496   1666504     85.43    740924    568120      3264
14:57:27       370140   1278368    381032     19.53      5544   1009632   1666504     85.43    740924    568244      3404
14:57:28       369888   1278380    381124     19.54      5548   1009784   1666548     85.43    740984    568504      3316
14:57:29       369636   1278272    381224     19.54      5548   1009928   1666548     85.43    740988    568644      3460
14:57:30       369636   1278396    381084     19.53      5548   1010068   1666548     85.43    740988    568768      3600
14:57:31       369636   1278492    380936     19.53      5548   1010212   1666548     85.43    741016    568864      3744
14:57:32       369636   1278616    380800     19.52      5548   1010348   1666548     85.43    741016    568988      3880
14:57:33       369384   1278544    380800     19.52      5572   1010568   1666596     85.43    741016    569164      4160
14:57:34       368376   1277752    381752     19.57      5572   1010624   1666596     85.43    741628    569380      4216
14:57:35       368124   1277712    381768     19.57      5572   1010856   1666596     85.43    741668    569588      4448
14:57:36       368124   1277832    381632     19.56      5572   1010992   1666596     85.43    741672    569708      4584
14:57:37       367368   1277260    382224     19.59      5572   1011148   1666680     85.44    742176    569888      4740
14:57:38       367368   1277372    382088     19.59      5580   1011272   1666680     85.44    742188    570000       252
14:57:39       367116   1277328    382124     19.59      5580   1011480   1666680     85.44    742188    570204       456
14:57:40       367116   1277412    382036     19.58      5580   1011568   1666680     85.44    742188    570288       544
14:57:41       366864   1277280    382144     19.59      5580   1011712   1666680     85.44    742192    570408       688
14:57:42       366864   1277324    382000     19.58      5580   1011848   1666680     85.44    742192    570448       824
14:57:43       366612   1277364    382056     19.58      5580   1012032   1666680     85.44    742464    570732      1008
14:57:44       340728   1263812    395524     20.28      5836   1024188   1683748     86.31    764940    574284      1264
14:57:45       253052   1233600    425868     21.83      5880   1081468   1759048     90.17    841292    578232      1416
14:57:46       250976   1233168    426244     21.85      6004   1083040   1666936     85.45    806676    578152      1752
14:57:47       256888   1239208    420184     21.54      6004   1083180   1666936     85.45    806676    578276      1892
14:57:48       261600   1244100    415332     21.29      6004   1083320   1667052     85.46    806744    578456      2032
14:57:49       265532   1248128    411260     21.08      6004   1083456   1667052     85.46    806896    578552      2168
14:57:50       269076   1251756    407628     20.90      6004   1083544   1667052     85.46    806864    578636      2256
14:57:51       268824   1251632    407736     20.90      6004   1083680   1667052     85.46    806864    578760      2392
14:57:52       268824   1251868    407588     20.89      6004   1083828   1667104     85.46    807788    578996      2540
14:57:53       268824   1252016    407400     20.88      6004   1084012   1667104     85.46    807848    579140      2724
14:57:54       268824   1252100    407308     20.88      6004   1084104   1667104     85.46    807452    579224      2816
14:57:55       268824   1252220    407160     20.87      6004   1084244   1667104     85.46    807460    579340      2956
14:57:56       268824   1252432    407012     20.86      6004   1084388   1667104     85.46    807992    579552      3100
14:57:57       268824   1252528    406872     20.86      6004   1084528   1667104     85.46    808020    579648      3240
14:57:58       268824   1252656    406720     20.85      6004   1084672   1667104     85.46    808084    579772      3332
14:57:59       268824   1252856    406584     20.84      6004   1084804   1667104     85.46    807832    579972      3228
14:58:00       268824   1252960    406428     20.83      6004   1084952   1667096     85.46    807928    580072      3380
14:58:01       268824   1253080    406296     20.83      6004   1085084   1667096     85.46    807932    580192      3512
14:58:02       268824   1253208    406148     20.82      6004   1085228   1667080     85.46    807932    580316      3656
14:58:03       268824   1253412    405980     20.81      6032   1085356   1667080     85.46    808016    580516      3828
14:58:04       268824   1253612    405780     20.80      6032   1085548   1667080     85.46    808196    580712      3916
14:58:05       268824   1253696    405688     20.80      6032   1085640   1667080     85.46    808196    580796      4008
14:58:06       268824   1253796    405504     20.79      6032   1085820   1667076     85.46    808404    580892      4188
14:58:07       268824   1254016    405408     20.78      6032   1085916   1667076     85.46    808664    581112      4284
14:58:08       268824   1254172    405216     20.77      6032   1086100   1667068     85.46    808220    581264      4468
14:58:09       268824   1254264    405120     20.77      6032   1086196   1667068     85.46    808328    581356       508
14:58:10       268824   1254428    404928     20.76      6032   1086384   1667068     85.46    808328    581520       708
14:58:11       268824   1254564    404836     20.75      6032   1086476   1667064     85.46    808520    581656       800
14:58:12       268824   1254668    404696     20.75      6032   1086616   1667064     85.46    808540    581760       940
14:58:13       268824   1254792    404556     20.74      6032   1086756   1667064     85.46    808540    581884      1080
14:58:14       268824   1254940    404408     20.73      6032   1086896   1667064     85.46    808664    582028      1220
14:58:15       268824   1255148    404260     20.72      6032   1087040   1667064     85.46    808736    582232      1048
14:58:16       268824   1255188    404120     20.72      6032   1087180   1667064     85.46    808736    582272      1188
14:58:17       268824   1255192    404084     20.71      6032   1087208   1667064     85.46    808736    582272      1216
14:58:18       268824   1255192    404084     20.71      6032   1087208   1667064     85.46    808736    582272      1216

Average:       351751   1274408    385124     19.74      5640   1023928   1658453     85.01    754081    567340      2161
