Linux 7.0.0-1008-aws (ip-172-31-20-134) 	08/07/26 	_x86_64_	(2 CPU)

14:55:56        IFACE   rxpck/s   txpck/s    rxkB/s    txkB/s   rxcmp/s   txcmp/s  rxmcst/s   %ifutil
14:55:57         ens5     47.00     39.00      4.00      4.58      0.00      0.00      0.00      0.00

14:55:57        IFACE   rxpck/s   txpck/s    rxkB/s    txkB/s   rxcmp/s   txcmp/s  rxmcst/s   %ifutil
14:55:58         ens5     26.00     23.00      2.48      2.64      0.00      0.00      0.00      0.00

14:55:58        IFACE   rxpck/s   txpck/s    rxkB/s    txkB/s   rxcmp/s   txcmp/s  rxmcst/s   %ifutil
14:55:59         ens5      0.00      0.00      0.00      0.00      0.00      0.00      0.00      0.00

14:55:59        IFACE   rxpck/s   txpck/s    rxkB/s    txkB/s   rxcmp/s   txcmp/s  rxmcst/s   %ifutil
14:56:00         ens5      0.00      0.00      0.00      0.00      0.00      0.00      0.00      0.00

14:56:00        IFACE   rxpck/s   txpck/s    rxkB/s    txkB/s   rxcmp/s   txcmp/s  rxmcst/s   %ifutil
14:56:01         ens5      0.00      0.00      0.00      0.00      0.00      0.00      0.00      0.00

14:56:01        IFACE   rxpck/s   txpck/s    rxkB/s    txkB/s   rxcmp/s   txcmp/s  rxmcst/s   %ifutil
14:56:02         ens5      0.00      0.00      0.00      0.00      0.00      0.00      0.00      0.00

14:56:02        IFACE   rxpck/s   txpck/s    rxkB/s    txkB/s   rxcmp/s   txcmp/s  rxmcst/s   %ifutil
14:56:03         ens5      1.00      1.00      0.07      0.09      0.00      0.00      0.00      0.00

14:56:03        IFACE   rxpck/s   txpck/s    rxkB/s    txkB/s   rxcmp/s   txcmp/s  rxmcst/s   %ifutil
14:56:04         ens5     43.00     42.00     30.46      5.81      0.00      0.00      0.00      0.00

14:56:04        IFACE   rxpck/s   txpck/s    rxkB/s    txkB/s   rxcmp/s   txcmp/s  rxmcst/s   %ifutil
14:56:05         ens5    172.00    164.00     89.00     31.42      0.00      0.00      0.00      0.00

14:56:05        IFACE   rxpck/s   txpck/s    rxkB/s    txkB/s   rxcmp/s   txcmp/s  rxmcst/s   %ifutil
14:56:06         ens5    176.00    168.00     89.37     34.32      0.00      0.00      0.00      0.00

14:56:06        IFACE   rxpck/s   txpck/s    rxkB/s    txkB/s   rxcmp/s   txcmp/s  rxmcst/s   %ifutil
14:56:07         ens5    173.00    168.00     89.16     31.81      0.00      0.00      0.00      0.00

14:56:07        IFACE   rxpck/s   txpck/s    rxkB/s    txkB/s   rxcmp/s   txcmp/s  rxmcst/s   %ifutil
14:56:08         ens5    180.00    171.00     94.72     34.58      0.00      0.00      0.00      0.00

14:56:08        IFACE   rxpck/s   txpck/s    rxkB/s    txkB/s   rxcmp/s   txcmp/s  rxmcst/s   %ifutil
14:56:09         ens5    176.00    168.00     89.39     34.34      0.00      0.00      0.00      0.00

14:56:09        IFACE   rxpck/s   txpck/s    rxkB/s    txkB/s   rxcmp/s   txcmp/s  rxmcst/s   %ifutil
14:56:10         ens5    173.00    167.00     89.16     31.75      0.00      0.00      0.00      0.00

14:56:10        IFACE   rxpck/s   txpck/s    rxkB/s    txkB/s   rxcmp/s   txcmp/s  rxmcst/s   %ifutil
14:56:11         ens5    179.00    171.00     94.66     34.57      0.00      0.00      0.00      0.00

14:56:11        IFACE   rxpck/s   txpck/s    rxkB/s    txkB/s   rxcmp/s   txcmp/s  rxmcst/s   %ifutil
14:56:12         ens5    172.00    166.00     89.09     34.17      0.00      0.00      0.00      0.00

14:56:12        IFACE   rxpck/s   txpck/s    rxkB/s    txkB/s   rxcmp/s   txcmp/s  rxmcst/s   %ifutil
14:56:13         ens5    174.00    165.00     89.18     31.55      0.00      0.00      0.00      0.00

14:56:13        IFACE   rxpck/s   txpck/s    rxkB/s    txkB/s   rxcmp/s   txcmp/s  rxmcst/s   %ifutil
14:56:14         ens5    173.00    166.00     89.14     34.17      0.00      0.00      0.00      0.00

14:56:14        IFACE   rxpck/s   txpck/s    rxkB/s    txkB/s   rxcmp/s   txcmp/s  rxmcst/s   %ifutil
14:56:15         ens5    176.00    169.00     89.40     31.92      0.00      0.00      0.00      0.00

14:56:15        IFACE   rxpck/s   txpck/s    rxkB/s    txkB/s   rxcmp/s   txcmp/s  rxmcst/s   %ifutil
14:56:16         ens5    173.00    166.00     89.11     34.17      0.00      0.00      0.00      0.00

14:56:16        IFACE   rxpck/s   txpck/s    rxkB/s    txkB/s   rxcmp/s   txcmp/s  rxmcst/s   %ifutil
14:56:17         ens5    180.00    172.00     94.74     34.65      0.00      0.00      0.00      0.00

14:56:17        IFACE   rxpck/s   txpck/s    rxkB/s    txkB/s   rxcmp/s   txcmp/s  rxmcst/s   %ifutil
14:56:18         ens5    172.00    166.00     89.14     31.68      0.00      0.00      0.00      0.00

14:56:18        IFACE   rxpck/s   txpck/s    rxkB/s    txkB/s   rxcmp/s   txcmp/s  rxmcst/s   %ifutil
14:56:19         ens5    176.00    169.00     89.43     34.49      0.00      0.00      0.00      0.00

14:56:19        IFACE   rxpck/s   txpck/s    rxkB/s    txkB/s   rxcmp/s   txcmp/s  rxmcst/s   %ifutil
14:56:20         ens5    174.00    168.00     89.33     31.88      0.00      0.00      0.00      0.00

14:56:20        IFACE   rxpck/s   txpck/s    rxkB/s    txkB/s   rxcmp/s   txcmp/s  rxmcst/s   %ifutil
14:56:21         ens5    178.00    169.00     94.68     34.51      0.00      0.00      0.00      0.00

14:56:21        IFACE   rxpck/s   txpck/s    rxkB/s    txkB/s   rxcmp/s   txcmp/s  rxmcst/s   %ifutil
14:56:22         ens5    175.00    168.00     89.31     34.37      0.00      0.00      0.00      0.00

14:56:22        IFACE   rxpck/s   txpck/s    rxkB/s    txkB/s   rxcmp/s   txcmp/s  rxmcst/s   %ifutil
14:56:23         ens5    175.00    168.00     89.42     31.86      0.00      0.00      0.00      0.00

14:56:23        IFACE   rxpck/s   txpck/s    rxkB/s    txkB/s   rxcmp/s   txcmp/s  rxmcst/s   %ifutil
14:56:24         ens5    174.00    168.00     89.24     34.43      0.00      0.00      0.00      0.00

14:56:24        IFACE   rxpck/s   txpck/s    rxkB/s    txkB/s   rxcmp/s   txcmp/s  rxmcst/s   %ifutil
14:56:25         ens5    177.00    172.00     94.66     34.71      0.00      0.00      0.00      0.00

14:56:25        IFACE   rxpck/s   txpck/s    rxkB/s    txkB/s   rxcmp/s   txcmp/s  rxmcst/s   %ifutil
14:56:26         ens5    174.00    165.00     89.24     31.61      0.00      0.00      0.00      0.00

14:56:26        IFACE   rxpck/s   txpck/s    rxkB/s    txkB/s   rxcmp/s   txcmp/s  rxmcst/s   %ifutil
14:56:27         ens5    175.00    168.00     89.36     34.37      0.00      0.00      0.00      0.00

14:56:27        IFACE   rxpck/s   txpck/s    rxkB/s    txkB/s   rxcmp/s   txcmp/s  rxmcst/s   %ifutil
14:56:28         ens5    173.00    168.00     89.22     31.85      0.00      0.00      0.00      0.00

14:56:28        IFACE   rxpck/s   txpck/s    rxkB/s    txkB/s   rxcmp/s   txcmp/s  rxmcst/s   %ifutil
14:56:29         ens5    174.00    166.00     89.23     34.23      0.00      0.00      0.00      0.00

14:56:29        IFACE   rxpck/s   txpck/s    rxkB/s    txkB/s   rxcmp/s   txcmp/s  rxmcst/s   %ifutil
14:56:30         ens5    175.00    171.00     89.36     32.05      0.00      0.00      0.00      0.00

14:56:30        IFACE   rxpck/s   txpck/s    rxkB/s    txkB/s   rxcmp/s   txcmp/s  rxmcst/s   %ifutil
14:56:31         ens5    180.00    171.00     94.79     34.65      0.00      0.00      0.00      0.00

14:56:31        IFACE   rxpck/s   txpck/s    rxkB/s    txkB/s   rxcmp/s   txcmp/s  rxmcst/s   %ifutil
14:56:32         ens5    175.00    167.00     89.36     34.34      0.00      0.00      0.00      0.00

14:56:32        IFACE   rxpck/s   txpck/s    rxkB/s    txkB/s   rxcmp/s   txcmp/s  rxmcst/s   %ifutil
14:56:33         ens5    172.00    166.00     89.17     31.68      0.00      0.00      0.00      0.00

14:56:33        IFACE   rxpck/s   txpck/s    rxkB/s    txkB/s   rxcmp/s   txcmp/s  rxmcst/s   %ifutil
14:56:34         ens5    174.00    169.00     89.30     34.44      0.00      0.00      0.00      0.00

14:56:34        IFACE   rxpck/s   txpck/s    rxkB/s    txkB/s   rxcmp/s   txcmp/s  rxmcst/s   %ifutil
14:56:35         ens5    178.00    172.00     94.73     34.78      0.00      0.00      0.00      0.00

14:56:35        IFACE   rxpck/s   txpck/s    rxkB/s    txkB/s   rxcmp/s   txcmp/s  rxmcst/s   %ifutil
14:56:36         ens5    178.00    169.00     89.54     31.94      0.00      0.00      0.00      0.00

14:56:36        IFACE   rxpck/s   txpck/s    rxkB/s    txkB/s   rxcmp/s   txcmp/s  rxmcst/s   %ifutil
14:56:37         ens5    174.00    166.00     89.30     34.24      0.00      0.00      0.00      0.00

14:56:37        IFACE   rxpck/s   txpck/s    rxkB/s    txkB/s   rxcmp/s   txcmp/s  rxmcst/s   %ifutil
14:56:38         ens5    171.00    165.00     89.06     31.61      0.00      0.00      0.00      0.00

14:56:38        IFACE   rxpck/s   txpck/s    rxkB/s    txkB/s   rxcmp/s   txcmp/s  rxmcst/s   %ifutil
14:56:39         ens5    174.00    166.00     89.29     34.24      0.00      0.00      0.00      0.00

14:56:39        IFACE   rxpck/s   txpck/s    rxkB/s    txkB/s   rxcmp/s   txcmp/s  rxmcst/s   %ifutil
14:56:40         ens5    173.00    168.00     89.23     31.88      0.00      0.00      0.00      0.00

14:56:40        IFACE   rxpck/s   txpck/s    rxkB/s    txkB/s   rxcmp/s   txcmp/s  rxmcst/s   %ifutil
14:56:41         ens5    178.00    169.00     94.68     34.51      0.00      0.00      0.00      0.00

14:56:41        IFACE   rxpck/s   txpck/s    rxkB/s    txkB/s   rxcmp/s   txcmp/s  rxmcst/s   %ifutil
14:56:42         ens5    175.00    168.00     89.33     34.37      0.00      0.00      0.00      0.00

14:56:42        IFACE   rxpck/s   txpck/s    rxkB/s    txkB/s   rxcmp/s   txcmp/s  rxmcst/s   %ifutil
14:56:43         ens5    173.00    165.00     89.20     31.62      0.00      0.00      0.00      0.00

14:56:43        IFACE   rxpck/s   txpck/s    rxkB/s    txkB/s   rxcmp/s   txcmp/s  rxmcst/s   %ifutil
14:56:44         ens5    176.00    168.00     89.46     34.41      0.00      0.00      0.00      0.00

14:56:44        IFACE   rxpck/s   txpck/s    rxkB/s    txkB/s   rxcmp/s   txcmp/s  rxmcst/s   %ifutil
14:56:45         ens5    173.00    168.00     89.23     31.88      0.00      0.00      0.00      0.00

14:56:45        IFACE   rxpck/s   txpck/s    rxkB/s    txkB/s   rxcmp/s   txcmp/s  rxmcst/s   %ifutil
14:56:46         ens5    178.00    170.00     94.68     34.58      0.00      0.00      0.00      0.00

14:56:46        IFACE   rxpck/s   txpck/s    rxkB/s    txkB/s   rxcmp/s   txcmp/s  rxmcst/s   %ifutil
14:56:47         ens5    172.00    168.00     89.16     31.72      0.00      0.00      0.00      0.00

14:56:47        IFACE   rxpck/s   txpck/s    rxkB/s    txkB/s   rxcmp/s   txcmp/s  rxmcst/s   %ifutil
14:56:48         ens5    175.00    168.00     89.30     34.46      0.00      0.00      0.00      0.00

14:56:48        IFACE   rxpck/s   txpck/s    rxkB/s    txkB/s   rxcmp/s   txcmp/s  rxmcst/s   %ifutil
14:56:49         ens5    175.00    167.00     89.35     34.33      0.00      0.00      0.00      0.00

14:56:49        IFACE   rxpck/s   txpck/s    rxkB/s    txkB/s   rxcmp/s   txcmp/s  rxmcst/s   %ifutil
14:56:50         ens5    173.00    166.00     89.28     31.69      0.00      0.00      0.00      0.00

14:56:50        IFACE   rxpck/s   txpck/s    rxkB/s    txkB/s   rxcmp/s   txcmp/s  rxmcst/s   %ifutil
14:56:51         ens5    174.00    170.00     89.25     34.56      0.00      0.00      0.00      0.00

14:56:51        IFACE   rxpck/s   txpck/s    rxkB/s    txkB/s   rxcmp/s   txcmp/s  rxmcst/s   %ifutil
14:56:52         ens5    173.00    166.00     89.24     31.70      0.00      0.00      0.00      0.00

14:56:52        IFACE   rxpck/s   txpck/s    rxkB/s    txkB/s   rxcmp/s   txcmp/s  rxmcst/s   %ifutil
14:56:53         ens5    178.00    169.00     94.69     34.52      0.00      0.00      0.00      0.00

14:56:53        IFACE   rxpck/s   txpck/s    rxkB/s    txkB/s   rxcmp/s   txcmp/s  rxmcst/s   %ifutil
14:56:54         ens5    175.00    168.00     89.32     34.37      0.00      0.00      0.00      0.00

14:56:54        IFACE   rxpck/s   txpck/s    rxkB/s    txkB/s   rxcmp/s   txcmp/s  rxmcst/s   %ifutil
14:56:55         ens5    172.00    164.00     89.15     31.55      0.00      0.00      0.00      0.00

14:56:55        IFACE   rxpck/s   txpck/s    rxkB/s    txkB/s   rxcmp/s   txcmp/s  rxmcst/s   %ifutil
14:56:56         ens5    175.00    167.00     89.36     34.34      0.00      0.00      0.00      0.00

14:56:56        IFACE   rxpck/s   txpck/s    rxkB/s    txkB/s   rxcmp/s   txcmp/s  rxmcst/s   %ifutil
14:56:57         ens5    173.00    166.00     89.28     31.69      0.00      0.00      0.00      0.00

14:56:57        IFACE   rxpck/s   txpck/s    rxkB/s    txkB/s   rxcmp/s   txcmp/s  rxmcst/s   %ifutil
14:56:58         ens5    173.00    165.00     89.19     34.17      0.00      0.00      0.00      0.00

14:56:58        IFACE   rxpck/s   txpck/s    rxkB/s    txkB/s   rxcmp/s   txcmp/s  rxmcst/s   %ifutil
14:56:59         ens5    172.00    166.00     89.17     31.68      0.00      0.00      0.00      0.00

14:56:59        IFACE   rxpck/s   txpck/s    rxkB/s    txkB/s   rxcmp/s   txcmp/s  rxmcst/s   %ifutil
14:57:00         ens5    174.00    167.00     89.25     34.36      0.00      0.00      0.00      0.00

14:57:00        IFACE   rxpck/s   txpck/s    rxkB/s    txkB/s   rxcmp/s   txcmp/s  rxmcst/s   %ifutil
14:57:01         ens5    177.00    169.00     94.67     31.88      0.00      0.00      0.00      0.00

14:57:01        IFACE   rxpck/s   txpck/s    rxkB/s    txkB/s   rxcmp/s   txcmp/s  rxmcst/s   %ifutil
14:57:02         ens5    155.00    149.00     77.68     30.31      0.00      0.00      0.00      0.00

14:57:02        IFACE   rxpck/s   txpck/s    rxkB/s    txkB/s   rxcmp/s   txcmp/s  rxmcst/s   %ifutil
14:57:03         ens5    174.00    167.00     89.25     34.36      0.00      0.00      0.00      0.00

14:57:03        IFACE   rxpck/s   txpck/s    rxkB/s    txkB/s   rxcmp/s   txcmp/s  rxmcst/s   %ifutil
14:57:04         ens5    178.00    172.00     94.72     34.71      0.00      0.00      0.00      0.00

14:57:04        IFACE   rxpck/s   txpck/s    rxkB/s    txkB/s   rxcmp/s   txcmp/s  rxmcst/s   %ifutil
14:57:05         ens5    176.00    167.00     89.41     31.79      0.00      0.00      0.00      0.00

14:57:05        IFACE   rxpck/s   txpck/s    rxkB/s    txkB/s   rxcmp/s   txcmp/s  rxmcst/s   %ifutil
14:57:06         ens5    175.00    169.00     89.36     34.50      0.00      0.00      0.00      0.00

14:57:06        IFACE   rxpck/s   txpck/s    rxkB/s    txkB/s   rxcmp/s   txcmp/s  rxmcst/s   %ifutil
14:57:07         ens5    180.00    172.00     94.82     34.72      0.00      0.00      0.00      0.00

14:57:07        IFACE   rxpck/s   txpck/s    rxkB/s    txkB/s   rxcmp/s   txcmp/s  rxmcst/s   %ifutil
14:57:08         ens5    175.00    167.00     89.39     31.81      0.00      0.00      0.00      0.00

14:57:08        IFACE   rxpck/s   txpck/s    rxkB/s    txkB/s   rxcmp/s   txcmp/s  rxmcst/s   %ifutil
14:57:09         ens5    174.00    166.00     89.29     34.24      0.00      0.00      0.00      0.00

14:57:09        IFACE   rxpck/s   txpck/s    rxkB/s    txkB/s   rxcmp/s   txcmp/s  rxmcst/s   %ifutil
14:57:10         ens5    173.00    167.00     89.22     31.81      0.00      0.00      0.00      0.00

14:57:10        IFACE   rxpck/s   txpck/s    rxkB/s    txkB/s   rxcmp/s   txcmp/s  rxmcst/s   %ifutil
14:57:11         ens5    173.00    166.00     89.19     34.24      0.00      0.00      0.00      0.00

14:57:11        IFACE   rxpck/s   txpck/s    rxkB/s    txkB/s   rxcmp/s   txcmp/s  rxmcst/s   %ifutil
14:57:12         ens5    172.00    166.00     89.17     31.68      0.00      0.00      0.00      0.00

14:57:12        IFACE   rxpck/s   txpck/s    rxkB/s    txkB/s   rxcmp/s   txcmp/s  rxmcst/s   %ifutil
14:57:13         ens5    178.00    172.00     94.68     34.71      0.00      0.00      0.00      0.00

14:57:13        IFACE   rxpck/s   txpck/s    rxkB/s    txkB/s   rxcmp/s   txcmp/s  rxmcst/s   %ifutil
14:57:14         ens5    176.00    171.00     89.37     34.56      0.00      0.00      0.00      0.00

14:57:14        IFACE   rxpck/s   txpck/s    rxkB/s    txkB/s   rxcmp/s   txcmp/s  rxmcst/s   %ifutil
14:57:15         ens5    174.00    166.00     89.32     31.72      0.00      0.00      0.00      0.00

14:57:15        IFACE   rxpck/s   txpck/s    rxkB/s    txkB/s   rxcmp/s   txcmp/s  rxmcst/s   %ifutil
14:57:16         ens5    174.00    166.00     89.30     34.24      0.00      0.00      0.00      0.00

14:57:16        IFACE   rxpck/s   txpck/s    rxkB/s    txkB/s   rxcmp/s   txcmp/s  rxmcst/s   %ifutil
14:57:17         ens5    173.00    168.00     89.23     31.88      0.00      0.00      0.00      0.00

14:57:17        IFACE   rxpck/s   txpck/s    rxkB/s    txkB/s   rxcmp/s   txcmp/s  rxmcst/s   %ifutil
14:57:18         ens5    180.00    171.00     94.79     34.65      0.00      0.00      0.00      0.00

14:57:18        IFACE   rxpck/s   txpck/s    rxkB/s    txkB/s   rxcmp/s   txcmp/s  rxmcst/s   %ifutil
14:57:19         ens5    176.00    169.00     89.46     34.47      0.00      0.00      0.00      0.00

14:57:19        IFACE   rxpck/s   txpck/s    rxkB/s    txkB/s   rxcmp/s   txcmp/s  rxmcst/s   %ifutil
14:57:20         ens5    173.00    167.00     89.23     31.81      0.00      0.00      0.00      0.00

14:57:20        IFACE   rxpck/s   txpck/s    rxkB/s    txkB/s   rxcmp/s   txcmp/s  rxmcst/s   %ifutil
14:57:21         ens5    179.00    171.00     94.73     34.64      0.00      0.00      0.00      0.00

14:57:21        IFACE   rxpck/s   txpck/s    rxkB/s    txkB/s   rxcmp/s   txcmp/s  rxmcst/s   %ifutil
14:57:22         ens5    176.00    169.00     89.42     34.48      0.00      0.00      0.00      0.00

14:57:22        IFACE   rxpck/s   txpck/s    rxkB/s    txkB/s   rxcmp/s   txcmp/s  rxmcst/s   %ifutil
14:57:23         ens5    173.00    168.00     89.27     31.82      0.00      0.00      0.00      0.00

14:57:23        IFACE   rxpck/s   txpck/s    rxkB/s    txkB/s   rxcmp/s   txcmp/s  rxmcst/s   %ifutil
14:57:24         ens5    174.00    167.00     89.26     34.32      0.00      0.00      0.00      0.00

14:57:24        IFACE   rxpck/s   txpck/s    rxkB/s    txkB/s   rxcmp/s   txcmp/s  rxmcst/s   %ifutil
14:57:25         ens5    178.00    172.00     94.73     34.78      0.00      0.00      0.00      0.00

14:57:25        IFACE   rxpck/s   txpck/s    rxkB/s    txkB/s   rxcmp/s   txcmp/s  rxmcst/s   %ifutil
14:57:26         ens5    175.00    166.00     89.30     31.68      0.00      0.00      0.00      0.00

14:57:26        IFACE   rxpck/s   txpck/s    rxkB/s    txkB/s   rxcmp/s   txcmp/s  rxmcst/s   %ifutil
14:57:27         ens5    176.00    168.00     89.46     34.41      0.00      0.00      0.00      0.00

14:57:27        IFACE   rxpck/s   txpck/s    rxkB/s    txkB/s   rxcmp/s   txcmp/s  rxmcst/s   %ifutil
14:57:28         ens5    174.00    168.00     89.28     31.88      0.00      0.00      0.00      0.00

14:57:28        IFACE   rxpck/s   txpck/s    rxkB/s    txkB/s   rxcmp/s   txcmp/s  rxmcst/s   %ifutil
14:57:29         ens5    173.00    165.00     89.19     34.17      0.00      0.00      0.00      0.00

14:57:29        IFACE   rxpck/s   txpck/s    rxkB/s    txkB/s   rxcmp/s   txcmp/s  rxmcst/s   %ifutil
14:57:30         ens5    177.00    170.00     94.66     34.58      0.00      0.00      0.00      0.00

14:57:30        IFACE   rxpck/s   txpck/s    rxkB/s    txkB/s   rxcmp/s   txcmp/s  rxmcst/s   %ifutil
14:57:31         ens5    178.00    169.00     89.48     31.89      0.00      0.00      0.00      0.00

14:57:31        IFACE   rxpck/s   txpck/s    rxkB/s    txkB/s   rxcmp/s   txcmp/s  rxmcst/s   %ifutil
14:57:32         ens5    175.00    168.00     89.35     34.43      0.00      0.00      0.00      0.00

14:57:32        IFACE   rxpck/s   txpck/s    rxkB/s    txkB/s   rxcmp/s   txcmp/s  rxmcst/s   %ifutil
14:57:33         ens5    172.00    167.00     89.17     31.74      0.00      0.00      0.00      0.00

14:57:33        IFACE   rxpck/s   txpck/s    rxkB/s    txkB/s   rxcmp/s   txcmp/s  rxmcst/s   %ifutil
14:57:34         ens5    173.00    165.00     89.19     34.17      0.00      0.00      0.00      0.00

14:57:34        IFACE   rxpck/s   txpck/s    rxkB/s    txkB/s   rxcmp/s   txcmp/s  rxmcst/s   %ifutil
14:57:35         ens5    177.00    172.00     94.66     34.71      0.00      0.00      0.00      0.00

14:57:35        IFACE   rxpck/s   txpck/s    rxkB/s    txkB/s   rxcmp/s   txcmp/s  rxmcst/s   %ifutil
14:57:36         ens5    178.00    170.00     89.57     31.99      0.00      0.00      0.00      0.00

14:57:36        IFACE   rxpck/s   txpck/s    rxkB/s    txkB/s   rxcmp/s   txcmp/s  rxmcst/s   %ifutil
14:57:37         ens5    174.00    169.00     89.25     34.49      0.00      0.00      0.00      0.00

14:57:37        IFACE   rxpck/s   txpck/s    rxkB/s    txkB/s   rxcmp/s   txcmp/s  rxmcst/s   %ifutil
14:57:38         ens5    172.00    165.00     89.17     31.62      0.00      0.00      0.00      0.00

14:57:38        IFACE   rxpck/s   txpck/s    rxkB/s    txkB/s   rxcmp/s   txcmp/s  rxmcst/s   %ifutil
14:57:39         ens5    178.00    169.00     94.69     34.43      0.00      0.00      0.00      0.00

14:57:39        IFACE   rxpck/s   txpck/s    rxkB/s    txkB/s   rxcmp/s   txcmp/s  rxmcst/s   %ifutil
14:57:40         ens5    174.00    170.00     89.29     34.61      0.00      0.00      0.00      0.00

14:57:40        IFACE   rxpck/s   txpck/s    rxkB/s    txkB/s   rxcmp/s   txcmp/s  rxmcst/s   %ifutil
14:57:41         ens5    176.00    167.00     89.41     31.78      0.00      0.00      0.00      0.00

14:57:41        IFACE   rxpck/s   txpck/s    rxkB/s    txkB/s   rxcmp/s   txcmp/s  rxmcst/s   %ifutil
14:57:42         ens5    175.00    168.00     89.35     34.43      0.00      0.00      0.00      0.00

14:57:42        IFACE   rxpck/s   txpck/s    rxkB/s    txkB/s   rxcmp/s   txcmp/s  rxmcst/s   %ifutil
14:57:43         ens5    172.00    165.00     89.17     31.62      0.00      0.00      0.00      0.00

14:57:43        IFACE   rxpck/s   txpck/s    rxkB/s    txkB/s   rxcmp/s   txcmp/s  rxmcst/s   %ifutil
14:57:44         ens5    178.00    169.00     94.69     34.51      0.00      0.00      0.00      0.00

14:57:44        IFACE   rxpck/s   txpck/s    rxkB/s    txkB/s   rxcmp/s   txcmp/s  rxmcst/s   %ifutil
14:57:45         ens5    172.00    168.00     89.18     31.73      0.00      0.00      0.00      0.00

14:57:45        IFACE   rxpck/s   txpck/s    rxkB/s    txkB/s   rxcmp/s   txcmp/s  rxmcst/s   %ifutil
14:57:46         ens5    173.00    166.00     89.19     34.32      0.00      0.00      0.00      0.00

14:57:46        IFACE   rxpck/s   txpck/s    rxkB/s    txkB/s   rxcmp/s   txcmp/s  rxmcst/s   %ifutil
14:57:47         ens5    175.00    168.00     89.32     34.37      0.00      0.00      0.00      0.00

14:57:47        IFACE   rxpck/s   txpck/s    rxkB/s    txkB/s   rxcmp/s   txcmp/s  rxmcst/s   %ifutil
14:57:48         ens5    174.00    167.00     89.31     31.79      0.00      0.00      0.00      0.00

14:57:48        IFACE   rxpck/s   txpck/s    rxkB/s    txkB/s   rxcmp/s   txcmp/s  rxmcst/s   %ifutil
14:57:49         ens5    174.00    167.00     89.29     34.30      0.00      0.00      0.00      0.00

14:57:49        IFACE   rxpck/s   txpck/s    rxkB/s    txkB/s   rxcmp/s   txcmp/s  rxmcst/s   %ifutil
14:57:50         ens5    173.00    167.00     89.23     31.81      0.00      0.00      0.00      0.00

14:57:50        IFACE   rxpck/s   txpck/s    rxkB/s    txkB/s   rxcmp/s   txcmp/s  rxmcst/s   %ifutil
14:57:51         ens5    178.00    170.00     94.67     34.57      0.00      0.00      0.00      0.00

14:57:51        IFACE   rxpck/s   txpck/s    rxkB/s    txkB/s   rxcmp/s   txcmp/s  rxmcst/s   %ifutil
14:57:52         ens5    175.00    168.00     89.32     34.37      0.00      0.00      0.00      0.00

14:57:52        IFACE   rxpck/s   txpck/s    rxkB/s    txkB/s   rxcmp/s   txcmp/s  rxmcst/s   %ifutil
14:57:53         ens5    175.00    167.00     89.42     31.79      0.00      0.00      0.00      0.00

14:57:53        IFACE   rxpck/s   txpck/s    rxkB/s    txkB/s   rxcmp/s   txcmp/s  rxmcst/s   %ifutil
14:57:54         ens5    173.00    165.00     89.19     34.17      0.00      0.00      0.00      0.00

14:57:54        IFACE   rxpck/s   txpck/s    rxkB/s    txkB/s   rxcmp/s   txcmp/s  rxmcst/s   %ifutil
14:57:55         ens5    173.00    167.00     89.22     31.81      0.00      0.00      0.00      0.00

14:57:55        IFACE   rxpck/s   txpck/s    rxkB/s    txkB/s   rxcmp/s   txcmp/s  rxmcst/s   %ifutil
14:57:56         ens5    179.00    170.00     94.74     34.58      0.00      0.00      0.00      0.00

14:57:56        IFACE   rxpck/s   txpck/s    rxkB/s    txkB/s   rxcmp/s   txcmp/s  rxmcst/s   %ifutil
14:57:57         ens5    175.00    168.00     89.35     34.39      0.00      0.00      0.00      0.00

14:57:57        IFACE   rxpck/s   txpck/s    rxkB/s    txkB/s   rxcmp/s   txcmp/s  rxmcst/s   %ifutil
14:57:58         ens5    174.00    166.00     89.31     31.72      0.00      0.00      0.00      0.00

14:57:58        IFACE   rxpck/s   txpck/s    rxkB/s    txkB/s   rxcmp/s   txcmp/s  rxmcst/s   %ifutil
14:57:59         ens5    176.00    169.00     89.41     34.50      0.00      0.00      0.00      0.00

14:57:59        IFACE   rxpck/s   txpck/s    rxkB/s    txkB/s   rxcmp/s   txcmp/s  rxmcst/s   %ifutil
14:58:00         ens5    171.00    163.00     89.11     31.42      0.00      0.00      0.00      0.00

14:58:00        IFACE   rxpck/s   txpck/s    rxkB/s    txkB/s   rxcmp/s   txcmp/s  rxmcst/s   %ifutil
14:58:01         ens5    173.00    165.00     89.19     34.17      0.00      0.00      0.00      0.00

14:58:01        IFACE   rxpck/s   txpck/s    rxkB/s    txkB/s   rxcmp/s   txcmp/s  rxmcst/s   %ifutil
14:58:02         ens5    162.00    156.00     83.29     30.89      0.00      0.00      0.00      0.00

14:58:02        IFACE   rxpck/s   txpck/s    rxkB/s    txkB/s   rxcmp/s   txcmp/s  rxmcst/s   %ifutil
14:58:03         ens5    177.00    170.00     94.67     34.59      0.00      0.00      0.00      0.00

14:58:03        IFACE   rxpck/s   txpck/s    rxkB/s    txkB/s   rxcmp/s   txcmp/s  rxmcst/s   %ifutil
14:58:04         ens5    177.00    168.00     89.47     31.85      0.00      0.00      0.00      0.00

14:58:04        IFACE   rxpck/s   txpck/s    rxkB/s    txkB/s   rxcmp/s   txcmp/s  rxmcst/s   %ifutil
14:58:05         ens5    173.00    165.00     89.19     34.17      0.00      0.00      0.00      0.00

14:58:05        IFACE   rxpck/s   txpck/s    rxkB/s    txkB/s   rxcmp/s   txcmp/s  rxmcst/s   %ifutil
14:58:06         ens5    173.00    166.00     89.28     31.69      0.00      0.00      0.00      0.00

14:58:06        IFACE   rxpck/s   txpck/s    rxkB/s    txkB/s   rxcmp/s   txcmp/s  rxmcst/s   %ifutil
14:58:07         ens5    174.00    167.00     89.25     34.36      0.00      0.00      0.00      0.00

14:58:07        IFACE   rxpck/s   txpck/s    rxkB/s    txkB/s   rxcmp/s   txcmp/s  rxmcst/s   %ifutil
14:58:08         ens5    172.00    165.00     89.17     31.62      0.00      0.00      0.00      0.00

14:58:08        IFACE   rxpck/s   txpck/s    rxkB/s    txkB/s   rxcmp/s   txcmp/s  rxmcst/s   %ifutil
14:58:09         ens5    179.00    171.00     94.74     34.64      0.00      0.00      0.00      0.00

14:58:09        IFACE   rxpck/s   txpck/s    rxkB/s    txkB/s   rxcmp/s   txcmp/s  rxmcst/s   %ifutil
14:58:10         ens5    174.00    167.00     89.27     34.30      0.00      0.00      0.00      0.00

14:58:10        IFACE   rxpck/s   txpck/s    rxkB/s    txkB/s   rxcmp/s   txcmp/s  rxmcst/s   %ifutil
14:58:11         ens5    174.00    167.00     89.32     31.79      0.00      0.00      0.00      0.00

14:58:11        IFACE   rxpck/s   txpck/s    rxkB/s    txkB/s   rxcmp/s   txcmp/s  rxmcst/s   %ifutil
14:58:12         ens5    174.00    166.00     89.30     34.24      0.00      0.00      0.00      0.00

14:58:12        IFACE   rxpck/s   txpck/s    rxkB/s    txkB/s   rxcmp/s   txcmp/s  rxmcst/s   %ifutil
14:58:13         ens5    174.00    167.00     89.30     31.77      0.00      0.00      0.00      0.00

14:58:13        IFACE   rxpck/s   txpck/s    rxkB/s    txkB/s   rxcmp/s   txcmp/s  rxmcst/s   %ifutil
14:58:14         ens5    174.00    167.00     89.25     34.36      0.00      0.00      0.00      0.00

14:58:14        IFACE   rxpck/s   txpck/s    rxkB/s    txkB/s   rxcmp/s   txcmp/s  rxmcst/s   %ifutil
14:58:15         ens5    177.00    170.00     94.67     34.59      0.00      0.00      0.00      0.00

14:58:15        IFACE   rxpck/s   txpck/s    rxkB/s    txkB/s   rxcmp/s   txcmp/s  rxmcst/s   %ifutil
14:58:16         ens5    140.59    132.67     70.84     26.18      0.00      0.00      0.00      0.00

14:58:16        IFACE   rxpck/s   txpck/s    rxkB/s    txkB/s   rxcmp/s   txcmp/s  rxmcst/s   %ifutil
14:58:17         ens5      0.00      0.00      0.00      0.00      0.00      0.00      0.00      0.00

14:58:17        IFACE   rxpck/s   txpck/s    rxkB/s    txkB/s   rxcmp/s   txcmp/s  rxmcst/s   %ifutil
14:58:18         ens5      0.00      0.00      0.00      0.00      0.00      0.00      0.00      0.00


Average:        IFACE   rxpck/s   txpck/s    rxkB/s    txkB/s   rxcmp/s   txcmp/s  rxmcst/s   %ifutil
Average:         ens5    162.90    156.24     83.99     31.01      0.00      0.00      0.00      0.00
