Linux 7.0.0-1010-aws (ip-172-31-31-224) 	08/11/26 	_x86_64_	(2 CPU)

06:55:41        CPU     %user     %nice   %system   %iowait    %steal     %idle
06:55:42        all     48.99      0.00      5.05      0.00      2.02     43.94
06:55:43        all     50.25      0.00      3.52      0.00      1.01     45.23
06:55:44        all     90.00      0.00      9.00      0.00      0.00      1.00
06:55:45        all     97.50      0.00      2.50      0.00      0.00      0.00
06:55:46        all     51.26      0.00      4.52      0.00      1.01     43.22
06:55:47        all     51.52      0.00      2.53      0.00      0.51     45.45
06:55:48        all     49.49      0.00      2.53      0.00      1.01     46.97
06:55:49        all     50.50      0.00      3.00      0.00      1.50     45.00
06:55:50        all     46.00      0.00      5.50      0.00      3.00     45.50
06:55:51        all      0.50      0.00      0.50      0.00      0.50     98.51
06:55:52        all      0.00      0.00      0.50      0.00      0.00     99.50
06:55:53        all      0.00      0.00      0.50      0.00      0.00     99.50
06:55:54        all      0.50      0.00      0.00      0.00      0.50     98.99
06:55:55        all      0.00      0.00      0.50      0.00      0.00     99.50
06:55:56        all      0.00      0.00      0.00      0.00      0.00    100.00
06:55:57        all      0.00      0.00      0.00      0.00      0.00    100.00
06:55:58        all      1.51      0.00      1.51      0.00      0.00     96.98
06:55:59        all      7.96      0.00      4.48      0.00      0.50     87.06
06:56:00        all      1.88      0.00      1.41      0.00     13.15     83.57
06:56:01        all      0.94      0.00      0.94      0.00     11.79     86.32
06:56:02        all      0.00      0.00      0.44      0.00     14.10     85.46
06:56:03        all      0.95      0.00      0.48      0.00      6.19     92.38
06:56:04        all      0.00      0.00      0.00      0.00      1.00     99.00
06:56:05        all      0.00      0.00      0.00      0.00      1.00     99.00
06:56:06        all      1.00      0.00      0.00      0.00      0.00     99.00
06:56:07        all      0.00      0.00      0.00      0.00      0.00    100.00
06:56:08        all      0.00      0.00      1.00      0.00      0.00     99.00
06:56:09        all      0.50      0.00      0.00      0.00      0.00     99.50

Average:        all     19.46      0.00      1.79      0.00      2.21     76.54
