Linux 7.0.0-1010-aws (ip-172-31-20-134) 	08/11/26 	_x86_64_	(2 CPU)

19:01:59        CPU     %user     %nice   %system   %iowait    %steal     %idle
19:02:00        all      1.51      0.00      1.51      0.00      1.01     95.98
19:02:01        all      1.00      0.00      0.50      0.00      0.00     98.51
19:02:02        all      0.50      0.00      0.00      0.00      0.50     99.00
19:02:03        all      0.00      0.00      0.50      0.00      0.00     99.50
19:02:04        all      1.50      0.00      0.50      0.00      0.00     98.00
19:02:05        all      0.00      0.00      0.00      0.00      0.00    100.00
19:02:06        all      0.50      0.00      0.50      0.00      0.00     99.00
19:02:07        all      0.50      0.00      0.00      0.00      0.00     99.50
19:02:08        all      0.50      0.00      0.00      0.00      0.00     99.50
19:02:09        all      0.00      0.00      0.00      0.00      0.00    100.00
19:02:10        all      0.50      0.00      1.01      0.00      0.00     98.49
19:02:11        all      0.50      0.00      0.00      0.00      0.00     99.50
19:02:12        all      0.50      0.00      0.00      0.00      0.50     99.00
19:02:13        all      0.00      0.00      0.00      0.00      0.00    100.00
19:02:14        all     25.77      0.00      2.58      0.00      0.00     71.65
19:02:15        all     82.23      0.00      7.61      0.00      0.00     10.15
19:02:16        all     86.36      0.00      9.60      0.00      0.00      4.04
19:02:17        all     11.50      0.00      2.00      0.00      0.00     86.50
19:02:18        all      0.51      0.00      0.00      0.00      0.00     99.49
19:02:19        all      0.50      0.00      0.50      0.00      0.00     99.00
19:02:20        all      0.50      0.00      0.00      0.00      0.00     99.50
19:02:21        all      0.00      0.00      0.50      0.00      0.00     99.50
19:02:22        all      0.00      0.00      0.00      0.00      0.00    100.00
19:02:23        all      0.50      0.00      0.00      0.00      0.00     99.50


Average:        all      8.90      0.00      1.13      0.00      0.08     89.89
