Linux 7.0.0-1010-aws (ip-172-31-20-134) 	08/11/26 	_x86_64_	(2 CPU)

19:01:59    kbmemfree   kbavail kbmemused  %memused kbbuffers  kbcached  kbcommit   %commit  kbactive   kbinact   kbdirty
19:02:00       100072   1279300    412440     21.14     34568   1254600   1487116     76.23    789740    809216       372
19:02:01       100072   1279300    412440     21.14     34568   1254600   1487116     76.23    789908    809216       372
19:02:02       100072   1279300    412436     21.14     34568   1254604   1487116     76.23    789988    809216       376
19:02:03       100072   1279300    412436     21.14     34568   1254604   1487116     76.23    789988    809216       376
19:02:04       100072   1279304    412436     21.14     34568   1254604   1487116     76.23    791348    809220       376
19:02:05       100072   1279304    412380     21.14     34568   1254660   1487116     76.23    790740    809220       376
19:02:06       100072   1279304    412380     21.14     34568   1254660   1487116     76.23    790740    809220       376
19:02:07        99820   1279112    412628     21.15     34568   1254664   1487116     76.23    790852    809224       500
19:02:08        99820   1279112    412628     21.15     34568   1254664   1487116     76.23    790852    809224       500
19:02:09        99820   1279112    412628     21.15     34568   1254664   1487116     76.23    790852    809224       500
19:02:10        99820   1279160    412580     21.15     34568   1254712   1488692     76.31    792484    809272       548
19:02:11        99820   1279160    412580     21.15     34568   1254712   1488692     76.31    792484    809272       548
19:02:12        99820   1279160    412580     21.15     34568   1254712   1488692     76.31    792484    809272       548
19:02:13        99820   1279160    412580     21.15     34568   1254712   1488692     76.31    792484    809272       548
19:02:14        99820   1279276    412464     21.14     34568   1254828   1536092     78.74    796760    809388       664
19:02:15        94884   1275132    416604     21.35     34568   1255624   1707196     87.51    806720    810180      1460
19:02:16        87716   1268528    423216     21.69     34568   1256180   1911536     97.98    815940    810740      2016
19:02:17        87604   1268424    423200     21.69     34568   1256308   1911552     97.98    809924    810744      2144
19:02:18        87604   1268508    423196     21.69     34568   1256312   1911552     97.98    808268    810828      2148
19:02:19        87604   1268548    423188     21.69     34568   1256320   1911552     97.98    808364    810868      2156
19:02:20        87604   1268560    423184     21.69     34568   1256324   1911552     97.98    808456    810880      2116
19:02:21        87604   1268560    423184     21.69     34568   1256324   1911552     97.98    808540    810880      2116
19:02:22        87604   1268564    423180     21.69     34568   1256328   1911552     97.98    808576    810884      2124
19:02:23        87604   1268564    423180     21.69     34568   1256328   1911552     97.98    808576    810884      2124


Average:        95620   1275490    416240     21.34     34568   1255252   1640067     84.07    798128    809815      1058
