Linux 7.0.0-1010-aws (ip-172-31-20-134) 	08/11/26 	_x86_64_	(2 CPU)

19:01:59        IFACE   rxpck/s   txpck/s    rxkB/s    txkB/s   rxcmp/s   txcmp/s  rxmcst/s   %ifutil
19:02:00         ens5     51.00     51.00      4.31      5.30      0.00      0.00      0.00      0.00

19:02:00        IFACE   rxpck/s   txpck/s    rxkB/s    txkB/s   rxcmp/s   txcmp/s  rxmcst/s   %ifutil
19:02:01         ens5     41.00     40.00      3.48      3.97      0.00      0.00      0.00      0.00

19:02:01        IFACE   rxpck/s   txpck/s    rxkB/s    txkB/s   rxcmp/s   txcmp/s  rxmcst/s   %ifutil
19:02:02         ens5      0.00      0.00      0.00      0.00      0.00      0.00      0.00      0.00

19:02:02        IFACE   rxpck/s   txpck/s    rxkB/s    txkB/s   rxcmp/s   txcmp/s  rxmcst/s   %ifutil
19:02:03         ens5      0.00      0.00      0.00      0.00      0.00      0.00      0.00      0.00

19:02:03        IFACE   rxpck/s   txpck/s    rxkB/s    txkB/s   rxcmp/s   txcmp/s  rxmcst/s   %ifutil
19:02:04         ens5      0.00      0.00      0.00      0.00      0.00      0.00      0.00      0.00

19:02:04        IFACE   rxpck/s   txpck/s    rxkB/s    txkB/s   rxcmp/s   txcmp/s  rxmcst/s   %ifutil
19:02:05         ens5      0.00      0.00      0.00      0.00      0.00      0.00      0.00      0.00

19:02:05        IFACE   rxpck/s   txpck/s    rxkB/s    txkB/s   rxcmp/s   txcmp/s  rxmcst/s   %ifutil
19:02:06         ens5      0.00      0.00      0.00      0.00      0.00      0.00      0.00      0.00

19:02:06        IFACE   rxpck/s   txpck/s    rxkB/s    txkB/s   rxcmp/s   txcmp/s  rxmcst/s   %ifutil
19:02:07         ens5      5.00      4.00      0.25      0.31      0.00      0.00      0.00      0.00

19:02:07        IFACE   rxpck/s   txpck/s    rxkB/s    txkB/s   rxcmp/s   txcmp/s  rxmcst/s   %ifutil
19:02:08         ens5      0.00      0.00      0.00      0.00      0.00      0.00      0.00      0.00

19:02:08        IFACE   rxpck/s   txpck/s    rxkB/s    txkB/s   rxcmp/s   txcmp/s  rxmcst/s   %ifutil
19:02:09         ens5      1.00      1.00      0.03      0.04      0.00      0.00      0.00      0.00

19:02:09        IFACE   rxpck/s   txpck/s    rxkB/s    txkB/s   rxcmp/s   txcmp/s  rxmcst/s   %ifutil
19:02:10         ens5     60.00     68.00     32.16     13.87      0.00      0.00      0.00      0.00

19:02:10        IFACE   rxpck/s   txpck/s    rxkB/s    txkB/s   rxcmp/s   txcmp/s  rxmcst/s   %ifutil
19:02:11         ens5      0.00      0.00      0.00      0.00      0.00      0.00      0.00      0.00

19:02:11        IFACE   rxpck/s   txpck/s    rxkB/s    txkB/s   rxcmp/s   txcmp/s  rxmcst/s   %ifutil
19:02:12         ens5      0.00      0.00      0.00      0.00      0.00      0.00      0.00      0.00

19:02:12        IFACE   rxpck/s   txpck/s    rxkB/s    txkB/s   rxcmp/s   txcmp/s  rxmcst/s   %ifutil
19:02:13         ens5      0.00      0.00      0.00      0.00      0.00      0.00      0.00      0.00

19:02:13        IFACE   rxpck/s   txpck/s    rxkB/s    txkB/s   rxcmp/s   txcmp/s  rxmcst/s   %ifutil
19:02:14         ens5    222.00    278.00     80.23     57.02      0.00      0.00      0.00      0.00

19:02:14        IFACE   rxpck/s   txpck/s    rxkB/s    txkB/s   rxcmp/s   txcmp/s  rxmcst/s   %ifutil
19:02:15         ens5   1080.00   1262.00    385.30    264.40      0.00      0.00      0.00      0.00

19:02:15        IFACE   rxpck/s   txpck/s    rxkB/s    txkB/s   rxcmp/s   txcmp/s  rxmcst/s   %ifutil
19:02:16         ens5    710.89   1023.76    273.80    189.83      0.00      0.00      0.00      0.00

19:02:16        IFACE   rxpck/s   txpck/s    rxkB/s    txkB/s   rxcmp/s   txcmp/s  rxmcst/s   %ifutil
19:02:17         ens5     40.00     91.00     16.25     15.35      0.00      0.00      0.00      0.00

19:02:17        IFACE   rxpck/s   txpck/s    rxkB/s    txkB/s   rxcmp/s   txcmp/s  rxmcst/s   %ifutil
19:02:18         ens5     11.00     14.00      4.00      2.86      0.00      0.00      0.00      0.00

19:02:18        IFACE   rxpck/s   txpck/s    rxkB/s    txkB/s   rxcmp/s   txcmp/s  rxmcst/s   %ifutil
19:02:19         ens5      0.00      0.00      0.00      0.00      0.00      0.00      0.00      0.00

19:02:19        IFACE   rxpck/s   txpck/s    rxkB/s    txkB/s   rxcmp/s   txcmp/s  rxmcst/s   %ifutil
19:02:20         ens5      0.00      0.00      0.00      0.00      0.00      0.00      0.00      0.00

19:02:20        IFACE   rxpck/s   txpck/s    rxkB/s    txkB/s   rxcmp/s   txcmp/s  rxmcst/s   %ifutil
19:02:21         ens5      0.00      0.00      0.00      0.00      0.00      0.00      0.00      0.00

19:02:21        IFACE   rxpck/s   txpck/s    rxkB/s    txkB/s   rxcmp/s   txcmp/s  rxmcst/s   %ifutil
19:02:22         ens5      0.00      0.00      0.00      0.00      0.00      0.00      0.00      0.00

19:02:22        IFACE   rxpck/s   txpck/s    rxkB/s    txkB/s   rxcmp/s   txcmp/s  rxmcst/s   %ifutil
19:02:23         ens5      0.00      0.00      0.00      0.00      0.00      0.00      0.00      0.00


Average:        IFACE   rxpck/s   txpck/s    rxkB/s    txkB/s   rxcmp/s   txcmp/s  rxmcst/s   %ifutil
Average:         ens5     92.84    118.41     33.43     23.11      0.00      0.00      0.00      0.00
