Linux 7.0.0-1010-aws (ip-172-31-20-134) 	08/11/26 	_x86_64_	(2 CPU)

17:12:18        CPU     %user     %nice   %system   %iowait    %steal     %idle
17:12:19        all      2.00      0.00      2.00      0.00      0.00     96.00
17:12:20        all      0.00      0.00      0.00      0.00      0.00    100.00
17:12:21        all      0.50      0.00      0.00      0.00      0.00     99.50
17:12:22        all      0.50      0.00      0.00      0.00      0.00     99.50
17:12:23        all      0.00      0.00      0.50      0.00      0.00     99.50
17:12:24        all      0.51      0.00      0.00      0.51      0.00     98.99
17:12:25        all      0.00      0.00      0.50      0.00      0.00     99.50
17:12:26        all      1.01      0.00      0.00      0.00      0.00     98.99
17:12:27        all      0.50      0.00      0.99      0.00      0.00     98.51
17:12:28        all      3.54      0.00      1.01      0.00      0.00     95.45
17:12:29        all      1.52      0.00      0.00      0.00      0.00     98.48
17:12:30        all      4.52      0.00      1.01      0.00      0.00     94.47
17:12:31        all     69.54      0.00      9.14      0.00      0.00     21.32
17:12:32        all     87.50      0.00     10.50      0.00      0.00      2.00
17:12:33        all     63.13      0.00      4.55      0.00      0.00     32.32
17:12:34        all      0.00      0.00      0.50      0.00      0.00     99.50
17:12:35        all      0.00      0.00      0.50      0.00      0.00     99.50
17:12:36        all      0.50      0.00      0.00      0.00      0.00     99.50
17:12:37        all      0.00      0.00      0.00      0.00      0.00    100.00
17:12:38        all      0.00      0.00      0.00      0.00      0.00    100.00
17:12:39        all      0.00      0.00      0.00      0.00      0.50     99.50
17:12:40        all      0.50      0.00      0.50      0.00      0.00     99.00
17:12:41        all      0.50      0.00      0.00      0.00      0.00     99.50

Average:        all     10.24      0.00      1.38      0.02      0.02     88.34
