Linux 7.0.0-1010-aws (ip-172-31-20-134) 	08/11/26 	_x86_64_	(2 CPU)

17:12:18    kbmemfree   kbavail kbmemused  %memused kbbuffers  kbcached  kbcommit   %commit  kbactive   kbinact   kbdirty
17:12:19       129008   1316156    377436     19.35     30688   1267936   1469924     75.35    995404    573476       344
17:12:20       129008   1316156    377436     19.35     30688   1267936   1469924     75.35    995404    573476       344
17:12:21       129008   1316156    377436     19.35     30688   1267936   1469924     75.35    995404    573476       344
17:12:22       129008   1316156    377436     19.35     30688   1267936   1469924     75.35    995404    573476       344
17:12:23       129008   1316156    377436     19.35     30688   1267936   1469924     75.35    995404    573476       344
17:12:24       128756   1315912    377656     19.36     30712   1267936   1469924     75.35    995520    573480       480
17:12:25       128756   1315912    377656     19.36     30712   1267936   1469924     75.35    995520    573480       480
17:12:26       128756   1315956    377596     19.35     30712   1267996   1471364     75.42    996964    573524       540
17:12:27       128756   1315956    377596     19.35     30712   1267996   1471364     75.42    996964    573524       540
17:12:28       128756   1315956    377596     19.35     30712   1267996   1471364     75.42    996164    573524       540
17:12:29       128756   1315956    377584     19.35     30712   1268008   1471364     75.42    996980    573524       552
17:12:30       128000   1315248    378340     19.39     30712   1268008   1480296     75.88    999292    573572       552
17:12:31       120032   1308616    384948     19.73     30712   1269324   1853228     94.99   1011208    574884      1868
17:12:32       111920   1302052    391488     20.07     30712   1270848   1890856     96.92   1024516    576412      3392
17:12:33       102848   1293660    399864     20.50     30712   1271524   1897072     97.24   1025308    577080      4068
17:12:34       102848   1293672    399816     20.49     30712   1271568   1897072     97.24   1025444    577092      4068
17:12:35       102848   1293672    399816     20.49     30712   1271568   1897072     97.24   1025444    577092      4068
17:12:36       102848   1293672    399812     20.49     30712   1271572   1897072     97.24   1025444    577092      4076
17:12:37       102848   1293672    399812     20.49     30712   1271572   1897072     97.24   1025444    577092      4076
17:12:38       102848   1293672    399812     20.49     30712   1271572   1897072     97.24   1025444    577092      4076
17:12:39       102848   1293672    399808     20.49     30712   1271576   1897072     97.24   1025444    577092      4080
17:12:40       102848   1293672    399808     20.49     30712   1271576   1897072     97.24   1025444    577092      4080
17:12:41       102848   1293672    399808     20.49     30712   1271576   1897072     97.24   1025444    577092      4080

Average:       117529   1306321    387217     19.85     30707   1269558   1672737     85.74   1009522    575092      2058
