Linux 7.0.0-1010-aws (ip-172-31-31-224) 	08/11/26 	_x86_64_	(2 CPU)

06:58:57    kbmemfree   kbavail kbmemused  %memused kbbuffers  kbcached  kbcommit   %commit  kbactive   kbinact   kbdirty
06:58:58       689268   1291136    440080     22.56     16284    727728   1605760     82.31    399636    690496       164
06:58:59       617196   1219076    512140     26.25     16284    727740   1672728     85.74    468172    690508       160
06:59:00       544620   1146500    584716     29.97     16284    727740   1743136     89.35    538300    690508       160
06:59:01       496488   1098368    632848     32.44     16284    727740   1789872     91.75    585880    690508       160
06:59:02       480360   1082240    648976     33.27     16284    727740   1818744     93.23    612128    690508       160
06:59:03       416100   1017980    713236     36.56     16284    727740   1873188     96.02    666528    690508       160
06:59:04       343524    945408    785808     40.28     16284    727744   1952628    100.09    748116    690512       164
06:59:05       271200    873084    858132     43.99     16284    727744   2020000    103.54    813604    690512       164
06:59:06       230880    832764    898452     46.05     16284    727744   2061472    105.67    857868    690512       164
06:59:07       101856    703740   1027472     52.67     16284    727744   2190512    112.28    983888    690512       164
06:59:08       101856    703740   1027472     52.67     16284    727744   2190512    112.28    983888    690512       164
06:59:09       101856    703740   1027468     52.67     16284    727748   2190512    112.28    983888    690512       168
06:59:10       101856    703744   1027468     52.67     16284    727748   2190512    112.28    983992    690516       116
06:59:11       101856    703744   1027468     52.67     16284    727748   2190512    112.28    983992    690516       116
06:59:12       101856    703744   1027468     52.67     16284    727748   2190512    112.28    983992    690516       116
06:59:13       101856    703744   1027468     52.67     16284    727748   2190512    112.28    984288    690516       116
06:59:14       101856    703744   1027460     52.67     16284    727756   2190512    112.28    984228    690516       128
06:59:15       101856    703744   1027456     52.67     16284    727760   2190512    112.28    984228    690516       132
06:59:16       101856    703744   1027456     52.67     16284    727760   2190512    112.28    984228    690516       132
06:59:17       101856    703744   1027428     52.66     16308    727764   2190512    112.28    984348    690516        32
06:59:18       101856    703744   1027428     52.66     16308    727764   2190512    112.28    984348    690516        32
06:59:19       101856    703744   1027428     52.66     16308    727764   2190512    112.28    984348    690516        32
06:59:20       101856    703744   1027424     52.66     16308    727768   2190512    112.28    984348    690516        36
06:59:21       101856    703784   1027424     52.66     16308    727768   2190512    112.28    984928    690556        36
06:59:22       101856    703784   1027424     52.66     16308    727768   2190512    112.28    984928    690556        36
06:59:23       101856    703784   1027424     52.66     16308    727768   2190512    112.28    984928    690556        36
06:59:24       101856    703784   1027424     52.66     16308    727768   2190512    112.28    984928    690556        36

Average:       219372    821263    909943     46.64     16291    727752   2072842    106.25    866961    690519       114
