Linux 7.0.0-1008-aws (ip-172-31-20-134) 	08/07/26 	_x86_64_	(2 CPU)

17:13:51        CPU     %user     %nice   %system   %iowait    %steal     %idle
17:13:52        all      2.00      0.00      2.00      0.00      0.00     96.00
17:13:53        all      0.00      0.00      0.00      0.00      0.00    100.00
17:13:54        all      0.50      0.00      0.00      0.00      0.00     99.50
17:13:55        all      0.00      0.00      0.00      0.00      0.50     99.50
17:13:56        all      0.50      0.00      0.00      0.00      0.00     99.50
17:13:57        all      0.00      0.00      1.48      0.00      0.00     98.52
17:13:58        all      8.16      0.00      1.02      0.00      0.00     90.82
17:13:59        all      5.53      0.00      1.01      0.00      0.00     93.47
17:14:00        all      5.08      0.00      0.00      0.00      1.02     93.91
17:14:01        all      4.57      0.00      1.02      0.00      0.00     94.42
17:14:02        all      3.59      0.00      0.00      0.00      0.00     96.41
17:14:03        all      6.53      0.00      1.01      0.00      0.50     91.96
17:14:04        all      4.57      0.00      1.02      0.00      0.00     94.42
17:14:05        all      5.08      0.00      1.02      0.00      0.00     93.91
17:14:06        all      5.53      0.00      1.01      0.00      0.50     92.96
17:14:07        all      4.59      0.00      1.02      0.00      0.00     94.39
17:14:08        all      5.58      0.00      0.00      0.00      0.00     94.42
17:14:09        all      5.56      0.00      1.01      0.00      0.00     93.43
17:14:10        all      4.59      0.00      2.55      0.51      0.00     92.35
17:14:11        all      7.04      0.00      1.01      0.00      0.00     91.96
17:14:12        all      4.59      0.00      0.51      0.00      0.00     94.90
17:14:13        all     10.20      0.00      2.04      0.00      0.00     87.76
17:14:14        all      5.56      0.00      1.01      0.00      0.00     93.43
17:14:15        all      4.57      0.00      1.02      0.00      0.00     94.42
17:14:16        all      6.09      0.00      0.00      0.00      0.00     93.91
17:14:17        all      5.03      0.00      1.01      0.00      0.50     93.47
17:14:18        all      6.06      0.00      0.51      0.00      0.00     93.43
17:14:19        all      4.57      0.00      0.51      0.00      0.00     94.92
17:14:20        all      5.10      0.00      1.02      0.00      0.00     93.88
17:14:21        all      5.08      0.00      0.51      0.00      0.00     94.42
17:14:22        all      5.05      0.00      1.52      0.51      0.00     92.93
17:14:23        all      5.53      0.00      1.01      0.00      0.00     93.47
17:14:24        all      5.58      0.00      0.51      0.00      0.00     93.91
17:14:25        all      5.08      0.00      0.51      0.00      0.00     94.42
17:14:26        all      5.13      0.00      0.00      0.00      0.00     94.87
17:14:27        all      5.56      0.00      1.01      0.00      0.00     93.43
17:14:28        all     10.20      0.00      1.53      0.00      0.00     88.27
17:14:29        all      5.08      0.00      0.51      0.00      0.00     94.42
17:14:30        all      5.58      0.00      0.51      0.00      0.00     93.91
17:14:31        all      4.59      0.00      1.02      0.00      0.00     94.39
17:14:32        all      6.00      0.00      1.00      0.50      0.50     92.00
17:14:33        all      5.10      0.00      0.51      0.00      0.00     94.39
17:14:34        all      5.05      0.00      0.51      0.00      0.00     94.44
17:14:35        all      5.56      0.00      1.01      0.00      0.00     93.43
17:14:36        all      5.05      0.00      1.01      0.00      0.00     93.94
17:14:37        all      4.64      0.00      0.00      0.00      0.00     95.36
17:14:38        all      5.56      0.00      0.51      0.00      0.00     93.94
17:14:39        all      5.08      0.00      0.51      0.00      0.00     94.42
17:14:40        all      6.03      0.00      0.50      0.00      0.50     92.96
17:14:41        all      4.57      0.00      1.52      0.00      0.00     93.91
17:14:42        all      5.58      0.00      0.51      0.00      0.00     93.91
17:14:43        all      9.69      0.00      2.04      0.00      0.00     88.27
17:14:44        all      5.53      0.00      1.51      0.00      0.00     92.96
17:14:45        all      5.08      0.00      0.51      0.00      0.00     94.42
17:14:46        all      5.56      0.00      0.51      0.00      0.00     93.94
17:14:47        all      4.66      0.00      0.00      0.00      0.00     95.34
17:14:48        all      4.98      0.00      1.49      0.00      0.00     93.53
17:14:49        all      5.08      0.00      1.02      0.00      0.00     93.91
17:14:50        all      5.10      0.00      0.51      0.00      0.00     94.39
17:14:51        all      6.40      0.00      1.97      0.00      5.42     86.21
17:14:52        all      6.05      0.00      1.86      0.00     15.35     76.74
17:14:53        all      6.40      0.00      0.99      0.00      4.43     88.18
17:14:54        all      4.59      0.00      0.51      0.00      0.00     94.90
17:14:55        all      5.03      0.00      1.51      0.00      0.00     93.47
17:14:56        all      5.08      0.00      1.02      0.00      0.00     93.91
17:14:57        all      5.56      0.00      0.51      0.00      0.00     93.94
17:14:58        all     13.13      0.00      4.04      1.52      0.00     81.31
17:14:59        all      5.61      0.00      2.55      3.57      0.00     88.27
17:15:00        all      5.05      0.00      0.51      0.00      1.52     92.93
17:15:01        all      2.48      0.00      0.99      0.00      2.97     93.56
17:15:02        all      1.00      0.00      0.00      1.00      0.00     98.00

Average:        all      5.12      0.00      0.90      0.11      0.50     93.38
