Linux 7.0.0-1008-aws (ip-172-31-20-134) 	08/07/26 	_x86_64_	(2 CPU)

17:13:51        IFACE   rxpck/s   txpck/s    rxkB/s    txkB/s   rxcmp/s   txcmp/s  rxmcst/s   %ifutil
17:13:52         ens5     49.00     37.00      4.35      4.64      0.00      0.00      0.00      0.00

17:13:52        IFACE   rxpck/s   txpck/s    rxkB/s    txkB/s   rxcmp/s   txcmp/s  rxmcst/s   %ifutil
17:13:53         ens5     51.00     34.00      4.45      4.05      0.00      0.00      0.00      0.00

17:13:53        IFACE   rxpck/s   txpck/s    rxkB/s    txkB/s   rxcmp/s   txcmp/s  rxmcst/s   %ifutil
17:13:54         ens5     31.00     23.00      2.63      2.54      0.00      0.00      0.00      0.00

17:13:54        IFACE   rxpck/s   txpck/s    rxkB/s    txkB/s   rxcmp/s   txcmp/s  rxmcst/s   %ifutil
17:13:55         ens5      0.00      0.00      0.00      0.00      0.00      0.00      0.00      0.00

17:13:55        IFACE   rxpck/s   txpck/s    rxkB/s    txkB/s   rxcmp/s   txcmp/s  rxmcst/s   %ifutil
17:13:56         ens5      0.00      0.00      0.00      0.00      0.00      0.00      0.00      0.00

17:13:56        IFACE   rxpck/s   txpck/s    rxkB/s    txkB/s   rxcmp/s   txcmp/s  rxmcst/s   %ifutil
17:13:57         ens5      2.00      1.00      0.09      0.06      0.00      0.00      0.00      0.00

17:13:57        IFACE   rxpck/s   txpck/s    rxkB/s    txkB/s   rxcmp/s   txcmp/s  rxmcst/s   %ifutil
17:13:58         ens5    119.00    117.00     62.45     26.16      0.00      0.00      0.00      0.00

17:13:58        IFACE   rxpck/s   txpck/s    rxkB/s    txkB/s   rxcmp/s   txcmp/s  rxmcst/s   %ifutil
17:13:59         ens5    208.00    192.00     92.59     54.37      0.00      0.00      0.00      0.00

17:13:59        IFACE   rxpck/s   txpck/s    rxkB/s    txkB/s   rxcmp/s   txcmp/s  rxmcst/s   %ifutil
17:14:00         ens5    198.00    182.00     86.97     51.12      0.00      0.00      0.00      0.00

17:14:00        IFACE   rxpck/s   txpck/s    rxkB/s    txkB/s   rxcmp/s   txcmp/s  rxmcst/s   %ifutil
17:14:01         ens5    158.00    145.00     69.57     40.87      0.00      0.00      0.00      0.00

17:14:01        IFACE   rxpck/s   txpck/s    rxkB/s    txkB/s   rxcmp/s   txcmp/s  rxmcst/s   %ifutil
17:14:02         ens5    143.00    132.00     63.67     37.39      0.00      0.00      0.00      0.00

17:14:02        IFACE   rxpck/s   txpck/s    rxkB/s    txkB/s   rxcmp/s   txcmp/s  rxmcst/s   %ifutil
17:14:03         ens5    212.00    197.00     92.90     54.80      0.00      0.00      0.00      0.00

17:14:03        IFACE   rxpck/s   txpck/s    rxkB/s    txkB/s   rxcmp/s   txcmp/s  rxmcst/s   %ifutil
17:14:04         ens5    208.00    192.00     92.61     54.39      0.00      0.00      0.00      0.00

17:14:04        IFACE   rxpck/s   txpck/s    rxkB/s    txkB/s   rxcmp/s   txcmp/s  rxmcst/s   %ifutil
17:14:05         ens5    217.00    200.00     98.16     57.50      0.00      0.00      0.00      0.00

17:14:05        IFACE   rxpck/s   txpck/s    rxkB/s    txkB/s   rxcmp/s   txcmp/s  rxmcst/s   %ifutil
17:14:06         ens5    211.00    194.00     92.88     54.59      0.00      0.00      0.00      0.00

17:14:06        IFACE   rxpck/s   txpck/s    rxkB/s    txkB/s   rxcmp/s   txcmp/s  rxmcst/s   %ifutil
17:14:07         ens5    208.00    194.00     92.67     54.58      0.00      0.00      0.00      0.00

17:14:07        IFACE   rxpck/s   txpck/s    rxkB/s    txkB/s   rxcmp/s   txcmp/s  rxmcst/s   %ifutil
17:14:08         ens5    208.00    193.00     92.67     54.52      0.00      0.00      0.00      0.00

17:14:08        IFACE   rxpck/s   txpck/s    rxkB/s    txkB/s   rxcmp/s   txcmp/s  rxmcst/s   %ifutil
17:14:09         ens5    209.00    195.00     92.73     54.71      0.00      0.00      0.00      0.00

17:14:09        IFACE   rxpck/s   txpck/s    rxkB/s    txkB/s   rxcmp/s   txcmp/s  rxmcst/s   %ifutil
17:14:10         ens5    208.00    193.00     92.67     54.52      0.00      0.00      0.00      0.00

17:14:10        IFACE   rxpck/s   txpck/s    rxkB/s    txkB/s   rxcmp/s   txcmp/s  rxmcst/s   %ifutil
17:14:11         ens5    213.00    197.00     97.98     57.33      0.00      0.00      0.00      0.00

17:14:11        IFACE   rxpck/s   txpck/s    rxkB/s    txkB/s   rxcmp/s   txcmp/s  rxmcst/s   %ifutil
17:14:12         ens5    213.00    195.00     92.93     54.65      0.00      0.00      0.00      0.00

17:14:12        IFACE   rxpck/s   txpck/s    rxkB/s    txkB/s   rxcmp/s   txcmp/s  rxmcst/s   %ifutil
17:14:13         ens5    210.00    194.00     92.83     54.59      0.00      0.00      0.00      0.00

17:14:13        IFACE   rxpck/s   txpck/s    rxkB/s    txkB/s   rxcmp/s   txcmp/s  rxmcst/s   %ifutil
17:14:14         ens5    209.00    194.00     92.73     54.64      0.00      0.00      0.00      0.00

17:14:14        IFACE   rxpck/s   txpck/s    rxkB/s    txkB/s   rxcmp/s   txcmp/s  rxmcst/s   %ifutil
17:14:15         ens5    207.00    191.00     92.61     54.33      0.00      0.00      0.00      0.00

17:14:15        IFACE   rxpck/s   txpck/s    rxkB/s    txkB/s   rxcmp/s   txcmp/s  rxmcst/s   %ifutil
17:14:16         ens5    209.00    194.00     92.73     54.64      0.00      0.00      0.00      0.00

17:14:16        IFACE   rxpck/s   txpck/s    rxkB/s    txkB/s   rxcmp/s   txcmp/s  rxmcst/s   %ifutil
17:14:17         ens5    213.00    197.00     97.98     57.33      0.00      0.00      0.00      0.00

17:14:17        IFACE   rxpck/s   txpck/s    rxkB/s    txkB/s   rxcmp/s   txcmp/s  rxmcst/s   %ifutil
17:14:18         ens5    213.00    196.00     92.93     54.72      0.00      0.00      0.00      0.00

17:14:18        IFACE   rxpck/s   txpck/s    rxkB/s    txkB/s   rxcmp/s   txcmp/s  rxmcst/s   %ifutil
17:14:19         ens5    209.00    194.00     92.75     54.61      0.00      0.00      0.00      0.00

17:14:19        IFACE   rxpck/s   txpck/s    rxkB/s    txkB/s   rxcmp/s   txcmp/s  rxmcst/s   %ifutil
17:14:20         ens5    210.00    194.00     92.83     54.59      0.00      0.00      0.00      0.00

17:14:20        IFACE   rxpck/s   txpck/s    rxkB/s    txkB/s   rxcmp/s   txcmp/s  rxmcst/s   %ifutil
17:14:21         ens5    208.00    192.00     92.67     54.45      0.00      0.00      0.00      0.00

17:14:21        IFACE   rxpck/s   txpck/s    rxkB/s    txkB/s   rxcmp/s   txcmp/s  rxmcst/s   %ifutil
17:14:22         ens5    214.00    194.00     98.04     54.64      0.00      0.00      0.00      0.00

17:14:22        IFACE   rxpck/s   txpck/s    rxkB/s    txkB/s   rxcmp/s   txcmp/s  rxmcst/s   %ifutil
17:14:23         ens5    211.00    199.00     92.82     57.46      0.00      0.00      0.00      0.00

17:14:23        IFACE   rxpck/s   txpck/s    rxkB/s    txkB/s   rxcmp/s   txcmp/s  rxmcst/s   %ifutil
17:14:24         ens5    209.90    194.06     92.02     54.18      0.00      0.00      0.00      0.00

17:14:24        IFACE   rxpck/s   txpck/s    rxkB/s    txkB/s   rxcmp/s   txcmp/s  rxmcst/s   %ifutil
17:14:25         ens5    209.00    194.00     92.73     54.64      0.00      0.00      0.00      0.00

17:14:25        IFACE   rxpck/s   txpck/s    rxkB/s    txkB/s   rxcmp/s   txcmp/s  rxmcst/s   %ifutil
17:14:26         ens5    208.00    192.00     92.67     54.45      0.00      0.00      0.00      0.00

17:14:26        IFACE   rxpck/s   txpck/s    rxkB/s    txkB/s   rxcmp/s   txcmp/s  rxmcst/s   %ifutil
17:14:27         ens5    208.00    192.00     92.67     54.45      0.00      0.00      0.00      0.00

17:14:27        IFACE   rxpck/s   txpck/s    rxkB/s    txkB/s   rxcmp/s   txcmp/s  rxmcst/s   %ifutil
17:14:28         ens5    213.00    197.00     97.98     57.33      0.00      0.00      0.00      0.00

17:14:28        IFACE   rxpck/s   txpck/s    rxkB/s    txkB/s   rxcmp/s   txcmp/s  rxmcst/s   %ifutil
17:14:29         ens5    208.00    192.00     92.67     54.45      0.00      0.00      0.00      0.00

17:14:29        IFACE   rxpck/s   txpck/s    rxkB/s    txkB/s   rxcmp/s   txcmp/s  rxmcst/s   %ifutil
17:14:30         ens5    208.00    192.00     92.67     54.45      0.00      0.00      0.00      0.00

17:14:30        IFACE   rxpck/s   txpck/s    rxkB/s    txkB/s   rxcmp/s   txcmp/s  rxmcst/s   %ifutil
17:14:31         ens5    211.00    194.00     92.82     54.58      0.00      0.00      0.00      0.00

17:14:31        IFACE   rxpck/s   txpck/s    rxkB/s    txkB/s   rxcmp/s   txcmp/s  rxmcst/s   %ifutil
17:14:32         ens5    209.00    193.00     92.73     54.53      0.00      0.00      0.00      0.00

17:14:32        IFACE   rxpck/s   txpck/s    rxkB/s    txkB/s   rxcmp/s   txcmp/s  rxmcst/s   %ifutil
17:14:33         ens5    211.00    195.00     92.88     54.65      0.00      0.00      0.00      0.00

17:14:33        IFACE   rxpck/s   txpck/s    rxkB/s    txkB/s   rxcmp/s   txcmp/s  rxmcst/s   %ifutil
17:14:34         ens5    208.00    193.00     92.67     54.52      0.00      0.00      0.00      0.00

17:14:34        IFACE   rxpck/s   txpck/s    rxkB/s    txkB/s   rxcmp/s   txcmp/s  rxmcst/s   %ifutil
17:14:35         ens5    209.00    193.00     92.75     54.54      0.00      0.00      0.00      0.00

17:14:35        IFACE   rxpck/s   txpck/s    rxkB/s    txkB/s   rxcmp/s   txcmp/s  rxmcst/s   %ifutil
17:14:36         ens5    208.00    192.00     92.67     54.45      0.00      0.00      0.00      0.00

17:14:36        IFACE   rxpck/s   txpck/s    rxkB/s    txkB/s   rxcmp/s   txcmp/s  rxmcst/s   %ifutil
17:14:37         ens5    208.00    192.00     92.67     54.45      0.00      0.00      0.00      0.00

17:14:37        IFACE   rxpck/s   txpck/s    rxkB/s    txkB/s   rxcmp/s   txcmp/s  rxmcst/s   %ifutil
17:14:38         ens5    210.00    195.00     92.78     54.71      0.00      0.00      0.00      0.00

17:14:38        IFACE   rxpck/s   txpck/s    rxkB/s    txkB/s   rxcmp/s   txcmp/s  rxmcst/s   %ifutil
17:14:39         ens5    216.00    199.00     98.13     57.46      0.00      0.00      0.00      0.00

17:14:39        IFACE   rxpck/s   txpck/s    rxkB/s    txkB/s   rxcmp/s   txcmp/s  rxmcst/s   %ifutil
17:14:40         ens5    205.00    190.00     92.52     54.32      0.00      0.00      0.00      0.00

17:14:40        IFACE   rxpck/s   txpck/s    rxkB/s    txkB/s   rxcmp/s   txcmp/s  rxmcst/s   %ifutil
17:14:41         ens5    212.00    195.00     92.88     54.65      0.00      0.00      0.00      0.00

17:14:41        IFACE   rxpck/s   txpck/s    rxkB/s    txkB/s   rxcmp/s   txcmp/s  rxmcst/s   %ifutil
17:14:42         ens5    210.00    193.00     92.78     54.53      0.00      0.00      0.00      0.00

17:14:42        IFACE   rxpck/s   txpck/s    rxkB/s    txkB/s   rxcmp/s   txcmp/s  rxmcst/s   %ifutil
17:14:43         ens5    212.00    197.00     92.92     54.82      0.00      0.00      0.00      0.00

17:14:43        IFACE   rxpck/s   txpck/s    rxkB/s    txkB/s   rxcmp/s   txcmp/s  rxmcst/s   %ifutil
17:14:44         ens5    208.00    192.00     92.67     54.45      0.00      0.00      0.00      0.00

17:14:44        IFACE   rxpck/s   txpck/s    rxkB/s    txkB/s   rxcmp/s   txcmp/s  rxmcst/s   %ifutil
17:14:45         ens5    208.00    192.00     92.67     54.45      0.00      0.00      0.00      0.00

17:14:45        IFACE   rxpck/s   txpck/s    rxkB/s    txkB/s   rxcmp/s   txcmp/s  rxmcst/s   %ifutil
17:14:46         ens5    213.00    197.00     97.98     57.33      0.00      0.00      0.00      0.00

17:14:46        IFACE   rxpck/s   txpck/s    rxkB/s    txkB/s   rxcmp/s   txcmp/s  rxmcst/s   %ifutil
17:14:47         ens5    211.00    194.00     92.82     54.58      0.00      0.00      0.00      0.00

17:14:47        IFACE   rxpck/s   txpck/s    rxkB/s    txkB/s   rxcmp/s   txcmp/s  rxmcst/s   %ifutil
17:14:48         ens5    210.00    193.00     92.78     54.53      0.00      0.00      0.00      0.00

17:14:48        IFACE   rxpck/s   txpck/s    rxkB/s    txkB/s   rxcmp/s   txcmp/s  rxmcst/s   %ifutil
17:14:49         ens5    210.00    194.00     92.83     54.59      0.00      0.00      0.00      0.00

17:14:49        IFACE   rxpck/s   txpck/s    rxkB/s    txkB/s   rxcmp/s   txcmp/s  rxmcst/s   %ifutil
17:14:50         ens5    209.00    194.00     92.73     54.64      0.00      0.00      0.00      0.00

17:14:50        IFACE   rxpck/s   txpck/s    rxkB/s    txkB/s   rxcmp/s   txcmp/s  rxmcst/s   %ifutil
17:14:51         ens5    205.00    188.00     92.45     54.13      0.00      0.00      0.00      0.00

17:14:51        IFACE   rxpck/s   txpck/s    rxkB/s    txkB/s   rxcmp/s   txcmp/s  rxmcst/s   %ifutil
17:14:52         ens5    202.00    188.00     87.35     51.59      0.00      0.00      0.00      0.00

17:14:52        IFACE   rxpck/s   txpck/s    rxkB/s    txkB/s   rxcmp/s   txcmp/s  rxmcst/s   %ifutil
17:14:53         ens5    203.00    189.00     92.41     54.25      0.00      0.00      0.00      0.00

17:14:53        IFACE   rxpck/s   txpck/s    rxkB/s    txkB/s   rxcmp/s   txcmp/s  rxmcst/s   %ifutil
17:14:54         ens5    203.00    187.00     87.36     51.58      0.00      0.00      0.00      0.00

17:14:54        IFACE   rxpck/s   txpck/s    rxkB/s    txkB/s   rxcmp/s   txcmp/s  rxmcst/s   %ifutil
17:14:55         ens5    213.00    197.00     97.98     57.33      0.00      0.00      0.00      0.00

17:14:55        IFACE   rxpck/s   txpck/s    rxkB/s    txkB/s   rxcmp/s   txcmp/s  rxmcst/s   %ifutil
17:14:56         ens5    213.00    195.00     92.93     54.65      0.00      0.00      0.00      0.00

17:14:56        IFACE   rxpck/s   txpck/s    rxkB/s    txkB/s   rxcmp/s   txcmp/s  rxmcst/s   %ifutil
17:14:57         ens5    208.00    192.00     92.67     54.45      0.00      0.00      0.00      0.00

17:14:57        IFACE   rxpck/s   txpck/s    rxkB/s    txkB/s   rxcmp/s   txcmp/s  rxmcst/s   %ifutil
17:14:58         ens5    210.00    194.00     92.83     54.59      0.00      0.00      0.00      0.00

17:14:58        IFACE   rxpck/s   txpck/s    rxkB/s    txkB/s   rxcmp/s   txcmp/s  rxmcst/s   %ifutil
17:14:59         ens5    208.00    192.00     92.67     54.45      0.00      0.00      0.00      0.00

17:14:59        IFACE   rxpck/s   txpck/s    rxkB/s    txkB/s   rxcmp/s   txcmp/s  rxmcst/s   %ifutil
17:15:00         ens5    196.00    182.00     86.94     51.24      0.00      0.00      0.00      0.00

17:15:00        IFACE   rxpck/s   txpck/s    rxkB/s    txkB/s   rxcmp/s   txcmp/s  rxmcst/s   %ifutil
17:15:01         ens5     87.00     79.00     40.26     23.42      0.00      0.00      0.00      0.00

17:15:01        IFACE   rxpck/s   txpck/s    rxkB/s    txkB/s   rxcmp/s   txcmp/s  rxmcst/s   %ifutil
17:15:02         ens5      1.00      1.00      0.06      0.07      0.00      0.00      0.00      0.00


Average:        IFACE   rxpck/s   txpck/s    rxkB/s    txkB/s   rxcmp/s   txcmp/s  rxmcst/s   %ifutil
Average:         ens5    185.78    171.36     82.13     48.19      0.00      0.00      0.00      0.00
