Linux 7.0.0-1010-aws (ip-172-31-20-134) 	08/11/26 	_x86_64_	(2 CPU)

16:55:44    kbmemfree   kbavail kbmemused  %memused kbbuffers  kbcached  kbcommit   %commit  kbactive   kbinact   kbdirty
16:55:45       128060   1326460    368244     18.88     34480   1275912   1469732     75.34    997956    582020       376
16:55:46       128060   1326460    368240     18.88     34480   1275916   1469732     75.34    997956    582020       380
16:55:47       128060   1326460    368240     18.88     34480   1275916   1469732     75.34    997956    582020       380
16:55:48       128060   1326464    368240     18.88     34480   1275916   1469732     75.34    998696    582024       380
16:55:49       128060   1326464    368240     18.88     34480   1275916   1469732     75.34    998696    582024       380
16:55:50       128060   1326464    368240     18.88     34480   1275916   1469732     75.34    998696    582024       380
16:55:51       128060   1326464    368236     18.88     34480   1275920   1469732     75.34    998696    582024       384
16:55:52       128060   1326464    368236     18.88     34480   1275920   1469732     75.34    998696    582024       384
16:55:53       128060   1326464    368236     18.88     34480   1275920   1469732     75.34    998696    582024       384
16:55:54       126800   1325216    369412     18.94     34504   1275980   1471120     75.41   1000560    582036       496
16:55:55       126800   1325216    369412     18.94     34504   1275980   1471120     75.41   1000560    582036       496
16:55:56       126800   1325216    369408     18.94     34504   1275984   1471120     75.41   1000560    582036       500
16:55:57       126548   1325044    369660     18.95     34504   1275984   1479776     75.85   1000924    582116       500
16:55:58       115532   1314636    379980     19.48     34504   1276668   1661728     85.18   1009580    582716      1268
16:55:59        68540   1268976    425016     21.79     34504   1277972   2236444    114.64   1056040    584016      2564
16:56:00        90260   1268148    424504     21.76     30488   1259408   2867416    146.98   1054884    564772      3700
16:56:01       101628   1280028    412656     21.15     30488   1259888   2853312    146.26   1042368    565292      4244
16:56:02       101628   1280028    412656     21.15     30488   1259888   2853312    146.26   1042368    565292      4244
16:56:03       101628   1280036    412656     21.15     30488   1259888   2853312    146.26   1027300    565300      4244
16:56:04       101696   1280104    412588     21.15     30488   1259888   2853312    146.26   1027312    565300      4200
16:56:05       101756   1280164    412524     21.15     30488   1259892   2853312    146.26   1027312    565300      4204
16:56:06       101808   1280216    412468     21.14     30488   1259896   2853312    146.26   1027312    565300      4212
16:56:07       101856   1280264    412420     21.14     30488   1259896   2853312    146.26   1027312    565300      4212
16:56:08       101896   1280304    412380     21.14     30488   1259896   2853312    146.26   1027312    565300      4212
16:56:09       101904   1280312    412372     21.14     30488   1259896   2853312    146.26   1027312    565300      4212
16:56:10       101904   1280312    412372     21.14     30488   1259896   2853312    146.26   1027312    565300      4212

Average:       113520   1303553    390255     20.00     32797   1269237   2093055    107.29   1015860    575035      2121
