Linux 7.0.0-1010-aws (ip-172-31-20-134) 	08/11/26 	_x86_64_	(2 CPU)

16:55:44        IFACE   rxpck/s   txpck/s    rxkB/s    txkB/s   rxcmp/s   txcmp/s  rxmcst/s   %ifutil
16:55:45         ens5     45.00     42.00      3.82      4.87      0.00      0.00      0.00      0.00

16:55:45        IFACE   rxpck/s   txpck/s    rxkB/s    txkB/s   rxcmp/s   txcmp/s  rxmcst/s   %ifutil
16:55:46         ens5     53.00     44.00      4.58      4.77      0.00      0.00      0.00      0.00

16:55:46        IFACE   rxpck/s   txpck/s    rxkB/s    txkB/s   rxcmp/s   txcmp/s  rxmcst/s   %ifutil
16:55:47         ens5     17.00     14.00      1.39      1.43      0.00      0.00      0.00      0.00

16:55:47        IFACE   rxpck/s   txpck/s    rxkB/s    txkB/s   rxcmp/s   txcmp/s  rxmcst/s   %ifutil
16:55:48         ens5      0.00      0.00      0.00      0.00      0.00      0.00      0.00      0.00

16:55:48        IFACE   rxpck/s   txpck/s    rxkB/s    txkB/s   rxcmp/s   txcmp/s  rxmcst/s   %ifutil
16:55:49         ens5      0.00      0.00      0.00      0.00      0.00      0.00      0.00      0.00

16:55:49        IFACE   rxpck/s   txpck/s    rxkB/s    txkB/s   rxcmp/s   txcmp/s  rxmcst/s   %ifutil
16:55:50         ens5      1.00      1.00      0.07      0.09      0.00      0.00      0.00      0.00

16:55:50        IFACE   rxpck/s   txpck/s    rxkB/s    txkB/s   rxcmp/s   txcmp/s  rxmcst/s   %ifutil
16:55:51         ens5      0.00      0.00      0.00      0.00      0.00      0.00      0.00      0.00

16:55:51        IFACE   rxpck/s   txpck/s    rxkB/s    txkB/s   rxcmp/s   txcmp/s  rxmcst/s   %ifutil
16:55:52         ens5      0.00      0.00      0.00      0.00      0.00      0.00      0.00      0.00

16:55:52        IFACE   rxpck/s   txpck/s    rxkB/s    txkB/s   rxcmp/s   txcmp/s  rxmcst/s   %ifutil
16:55:53         ens5      0.00      0.00      0.00      0.00      0.00      0.00      0.00      0.00

16:55:53        IFACE   rxpck/s   txpck/s    rxkB/s    txkB/s   rxcmp/s   txcmp/s  rxmcst/s   %ifutil
16:55:54         ens5     55.00     45.00     55.47      3.41      0.00      0.00      0.00      0.00

16:55:54        IFACE   rxpck/s   txpck/s    rxkB/s    txkB/s   rxcmp/s   txcmp/s  rxmcst/s   %ifutil
16:55:55         ens5      0.00      0.00      0.00      0.00      0.00      0.00      0.00      0.00

16:55:55        IFACE   rxpck/s   txpck/s    rxkB/s    txkB/s   rxcmp/s   txcmp/s  rxmcst/s   %ifutil
16:55:56         ens5      0.00      0.00      0.00      0.00      0.00      0.00      0.00      0.00

16:55:56        IFACE   rxpck/s   txpck/s    rxkB/s    txkB/s   rxcmp/s   txcmp/s  rxmcst/s   %ifutil
16:55:57         ens5     15.00     11.00     15.07      0.93      0.00      0.00      0.00      0.00

16:55:57        IFACE   rxpck/s   txpck/s    rxkB/s    txkB/s   rxcmp/s   txcmp/s  rxmcst/s   %ifutil
16:55:58         ens5    691.00    534.00    632.65     45.88      0.00      0.00      0.00      0.00

16:55:58        IFACE   rxpck/s   txpck/s    rxkB/s    txkB/s   rxcmp/s   txcmp/s  rxmcst/s   %ifutil
16:55:59         ens5   1233.66    869.31   1124.52     68.27      0.00      0.00      0.00      0.00

16:55:59        IFACE   rxpck/s   txpck/s    rxkB/s    txkB/s   rxcmp/s   txcmp/s  rxmcst/s   %ifutil
16:56:00         ens5   1051.00    754.00   1022.96     57.51      0.00      0.00      0.00      0.00

16:56:00        IFACE   rxpck/s   txpck/s    rxkB/s    txkB/s   rxcmp/s   txcmp/s  rxmcst/s   %ifutil
16:56:01         ens5    273.00    451.00    285.25     54.76      0.00      0.00      0.00      0.00

16:56:01        IFACE   rxpck/s   txpck/s    rxkB/s    txkB/s   rxcmp/s   txcmp/s  rxmcst/s   %ifutil
16:56:02         ens5      0.00      0.00      0.00      0.00      0.00      0.00      0.00      0.00

16:56:02        IFACE   rxpck/s   txpck/s    rxkB/s    txkB/s   rxcmp/s   txcmp/s  rxmcst/s   %ifutil
16:56:03         ens5      0.00      0.00      0.00      0.00      0.00      0.00      0.00      0.00

16:56:03        IFACE   rxpck/s   txpck/s    rxkB/s    txkB/s   rxcmp/s   txcmp/s  rxmcst/s   %ifutil
16:56:04         ens5      0.00      0.00      0.00      0.00      0.00      0.00      0.00      0.00

16:56:04        IFACE   rxpck/s   txpck/s    rxkB/s    txkB/s   rxcmp/s   txcmp/s  rxmcst/s   %ifutil
16:56:05         ens5      0.00      0.00      0.00      0.00      0.00      0.00      0.00      0.00

16:56:05        IFACE   rxpck/s   txpck/s    rxkB/s    txkB/s   rxcmp/s   txcmp/s  rxmcst/s   %ifutil
16:56:06         ens5      1.00      1.00      0.07      0.09      0.00      0.00      0.00      0.00

16:56:06        IFACE   rxpck/s   txpck/s    rxkB/s    txkB/s   rxcmp/s   txcmp/s  rxmcst/s   %ifutil
16:56:07         ens5      0.00      0.00      0.00      0.00      0.00      0.00      0.00      0.00

16:56:07        IFACE   rxpck/s   txpck/s    rxkB/s    txkB/s   rxcmp/s   txcmp/s  rxmcst/s   %ifutil
16:56:08         ens5      0.00      0.00      0.00      0.00      0.00      0.00      0.00      0.00

16:56:08        IFACE   rxpck/s   txpck/s    rxkB/s    txkB/s   rxcmp/s   txcmp/s  rxmcst/s   %ifutil
16:56:09         ens5      0.00      0.00      0.00      0.00      0.00      0.00      0.00      0.00

16:56:09        IFACE   rxpck/s   txpck/s    rxkB/s    txkB/s   rxcmp/s   txcmp/s  rxmcst/s   %ifutil
16:56:10         ens5      0.00      0.00      0.00      0.00      0.00      0.00      0.00      0.00


Average:        IFACE   rxpck/s   txpck/s    rxkB/s    txkB/s   rxcmp/s   txcmp/s  rxmcst/s   %ifutil
Average:         ens5    132.56    106.69    121.38      9.33      0.00      0.00      0.00      0.00
