Linux 7.0.0-1008-aws (ip-172-31-20-134) 	08/07/26 	_x86_64_	(2 CPU)

17:03:34        CPU     %user     %nice   %system   %iowait    %steal     %idle
17:03:35        all      2.02      0.00      1.01      0.00      0.00     96.97
17:03:36        all      0.50      0.00      0.50      0.00      0.00     99.00
17:03:37        all      0.50      0.00      0.00      0.00      0.00     99.50
17:03:38        all      0.00      0.00      0.00      0.00      0.00    100.00
17:03:39        all      0.00      0.00      0.00      0.00      0.00    100.00
17:03:40        all      0.50      0.00      0.50      0.00      0.00     98.99
17:03:41        all      5.50      0.00      1.50      0.00      0.00     93.00
17:03:42        all      5.08      0.00      0.51      0.00      0.00     94.42
17:03:43        all      6.63      0.00      0.51      0.00      0.51     92.35
17:03:44        all      8.50      0.00      2.50      0.00      0.00     89.00
17:03:45        all      4.59      0.00      0.51      0.00      0.00     94.90
17:03:46        all      5.08      0.00      1.02      0.00      0.00     93.91
17:03:47        all      5.56      0.00      0.51      0.00      0.00     93.94
17:03:48        all      5.05      0.00      1.01      0.00      0.00     93.94
17:03:49        all      5.56      0.00      1.01      0.00      0.00     93.43
17:03:50        all      5.05      0.00      0.51      0.00      0.00     94.44
17:03:51        all      5.61      0.00      1.02      0.00      0.00     93.37
17:03:52        all      5.00      0.00      2.00      0.00      0.00     93.00
17:03:53        all      4.12      0.00      0.00      0.00      0.00     95.88
17:03:54        all      5.53      0.00      1.01      0.00      0.00     93.47
17:03:55        all      4.04      0.00      0.51      0.00      0.51     94.95
17:03:56        all      5.64      0.00      0.00      0.00      0.00     94.36
17:03:57        all      5.03      0.00      1.51      0.00      0.00     93.47
17:03:58        all      6.57      0.00      1.52      0.00      0.00     91.92
17:03:59        all      9.18      0.00      1.02      0.00      0.00     89.80
17:04:00        all      4.50      0.00      1.00      0.00      1.00     93.50
17:04:01        all      4.08      0.00      0.00      0.00      0.00     95.92
17:04:02        all      5.00      0.00      1.00      1.50      0.00     92.50
17:04:03        all      5.10      0.00      0.51      0.00      0.00     94.39
17:04:04        all      5.10      0.00      0.51      0.00      0.00     94.39
17:04:05        all      5.03      0.00      1.01      0.00      0.00     93.97
17:04:06        all      6.12      0.00      0.51      0.00      0.00     93.37
17:04:07        all      4.57      0.00      1.02      0.00      0.00     94.42
17:04:08        all      5.53      0.00      1.01      0.00      0.00     93.47
17:04:09        all      5.08      0.00      0.51      0.00      0.00     94.42
17:04:10        all      5.05      0.00      0.51      0.00      0.00     94.44
17:04:11        all      5.53      0.00      1.01      0.00      0.50     92.96
17:04:12        all      5.00      0.00      1.00      0.00      0.00     94.00
17:04:13        all      6.19      0.00      0.52      0.00      0.00     93.30
17:04:14        all      8.59      0.00      1.52      0.00      0.00     89.90
17:04:15        all      5.58      0.00      0.00      0.00      0.00     94.42
17:04:16        all      5.03      0.00      2.01      0.00      0.00     92.96
17:04:17        all      4.62      0.00      0.00      0.00      0.00     95.38
17:04:18        all      5.05      0.00      1.01      0.00      0.00     93.94
17:04:19        all      6.06      0.00      0.51      0.00      0.00     93.43
17:04:20        all      4.06      0.00      0.51      0.00      0.51     94.92
17:04:21        all      6.06      0.00      0.51      0.00      0.51     92.93
17:04:22        all      4.04      0.00      1.52      0.00      0.00     94.44
17:04:23        all      6.06      0.00      0.51      0.00      0.00     93.43
17:04:24        all      4.06      0.00      1.02      0.00      0.00     94.92
17:04:25        all      5.56      0.00      0.51      0.00      0.00     93.94
17:04:26        all      5.10      0.00      0.51      0.00      0.00     94.39
17:04:27        all      4.57      0.00      0.51      0.00      0.00     94.92
17:04:28        all      7.18      0.00      0.51      0.00      0.00     92.31
17:04:29        all      7.54      0.00      2.51      0.00      0.50     89.45
17:04:30        all      5.13      0.00      0.51      0.00      0.00     94.36
17:04:31        all      5.03      0.00      1.01      0.00      0.00     93.97
17:04:32        all      5.61      0.00      1.02      0.00      0.00     93.37
17:04:33        all      5.56      0.00      0.51      0.00      0.00     93.94
17:04:34        all      5.08      0.00      0.51      0.00      0.00     94.42
17:04:35        all      5.05      0.00      1.52      0.00      0.00     93.43
17:04:36        all      4.57      0.00      0.51      0.00      0.00     94.92
17:04:37        all      4.55      0.00      1.01      0.00      0.51     93.94
17:04:38        all      5.10      0.00      0.00      0.00      0.00     94.90
17:04:39        all      4.55      0.00      1.52      0.00      0.00     93.94
17:04:40        all      5.05      0.00      0.51      0.51      0.00     93.94
17:04:41        all      5.08      0.00      1.02      0.00      0.00     93.91
17:04:42        all      1.51      0.00      0.50      0.00      0.50     97.49
17:04:43        all      2.00      0.00      0.50      0.00      0.00     97.50

Average:        all      4.86      0.00      0.79      0.03      0.07     94.24
