Linux 7.0.0-1008-aws (ip-172-31-31-224) 	08/07/26 	_x86_64_	(2 CPU)

07:03:31    kbmemfree   kbavail kbmemused  %memused kbbuffers  kbcached  kbcommit   %commit  kbactive   kbinact   kbdirty
07:03:32       719280   1255388    398004     20.40     15144    663656   1460972     74.89    251776    734692        56
07:03:33       639144   1175252    478140     24.51     15144    663656   1536068     78.74    329836    734692        56
07:03:34       574632   1110740    542652     27.82     15144    663656   1603028     82.17    393576    734692        56
07:03:35       458208    994316    659076     33.79     15144    663656   1720144     88.18    513112    734692        56
07:03:36       349344    885452    767940     39.37     15144    663656   1827864     93.70    617988    734692        56
07:03:37       321372    857480    795912     40.80     15144    663656   1862340     95.47    654028    734692        56
07:03:38       252828    788936    864456     44.31     15144    663656   1924940     98.67    715932    734692        56
07:03:39       107676    643784   1009608     51.75     15144    663656   2066268    105.92    857540    734692        56
07:03:40       107676    643784   1009608     51.75     15144    663656   2066268    105.92    857540    734692        56
07:03:41       107676    643784   1009608     51.75     15144    663656   2066268    105.92    857540    734692        56
07:03:42       107676    643784   1009608     51.75     15144    663656   2066268    105.92    857540    734692        56
07:03:43       107676    643784   1009608     51.75     15144    663656   2066268    105.92    857540    734692        56
07:03:44       107676    643784   1009608     51.75     15144    663656   2066268    105.92    857540    734692        56
07:03:45       107676    643784   1009608     51.75     15144    663656   2066268    105.92    857540    734692        56
07:03:46       107676    644148   1009220     51.73     15144    664044   2066268    105.92    859636    734704        56
07:03:47       107676    644180   1009196     51.73     15168    664044   2066268    105.92    859760    734712       152
07:03:48       107676    644180   1009196     51.73     15168    664044   2066268    105.92    859760    734712        24
07:03:49       107676    644180   1009196     51.73     15168    664044   2066268    105.92    859760    734712        24
07:03:50       107676    644180   1009196     51.73     15168    664044   2066268    105.92    859760    734712        24
07:03:51       107676    644196   1009196     51.73     15168    664044   2066268    105.92    859760    734728        16
07:03:52       107676    644196   1009192     51.73     15168    664048   2066268    105.92    859760    734728        20
07:03:53       107676    644196   1009192     51.73     15168    664048   2066268    105.92    859760    734728        20
07:03:54       107676    644196   1009192     51.73     15168    664048   2066268    105.92    859760    734728        20
07:03:55       107676    644196   1009192     51.73     15168    664048   2066268    105.92    859760    734728        20
07:03:56       107676    644196   1009192     51.73     15168    664048   2066268    105.92    859760    734728        20
07:03:57       107676    644196   1009192     51.73     15168    664048   2066268    105.92    859760    734728        20
07:03:58       107676    644196   1009192     51.73     15168    664048   2066268    105.92    859760    734728        20
07:03:59       107676    644196   1009192     51.73     15168    664048   2066268    105.92    859760    734728        20
07:04:00       107676    644196   1009192     51.73     15168    664048   2066268    105.92    859760    734728        20
07:04:01       107676    644196   1009192     51.73     15168    664048   2066268    105.92    859760    734728        20
07:04:02       107676    644196   1009192     51.73     15168    664048   2066268    105.92    859760    734728        20
07:04:03       107676    644200   1009192     51.73     15168    664048   2066268    105.92    859772    734732        12
07:04:04       107676    644200   1009192     51.73     15168    664048   2066268    105.92    859772    734732        12
07:04:05       107676    644200   1009188     51.73     15168    664052   2066268    105.92    859772    734732        16
07:04:06       107676    644200   1009188     51.73     15168    664052   2066268    105.92    859772    734732        16
07:04:07       107676    644200   1009188     51.73     15168    664052   2066268    105.92    859772    734732        16
07:04:08       107676    644200   1009188     51.73     15168    664052   2066268    105.92    859772    734732        16
07:04:09       107676    644200   1009188     51.73     15168    664052   2066268    105.92    859772    734732        16
07:04:10       107676    644200   1009188     51.73     15168    664052   2066268    105.92    859772    734732        16
07:04:11       107676    644200   1009188     51.73     15168    664052   2066268    105.92    859772    734732        16
07:04:12       107676    644200   1009184     51.73     15168    664056   2066268    105.92    859772    734732        20
07:04:13       107676    644200   1009184     51.73     15168    664056   2066268    105.92    859772    734732        20
07:04:14       107676    644200   1009184     51.73     15168    664056   2066268    105.92    859772    734732        20
07:04:15       107676    644200   1009184     51.73     15168    664056   2066268    105.92    859772    734732        20
07:04:16       107676    644200   1009184     51.73     15168    664056   2066268    105.92    859772    734732        20
07:04:17       107676    644208   1009160     51.73     15192    664056   2066268    105.92    860568    734740        64
07:04:18       107676    644208   1009160     51.73     15192    664056   2066268    105.92    860568    734740        64
07:04:19       107676    644208   1009160     51.73     15192    664056   2066268    105.92    860568    734740        64
07:04:20       107676    644208   1009160     51.73     15192    664056   2066268    105.92    860568    734740        64
07:04:21       107676    644208   1009160     51.73     15192    664056   2066268    105.92    860568    734740        64
07:04:22       107676    644208   1009156     51.73     15192    664060   2066268    105.92    860568    734740        68
07:04:23       107676    644208   1009156     51.73     15192    664060   2066268    105.92    860568    734740        68
07:04:24       107676    644208   1009156     51.73     15192    664060   2066268    105.92    860568    734740        68
07:04:25       107676    644208   1009156     51.73     15192    664060   2066268    105.92    860568    734740        68
07:04:26       107676    644208   1009156     51.73     15192    664060   2066268    105.92    860568    734740        68
07:04:27       107676    644208   1009156     51.73     15192    664060   2066268    105.92    860568    734740        68
07:04:28       107676    644208   1009156     51.73     15192    664060   2066268    105.92    860568    734740        68
07:04:29       107676    644208   1009156     51.73     15192    664060   2066268    105.92    860568    734740        68
07:04:30       107676    644208   1009156     51.73     15192    664060   2066268    105.92    860568    734740        68
07:04:31       107676    644208   1009156     51.73     15192    664060   2066268    105.92    860568    734740        68
07:04:32       107676    644208   1009152     51.73     15192    664064   2066268    105.92    860568    734740        72
07:04:33       107676    644212   1009152     51.73     15192    664064   2066268    105.92    860644    734744        44
07:04:34       107676    644212   1009152     51.73     15192    664064   2066268    105.92    860644    734744        44
07:04:35       107676    644212   1009152     51.73     15192    664064   2066268    105.92    860644    734744        56
07:04:36       107676    644212   1009152     51.73     15192    664064   2066268    105.92    860644    734744        56
07:04:37       107676    644212   1009152     51.73     15192    664064   2066268    105.92    860644    734744        56
07:04:38       107676    644212   1009148     51.73     15192    664068   2066268    105.92    860644    734744        60
07:04:39       107676    644212   1009148     51.73     15192    664068   2066268    105.92    860644    734744        60
07:04:40       107676    644212   1009148     51.73     15192    664068   2066268    105.92    860644    734744        60
07:04:41       107676    644212   1009148     51.73     15192    664068   2066268    105.92    860644    734744        60
07:04:42       107676    644212   1009148     51.73     15192    664068   2066268    105.92    860644    734744        60


Average:       143747    680190    973188     49.89     15172    663976   2030655    104.09    824045    734725        45
