Linux 7.0.0-1008-aws (ip-172-31-31-224) 	08/07/26 	_x86_64_	(2 CPU)

07:03:31        IFACE   rxpck/s   txpck/s    rxkB/s    txkB/s   rxcmp/s   txcmp/s  rxmcst/s   %ifutil
07:03:32         ens5     38.00     36.00      3.69      5.46      0.00      0.00      0.00      0.00

07:03:32        IFACE   rxpck/s   txpck/s    rxkB/s    txkB/s   rxcmp/s   txcmp/s  rxmcst/s   %ifutil
07:03:33         ens5     12.00      8.00      0.89      1.57      0.00      0.00      0.00      0.00

07:03:33        IFACE   rxpck/s   txpck/s    rxkB/s    txkB/s   rxcmp/s   txcmp/s  rxmcst/s   %ifutil
07:03:34         ens5      9.00      9.00      0.46      1.90      0.00      0.00      0.00      0.00

07:03:34        IFACE   rxpck/s   txpck/s    rxkB/s    txkB/s   rxcmp/s   txcmp/s  rxmcst/s   %ifutil
07:03:35         ens5      7.00      8.00      0.36      1.72      0.00      0.00      0.00      0.00

07:03:35        IFACE   rxpck/s   txpck/s    rxkB/s    txkB/s   rxcmp/s   txcmp/s  rxmcst/s   %ifutil
07:03:36         ens5      4.00      3.00      0.20      0.66      0.00      0.00      0.00      0.00

07:03:36        IFACE   rxpck/s   txpck/s    rxkB/s    txkB/s   rxcmp/s   txcmp/s  rxmcst/s   %ifutil
07:03:37         ens5     11.00     11.00      0.56      2.30      0.00      0.00      0.00      0.00

07:03:37        IFACE   rxpck/s   txpck/s    rxkB/s    txkB/s   rxcmp/s   txcmp/s  rxmcst/s   %ifutil
07:03:38         ens5      5.00      5.00      0.25      1.10      0.00      0.00      0.00      0.00

07:03:38        IFACE   rxpck/s   txpck/s    rxkB/s    txkB/s   rxcmp/s   txcmp/s  rxmcst/s   %ifutil
07:03:39         ens5      5.00      5.00      0.25      1.05      0.00      0.00      0.00      0.00

07:03:39        IFACE   rxpck/s   txpck/s    rxkB/s    txkB/s   rxcmp/s   txcmp/s  rxmcst/s   %ifutil
07:03:40         ens5     16.00     13.00      1.03      3.16      0.00      0.00      0.00      0.00

07:03:40        IFACE   rxpck/s   txpck/s    rxkB/s    txkB/s   rxcmp/s   txcmp/s  rxmcst/s   %ifutil
07:03:41         ens5    116.00     82.00      7.11     16.31      0.00      0.00      0.00      0.00

07:03:41        IFACE   rxpck/s   txpck/s    rxkB/s    txkB/s   rxcmp/s   txcmp/s  rxmcst/s   %ifutil
07:03:42         ens5    114.00     81.00      7.00     16.26      0.00      0.00      0.00      0.00

07:03:42        IFACE   rxpck/s   txpck/s    rxkB/s    txkB/s   rxcmp/s   txcmp/s  rxmcst/s   %ifutil
07:03:43         ens5    118.00     84.00      7.26     17.13      0.00      0.00      0.00      0.00

07:03:43        IFACE   rxpck/s   txpck/s    rxkB/s    txkB/s   rxcmp/s   txcmp/s  rxmcst/s   %ifutil
07:03:44         ens5    113.00     81.00      6.95     16.25      0.00      0.00      0.00      0.00

07:03:44        IFACE   rxpck/s   txpck/s    rxkB/s    txkB/s   rxcmp/s   txcmp/s  rxmcst/s   %ifutil
07:03:45         ens5    117.00     84.00      7.21     17.13      0.00      0.00      0.00      0.00

07:03:45        IFACE   rxpck/s   txpck/s    rxkB/s    txkB/s   rxcmp/s   txcmp/s  rxmcst/s   %ifutil
07:03:46         ens5    122.00     93.00      7.79     29.76      0.00      0.00      0.00      0.00

07:03:46        IFACE   rxpck/s   txpck/s    rxkB/s    txkB/s   rxcmp/s   txcmp/s  rxmcst/s   %ifutil
07:03:47         ens5    118.00     85.00      7.29     17.25      0.00      0.00      0.00      0.00

07:03:47        IFACE   rxpck/s   txpck/s    rxkB/s    txkB/s   rxcmp/s   txcmp/s  rxmcst/s   %ifutil
07:03:48         ens5    114.00     81.00      6.98     16.28      0.00      0.00      0.00      0.00

07:03:48        IFACE   rxpck/s   txpck/s    rxkB/s    txkB/s   rxcmp/s   txcmp/s  rxmcst/s   %ifutil
07:03:49         ens5    118.00     85.00      7.29     17.25      0.00      0.00      0.00      0.00

07:03:49        IFACE   rxpck/s   txpck/s    rxkB/s    txkB/s   rxcmp/s   txcmp/s  rxmcst/s   %ifutil
07:03:50         ens5    114.00     81.00      7.02     16.31      0.00      0.00      0.00      0.00

07:03:50        IFACE   rxpck/s   txpck/s    rxkB/s    txkB/s   rxcmp/s   txcmp/s  rxmcst/s   %ifutil
07:03:51         ens5    117.00     84.00      7.23     17.18      0.00      0.00      0.00      0.00

07:03:51        IFACE   rxpck/s   txpck/s    rxkB/s    txkB/s   rxcmp/s   txcmp/s  rxmcst/s   %ifutil
07:03:52         ens5    113.00     80.00      6.96     16.23      0.00      0.00      0.00      0.00

07:03:52        IFACE   rxpck/s   txpck/s    rxkB/s    txkB/s   rxcmp/s   txcmp/s  rxmcst/s   %ifutil
07:03:53         ens5    114.00     81.00      7.02     16.31      0.00      0.00      0.00      0.00

07:03:53        IFACE   rxpck/s   txpck/s    rxkB/s    txkB/s   rxcmp/s   txcmp/s  rxmcst/s   %ifutil
07:03:54         ens5    116.00     84.00      7.18     17.18      0.00      0.00      0.00      0.00

07:03:54        IFACE   rxpck/s   txpck/s    rxkB/s    txkB/s   rxcmp/s   txcmp/s  rxmcst/s   %ifutil
07:03:55         ens5    116.00     82.00      7.15     16.37      0.00      0.00      0.00      0.00

07:03:55        IFACE   rxpck/s   txpck/s    rxkB/s    txkB/s   rxcmp/s   txcmp/s  rxmcst/s   %ifutil
07:03:56         ens5    118.00     84.00      7.28     17.18      0.00      0.00      0.00      0.00

07:03:56        IFACE   rxpck/s   txpck/s    rxkB/s    txkB/s   rxcmp/s   txcmp/s  rxmcst/s   %ifutil
07:03:57         ens5    116.00     85.00      7.21     17.27      0.00      0.00      0.00      0.00

07:03:57        IFACE   rxpck/s   txpck/s    rxkB/s    txkB/s   rxcmp/s   txcmp/s  rxmcst/s   %ifutil
07:03:58         ens5    115.00     81.00      7.06     16.30      0.00      0.00      0.00      0.00

07:03:58        IFACE   rxpck/s   txpck/s    rxkB/s    txkB/s   rxcmp/s   txcmp/s  rxmcst/s   %ifutil
07:03:59         ens5    113.00     80.00      6.96     16.23      0.00      0.00      0.00      0.00

07:03:59        IFACE   rxpck/s   txpck/s    rxkB/s    txkB/s   rxcmp/s   txcmp/s  rxmcst/s   %ifutil
07:04:00         ens5    111.00     80.00      6.86     16.23      0.00      0.00      0.00      0.00

07:04:00        IFACE   rxpck/s   txpck/s    rxkB/s    txkB/s   rxcmp/s   txcmp/s  rxmcst/s   %ifutil
07:04:01         ens5     85.00     60.00      5.23     12.18      0.00      0.00      0.00      0.00

07:04:01        IFACE   rxpck/s   txpck/s    rxkB/s    txkB/s   rxcmp/s   txcmp/s  rxmcst/s   %ifutil
07:04:02         ens5    106.00     76.00      6.53     15.29      0.00      0.00      0.00      0.00

07:04:02        IFACE   rxpck/s   txpck/s    rxkB/s    txkB/s   rxcmp/s   txcmp/s  rxmcst/s   %ifutil
07:04:03         ens5    117.00     84.00      7.23     17.18      0.00      0.00      0.00      0.00

07:04:03        IFACE   rxpck/s   txpck/s    rxkB/s    txkB/s   rxcmp/s   txcmp/s  rxmcst/s   %ifutil
07:04:04         ens5    114.00     81.00      7.02     16.31      0.00      0.00      0.00      0.00

07:04:04        IFACE   rxpck/s   txpck/s    rxkB/s    txkB/s   rxcmp/s   txcmp/s  rxmcst/s   %ifutil
07:04:05         ens5    118.00     84.00      7.28     17.18      0.00      0.00      0.00      0.00

07:04:05        IFACE   rxpck/s   txpck/s    rxkB/s    txkB/s   rxcmp/s   txcmp/s  rxmcst/s   %ifutil
07:04:06         ens5    113.00     81.00      6.96     16.31      0.00      0.00      0.00      0.00

07:04:06        IFACE   rxpck/s   txpck/s    rxkB/s    txkB/s   rxcmp/s   txcmp/s  rxmcst/s   %ifutil
07:04:07         ens5    117.00     84.00      7.23     17.18      0.00      0.00      0.00      0.00

07:04:07        IFACE   rxpck/s   txpck/s    rxkB/s    txkB/s   rxcmp/s   txcmp/s  rxmcst/s   %ifutil
07:04:08         ens5    114.00     81.00      7.02     16.31      0.00      0.00      0.00      0.00

07:04:08        IFACE   rxpck/s   txpck/s    rxkB/s    txkB/s   rxcmp/s   txcmp/s  rxmcst/s   %ifutil
07:04:09         ens5    114.00     83.00      7.08     17.11      0.00      0.00      0.00      0.00

07:04:09        IFACE   rxpck/s   txpck/s    rxkB/s    txkB/s   rxcmp/s   txcmp/s  rxmcst/s   %ifutil
07:04:10         ens5    116.00     81.00      7.11     16.30      0.00      0.00      0.00      0.00

07:04:10        IFACE   rxpck/s   txpck/s    rxkB/s    txkB/s   rxcmp/s   txcmp/s  rxmcst/s   %ifutil
07:04:11         ens5    112.00     80.00      6.91     16.23      0.00      0.00      0.00      0.00

07:04:11        IFACE   rxpck/s   txpck/s    rxkB/s    txkB/s   rxcmp/s   txcmp/s  rxmcst/s   %ifutil
07:04:12         ens5    115.00     84.00      7.13     17.18      0.00      0.00      0.00      0.00

07:04:12        IFACE   rxpck/s   txpck/s    rxkB/s    txkB/s   rxcmp/s   txcmp/s  rxmcst/s   %ifutil
07:04:13         ens5    116.00     82.00      7.13     16.39      0.00      0.00      0.00      0.00

07:04:13        IFACE   rxpck/s   txpck/s    rxkB/s    txkB/s   rxcmp/s   txcmp/s  rxmcst/s   %ifutil
07:04:14         ens5    115.00     82.00      7.23     16.53      0.00      0.00      0.00      0.00

07:04:14        IFACE   rxpck/s   txpck/s    rxkB/s    txkB/s   rxcmp/s   txcmp/s  rxmcst/s   %ifutil
07:04:15         ens5    117.00     84.00      7.23     17.18      0.00      0.00      0.00      0.00

07:04:15        IFACE   rxpck/s   txpck/s    rxkB/s    txkB/s   rxcmp/s   txcmp/s  rxmcst/s   %ifutil
07:04:16         ens5    115.00     82.00      7.06     16.37      0.00      0.00      0.00      0.00

07:04:16        IFACE   rxpck/s   txpck/s    rxkB/s    txkB/s   rxcmp/s   txcmp/s  rxmcst/s   %ifutil
07:04:17         ens5    130.00    106.00      8.38     31.10      0.00      0.00      0.00      0.00

07:04:17        IFACE   rxpck/s   txpck/s    rxkB/s    txkB/s   rxcmp/s   txcmp/s  rxmcst/s   %ifutil
07:04:18         ens5    122.00     82.00      7.37     16.34      0.00      0.00      0.00      0.00

07:04:18        IFACE   rxpck/s   txpck/s    rxkB/s    txkB/s   rxcmp/s   txcmp/s  rxmcst/s   %ifutil
07:04:19         ens5    115.00     84.00      7.13     17.18      0.00      0.00      0.00      0.00

07:04:19        IFACE   rxpck/s   txpck/s    rxkB/s    txkB/s   rxcmp/s   txcmp/s  rxmcst/s   %ifutil
07:04:20         ens5    117.00     82.00      7.17     16.37      0.00      0.00      0.00      0.00

07:04:20        IFACE   rxpck/s   txpck/s    rxkB/s    txkB/s   rxcmp/s   txcmp/s  rxmcst/s   %ifutil
07:04:21         ens5    114.00     83.00      7.08     17.11      0.00      0.00      0.00      0.00

07:04:21        IFACE   rxpck/s   txpck/s    rxkB/s    txkB/s   rxcmp/s   txcmp/s  rxmcst/s   %ifutil
07:04:22         ens5    116.00     81.00      7.11     16.30      0.00      0.00      0.00      0.00

07:04:22        IFACE   rxpck/s   txpck/s    rxkB/s    txkB/s   rxcmp/s   txcmp/s  rxmcst/s   %ifutil
07:04:23         ens5    115.00     84.00      7.13     17.18      0.00      0.00      0.00      0.00

07:04:23        IFACE   rxpck/s   txpck/s    rxkB/s    txkB/s   rxcmp/s   txcmp/s  rxmcst/s   %ifutil
07:04:24         ens5    116.00     81.00      7.11     16.30      0.00      0.00      0.00      0.00

07:04:24        IFACE   rxpck/s   txpck/s    rxkB/s    txkB/s   rxcmp/s   txcmp/s  rxmcst/s   %ifutil
07:04:25         ens5    118.00     85.00      7.29     17.25      0.00      0.00      0.00      0.00

07:04:25        IFACE   rxpck/s   txpck/s    rxkB/s    txkB/s   rxcmp/s   txcmp/s  rxmcst/s   %ifutil
07:04:26         ens5    113.00     80.00      6.96     16.23      0.00      0.00      0.00      0.00

07:04:26        IFACE   rxpck/s   txpck/s    rxkB/s    txkB/s   rxcmp/s   txcmp/s  rxmcst/s   %ifutil
07:04:27         ens5    113.00     81.00      6.96     16.31      0.00      0.00      0.00      0.00

07:04:27        IFACE   rxpck/s   txpck/s    rxkB/s    txkB/s   rxcmp/s   txcmp/s  rxmcst/s   %ifutil
07:04:28         ens5    117.00     84.00      7.23     17.18      0.00      0.00      0.00      0.00

07:04:28        IFACE   rxpck/s   txpck/s    rxkB/s    txkB/s   rxcmp/s   txcmp/s  rxmcst/s   %ifutil
07:04:29         ens5    114.00     81.00      7.03     16.32      0.00      0.00      0.00      0.00

07:04:29        IFACE   rxpck/s   txpck/s    rxkB/s    txkB/s   rxcmp/s   txcmp/s  rxmcst/s   %ifutil
07:04:30         ens5    115.00     84.00      7.13     17.18      0.00      0.00      0.00      0.00

07:04:30        IFACE   rxpck/s   txpck/s    rxkB/s    txkB/s   rxcmp/s   txcmp/s  rxmcst/s   %ifutil
07:04:31         ens5    116.00     81.00      7.11     16.30      0.00      0.00      0.00      0.00

07:04:31        IFACE   rxpck/s   txpck/s    rxkB/s    txkB/s   rxcmp/s   txcmp/s  rxmcst/s   %ifutil
07:04:32         ens5    112.00     80.00      6.91     16.23      0.00      0.00      0.00      0.00

07:04:32        IFACE   rxpck/s   txpck/s    rxkB/s    txkB/s   rxcmp/s   txcmp/s  rxmcst/s   %ifutil
07:04:33         ens5    113.00     81.00      6.96     16.31      0.00      0.00      0.00      0.00

07:04:33        IFACE   rxpck/s   txpck/s    rxkB/s    txkB/s   rxcmp/s   txcmp/s  rxmcst/s   %ifutil
07:04:34         ens5    118.00     84.00      7.28     17.18      0.00      0.00      0.00      0.00

07:04:34        IFACE   rxpck/s   txpck/s    rxkB/s    txkB/s   rxcmp/s   txcmp/s  rxmcst/s   %ifutil
07:04:35         ens5    113.00     81.00      6.96     16.31      0.00      0.00      0.00      0.00

07:04:35        IFACE   rxpck/s   txpck/s    rxkB/s    txkB/s   rxcmp/s   txcmp/s  rxmcst/s   %ifutil
07:04:36         ens5    114.00     83.00      7.08     17.11      0.00      0.00      0.00      0.00

07:04:36        IFACE   rxpck/s   txpck/s    rxkB/s    txkB/s   rxcmp/s   txcmp/s  rxmcst/s   %ifutil
07:04:37         ens5    115.00     81.00      7.06     16.30      0.00      0.00      0.00      0.00

07:04:37        IFACE   rxpck/s   txpck/s    rxkB/s    txkB/s   rxcmp/s   txcmp/s  rxmcst/s   %ifutil
07:04:38         ens5    114.00     81.00      7.02     16.31      0.00      0.00      0.00      0.00

07:04:38        IFACE   rxpck/s   txpck/s    rxkB/s    txkB/s   rxcmp/s   txcmp/s  rxmcst/s   %ifutil
07:04:39         ens5    112.00     80.00      6.91     16.23      0.00      0.00      0.00      0.00

07:04:39        IFACE   rxpck/s   txpck/s    rxkB/s    txkB/s   rxcmp/s   txcmp/s  rxmcst/s   %ifutil
07:04:40         ens5    117.00     84.00      7.26     17.18      0.00      0.00      0.00      0.00

07:04:40        IFACE   rxpck/s   txpck/s    rxkB/s    txkB/s   rxcmp/s   txcmp/s  rxmcst/s   %ifutil
07:04:41         ens5    115.00     81.00      7.06     16.30      0.00      0.00      0.00      0.00

07:04:41        IFACE   rxpck/s   txpck/s    rxkB/s    txkB/s   rxcmp/s   txcmp/s  rxmcst/s   %ifutil
07:04:42         ens5     28.00     20.00      1.73      4.06      0.00      0.00      0.00      0.00


Average:        IFACE   rxpck/s   txpck/s    rxkB/s    txkB/s   rxcmp/s   txcmp/s  rxmcst/s   %ifutil
Average:         ens5    100.65     72.39      6.23     14.94      0.00      0.00      0.00      0.00
