Linux 7.0.0-1008-aws (ip-172-31-31-224) 	08/07/26 	_x86_64_	(2 CPU)

08:01:16        CPU     %user     %nice   %system   %iowait    %steal     %idle
08:01:17        all     52.79      0.00      4.06      0.00      0.00     43.15
08:01:18        all     49.49      0.00      4.55      0.00      0.00     45.96
08:01:19        all     49.75      0.00      3.48      0.00      0.00     46.77
08:01:20        all     49.25      0.00      4.02      0.00      0.00     46.73
08:01:21        all     52.00      0.00      4.00      0.00      0.00     44.00
08:01:22        all     47.50      0.00      3.00      0.00      0.00     49.50
08:01:23        all     51.01      0.00      3.54      0.00      0.00     45.45
08:01:24        all     33.50      0.00      4.50      0.00      0.00     62.00
08:01:25        all      0.00      0.00      0.00      0.00      0.00    100.00
08:01:26        all      0.50      0.00      0.50      0.00      0.00     99.00
08:01:27        all      0.00      0.00      0.00      0.00      0.00    100.00
08:01:28        all      0.00      0.00      0.50      0.00      0.00     99.50
08:01:29        all      0.50      0.00      0.00      0.00      0.00     99.50
08:01:30        all      0.50      0.00      0.00      0.00      0.00     99.50
08:01:31        all      0.99      0.00      0.99      0.00      0.00     98.02
08:01:32        all      0.00      0.00      0.51      0.00      0.00     99.49
08:01:33        all      1.01      0.00      0.50      0.00      0.00     98.49
08:01:34        all      0.51      0.00      0.51      0.00      0.00     98.99
08:01:35        all      0.51      0.00      0.00      0.00      0.00     99.49
08:01:36        all      1.01      0.00      0.50      0.00      0.00     98.49
08:01:37        all      1.01      0.00      0.50      0.00      0.00     98.49
08:01:38        all      0.51      0.00      0.00      0.00      0.00     99.49
08:01:39        all      0.50      0.00      0.50      0.00      0.00     98.99
08:01:40        all      1.01      0.00      0.00      0.00      0.00     98.99
08:01:41        all      1.01      0.00      0.50      0.00      0.00     98.49
08:01:42        all      0.50      0.00      1.01      0.00      0.00     98.49
08:01:43        all      1.01      0.00      0.00      0.00      0.00     98.99
08:01:44        all      0.50      0.00      1.00      0.00      0.00     98.50
08:01:45        all      1.00      0.00      0.50      0.00      0.00     98.50
08:01:46        all      0.00      0.00      0.00      0.00      0.00    100.00
08:01:47        all      1.50      0.00      1.00      0.50      0.00     97.00
08:01:48        all      0.51      0.00      0.51      0.00      0.00     98.99
08:01:49        all      1.00      0.00      0.00      0.00      0.00     99.00
08:01:50        all      0.51      0.00      0.51      0.00      0.00     98.99
08:01:51        all      1.01      0.00      0.00      0.00      0.00     98.99
08:01:52        all      0.51      0.00      0.00      0.00      0.00     99.49
08:01:53        all      0.50      0.00      1.01      0.00      0.00     98.49
08:01:54        all      1.01      0.00      0.00      0.00      0.00     98.99
08:01:55        all      0.51      0.00      0.00      0.00      0.00     99.49
08:01:56        all      0.50      0.00      0.50      0.00      0.00     98.99
08:01:57        all      0.51      0.00      0.51      0.00      0.00     98.99
08:01:58        all      1.01      0.00      0.50      0.00      0.00     98.49
08:01:59        all      1.00      0.00      0.50      0.00      0.50     98.00
08:02:00        all      0.50      0.00      0.50      0.00      0.00     98.99
08:02:01        all      1.00      0.00      0.50      0.00      0.00     98.50
08:02:02        all      0.50      0.00      1.01      0.00      0.00     98.49
08:02:03        all      0.51      0.00      0.00      0.00      0.00     99.49
08:02:04        all      0.50      0.00      0.50      0.00      0.50     98.50
08:02:05        all      1.01      0.00      0.50      0.00      0.00     98.49
08:02:06        all      0.51      0.00      0.00      0.00      0.00     99.49
08:02:07        all      1.00      0.00      0.50      0.00      0.00     98.50
08:02:08        all      0.51      0.00      0.51      0.00      0.00     98.99
08:02:09        all      0.00      0.00      0.51      0.00      0.00     99.49
08:02:10        all      1.00      0.00      0.50      0.00      0.00     98.50
08:02:11        all      0.51      0.00      0.51      0.00      0.00     98.99
08:02:12        all      1.01      0.00      0.50      0.00      0.00     98.49
08:02:13        all      1.51      0.00      1.01      0.00      0.00     97.49
08:02:14        all      1.01      0.00      0.50      0.00      0.00     98.49
08:02:15        all      0.51      0.00      0.00      0.00      0.00     99.49
08:02:16        all      1.00      0.00      0.50      0.00      0.00     98.50
08:02:17        all      1.00      0.00      0.50      1.00      0.00     97.50
08:02:18        all      0.51      0.00      0.51      0.00      0.00     98.99
08:02:19        all      1.01      0.00      0.50      0.00      0.00     98.49
08:02:20        all      0.51      0.00      0.00      0.00      0.00     99.49
08:02:21        all      0.50      0.00      1.01      0.00      0.00     98.49
08:02:22        all      1.01      0.00      0.50      0.00      0.00     98.49
08:02:23        all      1.01      0.00      0.00      0.00      0.00     98.99
08:02:24        all      0.50      0.00      1.50      0.00      0.00     98.00
08:02:25        all      0.00      0.00      0.00      0.00      0.00    100.00
08:02:26        all      1.00      0.00      0.50      0.00      0.00     98.50
08:02:27        all      1.01      0.00      0.00      0.00      0.00     98.99
08:02:28        all      0.51      0.00      0.51      0.00      0.00     98.99
08:02:29        all      1.01      0.00      0.50      0.00      0.00     98.49
08:02:30        all      1.01      0.00      0.00      0.00      0.00     98.99
08:02:31        all      0.51      0.00      0.51      0.00      0.00     98.99
08:02:32        all      0.00      0.00      0.00      0.00      0.00    100.00
08:02:33        all      1.00      0.00      1.00      0.00      0.00     98.00
08:02:34        all      0.51      0.00      0.51      0.00      0.00     98.99
08:02:35        all      0.51      0.00      0.51      0.00      0.00     98.99
08:02:36        all      1.00      0.00      1.00      0.00      0.00     98.01
08:02:37        all      1.00      0.00      0.50      0.00      0.00     98.50
08:02:38        all      0.51      0.00      0.00      0.00      0.00     99.49
08:02:39        all      0.51      0.00      0.00      0.00      0.00     99.49
08:02:40        all      1.00      0.00      1.00      0.00      0.00     98.01
08:02:41        all      4.04      0.00      0.00      0.00      0.51     95.45
08:02:42        all      0.51      0.00      0.00      0.00      0.00     99.49
08:02:43        all      1.01      0.00      0.50      0.00      0.00     98.49
08:02:44        all      1.00      0.00      0.50      0.00      0.00     98.50
08:02:45        all      0.50      0.00      0.50      0.00      0.00     98.99
08:02:46        all      1.01      0.00      0.50      0.00      0.00     98.49
08:02:47        all      1.01      0.00      0.51      0.00      0.00     98.48
08:02:48        all      1.01      0.00      0.00      0.00      0.00     98.99
08:02:49        all      0.50      0.00      1.01      0.00      0.00     98.49
08:02:50        all      0.51      0.00      0.51      0.00      0.00     98.99
08:02:51        all      0.51      0.00      0.00      0.00      0.00     99.49
08:02:52        all      1.01      0.00      0.50      0.00      0.00     98.49
08:02:53        all      1.01      0.00      0.50      0.00      0.00     98.49
08:02:54        all      0.50      0.00      0.00      0.00      0.00     99.50
08:02:55        all      0.51      0.00      0.00      0.00      0.00     99.49
08:02:56        all      1.01      0.00      0.50      0.00      0.00     98.49
08:02:57        all      1.00      0.00      0.50      0.00      0.00     98.50
08:02:58        all      0.51      0.00      0.00      0.00      0.00     99.49
08:02:59        all      0.50      0.00      0.00      0.00      0.00     99.50
08:03:00        all      0.00      0.00      0.50      0.00      0.50     99.00

Average:        all      4.38      0.00      0.67      0.01      0.02     94.91
