Linux 7.0.0-1008-aws (ip-172-31-31-224) 	08/07/26 	_x86_64_	(2 CPU)

08:01:16    kbmemfree   kbavail kbmemused  %memused kbbuffers  kbcached  kbcommit   %commit  kbactive   kbinact   kbdirty
08:01:17       812724   1266204    388616     19.92     16836    581204   1478444     75.79    433284    468320       164
08:01:18       734604   1188084    466736     23.93     16836    581204   1557604     79.84    513108    468320       148
08:01:19       670092   1123572    531248     27.23     16836    581204   1616372     82.86    574280    468320       148
08:01:20       534516    987996    666824     34.18     16836    581204   1749936     89.70    703616    468320       148
08:01:21       429684    883164    771656     39.56     16836    581204   1841464     94.40    798388    468320       148
08:01:22       389616    843096    811724     41.61     16836    581204   1896228     97.20    851216    468320       148
08:01:23       333168    786648    868172     44.50     16836    581204   1946292     99.77    903052    468320       148
08:01:24       188520    642000   1012820     51.92     16836    581204   2079620    106.60   1036260    468320       148
08:01:25       188520    642000   1012820     51.92     16836    581204   2079620    106.60   1036260    468320       148
08:01:26       188520    642000   1012820     51.92     16836    581204   2079620    106.60   1036260    468320       148
08:01:27       188520    642000   1012820     51.92     16836    581204   2079620    106.60   1036260    468320       148
08:01:28       188520    642000   1012820     51.92     16836    581204   2079620    106.60   1036260    468320       148
08:01:29       188520    642000   1012820     51.92     16836    581204   2079620    106.60   1036260    468320       148
08:01:30       188520    642000   1012820     51.92     16836    581204   2079620    106.60   1036260    468320       148
08:01:31       188520    642000   1012820     51.92     16836    581204   2079620    106.60   1036260    468320       148
08:01:32       188520    642000   1012820     51.92     16836    581204   2079620    106.60   1036260    468320       148
08:01:33       188520    642000   1012820     51.92     16836    581204   2079620    106.60   1036260    468320       148
08:01:34       188520    642000   1012820     51.92     16836    581204   2079620    106.60   1036260    468320       148
08:01:35       188520    642000   1012820     51.92     16836    581204   2079620    106.60   1036344    468320       148
08:01:36       188520    642000   1012820     51.92     16836    581204   2079620    106.60   1036364    468320       132
08:01:37       188520    642000   1012816     51.92     16836    581208   2079620    106.60   1036364    468320       136
08:01:38       188520    642000   1012816     51.92     16836    581208   2079620    106.60   1036364    468320       136
08:01:39       188520    642004   1012816     51.92     16836    581208   2079620    106.60   1036496    468324       128
08:01:40       188520    642004   1012816     51.92     16836    581208   2079620    106.60   1036496    468324       128
08:01:41       188520    642004   1012816     51.92     16836    581208   2079620    106.60   1036496    468324       128
08:01:42       188520    642004   1012816     51.92     16836    581208   2079620    106.60   1036496    468324       128
08:01:43       188520    642004   1012816     51.92     16836    581208   2079620    106.60   1036496    468324       128
08:01:44       188520    642004   1012816     51.92     16836    581208   2079620    106.60   1036496    468324       128
08:01:45       188520    642004   1012816     51.92     16836    581208   2079620    106.60   1036496    468324       128
08:01:46       188520    642004   1012816     51.92     16836    581208   2079620    106.60   1036496    468324       128
08:01:47       188520    642016   1012780     51.92     16860    581220   2079620    106.60   1036524    468336       152
08:01:48       188520    642004   1012792     51.92     16860    581208   2079620    106.60   1036556    468324        68
08:01:49       188520    642028   1012792     51.92     16860    581208   2079620    106.60   1036560    468348        16
08:01:50       188520    642028   1012788     51.92     16860    581212   2079620    106.60   1036560    468348        24
08:01:51       188520    642028   1012788     51.92     16860    581212   2079620    106.60   1036560    468348        12
08:01:52       188520    642028   1012788     51.92     16860    581212   2079684    106.61   1036560    468348        12
08:01:53       188520    642028   1012788     51.92     16860    581212   2079684    106.61   1036560    468348        12
08:01:54       188520    642028   1012788     51.92     16860    581212   2079684    106.61   1036560    468348        12
08:01:55       188520    642028   1012788     51.92     16860    581212   2079684    106.61   1036560    468348        12
08:01:56       188520    642028   1012788     51.92     16860    581212   2079684    106.61   1036560    468348        12
08:01:57       188520    642028   1012784     51.92     16860    581216   2079684    106.61   1036560    468348        16
08:01:58       188520    642028   1012784     51.92     16860    581216   2079684    106.61   1036560    468348        16
08:01:59       188520    642028   1012784     51.92     16860    581216   2079684    106.61   1036560    468348        16
08:02:00       188520    642028   1012784     51.92     16860    581216   2079684    106.61   1036560    468348        16
08:02:01       188520    642028   1012784     51.92     16860    581216   2079684    106.61   1036560    468348        16
08:02:02       188520    642028   1012784     51.92     16860    581216   2079684    106.61   1036560    468348        16
08:02:03       188520    642028   1012784     51.92     16860    581216   2079684    106.61   1036560    468348        16
08:02:04       188520    642028   1012784     51.92     16860    581216   2079684    106.61   1036560    468348        16
08:02:05       188520    642028   1012784     51.92     16860    581216   2079684    106.61   1036560    468348        16
08:02:06       188520    642028   1012784     51.92     16860    581216   2079684    106.61   1036560    468348        16
08:02:07       188520    642028   1012780     51.92     16860    581220   2079684    106.61   1036560    468348        20
08:02:08       188520    642028   1012780     51.92     16860    581220   2079684    106.61   1036560    468348        20
08:02:09       188520    642028   1012780     51.92     16860    581220   2079684    106.61   1036560    468348        20
08:02:10       188520    642028   1012780     51.92     16860    581220   2079684    106.61   1036560    468348        20
08:02:11       188520    642028   1012780     51.92     16860    581220   2079684    106.61   1036560    468348        20
08:02:12       188520    642028   1012780     51.92     16860    581220   2079684    106.61   1036560    468348        20
08:02:13       188520    642028   1012780     51.92     16860    581220   2079864    106.62   1036812    468348        20
08:02:14       188520    642032   1012772     51.92     16860    581228   2079864    106.62   1036756    468352        36
08:02:15       188520    642032   1012772     51.92     16860    581228   2079864    106.62   1036756    468352        36
08:02:16       188520    642032   1012772     51.92     16860    581228   2079864    106.62   1036756    468352        36
08:02:17       188520    642048   1012760     51.92     16884    581216   2079864    106.62   1037148    468368        88
08:02:18       188520    642060   1012744     51.91     16884    581232   2079864    106.62   1037196    468380        88
08:02:19       188520    642060   1012744     51.91     16884    581232   2079864    106.62   1037196    468380        88
08:02:20       188520    642060   1012744     51.91     16884    581232   2079864    106.62   1037196    468380        88
08:02:21       188520    642060   1012744     51.91     16884    581232   2079864    106.62   1037196    468380        88
08:02:22       188520    642076   1012744     51.91     16884    581232   2079864    106.62   1037208    468396        64
08:02:23       188520    642076   1012740     51.91     16884    581236   2079864    106.62   1037208    468396        80
08:02:24       188520    642076   1012740     51.91     16884    581236   2079864    106.62   1037208    468396        80
08:02:25       188520    642076   1012740     51.91     16884    581236   2079864    106.62   1037208    468396        80
08:02:26       188520    642076   1012740     51.91     16884    581236   2079864    106.62   1037208    468396        80
08:02:27       188520    642076   1012740     51.91     16884    581236   2079928    106.62   1037208    468396        80
08:02:28       188520    642076   1012740     51.91     16884    581236   2079928    106.62   1037208    468396        80
08:02:29       188520    642076   1012740     51.91     16884    581236   2079928    106.62   1037208    468396        80
08:02:30       188520    642076   1012740     51.91     16884    581236   2079928    106.62   1037208    468396        80
08:02:31       188520    642076   1012740     51.91     16884    581236   2079928    106.62   1037208    468396        80
08:02:32       188520    642076   1012740     51.91     16884    581236   2079928    106.62   1037208    468396        80
08:02:33       188520    642076   1012740     51.91     16884    581236   2079928    106.62   1037208    468396        80
08:02:34       188520    642076   1012740     51.91     16884    581236   2079928    106.62   1037208    468396        80
08:02:35       188520    642076   1012740     51.91     16884    581236   2079928    106.62   1037208    468396        80
08:02:36       188520    642076   1012740     51.91     16884    581236   2079928    106.62   1037208    468396        80
08:02:37       188520    642076   1012736     51.91     16884    581240   2079928    106.62   1037208    468396        84
08:02:38       188520    642076   1012736     51.91     16884    581240   2079928    106.62   1037208    468396        84
08:02:39       188520    642076   1012736     51.91     16884    581240   2079928    106.62   1037208    468396        84
08:02:40       188520    642076   1012736     51.91     16884    581240   2079928    106.62   1037208    468396        84
08:02:41       188520    642076   1012736     51.91     16884    581240   2079928    106.62   1037208    468396        84
08:02:42       188520    642076   1012736     51.91     16884    581240   2079928    106.62   1037208    468396        84
08:02:43       188520    642076   1012736     51.91     16884    581240   2079928    106.62   1037208    468396        84
08:02:44       188520    642080   1012736     51.91     16884    581240   2079928    106.62   1037308    468400        76
08:02:45       188520    642084   1012736     51.91     16884    581240   2079928    106.62   1037348    468404        68
08:02:46       188520    642084   1012736     51.91     16884    581240   2079928    106.62   1037348    468404        68
08:02:47       188520    642084   1012736     51.91     16908    581216   2079928    106.62   1037360    468404        68
08:02:48       188520    642084   1012712     51.91     16908    581240   2079928    106.62   1037360    468404        92
08:02:49       188520    642084   1012712     51.91     16908    581240   2079928    106.62   1037360    468404        20
08:02:50       188520    642084   1012712     51.91     16908    581240   2079928    106.62   1037360    468404        20
08:02:51       188520    642084   1012712     51.91     16908    581240   2079928    106.62   1037360    468404        20
08:02:52       188520    642084   1012712     51.91     16908    581240   2079928    106.62   1037360    468404        20
08:02:53       188520    642084   1012712     51.91     16908    581240   2079928    106.62   1037444    468404        20
08:02:54       188520    642108   1012712     51.91     16908    581240   2079928    106.62   1037372    468428        12
08:02:55       188520    642108   1012712     51.91     16908    581240   2079928    106.62   1037372    468428        12
08:02:56       188520    642108   1012712     51.91     16908    581240   2079928    106.62   1037372    468428        12
08:02:57       188520    642108   1012704     51.91     16908    581248   2079928    106.62   1037372    468428        20
08:02:58       188520    642108   1012700     51.91     16908    581252   2079928    106.62   1037372    468428        24
08:02:59       188520    642108   1012700     51.91     16908    581252   2079928    106.62   1037372    468428        24
08:03:00       188520    642108   1012700     51.91     16908    581252   2079928    106.62   1037372    468428        24

Average:       213374    666896    987918     50.64     16866    581222   2056007    105.39   1012986    468362        75
