Linux 7.0.0-1008-aws (ip-172-31-31-224) 	08/07/26 	_x86_64_	(2 CPU)

08:01:16        IFACE   rxpck/s   txpck/s    rxkB/s    txkB/s   rxcmp/s   txcmp/s  rxmcst/s   %ifutil
08:01:17         ens5     30.00     29.00      3.25      4.97      0.00      0.00      0.00      0.00

08:01:17        IFACE   rxpck/s   txpck/s    rxkB/s    txkB/s   rxcmp/s   txcmp/s  rxmcst/s   %ifutil
08:01:18         ens5     34.00     27.00      3.41      4.21      0.00      0.00      0.00      0.00

08:01:18        IFACE   rxpck/s   txpck/s    rxkB/s    txkB/s   rxcmp/s   txcmp/s  rxmcst/s   %ifutil
08:01:19         ens5     10.00     10.00      0.51      2.11      0.00      0.00      0.00      0.00

08:01:19        IFACE   rxpck/s   txpck/s    rxkB/s    txkB/s   rxcmp/s   txcmp/s  rxmcst/s   %ifutil
08:01:20         ens5      7.00      7.00      0.36      1.52      0.00      0.00      0.00      0.00

08:01:20        IFACE   rxpck/s   txpck/s    rxkB/s    txkB/s   rxcmp/s   txcmp/s  rxmcst/s   %ifutil
08:01:21         ens5      4.00      4.00      0.23      0.75      0.00      0.00      0.00      0.00

08:01:21        IFACE   rxpck/s   txpck/s    rxkB/s    txkB/s   rxcmp/s   txcmp/s  rxmcst/s   %ifutil
08:01:22         ens5     12.00     12.00      0.61      2.40      0.00      0.00      0.00      0.00

08:01:22        IFACE   rxpck/s   txpck/s    rxkB/s    txkB/s   rxcmp/s   txcmp/s  rxmcst/s   %ifutil
08:01:23         ens5      5.00      5.00      0.25      1.10      0.00      0.00      0.00      0.00

08:01:23        IFACE   rxpck/s   txpck/s    rxkB/s    txkB/s   rxcmp/s   txcmp/s  rxmcst/s   %ifutil
08:01:24         ens5      5.00      5.00      0.25      1.05      0.00      0.00      0.00      0.00

08:01:24        IFACE   rxpck/s   txpck/s    rxkB/s    txkB/s   rxcmp/s   txcmp/s  rxmcst/s   %ifutil
08:01:25         ens5      0.00      0.00      0.00      0.00      0.00      0.00      0.00      0.00

08:01:25        IFACE   rxpck/s   txpck/s    rxkB/s    txkB/s   rxcmp/s   txcmp/s  rxmcst/s   %ifutil
08:01:26         ens5      0.00      0.00      0.00      0.00      0.00      0.00      0.00      0.00

08:01:26        IFACE   rxpck/s   txpck/s    rxkB/s    txkB/s   rxcmp/s   txcmp/s  rxmcst/s   %ifutil
08:01:27         ens5      0.00      0.00      0.00      0.00      0.00      0.00      0.00      0.00

08:01:27        IFACE   rxpck/s   txpck/s    rxkB/s    txkB/s   rxcmp/s   txcmp/s  rxmcst/s   %ifutil
08:01:28         ens5      0.00      0.00      0.00      0.00      0.00      0.00      0.00      0.00

08:01:28        IFACE   rxpck/s   txpck/s    rxkB/s    txkB/s   rxcmp/s   txcmp/s  rxmcst/s   %ifutil
08:01:29         ens5      0.00      0.00      0.00      0.00      0.00      0.00      0.00      0.00

08:01:29        IFACE   rxpck/s   txpck/s    rxkB/s    txkB/s   rxcmp/s   txcmp/s  rxmcst/s   %ifutil
08:01:30         ens5      0.00      0.00      0.00      0.00      0.00      0.00      0.00      0.00

08:01:30        IFACE   rxpck/s   txpck/s    rxkB/s    txkB/s   rxcmp/s   txcmp/s  rxmcst/s   %ifutil
08:01:31         ens5    121.00     91.00     23.86     25.11      0.00      0.00      0.00      0.00

08:01:31        IFACE   rxpck/s   txpck/s    rxkB/s    txkB/s   rxcmp/s   txcmp/s  rxmcst/s   %ifutil
08:01:32         ens5    137.00    104.00     28.26     28.72      0.00      0.00      0.00      0.00

08:01:32        IFACE   rxpck/s   txpck/s    rxkB/s    txkB/s   rxcmp/s   txcmp/s  rxmcst/s   %ifutil
08:01:33         ens5    138.00    104.00     26.90     27.67      0.00      0.00      0.00      0.00

08:01:33        IFACE   rxpck/s   txpck/s    rxkB/s    txkB/s   rxcmp/s   txcmp/s  rxmcst/s   %ifutil
08:01:34         ens5    134.00     99.00     26.49     26.94      0.00      0.00      0.00      0.00

08:01:34        IFACE   rxpck/s   txpck/s    rxkB/s    txkB/s   rxcmp/s   txcmp/s  rxmcst/s   %ifutil
08:01:35         ens5    140.00    107.00     28.58     29.30      0.00      0.00      0.00      0.00

08:01:35        IFACE   rxpck/s   txpck/s    rxkB/s    txkB/s   rxcmp/s   txcmp/s  rxmcst/s   %ifutil
08:01:36         ens5    138.00    102.00     26.71     27.16      0.00      0.00      0.00      0.00

08:01:36        IFACE   rxpck/s   txpck/s    rxkB/s    txkB/s   rxcmp/s   txcmp/s  rxmcst/s   %ifutil
08:01:37         ens5    139.00    106.00     28.54     29.24      0.00      0.00      0.00      0.00

08:01:37        IFACE   rxpck/s   txpck/s    rxkB/s    txkB/s   rxcmp/s   txcmp/s  rxmcst/s   %ifutil
08:01:38         ens5    138.00    102.00     26.74     27.18      0.00      0.00      0.00      0.00

08:01:38        IFACE   rxpck/s   txpck/s    rxkB/s    txkB/s   rxcmp/s   txcmp/s  rxmcst/s   %ifutil
08:01:39         ens5    133.00    100.00     26.46     27.01      0.00      0.00      0.00      0.00

08:01:39        IFACE   rxpck/s   txpck/s    rxkB/s    txkB/s   rxcmp/s   txcmp/s  rxmcst/s   %ifutil
08:01:40         ens5    140.00    108.00     28.62     29.44      0.00      0.00      0.00      0.00

08:01:40        IFACE   rxpck/s   txpck/s    rxkB/s    txkB/s   rxcmp/s   txcmp/s  rxmcst/s   %ifutil
08:01:41         ens5    135.00     99.00     26.56     26.96      0.00      0.00      0.00      0.00

08:01:41        IFACE   rxpck/s   txpck/s    rxkB/s    txkB/s   rxcmp/s   txcmp/s  rxmcst/s   %ifutil
08:01:42         ens5    136.00    103.00     28.23     28.68      0.00      0.00      0.00      0.00

08:01:42        IFACE   rxpck/s   txpck/s    rxkB/s    txkB/s   rxcmp/s   txcmp/s  rxmcst/s   %ifutil
08:01:43         ens5    139.00    105.00     27.12     27.92      0.00      0.00      0.00      0.00

08:01:43        IFACE   rxpck/s   txpck/s    rxkB/s    txkB/s   rxcmp/s   txcmp/s  rxmcst/s   %ifutil
08:01:44         ens5    134.00     99.00     26.50     26.96      0.00      0.00      0.00      0.00

08:01:44        IFACE   rxpck/s   txpck/s    rxkB/s    txkB/s   rxcmp/s   txcmp/s  rxmcst/s   %ifutil
08:01:45         ens5    145.00    109.00     28.87     29.48      0.00      0.00      0.00      0.00

08:01:45        IFACE   rxpck/s   txpck/s    rxkB/s    txkB/s   rxcmp/s   txcmp/s  rxmcst/s   %ifutil
08:01:46         ens5    136.00    103.00     28.23     28.68      0.00      0.00      0.00      0.00

08:01:46        IFACE   rxpck/s   txpck/s    rxkB/s    txkB/s   rxcmp/s   txcmp/s  rxmcst/s   %ifutil
08:01:47         ens5    140.00    104.00     27.00     27.69      0.00      0.00      0.00      0.00

08:01:47        IFACE   rxpck/s   txpck/s    rxkB/s    txkB/s   rxcmp/s   txcmp/s  rxmcst/s   %ifutil
08:01:48         ens5    137.00    104.00     28.28     28.75      0.00      0.00      0.00      0.00

08:01:48        IFACE   rxpck/s   txpck/s    rxkB/s    txkB/s   rxcmp/s   txcmp/s  rxmcst/s   %ifutil
08:01:49         ens5    140.00    104.00     27.00     27.69      0.00      0.00      0.00      0.00

08:01:49        IFACE   rxpck/s   txpck/s    rxkB/s    txkB/s   rxcmp/s   txcmp/s  rxmcst/s   %ifutil
08:01:50         ens5    133.00    100.00     26.47     27.04      0.00      0.00      0.00      0.00

08:01:50        IFACE   rxpck/s   txpck/s    rxkB/s    txkB/s   rxcmp/s   txcmp/s  rxmcst/s   %ifutil
08:01:51         ens5    141.00    107.00     28.67     29.34      0.00      0.00      0.00      0.00

08:01:51        IFACE   rxpck/s   txpck/s    rxkB/s    txkB/s   rxcmp/s   txcmp/s  rxmcst/s   %ifutil
08:01:52         ens5    134.00     99.00     26.50     26.96      0.00      0.00      0.00      0.00

08:01:52        IFACE   rxpck/s   txpck/s    rxkB/s    txkB/s   rxcmp/s   txcmp/s  rxmcst/s   %ifutil
08:01:53         ens5    142.00    108.00     28.73     29.41      0.00      0.00      0.00      0.00

08:01:53        IFACE   rxpck/s   txpck/s    rxkB/s    txkB/s   rxcmp/s   txcmp/s  rxmcst/s   %ifutil
08:01:54         ens5    135.00    100.00     26.58     27.05      0.00      0.00      0.00      0.00

08:01:54        IFACE   rxpck/s   txpck/s    rxkB/s    txkB/s   rxcmp/s   txcmp/s  rxmcst/s   %ifutil
08:01:55         ens5    139.00    106.00     28.55     29.26      0.00      0.00      0.00      0.00

08:01:55        IFACE   rxpck/s   txpck/s    rxkB/s    txkB/s   rxcmp/s   txcmp/s  rxmcst/s   %ifutil
08:01:56         ens5    137.00    101.00     26.68     27.12      0.00      0.00      0.00      0.00

08:01:56        IFACE   rxpck/s   txpck/s    rxkB/s    txkB/s   rxcmp/s   txcmp/s  rxmcst/s   %ifutil
08:01:57         ens5    133.00    100.00     26.47     27.04      0.00      0.00      0.00      0.00

08:01:57        IFACE   rxpck/s   txpck/s    rxkB/s    txkB/s   rxcmp/s   txcmp/s  rxmcst/s   %ifutil
08:01:58         ens5    139.00    104.00     28.58     28.74      0.00      0.00      0.00      0.00

08:01:58        IFACE   rxpck/s   txpck/s    rxkB/s    txkB/s   rxcmp/s   txcmp/s  rxmcst/s   %ifutil
08:01:59         ens5    137.00    103.00     26.68     27.63      0.00      0.00      0.00      0.00

08:01:59        IFACE   rxpck/s   txpck/s    rxkB/s    txkB/s   rxcmp/s   txcmp/s  rxmcst/s   %ifutil
08:02:00         ens5    132.00     99.00     26.42     26.96      0.00      0.00      0.00      0.00

08:02:00        IFACE   rxpck/s   txpck/s    rxkB/s    txkB/s   rxcmp/s   txcmp/s  rxmcst/s   %ifutil
08:02:01         ens5    132.00     99.00     26.42     26.96      0.00      0.00      0.00      0.00

08:02:01        IFACE   rxpck/s   txpck/s    rxkB/s    txkB/s   rxcmp/s   txcmp/s  rxmcst/s   %ifutil
08:02:02         ens5    130.00     99.00     26.33     26.96      0.00      0.00      0.00      0.00

08:02:02        IFACE   rxpck/s   txpck/s    rxkB/s    txkB/s   rxcmp/s   txcmp/s  rxmcst/s   %ifutil
08:02:03         ens5    135.00    100.00     26.56     27.04      0.00      0.00      0.00      0.00

08:02:03        IFACE   rxpck/s   txpck/s    rxkB/s    txkB/s   rxcmp/s   txcmp/s  rxmcst/s   %ifutil
08:02:04         ens5    143.00    107.00     28.76     29.34      0.00      0.00      0.00      0.00

08:02:04        IFACE   rxpck/s   txpck/s    rxkB/s    txkB/s   rxcmp/s   txcmp/s  rxmcst/s   %ifutil
08:02:05         ens5    136.00    103.00     28.23     28.68      0.00      0.00      0.00      0.00

08:02:05        IFACE   rxpck/s   txpck/s    rxkB/s    txkB/s   rxcmp/s   txcmp/s  rxmcst/s   %ifutil
08:02:06         ens5    140.00    104.00     27.00     27.69      0.00      0.00      0.00      0.00

08:02:06        IFACE   rxpck/s   txpck/s    rxkB/s    txkB/s   rxcmp/s   txcmp/s  rxmcst/s   %ifutil
08:02:07         ens5    136.00    103.00     28.23     28.68      0.00      0.00      0.00      0.00

08:02:07        IFACE   rxpck/s   txpck/s    rxkB/s    txkB/s   rxcmp/s   txcmp/s  rxmcst/s   %ifutil
08:02:08         ens5    140.00    104.00     27.00     27.69      0.00      0.00      0.00      0.00

08:02:08        IFACE   rxpck/s   txpck/s    rxkB/s    txkB/s   rxcmp/s   txcmp/s  rxmcst/s   %ifutil
08:02:09         ens5    133.00    100.00     26.47     27.04      0.00      0.00      0.00      0.00

08:02:09        IFACE   rxpck/s   txpck/s    rxkB/s    txkB/s   rxcmp/s   txcmp/s  rxmcst/s   %ifutil
08:02:10         ens5    142.00    108.00     28.74     29.43      0.00      0.00      0.00      0.00

08:02:10        IFACE   rxpck/s   txpck/s    rxkB/s    txkB/s   rxcmp/s   txcmp/s  rxmcst/s   %ifutil
08:02:11         ens5    135.00    100.00     26.53     27.00      0.00      0.00      0.00      0.00

08:02:11        IFACE   rxpck/s   txpck/s    rxkB/s    txkB/s   rxcmp/s   txcmp/s  rxmcst/s   %ifutil
08:02:12         ens5    139.00    106.00     28.55     29.26      0.00      0.00      0.00      0.00

08:02:12        IFACE   rxpck/s   txpck/s    rxkB/s    txkB/s   rxcmp/s   txcmp/s  rxmcst/s   %ifutil
08:02:13         ens5    137.00    101.00     26.68     27.12      0.00      0.00      0.00      0.00

08:02:13        IFACE   rxpck/s   txpck/s    rxkB/s    txkB/s   rxcmp/s   txcmp/s  rxmcst/s   %ifutil
08:02:14         ens5    139.00    106.00     28.55     29.26      0.00      0.00      0.00      0.00

08:02:14        IFACE   rxpck/s   txpck/s    rxkB/s    txkB/s   rxcmp/s   txcmp/s  rxmcst/s   %ifutil
08:02:15         ens5    137.00    101.00     26.68     27.12      0.00      0.00      0.00      0.00

08:02:15        IFACE   rxpck/s   txpck/s    rxkB/s    txkB/s   rxcmp/s   txcmp/s  rxmcst/s   %ifutil
08:02:16         ens5    139.00    106.00     28.55     29.26      0.00      0.00      0.00      0.00

08:02:16        IFACE   rxpck/s   txpck/s    rxkB/s    txkB/s   rxcmp/s   txcmp/s  rxmcst/s   %ifutil
08:02:17         ens5    137.00    101.00     26.68     27.12      0.00      0.00      0.00      0.00

08:02:17        IFACE   rxpck/s   txpck/s    rxkB/s    txkB/s   rxcmp/s   txcmp/s  rxmcst/s   %ifutil
08:02:18         ens5    137.00    106.00     28.28     28.90      0.00      0.00      0.00      0.00

08:02:18        IFACE   rxpck/s   txpck/s    rxkB/s    txkB/s   rxcmp/s   txcmp/s  rxmcst/s   %ifutil
08:02:19         ens5    140.00    104.00     27.00     27.69      0.00      0.00      0.00      0.00

08:02:19        IFACE   rxpck/s   txpck/s    rxkB/s    txkB/s   rxcmp/s   txcmp/s  rxmcst/s   %ifutil
08:02:20         ens5    139.00    106.00     28.55     29.26      0.00      0.00      0.00      0.00

08:02:20        IFACE   rxpck/s   txpck/s    rxkB/s    txkB/s   rxcmp/s   txcmp/s  rxmcst/s   %ifutil
08:02:21         ens5    137.00    101.00     26.68     27.12      0.00      0.00      0.00      0.00

08:02:21        IFACE   rxpck/s   txpck/s    rxkB/s    txkB/s   rxcmp/s   txcmp/s  rxmcst/s   %ifutil
08:02:22         ens5    139.00    106.00     28.55     29.26      0.00      0.00      0.00      0.00

08:02:22        IFACE   rxpck/s   txpck/s    rxkB/s    txkB/s   rxcmp/s   txcmp/s  rxmcst/s   %ifutil
08:02:23         ens5    137.00    101.00     26.68     27.12      0.00      0.00      0.00      0.00

08:02:23        IFACE   rxpck/s   txpck/s    rxkB/s    txkB/s   rxcmp/s   txcmp/s  rxmcst/s   %ifutil
08:02:24         ens5    133.00    100.00     26.47     27.04      0.00      0.00      0.00      0.00

08:02:24        IFACE   rxpck/s   txpck/s    rxkB/s    txkB/s   rxcmp/s   txcmp/s  rxmcst/s   %ifutil
08:02:25         ens5    141.00    107.00     28.67     29.34      0.00      0.00      0.00      0.00

08:02:25        IFACE   rxpck/s   txpck/s    rxkB/s    txkB/s   rxcmp/s   txcmp/s  rxmcst/s   %ifutil
08:02:26         ens5    135.00    100.00     26.58     27.05      0.00      0.00      0.00      0.00

08:02:26        IFACE   rxpck/s   txpck/s    rxkB/s    txkB/s   rxcmp/s   txcmp/s  rxmcst/s   %ifutil
08:02:27         ens5    136.00    103.00     28.23     28.68      0.00      0.00      0.00      0.00

08:02:27        IFACE   rxpck/s   txpck/s    rxkB/s    txkB/s   rxcmp/s   txcmp/s  rxmcst/s   %ifutil
08:02:28         ens5    137.00    104.00     26.83     27.67      0.00      0.00      0.00      0.00

08:02:28        IFACE   rxpck/s   txpck/s    rxkB/s    txkB/s   rxcmp/s   txcmp/s  rxmcst/s   %ifutil
08:02:29         ens5    137.00    102.00     26.68     27.18      0.00      0.00      0.00      0.00

08:02:29        IFACE   rxpck/s   txpck/s    rxkB/s    txkB/s   rxcmp/s   txcmp/s  rxmcst/s   %ifutil
08:02:30         ens5    141.00    108.00     28.69     29.39      0.00      0.00      0.00      0.00

08:02:30        IFACE   rxpck/s   txpck/s    rxkB/s    txkB/s   rxcmp/s   txcmp/s  rxmcst/s   %ifutil
08:02:31         ens5    137.00    102.00     26.68     27.18      0.00      0.00      0.00      0.00

08:02:31        IFACE   rxpck/s   txpck/s    rxkB/s    txkB/s   rxcmp/s   txcmp/s  rxmcst/s   %ifutil
08:02:32         ens5    136.00    103.00     28.23     28.68      0.00      0.00      0.00      0.00

08:02:32        IFACE   rxpck/s   txpck/s    rxkB/s    txkB/s   rxcmp/s   txcmp/s  rxmcst/s   %ifutil
08:02:33         ens5    140.00    104.00     27.00     27.69      0.00      0.00      0.00      0.00

08:02:33        IFACE   rxpck/s   txpck/s    rxkB/s    txkB/s   rxcmp/s   txcmp/s  rxmcst/s   %ifutil
08:02:34         ens5    136.00    103.00     28.23     28.68      0.00      0.00      0.00      0.00

08:02:34        IFACE   rxpck/s   txpck/s    rxkB/s    txkB/s   rxcmp/s   txcmp/s  rxmcst/s   %ifutil
08:02:35         ens5    140.00    105.00     27.00     27.76      0.00      0.00      0.00      0.00

08:02:35        IFACE   rxpck/s   txpck/s    rxkB/s    txkB/s   rxcmp/s   txcmp/s  rxmcst/s   %ifutil
08:02:36         ens5    136.00    101.00     28.23     27.10      0.00      0.00      0.00      0.00

08:02:36        IFACE   rxpck/s   txpck/s    rxkB/s    txkB/s   rxcmp/s   txcmp/s  rxmcst/s   %ifutil
08:02:37         ens5    140.00    106.00     27.00     29.28      0.00      0.00      0.00      0.00

08:02:37        IFACE   rxpck/s   txpck/s    rxkB/s    txkB/s   rxcmp/s   txcmp/s  rxmcst/s   %ifutil
08:02:38         ens5    132.00     99.00     26.42     26.96      0.00      0.00      0.00      0.00

08:02:38        IFACE   rxpck/s   txpck/s    rxkB/s    txkB/s   rxcmp/s   txcmp/s  rxmcst/s   %ifutil
08:02:39         ens5    143.00    109.00     28.77     29.48      0.00      0.00      0.00      0.00

08:02:39        IFACE   rxpck/s   txpck/s    rxkB/s    txkB/s   rxcmp/s   txcmp/s  rxmcst/s   %ifutil
08:02:40         ens5    134.00     99.00     26.50     26.96      0.00      0.00      0.00      0.00

08:02:40        IFACE   rxpck/s   txpck/s    rxkB/s    txkB/s   rxcmp/s   txcmp/s  rxmcst/s   %ifutil
08:02:41         ens5    140.00    107.00     28.60     29.33      0.00      0.00      0.00      0.00

08:02:41        IFACE   rxpck/s   txpck/s    rxkB/s    txkB/s   rxcmp/s   txcmp/s  rxmcst/s   %ifutil
08:02:42         ens5    138.00    102.00     26.75     27.20      0.00      0.00      0.00      0.00

08:02:42        IFACE   rxpck/s   txpck/s    rxkB/s    txkB/s   rxcmp/s   txcmp/s  rxmcst/s   %ifutil
08:02:43         ens5    136.00    104.00     28.23     28.75      0.00      0.00      0.00      0.00

08:02:43        IFACE   rxpck/s   txpck/s    rxkB/s    txkB/s   rxcmp/s   txcmp/s  rxmcst/s   %ifutil
08:02:44         ens5    140.00    104.00     27.00     27.69      0.00      0.00      0.00      0.00

08:02:44        IFACE   rxpck/s   txpck/s    rxkB/s    txkB/s   rxcmp/s   txcmp/s  rxmcst/s   %ifutil
08:02:45         ens5    132.00     99.00     26.42     26.96      0.00      0.00      0.00      0.00

08:02:45        IFACE   rxpck/s   txpck/s    rxkB/s    txkB/s   rxcmp/s   txcmp/s  rxmcst/s   %ifutil
08:02:46         ens5    139.00    106.00     28.55     29.26      0.00      0.00      0.00      0.00

08:02:46        IFACE   rxpck/s   txpck/s    rxkB/s    txkB/s   rxcmp/s   txcmp/s  rxmcst/s   %ifutil
08:02:47         ens5    137.00    101.00     26.68     27.12      0.00      0.00      0.00      0.00

08:02:47        IFACE   rxpck/s   txpck/s    rxkB/s    txkB/s   rxcmp/s   txcmp/s  rxmcst/s   %ifutil
08:02:48         ens5    142.00    108.00     28.73     29.41      0.00      0.00      0.00      0.00

08:02:48        IFACE   rxpck/s   txpck/s    rxkB/s    txkB/s   rxcmp/s   txcmp/s  rxmcst/s   %ifutil
08:02:49         ens5    134.00     99.00     26.50     26.96      0.00      0.00      0.00      0.00

08:02:49        IFACE   rxpck/s   txpck/s    rxkB/s    txkB/s   rxcmp/s   txcmp/s  rxmcst/s   %ifutil
08:02:50         ens5    136.00    103.00     28.23     28.68      0.00      0.00      0.00      0.00

08:02:50        IFACE   rxpck/s   txpck/s    rxkB/s    txkB/s   rxcmp/s   txcmp/s  rxmcst/s   %ifutil
08:02:51         ens5    138.00    104.00     26.91     27.69      0.00      0.00      0.00      0.00

08:02:51        IFACE   rxpck/s   txpck/s    rxkB/s    txkB/s   rxcmp/s   txcmp/s  rxmcst/s   %ifutil
08:02:52         ens5    134.00     99.00     26.50     26.96      0.00      0.00      0.00      0.00

08:02:52        IFACE   rxpck/s   txpck/s    rxkB/s    txkB/s   rxcmp/s   txcmp/s  rxmcst/s   %ifutil
08:02:53         ens5    139.00    106.00     28.55     29.26      0.00      0.00      0.00      0.00

08:02:53        IFACE   rxpck/s   txpck/s    rxkB/s    txkB/s   rxcmp/s   txcmp/s  rxmcst/s   %ifutil
08:02:54         ens5    138.00    102.00     26.73     27.18      0.00      0.00      0.00      0.00

08:02:54        IFACE   rxpck/s   txpck/s    rxkB/s    txkB/s   rxcmp/s   txcmp/s  rxmcst/s   %ifutil
08:02:55         ens5    136.00    103.00     28.23     28.68      0.00      0.00      0.00      0.00

08:02:55        IFACE   rxpck/s   txpck/s    rxkB/s    txkB/s   rxcmp/s   txcmp/s  rxmcst/s   %ifutil
08:02:56         ens5    139.00    105.00     26.96     27.76      0.00      0.00      0.00      0.00

08:02:56        IFACE   rxpck/s   txpck/s    rxkB/s    txkB/s   rxcmp/s   txcmp/s  rxmcst/s   %ifutil
08:02:57         ens5    137.00    102.00     26.65     27.16      0.00      0.00      0.00      0.00

08:02:57        IFACE   rxpck/s   txpck/s    rxkB/s    txkB/s   rxcmp/s   txcmp/s  rxmcst/s   %ifutil
08:02:58         ens5    108.00     81.00     21.63     22.08      0.00      0.00      0.00      0.00

08:02:58        IFACE   rxpck/s   txpck/s    rxkB/s    txkB/s   rxcmp/s   txcmp/s  rxmcst/s   %ifutil
08:02:59         ens5      0.00      1.00      0.00      0.06      0.00      0.00      0.00      0.00

08:02:59        IFACE   rxpck/s   txpck/s    rxkB/s    txkB/s   rxcmp/s   txcmp/s  rxmcst/s   %ifutil
08:03:00         ens5      0.00      0.00      0.00      0.00      0.00      0.00      0.00      0.00



Average:        IFACE   rxpck/s   txpck/s    rxkB/s    txkB/s   rxcmp/s   txcmp/s  rxmcst/s   %ifutil
Average:         ens5    116.78     87.90     23.21     23.79      0.00      0.00      0.00      0.00
