Linux 7.0.0-1010-aws (ip-172-31-31-224) 	08/11/26 	_x86_64_	(2 CPU)

06:45:02    kbmemfree   kbavail kbmemused  %memused kbbuffers  kbcached  kbcommit   %commit  kbactive   kbinact   kbdirty
06:45:03       769152   1364612    366944     18.81     14648    722972   1539156     78.89    329028    688720       148
06:45:04       729084   1324544    407012     20.86     14648    722972   1576860     80.83    367972    688720       148
06:45:05       672888   1268348    463208     23.74     14648    722972   1635524     83.83    427892    688720       148
06:45:06       600564   1196024    535532     27.45     14648    722972   1710332     87.67    502420    688720       148
06:45:07       552180   1147644    583912     29.93     14648    722976   1752068     89.81    540820    688724       152
06:45:08       463728   1059192    672364     34.46     14648    722976   1844180     94.53    634016    688724       152
06:45:09       407532   1002996    728560     37.34     14648    722976   1902536     97.52    692836    688724       152
06:45:10       334956    930420    801136     41.07     14648    722976   1977488    101.36    766512    688724       152
06:45:11       238440    833904    897652     46.01     14648    722976   2065852    105.89    857688    688724       108
06:45:12       206184    801648    929908     47.67     14648    722976   2103300    107.81    891884    688724       108
06:45:13        85224    680688   1050868     53.87     14648    722976   2211540    113.36   1003360    688724       108
06:45:14        85224    680696   1050856     53.87     14648    722988   2211540    113.36   1003612    688732       124
06:45:15        85224    680696   1050852     53.87     14648    722992   2211540    113.36   1003612    688732       128
06:45:16        85224    680696   1050852     53.87     14648    722992   2211540    113.36   1003612    688732       128
06:45:17        85224    680696   1050828     53.86     14672    722992   2211540    113.36   1003696    688732       232
06:45:18        85224    680700   1050828     53.86     14672    722992   2211540    113.36   1003700    688736       232
06:45:19        85132    680636   1050920     53.87     14672    722992   2211540    113.36   1003796    688764       232
06:45:20        84796    680300   1051256     53.89     14672    722992   2211796    113.37   1004044    688764       232
06:45:21        84796    680300   1051252     53.89     14672    722996   2215892    113.58   1004664    688764       236
06:45:22        84796    680300   1051252     53.89     14672    722996   2215892    113.58   1004664    688764       236
06:45:23        84796    680300   1051248     53.89     14672    723000   2215892    113.58   1004664    688764       240
06:45:24        84796    680300   1051248     53.89     14672    723000   2215892    113.58   1004664    688764       240
06:45:25        84796    680300   1051248     53.89     14672    723000   2215892    113.58   1004664    688764       240
06:45:26        84796    680300   1051244     53.89     14672    723004   2215892    113.58   1004664    688764       244
06:45:27        84796    680300   1051244     53.89     14672    723004   2215892    113.58   1004664    688764       244
06:45:28        84796    680300   1051244     53.89     14672    723004   2215892    113.58   1004664    688764       244
06:45:29        84700    680204   1051340     53.89     14672    723004   2215892    113.58   1004664    688764       244
06:45:30        84700    680212   1051328     53.89     14672    723016   2215892    113.58   1004704    688772       256

Average:       232277    827759    903791     46.33     14660    722989   2069957    106.10    860256    688742       188
