Linux 7.0.0-1010-aws (ip-172-31-31-224) 	08/11/26 	_x86_64_	(2 CPU)

06:45:02        IFACE   rxpck/s   txpck/s    rxkB/s    txkB/s   rxcmp/s   txcmp/s  rxmcst/s   %ifutil
06:45:03         ens5     47.00     41.00      4.02      4.82      0.00      0.00      0.00      0.00

06:45:03        IFACE   rxpck/s   txpck/s    rxkB/s    txkB/s   rxcmp/s   txcmp/s  rxmcst/s   %ifutil
06:45:04         ens5     33.00     27.00      2.77      3.54      0.00      0.00      0.00      0.00

06:45:04        IFACE   rxpck/s   txpck/s    rxkB/s    txkB/s   rxcmp/s   txcmp/s  rxmcst/s   %ifutil
06:45:05         ens5      3.00      4.00      0.15      0.87      0.00      0.00      0.00      0.00

06:45:05        IFACE   rxpck/s   txpck/s    rxkB/s    txkB/s   rxcmp/s   txcmp/s  rxmcst/s   %ifutil
06:45:06         ens5      4.00      3.00      0.20      0.67      0.00      0.00      0.00      0.00

06:45:06        IFACE   rxpck/s   txpck/s    rxkB/s    txkB/s   rxcmp/s   txcmp/s  rxmcst/s   %ifutil
06:45:07         ens5      6.00      8.00      0.30      1.67      0.00      0.00      0.00      0.00

06:45:07        IFACE   rxpck/s   txpck/s    rxkB/s    txkB/s   rxcmp/s   txcmp/s  rxmcst/s   %ifutil
06:45:08         ens5      6.00      5.00      0.30      1.06      0.00      0.00      0.00      0.00

06:45:08        IFACE   rxpck/s   txpck/s    rxkB/s    txkB/s   rxcmp/s   txcmp/s  rxmcst/s   %ifutil
06:45:09         ens5      5.00      4.00      0.25      0.88      0.00      0.00      0.00      0.00

06:45:09        IFACE   rxpck/s   txpck/s    rxkB/s    txkB/s   rxcmp/s   txcmp/s  rxmcst/s   %ifutil
06:45:10         ens5      8.00      8.00      0.41      1.70      0.00      0.00      0.00      0.00

06:45:10        IFACE   rxpck/s   txpck/s    rxkB/s    txkB/s   rxcmp/s   txcmp/s  rxmcst/s   %ifutil
06:45:11         ens5      6.00      6.00      0.33      1.12      0.00      0.00      0.00      0.00

06:45:11        IFACE   rxpck/s   txpck/s    rxkB/s    txkB/s   rxcmp/s   txcmp/s  rxmcst/s   %ifutil
06:45:12         ens5      6.00      7.00      0.30      1.54      0.00      0.00      0.00      0.00

06:45:12        IFACE   rxpck/s   txpck/s    rxkB/s    txkB/s   rxcmp/s   txcmp/s  rxmcst/s   %ifutil
06:45:13         ens5      4.00      3.00      0.20      0.61      0.00      0.00      0.00      0.00

06:45:13        IFACE   rxpck/s   txpck/s    rxkB/s    txkB/s   rxcmp/s   txcmp/s  rxmcst/s   %ifutil
06:45:14         ens5     17.00     13.00      8.39      7.29      0.00      0.00      0.00      0.00

06:45:14        IFACE   rxpck/s   txpck/s    rxkB/s    txkB/s   rxcmp/s   txcmp/s  rxmcst/s   %ifutil
06:45:15         ens5      0.00      0.00      0.00      0.00      0.00      0.00      0.00      0.00

06:45:15        IFACE   rxpck/s   txpck/s    rxkB/s    txkB/s   rxcmp/s   txcmp/s  rxmcst/s   %ifutil
06:45:16         ens5      0.00      0.00      0.00      0.00      0.00      0.00      0.00      0.00

06:45:16        IFACE   rxpck/s   txpck/s    rxkB/s    txkB/s   rxcmp/s   txcmp/s  rxmcst/s   %ifutil
06:45:17         ens5      0.00      0.00      0.00      0.00      0.00      0.00      0.00      0.00

06:45:17        IFACE   rxpck/s   txpck/s    rxkB/s    txkB/s   rxcmp/s   txcmp/s  rxmcst/s   %ifutil
06:45:18         ens5      3.00      0.00      2.69      0.00      0.00      0.00      0.00      0.00

06:45:18        IFACE   rxpck/s   txpck/s    rxkB/s    txkB/s   rxcmp/s   txcmp/s  rxmcst/s   %ifutil
06:45:19         ens5    311.00    259.00    203.85    137.16      0.00      0.00      0.00      0.00

06:45:19        IFACE   rxpck/s   txpck/s    rxkB/s    txkB/s   rxcmp/s   txcmp/s  rxmcst/s   %ifutil
06:45:20         ens5    717.00    658.00    468.51    328.15      0.00      0.00      0.00      0.00

06:45:20        IFACE   rxpck/s   txpck/s    rxkB/s    txkB/s   rxcmp/s   txcmp/s  rxmcst/s   %ifutil
06:45:21         ens5    137.00    114.00     78.57     53.49      0.00      0.00      0.00      0.00

06:45:21        IFACE   rxpck/s   txpck/s    rxkB/s    txkB/s   rxcmp/s   txcmp/s  rxmcst/s   %ifutil
06:45:22         ens5      7.00      5.00      4.15      2.57      0.00      0.00      0.00      0.00

06:45:22        IFACE   rxpck/s   txpck/s    rxkB/s    txkB/s   rxcmp/s   txcmp/s  rxmcst/s   %ifutil
06:45:23         ens5      0.00      0.00      0.00      0.00      0.00      0.00      0.00      0.00

06:45:23        IFACE   rxpck/s   txpck/s    rxkB/s    txkB/s   rxcmp/s   txcmp/s  rxmcst/s   %ifutil
06:45:24         ens5      0.00      0.00      0.00      0.00      0.00      0.00      0.00      0.00

06:45:24        IFACE   rxpck/s   txpck/s    rxkB/s    txkB/s   rxcmp/s   txcmp/s  rxmcst/s   %ifutil
06:45:25         ens5      0.00      0.00      0.00      0.00      0.00      0.00      0.00      0.00

06:45:25        IFACE   rxpck/s   txpck/s    rxkB/s    txkB/s   rxcmp/s   txcmp/s  rxmcst/s   %ifutil
06:45:26         ens5      0.00      0.00      0.00      0.00      0.00      0.00      0.00      0.00

06:45:26        IFACE   rxpck/s   txpck/s    rxkB/s    txkB/s   rxcmp/s   txcmp/s  rxmcst/s   %ifutil
06:45:27         ens5      1.00      1.00      0.07      0.09      0.00      0.00      0.00      0.00

06:45:27        IFACE   rxpck/s   txpck/s    rxkB/s    txkB/s   rxcmp/s   txcmp/s  rxmcst/s   %ifutil
06:45:28         ens5      0.00      0.00      0.00      0.00      0.00      0.00      0.00      0.00

06:45:28        IFACE   rxpck/s   txpck/s    rxkB/s    txkB/s   rxcmp/s   txcmp/s  rxmcst/s   %ifutil
06:45:29         ens5      0.00      0.00      0.00      0.00      0.00      0.00      0.00      0.00

06:45:29        IFACE   rxpck/s   txpck/s    rxkB/s    txkB/s   rxcmp/s   txcmp/s  rxmcst/s   %ifutil
06:45:30         ens5      0.00      0.00      0.00      0.00      0.00      0.00      0.00      0.00


Average:        IFACE   rxpck/s   txpck/s    rxkB/s    txkB/s   rxcmp/s   txcmp/s  rxmcst/s   %ifutil
Average:         ens5     47.18     41.64     27.70     19.54      0.00      0.00      0.00      0.00
