Linux 7.0.0-1010-aws (ip-172-31-20-134) 	08/11/26 	_x86_64_	(2 CPU)

17:21:08        CPU     %user     %nice   %system   %iowait    %steal     %idle
17:21:09        all      2.01      0.00      1.51      0.00      0.00     96.48
17:21:10        all      0.00      0.00      0.00      0.00      0.00    100.00
17:21:11        all      0.50      0.00      0.00      0.00      0.50     99.00
17:21:12        all      0.50      0.00      0.50      0.00      0.50     98.51
17:21:13        all      4.52      0.00      2.01      0.00      0.00     93.47
17:21:14        all      0.00      0.00      0.50      0.00      0.00     99.50
17:21:15        all      0.00      0.00      0.00      0.00      0.00    100.00
17:21:16        all      1.01      0.00      0.50      0.00      0.00     98.49
17:21:17        all      0.50      0.00      0.50      0.00      0.00     99.00
17:21:18        all      0.50      0.00      0.00      0.00      0.00     99.50
17:21:19        all      0.00      0.00      0.00      0.00      0.00    100.00
17:21:20        all      2.03      0.00      0.51      0.00      0.00     97.46
17:21:21        all     45.88      0.00      4.64      0.00      0.00     49.48
17:21:22        all     72.96      0.00      8.16      0.00      0.00     18.88
17:21:23        all      9.64      0.00      1.02      0.00      0.00     89.34
17:21:24        all      1.00      0.00      1.00      1.00      0.00     97.01
17:21:25        all      0.00      0.00      0.00      0.00      0.00    100.00
17:21:26        all      1.00      0.00      0.00      0.00      0.00     99.00
17:21:27        all      0.00      0.00      0.00      0.00      0.00    100.00
17:21:28        all      5.45      0.00      0.99      0.00      0.99     92.57
17:21:29        all      0.00      0.00      0.50      0.00      0.00     99.50

Average:        all      6.92      0.00      1.05      0.05      0.10     91.88
