Linux 7.0.0-1010-aws (ip-172-31-20-134) 	08/11/26 	_x86_64_	(2 CPU)

17:21:08    kbmemfree   kbavail kbmemused  %memused kbbuffers  kbcached  kbcommit   %commit  kbactive   kbinact   kbdirty
17:21:09       100484   1317872    375540     19.25     31268   1297184   1469924     75.35    996748    601580      1864
17:21:10       100484   1317872    375540     19.25     31268   1297184   1469924     75.35    996808    601580       288
17:21:11       100484   1317872    375536     19.25     31268   1297188   1469924     75.35    996808    601580       292
17:21:12       100484   1317872    375536     19.25     31268   1297188   1469924     75.35    996808    601580       292
17:21:13       100484   1317872    375536     19.25     31268   1297188   1469924     75.35    997172    601580       292
17:21:14       100484   1317872    375528     19.25     31268   1297196   1469924     75.35    997172    601580       300
17:21:15       100484   1317872    375528     19.25     31268   1297196   1469924     75.35    997172    601580       300
17:21:16       100484   1317888    375524     19.25     31268   1297200   1471164     75.41    998768    601596       304
17:21:17       100484   1317888    375480     19.25     31268   1297244   1471164     75.41    998768    601596       348
17:21:18       100484   1317888    375480     19.25     31268   1297244   1471420     75.42    999512    601596       348
17:21:19       100484   1317888    375480     19.25     31268   1297244   1471420     75.42    999512    601596       348
17:21:20       100244   1317692    375720     19.26     31268   1297244   1479936     75.86   1001080    601640       348
17:21:21        97736   1315452    377956     19.37     31268   1297508   1577188     80.84   1007744    601904       612
17:21:22        93960   1312624    380772     19.52     31268   1298444   1702520     87.27   1011480    602836      1500
17:21:23        93960   1312652    380744     19.52     31268   1298472   1702640     87.27   1011248    602864      1528
17:21:24        93960   1312756    380636     19.51     31292   1298552   1702640     87.27   1011288    602964      1616
17:21:25        93960   1312772    380628     19.51     31292   1298560   1702640     87.27   1011288    602980      1512
17:21:26        93960   1312772    380624     19.51     31292   1298564   1702640     87.27   1011288    602980      1380
17:21:27        93960   1312772    380624     19.51     31292   1298564   1702640     87.27   1011288    602980      1380
17:21:28        93960   1312772    380616     19.51     31292   1298572   1702640     87.27   1010724    602980      1388
17:21:29        93960   1312772    380612     19.51     31292   1298576   1702640     87.27   1010724    602980      1392

Average:        97856   1315795    377602     19.36     31275   1297729   1564417     80.19   1003495    602122       840
