Linux 7.0.0-1010-aws (ip-172-31-31-224) 	08/11/26 	_x86_64_	(2 CPU)

06:51:25        CPU     %user     %nice   %system   %iowait    %steal     %idle
06:51:26        all     48.99      0.00      5.05      0.00      2.02     43.94
06:51:27        all     51.24      0.00      2.99      0.00      1.00     44.78
06:51:28        all     48.48      0.00      4.04      0.00      1.52     45.96
06:51:29        all     56.00      0.00      4.50      0.50      1.00     38.00
06:51:30        all     46.50      0.00      3.50      0.00      3.50     46.50
06:51:31        all     47.29      0.00      3.94      0.00      3.45     45.32
06:51:32        all     47.98      0.00      3.03      0.00      3.54     45.45
06:51:33        all     46.27      0.00      2.99      0.00      1.49     49.25
06:51:34        all     26.40      0.00      3.55      0.00      1.02     69.04
06:51:35        all      0.50      0.00      0.00      0.00      0.50     99.00
06:51:36        all      0.00      0.00      0.00      0.00      0.50     99.50
06:51:37        all      0.00      0.00      1.00      0.00      0.00     99.00
06:51:38        all      0.50      0.00      0.00      0.00      0.00     99.50
06:51:39        all      0.00      0.00      0.00      0.00      0.00    100.00
06:51:40        all      1.00      0.00      0.00      0.00      1.00     98.00
06:51:41        all      0.50      0.00      0.50      0.00      0.50     98.49
06:51:42        all      2.50      0.00      1.50      0.00      0.00     96.00
06:51:43        all      0.50      0.00      1.01      0.00      0.50     97.99
06:51:44        all      5.08      0.00      1.02      0.00      0.00     93.91
06:51:45        all      0.00      0.00      0.50      0.00      0.50     99.00
06:51:46        all      1.00      0.00      0.50      0.00      0.00     98.51
06:51:47        all      0.50      0.00      0.50      0.50      0.00     98.49
06:51:48        all      0.00      0.00      0.00      0.00      0.00    100.00
06:51:49        all      0.00      0.00      0.00      0.00      0.00    100.00
06:51:50        all      0.50      0.00      0.50      0.00      0.50     98.50

Average:        all     17.29      0.00      1.62      0.04      0.90     80.14
