Linux 7.0.0-1010-aws (ip-172-31-31-224) 	08/11/26 	_x86_64_	(2 CPU)

06:51:25    kbmemfree   kbavail kbmemused  %memused kbbuffers  kbcached  kbcommit   %commit  kbactive   kbinact   kbdirty
06:51:26       708324   1308140    423328     21.70     15848    726128   1601720     82.10    394260    689140       224
06:51:27       629196   1229012    502456     25.76     15848    726128   1677336     85.98    473148    689140       224
06:51:28       556620   1156436    575032     29.48     15848    726128   1755808     90.00    549284    689140       224
06:51:29       484296   1084120    647348     33.18     15848    726136   1831344     93.87    624364    689148       232
06:51:30       411972   1011800    719668     36.89     15848    726140   1898148     97.30    691572    689152       236
06:51:31       339396    939224    792244     40.61     15848    726140   1973100    101.14    767292    689152       236
06:51:32       234816    834644    896824     45.97     15848    726140   2069528    106.08    865052    689152       236
06:51:33       186432    786260    945208     48.45     15848    726140   2115360    108.43    910132    689152       236
06:51:34        89664    689492   1041976     53.41     15848    726140   2215352    113.56   1007768    689152       236
06:51:35        89664    689492   1041972     53.41     15848    726144   2215352    113.56   1007768    689152       240
06:51:36        89664    689492   1041972     53.41     15848    726144   2215352    113.56   1008388    689152       240
06:51:37        89632    689464   1042004     53.41     15848    726144   2215352    113.56   1008508    689156       240
06:51:38        89632    689464   1042004     53.41     15848    726144   2215352    113.56   1008508    689156       240
06:51:39        89632    689464   1042004     53.41     15848    726144   2215352    113.56   1008508    689156       240
06:51:40        89632    689464   1042000     53.41     15848    726148   2215352    113.56   1008508    689156       244
06:51:41        89632    689464   1042000     53.41     15848    726148   2215352    113.56   1008508    689156       244
06:51:42        89632    689464   1042000     53.41     15848    726148   2215352    113.56   1008508    689156       244
06:51:43        89632    689464   1042000     53.41     15848    726148   2215352    113.56   1008508    689156       244
06:51:44        89632    689468   1041992     53.41     15848    726156   2215352    113.56   1008492    689160       252
06:51:45        89632    689468   1041988     53.41     15848    726160   2215352    113.56   1008616    689160       256
06:51:46        89632    689468   1041984     53.41     15848    726164   2215352    113.56   1008616    689160       260
06:51:47        89632    689472   1041960     53.41     15872    726164   2215352    113.56   1008624    689164       372
06:51:48        89632    689472   1041960     53.41     15872    726164   2215352    113.56   1008624    689164       372
06:51:49        89632    689472   1041960     53.41     15872    726164   2215352    113.56   1008624    689164       372
06:51:50        89632    689508   1041956     53.41     15872    726168   2215352    113.56   1008676    689200       376

Average:       202996    802828    928634     47.60     15852    726147   2103333    107.81    896754    689156       261
