Linux 7.0.0-1010-aws (ip-172-31-31-224) 	08/11/26 	_x86_64_	(2 CPU)

06:51:25        IFACE   rxpck/s   txpck/s    rxkB/s    txkB/s   rxcmp/s   txcmp/s  rxmcst/s   %ifutil
06:51:26         ens5     60.00     60.00      4.80      7.01      0.00      0.00      0.00      0.00

06:51:26        IFACE   rxpck/s   txpck/s    rxkB/s    txkB/s   rxcmp/s   txcmp/s  rxmcst/s   %ifutil
06:51:27         ens5     21.00     20.00      1.59      2.59      0.00      0.00      0.00      0.00

06:51:27        IFACE   rxpck/s   txpck/s    rxkB/s    txkB/s   rxcmp/s   txcmp/s  rxmcst/s   %ifutil
06:51:28         ens5      7.00      7.00      0.36      1.49      0.00      0.00      0.00      0.00

06:51:28        IFACE   rxpck/s   txpck/s    rxkB/s    txkB/s   rxcmp/s   txcmp/s  rxmcst/s   %ifutil
06:51:29         ens5      6.00      6.00      0.30      1.25      0.00      0.00      0.00      0.00

06:51:29        IFACE   rxpck/s   txpck/s    rxkB/s    txkB/s   rxcmp/s   txcmp/s  rxmcst/s   %ifutil
06:51:30         ens5      5.00      5.00      0.25      1.10      0.00      0.00      0.00      0.00

06:51:30        IFACE   rxpck/s   txpck/s    rxkB/s    txkB/s   rxcmp/s   txcmp/s  rxmcst/s   %ifutil
06:51:31         ens5      9.00      9.00      0.46      1.90      0.00      0.00      0.00      0.00

06:51:31        IFACE   rxpck/s   txpck/s    rxkB/s    txkB/s   rxcmp/s   txcmp/s  rxmcst/s   %ifutil
06:51:32         ens5      4.00      5.00      0.20      1.06      0.00      0.00      0.00      0.00

06:51:32        IFACE   rxpck/s   txpck/s    rxkB/s    txkB/s   rxcmp/s   txcmp/s  rxmcst/s   %ifutil
06:51:33         ens5      7.00      6.00      0.36      1.32      0.00      0.00      0.00      0.00

06:51:33        IFACE   rxpck/s   txpck/s    rxkB/s    txkB/s   rxcmp/s   txcmp/s  rxmcst/s   %ifutil
06:51:34         ens5      3.00      3.00      0.15      0.61      0.00      0.00      0.00      0.00

06:51:34        IFACE   rxpck/s   txpck/s    rxkB/s    txkB/s   rxcmp/s   txcmp/s  rxmcst/s   %ifutil
06:51:35         ens5      0.00      0.00      0.00      0.00      0.00      0.00      0.00      0.00

06:51:35        IFACE   rxpck/s   txpck/s    rxkB/s    txkB/s   rxcmp/s   txcmp/s  rxmcst/s   %ifutil
06:51:36         ens5      0.00      0.00      0.00      0.00      0.00      0.00      0.00      0.00

06:51:36        IFACE   rxpck/s   txpck/s    rxkB/s    txkB/s   rxcmp/s   txcmp/s  rxmcst/s   %ifutil
06:51:37         ens5     11.00     10.00      0.68      4.52      0.00      0.00      0.00      0.00

06:51:37        IFACE   rxpck/s   txpck/s    rxkB/s    txkB/s   rxcmp/s   txcmp/s  rxmcst/s   %ifutil
06:51:38         ens5      1.00      1.00      0.07      0.09      0.00      0.00      0.00      0.00

06:51:38        IFACE   rxpck/s   txpck/s    rxkB/s    txkB/s   rxcmp/s   txcmp/s  rxmcst/s   %ifutil
06:51:39         ens5      0.00      0.00      0.00      0.00      0.00      0.00      0.00      0.00

06:51:39        IFACE   rxpck/s   txpck/s    rxkB/s    txkB/s   rxcmp/s   txcmp/s  rxmcst/s   %ifutil
06:51:40         ens5     11.00     12.00      0.77      6.62      0.00      0.00      0.00      0.00

06:51:40        IFACE   rxpck/s   txpck/s    rxkB/s    txkB/s   rxcmp/s   txcmp/s  rxmcst/s   %ifutil
06:51:41         ens5     61.00     62.00      4.19     34.18      0.00      0.00      0.00      0.00

06:51:41        IFACE   rxpck/s   txpck/s    rxkB/s    txkB/s   rxcmp/s   txcmp/s  rxmcst/s   %ifutil
06:51:42         ens5    176.00    201.00     12.56    112.16      0.00      0.00      0.00      0.00

06:51:42        IFACE   rxpck/s   txpck/s    rxkB/s    txkB/s   rxcmp/s   txcmp/s  rxmcst/s   %ifutil
06:51:43         ens5     75.00     85.00      5.32     47.31      0.00      0.00      0.00      0.00

06:51:43        IFACE   rxpck/s   txpck/s    rxkB/s    txkB/s   rxcmp/s   txcmp/s  rxmcst/s   %ifutil
06:51:44         ens5      0.00      0.00      0.00      0.00      0.00      0.00      0.00      0.00

06:51:44        IFACE   rxpck/s   txpck/s    rxkB/s    txkB/s   rxcmp/s   txcmp/s  rxmcst/s   %ifutil
06:51:45         ens5      0.00      0.00      0.00      0.00      0.00      0.00      0.00      0.00

06:51:45        IFACE   rxpck/s   txpck/s    rxkB/s    txkB/s   rxcmp/s   txcmp/s  rxmcst/s   %ifutil
06:51:46         ens5      1.00      1.00      0.03      0.04      0.00      0.00      0.00      0.00

06:51:46        IFACE   rxpck/s   txpck/s    rxkB/s    txkB/s   rxcmp/s   txcmp/s  rxmcst/s   %ifutil
06:51:47         ens5      0.00      0.00      0.00      0.00      0.00      0.00      0.00      0.00

06:51:47        IFACE   rxpck/s   txpck/s    rxkB/s    txkB/s   rxcmp/s   txcmp/s  rxmcst/s   %ifutil
06:51:48         ens5      1.00      1.00      0.05      0.06      0.00      0.00      0.00      0.00

06:51:48        IFACE   rxpck/s   txpck/s    rxkB/s    txkB/s   rxcmp/s   txcmp/s  rxmcst/s   %ifutil
06:51:49         ens5      0.00      0.00      0.00      0.00      0.00      0.00      0.00      0.00

06:51:49        IFACE   rxpck/s   txpck/s    rxkB/s    txkB/s   rxcmp/s   txcmp/s  rxmcst/s   %ifutil
06:51:50         ens5      0.00      0.00      0.00      0.00      0.00      0.00      0.00      0.00


Average:        IFACE   rxpck/s   txpck/s    rxkB/s    txkB/s   rxcmp/s   txcmp/s  rxmcst/s   %ifutil
Average:         ens5     18.36     19.76      1.29      8.93      0.00      0.00      0.00      0.00
