Linux 7.0.0-1008-aws (ip-172-31-31-224) 	08/07/26 	_x86_64_	(2 CPU)

04:59:32    kbmemfree   kbavail kbmemused  %memused kbbuffers  kbcached  kbcommit   %commit  kbactive   kbinact   kbdirty
04:59:33       745676   1260208    391216     20.05      5996    653296   1463516     75.02    241612    726608        16
04:59:34       665540   1180072    471352     24.16      5996    653296   1542676     79.08    320920    726608        16
04:59:35       601028   1115560    535864     27.47      5996    653296   1601444     82.09    382568    726608        16
04:59:36       464444    978976    672448     34.47      5996    653296   1730912     88.73    511396    726608        16
04:59:37       375740    890272    761152     39.02      5996    653296   1822440     93.42    600844    726608        16
04:59:38       311480    826012    825412     42.31      5996    653296   1889748     96.87    668252    726608        16
04:59:39       263096    777628    873796     44.79      5996    653296   1939804     99.44    718228    726608        16
04:59:40       142136    656668    994756     50.99      5996    653296   2056300    105.41    834792    726608        16
04:59:41       142136    656668    994756     50.99      5996    653296   2056300    105.41    834792    726608        16
04:59:42       142136    656668    994756     50.99      5996    653296   2056300    105.41    834792    726608        16
04:59:43       142136    656668    994756     50.99      5996    653296   2056300    105.41    834792    726608        16
04:59:44       142136    656668    994756     50.99      5996    653296   2056300    105.41    834792    726608        16
04:59:45       142136    656668    994756     50.99      5996    653296   2056300    105.41    834916    726608        16
04:59:46       142136    656668    994756     50.99      5996    653296   2056300    105.41    834916    726608        16
04:59:47       142136    656668    994756     50.99      5996    653296   2056300    105.41    834916    726608        16
04:59:48       142136    656668    994732     50.99      6020    653296   2056300    105.41    834920    726608        96
04:59:49       142136    656668    994732     50.99      6020    653296   2056300    105.41    834920    726608        96
04:59:50       142136    656668    994732     50.99      6020    653296   2056300    105.41    834920    726608        96
04:59:51       142136    656668    994732     50.99      6020    653296   2056300    105.41    834920    726608        96
04:59:52       142136    656668    994732     50.99      6020    653296   2056300    105.41    834920    726608        96
04:59:53       142136    656668    994728     50.99      6020    653300   2056300    105.41    834920    726608       100
04:59:54       142136    656668    994728     50.99      6020    653300   2056300    105.41    834920    726608       100
04:59:55       142136    656668    994728     50.99      6020    653300   2056300    105.41    834920    726608       100
04:59:56       142136    656668    994728     50.99      6020    653300   2056300    105.41    834920    726608       100
04:59:57       142136    656668    994728     50.99      6020    653300   2056300    105.41    834920    726608       100
04:59:58       142136    656668    994728     50.99      6020    653300   2056300    105.41    834920    726608       100
04:59:59       142136    656668    994728     50.99      6020    653300   2056300    105.41    834920    726608       100
05:00:00       142136    656668    994728     50.99      6020    653300   2056300    105.41    834920    726608       100
05:00:01       142136    656668    994728     50.99      6020    653300   2056300    105.41    834920    726608       100
05:00:02       142136    656668    994728     50.99      6020    653300   2056300    105.41    834920    726608       100
05:00:03       142136    656672    994728     50.99      6020    653300   2056300    105.41    834932    726612        96
05:00:04       142136    656696    994728     50.99      6020    653300   2056300    105.41    834952    726636        92
05:00:05       142136    656696    994728     50.99      6020    653300   2056300    105.41    834952    726636        92
05:00:06       142136    656700    994724     50.99      6020    653304   2056300    105.41    834996    726612       104
05:00:07       142136    656700    994724     50.99      6020    653304   2056300    105.41    834996    726612       104
05:00:08       142136    656700    994724     50.99      6020    653304   2056300    105.41    834996    726612       104
05:00:09       142136    656700    994724     50.99      6020    653304   2056300    105.41    834996    726612       104
05:00:10       142136    656700    994724     50.99      6020    653304   2056300    105.41    834996    726612       104
05:00:11       142136    656700    994724     50.99      6020    653304   2056300    105.41    834996    726612       104
05:00:12       142136    656700    994724     50.99      6020    653304   2056300    105.41    834996    726612       104
05:00:13       142136    656700    994720     50.99      6020    653308   2056300    105.41    834996    726612       108
05:00:14       142136    656700    994720     50.99      6020    653308   2056300    105.41    834996    726612       108
05:00:15       142136    656700    994720     50.99      6020    653308   2056300    105.41    834996    726612       108
05:00:16       142136    656700    994720     50.99      6020    653308   2056300    105.41    834996    726612       108
05:00:17       142136    656700    994720     50.99      6020    653308   2056300    105.41    834996    726612       108
05:00:18       142136    656728    994696     50.99      6044    653308   2056300    105.41    835000    726640        28
05:00:19       142136    656728    994696     50.99      6044    653308   2056300    105.41    835000    726640        28
05:00:20       142136    656728    994696     50.99      6044    653308   2056300    105.41    835000    726640        28
05:00:21       142136    656728    994696     50.99      6044    653308   2056300    105.41    835000    726640        28
05:00:22       142136    656728    994696     50.99      6044    653308   2056300    105.41    835000    726640        28
05:00:23       142136    656728    994692     50.99      6044    653312   2056300    105.41    835000    726640        32
05:00:24       142136    656728    994692     50.99      6044    653312   2056300    105.41    835000    726640        32
05:00:25       142136    656728    994692     50.99      6044    653312   2056300    105.41    835000    726640        32
05:00:26       142136    656728    994692     50.99      6044    653312   2056300    105.41    835000    726640        32
05:00:27       142136    656728    994692     50.99      6044    653312   2056300    105.41    835000    726640        32
05:00:28       142136    656728    994692     50.99      6044    653312   2056300    105.41    835000    726640        32
05:00:29       142136    656728    994692     50.99      6044    653312   2056300    105.41    835000    726640        32
05:00:30       142136    656728    994692     50.99      6044    653312   2056300    105.41    835000    726640        32
05:00:31       142136    656728    994692     50.99      6044    653312   2056300    105.41    835000    726640        32
05:00:32       142136    656728    994692     50.99      6044    653312   2056300    105.41    835000    726640        32
05:00:33       142136    656728    994688     50.99      6044    653316   2056300    105.41    835000    726640        36
05:00:34       142136    656728    994688     50.99      6044    653316   2056300    105.41    835072    726640         8
05:00:35       142136    656728    994688     50.99      6044    653316   2056300    105.41    835072    726640        20
05:00:36       142136    656736    994688     50.99      6044    653316   2056300    105.41    835084    726648        16
05:00:37       142136    656736    994688     50.99      6044    653316   2056300    105.41    835084    726648        12
05:00:38       142136    656736    994688     50.99      6044    653316   2056300    105.41    835084    726648        12
05:00:39       142136    656736    994684     50.99      6044    653320   2056300    105.41    835084    726648        16
05:00:40       142136    656736    994684     50.99      6044    653320   2056300    105.41    835084    726648        16
05:00:41       142136    656736    994684     50.99      6044    653320   2056300    105.41    835084    726648        16
05:00:42       142136    656736    994684     50.99      6044    653320   2056300    105.41    835084    726648        16
05:00:43       142136    656736    994684     50.99      6044    653320   2056300    105.41    835084    726648        16
05:00:44       142136    656736    994684     50.99      6044    653320   2056300    105.41    835084    726648        16
05:00:45       142136    656736    994684     50.99      6044    653320   2056240    105.41    835084    726648        16
05:00:46       142136    656736    994684     50.99      6044    653320   2056240    105.41    835084    726592        16
05:00:47       142136    656736    994684     50.99      6068    653296   2056132    105.40    835084    726508        16
05:00:48       142136    656776    994632     50.99      6092    653324   2056132    105.40    835088    726528        76
05:00:49       142136    656776    994632     50.99      6092    653324   2056132    105.40    835088    726528        76
05:00:50       142136    656776    994632     50.99      6092    653324   2056132    105.40    835088    726528        76
05:00:51       142136    656776    994632     50.99      6092    653324   2056132    105.40    835088    726528        76
05:00:52       142136    656776    994632     50.99      6092    653324   2056132    105.40    835088    726528        76
05:00:53       142136    656776    994628     50.99      6092    653328   2056132    105.40    835088    726528        80
05:00:54       142136    656776    994628     50.99      6092    653328   2056132    105.40    835088    726528        80
05:00:55       142136    656776    994628     50.99      6092    653328   2056132    105.40    835088    726528        80
05:00:56       142136    656776    994628     50.99      6092    653328   2056132    105.40    835088    726528        80
05:00:57       142136    656776    994628     50.99      6092    653328   2056132    105.40    835088    726528        80
05:00:58       142136    656776    994628     50.99      6092    653328   2056132    105.40    835088    726528        80
05:00:59       142136    656776    994628     50.99      6092    653328   2056132    105.40    835088    726528        80
05:01:00       142136    656776    994628     50.99      6092    653328   2056132    105.40    835088    726528        80
05:01:01       142136    656776    994628     50.99      6092    653328   2056132    105.40    835088    726528        80
05:01:02       142136    656776    994628     50.99      6092    653328   2056132    105.40    835088    726528        80
05:01:03       142136    656776    994628     50.99      6092    653328   2056132    105.40    835088    726528        80
05:01:04       142136    656776    994628     50.99      6092    653328   2056132    105.40    835088    726528        80
05:01:05       142136    656776    994628     50.99      6092    653328   2056132    105.40    835088    726528        80
05:01:06       142136    656780    994628     50.99      6092    653328   2056132    105.40    835088    726532        72
05:01:07       142136    656780    994628     50.99      6092    653328   2056132    105.40    835088    726532        72
05:01:08       142136    656780    994628     50.99      6092    653328   2056132    105.40    835088    726532        72
05:01:09       142136    656780    994628     50.99      6092    653328   2056132    105.40    835088    726532        72
05:01:10       142136    656780    994628     50.99      6092    653328   2056132    105.40    835088    726532        72
05:01:11       142136    656780    994628     50.99      6092    653328   2056132    105.40    835088    726532        72
05:01:12       142136    656780    994628     50.99      6092    653328   2056132    105.40    835088    726532        72
05:01:13       142136    656780    994620     50.99      6092    653336   2056132    105.40    835088    726532        80
05:01:14       142136    656780    994616     50.99      6092    653340   2056132    105.40    835088    726532        84
05:01:15       142136    656780    994616     50.99      6092    653340   2056132    105.40    835088    726532        84
05:01:16       142136    656780    994616     50.99      6092    653340   2056132    105.40    835088    726532        84
05:01:17       142136    656780    994616     50.99      6092    653340   2056196    105.40    835088    726532        84
05:01:18       142136    656832    994592     50.98      6116    653340   2056196    105.40    835096    726584        24
05:01:19       142136    656832    994592     50.98      6116    653340   2056196    105.40    835096    726584        24
05:01:20       142136    656832    994592     50.98      6116    653340   2056196    105.40    835096    726584        24
05:01:21       142136    656832    994592     50.98      6116    653340   2056196    105.40    835096    726584        24
05:01:22       142136    656832    994592     50.98      6116    653340   2056196    105.40    835096    726584        24
05:01:23       142136    656832    994592     50.98      6116    653340   2056196    105.40    835096    726584        24
05:01:24       142136    656832    994592     50.98      6116    653340   2056196    105.40    835096    726584        24
05:01:25       142136    656832    994592     50.98      6116    653340   2056196    105.40    835096    726584        24
05:01:26       142136    656832    994592     50.98      6116    653340   2056196    105.40    835096    726584        24
05:01:27       142136    656832    994592     50.98      6116    653340   2056196    105.40    835096    726584        24
05:01:28       142136    656832    994592     50.98      6116    653340   2056196    105.40    835096    726584        24
05:01:29       142136    656832    994592     50.98      6116    653340   2056196    105.40    835096    726584        24
05:01:30       142136    656832    994592     50.98      6116    653340   2056196    105.40    835096    726584        24
05:01:31       142136    656832    994592     50.98      6116    653340   2056196    105.40    835096    726584        24
05:01:32       142136    656832    994592     50.98      6116    653340   2056196    105.40    835096    726584        24
05:01:33       142136    656832    994588     50.98      6116    653344   2056196    105.40    835096    726584        28
05:01:34       142136    656832    994588     50.98      6116    653344   2056196    105.40    835096    726584        28
05:01:35       142136    656832    994588     50.98      6116    653344   2056196    105.40    835096    726584        28
05:01:36       142136    656832    994588     50.98      6116    653344   2056196    105.40    835096    726584        28
05:01:37       142136    656836    994588     50.98      6116    653344   2056196    105.40    835096    726588         4
05:01:38       142136    656836    994588     50.98      6116    653344   2056196    105.40    835096    726588        12
05:01:39       142136    656836    994588     50.98      6116    653344   2056196    105.40    835096    726588        12
05:01:40       142136    656836    994588     50.98      6116    653344   2056196    105.40    831700    726588        12
05:01:41       176660    691360    960064     49.21      6116    653344   2056196    105.40    769928    726588        12
05:01:42       176704    691404    960020     49.21      6116    653344   2056196    105.40    769812    726588        12
05:01:43       176704    691404    960020     49.21      6116    653344   2056196    105.40    769812    726588        12
05:01:44       176704    691404    960020     49.21      6116    653344   2056196    105.40    769812    726588        12
05:01:45       176704    691404    960020     49.21      6116    653344   2056196    105.40    769812    726588        12
05:01:46       176704    691404    960016     49.21      6116    653348   2056196    105.40    769812    726588        16
05:01:47       176704    691404    960016     49.21      6116    653348   2056196    105.40    769812    726588        16
05:01:48       176704    691420    959984     49.21      6148    653348   2056196    105.40    769832    726604        68
05:01:49       176704    691420    959984     49.21      6148    653348   2056196    105.40    769832    726604        68
05:01:50       176704    691420    959984     49.21      6148    653348   2056196    105.40    769832    726604        68
05:01:51       176704    691420    959984     49.21      6148    653348   2056196    105.40    769832    726604        68
05:01:52       176704    691420    959984     49.21      6148    653348   2056196    105.40    769832    726604        68
05:01:53       176704    691420    959980     49.21      6148    653352   2056196    105.40    769832    726604        72
05:01:54       176704    691420    959980     49.21      6148    653352   2056196    105.40    769832    726604        72

Average:       162671    677287    974128     49.94      6065    653320   2039309    104.54    811664    726593        52
