Linux 7.0.0-1008-aws (ip-172-31-20-134) 	08/07/26 	_x86_64_	(2 CPU)

15:08:26        IFACE   rxpck/s   txpck/s    rxkB/s    txkB/s   rxcmp/s   txcmp/s  rxmcst/s   %ifutil
15:08:27         ens5     54.00     56.00      4.56      5.82      0.00      0.00      0.00      0.00

15:08:27        IFACE   rxpck/s   txpck/s    rxkB/s    txkB/s   rxcmp/s   txcmp/s  rxmcst/s   %ifutil
15:08:28         ens5     50.00     50.00      4.30      4.98      0.00      0.00      0.00      0.00

15:08:28        IFACE   rxpck/s   txpck/s    rxkB/s    txkB/s   rxcmp/s   txcmp/s  rxmcst/s   %ifutil
15:08:29         ens5     15.00     14.00      1.22      1.36      0.00      0.00      0.00      0.00

15:08:29        IFACE   rxpck/s   txpck/s    rxkB/s    txkB/s   rxcmp/s   txcmp/s  rxmcst/s   %ifutil
15:08:30         ens5      0.00      0.00      0.00      0.00      0.00      0.00      0.00      0.00

15:08:30        IFACE   rxpck/s   txpck/s    rxkB/s    txkB/s   rxcmp/s   txcmp/s  rxmcst/s   %ifutil
15:08:31         ens5      0.00      0.00      0.00      0.00      0.00      0.00      0.00      0.00

15:08:31        IFACE   rxpck/s   txpck/s    rxkB/s    txkB/s   rxcmp/s   txcmp/s  rxmcst/s   %ifutil
15:08:32         ens5      0.00      0.00      0.00      0.00      0.00      0.00      0.00      0.00

15:08:32        IFACE   rxpck/s   txpck/s    rxkB/s    txkB/s   rxcmp/s   txcmp/s  rxmcst/s   %ifutil
15:08:33         ens5      0.00      0.00      0.00      0.00      0.00      0.00      0.00      0.00

15:08:33        IFACE   rxpck/s   txpck/s    rxkB/s    txkB/s   rxcmp/s   txcmp/s  rxmcst/s   %ifutil
15:08:34         ens5      0.00      0.00      0.00      0.00      0.00      0.00      0.00      0.00

15:08:34        IFACE   rxpck/s   txpck/s    rxkB/s    txkB/s   rxcmp/s   txcmp/s  rxmcst/s   %ifutil
15:08:35         ens5      0.00      0.00      0.00      0.00      0.00      0.00      0.00      0.00

15:08:35        IFACE   rxpck/s   txpck/s    rxkB/s    txkB/s   rxcmp/s   txcmp/s  rxmcst/s   %ifutil
15:08:36         ens5     95.00    106.00     50.05     17.33      0.00      0.00      0.00      0.00

15:08:36        IFACE   rxpck/s   txpck/s    rxkB/s    txkB/s   rxcmp/s   txcmp/s  rxmcst/s   %ifutil
15:08:37         ens5    111.00    126.00     49.39     23.65      0.00      0.00      0.00      0.00

15:08:37        IFACE   rxpck/s   txpck/s    rxkB/s    txkB/s   rxcmp/s   txcmp/s  rxmcst/s   %ifutil
15:08:38         ens5    109.00    126.00     47.47     24.58      0.00      0.00      0.00      0.00

15:08:38        IFACE   rxpck/s   txpck/s    rxkB/s    txkB/s   rxcmp/s   txcmp/s  rxmcst/s   %ifutil
15:08:39         ens5    110.00    125.00     48.49     24.44      0.00      0.00      0.00      0.00

15:08:39        IFACE   rxpck/s   txpck/s    rxkB/s    txkB/s   rxcmp/s   txcmp/s  rxmcst/s   %ifutil
15:08:40         ens5    110.00    126.00     49.32     24.54      0.00      0.00      0.00      0.00

15:08:40        IFACE   rxpck/s   txpck/s    rxkB/s    txkB/s   rxcmp/s   txcmp/s  rxmcst/s   %ifutil
15:08:41         ens5    108.00    123.00     47.41     23.40      0.00      0.00      0.00      0.00

15:08:41        IFACE   rxpck/s   txpck/s    rxkB/s    txkB/s   rxcmp/s   txcmp/s  rxmcst/s   %ifutil
15:08:42         ens5    110.00    126.00     48.47     24.54      0.00      0.00      0.00      0.00

15:08:42        IFACE   rxpck/s   txpck/s    rxkB/s    txkB/s   rxcmp/s   txcmp/s  rxmcst/s   %ifutil
15:08:43         ens5    112.00    127.00     49.55     23.82      0.00      0.00      0.00      0.00

15:08:43        IFACE   rxpck/s   txpck/s    rxkB/s    txkB/s   rxcmp/s   txcmp/s  rxmcst/s   %ifutil
15:08:44         ens5    108.00    124.00     47.48     24.45      0.00      0.00      0.00      0.00

15:08:44        IFACE   rxpck/s   txpck/s    rxkB/s    txkB/s   rxcmp/s   txcmp/s  rxmcst/s   %ifutil
15:08:45         ens5    110.00    126.00     48.53     24.60      0.00      0.00      0.00      0.00

15:08:45        IFACE   rxpck/s   txpck/s    rxkB/s    txkB/s   rxcmp/s   txcmp/s  rxmcst/s   %ifutil
15:08:46         ens5    107.00    122.00     47.44     23.41      0.00      0.00      0.00      0.00

15:08:46        IFACE   rxpck/s   txpck/s    rxkB/s    txkB/s   rxcmp/s   txcmp/s  rxmcst/s   %ifutil
15:08:47         ens5    111.00    127.00     48.56     24.64      0.00      0.00      0.00      0.00

15:08:47        IFACE   rxpck/s   txpck/s    rxkB/s    txkB/s   rxcmp/s   txcmp/s  rxmcst/s   %ifutil
15:08:48         ens5    111.00    126.00     49.49     23.74      0.00      0.00      0.00      0.00

15:08:48        IFACE   rxpck/s   txpck/s    rxkB/s    txkB/s   rxcmp/s   txcmp/s  rxmcst/s   %ifutil
15:08:49         ens5    108.00    124.00     47.49     24.46      0.00      0.00      0.00      0.00

15:08:49        IFACE   rxpck/s   txpck/s    rxkB/s    txkB/s   rxcmp/s   txcmp/s  rxmcst/s   %ifutil
15:08:50         ens5    109.00    124.00     48.48     23.56      0.00      0.00      0.00      0.00

15:08:50        IFACE   rxpck/s   txpck/s    rxkB/s    txkB/s   rxcmp/s   txcmp/s  rxmcst/s   %ifutil
15:08:51         ens5    107.00    123.00     46.58     24.38      0.00      0.00      0.00      0.00

15:08:51        IFACE   rxpck/s   txpck/s    rxkB/s    txkB/s   rxcmp/s   txcmp/s  rxmcst/s   %ifutil
15:08:52         ens5    111.00    128.00     49.45     24.90      0.00      0.00      0.00      0.00

15:08:52        IFACE   rxpck/s   txpck/s    rxkB/s    txkB/s   rxcmp/s   txcmp/s  rxmcst/s   %ifutil
15:08:53         ens5    109.00    124.00     47.71     23.61      0.00      0.00      0.00      0.00

15:08:53        IFACE   rxpck/s   txpck/s    rxkB/s    txkB/s   rxcmp/s   txcmp/s  rxmcst/s   %ifutil
15:08:54         ens5    110.00    125.00     48.55     24.51      0.00      0.00      0.00      0.00

15:08:54        IFACE   rxpck/s   txpck/s    rxkB/s    txkB/s   rxcmp/s   txcmp/s  rxmcst/s   %ifutil
15:08:55         ens5    110.00    126.00     49.39     24.61      0.00      0.00      0.00      0.00

15:08:55        IFACE   rxpck/s   txpck/s    rxkB/s    txkB/s   rxcmp/s   txcmp/s  rxmcst/s   %ifutil
15:08:56         ens5    108.00    123.00     47.49     23.48      0.00      0.00      0.00      0.00

15:08:56        IFACE   rxpck/s   txpck/s    rxkB/s    txkB/s   rxcmp/s   txcmp/s  rxmcst/s   %ifutil
15:08:57         ens5    110.00    126.00     48.53     24.60      0.00      0.00      0.00      0.00

15:08:57        IFACE   rxpck/s   txpck/s    rxkB/s    txkB/s   rxcmp/s   txcmp/s  rxmcst/s   %ifutil
15:08:58         ens5    111.00    127.00     49.48     24.72      0.00      0.00      0.00      0.00

15:08:58        IFACE   rxpck/s   txpck/s    rxkB/s    txkB/s   rxcmp/s   txcmp/s  rxmcst/s   %ifutil
15:08:59         ens5    109.00    124.00     47.56     23.56      0.00      0.00      0.00      0.00

15:08:59        IFACE   rxpck/s   txpck/s    rxkB/s    txkB/s   rxcmp/s   txcmp/s  rxmcst/s   %ifutil
15:09:00         ens5    104.00    119.00     45.52     23.16      0.00      0.00      0.00      0.00

15:09:00        IFACE   rxpck/s   txpck/s    rxkB/s    txkB/s   rxcmp/s   txcmp/s  rxmcst/s   %ifutil
15:09:01         ens5    103.00    118.00     46.30     23.07      0.00      0.00      0.00      0.00

15:09:01        IFACE   rxpck/s   txpck/s    rxkB/s    txkB/s   rxcmp/s   txcmp/s  rxmcst/s   %ifutil
15:09:02         ens5    113.00    129.00     50.49     25.65      0.00      0.00      0.00      0.00

15:09:02        IFACE   rxpck/s   txpck/s    rxkB/s    txkB/s   rxcmp/s   txcmp/s  rxmcst/s   %ifutil
15:09:03         ens5    110.00    124.00     48.53     23.54      0.00      0.00      0.00      0.00

15:09:03        IFACE   rxpck/s   txpck/s    rxkB/s    txkB/s   rxcmp/s   txcmp/s  rxmcst/s   %ifutil
15:09:04         ens5    111.00    127.00     48.63     24.71      0.00      0.00      0.00      0.00

15:09:04        IFACE   rxpck/s   txpck/s    rxkB/s    txkB/s   rxcmp/s   txcmp/s  rxmcst/s   %ifutil
15:09:05         ens5    111.00    127.00     49.43     24.67      0.00      0.00      0.00      0.00

15:09:05        IFACE   rxpck/s   txpck/s    rxkB/s    txkB/s   rxcmp/s   txcmp/s  rxmcst/s   %ifutil
15:09:06         ens5    108.00    124.00     47.50     23.61      0.00      0.00      0.00      0.00

15:09:06        IFACE   rxpck/s   txpck/s    rxkB/s    txkB/s   rxcmp/s   txcmp/s  rxmcst/s   %ifutil
15:09:07         ens5    111.00    126.00     49.48     24.59      0.00      0.00      0.00      0.00

15:09:07        IFACE   rxpck/s   txpck/s    rxkB/s    txkB/s   rxcmp/s   txcmp/s  rxmcst/s   %ifutil
15:09:08         ens5    110.00    126.00     48.53     24.60      0.00      0.00      0.00      0.00

15:09:08        IFACE   rxpck/s   txpck/s    rxkB/s    txkB/s   rxcmp/s   txcmp/s  rxmcst/s   %ifutil
15:09:09         ens5    111.00    127.00     49.48     24.72      0.00      0.00      0.00      0.00

15:09:09        IFACE   rxpck/s   txpck/s    rxkB/s    txkB/s   rxcmp/s   txcmp/s  rxmcst/s   %ifutil
15:09:10         ens5    108.00    123.00     47.49     23.48      0.00      0.00      0.00      0.00

15:09:10        IFACE   rxpck/s   txpck/s    rxkB/s    txkB/s   rxcmp/s   txcmp/s  rxmcst/s   %ifutil
15:09:11         ens5    110.00    126.00     48.53     24.60      0.00      0.00      0.00      0.00

15:09:11        IFACE   rxpck/s   txpck/s    rxkB/s    txkB/s   rxcmp/s   txcmp/s  rxmcst/s   %ifutil
15:09:12         ens5    111.00    126.00     49.48     23.74      0.00      0.00      0.00      0.00

15:09:12        IFACE   rxpck/s   txpck/s    rxkB/s    txkB/s   rxcmp/s   txcmp/s  rxmcst/s   %ifutil
15:09:13         ens5    108.00    124.00     47.49     24.45      0.00      0.00      0.00      0.00

15:09:13        IFACE   rxpck/s   txpck/s    rxkB/s    txkB/s   rxcmp/s   txcmp/s  rxmcst/s   %ifutil
15:09:14         ens5    111.00    127.00     48.58     24.67      0.00      0.00      0.00      0.00

15:09:14        IFACE   rxpck/s   txpck/s    rxkB/s    txkB/s   rxcmp/s   txcmp/s  rxmcst/s   %ifutil
15:09:15         ens5    107.00    122.00     46.58     23.40      0.00      0.00      0.00      0.00

15:09:15        IFACE   rxpck/s   txpck/s    rxkB/s    txkB/s   rxcmp/s   txcmp/s  rxmcst/s   %ifutil
15:09:16         ens5    112.00    128.00     49.51     24.76      0.00      0.00      0.00      0.00

15:09:16        IFACE   rxpck/s   txpck/s    rxkB/s    txkB/s   rxcmp/s   txcmp/s  rxmcst/s   %ifutil
15:09:17         ens5    108.00    124.00     47.50     23.61      0.00      0.00      0.00      0.00

15:09:17        IFACE   rxpck/s   txpck/s    rxkB/s    txkB/s   rxcmp/s   txcmp/s  rxmcst/s   %ifutil
15:09:18         ens5    111.00    126.00     49.47     24.58      0.00      0.00      0.00      0.00

15:09:18        IFACE   rxpck/s   txpck/s    rxkB/s    txkB/s   rxcmp/s   txcmp/s  rxmcst/s   %ifutil
15:09:19         ens5    111.00    127.00     48.62     24.71      0.00      0.00      0.00      0.00

15:09:19        IFACE   rxpck/s   txpck/s    rxkB/s    txkB/s   rxcmp/s   txcmp/s  rxmcst/s   %ifutil
15:09:20         ens5    112.00    128.00     49.53     24.78      0.00      0.00      0.00      0.00

15:09:20        IFACE   rxpck/s   txpck/s    rxkB/s    txkB/s   rxcmp/s   txcmp/s  rxmcst/s   %ifutil
15:09:21         ens5    110.00    126.00     49.39     24.61      0.00      0.00      0.00      0.00

15:09:21        IFACE   rxpck/s   txpck/s    rxkB/s    txkB/s   rxcmp/s   txcmp/s  rxmcst/s   %ifutil
15:09:22         ens5    107.00    122.00     46.58     23.41      0.00      0.00      0.00      0.00

15:09:22        IFACE   rxpck/s   txpck/s    rxkB/s    txkB/s   rxcmp/s   txcmp/s  rxmcst/s   %ifutil
15:09:23         ens5    110.00    126.00     49.39     24.61      0.00      0.00      0.00      0.00

15:09:23        IFACE   rxpck/s   txpck/s    rxkB/s    txkB/s   rxcmp/s   txcmp/s  rxmcst/s   %ifutil
15:09:24         ens5    108.00    123.00     47.49     23.48      0.00      0.00      0.00      0.00

15:09:24        IFACE   rxpck/s   txpck/s    rxkB/s    txkB/s   rxcmp/s   txcmp/s  rxmcst/s   %ifutil
15:09:25         ens5    110.00    126.00     48.53     24.60      0.00      0.00      0.00      0.00

15:09:25        IFACE   rxpck/s   txpck/s    rxkB/s    txkB/s   rxcmp/s   txcmp/s  rxmcst/s   %ifutil
15:09:26         ens5    111.00    127.00     49.49     24.72      0.00      0.00      0.00      0.00

15:09:26        IFACE   rxpck/s   txpck/s    rxkB/s    txkB/s   rxcmp/s   txcmp/s  rxmcst/s   %ifutil
15:09:27         ens5    109.00    125.00     47.55     23.67      0.00      0.00      0.00      0.00

15:09:27        IFACE   rxpck/s   txpck/s    rxkB/s    txkB/s   rxcmp/s   txcmp/s  rxmcst/s   %ifutil
15:09:28         ens5    111.00    126.00     49.47     24.58      0.00      0.00      0.00      0.00

15:09:28        IFACE   rxpck/s   txpck/s    rxkB/s    txkB/s   rxcmp/s   txcmp/s  rxmcst/s   %ifutil
15:09:29         ens5    109.00    125.00     48.48     24.54      0.00      0.00      0.00      0.00

15:09:29        IFACE   rxpck/s   txpck/s    rxkB/s    txkB/s   rxcmp/s   txcmp/s  rxmcst/s   %ifutil
15:09:30         ens5    109.00    124.00     47.55     23.55      0.00      0.00      0.00      0.00

15:09:30        IFACE   rxpck/s   txpck/s    rxkB/s    txkB/s   rxcmp/s   txcmp/s  rxmcst/s   %ifutil
15:09:31         ens5    112.00    129.00     48.63     24.83      0.00      0.00      0.00      0.00

15:09:31        IFACE   rxpck/s   txpck/s    rxkB/s    txkB/s   rxcmp/s   txcmp/s  rxmcst/s   %ifutil
15:09:32         ens5    112.00    129.00     49.55     24.87      0.00      0.00      0.00      0.00

15:09:32        IFACE   rxpck/s   txpck/s    rxkB/s    txkB/s   rxcmp/s   txcmp/s  rxmcst/s   %ifutil
15:09:33         ens5    110.00    127.00     47.60     23.84      0.00      0.00      0.00      0.00

15:09:33        IFACE   rxpck/s   txpck/s    rxkB/s    txkB/s   rxcmp/s   txcmp/s  rxmcst/s   %ifutil
15:09:34         ens5    110.00    125.00     48.56     24.51      0.00      0.00      0.00      0.00

15:09:34        IFACE   rxpck/s   txpck/s    rxkB/s    txkB/s   rxcmp/s   txcmp/s  rxmcst/s   %ifutil
15:09:35         ens5    112.00    128.00     49.53     24.78      0.00      0.00      0.00      0.00

15:09:35        IFACE   rxpck/s   txpck/s    rxkB/s    txkB/s   rxcmp/s   txcmp/s  rxmcst/s   %ifutil
15:09:36         ens5    110.00    127.00     49.39     24.72      0.00      0.00      0.00      0.00

15:09:36        IFACE   rxpck/s   txpck/s    rxkB/s    txkB/s   rxcmp/s   txcmp/s  rxmcst/s   %ifutil
15:09:37         ens5    109.00    125.00     47.56     23.68      0.00      0.00      0.00      0.00

15:09:37        IFACE   rxpck/s   txpck/s    rxkB/s    txkB/s   rxcmp/s   txcmp/s  rxmcst/s   %ifutil
15:09:38         ens5    110.00    125.00     48.57     24.52      0.00      0.00      0.00      0.00

15:09:38        IFACE   rxpck/s   txpck/s    rxkB/s    txkB/s   rxcmp/s   txcmp/s  rxmcst/s   %ifutil
15:09:39         ens5    111.00    127.00     49.44     24.67      0.00      0.00      0.00      0.00

15:09:39        IFACE   rxpck/s   txpck/s    rxkB/s    txkB/s   rxcmp/s   txcmp/s  rxmcst/s   %ifutil
15:09:40         ens5     49.00     56.00     21.67     10.84      0.00      0.00      0.00      0.00

15:09:40        IFACE   rxpck/s   txpck/s    rxkB/s    txkB/s   rxcmp/s   txcmp/s  rxmcst/s   %ifutil
15:09:41         ens5      0.00      1.00      0.00      0.11      0.00      0.00      0.00      0.00

15:09:41        IFACE   rxpck/s   txpck/s    rxkB/s    txkB/s   rxcmp/s   txcmp/s  rxmcst/s   %ifutil
15:09:42         ens5      0.00      0.00      0.00      0.00      0.00      0.00      0.00      0.00

15:09:42        IFACE   rxpck/s   txpck/s    rxkB/s    txkB/s   rxcmp/s   txcmp/s  rxmcst/s   %ifutil
15:09:43         ens5      0.00      0.00      0.00      0.00      0.00      0.00      0.00      0.00


Average:        IFACE   rxpck/s   txpck/s    rxkB/s    txkB/s   rxcmp/s   txcmp/s  rxmcst/s   %ifutil
Average:         ens5     93.14    106.23     40.69     20.36      0.00      0.00      0.00      0.00
