Linux 7.0.0-1010-aws (ip-172-31-20-134) 	08/11/26 	_x86_64_	(2 CPU)

16:53:42        CPU     %user     %nice   %system   %iowait    %steal     %idle
16:53:43        all      1.49      0.00      1.99      0.00      0.50     96.02
16:53:44        all      5.50      0.00      1.50      0.00      0.00     93.00
16:53:45        all      0.00      0.00      0.00      0.00      0.00    100.00
16:53:46        all      0.50      0.00      0.00      0.00      0.00     99.50
16:53:47        all      0.00      0.00      0.00      0.00      0.00    100.00
16:53:48        all      0.50      0.00      0.00      0.00      0.00     99.50
16:53:49        all      1.00      0.00      1.00      0.00      0.00     98.01
16:53:50        all      0.00      0.00      0.00      0.00      0.00    100.00
16:53:51        all      1.00      0.00      0.00      0.00      0.00     99.00
16:53:52        all      1.01      0.00      0.00      0.00      0.00     98.99
16:53:53        all     14.80      0.00      1.02      0.00      0.51     83.67
16:53:54        all     84.92      0.00      6.03      0.00      0.00      9.05
16:53:55        all     90.31      0.00      6.12      0.00      0.00      3.57
16:53:56        all     25.63      0.00      1.51      0.00      0.00     72.86
16:53:57        all      0.50      0.00      0.00      0.00      0.00     99.50
16:53:58        all      0.00      0.00      0.50      0.00      0.00     99.50
16:53:59        all      4.98      0.00      1.99      0.00      0.00     93.03
16:54:00        all      0.00      0.00      0.00      0.00      0.00    100.00
16:54:01        all      0.50      0.00      0.00      0.00      1.00     98.50
16:54:02        all      0.49      0.00      0.00      0.00      2.96     96.55
16:54:03        all      0.50      0.00      0.00      0.00      0.00     99.50
16:54:04        all      0.00      0.00      0.00      0.00      0.00    100.00
16:54:05        all      0.00      0.00      0.00      0.00      0.00    100.00

Average:        all     10.09      0.00      0.94      0.00      0.22     88.76
