Linux 7.0.0-1010-aws (ip-172-31-20-134) 	08/11/26 	_x86_64_	(2 CPU)

16:53:42    kbmemfree   kbavail kbmemused  %memused kbbuffers  kbcached  kbcommit   %commit  kbactive   kbinact   kbdirty
16:53:43       141456   1328252    366736     18.80     34328   1264636   1465644     75.13    997768    570732       180
16:53:44       141456   1328252    366728     18.80     34328   1264644   1465644     75.13    997788    570732       188
16:53:45       141456   1328252    366728     18.80     34328   1264644   1465644     75.13    997788    570732       188
16:53:46       141456   1328252    366728     18.80     34328   1264644   1465644     75.13    997788    570732       188
16:53:47       141456   1328252    366724     18.80     34328   1264648   1465644     75.13    997788    570732       192
16:53:48       141204   1328000    366976     18.81     34328   1264648   1469740     75.34    998628    570732       192
16:53:49       139692   1326500    368488     18.89     34328   1264648   1471236     75.41   1000132    570744       192
16:53:50       139692   1326500    368428     18.89     34328   1264704   1471236     75.41   1000132    570744       248
16:53:51       139692   1326500    368428     18.89     34328   1264704   1471236     75.41   1000132    570744       248
16:53:52       139440   1326308    368672     18.90     34328   1264708   1479600     75.84   1000348    570804       204
16:53:53       134148   1321196    373776     19.16     34328   1264892   1505272     77.16   1004604    570984       388
16:53:54       121836   1310364    384588     19.71     34328   1266344   1795144     92.02   1014948    572440      1840
16:53:55       112512   1302580    392268     20.11     34360   1267920   1800548     92.29   1022136    573960      3532
16:53:56       112008   1302336    392552     20.12     34360   1268096   1800548     92.29   1021688    574208      3712
16:53:57       112008   1302408    392388     20.11     34360   1268256   1800548     92.29   1021744    574276      3872
16:53:58       112008   1302408    392388     20.11     34360   1268256   1800548     92.29   1021744    574276      3872
16:53:59       110244   1300728    394144     20.20     34360   1268264   1800548     92.29   1021652    574360      3880
16:54:00       110244   1300744    394144     20.20     34360   1268264   1800548     92.29   1021704    574376      3880
16:54:01       110244   1300744    394144     20.20     34360   1268264   1800548     92.29   1021704    574376      3880
16:54:02       110244   1300744    394140     20.20     34360   1268268   1800548     92.29   1021584    574372      3884
16:54:03       110244   1300744    394136     20.20     34360   1268272   1800548     92.29   1022004    574372      3888
16:54:04       110244   1300748    394136     20.20     34360   1268272   1800548     92.29   1022076    574376      3888
16:54:05       110244   1300748    394136     20.20     34360   1268272   1800548     92.29   1022076    574376      3888

Average:       125358   1313981    380938     19.53     34343   1266446   1643379     84.24   1010781    572530      2018
