Linux 7.0.0-1010-aws (ip-172-31-20-134) 	08/11/26 	_x86_64_	(2 CPU)

16:53:42        IFACE   rxpck/s   txpck/s    rxkB/s    txkB/s   rxcmp/s   txcmp/s  rxmcst/s   %ifutil
16:53:43         ens5     55.00     46.00      4.61      5.26      0.00      0.00      0.00      0.00

16:53:43        IFACE   rxpck/s   txpck/s    rxkB/s    txkB/s   rxcmp/s   txcmp/s  rxmcst/s   %ifutil
16:53:44         ens5     48.00     39.00      4.02      4.10      0.00      0.00      0.00      0.00

16:53:44        IFACE   rxpck/s   txpck/s    rxkB/s    txkB/s   rxcmp/s   txcmp/s  rxmcst/s   %ifutil
16:53:45         ens5     13.00     11.00      1.15      1.20      0.00      0.00      0.00      0.00

16:53:45        IFACE   rxpck/s   txpck/s    rxkB/s    txkB/s   rxcmp/s   txcmp/s  rxmcst/s   %ifutil
16:53:46         ens5      0.00      0.00      0.00      0.00      0.00      0.00      0.00      0.00

16:53:46        IFACE   rxpck/s   txpck/s    rxkB/s    txkB/s   rxcmp/s   txcmp/s  rxmcst/s   %ifutil
16:53:47         ens5      0.00      0.00      0.00      0.00      0.00      0.00      0.00      0.00

16:53:47        IFACE   rxpck/s   txpck/s    rxkB/s    txkB/s   rxcmp/s   txcmp/s  rxmcst/s   %ifutil
16:53:48         ens5      0.00      0.00      0.00      0.00      0.00      0.00      0.00      0.00

16:53:48        IFACE   rxpck/s   txpck/s    rxkB/s    txkB/s   rxcmp/s   txcmp/s  rxmcst/s   %ifutil
16:53:49         ens5     55.00     47.00     54.69      3.50      0.00      0.00      0.00      0.00

16:53:49        IFACE   rxpck/s   txpck/s    rxkB/s    txkB/s   rxcmp/s   txcmp/s  rxmcst/s   %ifutil
16:53:50         ens5      0.00      0.00      0.00      0.00      0.00      0.00      0.00      0.00

16:53:50        IFACE   rxpck/s   txpck/s    rxkB/s    txkB/s   rxcmp/s   txcmp/s  rxmcst/s   %ifutil
16:53:51         ens5      0.00      0.00      0.00      0.00      0.00      0.00      0.00      0.00

16:53:51        IFACE   rxpck/s   txpck/s    rxkB/s    txkB/s   rxcmp/s   txcmp/s  rxmcst/s   %ifutil
16:53:52         ens5      3.00      3.00      0.29      0.33      0.00      0.00      0.00      0.00

16:53:52        IFACE   rxpck/s   txpck/s    rxkB/s    txkB/s   rxcmp/s   txcmp/s  rxmcst/s   %ifutil
16:53:53         ens5    241.00    186.00    218.88     15.84      0.00      0.00      0.00      0.00

16:53:53        IFACE   rxpck/s   txpck/s    rxkB/s    txkB/s   rxcmp/s   txcmp/s  rxmcst/s   %ifutil
16:53:54         ens5   1539.00   1145.00   1412.93     93.67      0.00      0.00      0.00      0.00

16:53:54        IFACE   rxpck/s   txpck/s    rxkB/s    txkB/s   rxcmp/s   txcmp/s  rxmcst/s   %ifutil
16:53:55         ens5   1339.60   1081.19   1261.42     90.51      0.00      0.00      0.00      0.00

16:53:55        IFACE   rxpck/s   txpck/s    rxkB/s    txkB/s   rxcmp/s   txcmp/s  rxmcst/s   %ifutil
16:53:56         ens5    140.00    189.00    148.94     20.61      0.00      0.00      0.00      0.00

16:53:56        IFACE   rxpck/s   txpck/s    rxkB/s    txkB/s   rxcmp/s   txcmp/s  rxmcst/s   %ifutil
16:53:57         ens5      1.00      1.00      0.07      0.09      0.00      0.00      0.00      0.00

16:53:57        IFACE   rxpck/s   txpck/s    rxkB/s    txkB/s   rxcmp/s   txcmp/s  rxmcst/s   %ifutil
16:53:58         ens5      0.00      0.00      0.00      0.00      0.00      0.00      0.00      0.00

16:53:58        IFACE   rxpck/s   txpck/s    rxkB/s    txkB/s   rxcmp/s   txcmp/s  rxmcst/s   %ifutil
16:53:59         ens5      0.00      0.00      0.00      0.00      0.00      0.00      0.00      0.00

16:53:59        IFACE   rxpck/s   txpck/s    rxkB/s    txkB/s   rxcmp/s   txcmp/s  rxmcst/s   %ifutil
16:54:00         ens5      0.00      0.00      0.00      0.00      0.00      0.00      0.00      0.00

16:54:00        IFACE   rxpck/s   txpck/s    rxkB/s    txkB/s   rxcmp/s   txcmp/s  rxmcst/s   %ifutil
16:54:01         ens5      0.00      0.00      0.00      0.00      0.00      0.00      0.00      0.00

16:54:01        IFACE   rxpck/s   txpck/s    rxkB/s    txkB/s   rxcmp/s   txcmp/s  rxmcst/s   %ifutil
16:54:02         ens5      0.00      0.00      0.00      0.00      0.00      0.00      0.00      0.00

16:54:02        IFACE   rxpck/s   txpck/s    rxkB/s    txkB/s   rxcmp/s   txcmp/s  rxmcst/s   %ifutil
16:54:03         ens5      0.00      0.00      0.00      0.00      0.00      0.00      0.00      0.00

16:54:03        IFACE   rxpck/s   txpck/s    rxkB/s    txkB/s   rxcmp/s   txcmp/s  rxmcst/s   %ifutil
16:54:04         ens5      0.00      0.00      0.00      0.00      0.00      0.00      0.00      0.00

16:54:04        IFACE   rxpck/s   txpck/s    rxkB/s    txkB/s   rxcmp/s   txcmp/s  rxmcst/s   %ifutil
16:54:05         ens5      0.00      0.00      0.00      0.00      0.00      0.00      0.00      0.00


Average:        IFACE   rxpck/s   txpck/s    rxkB/s    txkB/s   rxcmp/s   txcmp/s  rxmcst/s   %ifutil
Average:         ens5    149.85    119.90    135.58     10.26      0.00      0.00      0.00      0.00
