Linux 7.0.0-1010-aws (ip-172-31-20-134) 	08/11/26 	_x86_64_	(2 CPU)

19:11:08        CPU     %user     %nice   %system   %iowait    %steal     %idle
19:11:09        all      1.52      0.00      1.02      0.00      0.00     97.46
19:11:10        all      1.00      0.00      0.00      0.00      0.00     99.00
19:11:11        all      0.00      0.00      0.50      0.00      0.00     99.50
19:11:12        all      0.50      0.00      0.00      0.00      0.00     99.50
19:11:13        all      0.00      0.00      0.00      0.00      0.00    100.00
19:11:14        all     12.44      0.00      3.98      0.00      0.00     83.58
19:11:15        all      0.00      0.00      0.00      0.00      0.00    100.00
19:11:16        all      0.00      0.00      0.00      0.00      0.00    100.00
19:11:17        all      0.50      0.00      0.00      0.50      0.00     98.99
19:11:18        all      0.00      0.00      0.00      0.00      0.00    100.00
19:11:19        all      0.50      0.00      0.50      0.00      0.50     98.51
19:11:20        all      0.00      0.00      0.50      0.00      0.00     99.50
19:11:21        all      0.00      0.00      0.00      0.00      0.00    100.00
19:11:22        all      0.50      0.00      0.50      0.00      0.00     98.99
19:11:23        all      0.50      0.00      0.00      0.00      0.00     99.50
19:11:24        all      0.00      0.00      0.50      0.00      0.00     99.50
19:11:25        all      1.52      0.00      0.00      0.51      0.00     97.98
19:11:26        all      6.60      0.00      3.05      0.00      0.00     90.36
19:11:27        all      5.64      0.00      2.05      0.00      0.00     92.31
19:11:28        all      1.00      0.00      0.00      0.00      0.00     99.00
19:11:29        all      4.50      0.00      2.00      0.00      0.00     93.50
19:11:30        all      0.00      0.00      0.00      0.00      0.50     99.50
19:11:31        all      0.50      0.00      0.00      0.00      0.00     99.50
19:11:32        all      0.50      0.00      0.50      0.00      0.00     98.99
19:11:33        all      0.00      0.00      0.50      0.00      0.00     99.50
19:11:34        all      0.51      0.00      0.00      0.00      0.00     99.49

Average:        all      1.47      0.00      0.60      0.04      0.04     97.85
