Linux 7.0.0-1010-aws (ip-172-31-20-134) 	08/11/26 	_x86_64_	(2 CPU)

19:11:08    kbmemfree   kbavail kbmemused  %memused kbbuffers  kbcached  kbcommit   %commit  kbactive   kbinact   kbdirty
19:11:09       124464   1324288    367288     18.83     34992   1274608   1478796     75.80    755800    828932      1940
19:11:10       124464   1324288    367288     18.83     34992   1274608   1478796     75.80    755800    828932      1940
19:11:11       124464   1324288    367288     18.83     34992   1274608   1478796     75.80    755800    828932      1940
19:11:12       124464   1324288    367284     18.83     34992   1274612   1478796     75.80    755800    828932      1944
19:11:13       124464   1324288    367284     18.83     34992   1274612   1478796     75.80    755800    828932      1944
19:11:14       115452   1315292    376284     19.29     34992   1274624   1478796     75.80    756036    828948      1952
19:11:15       115404   1315256    376320     19.29     34992   1274636   1478796     75.80    755960    828960      2028
19:11:16       115404   1315256    376320     19.29     34992   1274636   1478796     75.80    755960    828960      2028
19:11:17       115404   1315260    376316     19.29     34992   1274640   1478796     75.80    755972    828964      1488
19:11:18       115404   1315260    376316     19.29     34992   1274640   1478796     75.80    755972    828964      1472
19:11:19       115404   1315260    376316     19.29     34992   1274640   1478796     75.80    756628    828964       236
19:11:20       115404   1315260    376316     19.29     34992   1274640   1478796     75.80    756628    828964       236
19:11:21       115404   1315260    376316     19.29     34992   1274640   1478796     75.80    756836    828964       236
19:11:22       115404   1315272    376296     19.29     34992   1274660   1478796     75.80    756864    828976       256
19:11:23       115404   1315272    376296     19.29     34992   1274660   1478796     75.80    756864    828976       256
19:11:24       115404   1315272    376296     19.29     34992   1274660   1478796     75.80    756864    828976       256
19:11:25       115152   1315064    376508     19.30     35016   1274668   1478796     75.80    758008    829016       428
19:11:26       113892   1314384    377188     19.33     35016   1275244   1483148     76.02    760120    829592      1000
19:11:27       113640   1314644    376864     19.32     35016   1275796   1483148     76.02    760448    830092      1552
19:11:28       113640   1314644    376808     19.31     35016   1275852   1483148     76.02    760448    830092      1608
19:11:29       113640   1314768    376784     19.31     35016   1275876   1483148     76.02    760008    830216      1632
19:11:30       113640   1314768    376784     19.31     35016   1275876   1483148     76.02    760048    830216      1580
19:11:31       113640   1314768    376784     19.31     35016   1275876   1483148     76.02    760048    830216      1580
19:11:32       113640   1314768    376780     19.31     35016   1275880   1483148     76.02    760048    830216      1588
19:11:33       113640   1314768    376780     19.31     35016   1275880   1483148     76.02    760048    830216      1588
19:11:34       113640   1314772    376780     19.31     35016   1275880   1483148     76.02    760540    830220      1588

Average:       116538   1316796    374765     19.21     35001   1275037   1480302     75.88    757667    829360      1319
