Linux 7.0.0-1010-aws (ip-172-31-20-134) 	08/11/26 	_x86_64_	(2 CPU)

19:02:29        CPU     %user     %nice   %system   %iowait    %steal     %idle
19:02:30        all      1.51      0.00      1.01      1.01      0.00     96.48
19:02:31        all      0.50      0.00      0.50      0.00      0.00     98.99
19:02:32        all      0.00      0.00      0.00      0.00      0.00    100.00
19:02:33        all      0.51      0.00      0.51      0.00      0.00     98.99
19:02:34        all      0.50      0.00      0.00      0.00      0.00     99.50
19:02:35        all      0.00      0.00      0.50      0.00      0.00     99.50
19:02:36        all      0.00      0.00      0.00      0.00      0.00    100.00
19:02:37        all      1.00      0.00      0.50      0.00      0.00     98.50
19:02:38        all      0.50      0.00      0.00      0.00      0.00     99.50
19:02:39        all      0.00      0.00      0.50      0.00      0.00     99.50
19:02:40        all      1.49      0.00      0.50      0.00      0.00     98.01
19:02:41        all     40.82      0.00      5.10      0.00      0.00     54.08
19:02:42        all     84.26      0.00     10.66      0.00      0.00      5.08
19:02:43        all     79.19      0.00      9.14      0.00      0.00     11.68
19:02:44        all      6.60      0.00      1.02      0.00      0.00     92.39
19:02:45        all      0.00      0.00      0.00      0.00      0.00    100.00
19:02:46        all      1.00      0.00      0.00      0.00      0.00     99.00
19:02:47        all      0.00      0.00      1.00      0.00      0.00     99.00


Average:        all     11.99      0.00      1.70      0.06      0.00     86.25
