Linux 7.0.0-1010-aws (ip-172-31-20-134) 	08/11/26 	_x86_64_	(2 CPU)

19:02:29    kbmemfree   kbavail kbmemused  %memused kbbuffers  kbcached  kbcommit   %commit  kbactive   kbinact   kbdirty
19:02:30       112856   1293932    397836     20.39     34580   1256436   1478712     75.80    789796    810876       240
19:02:31       112856   1293932    397832     20.39     34580   1256440   1478712     75.80    789832    810876       208
19:02:32       106392   1287468    404296     20.72     34580   1256440   1478712     75.80    789748    810876       208
19:02:33       106312   1287388    404376     20.73     34580   1256440   1482808     76.01    790676    810876       208
19:02:34       106312   1287392    404376     20.73     34580   1256440   1482808     76.01    790712    810880       208
19:02:35       106312   1287392    404376     20.73     34580   1256440   1482808     76.01    790712    810880       208
19:02:36       106312   1287392    404376     20.73     34580   1256440   1482808     76.01    790712    810880       208
19:02:37       106312   1287396    404372     20.73     34580   1256444   1484352     76.09    792296    810884       212
19:02:38       106312   1287396    404324     20.72     34580   1256492   1484352     76.09    792320    810884       260
19:02:39       106312   1287396    404324     20.72     34580   1256492   1484352     76.09    792320    810884       260
19:02:40       106312   1287396    404324     20.72     34580   1256492   1492772     76.52    792656    810884       260
19:02:41       102808   1284200    407488     20.89     34580   1256832   1659916     85.08    801076    811188       596
19:02:42        86552   1268780    422836     21.67     34580   1257580   2037204    104.42    815908    812020      1344
19:02:43        84028   1266744    424788     21.77     34580   1258064   2088020    107.03    812504    812492      1828
19:02:44        84028   1266756    424776     21.77     34580   1258076   2088020    107.03    811452    812504      1840
19:02:45        84028   1266756    424776     21.77     34580   1258076   2088020    107.03    811452    812504      1840
19:02:46        84028   1266756    424776     21.77     34580   1258076   2088020    107.03    811452    812504      1840
19:02:47        84028   1266772    424688     21.77     34580   1258100   2088020    107.03    811420    812520      2008

Average:        99561   1281180    410497     21.04     34580   1256989   1691690     86.71    798725    811412       765
