Linux 7.0.0-1010-aws (ip-172-31-20-134) 	08/11/26 	_x86_64_	(2 CPU)

19:02:29        IFACE   rxpck/s   txpck/s    rxkB/s    txkB/s   rxcmp/s   txcmp/s  rxmcst/s   %ifutil
19:02:30         ens5     51.00     52.00      4.31      5.51      0.00      0.00      0.00      0.00

19:02:30        IFACE   rxpck/s   txpck/s    rxkB/s    txkB/s   rxcmp/s   txcmp/s  rxmcst/s   %ifutil
19:02:31         ens5     49.00     49.00      4.21      4.88      0.00      0.00      0.00      0.00

19:02:31        IFACE   rxpck/s   txpck/s    rxkB/s    txkB/s   rxcmp/s   txcmp/s  rxmcst/s   %ifutil
19:02:32         ens5     10.00      9.00      0.82      0.90      0.00      0.00      0.00      0.00

19:02:32        IFACE   rxpck/s   txpck/s    rxkB/s    txkB/s   rxcmp/s   txcmp/s  rxmcst/s   %ifutil
19:02:33         ens5      1.00      1.00      0.07      0.09      0.00      0.00      0.00      0.00

19:02:33        IFACE   rxpck/s   txpck/s    rxkB/s    txkB/s   rxcmp/s   txcmp/s  rxmcst/s   %ifutil
19:02:34         ens5      0.00      0.00      0.00      0.00      0.00      0.00      0.00      0.00

19:02:34        IFACE   rxpck/s   txpck/s    rxkB/s    txkB/s   rxcmp/s   txcmp/s  rxmcst/s   %ifutil
19:02:35         ens5      0.00      0.00      0.00      0.00      0.00      0.00      0.00      0.00

19:02:35        IFACE   rxpck/s   txpck/s    rxkB/s    txkB/s   rxcmp/s   txcmp/s  rxmcst/s   %ifutil
19:02:36         ens5      0.00      0.00      0.00      0.00      0.00      0.00      0.00      0.00

19:02:36        IFACE   rxpck/s   txpck/s    rxkB/s    txkB/s   rxcmp/s   txcmp/s  rxmcst/s   %ifutil
19:02:37         ens5     59.00     67.00     32.11     13.82      0.00      0.00      0.00      0.00

19:02:37        IFACE   rxpck/s   txpck/s    rxkB/s    txkB/s   rxcmp/s   txcmp/s  rxmcst/s   %ifutil
19:02:38         ens5      0.00      0.00      0.00      0.00      0.00      0.00      0.00      0.00

19:02:38        IFACE   rxpck/s   txpck/s    rxkB/s    txkB/s   rxcmp/s   txcmp/s  rxmcst/s   %ifutil
19:02:39         ens5      0.00      0.00      0.00      0.00      0.00      0.00      0.00      0.00

19:02:39        IFACE   rxpck/s   txpck/s    rxkB/s    txkB/s   rxcmp/s   txcmp/s  rxmcst/s   %ifutil
19:02:40         ens5     11.00     14.00      4.00      2.86      0.00      0.00      0.00      0.00

19:02:40        IFACE   rxpck/s   txpck/s    rxkB/s    txkB/s   rxcmp/s   txcmp/s  rxmcst/s   %ifutil
19:02:41         ens5    459.00    568.00    165.64    120.57      0.00      0.00      0.00      0.00

19:02:41        IFACE   rxpck/s   txpck/s    rxkB/s    txkB/s   rxcmp/s   txcmp/s  rxmcst/s   %ifutil
19:02:42         ens5   1073.00   1241.00    401.24    257.31      0.00      0.00      0.00      0.00

19:02:42        IFACE   rxpck/s   txpck/s    rxkB/s    txkB/s   rxcmp/s   txcmp/s  rxmcst/s   %ifutil
19:02:43         ens5    493.00    794.00    180.70    142.88      0.00      0.00      0.00      0.00

19:02:43        IFACE   rxpck/s   txpck/s    rxkB/s    txkB/s   rxcmp/s   txcmp/s  rxmcst/s   %ifutil
19:02:44         ens5     11.00     14.00      4.00      2.86      0.00      0.00      0.00      0.00

19:02:44        IFACE   rxpck/s   txpck/s    rxkB/s    txkB/s   rxcmp/s   txcmp/s  rxmcst/s   %ifutil
19:02:45         ens5      0.00      0.00      0.00      0.00      0.00      0.00      0.00      0.00

19:02:45        IFACE   rxpck/s   txpck/s    rxkB/s    txkB/s   rxcmp/s   txcmp/s  rxmcst/s   %ifutil
19:02:46         ens5      0.00      0.00      0.00      0.00      0.00      0.00      0.00      0.00

19:02:46        IFACE   rxpck/s   txpck/s    rxkB/s    txkB/s   rxcmp/s   txcmp/s  rxmcst/s   %ifutil
19:02:47         ens5      5.00      4.00      0.25      0.31      0.00      0.00      0.00      0.00


Average:        IFACE   rxpck/s   txpck/s    rxkB/s    txkB/s   rxcmp/s   txcmp/s  rxmcst/s   %ifutil
Average:         ens5    123.44    156.28     44.30     30.67      0.00      0.00      0.00      0.00
