Linux 7.0.0-1008-aws (ip-172-31-20-134) 	08/07/26 	_x86_64_	(2 CPU)

11:00:19    kbmemfree   kbavail kbmemused  %memused kbbuffers  kbcached  kbcommit   %commit  kbactive   kbinact   kbdirty
11:00:20       271996   1277700    390872     20.04     17488   1083344   1561336     80.04    887156    519320       724
11:00:21       271996   1277700    390872     20.04     17488   1083344   1561336     80.04    887156    519320       724
11:00:22       271996   1277700    390868     20.04     17488   1083348   1561336     80.04    887280    519320       728
11:00:23       271996   1277700    390868     20.04     17488   1083348   1561336     80.04    887280    519320       728
11:00:24       271996   1277700    390868     20.04     17488   1083348   1561336     80.04    887280    519320       728
11:00:25       271996   1277700    390868     20.04     17488   1083348   1561336     80.04    887280    519320       728
11:00:26       271996   1277700    390868     20.04     17488   1083348   1561336     80.04    887280    519320       728
11:00:27       266716   1272684    395824     20.29     17488   1083656   1571776     80.57    892736    519568      1036
11:00:28       264952   1271080    397324     20.37     17488   1083920   1571928     80.58    894108    519728      1300
11:00:29       263692   1270260    398304     20.42     17488   1084188   1584712     81.23    894736    520156      1568
11:00:30       263188   1269972    398512     20.43     17488   1084484   1584856     81.24    895144    520372      1864
11:00:31       262936   1270068    398484     20.43     17488   1084752   1584916     81.25    895384    520708      2132
11:00:32       262684   1270020    398448     20.43     17488   1085040   1584920     81.25    895388    520912      2420
11:00:33       261928   1269668    398848     20.45     17524   1085344   1585048     81.25    895564    521260      2780
11:00:34       260668   1268764    399796     20.49     17524   1085648   1585048     81.25    896628    521608      2724
11:00:35       259912   1268200    400284     20.52     17524   1085916   1585132     81.26    896132    521800      2716
11:00:36       259912   1268476    400016     20.51     17524   1086172   1585148     81.26    896224    522064      2972
11:00:37       259912   1268756    399716     20.49     17524   1086468   1585180     81.26    896240    522340      3268
11:00:38       259660   1268788    399664     20.49     17524   1086756   1585188     81.26    896300    522608      3556
11:00:39       259156   1268588    399900     20.50     17524   1087024   1585228     81.26    896908    522912      3824
11:00:40       258652   1268328    400168     20.51     17524   1087256   1585228     81.26    896548    523152      4008
11:00:41       258652   1268568    399836     20.50     17524   1087588   1585228     81.26    896556    523392      4340
11:00:42       258400   1268704    399812     20.49     17524   1087852   1585228     81.26    896632    523768      4608
11:00:43       258148   1268708    399740     20.49     17524   1088164   1585188     81.26    896760    524012      4920
11:00:44       257140   1268060    400480     20.53     17524   1088424   1585188     81.26    896772    524364      5180
11:00:45       256636   1267724    400692     20.54     17524   1088716   1585192     81.26    896772    524532      5472
11:00:46       256384   1267784    400680     20.54     17524   1088968   1585320     81.27    896884    524832      5724
11:00:47       256132   1267852    400620     20.54     17524   1089272   1585304     81.26    897028    525144      6028
11:00:48       255880   1267964    400588     20.53     17540   1089532   1585300     81.26    897204    525500      6228
11:00:49       255376   1267672    400880     20.55     17540   1089744   1585280     81.26    897848    525712      6436
11:00:50       254368   1266964    401572     20.59     17540   1090052   1585280     81.26    897972    526004      6744
11:00:51       254116   1267068    401496     20.58     17540   1090368   1585280     81.26    897800    526348       360
11:00:52       253864   1267020    401540     20.58     17540   1090576   1585280     81.26    898012    526552       572
11:00:53       253864   1267288    401172     20.56     17540   1090932   1585280     81.26    898084    526808       928
11:00:54       253612   1267284    401132     20.56     17540   1091224   1585280     81.26    898128    527056      1220
11:00:55       253360   1267464    401076     20.56     17540   1091512   1585280     81.26    898188    527468      1504
11:00:56       253108   1267380    401064     20.56     17540   1091776   1585280     81.26    898188    527636      1768
11:00:57       252604   1267308    401256     20.57     17540   1092076   1585280     81.26    898344    528056      2068
11:00:58       252352   1267224    401328     20.57     17540   1092256   1585280     81.26    898344    528224      2248
11:00:59       251596   1266844    401716     20.59     17540   1092612   1585280     81.26    898400    528588      2604
11:01:00       251344   1266764    401672     20.59     17540   1092904   1585312     81.27    898400    528756      2896
11:01:01       251092   1266816    401640     20.59     17540   1093172   1585312     81.27    898440    529044      3164
11:01:02       250336   1266272    402216     20.62     17540   1093352   1585312     81.27    899140    529256      3344
11:01:03       250084   1266384    402136     20.61     17564   1093648   1585312     81.27    899268    529608      3652
11:01:04       246652   1265452    403012     20.66     17704   1096012   1585312     81.27    900268    531948      3940
11:01:05       246652   1265792    402712     20.64     17704   1096296   1585312     81.27    899572    532268      4224
11:01:06       246652   1266112    402452     20.63     17704   1096556   1585344     81.27    899836    532588      4484
11:01:07       245644   1265388    403176     20.67     17704   1096828   1585344     81.27    900164    532860      4756
11:01:08       245392   1265392    403132     20.67     17704   1097120   1585344     81.27    900332    533112      5048
11:01:09       245392   1265688    402856     20.65     17704   1097384   1585344     81.27    900452    533396      5312
11:01:10       245140   1265604    402820     20.65     17704   1097672   1585344     81.27    900452    533564      5600
11:01:11       245140   1265940    402540     20.63     17704   1097940   1585344     81.27    900204    533888      5868
11:01:12       244384   1265512    402980     20.66     17704   1098248   1585344     81.27    900500    534208      6176
11:01:13       243880   1265272    403212     20.67     17704   1098520   1585344     81.27    900728    534472      6388
11:01:14       243376   1265048    403436     20.68     17704   1098796   1585344     81.27    900572    534748      6664
11:01:15       243376   1265432    403140     20.67     17704   1099080   1585344     81.27    900740    535120      6952
11:01:16       242872   1265108    403356     20.68     17704   1099360   1585348     81.27    900772    535292      7232
11:01:17       242368   1264964    403584     20.69     17704   1099624   1585348     81.27    901084    535640      7496
11:01:18       241864   1264668    403788     20.70     17704   1099924   1585364     81.27    901084    535848      7796
11:01:19       241108   1264228    404272     20.72     17704   1100184   1585364     81.27    901828    536152      7944
11:01:20       240352   1263740    404712     20.75     17704   1100492   1585620     81.28    902048    536412      8252
11:01:21       240352   1264068    404460     20.73     17704   1100740   1585648     81.28    901772    536736      8500
11:01:22       240100   1263892    404680     20.74     17704   1100772   1585648     81.28    902156    536812        40
11:01:23       240100   1263892    404616     20.74     17704   1100836   1585648     81.28    902156    536812       108
11:01:24       240100   1263892    404616     20.74     17704   1100836   1585648     81.28    902156    536812       108

Average:       254266   1268212    400296     20.52     17579   1091354   1582287     81.11    897181    527289      3633
