Linux 7.0.0-1008-aws (ip-172-31-20-134) 	08/07/26 	_x86_64_	(2 CPU)

11:00:19        IFACE   rxpck/s   txpck/s    rxkB/s    txkB/s   rxcmp/s   txcmp/s  rxmcst/s   %ifutil
11:00:20         ens5     53.00     46.00      4.38      5.03      0.00      0.00      0.00      0.00

11:00:20        IFACE   rxpck/s   txpck/s    rxkB/s    txkB/s   rxcmp/s   txcmp/s  rxmcst/s   %ifutil
11:00:21         ens5     27.00     17.00      2.29      2.01      0.00      0.00      0.00      0.00

11:00:21        IFACE   rxpck/s   txpck/s    rxkB/s    txkB/s   rxcmp/s   txcmp/s  rxmcst/s   %ifutil
11:00:22         ens5      0.00      0.00      0.00      0.00      0.00      0.00      0.00      0.00

11:00:22        IFACE   rxpck/s   txpck/s    rxkB/s    txkB/s   rxcmp/s   txcmp/s  rxmcst/s   %ifutil
11:00:23         ens5      0.00      0.00      0.00      0.00      0.00      0.00      0.00      0.00

11:00:23        IFACE   rxpck/s   txpck/s    rxkB/s    txkB/s   rxcmp/s   txcmp/s  rxmcst/s   %ifutil
11:00:24         ens5      0.00      0.00      0.00      0.00      0.00      0.00      0.00      0.00

11:00:24        IFACE   rxpck/s   txpck/s    rxkB/s    txkB/s   rxcmp/s   txcmp/s  rxmcst/s   %ifutil
11:00:25         ens5      0.00      0.00      0.00      0.00      0.00      0.00      0.00      0.00

11:00:25        IFACE   rxpck/s   txpck/s    rxkB/s    txkB/s   rxcmp/s   txcmp/s  rxmcst/s   %ifutil
11:00:26         ens5      1.00      1.00      0.07      0.09      0.00      0.00      0.00      0.00

11:00:26        IFACE   rxpck/s   txpck/s    rxkB/s    txkB/s   rxcmp/s   txcmp/s  rxmcst/s   %ifutil
11:00:27         ens5    189.11    173.27    151.69    135.39      0.00      0.00      0.00      0.00

11:00:27        IFACE   rxpck/s   txpck/s    rxkB/s    txkB/s   rxcmp/s   txcmp/s  rxmcst/s   %ifutil
11:00:28         ens5    164.00    145.00    131.04    121.36      0.00      0.00      0.00      0.00

11:00:28        IFACE   rxpck/s   txpck/s    rxkB/s    txkB/s   rxcmp/s   txcmp/s  rxmcst/s   %ifutil
11:00:29         ens5    167.00    152.00    135.13    126.12      0.00      0.00      0.00      0.00

11:00:29        IFACE   rxpck/s   txpck/s    rxkB/s    txkB/s   rxcmp/s   txcmp/s  rxmcst/s   %ifutil
11:00:30         ens5    167.00    147.00    134.01    123.30      0.00      0.00      0.00      0.00

11:00:30        IFACE   rxpck/s   txpck/s    rxkB/s    txkB/s   rxcmp/s   txcmp/s  rxmcst/s   %ifutil
11:00:31         ens5    164.00    144.00    130.78    120.99      0.00      0.00      0.00      0.00

11:00:31        IFACE   rxpck/s   txpck/s    rxkB/s    txkB/s   rxcmp/s   txcmp/s  rxmcst/s   %ifutil
11:00:32         ens5    163.00    145.00    131.86    122.29      0.00      0.00      0.00      0.00

11:00:32        IFACE   rxpck/s   txpck/s    rxkB/s    txkB/s   rxcmp/s   txcmp/s  rxmcst/s   %ifutil
11:00:33         ens5    163.00    146.00    130.70    121.11      0.00      0.00      0.00      0.00

11:00:33        IFACE   rxpck/s   txpck/s    rxkB/s    txkB/s   rxcmp/s   txcmp/s  rxmcst/s   %ifutil
11:00:34         ens5    169.00    150.00    137.04    125.80      0.00      0.00      0.00      0.00

11:00:34        IFACE   rxpck/s   txpck/s    rxkB/s    txkB/s   rxcmp/s   txcmp/s  rxmcst/s   %ifutil
11:00:35         ens5    164.00    146.00    131.11    122.39      0.00      0.00      0.00      0.00

11:00:35        IFACE   rxpck/s   txpck/s    rxkB/s    txkB/s   rxcmp/s   txcmp/s  rxmcst/s   %ifutil
11:00:36         ens5    163.00    146.00    131.88    122.40      0.00      0.00      0.00      0.00

11:00:36        IFACE   rxpck/s   txpck/s    rxkB/s    txkB/s   rxcmp/s   txcmp/s  rxmcst/s   %ifutil
11:00:37         ens5    164.00    148.00    133.30    124.15      0.00      0.00      0.00      0.00

11:00:37        IFACE   rxpck/s   txpck/s    rxkB/s    txkB/s   rxcmp/s   txcmp/s  rxmcst/s   %ifutil
11:00:38         ens5    167.00    147.00    134.09    123.37      0.00      0.00      0.00      0.00

11:00:38        IFACE   rxpck/s   txpck/s    rxkB/s    txkB/s   rxcmp/s   txcmp/s  rxmcst/s   %ifutil
11:00:39         ens5    164.00    146.00    132.18    122.71      0.00      0.00      0.00      0.00

11:00:39        IFACE   rxpck/s   txpck/s    rxkB/s    txkB/s   rxcmp/s   txcmp/s  rxmcst/s   %ifutil
11:00:40         ens5    169.00    152.00    136.66    126.54      0.00      0.00      0.00      0.00

11:00:40        IFACE   rxpck/s   txpck/s    rxkB/s    txkB/s   rxcmp/s   txcmp/s  rxmcst/s   %ifutil
11:00:41         ens5    165.00    145.00    132.29    121.43      0.00      0.00      0.00      0.00

11:00:41        IFACE   rxpck/s   txpck/s    rxkB/s    txkB/s   rxcmp/s   txcmp/s  rxmcst/s   %ifutil
11:00:42         ens5    169.00    151.00    136.73    126.78      0.00      0.00      0.00      0.00

11:00:42        IFACE   rxpck/s   txpck/s    rxkB/s    txkB/s   rxcmp/s   txcmp/s  rxmcst/s   %ifutil
11:00:43         ens5    163.00    149.00    131.86    123.47      0.00      0.00      0.00      0.00

11:00:43        IFACE   rxpck/s   txpck/s    rxkB/s    txkB/s   rxcmp/s   txcmp/s  rxmcst/s   %ifutil
11:00:44         ens5    164.00    148.00    133.30    124.16      0.00      0.00      0.00      0.00

11:00:44        IFACE   rxpck/s   txpck/s    rxkB/s    txkB/s   rxcmp/s   txcmp/s  rxmcst/s   %ifutil
11:00:45         ens5    162.00    142.00    130.68    120.75      0.00      0.00      0.00      0.00

11:00:45        IFACE   rxpck/s   txpck/s    rxkB/s    txkB/s   rxcmp/s   txcmp/s  rxmcst/s   %ifutil
11:00:46         ens5    170.00    149.00    134.83    124.14      0.00      0.00      0.00      0.00

11:00:46        IFACE   rxpck/s   txpck/s    rxkB/s    txkB/s   rxcmp/s   txcmp/s  rxmcst/s   %ifutil
11:00:47         ens5    163.00    146.00    132.17    122.72      0.00      0.00      0.00      0.00

11:00:47        IFACE   rxpck/s   txpck/s    rxkB/s    txkB/s   rxcmp/s   txcmp/s  rxmcst/s   %ifutil
11:00:48         ens5    168.00    151.00    134.61    125.49      0.00      0.00      0.00      0.00

11:00:48        IFACE   rxpck/s   txpck/s    rxkB/s    txkB/s   rxcmp/s   txcmp/s  rxmcst/s   %ifutil
11:00:49         ens5    164.00    146.00    131.38    121.74      0.00      0.00      0.00      0.00

11:00:49        IFACE   rxpck/s   txpck/s    rxkB/s    txkB/s   rxcmp/s   txcmp/s  rxmcst/s   %ifutil
11:00:50         ens5    171.00    149.00    135.17    123.84      0.00      0.00      0.00      0.00

11:00:50        IFACE   rxpck/s   txpck/s    rxkB/s    txkB/s   rxcmp/s   txcmp/s  rxmcst/s   %ifutil
11:00:51         ens5    165.00    146.00    132.60    122.65      0.00      0.00      0.00      0.00

11:00:51        IFACE   rxpck/s   txpck/s    rxkB/s    txkB/s   rxcmp/s   txcmp/s  rxmcst/s   %ifutil
11:00:52         ens5    167.00    149.00    134.36    124.53      0.00      0.00      0.00      0.00

11:00:52        IFACE   rxpck/s   txpck/s    rxkB/s    txkB/s   rxcmp/s   txcmp/s  rxmcst/s   %ifutil
11:00:53         ens5    165.00    146.00    131.66    121.49      0.00      0.00      0.00      0.00

11:00:53        IFACE   rxpck/s   txpck/s    rxkB/s    txkB/s   rxcmp/s   txcmp/s  rxmcst/s   %ifutil
11:00:54         ens5    169.00    146.00    134.74    123.46      0.00      0.00      0.00      0.00

11:00:54        IFACE   rxpck/s   txpck/s    rxkB/s    txkB/s   rxcmp/s   txcmp/s  rxmcst/s   %ifutil
11:00:55         ens5    165.00    147.00    132.58    122.72      0.00      0.00      0.00      0.00

11:00:55        IFACE   rxpck/s   txpck/s    rxkB/s    txkB/s   rxcmp/s   txcmp/s  rxmcst/s   %ifutil
11:00:56         ens5    167.00    149.00    134.29    124.51      0.00      0.00      0.00      0.00

11:00:56        IFACE   rxpck/s   txpck/s    rxkB/s    txkB/s   rxcmp/s   txcmp/s  rxmcst/s   %ifutil
11:00:57         ens5    170.00    145.00    135.15    122.53      0.00      0.00      0.00      0.00

11:00:57        IFACE   rxpck/s   txpck/s    rxkB/s    txkB/s   rxcmp/s   txcmp/s  rxmcst/s   %ifutil
11:00:58         ens5    169.00    148.00    132.49    122.51      0.00      0.00      0.00      0.00

11:00:58        IFACE   rxpck/s   txpck/s    rxkB/s    txkB/s   rxcmp/s   txcmp/s  rxmcst/s   %ifutil
11:00:59         ens5    173.00    150.00    134.41    123.00      0.00      0.00      0.00      0.00

11:00:59        IFACE   rxpck/s   txpck/s    rxkB/s    txkB/s   rxcmp/s   txcmp/s  rxmcst/s   %ifutil
11:01:00         ens5    166.00    142.00    132.01    119.77      0.00      0.00      0.00      0.00

11:01:00        IFACE   rxpck/s   txpck/s    rxkB/s    txkB/s   rxcmp/s   txcmp/s  rxmcst/s   %ifutil
11:01:01         ens5    156.00    138.00    125.34    116.00      0.00      0.00      0.00      0.00

11:01:01        IFACE   rxpck/s   txpck/s    rxkB/s    txkB/s   rxcmp/s   txcmp/s  rxmcst/s   %ifutil
11:01:02         ens5    127.00    113.00    100.83     93.31      0.00      0.00      0.00      0.00

11:01:02        IFACE   rxpck/s   txpck/s    rxkB/s    txkB/s   rxcmp/s   txcmp/s  rxmcst/s   %ifutil
11:01:03         ens5    153.00    138.00    123.37    114.42      0.00      0.00      0.00      0.00

11:01:03        IFACE   rxpck/s   txpck/s    rxkB/s    txkB/s   rxcmp/s   txcmp/s  rxmcst/s   %ifutil
11:01:04         ens5    164.00    146.00    130.96    121.35      0.00      0.00      0.00      0.00

11:01:04        IFACE   rxpck/s   txpck/s    rxkB/s    txkB/s   rxcmp/s   txcmp/s  rxmcst/s   %ifutil
11:01:05         ens5    163.00    144.00    130.71    121.04      0.00      0.00      0.00      0.00

11:01:05        IFACE   rxpck/s   txpck/s    rxkB/s    txkB/s   rxcmp/s   txcmp/s  rxmcst/s   %ifutil
11:01:06         ens5    165.00    149.00    134.47    125.43      0.00      0.00      0.00      0.00

11:01:06        IFACE   rxpck/s   txpck/s    rxkB/s    txkB/s   rxcmp/s   txcmp/s  rxmcst/s   %ifutil
11:01:07         ens5    168.00    148.00    134.42    123.74      0.00      0.00      0.00      0.00

11:01:07        IFACE   rxpck/s   txpck/s    rxkB/s    txkB/s   rxcmp/s   txcmp/s  rxmcst/s   %ifutil
11:01:08         ens5    164.00    143.00    130.80    120.81      0.00      0.00      0.00      0.00

11:01:08        IFACE   rxpck/s   txpck/s    rxkB/s    txkB/s   rxcmp/s   txcmp/s  rxmcst/s   %ifutil
11:01:09         ens5    164.00    146.00    132.25    122.74      0.00      0.00      0.00      0.00

11:01:09        IFACE   rxpck/s   txpck/s    rxkB/s    txkB/s   rxcmp/s   txcmp/s  rxmcst/s   %ifutil
11:01:10         ens5    170.00    152.00    137.00    126.85      0.00      0.00      0.00      0.00

11:01:10        IFACE   rxpck/s   txpck/s    rxkB/s    txkB/s   rxcmp/s   txcmp/s  rxmcst/s   %ifutil
11:01:11         ens5    163.00    144.00    131.00    121.20      0.00      0.00      0.00      0.00

11:01:11        IFACE   rxpck/s   txpck/s    rxkB/s    txkB/s   rxcmp/s   txcmp/s  rxmcst/s   %ifutil
11:01:12         ens5    163.00    144.00    130.74    121.05      0.00      0.00      0.00      0.00

11:01:12        IFACE   rxpck/s   txpck/s    rxkB/s    txkB/s   rxcmp/s   txcmp/s  rxmcst/s   %ifutil
11:01:13         ens5    163.00    145.00    131.84    122.30      0.00      0.00      0.00      0.00

11:01:13        IFACE   rxpck/s   txpck/s    rxkB/s    txkB/s   rxcmp/s   txcmp/s  rxmcst/s   %ifutil
11:01:14         ens5    165.00    152.00    133.63    124.73      0.00      0.00      0.00      0.00

11:01:14        IFACE   rxpck/s   txpck/s    rxkB/s    txkB/s   rxcmp/s   txcmp/s  rxmcst/s   %ifutil
11:01:15         ens5    169.00    147.00    134.22    123.25      0.00      0.00      0.00      0.00

11:01:15        IFACE   rxpck/s   txpck/s    rxkB/s    txkB/s   rxcmp/s   txcmp/s  rxmcst/s   %ifutil
11:01:16         ens5    163.00    145.00    131.86    122.30      0.00      0.00      0.00      0.00

11:01:16        IFACE   rxpck/s   txpck/s    rxkB/s    txkB/s   rxcmp/s   txcmp/s  rxmcst/s   %ifutil
11:01:17         ens5    169.00    151.00    136.66    126.45      0.00      0.00      0.00      0.00

11:01:17        IFACE   rxpck/s   txpck/s    rxkB/s    txkB/s   rxcmp/s   txcmp/s  rxmcst/s   %ifutil
11:01:18         ens5    163.00    145.00    130.75    121.13      0.00      0.00      0.00      0.00

11:01:18        IFACE   rxpck/s   txpck/s    rxkB/s    txkB/s   rxcmp/s   txcmp/s  rxmcst/s   %ifutil
11:01:19         ens5    162.00    143.00    131.84    122.04      0.00      0.00      0.00      0.00

11:01:19        IFACE   rxpck/s   txpck/s    rxkB/s    txkB/s   rxcmp/s   txcmp/s  rxmcst/s   %ifutil
11:01:20         ens5    164.00    148.00    133.29    124.16      0.00      0.00      0.00      0.00

11:01:20        IFACE   rxpck/s   txpck/s    rxkB/s    txkB/s   rxcmp/s   txcmp/s  rxmcst/s   %ifutil
11:01:21         ens5    163.00    146.00    131.00    121.47      0.00      0.00      0.00      0.00

11:01:21        IFACE   rxpck/s   txpck/s    rxkB/s    txkB/s   rxcmp/s   txcmp/s  rxmcst/s   %ifutil
11:01:22         ens5     42.00     35.00     32.50     29.23      0.00      0.00      0.00      0.00

11:01:22        IFACE   rxpck/s   txpck/s    rxkB/s    txkB/s   rxcmp/s   txcmp/s  rxmcst/s   %ifutil
11:01:23         ens5      0.00      0.00      0.00      0.00      0.00      0.00      0.00      0.00

11:01:23        IFACE   rxpck/s   txpck/s    rxkB/s    txkB/s   rxcmp/s   txcmp/s  rxmcst/s   %ifutil
11:01:24         ens5      1.00      1.00      0.21      0.22      0.00      0.00      0.00      0.00



Average:        IFACE   rxpck/s   txpck/s    rxkB/s    txkB/s   rxcmp/s   txcmp/s  rxmcst/s   %ifutil
Average:         ens5    141.50    125.52    112.70    104.19      0.00      0.00      0.00      0.00
