Linux 7.0.0-1008-aws (ip-172-31-20-134) 	08/07/26 	_x86_64_	(2 CPU)

17:05:20        CPU     %user     %nice   %system   %iowait    %steal     %idle
17:05:21        all      2.48      0.00      1.98      0.00      0.50     95.05
17:05:22        all      0.00      0.00      0.50      0.00      0.00     99.50
17:05:23        all      0.50      0.00      0.00      0.00      0.00     99.50
17:05:24        all      0.50      0.00      0.00      0.00      0.00     99.50
17:05:25        all      0.00      0.00      0.00      0.00      0.00    100.00
17:05:26        all      0.00      0.00      0.00      0.00      0.00    100.00
17:05:27        all      4.52      0.00      1.01      0.00      0.00     94.47
17:05:28        all      4.62      0.00      0.51      0.00      0.00     94.87
17:05:29        all     10.20      0.00      2.04      0.00      0.00     87.76
17:05:30        all      4.57      0.00      1.02      0.00      0.00     94.42
17:05:31        all      5.03      0.00      1.51      0.00      0.50     92.96
17:05:32        all      5.03      0.00      1.51      0.00      0.50     92.96
17:05:33        all      5.58      0.00      0.51      0.51      0.00     93.40
17:05:34        all      5.13      0.00      0.00      0.00      0.00     94.87
17:05:35        all      5.03      0.00      1.51      0.00      0.00     93.47
17:05:36        all      5.53      0.00      1.01      0.00      0.50     92.96
17:05:37        all      4.59      0.00      0.00      0.00      0.00     95.41
17:05:38        all      5.00      0.00      2.00      0.00      0.50     92.50
17:05:39        all      5.05      0.00      1.01      0.00      0.00     93.94
17:05:40        all      4.57      0.00      0.51      0.00      0.00     94.92
17:05:41        all      5.15      0.00      0.00      0.00      0.00     94.85
17:05:42        all      5.53      0.00      1.51      0.00      0.00     92.96
17:05:43        all      4.06      0.00      1.02      0.00      0.00     94.92
17:05:44        all     10.15      0.00      2.54      0.00      0.00     87.31
17:05:45        all      5.56      0.00      1.01      0.00      0.00     93.43
17:05:46        all      4.55      0.00      1.01      0.00      0.00     94.44
17:05:47        all      5.56      0.00      1.01      0.00      0.00     93.43
17:05:48        all      4.55      0.00      0.51      0.00      0.51     94.44
17:05:49        all      5.05      0.00      1.01      0.00      0.51     93.43
17:05:50        all      5.53      0.00      1.51      0.00      0.00     92.96
17:05:51        all      6.06      0.00      0.51      0.51      1.01     91.92
17:05:52        all      5.05      0.00      0.51      0.00      1.01     93.43
17:05:53        all      5.08      0.00      1.02      0.00      0.00     93.91
17:05:54        all      5.05      0.00      0.51      0.00      0.00     94.44
17:05:55        all      5.08      0.00      0.51      0.00      0.00     94.42
17:05:56        all      5.05      0.00      1.52      0.00      0.00     93.43
17:05:57        all      4.57      0.00      0.51      0.00      0.00     94.92
17:05:58        all      5.58      0.00      0.00      0.00      0.00     94.42
17:05:59        all     10.10      0.00      2.53      0.00      0.00     87.37
17:06:00        all      5.05      0.00      0.51      0.00      1.01     93.43
17:06:01        all      5.10      0.00      0.51      0.00      0.00     94.39
17:06:02        all      3.02      0.00      1.01      0.00      0.00     95.98
17:06:03        all      3.55      0.00      0.00      0.51      0.00     95.94
17:06:04        all      5.03      0.00      1.01      0.00      0.00     93.97
17:06:05        all      5.10      0.00      0.51      0.00      0.00     94.39
17:06:06        all      6.06      0.00      1.01      0.00      0.00     92.93
17:06:07        all      5.56      0.00      0.51      0.00      0.00     93.94
17:06:08        all      4.59      0.00      0.51      0.00      0.00     94.90
17:06:09        all      5.08      0.00      1.02      0.00      0.00     93.91
17:06:10        all      5.56      0.00      0.51      0.00      0.00     93.94
17:06:11        all      5.58      0.00      0.51      0.00      0.00     93.91
17:06:12        all      6.03      0.00      0.50      0.00      0.00     93.47
17:06:13        all      4.52      0.00      1.01      0.00      0.50     93.97
17:06:14        all     10.77      0.00      1.54      0.00      0.00     87.69
17:06:15        all      5.00      0.00      1.50      0.00      0.00     93.50
17:06:16        all      5.61      0.00      0.00      0.00      0.00     94.39
17:06:17        all      5.53      0.00      0.50      0.00      0.50     93.47
17:06:18        all      4.57      0.00      1.02      0.00      0.00     94.42
17:06:19        all      5.05      0.00      1.01      0.00      0.00     93.94
17:06:20        all      4.08      0.00      0.51      0.00      0.00     95.41
17:06:21        all      5.64      0.00      0.51      0.00      0.00     93.85
17:06:22        all      4.50      0.00      1.50      0.00      0.00     94.00
17:06:23        all      5.13      0.00      0.00      0.00      0.00     94.87
17:06:24        all      5.03      0.00      1.01      0.00      0.00     93.97
17:06:25        all      4.57      0.00      1.02      0.00      0.00     94.42
17:06:26        all      5.58      0.00      1.02      0.00      0.00     93.40
17:06:27        all      4.59      0.00      0.51      0.00      0.00     94.90
17:06:28        all      5.05      0.00      0.00      0.00      0.00     94.95
17:06:29        all      4.52      0.00      2.01      0.00      0.00     93.47

Average:        all      4.93      0.00      0.84      0.02      0.11     94.10
