Linux 7.0.0-1008-aws (ip-172-31-20-134) 	08/07/26 	_x86_64_	(2 CPU)

17:05:20    kbmemfree   kbavail kbmemused  %memused kbbuffers  kbcached  kbcommit   %commit  kbactive   kbinact   kbdirty
17:05:21        94432   1286324    382412     19.60     13484   1269176   1635768     83.85    732620    826692       392
17:05:22        94432   1286324    382408     19.60     13484   1269180   1635768     83.85    732620    826692       396
17:05:23        94432   1286324    382408     19.60     13484   1269180   1635768     83.85    732620    826692       396
17:05:24        94432   1286324    382412     19.60     13484   1269180   1635768     83.85    732620    826692       396
17:05:25        94432   1286324    382412     19.60     13484   1269180   1635768     83.85    732620    826692       396
17:05:26        94432   1286324    382412     19.60     13484   1269180   1635768     83.85    732620    826692       396
17:05:27        94208   1286112    382628     19.61     13484   1269188   1637928     83.96    736412    826704       404
17:05:28        94208   1286176    382560     19.61     13484   1269256   1638240     83.98    737960    826768       472
17:05:29        94208   1286236    382488     19.61     13484   1269328   1638432     83.99    738540    826828       544
17:05:30        94208   1286312    382424     19.60     13488   1269388   1638568     84.00    738772    826904       556
17:05:31        94208   1286320    382360     19.60     13488   1269452   1638680     84.00    738888    826912       624
17:05:32        94208   1286376    382300     19.60     13488   1269512   1638732     84.00    738956    826968       684
17:05:33        94208   1286524    382212     19.59     13516   1269572   1638772     84.01    739088    827116       752
17:05:34        94208   1286536    382148     19.59     13516   1269636   1642876     84.22    739784    827128       816
17:05:35        94208   1286648    382088     19.59     13516   1269696   1643012     84.22    740204    827240       876
17:05:36        94208   1286712    382028     19.58     13516   1269756   1643308     84.24    741936    827304       936
17:05:37        94208   1286732    381964     19.58     13516   1269820   1643308     84.24    742120    827324      1000
17:05:38        94208   1286732    381904     19.58     13516   1269880   1643308     84.24    741328    827324      1060
17:05:39        94208   1286896    381844     19.57     13516   1269940   1643308     84.24    741580    827488      1120
17:05:40        94208   1286912    381784     19.57     13516   1270000   1643308     84.24    741688    827504      1180
17:05:41        94208   1287012    381720     19.57     13516   1270064   1643432     84.24    741328    827604      1244
17:05:42        94208   1287068    381656     19.56     13516   1270128   1643564     84.25    741396    827660      1308
17:05:43        94208   1287124    381596     19.56     13516   1270188   1643564     84.25    741464    827716      1368
17:05:44        88324   1281316    387412     19.86     13516   1270256   1651976     84.68    741636    827792      1436
17:05:45        88324   1281336    387348     19.86     13516   1270320   1652076     84.69    741788    827812      1500
17:05:46        88324   1281448    387284     19.85     13516   1270384   1652076     84.69    741800    827924      1564
17:05:47        88324   1281504    387228     19.85     13516   1270440   1652156     84.69    741868    827980      1620
17:05:48        88324   1281568    387160     19.85     13516   1270508   1652156     84.69    741928    828044      1688
17:05:49        88324   1281580    387104     19.84     13516   1270564   1652156     84.69    742620    828056      1744
17:05:50        88324   1281688    387040     19.84     13516   1270628   1652156     84.69    742676    828164      1808
17:05:51        88324   1281752    386984     19.84     13516   1270684   1652156     84.69    741500    828228       148
17:05:52        88324   1281812    386916     19.83     13516   1270752   1652156     84.69    741500    828288       116
17:05:53        88324   1281812    386860     19.83     13516   1270808   1652156     84.69    741500    828288       172
17:05:54        88324   1281812    386796     19.83     13516   1270872   1652156     84.69    741500    828288       236
17:05:55        88324   1281928    386740     19.82     13516   1270928   1652156     84.69    741508    828404       292
17:05:56        88324   1282064    386668     19.82     13516   1271000   1652156     84.69    741868    828540       364
17:05:57        88324   1282104    386612     19.82     13516   1271056   1652156     84.69    741952    828580       420
17:05:58        88324   1282104    386548     19.82     13516   1271120   1652156     84.69    741952    828580       484
17:05:59        88324   1282248    386488     19.81     13516   1271180   1652156     84.69    741968    828724       544
17:06:00        88324   1282312    386420     19.81     13516   1271248   1652156     84.69    742284    828788       612
17:06:01        88324   1282368    386364     19.81     13516   1271304   1652156     84.69    742372    828844       624
17:06:02        88324   1282368    386300     19.80     13516   1271368   1652156     84.69    742372    828844       692
17:06:03        88324   1282484    386236     19.80     13544   1271404   1652156     84.69    742468    828960       788
17:06:04        88324   1282500    386188     19.80     13544   1271452   1652156     84.69    742948    828976       836
17:06:05        88324   1282516    386140     19.79     13544   1271500   1652156     84.69    743056    828992       884
17:06:06        88324   1282516    386072     19.79     13544   1271568   1652156     84.69    743056    828992       952
17:06:07        88324   1282516    386016     19.79     13544   1271624   1652156     84.69    741652    828992      1008
17:06:08        88324   1282636    385952     19.78     13544   1271688   1652156     84.69    741656    829112      1072
17:06:09        88324   1282636    385896     19.78     13544   1271744   1652156     84.69    741656    829112      1128
17:06:10        88324   1282752    385828     19.78     13544   1271812   1652156     84.69    741664    829228      1196
17:06:11        88324   1282752    385772     19.78     13544   1271868   1652156     84.69    741664    829228      1252
17:06:12        88324   1283040    385700     19.77     13544   1271940   1652156     84.69    742368    829516      1324
17:06:13        88324   1283040    385644     19.77     13544   1271996   1652156     84.69    742368    829516      1380
17:06:14        88324   1283156    385572     19.76     13544   1272068   1652156     84.69    742548    829632      1452
17:06:15        88324   1283200    385516     19.76     13544   1272124   1652160     84.69    742548    829676      1508
17:06:16        88324   1283292    385448     19.76     13544   1272192   1652196     84.69    743076    829768      1576
17:06:17        87936   1282956    385780     19.78     13544   1272248   1652196     84.69    743072    829820      1632
17:06:18        87936   1282956    385716     19.77     13544   1272312   1652196     84.69    743072    829820      1696
17:06:19        87936   1283016    385656     19.77     13544   1272372   1652200     84.69    743260    829880      1756
17:06:20        87936   1283068    385600     19.77     13544   1272428   1652320     84.70    743624    829932      1812
17:06:21        87936   1283204    385528     19.76     13544   1272500   1652552     84.71    744932    830068      1716
17:06:22        87936   1283268    385468     19.76     13544   1272560   1652868     84.73    745268    830132      1704
17:06:23        87936   1283324    385412     19.76     13544   1272616   1652996     84.73    744300    830188      1760
17:06:24        87936   1283324    385348     19.75     13544   1272680   1652996     84.73    744300    830188      1824
17:06:25        87936   1283416    385292     19.75     13544   1272736   1652996     84.73    744332    830280      1880
17:06:26        87936   1283512    385220     19.75     13544   1272804   1653064     84.74    744448    830376       148
17:06:27        87936   1283572    385148     19.74     13544   1272868   1653064     84.74    744884    830436       220
17:06:28        87936   1283572    385088     19.74     13544   1272928   1653064     84.74    744884    830436       280
17:06:29        87712   1283452    385264     19.75     13544   1272976   1653064     84.74    744932    830540       328

Average:        90228   1283872    384825     19.73     13522   1270932   1648165     84.49    741185    828444       964
