Linux 7.0.0-1008-aws (ip-172-31-31-224) 	08/07/26 	_x86_64_	(2 CPU)

07:46:16        CPU     %user     %nice   %system   %iowait    %steal     %idle
07:46:17        all     51.78      0.00      5.08      0.00      0.00     43.15
07:46:18        all     50.00      0.00      4.46      0.50      0.00     45.05
07:46:19        all     49.49      0.00      3.03      0.00      0.00     47.47
07:46:20        all     51.24      0.00      4.48      0.00      0.00     44.28
07:46:21        all     49.00      0.00      4.50      0.00      0.00     46.50
07:46:22        all     47.47      0.00      3.03      0.00      0.00     49.49
07:46:23        all     51.50      0.00      2.50      0.00      0.00     46.00
07:46:24        all     34.85      0.00      3.54      0.00      0.00     61.62
07:46:25        all      0.51      0.00      0.51      0.00      0.00     98.99
07:46:26        all      2.50      0.00      1.50      0.00      0.00     96.00
07:46:27        all      2.02      0.00      1.52      0.00      0.00     96.46
07:46:28        all      2.53      0.00      1.01      0.00      0.00     96.46
07:46:29        all      2.51      0.00      1.01      0.00      0.00     96.48
07:46:30        all      2.51      0.00      1.51      0.00      0.00     95.98
07:46:31        all      2.02      0.00      1.01      0.00      0.00     96.97
07:46:32        all      2.51      0.00      1.51      0.00      0.00     95.98
07:46:33        all      3.00      0.00      1.00      0.00      0.50     95.50
07:46:34        all      2.01      0.00      1.51      0.00      0.00     96.48
07:46:35        all      2.55      0.00      0.51      0.00      0.00     96.94
07:46:36        all      2.50      0.00      1.50      0.00      0.00     96.00
07:46:37        all      2.02      0.00      1.52      0.00      0.00     96.46
07:46:38        all      2.04      0.00      0.51      0.00      0.00     97.45
07:46:39        all      3.00      0.00      1.50      0.00      0.00     95.50
07:46:40        all      2.03      0.00      1.02      0.00      0.00     96.95
07:46:41        all      6.47      0.00      1.49      0.00      0.00     92.04
07:46:42        all      2.53      0.00      1.01      0.00      0.00     96.46
07:46:43        all      2.02      0.00      1.52      0.00      0.00     96.46
07:46:44        all      2.50      0.00      1.50      0.00      0.00     96.00
07:46:45        all      2.03      0.00      1.02      0.00      0.00     96.95
07:46:46        all      2.02      0.00      1.52      0.00      0.00     96.46
07:46:47        all      3.05      0.00      0.51      0.00      0.00     96.45
07:46:48        all      2.02      0.00      1.01      0.51      0.00     96.46
07:46:49        all      2.04      0.00      0.51      0.00      0.00     97.45
07:46:50        all      2.51      0.00      1.01      0.00      0.00     96.48
07:46:51        all      2.53      0.00      1.01      0.00      0.00     96.46
07:46:52        all      2.03      0.00      1.02      0.00      0.00     96.95
07:46:53        all      3.03      0.00      0.51      0.00      0.00     96.46
07:46:54        all      2.53      0.00      1.01      0.00      0.00     96.46
07:46:55        all      2.04      0.00      0.51      0.00      0.00     97.45
07:46:56        all      2.53      0.00      0.51      0.00      0.00     96.97
07:46:57        all      2.03      0.00      1.02      0.00      0.00     96.95
07:46:58        all      3.02      0.00      1.01      0.00      0.00     95.98
07:46:59        all      3.00      0.00      1.50      0.00      0.00     95.50
07:47:00        all      2.01      0.00      1.51      0.00      0.00     96.48
07:47:01        all      2.03      0.00      1.02      0.00      0.51     96.45
07:47:02        all      1.52      0.00      0.51      0.00      0.00     97.97
07:47:03        all      2.53      0.00      1.01      0.00      0.00     96.46
07:47:04        all      1.01      0.00      0.00      0.00      0.00     98.99

Average:        all     10.05      0.00      1.51      0.02      0.02     88.40
