Linux 7.0.0-1008-aws (ip-172-31-31-224) 	08/07/26 	_x86_64_	(2 CPU)

07:46:16    kbmemfree   kbavail kbmemused  %memused kbbuffers  kbcached  kbcommit   %commit  kbactive   kbinact   kbdirty
07:46:17       808708   1260964    393872     20.19     16020    580812   1474964     75.61    431464    467336        16
07:46:18       720760   1173040    481796     24.70     16044    580812   1562676     80.10    518504    467360        96
07:46:19       664564   1116844    537992     27.58     16044    580812   1629444     83.53    582280    467360        96
07:46:20       535792    988072    666764     34.18     16044    580812   1742456     89.32    698432    467360        96
07:46:21       455152    907432    747404     38.31     16044    580812   1825480     93.58    780228    467360        96
07:46:22       358636    810916    843920     43.26     16044    580812   1918004     98.32    873024    467360        96
07:46:23       302188    754468    900368     46.15     16044    580812   1972092    101.09    926720    467360        96
07:46:24       213484    665764    989072     50.70     16044    580812   2063628    105.78   1019216    467360        96
07:46:25       213484    665764    989072     50.70     16044    580812   2063628    105.78   1019216    467360        96
07:46:26       213484    665764    989072     50.70     16044    580812   2063692    105.79   1019216    467360        96
07:46:27       213484    665764    989072     50.70     16044    580812   2063692    105.79   1019340    467360        96
07:46:28       213484    665764    989072     50.70     16044    580812   2063692    105.79   1019464    467360        96
07:46:29       213484    665764    989072     50.70     16044    580812   2063692    105.79   1019464    467360        96
07:46:30       213484    665764    989072     50.70     16044    580812   2063692    105.79   1019464    467360        96
07:46:31       213484    665764    989072     50.70     16044    580812   2063692    105.79   1019464    467360        96
07:46:32       213484    665764    989072     50.70     16044    580812   2063692    105.79   1019464    467360        96
07:46:33       213484    665764    989072     50.70     16044    580812   2063756    105.79   1019464    467360        96
07:46:34       213484    665764    989072     50.70     16044    580812   2063756    105.79   1019464    467360        96
07:46:35       213484    665764    989072     50.70     16044    580812   2063756    105.79   1019464    467360        96
07:46:36       213484    665764    989072     50.70     16044    580812   2063756    105.79   1019464    467360        96
07:46:37       213484    665768    989068     50.70     16044    580816   2063756    105.79   1019584    467364       100
07:46:38       213484    665768    989068     50.70     16044    580816   2063756    105.79   1019584    467364       100
07:46:39       213484    665768    989068     50.70     16044    580816   2063820    105.79   1019708    467364       100
07:46:40       213484    665768    989068     50.70     16044    580816   2063820    105.79   1019708    467364       100
07:46:41       213484    665768    989068     50.70     16044    580816   2064076    105.81   1019708    467364       100
07:46:42       213484    665768    989068     50.70     16044    580816   2064076    105.81   1019708    467364       100
07:46:43       213484    665768    989068     50.70     16044    580816   2064076    105.81   1019708    467364       100
07:46:44       213484    665768    989068     50.70     16044    580816   2064076    105.81   1019752    467364        96
07:46:45       213484    665768    989068     50.70     16044    580816   2064140    105.81   1019752    467364        96
07:46:46       213484    665768    989068     50.70     16044    580816   2064140    105.81   1019752    467364        96
07:46:47       213484    665768    989068     50.70     16044    580816   2064140    105.81   1019900    467364        84
07:46:48       213484    665776    989044     50.70     16068    580816   2064396    105.82   1019960    467372        92
07:46:49       213484    665792    989044     50.70     16068    580816   2064396    105.82   1020028    467388        12
07:46:50       213484    665796    989040     50.70     16068    580820   2064396    105.82   1020148    467392        16
07:46:51       213484    665796    989040     50.70     16068    580820   2064460    105.83   1020148    467392        16
07:46:52       213484    665796    989040     50.70     16068    580820   2064460    105.83   1020272    467392        16
07:46:53       213484    665796    989040     50.70     16068    580820   2064716    105.84   1020396    467392        16
07:46:54       213484    665796    989040     50.70     16068    580820   2064972    105.85   1020396    467392        16
07:46:55       213484    665796    989040     50.70     16068    580820   2064972    105.85   1020644    467392        16
07:46:56       213484    665796    989040     50.70     16068    580820   2064972    105.85   1020644    467392        16
07:46:57       213484    665796    989036     50.70     16068    580824   2065036    105.86   1020644    467392        20
07:46:58       213484    665800    989036     50.70     16068    580824   2065036    105.86   1021016    467396        20
07:46:59       213484    665800    989036     50.70     16068    580824   2069132    106.07   1024980    467396        20
07:47:00       211216    663532    991304     50.82     16068    580824   2073484    106.29   1028212    467396        20
07:47:01       207688    660004    994832     51.00     16068    580824   2077836    106.51   1032420    467396        20
07:47:02       204664    656980    997856     51.15     16068    580824   2081932    106.72   1035284    467396        20
07:47:03       200884    653200   1001636     51.35     16068    580824   2086336    106.95   1039000    467396        20
07:47:04       200380    652696   1002140     51.37     16068    580824   2086336    106.95   1039744    467396        20

Average:       261584    713876    940959     48.23     16052    580816   2017583    103.42    972992    467372        68
