Linux 7.0.0-1008-aws (ip-172-31-31-224) 	08/07/26 	_x86_64_	(2 CPU)

07:46:16        IFACE   rxpck/s   txpck/s    rxkB/s    txkB/s   rxcmp/s   txcmp/s  rxmcst/s   %ifutil
07:46:17         ens5     53.00     51.00      4.44      6.42      0.00      0.00      0.00      0.00

07:46:17        IFACE   rxpck/s   txpck/s    rxkB/s    txkB/s   rxcmp/s   txcmp/s  rxmcst/s   %ifutil
07:46:18         ens5     20.00     17.00      1.51      2.37      0.00      0.00      0.00      0.00

07:46:18        IFACE   rxpck/s   txpck/s    rxkB/s    txkB/s   rxcmp/s   txcmp/s  rxmcst/s   %ifutil
07:46:19         ens5      9.00      9.00      0.46      1.90      0.00      0.00      0.00      0.00

07:46:19        IFACE   rxpck/s   txpck/s    rxkB/s    txkB/s   rxcmp/s   txcmp/s  rxmcst/s   %ifutil
07:46:20         ens5      8.00      8.00      0.44      1.72      0.00      0.00      0.00      0.00

07:46:20        IFACE   rxpck/s   txpck/s    rxkB/s    txkB/s   rxcmp/s   txcmp/s  rxmcst/s   %ifutil
07:46:21         ens5      4.00      3.00      0.20      0.66      0.00      0.00      0.00      0.00

07:46:21        IFACE   rxpck/s   txpck/s    rxkB/s    txkB/s   rxcmp/s   txcmp/s  rxmcst/s   %ifutil
07:46:22         ens5     11.00     11.00      0.56      2.30      0.00      0.00      0.00      0.00

07:46:22        IFACE   rxpck/s   txpck/s    rxkB/s    txkB/s   rxcmp/s   txcmp/s  rxmcst/s   %ifutil
07:46:23         ens5      5.00      5.00      0.25      1.10      0.00      0.00      0.00      0.00

07:46:23        IFACE   rxpck/s   txpck/s    rxkB/s    txkB/s   rxcmp/s   txcmp/s  rxmcst/s   %ifutil
07:46:24         ens5      5.00      5.00      0.25      1.05      0.00      0.00      0.00      0.00

07:46:24        IFACE   rxpck/s   txpck/s    rxkB/s    txkB/s   rxcmp/s   txcmp/s  rxmcst/s   %ifutil
07:46:25         ens5     62.00     47.00     36.01     25.24      0.00      0.00      0.00      0.00

07:46:25        IFACE   rxpck/s   txpck/s    rxkB/s    txkB/s   rxcmp/s   txcmp/s  rxmcst/s   %ifutil
07:46:26         ens5    185.00    131.00    109.52     67.51      0.00      0.00      0.00      0.00

07:46:26        IFACE   rxpck/s   txpck/s    rxkB/s    txkB/s   rxcmp/s   txcmp/s  rxmcst/s   %ifutil
07:46:27         ens5    183.00    130.00    108.10     67.30      0.00      0.00      0.00      0.00

07:46:27        IFACE   rxpck/s   txpck/s    rxkB/s    txkB/s   rxcmp/s   txcmp/s  rxmcst/s   %ifutil
07:46:28         ens5    182.00    130.00    108.07     67.30      0.00      0.00      0.00      0.00

07:46:28        IFACE   rxpck/s   txpck/s    rxkB/s    txkB/s   rxcmp/s   txcmp/s  rxmcst/s   %ifutil
07:46:29         ens5    181.00    130.00    107.95     67.32      0.00      0.00      0.00      0.00

07:46:29        IFACE   rxpck/s   txpck/s    rxkB/s    txkB/s   rxcmp/s   txcmp/s  rxmcst/s   %ifutil
07:46:30         ens5    190.00    138.00    112.95     71.07      0.00      0.00      0.00      0.00

07:46:30        IFACE   rxpck/s   txpck/s    rxkB/s    txkB/s   rxcmp/s   txcmp/s  rxmcst/s   %ifutil
07:46:31         ens5    184.00    130.00    108.54     67.36      0.00      0.00      0.00      0.00

07:46:31        IFACE   rxpck/s   txpck/s    rxkB/s    txkB/s   rxcmp/s   txcmp/s  rxmcst/s   %ifutil
07:46:32         ens5    182.00    132.00    110.43     69.07      0.00      0.00      0.00      0.00

07:46:32        IFACE   rxpck/s   txpck/s    rxkB/s    txkB/s   rxcmp/s   txcmp/s  rxmcst/s   %ifutil
07:46:33         ens5    187.00    137.00    109.36     69.54      0.00      0.00      0.00      0.00

07:46:33        IFACE   rxpck/s   txpck/s    rxkB/s    txkB/s   rxcmp/s   txcmp/s  rxmcst/s   %ifutil
07:46:34         ens5    185.00    131.00    109.54     67.57      0.00      0.00      0.00      0.00

07:46:34        IFACE   rxpck/s   txpck/s    rxkB/s    txkB/s   rxcmp/s   txcmp/s  rxmcst/s   %ifutil
07:46:35         ens5    159.00    134.00    109.47     69.81      0.00      0.00      0.00      0.00

07:46:35        IFACE   rxpck/s   txpck/s    rxkB/s    txkB/s   rxcmp/s   txcmp/s  rxmcst/s   %ifutil
07:46:36         ens5    156.00    131.00    106.78     67.49      0.00      0.00      0.00      0.00

07:46:36        IFACE   rxpck/s   txpck/s    rxkB/s    txkB/s   rxcmp/s   txcmp/s  rxmcst/s   %ifutil
07:46:37         ens5    158.00    131.00    108.09     67.55      0.00      0.00      0.00      0.00

07:46:37        IFACE   rxpck/s   txpck/s    rxkB/s    txkB/s   rxcmp/s   txcmp/s  rxmcst/s   %ifutil
07:46:38         ens5    155.00    131.00    106.88     67.74      0.00      0.00      0.00      0.00

07:46:38        IFACE   rxpck/s   txpck/s    rxkB/s    txkB/s   rxcmp/s   txcmp/s  rxmcst/s   %ifutil
07:46:39         ens5    160.00    136.00    109.82     70.21      0.00      0.00      0.00      0.00

07:46:39        IFACE   rxpck/s   txpck/s    rxkB/s    txkB/s   rxcmp/s   txcmp/s  rxmcst/s   %ifutil
07:46:40         ens5    160.00    132.00    108.59     67.91      0.00      0.00      0.00      0.00

07:46:40        IFACE   rxpck/s   txpck/s    rxkB/s    txkB/s   rxcmp/s   txcmp/s  rxmcst/s   %ifutil
07:46:41         ens5    156.00    130.00    106.79     67.38      0.00      0.00      0.00      0.00

07:46:41        IFACE   rxpck/s   txpck/s    rxkB/s    txkB/s   rxcmp/s   txcmp/s  rxmcst/s   %ifutil
07:46:42         ens5    159.00    135.00    109.69     70.15      0.00      0.00      0.00      0.00

07:46:42        IFACE   rxpck/s   txpck/s    rxkB/s    txkB/s   rxcmp/s   txcmp/s  rxmcst/s   %ifutil
07:46:43         ens5    158.00    132.00    108.09     67.67      0.00      0.00      0.00      0.00

07:46:43        IFACE   rxpck/s   txpck/s    rxkB/s    txkB/s   rxcmp/s   txcmp/s  rxmcst/s   %ifutil
07:46:44         ens5    156.00    131.00    106.76     67.37      0.00      0.00      0.00      0.00

07:46:44        IFACE   rxpck/s   txpck/s    rxkB/s    txkB/s   rxcmp/s   txcmp/s  rxmcst/s   %ifutil
07:46:45         ens5    155.00    131.00    106.66     67.53      0.00      0.00      0.00      0.00

07:46:45        IFACE   rxpck/s   txpck/s    rxkB/s    txkB/s   rxcmp/s   txcmp/s  rxmcst/s   %ifutil
07:46:46         ens5    157.00    130.00    106.86     67.41      0.00      0.00      0.00      0.00

07:46:46        IFACE   rxpck/s   txpck/s    rxkB/s    txkB/s   rxcmp/s   txcmp/s  rxmcst/s   %ifutil
07:46:47         ens5    159.00    134.00    109.46     69.85      0.00      0.00      0.00      0.00

07:46:47        IFACE   rxpck/s   txpck/s    rxkB/s    txkB/s   rxcmp/s   txcmp/s  rxmcst/s   %ifutil
07:46:48         ens5    157.00    132.00    107.42     68.14      0.00      0.00      0.00      0.00

07:46:48        IFACE   rxpck/s   txpck/s    rxkB/s    txkB/s   rxcmp/s   txcmp/s  rxmcst/s   %ifutil
07:46:49         ens5    162.00    135.00    109.25     68.72      0.00      0.00      0.00      0.00

07:46:49        IFACE   rxpck/s   txpck/s    rxkB/s    txkB/s   rxcmp/s   txcmp/s  rxmcst/s   %ifutil
07:46:50         ens5    158.00    134.00    107.40     68.23      0.00      0.00      0.00      0.00

07:46:50        IFACE   rxpck/s   txpck/s    rxkB/s    txkB/s   rxcmp/s   txcmp/s  rxmcst/s   %ifutil
07:46:51         ens5    158.00    134.00    107.51     68.78      0.00      0.00      0.00      0.00

07:46:51        IFACE   rxpck/s   txpck/s    rxkB/s    txkB/s   rxcmp/s   txcmp/s  rxmcst/s   %ifutil
07:46:52         ens5    159.00    136.00    109.70     70.52      0.00      0.00      0.00      0.00

07:46:52        IFACE   rxpck/s   txpck/s    rxkB/s    txkB/s   rxcmp/s   txcmp/s  rxmcst/s   %ifutil
07:46:53         ens5    159.00    131.00    108.20     67.54      0.00      0.00      0.00      0.00

07:46:53        IFACE   rxpck/s   txpck/s    rxkB/s    txkB/s   rxcmp/s   txcmp/s  rxmcst/s   %ifutil
07:46:54         ens5    159.00    132.00    107.60     68.12      0.00      0.00      0.00      0.00

07:46:54        IFACE   rxpck/s   txpck/s    rxkB/s    txkB/s   rxcmp/s   txcmp/s  rxmcst/s   %ifutil
07:46:55         ens5    157.00    133.00    107.16     68.50      0.00      0.00      0.00      0.00

07:46:55        IFACE   rxpck/s   txpck/s    rxkB/s    txkB/s   rxcmp/s   txcmp/s  rxmcst/s   %ifutil
07:46:56         ens5    162.00    135.00    110.90     69.97      0.00      0.00      0.00      0.00

07:46:56        IFACE   rxpck/s   txpck/s    rxkB/s    txkB/s   rxcmp/s   txcmp/s  rxmcst/s   %ifutil
07:46:57         ens5    157.00    131.00    107.12     67.71      0.00      0.00      0.00      0.00

07:46:57        IFACE   rxpck/s   txpck/s    rxkB/s    txkB/s   rxcmp/s   txcmp/s  rxmcst/s   %ifutil
07:46:58         ens5    158.00    133.00    107.51     68.46      0.00      0.00      0.00      0.00

07:46:58        IFACE   rxpck/s   txpck/s    rxkB/s    txkB/s   rxcmp/s   txcmp/s  rxmcst/s   %ifutil
07:46:59         ens5    160.00    135.00    109.87     70.20      0.00      0.00      0.00      0.00

07:46:59        IFACE   rxpck/s   txpck/s    rxkB/s    txkB/s   rxcmp/s   txcmp/s  rxmcst/s   %ifutil
07:47:00         ens5    143.00    116.00     95.95     59.75      0.00      0.00      0.00      0.00

07:47:00        IFACE   rxpck/s   txpck/s    rxkB/s    txkB/s   rxcmp/s   txcmp/s  rxmcst/s   %ifutil
07:47:01         ens5    186.00    135.00    111.20     70.21      0.00      0.00      0.00      0.00

07:47:01        IFACE   rxpck/s   txpck/s    rxkB/s    txkB/s   rxcmp/s   txcmp/s  rxmcst/s   %ifutil
07:47:02         ens5    142.00    101.00     84.42     51.95      0.00      0.00      0.00      0.00

07:47:02        IFACE   rxpck/s   txpck/s    rxkB/s    txkB/s   rxcmp/s   txcmp/s  rxmcst/s   %ifutil
07:47:03         ens5    175.00    127.00    103.86     64.96      0.00      0.00      0.00      0.00

07:47:03        IFACE   rxpck/s   txpck/s    rxkB/s    txkB/s   rxcmp/s   txcmp/s  rxmcst/s   %ifutil
07:47:04         ens5     34.00     25.00     20.65     12.95      0.00      0.00      0.00      0.00


Average:        IFACE   rxpck/s   txpck/s    rxkB/s    txkB/s   rxcmp/s   txcmp/s  rxmcst/s   %ifutil
Average:         ens5    134.79    107.67     86.42     54.78      0.00      0.00      0.00      0.00
