Linux 7.0.0-1010-aws (ip-172-31-31-224) 	08/11/26 	_x86_64_	(2 CPU)

09:11:05        CPU     %user     %nice   %system   %iowait    %steal     %idle
09:11:06        all     50.75      0.00      4.52      0.00      1.51     43.22
09:11:07        all     50.51      0.00      3.03      0.00      0.51     45.96
09:11:08        all     48.99      0.00      3.03      0.00      1.01     46.97
09:11:09        all     49.50      0.00      6.00      0.00      0.00     44.50
09:11:10        all     48.99      0.00      3.54      0.00      1.01     46.46
09:11:11        all     46.77      0.00      3.48      0.00      1.00     48.76
09:11:12        all     50.25      0.00      3.52      0.00      0.50     45.73
09:11:13        all     50.00      0.00      3.54      0.00      1.01     45.45
09:11:14        all      5.53      0.00      1.01      0.00      0.00     93.47
09:11:15        all      0.50      0.00      0.50      0.00      0.00     99.00
09:11:16        all      0.00      0.00      0.00      0.00      0.00    100.00
09:11:17        all      0.50      0.00      0.00      0.50      0.00     98.99
09:11:18        all      0.50      0.00      0.00      0.00      0.00     99.50
09:11:19        all      0.00      0.00      0.00      0.00      0.50     99.50
09:11:20        all      0.51      0.00      0.00      0.00      0.00     99.49
09:11:21        all      0.00      0.00      0.50      0.00      0.00     99.50
09:11:22        all      0.00      0.00      0.50      0.00      0.50     99.00
09:11:23        all      0.00      0.00      0.00      0.00      0.00    100.00
09:11:24        all      1.00      0.00      0.50      0.00      0.00     98.50
09:11:25        all      1.02      0.00      0.00      0.00      0.51     98.48
09:11:26        all      5.53      0.00      3.02      0.00      1.51     89.95
09:11:27        all      2.56      0.00      1.54      0.00      0.00     95.90
09:11:28        all      1.00      0.00      0.00      0.00      0.00     99.00
09:11:29        all      4.98      0.00      1.99      0.50      0.50     92.04
09:11:30        all      0.50      0.00      0.00      0.00      0.50     99.00
09:11:31        all      0.00      0.00      0.50      0.00      0.50     99.00
09:11:32        all      0.00      0.00      0.00      0.00      0.00    100.00
09:11:33        all      0.50      0.00      0.50      0.00      0.00     99.01


Average:        all     15.00      0.00      1.47      0.04      0.39     83.10
