Linux 7.0.0-1010-aws (ip-172-31-31-224) 	08/11/26 	_x86_64_	(2 CPU)

09:11:05    kbmemfree   kbavail kbmemused  %memused kbbuffers  kbcached  kbcommit   %commit  kbactive   kbinact   kbdirty
09:11:06       742276   1301560    429008     21.99     22944    678160   1626928     83.39    430652    613964       940
09:11:07       662108   1221392    509176     26.10     22944    678160   1706248     87.46    512240    613964       940
09:11:08       605660   1164944    565624     28.99     22944    678160   1765016     90.47    570760    613964       940
09:11:09       484952   1044236    686332     35.18     22944    678160   1881940     96.47    688652    613964       680
09:11:10       404564    963852    766716     39.30     22944    678164   1957084    100.32    764040    613968       684
09:11:11       332240    891528    839040     43.01     22944    678164   2032648    104.19    837308    613968       684
09:11:12       275792    835080    895488     45.90     22944    678164   2091088    107.19    895028    613968       668
09:11:13       162896    722184   1008384     51.69     22944    678164   2195160    112.52    999364    613968       668
09:11:14       162896    722184   1008376     51.69     22944    678172   2195160    112.52    999492    613968       676
09:11:15       162896    722184   1008372     51.69     22944    678176   2195160    112.52    999492    613968       680
09:11:16       162896    722184   1008372     51.69     22944    678176   2195160    112.52    999492    613968       680
09:11:17       162896    722196   1008348     51.69     22968    678176   2195160    112.52    999624    613980       828
09:11:18       162896    722196   1008348     51.69     22968    678176   2195160    112.52    999624    613980       824
09:11:19       162896    722196   1008348     51.69     22968    678176   2195160    112.52    999624    613980       824
09:11:20       162896    722196   1008344     51.69     22968    678180   2195160    112.52    999624    613980       828
09:11:21       162896    722220   1008344     51.69     22968    678180   2195160    112.52   1000220    614004       828
09:11:22       162896    722220   1008344     51.69     22968    678180   2195160    112.52   1000220    614004       828
09:11:23       162896    722220   1008344     51.69     22968    678180   2195160    112.52   1000220    614004       828
09:11:24       162896    722220   1008344     51.69     22968    678180   2195160    112.52   1000220    614004       828
09:11:25       162916    722240   1008324     51.69     22968    678180   2195160    112.52   1000220    614004       828
09:11:26       162964    722288   1008268     51.68     22968    678188   2195160    112.52   1000220    614004       836
09:11:27       163024    722348   1008208     51.68     22968    678188   2195160    112.52   1000220    614004       836
09:11:28       163036    722360   1008196     51.68     22968    678188   2195160    112.52   1000220    614004       836
09:11:29       163036    722360   1008196     51.68     22968    678188   2195160    112.52   1000220    614004       260
09:11:30       163036    722380   1008184     51.68     22968    678200   2195160    112.52   1000172    614024       208
09:11:31       163036    722380   1008184     51.68     22968    678200   2195160    112.52   1000172    614024       208
09:11:32       163036    722380   1008184     51.68     22968    678200   2195160    112.52   1000172    614024       208
09:11:33       163036    722380   1008184     51.68     22968    678200   2195160    112.52   1000172    614024       208


Average:       247481    806790    923771     47.35     22959    678178   2112833    108.30    917774    613989       689
