Linux 7.0.0-1008-aws (ip-172-31-20-134) 	08/07/26 	_x86_64_	(2 CPU)

15:06:41    kbmemfree   kbavail kbmemused  %memused kbbuffers  kbcached  kbcommit   %commit  kbactive   kbinact   kbdirty
15:06:42       257700   1281796    377256     19.34      7252   1123208   1627456     83.43    798052    608024       360
15:06:43       257700   1281796    377256     19.34      7252   1123208   1627456     83.43    798052    608024       360
15:06:44       257700   1281800    377256     19.34      7252   1123208   1627456     83.43    798056    608012       360
15:06:45       257700   1281800    377248     19.34      7252   1123216   1627456     83.43    798056    608012       368
15:06:46       257700   1281800    377248     19.34      7252   1123216   1627456     83.43    798056    608012       368
15:06:47       257700   1281800    377244     19.34      7252   1123220   1627456     83.43    798056    608012       372
15:06:48       257700   1281800    377244     19.34      7252   1123220   1627456     83.43    798056    608012       372
15:06:49       257700   1281816    377240     19.34      7252   1123224   1637492     83.94    802628    608028       376
15:06:50       257700   1281912    377144     19.33      7252   1123320   1637864     83.96    804888    608124       472
15:06:51       257700   1281988    377060     19.33      7252   1123404   1637872     83.96    803996    608200       556
15:06:52       257700   1282080    376976     19.32      7252   1123488   1646220     84.39    804300    608292       640
15:06:53       257700   1282088    376892     19.32      7252   1123568   1646284     84.39    804460    608296       720
15:06:54       257700   1282248    376808     19.32      7252   1123652   1646644     84.41    805168    608456       804
15:06:55       257700   1282292    376728     19.31      7252   1123732   1646644     84.41    805372    608500       884
15:06:56       257460   1282172    376864     19.32      7268   1123812   1646692     84.41    805908    608616       768
15:06:57       257460   1282344    376680     19.31      7268   1123996   1646824     84.42    806040    608708       852
15:06:58       257460   1282344    376604     19.31      7268   1124072   1646836     84.42    806040    608708       928
15:06:59       257460   1282536    376504     19.30      7268   1124168   1646820     84.42    806068    608880      1024
15:07:00       257460   1282540    376416     19.30      7268   1124248   1646820     84.42    806068    608880      1104
15:07:01       257460   1282704    376340     19.29      7268   1124324   1650904     84.63    806276    609044      1180
15:07:02       257460   1282772    376248     19.29      7268   1124412   1650904     84.63    806584    609108      1268
15:07:03       257460   1282880    376152     19.28      7292   1124484   1650900     84.63    806696    609216      1340
15:07:04       257460   1282880    376072     19.28      7292   1124564   1650900     84.63    806828    609216      1296
15:07:05       257460   1283056    375984     19.27      7292   1124644   1650952     84.63    807320    609388      1328
15:07:06       257460   1283132    375900     19.27      7292   1124728   1651064     84.64    807772    609464      1412
15:07:07       257460   1283164    375816     19.26      7292   1124812   1651064     84.64    807412    609496      1500
15:07:08       257460   1283284    375736     19.26      7292   1124888   1651064     84.64    807416    609616      1576
15:07:09       257460   1283376    375652     19.26      7292   1124972   1651208     84.64    808168    609708      1660
15:07:10       257460   1283380    375576     19.25      7292   1125048   1651340     84.65    807832    609712      1736
15:07:11       257460   1283548    375480     19.25      7292   1125136   1651400     84.65    808008    609876      1820
15:07:12       257460   1283548    375400     19.24      7292   1125216   1651416     84.65    808008    609876      1900
15:07:13       257460   1283668    375320     19.24      7292   1125296   1651420     84.65    808012    609996      1980
15:07:14       257460   1283800    375228     19.23      7292   1125380   1651448     84.66    807968    610124      2064
15:07:15       257460   1283872    375140     19.23      7292   1125468   1651456     84.66    808044    610196      2152
15:07:16       257460   1283872    375056     19.23      7292   1125552   1651480     84.66    808044    610196      2236
15:07:17       257460   1284048    374968     19.22      7292   1125636   1651480     84.66    808088    610368        40
15:07:18       257460   1284048    374888     19.22      7292   1125716   1651480     84.66    808088    610368       128
15:07:19       257460   1284188    374808     19.21      7292   1125796   1651480     84.66    808692    610508       208
15:07:20       257460   1284188    374728     19.21      7292   1125876   1651488     84.66    808692    610508       288
15:07:21       257460   1284380    374640     19.20      7292   1125956   1651512     84.66    809248    610696       368
15:07:22       257460   1284468    374552     19.20      7292   1126044   1652120     84.69    808652    610784       456
15:07:23       257460   1284552    374468     19.20      7292   1126128   1652120     84.69    808676    610868       540
15:07:24       257460   1284560    374388     19.19      7292   1126204   1652120     84.69    808728    610876       616
15:07:25       257460   1284684    374300     19.19      7292   1126292   1652120     84.69    808728    611000       704
15:07:26       257460   1284792    374224     19.18      7292   1126368   1652120     84.69    809116    611108       780
15:07:27       257460   1284796    374132     19.18      7292   1126452   1652120     84.69    809116    611108       864
15:07:28       257460   1284880    374052     19.17      7292   1126532   1652120     84.69    809156    611192       944
15:07:29       257236   1284820    374184     19.18      7292   1126624   1652152     84.69    809208    611356      1036
15:07:30       257236   1284900    374096     19.18      7292   1126708   1652152     84.69    809208    611432      1120
15:07:31       257236   1284912    374016     19.17      7292   1126788   1652152     84.69    809320    611444      1200
15:07:32       257236   1285004    373920     19.17      7292   1126876   1652188     84.69    809356    611532      1288
15:07:33       256984   1284920    374068     19.18      7316   1126956   1652188     84.69    809364    611700      1436
15:07:34       256984   1284924    373984     19.17      7316   1127036   1652188     84.69    809732    611704      1516
15:07:35       256984   1285048    373900     19.17      7316   1127120   1652188     84.69    809732    611828      1600
15:07:36       256732   1284920    374072     19.18      7316   1127200   1652188     84.69    809732    611952      1680
15:07:37       255976   1284264    374736     19.21      7316   1127284   1652304     84.70    810360    612048      1764
15:07:38       255976   1284264    374660     19.21      7316   1127360   1652432     84.71    809892    612048      1788
15:07:39       255976   1284340    374576     19.20      7316   1127444   1652432     84.71    809872    612124      1872
15:07:40       255724   1284260    374744     19.21      7316   1127524   1652432     84.71    810076    612292      1952
15:07:41       255724   1284260    374660     19.21      7316   1127604   1652432     84.71    810076    612292      2032
15:07:42       255472   1284176    374808     19.21      7316   1127692   1652432     84.71    810532    612456      2124
15:07:43       255220   1284004    374976     19.22      7316   1127776   1652432     84.71    810576    612536      2208
15:07:44       255220   1284096    374896     19.22      7316   1127856   1652384     84.70    810264    612628      2288
15:07:45       255220   1284136    374788     19.21      7316   1127944   1652380     84.70    810264    612668      2376
15:07:46       255220   1284220    374708     19.21      7316   1128024   1652380     84.70    810304    612752      2456
15:07:47       255220   1284304    374540     19.20      7316   1128184   1652380     84.70    810304    612832      2376
15:07:48       255220   1284388    374520     19.20      7316   1128196   1652380     84.70    810304    612916      2388
15:07:49       254968   1284328    374612     19.20      7316   1128348   1652404     84.70    810400    613108      2540
15:07:50       254968   1284328    374608     19.20      7316   1128352   1652404     84.70    810400    613108      2544
15:07:51       254716   1284164    374768     19.21      7316   1128436   1652404     84.70    810400    613192      2628
15:07:52       254716   1284252    374688     19.21      7316   1128516   1652424     84.71    810676    613280       136
15:07:53       254716   1284252    374656     19.21      7316   1128548   1652424     84.71    810676    613280       176
15:07:54       254716   1284252    374656     19.21      7316   1128548   1652424     84.71    810676    613280       176
15:07:55       254716   1284252    374656     19.21      7316   1128548   1652424     84.71    810676    613280       176
15:07:56       254716   1284252    374656     19.21      7316   1128548   1652424     84.71    810676    613280       176

Average:       256867   1283596    375388     19.24      7290   1125802   1648426     84.50    807410    610530      1188
