Linux 7.0.0-1010-aws (ip-172-31-20-134) 	08/11/26 	_x86_64_	(2 CPU)

16:48:48        CPU     %user     %nice   %system   %iowait    %steal     %idle
16:48:49        all      2.02      0.00      1.01      0.00      0.00     96.97
16:48:50        all      0.00      0.00      0.50      0.00      0.00     99.50
16:48:51        all      0.50      0.00      0.50      0.00      0.00     99.00
16:48:52        all      0.00      0.00      0.00      0.00      0.00    100.00
16:48:53        all      0.00      0.00      0.00      0.00      0.00    100.00
16:48:54        all      0.50      0.00      0.00      1.00      0.00     98.51
16:48:55        all      0.00      0.00      0.50      0.00      0.00     99.50
16:48:56        all      1.01      0.00      0.50      0.00      0.00     98.49
16:48:57        all      0.00      0.00      0.00      0.00      0.00    100.00
16:48:58        all      5.50      0.00      2.00      0.00      0.00     92.50
16:48:59        all      1.00      0.00      0.50      0.00      0.00     98.50
16:49:00        all     13.07      0.00      1.51      0.00      2.01     83.42
16:49:01        all     59.20      0.00      7.96      0.00      8.46     24.38
16:49:02        all     62.12      0.00      6.57      0.00      1.52     29.80
16:49:03        all      1.01      0.00      0.50      0.00      0.00     98.49
16:49:04        all      0.00      0.00      0.00      0.00      0.00    100.00
16:49:05        all      0.00      0.00      0.00      0.00      0.00    100.00
16:49:06        all      0.50      0.00      0.00      0.00      0.00     99.50
16:49:07        all      0.00      0.00      0.00      0.00      0.00    100.00
16:49:08        all      0.00      0.00      1.00      0.00      0.00     99.00
16:49:09        all      0.50      0.00      0.00      0.00      0.00     99.50
16:49:10        all      0.00      0.00      0.00      0.00      0.00    100.00
16:49:11        all      0.50      0.00      0.00      0.00      0.00     99.50
16:49:12        all      0.50      0.00      0.50      0.00      0.00     99.00

Average:        all      6.17      0.00      0.98      0.04      0.50     92.31
