Linux 7.0.0-1010-aws (ip-172-31-20-134) 	08/11/26 	_x86_64_	(2 CPU)

16:48:48    kbmemfree   kbavail kbmemused  %memused kbbuffers  kbcached  kbcommit   %commit  kbactive   kbinact   kbdirty
16:48:49       147160   1323288    372172     19.08     34008   1254464   1470116     75.36    997172    560292       372
16:48:50       147160   1323288    372172     19.08     34008   1254464   1470116     75.36    997172    560292       372
16:48:51       147160   1323288    372168     19.08     34008   1254468   1470116     75.36    997172    560292       376
16:48:52       147160   1323288    372168     19.08     34008   1254468   1470116     75.36    997172    560292       376
16:48:53       147160   1323288    372168     19.08     34008   1254468   1470116     75.36    997172    560292       376
16:48:54       147160   1323292    372144     19.08     34032   1254468   1470116     75.36    997276    560296       488
16:48:55       147160   1323292    372144     19.08     34032   1254468   1470116     75.36    997276    560296       488
16:48:56       146404   1322560    372900     19.11     34032   1254468   1471272     75.42    998708    560320       444
16:48:57       146404   1322560    372884     19.11     34032   1254484   1471272     75.42    998708    560320       460
16:48:58       146152   1322332    373124     19.13     34032   1254496   1471272     75.42    998808    560344       476
16:48:59       146152   1322336    373124     19.13     34032   1254496   1479748     75.85    999300    560348       476
16:49:00       142120   1318320    377140     19.33     34032   1254512   1489128     76.33   1003088    560364       492
16:49:01       132064   1308376    387076     19.84     34032   1254620   1754664     89.94   1013112    560472       600
16:49:02       126772   1303372    392060     20.10     34032   1254916   1781416     91.31   1015028    560752       896
16:49:03       126016   1302632    392812     20.13     34032   1254920   1781416     91.31   1014680    560768       900
16:49:04       126016   1302632    392808     20.13     34032   1254924   1781416     91.31   1014680    560768       904
16:49:05       126016   1302632    392808     20.13     34032   1254924   1781416     91.31   1014680    560768       904
16:49:06       126016   1302632    392804     20.13     34032   1254928   1781416     91.31   1014680    560768       908
16:49:07       126016   1302636    392804     20.13     34032   1254928   1781416     91.31   1014772    560772       888
16:49:08       126016   1302636    392804     20.13     34032   1254928   1781416     91.31   1014772    560772       888
16:49:09       126016   1302636    392800     20.13     34032   1254932   1781416     91.31   1014772    560772       892
16:49:10       126016   1302636    392800     20.13     34032   1254932   1781416     91.31   1014772    560772       892
16:49:11       126016   1302648    392800     20.13     34032   1254932   1781416     91.31   1014788    560784       732
16:49:12       126016   1302648    392800     20.13     34032   1254932   1781416     91.31   1014788    560784       732

Average:       136514   1312885    382562     19.61     34027   1254689   1625989     83.35   1006440    560529       639
