Linux 7.0.0-1010-aws (ip-172-31-31-224) 	08/11/26 	_x86_64_	(2 CPU)

07:00:52        IFACE   rxpck/s   txpck/s    rxkB/s    txkB/s   rxcmp/s   txcmp/s  rxmcst/s   %ifutil
07:00:53         ens5     60.00     53.00      4.90      6.81      0.00      0.00      0.00      0.00

07:00:53        IFACE   rxpck/s   txpck/s    rxkB/s    txkB/s   rxcmp/s   txcmp/s  rxmcst/s   %ifutil
07:00:54         ens5     47.00     42.00      4.07      5.17      0.00      0.00      0.00      0.00

07:00:54        IFACE   rxpck/s   txpck/s    rxkB/s    txkB/s   rxcmp/s   txcmp/s  rxmcst/s   %ifutil
07:00:55         ens5     25.00     22.00      2.01      2.77      0.00      0.00      0.00      0.00

07:00:55        IFACE   rxpck/s   txpck/s    rxkB/s    txkB/s   rxcmp/s   txcmp/s  rxmcst/s   %ifutil
07:00:56         ens5     10.00      9.00      0.51      1.87      0.00      0.00      0.00      0.00

07:00:56        IFACE   rxpck/s   txpck/s    rxkB/s    txkB/s   rxcmp/s   txcmp/s  rxmcst/s   %ifutil
07:00:57         ens5      6.00      6.00      0.46      1.32      0.00      0.00      0.00      0.00

07:00:57        IFACE   rxpck/s   txpck/s    rxkB/s    txkB/s   rxcmp/s   txcmp/s  rxmcst/s   %ifutil
07:00:58         ens5     10.00     10.00      0.48      1.95      0.00      0.00      0.00      0.00

07:00:58        IFACE   rxpck/s   txpck/s    rxkB/s    txkB/s   rxcmp/s   txcmp/s  rxmcst/s   %ifutil
07:00:59         ens5      5.00      6.00      0.25      1.28      0.00      0.00      0.00      0.00

07:00:59        IFACE   rxpck/s   txpck/s    rxkB/s    txkB/s   rxcmp/s   txcmp/s  rxmcst/s   %ifutil
07:01:00         ens5      4.00      5.00      0.20      1.10      0.00      0.00      0.00      0.00

07:01:00        IFACE   rxpck/s   txpck/s    rxkB/s    txkB/s   rxcmp/s   txcmp/s  rxmcst/s   %ifutil
07:01:01         ens5      5.00      3.00      0.25      0.61      0.00      0.00      0.00      0.00

07:01:01        IFACE   rxpck/s   txpck/s    rxkB/s    txkB/s   rxcmp/s   txcmp/s  rxmcst/s   %ifutil
07:01:02         ens5     19.00     17.00      1.17      9.35      0.00      0.00      0.00      0.00

07:01:02        IFACE   rxpck/s   txpck/s    rxkB/s    txkB/s   rxcmp/s   txcmp/s  rxmcst/s   %ifutil
07:01:03         ens5      0.00      0.00      0.00      0.00      0.00      0.00      0.00      0.00

07:01:03        IFACE   rxpck/s   txpck/s    rxkB/s    txkB/s   rxcmp/s   txcmp/s  rxmcst/s   %ifutil
07:01:04         ens5      0.00      0.00      0.00      0.00      0.00      0.00      0.00      0.00

07:01:04        IFACE   rxpck/s   txpck/s    rxkB/s    txkB/s   rxcmp/s   txcmp/s  rxmcst/s   %ifutil
07:01:05         ens5      1.00      1.00      0.07      0.09      0.00      0.00      0.00      0.00

07:01:05        IFACE   rxpck/s   txpck/s    rxkB/s    txkB/s   rxcmp/s   txcmp/s  rxmcst/s   %ifutil
07:01:06         ens5      0.00      0.00      0.00      0.00      0.00      0.00      0.00      0.00

07:01:06        IFACE   rxpck/s   txpck/s    rxkB/s    txkB/s   rxcmp/s   txcmp/s  rxmcst/s   %ifutil
07:01:07         ens5     66.00     65.00      4.26     27.09      0.00      0.00      0.00      0.00

07:01:07        IFACE   rxpck/s   txpck/s    rxkB/s    txkB/s   rxcmp/s   txcmp/s  rxmcst/s   %ifutil
07:01:08         ens5    645.00    635.00     41.20    264.87      0.00      0.00      0.00      0.00

07:01:08        IFACE   rxpck/s   txpck/s    rxkB/s    txkB/s   rxcmp/s   txcmp/s  rxmcst/s   %ifutil
07:01:09         ens5    599.00    575.00     38.20    242.39      0.00      0.00      0.00      0.00

07:01:09        IFACE   rxpck/s   txpck/s    rxkB/s    txkB/s   rxcmp/s   txcmp/s  rxmcst/s   %ifutil
07:01:10         ens5    160.00    139.00      9.90     55.92      0.00      0.00      0.00      0.00

07:01:10        IFACE   rxpck/s   txpck/s    rxkB/s    txkB/s   rxcmp/s   txcmp/s  rxmcst/s   %ifutil
07:01:11         ens5      0.00      0.00      0.00      0.00      0.00      0.00      0.00      0.00

07:01:11        IFACE   rxpck/s   txpck/s    rxkB/s    txkB/s   rxcmp/s   txcmp/s  rxmcst/s   %ifutil
07:01:12         ens5      0.00      0.00      0.00      0.00      0.00      0.00      0.00      0.00

07:01:12        IFACE   rxpck/s   txpck/s    rxkB/s    txkB/s   rxcmp/s   txcmp/s  rxmcst/s   %ifutil
07:01:13         ens5      0.00      0.00      0.00      0.00      0.00      0.00      0.00      0.00

07:01:13        IFACE   rxpck/s   txpck/s    rxkB/s    txkB/s   rxcmp/s   txcmp/s  rxmcst/s   %ifutil
07:01:14         ens5      0.00      0.00      0.00      0.00      0.00      0.00      0.00      0.00

07:01:14        IFACE   rxpck/s   txpck/s    rxkB/s    txkB/s   rxcmp/s   txcmp/s  rxmcst/s   %ifutil
07:01:15         ens5      0.00      0.00      0.00      0.00      0.00      0.00      0.00      0.00

07:01:15        IFACE   rxpck/s   txpck/s    rxkB/s    txkB/s   rxcmp/s   txcmp/s  rxmcst/s   %ifutil
07:01:16         ens5      0.00      0.00      0.00      0.00      0.00      0.00      0.00      0.00


Average:        IFACE   rxpck/s   txpck/s    rxkB/s    txkB/s   rxcmp/s   txcmp/s  rxmcst/s   %ifutil
Average:         ens5     69.25     66.17      4.50     25.94      0.00      0.00      0.00      0.00
