Linux 7.0.0-1010-aws (ip-172-31-20-134) 	08/11/26 	_x86_64_	(2 CPU)

17:06:12        CPU     %user     %nice   %system   %iowait    %steal     %idle
17:06:13        all      7.50      0.00      3.50      0.00      0.00     89.00
17:06:14        all      0.00      0.00      0.50      0.00      0.00     99.50
17:06:15        all      0.50      0.00      0.00      0.00      0.50     99.00
17:06:16        all      0.00      0.00      0.00      0.00      0.00    100.00
17:06:17        all      0.00      0.00      0.00      0.00      0.00    100.00
17:06:18        all      0.50      0.00      0.50      0.00      0.00     99.00
17:06:19        all      0.00      0.00      0.00      0.00      0.00    100.00
17:06:20        all      0.50      0.00      0.50      0.00      0.00     99.00
17:06:21        all      0.50      0.00      0.00      0.00      0.00     99.50
17:06:22        all      0.50      0.00      0.00      0.00      0.00     99.50
17:06:23        all      0.00      0.00      0.00      0.00      0.00    100.00
17:06:24        all      1.00      0.00      0.50      1.00      0.00     97.51
17:06:25        all      0.00      0.00      0.00      0.00      0.00    100.00
17:06:26        all      0.50      0.00      0.00      0.00      0.00     99.50
17:06:27        all      0.00      0.00      0.00      0.00      0.00    100.00
17:06:28        all     10.61      0.00      2.02      0.00      0.00     87.37
17:06:29        all     55.33      0.00      7.61      0.00      0.00     37.06
17:06:30        all     46.67      0.00      6.15      0.00      0.00     47.18
17:06:31        all     29.29      0.00      3.03      0.00      0.51     67.17
17:06:32        all      7.11      0.00      0.51      0.00      0.00     92.39
17:06:33        all      0.50      0.00      0.00      0.00      0.00     99.50
17:06:34        all      0.50      0.00      0.00      0.00      0.00     99.50
17:06:35        all     13.13      0.00      1.52      0.00      0.00     85.35
17:06:36        all     16.67      0.00      2.02      0.00      0.51     80.81
17:06:37        all      1.50      0.00      1.00      0.00      0.00     97.50
17:06:38        all      0.50      0.00      0.00      0.00      0.00     99.50
17:06:39        all      0.00      0.00      0.00      0.00      0.00    100.00
17:06:40        all      0.00      0.00      0.00      0.00      0.00    100.00

Average:        all      6.85      0.00      1.04      0.04      0.05     92.02
