Linux 7.0.0-1010-aws (ip-172-31-20-134) 	08/11/26 	_x86_64_	(2 CPU)

17:06:12    kbmemfree   kbavail kbmemused  %memused kbbuffers  kbcached  kbcommit   %commit  kbactive   kbinact   kbdirty
17:06:13       109768   1313972    379900     19.47     31592   1284244   1478192     75.77    996216    589480       380
17:06:14       109768   1313972    379900     19.47     31592   1284244   1478192     75.77    996216    589480       380
17:06:15       109768   1313972    379900     19.47     31592   1284244   1478192     75.77    996216    589480       380
17:06:16       109768   1313972    379896     19.47     31592   1284248   1478192     75.77    996216    589480       384
17:06:17       109768   1313972    379896     19.47     31592   1284248   1478192     75.77    996216    589480       384
17:06:18       109768   1313976    379896     19.47     31592   1284248   1478192     75.77    996956    589484       384
17:06:19       109768   1313976    379896     19.47     31592   1284248   1478192     75.77    996956    589484       384
17:06:20       109768   1313976    379896     19.47     31592   1284248   1478192     75.77    996956    589484       384
17:06:21       109768   1313976    379892     19.47     31592   1284252   1478192     75.77    996956    589484       388
17:06:22       109768   1313976    379892     19.47     31592   1284252   1478192     75.77    996956    589484       388
17:06:23       109768   1313976    379892     19.47     31592   1284252   1479432     75.83    997880    589484       388
17:06:24       109768   1313992    379856     19.47     31620   1284260   1479432     75.83    998240    589500       464
17:06:25       109768   1314028    379844     19.47     31620   1284272   1479432     75.83    998328    589536       476
17:06:26       109768   1314028    379844     19.47     31620   1284272   1479432     75.83    998328    589536       476
17:06:27       109768   1314028    379844     19.47     31620   1284272   1479432     75.83    998328    589536       476
17:06:28       109012   1313280    380584     19.51     31620   1284288   1488284     76.29   1000620    589544       372
17:06:29       104488   1309004    384872     19.73     31620   1284524   1692132     86.74   1007888    589792       608
17:06:30       102484   1307084    386796     19.83     31620   1284604   1738628     89.12   1009512    589872       688
17:06:31       102232   1306968    386884     19.83     31620   1284768   1738896     89.13   1009716    590008       804
17:06:32       102232   1307092    386780     19.83     31620   1284872   1739132     89.15   1010088    590132       908
17:06:33       102232   1307128    386752     19.82     31620   1284900   1739132     89.15   1010672    590168       940
17:06:34       102232   1307128    386752     19.82     31620   1284900   1739132     89.15   1010672    590168       940
17:06:35       102232   1307128    386740     19.82     31620   1284912   1739132     89.15   1010672    590168       952
17:06:36       101224   1306188    387680     19.87     31620   1284980   1739328     89.16   1011968    590236      1020
17:06:37       101224   1306224    387616     19.87     31620   1285044   1739328     89.16   1010628    590272      1084
17:06:38       101224   1306224    387612     19.87     31620   1285048   1739328     89.16   1010628    590272      1088
17:06:39       101224   1306224    387612     19.87     31620   1285048   1739328     89.16   1010628    590272      1088
17:06:40       101224   1306224    387612     19.87     31620   1285048   1739328     89.16   1010628    590272      1088

Average:       106421   1310917    382948     19.63     31609   1284526   1588935     81.45   1002903    589771       632
