Linux 7.0.0-1010-aws (ip-172-31-20-134) 	08/11/26 	_x86_64_	(2 CPU)

17:06:12        IFACE   rxpck/s   txpck/s    rxkB/s    txkB/s   rxcmp/s   txcmp/s  rxmcst/s   %ifutil
17:06:13         ens5     47.00     43.00      3.95      4.78      0.00      0.00      0.00      0.00

17:06:13        IFACE   rxpck/s   txpck/s    rxkB/s    txkB/s   rxcmp/s   txcmp/s  rxmcst/s   %ifutil
17:06:14         ens5     51.00     42.00      4.25      4.39      0.00      0.00      0.00      0.00

17:06:14        IFACE   rxpck/s   txpck/s    rxkB/s    txkB/s   rxcmp/s   txcmp/s  rxmcst/s   %ifutil
17:06:15         ens5      0.00      0.00      0.00      0.00      0.00      0.00      0.00      0.00

17:06:15        IFACE   rxpck/s   txpck/s    rxkB/s    txkB/s   rxcmp/s   txcmp/s  rxmcst/s   %ifutil
17:06:16         ens5      0.00      0.00      0.00      0.00      0.00      0.00      0.00      0.00

17:06:16        IFACE   rxpck/s   txpck/s    rxkB/s    txkB/s   rxcmp/s   txcmp/s  rxmcst/s   %ifutil
17:06:17         ens5      0.00      0.00      0.00      0.00      0.00      0.00      0.00      0.00

17:06:17        IFACE   rxpck/s   txpck/s    rxkB/s    txkB/s   rxcmp/s   txcmp/s  rxmcst/s   %ifutil
17:06:18         ens5      0.00      0.00      0.00      0.00      0.00      0.00      0.00      0.00

17:06:18        IFACE   rxpck/s   txpck/s    rxkB/s    txkB/s   rxcmp/s   txcmp/s  rxmcst/s   %ifutil
17:06:19         ens5      0.00      0.00      0.00      0.00      0.00      0.00      0.00      0.00

17:06:19        IFACE   rxpck/s   txpck/s    rxkB/s    txkB/s   rxcmp/s   txcmp/s  rxmcst/s   %ifutil
17:06:20         ens5      0.00      0.00      0.00      0.00      0.00      0.00      0.00      0.00

17:06:20        IFACE   rxpck/s   txpck/s    rxkB/s    txkB/s   rxcmp/s   txcmp/s  rxmcst/s   %ifutil
17:06:21         ens5      1.00      1.00      0.07      0.09      0.00      0.00      0.00      0.00

17:06:21        IFACE   rxpck/s   txpck/s    rxkB/s    txkB/s   rxcmp/s   txcmp/s  rxmcst/s   %ifutil
17:06:22         ens5      0.00      0.00      0.00      0.00      0.00      0.00      0.00      0.00

17:06:22        IFACE   rxpck/s   txpck/s    rxkB/s    txkB/s   rxcmp/s   txcmp/s  rxmcst/s   %ifutil
17:06:23         ens5     13.00     19.00      5.87      1.44      0.00      0.00      0.00      0.00

17:06:23        IFACE   rxpck/s   txpck/s    rxkB/s    txkB/s   rxcmp/s   txcmp/s  rxmcst/s   %ifutil
17:06:24         ens5     20.00     21.00     12.11      1.56      0.00      0.00      0.00      0.00

17:06:24        IFACE   rxpck/s   txpck/s    rxkB/s    txkB/s   rxcmp/s   txcmp/s  rxmcst/s   %ifutil
17:06:25         ens5      0.00      0.00      0.00      0.00      0.00      0.00      0.00      0.00

17:06:25        IFACE   rxpck/s   txpck/s    rxkB/s    txkB/s   rxcmp/s   txcmp/s  rxmcst/s   %ifutil
17:06:26         ens5      1.00      1.00      0.03      0.04      0.00      0.00      0.00      0.00

17:06:26        IFACE   rxpck/s   txpck/s    rxkB/s    txkB/s   rxcmp/s   txcmp/s  rxmcst/s   %ifutil
17:06:27         ens5      0.00      0.00      0.00      0.00      0.00      0.00      0.00      0.00

17:06:27        IFACE   rxpck/s   txpck/s    rxkB/s    txkB/s   rxcmp/s   txcmp/s  rxmcst/s   %ifutil
17:06:28         ens5     35.00     40.00     10.40      3.72      0.00      0.00      0.00      0.00

17:06:28        IFACE   rxpck/s   txpck/s    rxkB/s    txkB/s   rxcmp/s   txcmp/s  rxmcst/s   %ifutil
17:06:29         ens5    446.53    485.15    132.11     44.01      0.00      0.00      0.00      0.00

17:06:29        IFACE   rxpck/s   txpck/s    rxkB/s    txkB/s   rxcmp/s   txcmp/s  rxmcst/s   %ifutil
17:06:30         ens5    278.00    344.00     82.99     33.14      0.00      0.00      0.00      0.00

17:06:30        IFACE   rxpck/s   txpck/s    rxkB/s    txkB/s   rxcmp/s   txcmp/s  rxmcst/s   %ifutil
17:06:31         ens5    210.00    238.00     60.92     22.13      0.00      0.00      0.00      0.00

17:06:31        IFACE   rxpck/s   txpck/s    rxkB/s    txkB/s   rxcmp/s   txcmp/s  rxmcst/s   %ifutil
17:06:32         ens5     56.00     66.00     18.13      6.15      0.00      0.00      0.00      0.00

17:06:32        IFACE   rxpck/s   txpck/s    rxkB/s    txkB/s   rxcmp/s   txcmp/s  rxmcst/s   %ifutil
17:06:33         ens5      0.00      0.00      0.00      0.00      0.00      0.00      0.00      0.00

17:06:33        IFACE   rxpck/s   txpck/s    rxkB/s    txkB/s   rxcmp/s   txcmp/s  rxmcst/s   %ifutil
17:06:34         ens5      0.00      0.00      0.00      0.00      0.00      0.00      0.00      0.00

17:06:34        IFACE   rxpck/s   txpck/s    rxkB/s    txkB/s   rxcmp/s   txcmp/s  rxmcst/s   %ifutil
17:06:35         ens5     99.00    112.00     29.21     10.42      0.00      0.00      0.00      0.00

17:06:35        IFACE   rxpck/s   txpck/s    rxkB/s    txkB/s   rxcmp/s   txcmp/s  rxmcst/s   %ifutil
17:06:36         ens5    135.00    156.00     39.67     14.54      0.00      0.00      0.00      0.00

17:06:36        IFACE   rxpck/s   txpck/s    rxkB/s    txkB/s   rxcmp/s   txcmp/s  rxmcst/s   %ifutil
17:06:37         ens5     12.00     13.00      4.00      1.17      0.00      0.00      0.00      0.00

17:06:37        IFACE   rxpck/s   txpck/s    rxkB/s    txkB/s   rxcmp/s   txcmp/s  rxmcst/s   %ifutil
17:06:38         ens5      0.00      0.00      0.00      0.00      0.00      0.00      0.00      0.00

17:06:38        IFACE   rxpck/s   txpck/s    rxkB/s    txkB/s   rxcmp/s   txcmp/s  rxmcst/s   %ifutil
17:06:39         ens5      0.00      0.00      0.00      0.00      0.00      0.00      0.00      0.00

17:06:39        IFACE   rxpck/s   txpck/s    rxkB/s    txkB/s   rxcmp/s   txcmp/s  rxmcst/s   %ifutil
17:06:40         ens5      0.00      0.00      0.00      0.00      0.00      0.00      0.00      0.00


Average:        IFACE   rxpck/s   txpck/s    rxkB/s    txkB/s   rxcmp/s   txcmp/s  rxmcst/s   %ifutil
Average:         ens5     50.30     56.62     14.46      5.29      0.00      0.00      0.00      0.00
