Linux 7.0.0-1010-aws (ip-172-31-20-134) 	08/11/26 	_x86_64_	(2 CPU)

16:42:54    kbmemfree   kbavail kbmemused  %memused kbbuffers  kbcached  kbcommit   %commit  kbactive   kbinact   kbdirty
16:42:55       164292   1328908    366776     18.80     33648   1243528   1466012     75.15    997152    549128       392
16:42:56       164292   1328936    366772     18.80     33648   1243532   1466012     75.15    997236    549156       316
16:42:57       164292   1328936    366772     18.80     33648   1243532   1466012     75.15    997236    549156       280
16:42:58       164292   1328936    366772     18.80     33648   1243532   1466012     75.15    997236    549156       280
16:42:59       163536   1328180    367516     18.84     33648   1243544   1466012     75.15    997412    549156       292
16:43:00       163536   1328180    367516     18.84     33648   1243544   1466012     75.15    997412    549156       292
16:43:01       163536   1328180    367516     18.84     33648   1243544   1466012     75.15    997412    549156       292
16:43:02       163536   1328180    367516     18.84     33648   1243544   1466012     75.15    997412    549156       292
16:43:03       163536   1328180    367516     18.84     33648   1243544   1466012     75.15    997412    549156       292
16:43:04       163536   1328192    367512     18.84     33648   1243548   1470108     75.36    998268    549168       296
16:43:05       162024   1326684    369024     18.92     33648   1243548   1479616     75.84   1000496    549172       296
16:43:06       162024   1326684    368972     18.91     33648   1243600   1479616     75.84   1000496    549172       348
16:43:07       162024   1326684    368972     18.91     33648   1243600   1479616     75.84   1000496    549172       348
16:43:08       162024   1326684    368972     18.91     33648   1243600   1479616     75.84   1000496    549172       348
16:43:09       161016   1325676    369980     18.96     33648   1243600   1488156     76.28   1001840    549172       348
16:43:10       150456   1315700    380000     19.48     33648   1244128   1561080     80.02   1010236    549748       876
16:43:11       143652   1309756    385920     19.78     33648   1244984   1681524     86.19   1015060    550596      1732
16:43:12       143652   1309916    385752     19.77     33648   1245144   1681556     86.19   1011900    550752      1892
16:43:13       143652   1309916    385720     19.77     33648   1245176   1681556     86.19   1011900    550752      1924
16:43:14       143652   1309948    385720     19.77     33648   1245176   1681556     86.19   1011496    550784      1924
16:43:15       143652   1309972    385704     19.77     33648   1245192   1681556     86.19   1011492    550808      1940
16:43:16       143652   1309972    385700     19.77     33648   1245196   1681556     86.19   1011492    550808      1944
16:43:17       143652   1309972    385700     19.77     33648   1245196   1681556     86.19   1011492    550808      1944
16:43:18       143652   1309972    385700     19.77     33648   1245196   1681556     86.19   1011492    550808      1944
16:43:19       143652   1309980    385696     19.77     33648   1245200   1681556     86.19   1012104    550816      1948
16:43:20       143652   1309980    385696     19.77     33648   1245200   1681556     86.19   1012104    550816      1948
16:43:21       143652   1309980    385696     19.77     33648   1245200   1681556     86.19   1012104    550816      1948
16:43:22       143652   1309980    385692     19.77     33648   1245204   1681556     86.19   1012104    550816      1952


Average:       154349   1319724    375957     19.27     33648   1244269   1564663     80.20   1004750    549876      1022
