Linux 7.0.0-1010-aws (ip-172-31-20-134) 	08/11/26 	_x86_64_	(2 CPU)

16:42:54        IFACE   rxpck/s   txpck/s    rxkB/s    txkB/s   rxcmp/s   txcmp/s  rxmcst/s   %ifutil
16:42:55         ens5     48.00     43.00      4.17      5.03      0.00      0.00      0.00      0.00

16:42:55        IFACE   rxpck/s   txpck/s    rxkB/s    txkB/s   rxcmp/s   txcmp/s  rxmcst/s   %ifutil
16:42:56         ens5     46.00     39.00      4.06      4.24      0.00      0.00      0.00      0.00

16:42:56        IFACE   rxpck/s   txpck/s    rxkB/s    txkB/s   rxcmp/s   txcmp/s  rxmcst/s   %ifutil
16:42:57         ens5     40.00     33.00      3.37      3.46      0.00      0.00      0.00      0.00

16:42:57        IFACE   rxpck/s   txpck/s    rxkB/s    txkB/s   rxcmp/s   txcmp/s  rxmcst/s   %ifutil
16:42:58         ens5      0.00      0.00      0.00      0.00      0.00      0.00      0.00      0.00

16:42:58        IFACE   rxpck/s   txpck/s    rxkB/s    txkB/s   rxcmp/s   txcmp/s  rxmcst/s   %ifutil
16:42:59         ens5      0.00      0.00      0.00      0.00      0.00      0.00      0.00      0.00

16:42:59        IFACE   rxpck/s   txpck/s    rxkB/s    txkB/s   rxcmp/s   txcmp/s  rxmcst/s   %ifutil
16:43:00         ens5      0.00      0.00      0.00      0.00      0.00      0.00      0.00      0.00

16:43:00        IFACE   rxpck/s   txpck/s    rxkB/s    txkB/s   rxcmp/s   txcmp/s  rxmcst/s   %ifutil
16:43:01         ens5      0.00      0.00      0.00      0.00      0.00      0.00      0.00      0.00

16:43:01        IFACE   rxpck/s   txpck/s    rxkB/s    txkB/s   rxcmp/s   txcmp/s  rxmcst/s   %ifutil
16:43:02         ens5      0.00      0.00      0.00      0.00      0.00      0.00      0.00      0.00

16:43:02        IFACE   rxpck/s   txpck/s    rxkB/s    txkB/s   rxcmp/s   txcmp/s  rxmcst/s   %ifutil
16:43:03         ens5      0.00      0.00      0.00      0.00      0.00      0.00      0.00      0.00

16:43:03        IFACE   rxpck/s   txpck/s    rxkB/s    txkB/s   rxcmp/s   txcmp/s  rxmcst/s   %ifutil
16:43:04         ens5      0.00      0.00      0.00      0.00      0.00      0.00      0.00      0.00

16:43:04        IFACE   rxpck/s   txpck/s    rxkB/s    txkB/s   rxcmp/s   txcmp/s  rxmcst/s   %ifutil
16:43:05         ens5     36.00     38.00     28.29     24.99      0.00      0.00      0.00      0.00

16:43:05        IFACE   rxpck/s   txpck/s    rxkB/s    txkB/s   rxcmp/s   txcmp/s  rxmcst/s   %ifutil
16:43:06         ens5      0.00      0.00      0.00      0.00      0.00      0.00      0.00      0.00

16:43:06        IFACE   rxpck/s   txpck/s    rxkB/s    txkB/s   rxcmp/s   txcmp/s  rxmcst/s   %ifutil
16:43:07         ens5      0.00      0.00      0.00      0.00      0.00      0.00      0.00      0.00

16:43:07        IFACE   rxpck/s   txpck/s    rxkB/s    txkB/s   rxcmp/s   txcmp/s  rxmcst/s   %ifutil
16:43:08         ens5      0.00      0.00      0.00      0.00      0.00      0.00      0.00      0.00

16:43:08        IFACE   rxpck/s   txpck/s    rxkB/s    txkB/s   rxcmp/s   txcmp/s  rxmcst/s   %ifutil
16:43:09         ens5     13.00     18.00      5.57     11.61      0.00      0.00      0.00      0.00

16:43:09        IFACE   rxpck/s   txpck/s    rxkB/s    txkB/s   rxcmp/s   txcmp/s  rxmcst/s   %ifutil
16:43:10         ens5    377.00    489.00    192.18    303.14      0.00      0.00      0.00      0.00

16:43:10        IFACE   rxpck/s   txpck/s    rxkB/s    txkB/s   rxcmp/s   txcmp/s  rxmcst/s   %ifutil
16:43:11         ens5    665.00    765.00    320.37    466.50      0.00      0.00      0.00      0.00

16:43:11        IFACE   rxpck/s   txpck/s    rxkB/s    txkB/s   rxcmp/s   txcmp/s  rxmcst/s   %ifutil
16:43:12         ens5     21.00     43.00     11.22     20.03      0.00      0.00      0.00      0.00

16:43:12        IFACE   rxpck/s   txpck/s    rxkB/s    txkB/s   rxcmp/s   txcmp/s  rxmcst/s   %ifutil
16:43:13         ens5      1.00      1.00      0.04      0.06      0.00      0.00      0.00      0.00

16:43:13        IFACE   rxpck/s   txpck/s    rxkB/s    txkB/s   rxcmp/s   txcmp/s  rxmcst/s   %ifutil
16:43:14         ens5      0.00      0.00      0.00      0.00      0.00      0.00      0.00      0.00

16:43:14        IFACE   rxpck/s   txpck/s    rxkB/s    txkB/s   rxcmp/s   txcmp/s  rxmcst/s   %ifutil
16:43:15         ens5      5.00      8.00      2.67      4.47      0.00      0.00      0.00      0.00

16:43:15        IFACE   rxpck/s   txpck/s    rxkB/s    txkB/s   rxcmp/s   txcmp/s  rxmcst/s   %ifutil
16:43:16         ens5      0.00      0.00      0.00      0.00      0.00      0.00      0.00      0.00

16:43:16        IFACE   rxpck/s   txpck/s    rxkB/s    txkB/s   rxcmp/s   txcmp/s  rxmcst/s   %ifutil
16:43:17         ens5      1.00      2.00      0.21      0.28      0.00      0.00      0.00      0.00

16:43:17        IFACE   rxpck/s   txpck/s    rxkB/s    txkB/s   rxcmp/s   txcmp/s  rxmcst/s   %ifutil
16:43:18         ens5      0.00      0.00      0.00      0.00      0.00      0.00      0.00      0.00

16:43:18        IFACE   rxpck/s   txpck/s    rxkB/s    txkB/s   rxcmp/s   txcmp/s  rxmcst/s   %ifutil
16:43:19         ens5      0.00      0.00      0.00      0.00      0.00      0.00      0.00      0.00

16:43:19        IFACE   rxpck/s   txpck/s    rxkB/s    txkB/s   rxcmp/s   txcmp/s  rxmcst/s   %ifutil
16:43:20         ens5      0.00      0.00      0.00      0.00      0.00      0.00      0.00      0.00

16:43:20        IFACE   rxpck/s   txpck/s    rxkB/s    txkB/s   rxcmp/s   txcmp/s  rxmcst/s   %ifutil
16:43:21         ens5      0.00      1.00      0.00      0.06      0.00      0.00      0.00      0.00

16:43:21        IFACE   rxpck/s   txpck/s    rxkB/s    txkB/s   rxcmp/s   txcmp/s  rxmcst/s   %ifutil
16:43:22         ens5      0.00      0.00      0.00      0.00      0.00      0.00      0.00      0.00


Average:        IFACE   rxpck/s   txpck/s    rxkB/s    txkB/s   rxcmp/s   txcmp/s  rxmcst/s   %ifutil
Average:         ens5     44.75     52.86     20.43     30.14      0.00      0.00      0.00      0.00
