Linux 7.0.0-1010-aws (ip-172-31-31-224) 	08/11/26 	_x86_64_	(2 CPU)

09:14:38    kbmemfree   kbavail kbmemused  %memused kbbuffers  kbcached  kbcommit   %commit  kbactive   kbinact   kbdirty
09:14:39       731376   1291328    439240     22.51     23128    678644   1610512     82.55    433104    614512       244
09:14:40       652248   1212204    518364     26.57     23128    678648   1694000     86.83    516456    614516       248
09:14:41       587736   1147692    582876     29.88     23128    678648   1752768     89.84    575732    614516       248
09:14:42       476352   1036308    694260     35.59     23128    678648   1869492     95.83    693684    614516       248
09:14:43       379584    939540    791028     40.55     23128    678648   1961156    100.53    783376    614516       248
09:14:44       348084    908052    822516     42.16     23128    678660   1990788    102.04    812544    614528       260
09:14:45       283824    843792    886776     45.45     23128    678660   2057968    105.49    882680    614528       260
09:14:46       138672    698640   1031928     52.90     23128    678660   2199296    112.73   1022056    614528       260
09:14:47       138672    698644   1031900     52.89     23152    678660   2199296    112.73   1022092    614528       304
09:14:48       138672    698644   1031900     52.89     23152    678660   2199296    112.73   1022092    614528       200
09:14:49       138672    698644   1031900     52.89     23152    678660   2199296    112.73   1022092    614528       200
09:14:50       138672    698644   1031896     52.89     23152    678664   2199296    112.73   1022092    614528       204
09:14:51       138672    698648   1031892     52.89     23152    678668   2199296    112.73   1022708    614532       208
09:14:52       138672    698648   1031892     52.89     23152    678668   2199296    112.73   1022708    614532       208
09:14:53       138672    698648   1031892     52.89     23152    678668   2199296    112.73   1022708    614532       208
09:14:54       138672    698648   1031892     52.89     23152    678668   2199296    112.73   1022708    614532       208
09:14:55       138672    698648   1031892     52.89     23152    678668   2199296    112.73   1022708    614532       208
09:14:56       138672    698676   1031888     52.89     23152    678672   2199296    112.73   1022788    614560       160
09:14:57       138672    698676   1031888     52.89     23152    678672   2199296    112.73   1022788    614560       160
09:14:58       138672    698676   1031888     52.89     23152    678672   2199296    112.73   1022788    614560       160
09:14:59       138672    698680   1031876     52.89     23152    678684   2199296    112.73   1022568    614564       176
09:15:00       138672    698684   1031876     52.89     23152    678684   2199296    112.73   1022636    614568       176
09:15:01       138672    698684   1031872     52.89     23152    678688   2199296    112.73   1022636    614568       180
09:15:02       138672    698684   1031872     52.89     23152    678688   2199296    112.73   1022636    614568       180


Average:       242360    802339    928217     47.58     23144    678665   2096863    107.48    920016    614537       215
