Linux 7.0.0-1010-aws (ip-172-31-31-224) 	08/11/26 	_x86_64_	(2 CPU)

09:14:38        IFACE   rxpck/s   txpck/s    rxkB/s    txkB/s   rxcmp/s   txcmp/s  rxmcst/s   %ifutil
09:14:39         ens5     52.00     50.00      4.26      6.22      0.00      0.00      0.00      0.00

09:14:39        IFACE   rxpck/s   txpck/s    rxkB/s    txkB/s   rxcmp/s   txcmp/s  rxmcst/s   %ifutil
09:14:40         ens5     39.00     32.00      3.33      4.21      0.00      0.00      0.00      0.00

09:14:40        IFACE   rxpck/s   txpck/s    rxkB/s    txkB/s   rxcmp/s   txcmp/s  rxmcst/s   %ifutil
09:14:41         ens5      4.00      9.00      0.20      1.90      0.00      0.00      0.00      0.00

09:14:41        IFACE   rxpck/s   txpck/s    rxkB/s    txkB/s   rxcmp/s   txcmp/s  rxmcst/s   %ifutil
09:14:42         ens5      7.00      6.00      0.36      1.28      0.00      0.00      0.00      0.00

09:14:42        IFACE   rxpck/s   txpck/s    rxkB/s    txkB/s   rxcmp/s   txcmp/s  rxmcst/s   %ifutil
09:14:43         ens5      5.00      5.00      0.25      1.10      0.00      0.00      0.00      0.00

09:14:43        IFACE   rxpck/s   txpck/s    rxkB/s    txkB/s   rxcmp/s   txcmp/s  rxmcst/s   %ifutil
09:14:44         ens5     10.00     10.00      0.51      2.09      0.00      0.00      0.00      0.00

09:14:44        IFACE   rxpck/s   txpck/s    rxkB/s    txkB/s   rxcmp/s   txcmp/s  rxmcst/s   %ifutil
09:14:45         ens5      6.00      6.00      0.30      1.31      0.00      0.00      0.00      0.00

09:14:45        IFACE   rxpck/s   txpck/s    rxkB/s    txkB/s   rxcmp/s   txcmp/s  rxmcst/s   %ifutil
09:14:46         ens5      2.00      3.00      0.10      0.66      0.00      0.00      0.00      0.00

09:14:46        IFACE   rxpck/s   txpck/s    rxkB/s    txkB/s   rxcmp/s   txcmp/s  rxmcst/s   %ifutil
09:14:47         ens5      4.00      3.00      0.23      0.48      0.00      0.00      0.00      0.00

09:14:47        IFACE   rxpck/s   txpck/s    rxkB/s    txkB/s   rxcmp/s   txcmp/s  rxmcst/s   %ifutil
09:14:48         ens5      0.00      0.00      0.00      0.00      0.00      0.00      0.00      0.00

09:14:48        IFACE   rxpck/s   txpck/s    rxkB/s    txkB/s   rxcmp/s   txcmp/s  rxmcst/s   %ifutil
09:14:49         ens5      0.00      0.00      0.00      0.00      0.00      0.00      0.00      0.00

09:14:49        IFACE   rxpck/s   txpck/s    rxkB/s    txkB/s   rxcmp/s   txcmp/s  rxmcst/s   %ifutil
09:14:50         ens5      7.00      5.00      0.43      0.69      0.00      0.00      0.00      0.00

09:14:50        IFACE   rxpck/s   txpck/s    rxkB/s    txkB/s   rxcmp/s   txcmp/s  rxmcst/s   %ifutil
09:14:51         ens5      0.00      0.00      0.00      0.00      0.00      0.00      0.00      0.00

09:14:51        IFACE   rxpck/s   txpck/s    rxkB/s    txkB/s   rxcmp/s   txcmp/s  rxmcst/s   %ifutil
09:14:52         ens5      0.00      0.00      0.00      0.00      0.00      0.00      0.00      0.00

09:14:52        IFACE   rxpck/s   txpck/s    rxkB/s    txkB/s   rxcmp/s   txcmp/s  rxmcst/s   %ifutil
09:14:53         ens5      0.00      0.00      0.00      0.00      0.00      0.00      0.00      0.00

09:14:53        IFACE   rxpck/s   txpck/s    rxkB/s    txkB/s   rxcmp/s   txcmp/s  rxmcst/s   %ifutil
09:14:54         ens5      0.00      0.00      0.00      0.00      0.00      0.00      0.00      0.00

09:14:54        IFACE   rxpck/s   txpck/s    rxkB/s    txkB/s   rxcmp/s   txcmp/s  rxmcst/s   %ifutil
09:14:55         ens5    267.00    202.00     16.57     28.05      0.00      0.00      0.00      0.00

09:14:55        IFACE   rxpck/s   txpck/s    rxkB/s    txkB/s   rxcmp/s   txcmp/s  rxmcst/s   %ifutil
09:14:56         ens5    609.00    462.00     37.73     63.86      0.00      0.00      0.00      0.00

09:14:56        IFACE   rxpck/s   txpck/s    rxkB/s    txkB/s   rxcmp/s   txcmp/s  rxmcst/s   %ifutil
09:14:57         ens5    250.00    189.00     15.48     26.17      0.00      0.00      0.00      0.00

09:14:57        IFACE   rxpck/s   txpck/s    rxkB/s    txkB/s   rxcmp/s   txcmp/s  rxmcst/s   %ifutil
09:14:58         ens5     70.00     51.00      4.29      6.97      0.00      0.00      0.00      0.00

09:14:58        IFACE   rxpck/s   txpck/s    rxkB/s    txkB/s   rxcmp/s   txcmp/s  rxmcst/s   %ifutil
09:14:59         ens5      0.00      0.00      0.00      0.00      0.00      0.00      0.00      0.00

09:14:59        IFACE   rxpck/s   txpck/s    rxkB/s    txkB/s   rxcmp/s   txcmp/s  rxmcst/s   %ifutil
09:15:00         ens5      0.00      0.00      0.00      0.00      0.00      0.00      0.00      0.00

09:15:00        IFACE   rxpck/s   txpck/s    rxkB/s    txkB/s   rxcmp/s   txcmp/s  rxmcst/s   %ifutil
09:15:01         ens5      0.00      0.00      0.00      0.00      0.00      0.00      0.00      0.00

09:15:01        IFACE   rxpck/s   txpck/s    rxkB/s    txkB/s   rxcmp/s   txcmp/s  rxmcst/s   %ifutil
09:15:02         ens5      0.00      0.00      0.00      0.00      0.00      0.00      0.00      0.00


Average:        IFACE   rxpck/s   txpck/s    rxkB/s    txkB/s   rxcmp/s   txcmp/s  rxmcst/s   %ifutil
Average:         ens5     55.43     42.99      3.50      6.03      0.00      0.00      0.00      0.00
