Linux 7.0.0-1010-aws (ip-172-31-20-134) 	08/11/26 	_x86_64_	(2 CPU)

17:26:48    kbmemfree   kbavail kbmemused  %memused kbbuffers  kbcached  kbcommit   %commit  kbactive   kbinact   kbdirty
17:26:49       105800   1317516    375372     19.24     29556   1292868   1491004     76.43    924580    669040      4736
17:26:50       105800   1317516    375372     19.24     29556   1292868   1491004     76.43    924580    669040      4736
17:26:51       105800   1317516    375368     19.24     29556   1292872   1491004     76.43    924596    669040       388
17:26:52       105800   1317516    375368     19.24     29556   1292872   1491004     76.43    924596    669040       388
17:26:53       105800   1317520    375368     19.24     29556   1292872   1491004     76.43    924596    669044       340
17:26:54       105800   1317520    375368     19.24     29556   1292872   1491004     76.43    924596    669044       340
17:26:55       105800   1317544    375328     19.24     29580   1292872   1492040     76.48    926248    669068       468
17:26:56       105800   1317592    375248     19.23     29580   1292952   1492040     76.48    926324    669116       548
17:26:57       105800   1317592    375244     19.23     29580   1292956   1492040     76.48    926324    669116       556
17:26:58       105800   1317592    375244     19.23     29580   1292956   1492040     76.48    926324    669116       556
17:26:59       105800   1317852    375084     19.23     29580   1293128   1517928     77.81    930004    669376       728
17:27:00       104876   1318696    374192     19.18     29580   1294948   1816020     93.09    941576    671144      2548
17:27:01        95008   1310652    382216     19.59     29580   1296764   1821400     93.36    946308    672952      4364
17:27:02        93968   1309948    382888     19.63     29580   1297068   1821684     93.38    944264    673264      4668
17:27:03        93968   1309948    382788     19.62     29580   1297168   1821684     93.38    944264    673264      4768
17:27:04        93968   1309948    382788     19.62     29580   1297168   1821684     93.38    942272    673264      4768
17:27:05        93968   1309948    382788     19.62     29580   1297168   1821684     93.38    940800    673264      4768


Average:       102327   1315436    377413     19.35     29572   1294257   1609192     82.48    931897    670423      2333
