Linux 7.0.0-1010-aws (ip-172-31-20-134) 	08/11/26 	_x86_64_	(2 CPU)

17:26:48        IFACE   rxpck/s   txpck/s    rxkB/s    txkB/s   rxcmp/s   txcmp/s  rxmcst/s   %ifutil
17:26:49         ens5     53.00     50.00      4.38      5.55      0.00      0.00      0.00      0.00

17:26:49        IFACE   rxpck/s   txpck/s    rxkB/s    txkB/s   rxcmp/s   txcmp/s  rxmcst/s   %ifutil
17:26:50         ens5      0.00      0.00      0.00      0.00      0.00      0.00      0.00      0.00

17:26:50        IFACE   rxpck/s   txpck/s    rxkB/s    txkB/s   rxcmp/s   txcmp/s  rxmcst/s   %ifutil
17:26:51         ens5      1.00      1.00      0.07      0.09      0.00      0.00      0.00      0.00

17:26:51        IFACE   rxpck/s   txpck/s    rxkB/s    txkB/s   rxcmp/s   txcmp/s  rxmcst/s   %ifutil
17:26:52         ens5      0.00      0.00      0.00      0.00      0.00      0.00      0.00      0.00

17:26:52        IFACE   rxpck/s   txpck/s    rxkB/s    txkB/s   rxcmp/s   txcmp/s  rxmcst/s   %ifutil
17:26:53         ens5      0.00      0.00      0.00      0.00      0.00      0.00      0.00      0.00

17:26:53        IFACE   rxpck/s   txpck/s    rxkB/s    txkB/s   rxcmp/s   txcmp/s  rxmcst/s   %ifutil
17:26:54         ens5      0.00      0.00      0.00      0.00      0.00      0.00      0.00      0.00

17:26:54        IFACE   rxpck/s   txpck/s    rxkB/s    txkB/s   rxcmp/s   txcmp/s  rxmcst/s   %ifutil
17:26:55         ens5     84.00     73.00     66.40     14.18      0.00      0.00      0.00      0.00

17:26:55        IFACE   rxpck/s   txpck/s    rxkB/s    txkB/s   rxcmp/s   txcmp/s  rxmcst/s   %ifutil
17:26:56         ens5      0.00      0.00      0.00      0.00      0.00      0.00      0.00      0.00

17:26:56        IFACE   rxpck/s   txpck/s    rxkB/s    txkB/s   rxcmp/s   txcmp/s  rxmcst/s   %ifutil
17:26:57         ens5      0.00      0.00      0.00      0.00      0.00      0.00      0.00      0.00

17:26:57        IFACE   rxpck/s   txpck/s    rxkB/s    txkB/s   rxcmp/s   txcmp/s  rxmcst/s   %ifutil
17:26:58         ens5      0.00      0.00      0.00      0.00      0.00      0.00      0.00      0.00

17:26:58        IFACE   rxpck/s   txpck/s    rxkB/s    txkB/s   rxcmp/s   txcmp/s  rxmcst/s   %ifutil
17:26:59         ens5    290.00    207.00    255.97     40.69      0.00      0.00      0.00      0.00

17:26:59        IFACE   rxpck/s   txpck/s    rxkB/s    txkB/s   rxcmp/s   txcmp/s  rxmcst/s   %ifutil
17:27:00         ens5   1688.00   1242.00   1436.54    246.89      0.00      0.00      0.00      0.00

17:27:00        IFACE   rxpck/s   txpck/s    rxkB/s    txkB/s   rxcmp/s   txcmp/s  rxmcst/s   %ifutil
17:27:01         ens5   1542.00   1444.00   1377.35    221.55      0.00      0.00      0.00      0.00

17:27:01        IFACE   rxpck/s   txpck/s    rxkB/s    txkB/s   rxcmp/s   txcmp/s  rxmcst/s   %ifutil
17:27:02         ens5    293.00    290.00    273.47     50.44      0.00      0.00      0.00      0.00

17:27:02        IFACE   rxpck/s   txpck/s    rxkB/s    txkB/s   rxcmp/s   txcmp/s  rxmcst/s   %ifutil
17:27:03         ens5      0.00      0.00      0.00      0.00      0.00      0.00      0.00      0.00

17:27:03        IFACE   rxpck/s   txpck/s    rxkB/s    txkB/s   rxcmp/s   txcmp/s  rxmcst/s   %ifutil
17:27:04         ens5      0.00      0.00      0.00      0.00      0.00      0.00      0.00      0.00

17:27:04        IFACE   rxpck/s   txpck/s    rxkB/s    txkB/s   rxcmp/s   txcmp/s  rxmcst/s   %ifutil
17:27:05         ens5      0.00      0.00      0.00      0.00      0.00      0.00      0.00      0.00


Average:        IFACE   rxpck/s   txpck/s    rxkB/s    txkB/s   rxcmp/s   txcmp/s  rxmcst/s   %ifutil
Average:         ens5    232.41    194.53    200.83     34.08      0.00      0.00      0.00      0.00
