Linux 7.0.0-1008-aws (ip-172-31-31-224) 	08/07/26 	_x86_64_	(2 CPU)

06:19:00    kbmemfree   kbavail kbmemused  %memused kbbuffers  kbcached  kbcommit   %commit  kbactive   kbinact   kbdirty
06:19:01       722296   1250248    403168     20.67     11976    658692   1456800     74.68    247696    729364        16
06:19:02       642160   1170112    483304     24.77     11976    658692   1544248     79.16    334068    729364        16
06:19:03       585460   1113412    540004     27.68     11976    658692   1607176     82.39    395800    729364        12
06:19:04       466264    994216    659200     33.79     11976    658692   1724100     88.38    514920    729364        12
06:19:05       385624    913576    739840     37.93     11976    658692   1807564     92.66    595892    729364        12
06:19:06       289108    817060    836356     42.87     11976    658692   1899832     97.39    687036    729364        12
06:19:07       232660    760612    892804     45.77     11976    658692   1953920    100.16    741228    729364        12
06:19:08       152020    679972    973444     49.90     11976    658692   2041352    104.64    829556    729364        12
06:19:09       152020    679972    973444     49.90     11976    658692   2041352    104.64    829556    729364        12
06:19:10       152020    679972    973444     49.90     11976    658692   2041352    104.64    829556    729364        12
06:19:11       152020    679972    973444     49.90     11976    658692   2041352    104.64    829556    729364        12
06:19:12       152020    679972    973444     49.90     11976    658692   2041352    104.64    829556    729364        12
06:19:13       152020    679972    973444     49.90     11976    658692   2041352    104.64    829556    729364        12
06:19:14       152020    679972    973444     49.90     11976    658692   2041352    104.64    829556    729364        12
06:19:15       152020    679972    973444     49.90     11976    658692   2041416    104.65    829556    729364        12
06:19:16       152020    679972    973444     49.90     11976    658692   2041416    104.65    829556    729364        12
06:19:17       152020    679972    973444     49.90     11976    658692   2041356    104.64    829556    729364        12
06:19:18       152020    679980    973420     49.90     12000    658692   2041356    104.64    829704    729372       100
06:19:19       152020    679980    973420     49.90     12000    658692   2041356    104.64    829704    729372       100
06:19:20       152020    679980    973420     49.90     12000    658692   2041356    104.64    829704    729372       100
06:19:21       152020    679980    973416     49.90     12000    658696   2041356    104.64    829704    729372       104
06:19:22       152020    679980    973416     49.90     12000    658696   2041356    104.64    829704    729372       104
06:19:23       152020    679980    973416     49.90     12000    658696   2041356    104.64    829704    729372       104
06:19:24       152020    679980    973416     49.90     12000    658696   2041356    104.64    829704    729372       104
06:19:25       152020    679980    973416     49.90     12000    658696   2041420    104.65    829704    729372       104
06:19:26       152020    679980    973416     49.90     12000    658696   2041420    104.65    829704    729372       104
06:19:27       152020    679980    973416     49.90     12000    658696   2041420    104.65    829704    729372       104
06:19:28       152020    679980    973416     49.90     12000    658696   2041420    104.65    829704    729372       104
06:19:29       152020    680000    973416     49.90     12000    658696   2041420    104.65    829808    729392       104
06:19:30       152020    680000    973416     49.90     12000    658696   2041420    104.65    829808    729392       104
06:19:31       152020    680000    973416     49.90     12000    658696   2041420    104.65    829916    729392        96
06:19:32       152020    680000    973416     49.90     12000    658696   2041420    104.65    829916    729392       100
06:19:33       152020    680000    973416     49.90     12000    658696   2041420    104.65    829916    729392       100
06:19:34       152020    680000    973412     49.90     12000    658700   2041420    104.65    829916    729392       104
06:19:35       152020    680000    973412     49.90     12000    658700   2041484    104.65    829916    729392       104
06:19:36       152020    680000    973412     49.90     12000    658700   2041484    104.65    829916    729392       104
06:19:37       152020    680000    973412     49.90     12000    658700   2041484    104.65    829916    729392       104
06:19:38       152020    680000    973412     49.90     12000    658700   2041484    104.65    829916    729392       104
06:19:39       152020    680000    973412     49.90     12000    658700   2041484    104.65    829916    729392       104
06:19:40       152020    680000    973412     49.90     12000    658700   2041484    104.65    829916    729392       104
06:19:41       152020    680000    973408     49.90     12000    658704   2041484    104.65    829916    729392       108
06:19:42       152020    680000    973408     49.90     12000    658704   2041484    104.65    829916    729392       108
06:19:43       152020    680000    973408     49.90     12000    658704   2041484    104.65    829916    729392       108
06:19:44       152020    680004    973408     49.90     12000    658704   2041484    104.65    830036    729396       108
06:19:45       152020    680004    973408     49.90     12000    658704   2042060    104.68    830120    729396       108
06:19:46       152020    680008    973408     49.90     12000    658704   2042060    104.68    830156    729400       108
06:19:47       152020    680008    973408     49.90     12000    658704   2042060    104.68    830156    729400       108
06:19:48       152020    680016    973384     49.90     12024    658704   2042060    104.68    830344    729408       108
06:19:49       152020    680016    973384     49.90     12024    658704   2042060    104.68    830372    729408        20
06:19:50       152020    680016    973380     49.90     12024    658708   2042060    104.68    830372    729408        24
06:19:51       152020    680032    973380     49.90     12024    658708   2042060    104.68    830480    729424        24
06:19:52       152020    680032    973380     49.90     12024    658708   2042060    104.68    830480    729424        24
06:19:53       152020    680032    973380     49.90     12024    658708   2042316    104.69    830480    729424        24
06:19:54       152020    680036    973380     49.90     12024    658708   2042380    104.70    830600    729428        24
06:19:55       152020    680036    973380     49.90     12024    658708   2042636    104.71    830724    729428        24
06:19:56       151264    679280    974136     49.94     12024    658708   2042636    104.71    831680    729428        24
06:19:57       148492    676508    976908     50.08     12024    658708   2046804    104.92    834368    729428        24
06:19:58       145972    673988    979428     50.21     12024    658708   2046804    104.92    837136    729428        24
06:19:59       142948    670964    982452     50.36     12024    658708   2050900    105.13    839864    729428        24
06:20:00       140680    668696    984716     50.48     12024    658712   2050900    105.13    842340    729428        28
06:20:01       137908    665928    987488     50.62     12024    658712   2054996    105.34    845192    729432        28
06:20:02       136648    664668    988748     50.68     12024    658712   2059092    105.55    846424    729432         8
06:20:03       134380    662400    991016     50.80     12024    658712   2059092    105.55    848696    729432        12
06:20:04       131104    659124    994292     50.97     12024    658712   2063188    105.76    851516    729432        12
06:20:05       128584    656604    996812     51.10     12024    658712   2063252    105.77    854400    729432        12
06:20:06       123304    651324   1002092     51.37     12024    658712   2067604    105.99    857224    729428        20
06:20:07       122044    650068   1003348     51.43     12024    658716   2071956    106.21    860064    729432        24
06:20:08       120028    648052   1005364     51.54     12024    658716   2071956    106.21    862924    729432        24
06:20:09       116752    644776   1008640     51.70     12024    658716   2076052    106.42    865892    729432        24
06:20:10       113224    641248   1012168     51.89     12024    658716   2080392    106.64    868672    729432        24
06:20:11       111208    639232   1014184     51.99     12024    658716   2080392    106.64    871356    729432        24
06:20:12       108688    636712   1016704     52.12     12024    658716   2084488    106.85    874004    729432        24
06:20:13       106168    634192   1019224     52.25     12024    658716   2088584    107.06    876900    729432        24
06:20:14       102892    630916   1022500     52.41     12024    658716   2088648    107.07    879752    729432        24
06:20:15       100120    628144   1025272     52.56     12024    658716   2093000    107.29    882480    729432        24
06:20:16        97600    625624   1027792     52.69     12024    658716   2097352    107.51    885288    729432        24
06:20:17        94828    622852   1030564     52.83     12024    658716   2097352    107.51    888020    729432        24
06:20:18        92056    620104   1033312     52.97     12048    658716   2101448    107.72    890876    729456        84
06:20:19        89284    617332   1036084     53.11     12048    658716   2105544    107.93    893640    729456        84
06:20:20        86512    614560   1038856     53.25     12048    658716   2105544    107.93    896296    729456        84
06:20:21        83488    611540   1041876     53.41     12048    658720   2109640    108.14    899340    729460        88
06:20:22        80716    608768   1044648     53.55     12048    658720   2113808    108.36    901956    729460        88
06:20:23        78196    606248   1047168     53.68     12048    658720   2114064    108.37    904548    729460        88
06:20:24        75424    603476   1049940     53.82     12048    658720   2118224    108.58    907240    729460        88
06:20:25        74668    602720   1050696     53.86     12048    658720   2118224    108.58    908264    729460        88

Average:       164655    692647    960765     49.25     12008    658704   2028371    103.98    817155    729403        56
