Linux 7.0.0-1008-aws (ip-172-31-31-224) 	08/07/26 	_x86_64_	(2 CPU)

06:19:00        IFACE   rxpck/s   txpck/s    rxkB/s    txkB/s   rxcmp/s   txcmp/s  rxmcst/s   %ifutil
06:19:01         ens5     39.00     35.00      3.84      5.50      0.00      0.00      0.00      0.00

06:19:01        IFACE   rxpck/s   txpck/s    rxkB/s    txkB/s   rxcmp/s   txcmp/s  rxmcst/s   %ifutil
06:19:02         ens5     34.00     29.00      3.10      4.02      0.00      0.00      0.00      0.00

06:19:02        IFACE   rxpck/s   txpck/s    rxkB/s    txkB/s   rxcmp/s   txcmp/s  rxmcst/s   %ifutil
06:19:03         ens5     11.00     10.00      0.59      2.00      0.00      0.00      0.00      0.00

06:19:03        IFACE   rxpck/s   txpck/s    rxkB/s    txkB/s   rxcmp/s   txcmp/s  rxmcst/s   %ifutil
06:19:04         ens5     41.00     38.00      3.77      5.18      0.00      0.00      0.00      0.00

06:19:04        IFACE   rxpck/s   txpck/s    rxkB/s    txkB/s   rxcmp/s   txcmp/s  rxmcst/s   %ifutil
06:19:05         ens5     17.00     14.00      1.43      2.09      0.00      0.00      0.00      0.00

06:19:05        IFACE   rxpck/s   txpck/s    rxkB/s    txkB/s   rxcmp/s   txcmp/s  rxmcst/s   %ifutil
06:19:06         ens5     11.00     11.00      0.56      2.30      0.00      0.00      0.00      0.00

06:19:06        IFACE   rxpck/s   txpck/s    rxkB/s    txkB/s   rxcmp/s   txcmp/s  rxmcst/s   %ifutil
06:19:07         ens5      5.00      5.00      0.25      1.10      0.00      0.00      0.00      0.00

06:19:07        IFACE   rxpck/s   txpck/s    rxkB/s    txkB/s   rxcmp/s   txcmp/s  rxmcst/s   %ifutil
06:19:08         ens5      5.00      5.00      0.25      1.05      0.00      0.00      0.00      0.00

06:19:08        IFACE   rxpck/s   txpck/s    rxkB/s    txkB/s   rxcmp/s   txcmp/s  rxmcst/s   %ifutil
06:19:09         ens5      0.00      0.00      0.00      0.00      0.00      0.00      0.00      0.00

06:19:09        IFACE   rxpck/s   txpck/s    rxkB/s    txkB/s   rxcmp/s   txcmp/s  rxmcst/s   %ifutil
06:19:10         ens5      0.00      0.00      0.00      0.00      0.00      0.00      0.00      0.00

06:19:10        IFACE   rxpck/s   txpck/s    rxkB/s    txkB/s   rxcmp/s   txcmp/s  rxmcst/s   %ifutil
06:19:11         ens5      0.00      0.00      0.00      0.00      0.00      0.00      0.00      0.00

06:19:11        IFACE   rxpck/s   txpck/s    rxkB/s    txkB/s   rxcmp/s   txcmp/s  rxmcst/s   %ifutil
06:19:12         ens5     72.00    165.00     33.91    163.33      0.00      0.00      0.00      0.00

06:19:12        IFACE   rxpck/s   txpck/s    rxkB/s    txkB/s   rxcmp/s   txcmp/s  rxmcst/s   %ifutil
06:19:13         ens5    111.00    265.00     57.29    259.16      0.00      0.00      0.00      0.00

06:19:13        IFACE   rxpck/s   txpck/s    rxkB/s    txkB/s   rxcmp/s   txcmp/s  rxmcst/s   %ifutil
06:19:14         ens5    113.00    271.00     56.05    259.76      0.00      0.00      0.00      0.00

06:19:14        IFACE   rxpck/s   txpck/s    rxkB/s    txkB/s   rxcmp/s   txcmp/s  rxmcst/s   %ifutil
06:19:15         ens5    114.00    278.00     58.72    269.10      0.00      0.00      0.00      0.00

06:19:15        IFACE   rxpck/s   txpck/s    rxkB/s    txkB/s   rxcmp/s   txcmp/s  rxmcst/s   %ifutil
06:19:16         ens5    114.00    273.00     58.71    268.72      0.00      0.00      0.00      0.00

06:19:16        IFACE   rxpck/s   txpck/s    rxkB/s    txkB/s   rxcmp/s   txcmp/s  rxmcst/s   %ifutil
06:19:17         ens5    113.00    277.00     58.67    269.03      0.00      0.00      0.00      0.00

06:19:17        IFACE   rxpck/s   txpck/s    rxkB/s    txkB/s   rxcmp/s   txcmp/s  rxmcst/s   %ifutil
06:19:18         ens5    110.00    276.00     58.52    268.88      0.00      0.00      0.00      0.00

06:19:18        IFACE   rxpck/s   txpck/s    rxkB/s    txkB/s   rxcmp/s   txcmp/s  rxmcst/s   %ifutil
06:19:19         ens5    112.00    272.00     58.52    268.71      0.00      0.00      0.00      0.00

06:19:19        IFACE   rxpck/s   txpck/s    rxkB/s    txkB/s   rxcmp/s   txcmp/s  rxmcst/s   %ifutil
06:19:20         ens5    110.00    266.00     57.33    259.43      0.00      0.00      0.00      0.00

06:19:20        IFACE   rxpck/s   txpck/s    rxkB/s    txkB/s   rxcmp/s   txcmp/s  rxmcst/s   %ifutil
06:19:21         ens5     96.00    270.00     55.25    259.81      0.00      0.00      0.00      0.00

06:19:21        IFACE   rxpck/s   txpck/s    rxkB/s    txkB/s   rxcmp/s   txcmp/s  rxmcst/s   %ifutil
06:19:22         ens5     98.00    275.00     57.81    268.98      0.00      0.00      0.00      0.00

06:19:22        IFACE   rxpck/s   txpck/s    rxkB/s    txkB/s   rxcmp/s   txcmp/s  rxmcst/s   %ifutil
06:19:23         ens5     99.00    275.00     57.88    269.00      0.00      0.00      0.00      0.00

06:19:23        IFACE   rxpck/s   txpck/s    rxkB/s    txkB/s   rxcmp/s   txcmp/s  rxmcst/s   %ifutil
06:19:24         ens5     98.00    269.00     57.72    268.67      0.00      0.00      0.00      0.00

06:19:24        IFACE   rxpck/s   txpck/s    rxkB/s    txkB/s   rxcmp/s   txcmp/s  rxmcst/s   %ifutil
06:19:25         ens5     97.00    272.00     57.77    268.85      0.00      0.00      0.00      0.00

06:19:25        IFACE   rxpck/s   txpck/s    rxkB/s    txkB/s   rxcmp/s   txcmp/s  rxmcst/s   %ifutil
06:19:26         ens5    100.00    271.00     58.02    268.78      0.00      0.00      0.00      0.00

06:19:26        IFACE   rxpck/s   txpck/s    rxkB/s    txkB/s   rxcmp/s   txcmp/s  rxmcst/s   %ifutil
06:19:27         ens5     98.00    274.00     57.91    268.89      0.00      0.00      0.00      0.00

06:19:27        IFACE   rxpck/s   txpck/s    rxkB/s    txkB/s   rxcmp/s   txcmp/s  rxmcst/s   %ifutil
06:19:28         ens5    101.00    274.00     58.10    269.01      0.00      0.00      0.00      0.00

06:19:28        IFACE   rxpck/s   txpck/s    rxkB/s    txkB/s   rxcmp/s   txcmp/s  rxmcst/s   %ifutil
06:19:29         ens5    100.00    266.00     56.77    259.39      0.00      0.00      0.00      0.00

06:19:29        IFACE   rxpck/s   txpck/s    rxkB/s    txkB/s   rxcmp/s   txcmp/s  rxmcst/s   %ifutil
06:19:30         ens5     97.00    268.00     55.34    259.75      0.00      0.00      0.00      0.00

06:19:30        IFACE   rxpck/s   txpck/s    rxkB/s    txkB/s   rxcmp/s   txcmp/s  rxmcst/s   %ifutil
06:19:31         ens5    102.00    282.00     60.64    278.37      0.00      0.00      0.00      0.00

06:19:31        IFACE   rxpck/s   txpck/s    rxkB/s    txkB/s   rxcmp/s   txcmp/s  rxmcst/s   %ifutil
06:19:32         ens5    100.00    276.00     57.94    269.16      0.00      0.00      0.00      0.00

06:19:32        IFACE   rxpck/s   txpck/s    rxkB/s    txkB/s   rxcmp/s   txcmp/s  rxmcst/s   %ifutil
06:19:33         ens5     98.00    268.00     55.38    259.71      0.00      0.00      0.00      0.00

06:19:33        IFACE   rxpck/s   txpck/s    rxkB/s    txkB/s   rxcmp/s   txcmp/s  rxmcst/s   %ifutil
06:19:34         ens5    100.00    275.00     58.02    269.05      0.00      0.00      0.00      0.00

06:19:34        IFACE   rxpck/s   txpck/s    rxkB/s    txkB/s   rxcmp/s   txcmp/s  rxmcst/s   %ifutil
06:19:35         ens5     98.00    279.00     57.82    269.27      0.00      0.00      0.00      0.00

06:19:35        IFACE   rxpck/s   txpck/s    rxkB/s    txkB/s   rxcmp/s   txcmp/s  rxmcst/s   %ifutil
06:19:36         ens5     98.00    273.00     57.82    268.94      0.00      0.00      0.00      0.00

06:19:36        IFACE   rxpck/s   txpck/s    rxkB/s    txkB/s   rxcmp/s   txcmp/s  rxmcst/s   %ifutil
06:19:37         ens5     99.00    275.00     57.94    269.02      0.00      0.00      0.00      0.00

06:19:37        IFACE   rxpck/s   txpck/s    rxkB/s    txkB/s   rxcmp/s   txcmp/s  rxmcst/s   %ifutil
06:19:38         ens5    101.00    278.00     58.08    269.20      0.00      0.00      0.00      0.00

06:19:38        IFACE   rxpck/s   txpck/s    rxkB/s    txkB/s   rxcmp/s   txcmp/s  rxmcst/s   %ifutil
06:19:39         ens5    101.00    277.00     58.08    269.14      0.00      0.00      0.00      0.00

06:19:39        IFACE   rxpck/s   txpck/s    rxkB/s    txkB/s   rxcmp/s   txcmp/s  rxmcst/s   %ifutil
06:19:40         ens5     99.00    274.00     57.95    268.97      0.00      0.00      0.00      0.00

06:19:40        IFACE   rxpck/s   txpck/s    rxkB/s    txkB/s   rxcmp/s   txcmp/s  rxmcst/s   %ifutil
06:19:41         ens5     98.00    275.00     57.92    269.04      0.00      0.00      0.00      0.00

06:19:41        IFACE   rxpck/s   txpck/s    rxkB/s    txkB/s   rxcmp/s   txcmp/s  rxmcst/s   %ifutil
06:19:42         ens5     97.00    274.00     57.86    268.89      0.00      0.00      0.00      0.00

06:19:42        IFACE   rxpck/s   txpck/s    rxkB/s    txkB/s   rxcmp/s   txcmp/s  rxmcst/s   %ifutil
06:19:43         ens5     97.00    266.00     56.52    258.20      0.00      0.00      0.00      0.00

06:19:43        IFACE   rxpck/s   txpck/s    rxkB/s    txkB/s   rxcmp/s   txcmp/s  rxmcst/s   %ifutil
06:19:44         ens5    102.00    278.00     58.16    270.51      0.00      0.00      0.00      0.00

06:19:44        IFACE   rxpck/s   txpck/s    rxkB/s    txkB/s   rxcmp/s   txcmp/s  rxmcst/s   %ifutil
06:19:45         ens5     98.00    266.00     57.82    259.59      0.00      0.00      0.00      0.00

06:19:45        IFACE   rxpck/s   txpck/s    rxkB/s    txkB/s   rxcmp/s   txcmp/s  rxmcst/s   %ifutil
06:19:46         ens5     99.00    282.00     57.96    278.34      0.00      0.00      0.00      0.00

06:19:46        IFACE   rxpck/s   txpck/s    rxkB/s    txkB/s   rxcmp/s   txcmp/s  rxmcst/s   %ifutil
06:19:47         ens5     98.00    268.00     55.34    259.69      0.00      0.00      0.00      0.00

06:19:47        IFACE   rxpck/s   txpck/s    rxkB/s    txkB/s   rxcmp/s   txcmp/s  rxmcst/s   %ifutil
06:19:48         ens5     99.00    274.00     57.97    268.95      0.00      0.00      0.00      0.00

06:19:48        IFACE   rxpck/s   txpck/s    rxkB/s    txkB/s   rxcmp/s   txcmp/s  rxmcst/s   %ifutil
06:19:49         ens5    100.00    274.00     58.03    268.99      0.00      0.00      0.00      0.00

06:19:49        IFACE   rxpck/s   txpck/s    rxkB/s    txkB/s   rxcmp/s   txcmp/s  rxmcst/s   %ifutil
06:19:50         ens5    101.00    274.00     58.05    268.95      0.00      0.00      0.00      0.00

06:19:50        IFACE   rxpck/s   txpck/s    rxkB/s    txkB/s   rxcmp/s   txcmp/s  rxmcst/s   %ifutil
06:19:51         ens5    100.00    273.00     58.01    268.93      0.00      0.00      0.00      0.00

06:19:51        IFACE   rxpck/s   txpck/s    rxkB/s    txkB/s   rxcmp/s   txcmp/s  rxmcst/s   %ifutil
06:19:52         ens5     96.00    272.00     57.79    268.77      0.00      0.00      0.00      0.00

06:19:52        IFACE   rxpck/s   txpck/s    rxkB/s    txkB/s   rxcmp/s   txcmp/s  rxmcst/s   %ifutil
06:19:53         ens5     90.00    260.00     53.54    250.12      0.00      0.00      0.00      0.00

06:19:53        IFACE   rxpck/s   txpck/s    rxkB/s    txkB/s   rxcmp/s   txcmp/s  rxmcst/s   %ifutil
06:19:54         ens5     99.00    266.00     56.77    259.50      0.00      0.00      0.00      0.00

06:19:54        IFACE   rxpck/s   txpck/s    rxkB/s    txkB/s   rxcmp/s   txcmp/s  rxmcst/s   %ifutil
06:19:55         ens5     99.00    278.00     57.93    269.17      0.00      0.00      0.00      0.00

06:19:55        IFACE   rxpck/s   txpck/s    rxkB/s    txkB/s   rxcmp/s   txcmp/s  rxmcst/s   %ifutil
06:19:56         ens5    101.00    271.00     58.06    268.76      0.00      0.00      0.00      0.00

06:19:56        IFACE   rxpck/s   txpck/s    rxkB/s    txkB/s   rxcmp/s   txcmp/s  rxmcst/s   %ifutil
06:19:57         ens5     99.00    276.00     57.96    269.11      0.00      0.00      0.00      0.00

06:19:57        IFACE   rxpck/s   txpck/s    rxkB/s    txkB/s   rxcmp/s   txcmp/s  rxmcst/s   %ifutil
06:19:58         ens5    101.00    263.00     58.08    259.43      0.00      0.00      0.00      0.00

06:19:58        IFACE   rxpck/s   txpck/s    rxkB/s    txkB/s   rxcmp/s   txcmp/s  rxmcst/s   %ifutil
06:19:59         ens5     97.00    273.00     55.22    268.92      0.00      0.00      0.00      0.00

06:19:59        IFACE   rxpck/s   txpck/s    rxkB/s    txkB/s   rxcmp/s   txcmp/s  rxmcst/s   %ifutil
06:20:00         ens5     93.00    259.00     53.91    250.04      0.00      0.00      0.00      0.00

06:20:00        IFACE   rxpck/s   txpck/s    rxkB/s    txkB/s   rxcmp/s   txcmp/s  rxmcst/s   %ifutil
06:20:01         ens5    101.00    273.00     58.09    268.92      0.00      0.00      0.00      0.00

06:20:01        IFACE   rxpck/s   txpck/s    rxkB/s    txkB/s   rxcmp/s   txcmp/s  rxmcst/s   %ifutil
06:20:02         ens5     44.00    120.00     24.86    115.44      0.00      0.00      0.00      0.00

06:20:02        IFACE   rxpck/s   txpck/s    rxkB/s    txkB/s   rxcmp/s   txcmp/s  rxmcst/s   %ifutil
06:20:03         ens5     78.00    214.00     45.55    211.23      0.00      0.00      0.00      0.00

06:20:03        IFACE   rxpck/s   txpck/s    rxkB/s    txkB/s   rxcmp/s   txcmp/s  rxmcst/s   %ifutil
06:20:04         ens5    110.89    275.25     57.96    266.59      0.00      0.00      0.00      0.00

06:20:04        IFACE   rxpck/s   txpck/s    rxkB/s    txkB/s   rxcmp/s   txcmp/s  rxmcst/s   %ifutil
06:20:05         ens5    114.00    274.00     58.74    268.98      0.00      0.00      0.00      0.00

06:20:05        IFACE   rxpck/s   txpck/s    rxkB/s    txkB/s   rxcmp/s   txcmp/s  rxmcst/s   %ifutil
06:20:06         ens5    114.00    276.00     58.71    269.10      0.00      0.00      0.00      0.00

06:20:06        IFACE   rxpck/s   txpck/s    rxkB/s    txkB/s   rxcmp/s   txcmp/s  rxmcst/s   %ifutil
06:20:07         ens5    115.00    272.00     58.78    268.84      0.00      0.00      0.00      0.00

06:20:07        IFACE   rxpck/s   txpck/s    rxkB/s    txkB/s   rxcmp/s   txcmp/s  rxmcst/s   %ifutil
06:20:08         ens5    114.00    277.00     58.75    269.19      0.00      0.00      0.00      0.00

06:20:08        IFACE   rxpck/s   txpck/s    rxkB/s    txkB/s   rxcmp/s   txcmp/s  rxmcst/s   %ifutil
06:20:09         ens5    114.00    275.00     58.74    269.03      0.00      0.00      0.00      0.00

06:20:09        IFACE   rxpck/s   txpck/s    rxkB/s    txkB/s   rxcmp/s   txcmp/s  rxmcst/s   %ifutil
06:20:10         ens5    113.00    275.00     58.67    269.05      0.00      0.00      0.00      0.00

06:20:10        IFACE   rxpck/s   txpck/s    rxkB/s    txkB/s   rxcmp/s   txcmp/s  rxmcst/s   %ifutil
06:20:11         ens5    115.00    275.00     58.78    269.04      0.00      0.00      0.00      0.00

06:20:11        IFACE   rxpck/s   txpck/s    rxkB/s    txkB/s   rxcmp/s   txcmp/s  rxmcst/s   %ifutil
06:20:12         ens5    112.00    273.00     58.62    268.92      0.00      0.00      0.00      0.00

06:20:12        IFACE   rxpck/s   txpck/s    rxkB/s    txkB/s   rxcmp/s   txcmp/s  rxmcst/s   %ifutil
06:20:13         ens5    115.00    276.00     58.78    269.08      0.00      0.00      0.00      0.00

06:20:13        IFACE   rxpck/s   txpck/s    rxkB/s    txkB/s   rxcmp/s   txcmp/s  rxmcst/s   %ifutil
06:20:14         ens5    111.00    275.00     58.50    269.00      0.00      0.00      0.00      0.00

06:20:14        IFACE   rxpck/s   txpck/s    rxkB/s    txkB/s   rxcmp/s   txcmp/s  rxmcst/s   %ifutil
06:20:15         ens5    109.00    278.00     58.34    269.21      0.00      0.00      0.00      0.00

06:20:15        IFACE   rxpck/s   txpck/s    rxkB/s    txkB/s   rxcmp/s   txcmp/s  rxmcst/s   %ifutil
06:20:16         ens5     99.00    278.00     57.96    269.22      0.00      0.00      0.00      0.00

06:20:16        IFACE   rxpck/s   txpck/s    rxkB/s    txkB/s   rxcmp/s   txcmp/s  rxmcst/s   %ifutil
06:20:17         ens5    100.00    273.00     58.05    268.97      0.00      0.00      0.00      0.00

06:20:17        IFACE   rxpck/s   txpck/s    rxkB/s    txkB/s   rxcmp/s   txcmp/s  rxmcst/s   %ifutil
06:20:18         ens5     99.00    274.00     57.96    269.02      0.00      0.00      0.00      0.00

06:20:18        IFACE   rxpck/s   txpck/s    rxkB/s    txkB/s   rxcmp/s   txcmp/s  rxmcst/s   %ifutil
06:20:19         ens5    112.00    277.00     58.52    269.11      0.00      0.00      0.00      0.00

06:20:19        IFACE   rxpck/s   txpck/s    rxkB/s    txkB/s   rxcmp/s   txcmp/s  rxmcst/s   %ifutil
06:20:20         ens5    113.00    280.00     58.67    269.38      0.00      0.00      0.00      0.00

06:20:20        IFACE   rxpck/s   txpck/s    rxkB/s    txkB/s   rxcmp/s   txcmp/s  rxmcst/s   %ifutil
06:20:21         ens5    114.00    275.00     58.72    269.04      0.00      0.00      0.00      0.00

06:20:21        IFACE   rxpck/s   txpck/s    rxkB/s    txkB/s   rxcmp/s   txcmp/s  rxmcst/s   %ifutil
06:20:22         ens5    113.00    265.00     57.46    259.42      0.00      0.00      0.00      0.00

06:20:22        IFACE   rxpck/s   txpck/s    rxkB/s    txkB/s   rxcmp/s   txcmp/s  rxmcst/s   %ifutil
06:20:23         ens5    112.00    268.00     55.88    259.73      0.00      0.00      0.00      0.00

06:20:23        IFACE   rxpck/s   txpck/s    rxkB/s    txkB/s   rxcmp/s   txcmp/s  rxmcst/s   %ifutil
06:20:24         ens5    115.00    276.00     58.78    269.10      0.00      0.00      0.00      0.00

06:20:24        IFACE   rxpck/s   txpck/s    rxkB/s    txkB/s   rxcmp/s   txcmp/s  rxmcst/s   %ifutil
06:20:25         ens5     40.00    100.00     20.94     96.22      0.00      0.00      0.00      0.00


Average:        IFACE   rxpck/s   txpck/s    rxkB/s    txkB/s   rxcmp/s   txcmp/s  rxmcst/s   %ifutil
Average:         ens5     90.27    233.62     49.19    226.90      0.00      0.00      0.00      0.00
