Linux 7.0.0-1010-aws (ip-172-31-20-134) 	08/11/26 	_x86_64_	(2 CPU)

18:57:52    kbmemfree   kbavail kbmemused  %memused kbbuffers  kbcached  kbcommit   %commit  kbactive   kbinact   kbdirty
18:57:53       109476   1317220    375052     19.22     34416   1283444   1487188     76.23    946764    647324       364
18:57:54       109476   1317220    375052     19.22     34416   1283444   1487188     76.23    946764    647324       364
18:57:55       109476   1317220    375028     19.22     34440   1283444   1487188     76.23    946932    647324       436
18:57:56       109476   1317220    375028     19.22     34440   1283444   1487188     76.23    946932    647324       436
18:57:57       109476   1317220    375028     19.22     34440   1283444   1487188     76.23    946932    647324       440
18:57:58       109476   1317220    375028     19.22     34440   1283444   1487188     76.23    946932    647324       440
18:57:59       109228   1317008    375268     19.24     34440   1283456   1488428     76.29    948952    647360       452
18:58:00       109228   1317008    375212     19.23     34440   1283512   1488428     76.29    948952    647360       508
18:58:01       109228   1317008    375212     19.23     34440   1283512   1488428     76.29    948952    647360       508
18:58:02       109228   1317008    375208     19.23     34440   1283516   1488428     76.29    948952    647360       512
18:58:03       109228   1317008    375208     19.23     34440   1283516   1488712     76.31    950968    647360       512
18:58:04       108988   1317116    375160     19.23     34440   1283804   1544356     79.16    956408    647708       800
18:58:05       108108   1317564    374704     19.21     34440   1285132   1690140     86.63    964100    649028      2128
18:58:06       107824   1317696    374556     19.20     34440   1285540   1698956     87.09    961560    649432      2536
18:58:07       107824   1317824    374436     19.19     34440   1285660   1698956     87.09    961516    649560      2656
18:58:08       107824   1317824    374412     19.19     34440   1285684   1698956     87.09    961516    649560      2680
18:58:09       107824   1317824    374412     19.19     34440   1285684   1698956     87.09    961516    649560      2680
18:58:10       107824   1317824    374412     19.19     34440   1285684   1698956     87.09    961516    649560      2680
18:58:11       107824   1317824    374412     19.19     34440   1285684   1698956     87.09    961516    649560      2680
18:58:12       101716   1311716    380520     19.50     34440   1285684   1698956     87.09    961432    649560      2680
18:58:13       101652   1311640    380580     19.51     34440   1285688   1698956     87.09    961436    649548      2684
18:58:14       101428   1311460    380792     19.52     34440   1285700   1698956     87.09    960840    649592      2696
18:58:15       101428   1311460    380792     19.52     34440   1285700   1698956     87.09    960840    649592      2696
18:58:16       101428   1311460    380792     19.52     34440   1285700   1698956     87.09    960840    649592      2696


Average:       107279   1316150    376096     19.28     34438   1284563   1595357     81.78    955128    648442      1553
