Linux 7.0.0-1010-aws (ip-172-31-20-134) 	08/11/26 	_x86_64_	(2 CPU)

18:57:52        IFACE   rxpck/s   txpck/s    rxkB/s    txkB/s   rxcmp/s   txcmp/s  rxmcst/s   %ifutil
18:57:53         ens5     51.00     53.00      4.31      5.49      0.00      0.00      0.00      0.00

18:57:53        IFACE   rxpck/s   txpck/s    rxkB/s    txkB/s   rxcmp/s   txcmp/s  rxmcst/s   %ifutil
18:57:54         ens5      9.00      8.00      0.74      0.80      0.00      0.00      0.00      0.00

18:57:54        IFACE   rxpck/s   txpck/s    rxkB/s    txkB/s   rxcmp/s   txcmp/s  rxmcst/s   %ifutil
18:57:55         ens5      0.00      0.00      0.00      0.00      0.00      0.00      0.00      0.00

18:57:55        IFACE   rxpck/s   txpck/s    rxkB/s    txkB/s   rxcmp/s   txcmp/s  rxmcst/s   %ifutil
18:57:56         ens5      0.00      0.00      0.00      0.00      0.00      0.00      0.00      0.00

18:57:56        IFACE   rxpck/s   txpck/s    rxkB/s    txkB/s   rxcmp/s   txcmp/s  rxmcst/s   %ifutil
18:57:57         ens5      0.00      0.00      0.00      0.00      0.00      0.00      0.00      0.00

18:57:57        IFACE   rxpck/s   txpck/s    rxkB/s    txkB/s   rxcmp/s   txcmp/s  rxmcst/s   %ifutil
18:57:58         ens5      0.00      0.00      0.00      0.00      0.00      0.00      0.00      0.00

18:57:58        IFACE   rxpck/s   txpck/s    rxkB/s    txkB/s   rxcmp/s   txcmp/s  rxmcst/s   %ifutil
18:57:59         ens5     67.00     68.00     41.27     13.85      0.00      0.00      0.00      0.00

18:57:59        IFACE   rxpck/s   txpck/s    rxkB/s    txkB/s   rxcmp/s   txcmp/s  rxmcst/s   %ifutil
18:58:00         ens5      0.00      0.00      0.00      0.00      0.00      0.00      0.00      0.00

18:58:00        IFACE   rxpck/s   txpck/s    rxkB/s    txkB/s   rxcmp/s   txcmp/s  rxmcst/s   %ifutil
18:58:01         ens5      0.00      0.00      0.00      0.00      0.00      0.00      0.00      0.00

18:58:01        IFACE   rxpck/s   txpck/s    rxkB/s    txkB/s   rxcmp/s   txcmp/s  rxmcst/s   %ifutil
18:58:02         ens5      0.00      0.00      0.00      0.00      0.00      0.00      0.00      0.00

18:58:02        IFACE   rxpck/s   txpck/s    rxkB/s    txkB/s   rxcmp/s   txcmp/s  rxmcst/s   %ifutil
18:58:03         ens5     42.00     43.00     22.15      8.52      0.00      0.00      0.00      0.00

18:58:03        IFACE   rxpck/s   txpck/s    rxkB/s    txkB/s   rxcmp/s   txcmp/s  rxmcst/s   %ifutil
18:58:04         ens5    531.00    544.00    275.53    109.57      0.00      0.00      0.00      0.00

18:58:04        IFACE   rxpck/s   txpck/s    rxkB/s    txkB/s   rxcmp/s   txcmp/s  rxmcst/s   %ifutil
18:58:05         ens5   1577.23   1504.95    808.65    309.38      0.00      0.00      0.00      0.00

18:58:05        IFACE   rxpck/s   txpck/s    rxkB/s    txkB/s   rxcmp/s   txcmp/s  rxmcst/s   %ifutil
18:58:06         ens5    428.00    494.00    235.29     84.65      0.00      0.00      0.00      0.00

18:58:06        IFACE   rxpck/s   txpck/s    rxkB/s    txkB/s   rxcmp/s   txcmp/s  rxmcst/s   %ifutil
18:58:07         ens5     28.00     28.00     14.77      5.64      0.00      0.00      0.00      0.00

18:58:07        IFACE   rxpck/s   txpck/s    rxkB/s    txkB/s   rxcmp/s   txcmp/s  rxmcst/s   %ifutil
18:58:08         ens5      1.00      1.00      0.21      0.22      0.00      0.00      0.00      0.00

18:58:08        IFACE   rxpck/s   txpck/s    rxkB/s    txkB/s   rxcmp/s   txcmp/s  rxmcst/s   %ifutil
18:58:09         ens5      0.00      0.00      0.00      0.00      0.00      0.00      0.00      0.00

18:58:09        IFACE   rxpck/s   txpck/s    rxkB/s    txkB/s   rxcmp/s   txcmp/s  rxmcst/s   %ifutil
18:58:10         ens5      0.00      0.00      0.00      0.00      0.00      0.00      0.00      0.00

18:58:10        IFACE   rxpck/s   txpck/s    rxkB/s    txkB/s   rxcmp/s   txcmp/s  rxmcst/s   %ifutil
18:58:11         ens5      0.00      0.00      0.00      0.00      0.00      0.00      0.00      0.00

18:58:11        IFACE   rxpck/s   txpck/s    rxkB/s    txkB/s   rxcmp/s   txcmp/s  rxmcst/s   %ifutil
18:58:12         ens5      0.00      0.00      0.00      0.00      0.00      0.00      0.00      0.00

18:58:12        IFACE   rxpck/s   txpck/s    rxkB/s    txkB/s   rxcmp/s   txcmp/s  rxmcst/s   %ifutil
18:58:13         ens5      0.00      0.00      0.00      0.00      0.00      0.00      0.00      0.00

18:58:13        IFACE   rxpck/s   txpck/s    rxkB/s    txkB/s   rxcmp/s   txcmp/s  rxmcst/s   %ifutil
18:58:14         ens5      0.00      0.00      0.00      0.00      0.00      0.00      0.00      0.00

18:58:14        IFACE   rxpck/s   txpck/s    rxkB/s    txkB/s   rxcmp/s   txcmp/s  rxmcst/s   %ifutil
18:58:15         ens5      1.00      1.00      0.07      0.09      0.00      0.00      0.00      0.00

18:58:15        IFACE   rxpck/s   txpck/s    rxkB/s    txkB/s   rxcmp/s   txcmp/s  rxmcst/s   %ifutil
18:58:16         ens5      0.00      0.00      0.00      0.00      0.00      0.00      0.00      0.00


Average:        IFACE   rxpck/s   txpck/s    rxkB/s    txkB/s   rxcmp/s   txcmp/s  rxmcst/s   %ifutil
Average:         ens5    114.58    114.95     58.77     22.55      0.00      0.00      0.00      0.00
