Linux 7.0.0-1010-aws (ip-172-31-31-224) 	08/11/26 	_x86_64_	(2 CPU)

07:01:27    kbmemfree   kbavail kbmemused  %memused kbbuffers  kbcached  kbcommit   %commit  kbactive   kbinact   kbdirty
07:01:28       738380   1233652    497352     25.49     14496    622728   1610000     82.53    419440    629692       212
07:01:29       658748   1154028    576976     29.57     14496    622736   1681032     86.17    491980    629700       220
07:01:30       586172   1081456    649548     33.29     14496    622740   1755472     89.98    566624    629704       224
07:01:31       497720    993004    738000     37.83     14496    622740   1839784     94.30    648796    629704       224
07:01:32       417332    912616    818388     41.95     14496    622740   1927132     98.78    736440    629704       224
07:01:33       352820    848104    882900     45.26     14496    622740   1985508    101.77    796492    629704       224
07:01:34       264368    759652    971352     49.79     14496    622740   2077968    106.51    888092    629704       224
07:01:35       143408    638696   1092308     55.99     14496    622744   2198496    112.69   1008040    629708       228
07:01:36       143408    638696   1092308     55.99     14496    622744   2202592    112.90   1010848    629708       228
07:01:37       143408    638696   1092308     55.99     14496    622744   2202592    112.90   1010848    629708       228
07:01:38       143408    638696   1092308     55.99     14496    622744   2202592    112.90   1010848    629708       228
07:01:39       135344    630632   1100372     56.40     14496    622744   2202592    112.90   1011468    629708       228
07:01:40       135344    630636   1100368     56.40     14496    622748   2206688    113.11   1013200    629712       232
07:01:41       135344    630636   1100368     56.40     14496    622748   2206688    113.11   1013708    629712       228
07:01:42       135344    630636   1100368     56.40     14496    622748   2206688    113.11   1013708    629712       228
07:01:43       135344    630636   1100368     56.40     14496    622748   2206688    113.11   1013708    629712       228
07:01:44       135344    630636   1100368     56.40     14496    622748   2206688    113.11   1013812    629712       228
07:01:45       135344    630636   1100356     56.40     14496    622760   2206688    113.11   1013812    629712       240
07:01:46       135344    630636   1100356     56.40     14496    622760   2206688    113.11   1013812    629712       240
07:01:47       135344    630644   1100328     56.40     14520    622764   2206688    113.11   1013816    629720       344
07:01:48       135344    630644   1100328     56.40     14520    622764   2206688    113.11   1013816    629720       344
07:01:49       135344    630644   1100328     56.40     14520    622764   2206688    113.11   1013816    629720       168
07:01:50       135344    630672   1100324     56.40     14520    622768   2206688    113.11   1013864    629748       168
07:01:51       135344    630672   1100324     56.40     14520    622768   2206688    113.11   1013948    629748       172
07:01:52       135344    630672   1100324     56.40     14520    622768   2206688    113.11   1013988    629748       124
07:01:53       135344    630672   1100324     56.40     14520    622768   2206688    113.11   1013988    629748       124

Average:       235359    730654   1000344     51.28     14502    622750   2106900    108.00    915112    629715       222
