Linux 7.0.0-1010-aws (ip-172-31-31-224) 	08/11/26 	_x86_64_	(2 CPU)

07:18:17        CPU     %user     %nice   %system   %iowait    %steal     %idle
07:18:18        all     51.76      0.00      4.52      0.00      1.01     42.71
07:18:19        all     49.25      0.00      4.02      0.00      1.51     45.23
07:18:20        all     48.48      0.00      3.03      0.00      2.53     45.96
07:18:21        all     48.00      0.00      4.50      0.00      1.00     46.50
07:18:22        all     48.50      0.00      3.00      0.00      1.50     47.00
07:18:23        all     48.00      0.00      3.50      0.00      2.50     46.00
07:18:24        all     49.50      0.00      4.50      0.00      1.00     45.00
07:18:25        all     45.50      0.00      4.50      0.00      1.00     49.00
07:18:26        all     14.14      0.00      1.01      0.00      0.00     84.85
07:18:27        all      0.00      0.00      0.00      0.00      0.00    100.00
07:18:28        all      0.50      0.00      0.00      0.00      0.50     99.00
07:18:29        all      4.55      0.00      1.52      0.00      0.00     93.94
07:18:30        all      0.50      0.00      0.50      0.00      1.00     98.01
07:18:31        all      0.00      0.00      0.00      0.00      0.00    100.00
07:18:32        all      1.02      0.00      0.00      0.00      0.00     98.98
07:18:33        all      2.01      0.00      2.01      0.00      1.01     94.97
07:18:34        all      1.01      0.00      1.51      0.00      1.01     96.48
07:18:35        all      0.51      0.00      0.00      0.00      0.00     99.49
07:18:36        all      0.50      0.00      1.00      0.00      0.00     98.51
07:18:37        all      0.00      0.00      0.00      0.00      0.50     99.50
07:18:38        all      0.00      0.00      0.00      0.00      0.50     99.50
07:18:39        all      0.50      0.00      0.50      0.00      0.00     99.00
07:18:40        all      0.50      0.00      0.50      0.00      0.00     99.00
07:18:41        all      0.00      0.00      0.00      0.00      0.00    100.00
07:18:42        all      0.00      0.00      0.50      0.00      0.00     99.50
07:18:43        all      1.00      0.00      0.00      0.00      0.00     99.00
07:18:44        all      5.05      0.00      1.01      0.00      0.51     93.43
07:18:45        all      1.01      0.00      0.00      0.00      0.00     98.99


Average:        all     15.08      0.00      1.49      0.00      0.61     82.83
