Linux 7.0.0-1010-aws (ip-172-31-31-224) 	08/11/26 	_x86_64_	(2 CPU)

07:18:17    kbmemfree   kbavail kbmemused  %memused kbbuffers  kbcached  kbcommit   %commit  kbactive   kbinact   kbdirty
07:18:18       751104   1275140    455716     23.36     15696    650292   1610508     82.55    378412    638660       140
07:18:19       687096   1211132    519724     26.64     15696    650292   1677380     85.98    445584    638660       140
07:18:20       614520   1138560    592296     30.36     15696    650296   1751884     89.80    519936    638664       148
07:18:21       518004   1042044    688812     35.31     15696    650296   1844316     94.54    611840    638664       148
07:18:22       453744    977784    753072     38.60     15696    650296   1915280     98.17    681508    638664       148
07:18:23       389232    913272    817584     41.91     15696    650296   1977688    101.37    744016    638664       148
07:18:24       292716    816756    914100     46.86     15696    650296   2069964    106.10    839164    638664       148
07:18:25       172260    696304   1034552     53.03     15696    650300   2190756    112.29    958616    638668       152
07:18:26       156132    680176   1050680     53.86     15696    650300   2211700    113.37    980760    638668       152
07:18:27       156132    680176   1050680     53.86     15696    650300   2211700    113.37    980760    638668       152
07:18:28       156132    680176   1050680     53.86     15696    650300   2211700    113.37    980760    638668       152
07:18:29       156132    680184   1050668     53.86     15696    650312   2211700    113.37    980908    638676       164
07:18:30       156132    680184   1050668     53.86     15696    650312   2211700    113.37    980908    638676       164
07:18:31       156132    680184   1050668     53.86     15696    650312   2211700    113.37    980908    638676       164
07:18:32       156132    680184   1050668     53.86     15696    650312   2211700    113.37    980908    638676       164
07:18:33       156132    680184   1050668     53.86     15696    650312   2211700    113.37    980908    638676       164
07:18:34       156132    680184   1050668     53.86     15696    650312   2211700    113.37    980908    638676       164
07:18:35       156132    680184   1050664     53.86     15696    650316   2211700    113.37    980908    638676       168
07:18:36       156132    680188   1050660     53.86     15696    650320   2211700    113.37    981524    638680       172
07:18:37       156132    680188   1050660     53.86     15696    650320   2211700    113.37    981524    638680       172
07:18:38       156132    680188   1050656     53.86     15696    650324   2211700    113.37    981524    638680       176
07:18:39       156132    680188   1050656     53.86     15696    650324   2211700    113.37    981524    638680       176
07:18:40       156132    680188   1050656     53.86     15696    650324   2211700    113.37    981524    638680       176
07:18:41       156132    680188   1050656     53.86     15696    650324   2211700    113.37    981524    638680       176
07:18:42       156132    680188   1050656     53.86     15696    650324   2211700    113.37    981524    638680       176
07:18:43       156132    680188   1050656     53.86     15696    650324   2211700    113.37    981524    638680       176
07:18:44       156132    680200   1050644     53.85     15696    650336   2211700    113.37    981468    638692       188
07:18:45       156132    680200   1050640     53.85     15696    650340   2211700    113.37    981468    638692       192

Average:       250047    774097    956754     49.04     15696    650311   2116849    108.51    885816    638674       163
