Linux 7.0.0-1010-aws (ip-172-31-31-224) 	08/11/26 	_x86_64_	(2 CPU)

09:13:10        CPU     %user     %nice   %system   %iowait    %steal     %idle
09:13:11        all     49.75      0.00      5.03      0.00      2.01     43.22
09:13:12        all     50.25      0.00      2.54      0.00      0.51     46.70
09:13:13        all     48.76      0.00      3.98      0.00      1.00     46.27
09:13:14        all     53.81      0.00      5.58      0.00      1.52     39.09
09:13:15        all     48.50      0.00      4.00      0.00      1.50     46.00
09:13:16        all     49.75      0.00      2.51      0.00      1.01     46.73
09:13:17        all     49.50      0.00      4.00      0.50      2.00     44.00
09:13:18        all     46.73      0.00      5.53      0.00      0.00     47.74
09:13:19        all     12.00      0.00      0.50      0.00      0.00     87.50
09:13:20        all      0.50      0.00      0.00      0.00      1.00     98.50
09:13:21        all      0.00      0.00      0.50      0.00      0.00     99.50
09:13:22        all      0.00      0.00      0.00      0.00      0.00    100.00
09:13:23        all      0.50      0.00      0.50      0.00      0.00     99.00
09:13:24        all      0.00      0.00      0.00      0.00      0.00    100.00
09:13:25        all      0.00      0.00      0.50      0.00      0.00     99.50
09:13:26        all      0.50      0.00      0.00      0.00      0.00     99.50
09:13:27        all      1.01      0.00      0.00      0.00      0.00     98.99
09:13:28        all      4.52      0.00      2.01      0.00      2.01     91.46
09:13:29        all     12.82      0.00      3.59      0.00      0.00     83.59
09:13:30        all      3.98      0.00      1.49      0.00      1.99     92.54
09:13:31        all      0.50      0.00      0.50      0.00      0.00     98.99
09:13:32        all      0.00      0.00      0.00      0.00      0.00    100.00
09:13:33        all      0.50      0.00      0.00      0.00      0.00     99.50
09:13:34        all      0.00      0.00      0.50      0.00      0.00     99.50
09:13:35        all      0.50      0.00      0.00      0.00      0.00     99.50
09:13:36        all      0.50      0.00      0.50      0.00      0.50     98.51


Average:        all     16.71      0.00      1.68      0.02      0.58     81.00
