Linux 7.0.0-1010-aws (ip-172-31-31-224) 	08/11/26 	_x86_64_	(2 CPU)

09:13:10    kbmemfree   kbavail kbmemused  %memused kbbuffers  kbcached  kbcommit   %commit  kbactive   kbinact   kbdirty
09:13:11       729592   1289320    441244     22.62     23052    678496   1614808     82.77    435904    614308       232
09:13:12       655504   1215232    515332     26.42     23052    678496   1685816     86.41    506064    614308       232
09:13:13       582928   1142656    587908     30.14     23052    678496   1756288     90.02    577684    614308       232
09:13:14       494728   1054464    676100     34.66     23052    678504   1844304     94.54    664772    614316       240
09:13:15       422404    982144    748420     38.36     23052    678508   1919620     98.40    739256    614320       168
09:13:16       365956    925696    804868     41.26     23052    678508   1973900    101.18    795396    614320       168
09:13:17       269440    829188    901372     46.20     23064    678508   2070200    106.12    890688    614328       304
09:13:18       132604    692356   1038208     53.22     23064    678508   2207440    113.15   1028588    614332       304
09:13:19       124540    684292   1046272     53.63     23064    678508   2211664    113.37   1031920    614332       304
09:13:20       124540    684292   1046268     53.63     23064    678512   2211664    113.37   1031920    614332       312
09:13:21       124540    684292   1046268     53.63     23064    678512   2211664    113.37   1031920    614332       312
09:13:22       124540    684292   1046268     53.63     23064    678512   2211664    113.37   1032540    614332       312
09:13:23       124540    684292   1046268     53.63     23064    678512   2211664    113.37   1032540    614332       312
09:13:24       124540    684292   1046268     53.63     23064    678512   2211664    113.37   1032540    614332       312
09:13:25       124540    684292   1046264     53.63     23064    678516   2211664    113.37   1032540    614332       316
09:13:26       124540    684292   1046264     53.63     23064    678516   2211664    113.37   1032540    614332       316
09:13:27       124540    684292   1046264     53.63     23064    678516   2211664    113.37   1032540    614332       316
09:13:28       124540    684292   1046264     53.63     23064    678516   2211920    113.38   1032540    614332       316
09:13:29       124540    684292   1046264     53.63     23064    678516   2211984    113.38   1032960    614332       316
09:13:30       124540    684300   1046252     53.63     23064    678528   2211984    113.38   1033036    614340       328
09:13:31       124540    684300   1046248     53.63     23064    678532   2211984    113.38   1033036    614340       332
09:13:32       124540    684300   1046248     53.63     23064    678532   2211984    113.38   1033036    614340       332
09:13:33       124540    684300   1046248     53.63     23064    678532   2211984    113.38   1033036    614340       332
09:13:34       124540    684300   1046248     53.63     23064    678532   2211984    113.38   1033036    614340       332
09:13:35       124540    684300   1046248     53.63     23064    678532   2211984    113.38   1033036    614340       332
09:13:36       124540    684300   1046244     53.63     23064    678536   2211984    113.38   1033036    614340       336

Average:       226726    786476    944082     48.39     23061    678515   2110967    108.20    931773    614330       294
