Linux 7.0.0-1010-aws (ip-172-31-31-224) 	08/11/26 	_x86_64_	(2 CPU)

09:13:10        IFACE   rxpck/s   txpck/s    rxkB/s    txkB/s   rxcmp/s   txcmp/s  rxmcst/s   %ifutil
09:13:11         ens5     59.00     53.00      4.84      6.66      0.00      0.00      0.00      0.00

09:13:11        IFACE   rxpck/s   txpck/s    rxkB/s    txkB/s   rxcmp/s   txcmp/s  rxmcst/s   %ifutil
09:13:12         ens5     17.00     15.00      1.33      2.24      0.00      0.00      0.00      0.00

09:13:12        IFACE   rxpck/s   txpck/s    rxkB/s    txkB/s   rxcmp/s   txcmp/s  rxmcst/s   %ifutil
09:13:13         ens5      8.00      8.00      0.41      1.70      0.00      0.00      0.00      0.00

09:13:13        IFACE   rxpck/s   txpck/s    rxkB/s    txkB/s   rxcmp/s   txcmp/s  rxmcst/s   %ifutil
09:13:14         ens5      5.00      5.00      0.25      1.04      0.00      0.00      0.00      0.00

09:13:14        IFACE   rxpck/s   txpck/s    rxkB/s    txkB/s   rxcmp/s   txcmp/s  rxmcst/s   %ifutil
09:13:15         ens5      6.00      7.00      0.30      1.54      0.00      0.00      0.00      0.00

09:13:15        IFACE   rxpck/s   txpck/s    rxkB/s    txkB/s   rxcmp/s   txcmp/s  rxmcst/s   %ifutil
09:13:16         ens5      8.00      9.00      0.41      1.88      0.00      0.00      0.00      0.00

09:13:16        IFACE   rxpck/s   txpck/s    rxkB/s    txkB/s   rxcmp/s   txcmp/s  rxmcst/s   %ifutil
09:13:17         ens5      7.00      6.00      0.36      1.30      0.00      0.00      0.00      0.00

09:13:17        IFACE   rxpck/s   txpck/s    rxkB/s    txkB/s   rxcmp/s   txcmp/s  rxmcst/s   %ifutil
09:13:18         ens5      4.00      3.00      0.20      0.66      0.00      0.00      0.00      0.00

09:13:18        IFACE   rxpck/s   txpck/s    rxkB/s    txkB/s   rxcmp/s   txcmp/s  rxmcst/s   %ifutil
09:13:19         ens5      3.00      3.00      0.15      0.61      0.00      0.00      0.00      0.00

09:13:19        IFACE   rxpck/s   txpck/s    rxkB/s    txkB/s   rxcmp/s   txcmp/s  rxmcst/s   %ifutil
09:13:20         ens5      0.00      0.00      0.00      0.00      0.00      0.00      0.00      0.00

09:13:20        IFACE   rxpck/s   txpck/s    rxkB/s    txkB/s   rxcmp/s   txcmp/s  rxmcst/s   %ifutil
09:13:21         ens5      0.00      0.00      0.00      0.00      0.00      0.00      0.00      0.00

09:13:21        IFACE   rxpck/s   txpck/s    rxkB/s    txkB/s   rxcmp/s   txcmp/s  rxmcst/s   %ifutil
09:13:22         ens5      0.00      0.00      0.00      0.00      0.00      0.00      0.00      0.00

09:13:22        IFACE   rxpck/s   txpck/s    rxkB/s    txkB/s   rxcmp/s   txcmp/s  rxmcst/s   %ifutil
09:13:23         ens5      8.00      6.00      4.16      3.13      0.00      0.00      0.00      0.00

09:13:23        IFACE   rxpck/s   txpck/s    rxkB/s    txkB/s   rxcmp/s   txcmp/s  rxmcst/s   %ifutil
09:13:24         ens5      0.00      0.00      0.00      0.00      0.00      0.00      0.00      0.00

09:13:24        IFACE   rxpck/s   txpck/s    rxkB/s    txkB/s   rxcmp/s   txcmp/s  rxmcst/s   %ifutil
09:13:25         ens5      0.00      0.00      0.00      0.00      0.00      0.00      0.00      0.00

09:13:25        IFACE   rxpck/s   txpck/s    rxkB/s    txkB/s   rxcmp/s   txcmp/s  rxmcst/s   %ifutil
09:13:26         ens5      1.00      1.00      0.07      0.09      0.00      0.00      0.00      0.00

09:13:26        IFACE   rxpck/s   txpck/s    rxkB/s    txkB/s   rxcmp/s   txcmp/s  rxmcst/s   %ifutil
09:13:27         ens5     56.00     50.00     40.17     22.65      0.00      0.00      0.00      0.00

09:13:27        IFACE   rxpck/s   txpck/s    rxkB/s    txkB/s   rxcmp/s   txcmp/s  rxmcst/s   %ifutil
09:13:28         ens5    307.00    271.00    230.29    129.91      0.00      0.00      0.00      0.00

09:13:28        IFACE   rxpck/s   txpck/s    rxkB/s    txkB/s   rxcmp/s   txcmp/s  rxmcst/s   %ifutil
09:13:29         ens5    398.00    375.00    298.84    170.40      0.00      0.00      0.00      0.00

09:13:29        IFACE   rxpck/s   txpck/s    rxkB/s    txkB/s   rxcmp/s   txcmp/s  rxmcst/s   %ifutil
09:13:30         ens5    204.00    190.00    151.96     86.11      0.00      0.00      0.00      0.00

09:13:30        IFACE   rxpck/s   txpck/s    rxkB/s    txkB/s   rxcmp/s   txcmp/s  rxmcst/s   %ifutil
09:13:31         ens5     18.00     15.00     12.06      6.78      0.00      0.00      0.00      0.00

09:13:31        IFACE   rxpck/s   txpck/s    rxkB/s    txkB/s   rxcmp/s   txcmp/s  rxmcst/s   %ifutil
09:13:32         ens5      0.00      0.00      0.00      0.00      0.00      0.00      0.00      0.00

09:13:32        IFACE   rxpck/s   txpck/s    rxkB/s    txkB/s   rxcmp/s   txcmp/s  rxmcst/s   %ifutil
09:13:33         ens5      0.00      0.00      0.00      0.00      0.00      0.00      0.00      0.00

09:13:33        IFACE   rxpck/s   txpck/s    rxkB/s    txkB/s   rxcmp/s   txcmp/s  rxmcst/s   %ifutil
09:13:34         ens5      0.00      0.00      0.00      0.00      0.00      0.00      0.00      0.00

09:13:34        IFACE   rxpck/s   txpck/s    rxkB/s    txkB/s   rxcmp/s   txcmp/s  rxmcst/s   %ifutil
09:13:35         ens5      0.00      0.00      0.00      0.00      0.00      0.00      0.00      0.00

09:13:35        IFACE   rxpck/s   txpck/s    rxkB/s    txkB/s   rxcmp/s   txcmp/s  rxmcst/s   %ifutil
09:13:36         ens5      1.00      1.00      0.21      0.22      0.00      0.00      0.00      0.00



Average:        IFACE   rxpck/s   txpck/s    rxkB/s    txkB/s   rxcmp/s   txcmp/s  rxmcst/s   %ifutil
Average:         ens5     42.69     39.15     28.69     16.80      0.00      0.00      0.00      0.00
