Linux 7.0.0-1008-aws (ip-172-31-20-134) 	08/07/26 	_x86_64_	(2 CPU)

15:08:26    kbmemfree   kbavail kbmemused  %memused kbbuffers  kbcached  kbcommit   %commit  kbactive   kbinact   kbdirty
15:08:27       258580   1288328    370628     19.00      7356   1128680   1627184     83.41    798120    613428       404
15:08:28       258580   1288328    370628     19.00      7356   1128680   1627184     83.41    798260    613428       256
15:08:29       258580   1288328    370628     19.00      7356   1128680   1627184     83.41    798200    613428       256
15:08:30       258580   1288328    370620     19.00      7356   1128688   1627184     83.41    798200    613428       264
15:08:31       258580   1288328    370624     19.00      7356   1128688   1627184     83.41    798200    613428       264
15:08:32       258580   1288340    370620     19.00      7380   1128668   1627184     83.41    798216    613440       268
15:08:33       258580   1288364    370596     19.00      7380   1128692   1627184     83.41    799060    613464       280
15:08:34       258580   1288364    370596     19.00      7380   1128692   1627184     83.41    799060    613464       280
15:08:35       258580   1288364    370596     19.00      7380   1128692   1627184     83.41    799060    613464       280
15:08:36       257572   1287356    371608     19.05      7380   1128692   1629108     83.51    801888    613464       280
15:08:37       255808   1285668    373296     19.14      7380   1128768   1638244     83.98    805040    613540       356
15:08:38       255808   1285756    373200     19.13      7380   1128864   1638500     83.99    804840    613628       452
15:08:39       255808   1285764    373112     19.13      7380   1128948   1638580     84.00    805044    613632       536
15:08:40       255556   1285620    373280     19.13      7380   1129032   1647000     84.43    805348    613740       620
15:08:41       255304   1285520    373436     19.14      7380   1129128   1647432     84.45    805864    613892       716
15:08:42       255304   1285544    373356     19.14      7380   1129204   1647688     84.46    806412    613916       792
15:08:43       255052   1285436    373524     19.15      7380   1129288   1647808     84.47    806640    614060       876
15:08:44       254044   1284520    374440     19.19      7380   1129380   1651928     84.68    807112    614152       968
15:08:45       253792   1284356    374596     19.20      7380   1129468   1651968     84.68    807292    614236      1004
15:08:46       253792   1284364    374508     19.20      7380   1129556   1652036     84.69    807408    614244      1092
15:08:47       253792   1284476    374416     19.19      7380   1129648   1652064     84.69    807420    614356      1188
15:08:48       252784   1283592    375336     19.24      7380   1129736   1652096     84.69    808012    614476      1276
15:08:49       252784   1283684    375244     19.24      7380   1129828   1652096     84.69    808076    614568      1368
15:08:50       252784   1283768    375152     19.23      7380   1129912   1652096     84.69    808120    614648      1452
15:08:51       252028   1283116    375824     19.27      7380   1129996   1652340     84.70    808760    614752      1536
15:08:52       251776   1282960    375992     19.27      7380   1130080   1652340     84.70    809084    614848      1620
15:08:53       251524   1282772    376148     19.28      7380   1130172   1652404     84.70    808680    614912      1712
15:08:54       251524   1282852    376068     19.28      7380   1130252   1652404     84.70    808892    614992      1792
15:08:55       251272   1282640    376220     19.29      7380   1130344   1652404     84.70    808948    615028      1884
15:08:56       251272   1282736    376136     19.28      7380   1130428   1652404     84.70    808976    615124      1968
15:08:57       251020   1282608    376296     19.29      7380   1130520   1652496     84.71    809144    615248       136
15:08:58       251020   1282700    376216     19.29      7380   1130596   1652528     84.71    809180    615336       136
15:08:59       250768   1282600    376336     19.29      7380   1130728   1652624     84.72    809080    615460       220
15:09:00       250768   1282600    376256     19.29      7380   1130808   1652624     84.72    809080    615460       300
15:09:01       250768   1282760    376052     19.28      7380   1131004   1652624     84.72    809196    615584       396
15:09:02       250768   1283136    375812     19.26      7428   1131196   1652624     84.72    809448    615708       636
15:09:03       249760   1282408    376496     19.30      7428   1131516   1652644     84.72    810220    615852       812
15:09:04       249760   1282464    376416     19.30      7428   1131596   1652644     84.72    810288    615908       892
15:09:05       249760   1282464    376324     19.29      7428   1131688   1652644     84.72    810288    615908       984
15:09:06       249508   1282336    376488     19.30      7428   1131768   1652676     84.72    809200    616028      1064
15:09:07       249508   1282496    376388     19.29      7428   1131868   1652676     84.72    809256    616164      1164
15:09:08       249508   1282616    376308     19.29      7428   1131948   1652676     84.72    809260    616284      1244
15:09:09       249508   1282620    376208     19.28      7428   1132040   1652676     84.72    809260    616284      1336
15:09:10       249508   1282736    376124     19.28      7428   1132124   1652676     84.72    809268    616400      1420
15:09:11       249508   1282900    376032     19.28      7428   1132216   1652676     84.72    809600    616564      1512
15:09:12       249508   1282980    375948     19.27      7428   1132296   1652676     84.72    809772    616640      1592
15:09:13       249508   1283072    375856     19.27      7428   1132388   1652852     84.73    810052    616732      1684
15:09:14       249508   1283156    375776     19.26      7428   1132468   1652852     84.73    810024    616816      1764
15:09:15       249508   1283248    375672     19.26      7428   1132564   1652852     84.73    810392    616904      1860
15:09:16       249256   1283016    375840     19.27      7428   1132648   1652852     84.73    810536    616924      1944
15:09:17       249256   1283164    375744     19.26      7428   1132744   1652852     84.73    810548    617072      1988
15:09:18       249256   1283232    375660     19.26      7428   1132824   1652852     84.73    811024    617140      2068
15:09:19       249256   1283304    375564     19.25      7428   1132920   1652852     84.73    811152    617212      2168
15:09:20       249256   1283428    375480     19.25      7428   1133004   1652852     84.73    811152    617336      2252
15:09:21       248500   1282768    376136     19.28      7428   1133096   1652992     84.73    811404    617428      2344
15:09:22       248500   1282788    376048     19.28      7428   1133184   1652992     84.73    811456    617448      2432
15:09:23       248500   1282908    375972     19.27      7428   1133260   1652992     84.73    811208    617568      2508
15:09:24       248500   1282916    375864     19.27      7428   1133356   1652992     84.73    811204    617568      2604
15:09:25       248500   1283040    375784     19.26      7428   1133436   1652992     84.73    811204    617692      2684
15:09:26       248500   1283188    375688     19.26      7428   1133532   1653020     84.74    811304    617840      2780
15:09:27       248500   1283308    375596     19.25      7428   1133620   1653020     84.74    811308    617960      2868
15:09:28       248500   1283320    375508     19.25      7428   1133708   1653020     84.74    811336    617972       288
15:09:29       247492   1282480    376420     19.30      7428   1133796   1653020     84.74    811260    618136       384
15:09:30       247492   1282572    376336     19.29      7428   1133880   1653024     84.74    811660    618228       468
15:09:31       245096   1282064    376788     19.31      7428   1135824   1653048     84.74    813644    618284       656
15:09:32       244844   1281900    376868     19.32      7452   1135968   1653048     84.74    813644    618368       740
15:09:33       244592   1281928    376976     19.32      7452   1136108   1653144     84.74    814296    618492       492
15:09:34       244592   1282008    376888     19.32      7452   1136188   1653144     84.74    814296    618572       568
15:09:35       244592   1282012    376792     19.31      7452   1136276   1653144     84.74    814296    618572       656
15:09:36       244340   1281928    376960     19.32      7452   1136360   1653224     84.75    814296    618740       740
15:09:37       243584   1281272    377600     19.36      7452   1136456   1657388     84.96    815392    618840       836
15:09:38       243584   1281272    377520     19.35      7452   1136536   1657388     84.96    814720    618840       916
15:09:39       243584   1281372    377428     19.35      7452   1136628   1657388     84.96    814644    618940      1008
15:09:40       243584   1281500    377336     19.34      7452   1136712   1657388     84.96    814644    619064      1092
15:09:41       243584   1281500    377304     19.34      7452   1136744   1657388     84.96    814644    619064      1124
15:09:42       243584   1281500    377300     19.34      7452   1136748   1657388     84.96    814644    619064      1128
15:09:43       243584   1281500    377300     19.34      7452   1136748   1657388     84.96    814644    619064      1128

Average:       250759   1283723    375171     19.23      7408   1131851   1649002     84.53    808725    616025      1118
