Linux 7.0.0-1010-aws (ip-172-31-20-134) 	08/11/26 	_x86_64_	(2 CPU)

16:59:02        CPU     %user     %nice   %system   %iowait    %steal     %idle
16:59:03        all      6.00      0.00      1.50      0.00      0.00     92.50
16:59:04        all      0.50      0.00      0.00      0.00      0.00     99.50
16:59:05        all      0.50      0.00      0.00      0.00      0.00     99.50
16:59:06        all      0.00      0.00      0.50      0.00      0.00     99.50
16:59:07        all      0.50      0.00      0.00      0.00      0.00     99.50
16:59:08        all      0.00      0.00      0.50      0.00      0.00     99.50
16:59:09        all      1.01      0.00      0.50      0.00      0.00     98.49
16:59:10        all      0.00      0.00      0.50      0.00      0.00     99.50
16:59:11        all      0.00      0.00      0.00      0.00      0.00    100.00
16:59:12        all      1.01      0.00      0.50      0.00      0.00     98.49
16:59:13        all     14.21      0.00      1.52      0.00      0.00     84.26
16:59:14        all     81.22      0.00     10.15      0.00      0.00      8.63
16:59:15        all     53.81      0.00      5.58      0.00      0.00     40.61
16:59:16        all      4.02      0.00      0.50      0.00      0.00     95.48
16:59:17        all      0.00      0.00      0.00      0.00      0.00    100.00
16:59:18        all      0.50      0.00      0.50      0.00      0.00     99.00
16:59:19        all      0.00      0.00      0.00      0.00      0.00    100.00
16:59:20        all      0.00      0.00      0.00      0.00      0.50     99.50
16:59:21        all      0.50      0.00      0.50      0.00      0.50     98.51
16:59:22        all      0.00      0.00      0.00      0.00      0.00    100.00
16:59:23        all      0.00      0.00      0.00      0.00      0.00    100.00
16:59:24        all      0.50      0.00      0.00      0.00      0.00     99.50
16:59:25        all      0.50      0.00      0.50      0.50      0.00     98.49

Average:        all      7.10      0.00      1.01      0.02      0.04     91.83
