Linux 7.0.0-1010-aws (ip-172-31-20-134) 	08/11/26 	_x86_64_	(2 CPU)

16:59:02    kbmemfree   kbavail kbmemused  %memused kbbuffers  kbcached  kbcommit   %commit  kbactive   kbinact   kbdirty
16:59:03       143884   1328976    365436     18.73     30652   1266372   1469980     75.35    995364    571952      1852
16:59:04       143884   1328976    365436     18.73     30652   1266372   1469980     75.35    995552    571952       348
16:59:05       143884   1328976    365436     18.73     30652   1266372   1469980     75.35    995552    571952       348
16:59:06       143884   1328976    365436     18.73     30652   1266372   1469980     75.35    995552    571952       348
16:59:07       143884   1328976    365432     18.73     30652   1266376   1469980     75.35    995552    571952       352
16:59:08       143884   1328976    365432     18.73     30652   1266376   1469980     75.35    995552    571952       352
16:59:09       143884   1328976    365432     18.73     30652   1266376   1471268     75.41    996728    571952       352
16:59:10       143884   1329008    365400     18.73     30652   1266408   1471268     75.41    996884    571984       384
16:59:11       143884   1329008    365400     18.73     30652   1266408   1471268     75.41    996884    571984       384
16:59:12       143644   1328776    365636     18.74     30652   1266412   1479688     75.85    997292    571992       388
16:59:13       141880   1327020    367384     18.83     30652   1266428   1518092     77.81   1002236    572000       404
16:59:14       136884   1323412    370980     19.02     30656   1267792   1738472     89.11   1007608    573368      1232
16:59:15       137172   1324396    369996     18.97     30656   1268476   1739280     89.15   1008296    574056      1916
16:59:16       137172   1324400    369928     18.96     30656   1268536   1739280     89.15   1008296    574056      1976
16:59:17       137172   1324496    369884     18.96     30656   1268580   1739280     89.15   1008324    574152      2020
16:59:18       137172   1324496    369884     18.96     30656   1268580   1739280     89.15   1008744    574152      2020
16:59:19       137172   1324500    369884     18.96     30656   1268580   1739280     89.15   1008816    574156      2020
16:59:20       137172   1324500    369884     18.96     30656   1268580   1739280     89.15   1008816    574156      2020
16:59:21       137172   1324500    369884     18.96     30656   1268580   1739280     89.15   1008816    574156      2020
16:59:22       137172   1324500    369876     18.96     30656   1268588   1739280     89.15   1008816    574156      2028
16:59:23       137172   1324508    369876     18.96     30656   1268588   1739280     89.15   1008832    574164      1980
16:59:24       137172   1324508    369876     18.96     30656   1268588   1739280     89.15   1008832    574164      1980
16:59:25       137172   1324516    369852     18.96     30680   1268588   1739280     89.15   1008940    574172      2096

Average:       140272   1326495    367898     18.86     30655   1267493   1613131     82.69   1002882    573067      1253
