Linux 7.0.0-1008-aws (ip-172-31-20-134) 	08/07/26 	_x86_64_	(2 CPU)

16:48:50        CPU     %user     %nice   %system   %iowait    %steal     %idle
16:48:51        all      2.53      0.00      0.51      0.00      0.00     96.97
16:48:52        all      0.00      0.00      0.50      0.00      0.00     99.50
16:48:53        all      0.00      0.00      0.00      0.00      0.00    100.00
16:48:54        all      0.00      0.00      0.50      0.00      0.00     99.50
16:48:55        all      0.00      0.00      0.00      0.00      0.00    100.00
16:48:56        all      1.00      0.00      0.00      0.00      0.00     99.00
16:48:57        all      0.51      0.00      0.00      0.00      0.00     99.49
16:48:58        all     10.66      0.00      2.54      0.00      0.00     86.80
16:48:59        all      5.03      0.00      1.01      0.00      0.50     93.47
16:49:00        all      5.03      0.00      1.01      0.00      0.50     93.47
16:49:01        all      6.57      0.00      0.51      0.00      0.00     92.93
16:49:02        all      5.10      0.00      1.02      0.51      0.00     93.37
16:49:03        all      5.56      0.00      1.01      0.00      0.00     93.43
16:49:04        all      5.56      0.00      1.01      0.00      0.00     93.43
16:49:05        all      5.13      0.00      0.00      0.00      0.00     94.87
16:49:06        all      6.06      0.00      1.01      0.00      0.00     92.93
16:49:07        all      5.53      0.00      1.01      0.00      0.00     93.47
16:49:08        all      4.55      0.00      1.52      0.00      0.00     93.94
16:49:09        all      5.53      0.00      1.01      0.00      0.00     93.47
16:49:10        all      5.10      0.00      1.02      0.00      0.00     93.88
16:49:11        all      6.50      0.00      1.00      0.00      0.00     92.50
16:49:12        all      5.13      0.00      0.51      0.00      0.00     94.36
16:49:13        all     11.06      0.00      2.01      0.00      0.00     86.93
16:49:14        all      8.12      0.00      1.02      0.00      0.00     90.86
16:49:15        all      5.05      0.00      2.02      0.00      0.00     92.93
16:49:16        all      5.58      0.00      0.51      0.00      0.00     93.91
16:49:17        all      4.57      0.00      1.02      0.00      0.00     94.42
16:49:18        all      5.58      0.00      1.02      0.00      0.00     93.40
16:49:19        all      5.05      0.00      1.01      0.00      0.00     93.94
16:49:20        all      5.61      0.00      0.51      0.00      0.00     93.88
16:49:21        all      5.56      0.00      1.01      1.01      0.00     92.42
16:49:22        all      5.58      0.00      0.51      0.00      0.00     93.91
16:49:23        all      5.56      0.00      0.51      0.00      0.51     93.43
16:49:24        all      4.55      0.00      1.01      0.00      0.00     94.44
16:49:25        all      5.56      0.00      1.01      0.00      0.00     93.43
16:49:26        all      5.56      0.00      1.01      0.00      0.00     93.43
16:49:27        all      5.56      0.00      1.01      0.00      0.00     93.43
16:49:28        all     11.28      0.00      1.03      0.00      0.00     87.69
16:49:29        all      5.03      0.00      1.01      0.00      0.00     93.97
16:49:30        all      5.58      0.00      0.51      0.00      0.00     93.91
16:49:31        all      5.56      0.00      1.52      0.00      0.00     92.93
16:49:32        all      5.97      0.00      1.99      0.50      0.00     91.54
16:49:33        all      5.64      0.00      0.00      0.00      0.00     94.36
16:49:34        all      5.08      0.00      0.51      0.00      0.00     94.42
16:49:35        all      5.10      0.00      0.51      0.00      0.00     94.39
16:49:36        all      5.50      0.00      1.50      0.00      0.50     92.50
16:49:37        all      5.58      0.00      1.02      0.00      0.00     93.40
16:49:38        all      5.53      0.00      1.01      0.00      0.00     93.47
16:49:39        all      5.61      0.00      0.51      0.00      0.00     93.88
16:49:40        all      4.52      0.00      1.51      0.00      0.00     93.97
16:49:41        all      5.61      0.00      0.51      0.00      0.00     93.88
16:49:42        all      5.58      0.00      0.51      0.00      0.00     93.91
16:49:43        all     10.71      0.00      2.04      0.00      0.00     87.24
16:49:44        all      5.10      0.00      0.51      0.00      0.00     94.39
16:49:45        all      5.00      0.00      1.50      0.00      0.00     93.50
16:49:46        all      6.06      0.00      0.51      0.00      0.51     92.93
16:49:47        all      5.08      0.00      1.02      0.00      0.00     93.91
16:49:48        all      5.58      0.00      1.02      0.00      0.00     93.40
16:49:49        all      5.05      0.00      0.51      0.00      0.00     94.44
16:49:50        all      6.03      0.00      1.01      0.00      0.00     92.96
16:49:51        all      5.56      0.00      0.51      0.00      3.03     90.91
16:49:52        all      6.13      0.00      2.83      0.00      9.91     81.13
16:49:53        all      5.61      0.00      1.02      0.00      0.51     92.86
16:49:54        all      5.56      0.00      0.51      0.00      0.00     93.94
16:49:55        all      5.08      0.00      0.51      0.00      0.00     94.42
16:49:56        all      5.50      0.00      1.50      0.00      0.00     93.00
16:49:57        all      5.10      0.00      1.02      0.00      0.00     93.88
16:49:58        all     11.11      0.00      2.02      0.00      0.00     86.87
16:49:59        all      5.10      0.00      0.51      0.00      0.00     94.39
16:50:00        all      5.00      0.00      1.00      0.00      1.00     93.00
16:50:01        all      4.06      0.00      1.52      0.00      0.00     94.42
16:50:02        all      5.56      0.00      0.00      1.01      1.01     92.42
16:50:03        all      6.09      0.00      2.03      0.00      0.00     91.88
16:50:04        all      5.58      0.00      0.00      0.00      0.00     94.42
16:50:05        all      5.56      0.00      1.01      0.00      0.00     93.43
16:50:06        all      5.15      0.00      0.00      0.00      0.00     94.85
16:50:07        all      5.50      0.00      1.50      0.00      0.00     93.00
16:50:08        all      5.03      0.00      1.01      0.00      0.50     93.47
16:50:09        all      6.06      0.00      0.51      0.00      0.00     93.43
16:50:10        all      5.13      0.00      0.51      0.00      0.00     94.36
16:50:11        all      6.03      0.00      1.01      0.00      0.00     92.96
16:50:12        all      5.61      0.00      0.00      0.00      0.00     94.39
16:50:13        all     10.61      0.00      2.02      0.00      0.51     86.87
16:50:14        all      4.59      0.00      0.51      0.00      0.00     94.90
16:50:15        all      6.03      0.00      1.01      0.00      0.00     92.96
16:50:16        all      5.08      0.00      1.02      0.00      0.00     93.91
16:50:17        all      5.08      0.00      1.02      0.00      0.00     93.91
16:50:18        all      5.08      0.00      0.51      0.00      0.00     94.42
16:50:19        all      5.58      0.00      0.51      0.00      0.00     93.91
16:50:20        all      5.56      0.00      1.01      0.00      0.00     93.43
16:50:21        all      4.59      0.00      0.51      0.00      0.00     94.90
16:50:22        all      5.50      0.00      2.00      0.00      0.00     92.50
16:50:23        all      5.05      0.00      1.01      0.00      0.00     93.94
16:50:24        all      4.62      0.00      0.00      0.00      0.00     95.38
16:50:25        all      6.03      0.00      1.01      0.00      0.00     92.96
16:50:26        all      5.58      0.00      1.02      0.00      0.00     93.40
16:50:27        all      5.10      0.00      0.51      0.00      0.00     94.39
16:50:28        all     10.66      0.00      2.03      0.00      0.00     87.31
16:50:29        all      2.01      0.00      0.00      0.00      0.00     97.99
16:50:30        all      0.00      0.00      0.50      0.00      0.00     99.50
16:50:31        all      0.00      0.00      0.50      0.00      0.00     99.50
16:50:32        all      0.50      0.00      0.50      0.50      0.50     98.00
16:50:33        all      1.00      0.00      0.00      0.00      0.00     99.00
16:50:34        all      0.00      0.00      0.00      0.00      0.00    100.00
16:50:35        all      0.00      0.00      0.00      0.00      0.00    100.00
16:50:36        all      1.00      0.00      0.00      0.00      0.00     99.00
16:50:37        all      0.00      0.00      0.50      0.00      0.50     99.00
16:50:38        all      0.50      0.00      0.00      0.00      0.00     99.50
16:50:39        all      0.00      0.00      0.00      0.00      0.00    100.00
16:50:40        all      0.00      0.00      0.50      0.00      0.00     99.50
16:50:41        all      0.50      0.00      0.00      0.00      0.00     99.50
16:50:42        all      0.00      0.00      0.00      0.00      0.00    100.00
16:50:43        all      5.08      0.00      1.02      0.00      0.00     93.91
16:50:44        all      0.00      0.00      0.00      0.00      0.00    100.00
16:50:45        all      0.00      0.00      0.00      0.00      0.00    100.00
16:50:46        all      1.00      0.00      0.50      0.00      0.00     98.51


Average:        all      4.71      0.00      0.81      0.03      0.18     94.27
