Linux 7.0.0-1008-aws (ip-172-31-20-134) 	08/07/26 	_x86_64_	(2 CPU)

16:48:50    kbmemfree   kbavail kbmemused  %memused kbbuffers  kbcached  kbcommit   %commit  kbactive   kbinact   kbdirty
16:48:51        90636   1288220    380572     19.51     12008   1275824   1636152     83.87    729860    835116       376
16:48:52        90636   1288220    380572     19.51     12008   1275824   1636152     83.87    729860    835116       376
16:48:53        90636   1288220    380572     19.51     12008   1275824   1636152     83.87    729860    835116       376
16:48:54        90636   1288220    380572     19.51     12008   1275824   1636152     83.87    729860    835116       376
16:48:55        90636   1288220    380572     19.51     12008   1275824   1636152     83.87    729860    835116       376
16:48:56        90636   1288220    380568     19.51     12008   1275828   1636152     83.87    729860    835116       380
16:48:57        90636   1288228    380568     19.51     12008   1275828   1637320     83.93    731384    835124       380
16:48:58        90636   1288288    380504     19.51     12008   1275892   1637572     83.94    734124    835184       444
16:48:59        90636   1288412    380380     19.50     12008   1276016   1638056     83.97    734744    835308       568
16:49:00        90636   1288532    380260     19.49     12008   1276136   1646556     84.40    735244    835428       688
16:49:01        90636   1288644    380148     19.49     12008   1276248   1646740     84.41    735876    835540       800
16:49:02        90636   1288920    379868     19.47     12056   1276480   1646872     84.42    736336    835688      1032
16:49:03        90636   1289032    379760     19.47     12056   1276588   1650968     84.63    737216    835800      1140
16:49:04        90636   1289156    379636     19.46     12056   1276712   1651388     84.65    737464    835924      1264
16:49:05        90636   1289284    379512     19.45     12056   1276836   1651576     84.66    738284    836052      1388
16:49:06        90636   1289404    379388     19.45     12056   1276960   1651636     84.67    738292    836172      1512
16:49:07        90636   1289464    379268     19.44     12056   1277080   1651636     84.67    738480    836232      1632
16:49:08        90636   1289644    379144     19.44     12056   1277204   1651740     84.67    738548    836412      1756
16:49:09        90636   1289648    379024     19.43     12056   1277324   1651740     84.67    738668    836416      1876
16:49:10        90636   1289888    378904     19.42     12056   1277444   1651760     84.67    738800    836656      1996
16:49:11        90636   1290008    378772     19.42     12056   1277576   1651804     84.67    738804    836776      2128
16:49:12        90636   1290108    378648     19.41     12056   1277700   1651804     84.67    738828    836876      2252
16:49:13        90636   1290272    378516     19.40     12056   1277832   1651804     84.67    738848    837040      2384
16:49:14        90636   1290400    378396     19.40     12056   1277952   1651804     84.67    739216    837168      2504
16:49:15        90636   1290484    378272     19.39     12056   1278076   1651936     84.68    739264    837252      2628
16:49:16        90636   1290640    378144     19.38     12056   1278204   1652044     84.69    739480    837408      2756
16:49:17        88196   1288328    380468     19.50     12056   1278320   1652044     84.69    739488    837536      2872
16:49:18        88196   1288448    380344     19.50     12056   1278444   1652044     84.69    740112    837656      2996
16:49:19        88196   1288568    380220     19.49     12056   1278568   1652044     84.69    740116    837776      3120
16:49:20        88196   1288692    380100     19.48     12056   1278688   1652044     84.69    739480    837900      3240
16:49:21        88196   1288816    379976     19.48     12056   1278812   1652044     84.69    739608    838024        68
16:49:22        88196   1288944    379852     19.47     12056   1278936   1652044     84.69    740064    838152       148
16:49:23        88196   1289060    379728     19.47     12056   1279060   1652044     84.69    739860    838268       272
16:49:24        88196   1289164    379600     19.46     12056   1279188   1652044     84.69    739812    838372       400
16:49:25        88196   1289284    379480     19.45     12056   1279308   1652044     84.69    739816    838492       520
16:49:26        88196   1289436    379356     19.45     12056   1279432   1652080     84.69    740036    838644       648
16:49:27        88196   1289552    379236     19.44     12056   1279552   1652092     84.69    740044    838760       768
16:49:28        88196   1289676    379104     19.43     12056   1279684   1652100     84.69    740076    838884       900
16:49:29        88196   1289760    378976     19.43     12056   1279812   1652140     84.69    740116    838968      1028
16:49:30        88196   1289864    378852     19.42     12056   1279936   1652144     84.69    740136    839072      1152
16:49:31        88196   1290068    378724     19.41     12056   1280064   1652144     84.69    740428    839276      1280
16:49:32        88196   1290204    378580     19.41     12080   1280184   1652144     84.69    740592    839412      1500
16:49:33        88196   1290332    378456     19.40     12080   1280308   1652144     84.69    741084    839540      1624
16:49:34        88196   1290444    378332     19.39     12080   1280432   1652144     84.69    741156    839652      1744
16:49:35        88196   1290560    378216     19.39     12080   1280548   1652144     84.69    741164    839768      1860
16:49:36        88196   1290704    378088     19.38     12080   1280676   1652160     84.69    740692    839912      1988
16:49:37        88196   1290724    377968     19.38     12080   1280796   1652160     84.69    740476    839932      2108
16:49:38        88196   1290940    377844     19.37     12080   1280920   1652160     84.69    740632    840148      2232
16:49:39        88196   1291068    377724     19.36     12080   1281040   1652160     84.69    740752    840276      2352
16:49:40        88196   1291184    377600     19.36     12080   1281164   1652160     84.69    740760    840392      2476
16:49:41        88196   1291320    377472     19.35     12080   1281292   1652176     84.69    740996    840528      2604
16:49:42        88196   1291320    377348     19.34     12080   1281416   1652176     84.69    740996    840528      2728
16:49:43        88196   1291568    377220     19.34     12080   1281544   1652176     84.69    741000    840776      2856
16:49:44        88196   1291660    377096     19.33     12080   1281668   1652172     84.69    741024    840868      2980
16:49:45        88196   1291784    376972     19.32     12080   1281792   1652172     84.69    741024    840992      3104
16:49:46        88196   1291896    376848     19.32     12080   1281916   1652172     84.69    741036    841104      3228
16:49:47        88196   1292016    376728     19.31     12080   1282036   1652180     84.69    741040    841224      3348
16:49:48        88196   1292188    376604     19.31     12080   1282160   1652180     84.69    741612    841396      3472
16:49:49        86984   1291076    377696     19.36     12080   1282280   1652244     84.70    741924    841496      3592
16:49:50        86984   1291216    377576     19.36     12080   1282400   1652280     84.70    742404    841636      3712
16:49:51        86984   1291352    377444     19.35     12080   1282532   1652376     84.70    741560    841772      3632
16:49:52        86984   1291468    377328     19.34     12080   1282648   1652376     84.70    741568    841888      3748
16:49:53        86984   1291468    377216     19.34     12080   1282760   1652376     84.70    741568    841888      3860
16:49:54        86984   1291700    377092     19.33     12080   1282884   1652376     84.70    741584    842120      3984
16:49:55        86984   1291816    376972     19.32     12080   1283004   1652376     84.70    741592    842236      4104
16:49:56        86732   1291680    377100     19.33     12080   1283128   1652376     84.70    741600    842352      4228
16:49:57        86732   1291820    376972     19.32     12080   1283256   1652376     84.70    741708    842492       148
16:49:58        86480   1291684    377104     19.33     12080   1283376   1652376     84.70    741780    842608       276
16:49:59        86228   1291500    377224     19.34     12080   1283508   1652376     84.70    741864    842676       412
16:50:00        86228   1291620    377104     19.33     12080   1283628   1652376     84.70    741868    842796       532
16:50:01        86228   1291744    376984     19.32     12080   1283748   1652376     84.70    741868    842920       652
16:50:02        85976   1291684    377108     19.33     12112   1283844   1652376     84.70    741884    843112       748
16:50:03        83468   1289380    379416     19.45     12112   1284044   1652376     84.70    742344    843308      1020
16:50:04        83468   1289480    379296     19.44     12112   1284164   1652376     84.70    742368    843408      1140
16:50:05        82712   1288864    379932     19.48     12112   1284284   1652392     84.70    743340    843548      1260
16:50:06        82460   1288676    380056     19.48     12112   1284412   1652392     84.70    742540    843612      1388
16:50:07        82460   1288796    379932     19.48     12112   1284536   1652392     84.70    742544    843732      1512
16:50:08        82460   1288920    379816     19.47     12112   1284652   1652392     84.70    742544    843856      1628
16:50:09        82208   1288800    379908     19.47     12112   1284812   1652416     84.71    742556    843988      1752
16:50:10        82208   1289120    379660     19.46     12112   1285060   1652468     84.71    742756    844160      1876
16:50:11        82208   1289216    379532     19.46     12112   1285188   1652468     84.71    742796    844244      2004
16:50:12        82208   1289336    379408     19.45     12112   1285312   1652468     84.71    742800    844364      2128
16:50:13        81452   1288756    380032     19.48     12112   1285444   1652468     84.71    742604    844540      2260
16:50:14        81452   1288852    379908     19.47     12112   1285568   1652468     84.71    742632    844636      2384
16:50:15        81452   1288972    379788     19.47     12112   1285688   1652468     84.71    742636    844756      2504
16:50:16        81452   1289104    379664     19.46     12112   1285812   1652496     84.71    742752    844888      2628
16:50:17        81452   1289200    379540     19.46     12112   1285936   1652496     84.71    742780    844984      2752
16:50:18        81452   1289364    379416     19.45     12112   1286060   1652496     84.71    743360    845148      2876
16:50:19        81452   1289436    379296     19.44     12112   1286180   1652496     84.71    743412    845220      2996
16:50:20        81200   1289368    379428     19.45     12112   1286300   1656620     84.92    744180    845404      3116
16:50:21        81200   1289464    379300     19.44     12112   1286428   1656620     84.92    744248    845500      3244
16:50:22        80240   1288576    380144     19.49     12112   1286544   1656620     84.92    743376    845572      3152
16:50:23        80240   1288680    380020     19.48     12112   1286668   1656632     84.92    743396    845676      3276
16:50:24        80240   1288788    379900     19.47     12112   1286788   1656632     84.92    743412    845784      3396
16:50:25        80240   1288912    379776     19.47     12112   1286912   1656596     84.92    743412    845908      3520
16:50:26        80240   1288996    379652     19.46     12112   1287036   1656596     84.92    743412    845992      3644
16:50:27        80240   1289264    379532     19.46     12112   1287156   1656724     84.93    743432    846260      3764
16:50:28        80240   1289388    379400     19.45     12112   1287288   1656724     84.93    743300    846384      3896
16:50:29        80240   1289504    379284     19.44     12112   1287404   1656724     84.93    743308    846500      3956
16:50:30        80240   1289504    379248     19.44     12112   1287440   1656724     84.93    743308    846500      3992
16:50:31        80240   1289504    379232     19.44     12112   1287456   1656724     84.93    743308    846500      4012
16:50:32        80240   1289584    379204     19.44     12140   1287456   1656724     84.93    743364    846580       392
16:50:33        80240   1289592    379200     19.44     12140   1287460   1656724     84.93    743728    846588       408
16:50:34        80240   1289596    379200     19.44     12140   1287460   1656724     84.93    743860    846592       144
16:50:35        80240   1289596    379200     19.44     12140   1287460   1656724     84.93    743860    846592       144
16:50:36        80240   1289596    379196     19.44     12140   1287464   1656724     84.93    743860    846592       148
16:50:37        80240   1289596    379196     19.44     12140   1287464   1656724     84.93    743860    846592       148
16:50:38        80240   1289596    379196     19.44     12140   1287464   1656724     84.93    743860    846592       148
16:50:39        80240   1289596    379196     19.44     12140   1287464   1656724     84.93    743860    846592       148
16:50:40        80240   1289596    379196     19.44     12140   1287464   1656724     84.93    743860    846592       148
16:50:41        80240   1289596    379196     19.44     12140   1287464   1656724     84.93    743860    846592       148
16:50:42        80240   1289596    379196     19.44     12140   1287464   1656724     84.93    743860    846592       148
16:50:43        80240   1289608    379184     19.44     12140   1287476   1656724     84.93    743944    846604       160
16:50:44        80240   1289608    379184     19.44     12140   1287476   1656724     84.93    743944    846604       160
16:50:45        80240   1289608    379184     19.44     12140   1287476   1656724     84.93    743944    846604       160
16:50:46        80240   1289608    379180     19.44     12140   1287480   1656724     84.93    743944    846604       164

Average:        85834   1289788    378983     19.43     12083   1282140   1651870     84.68    740634    841316      1797
