Linux 7.0.0-1008-aws (ip-172-31-31-224) 	08/07/26 	_x86_64_	(2 CPU)

06:53:48    kbmemfree   kbavail kbmemused  %memused kbbuffers  kbcached  kbcommit   %commit  kbactive   kbinact   kbdirty
06:53:49       716636   1251744    401656     20.59     14644    663164   1457096     74.69    252200    734080        16
06:53:50       628436   1163544    489856     25.11     14644    663164   1544480     79.17    339928    734080        16
06:53:51       571988   1107096    546304     28.00     14644    663164   1603312     82.19    399580    734080        16
06:53:52       443468    978576    674824     34.59     14644    663164   1728748     88.62    522496    734080        16
06:53:53       362828    897936    755464     38.73     14644    663164   1811956     92.88    605948    734080        16
06:53:54       266312    801420    851980     43.67     14644    663164   1899880     97.39    695492    734080        16
06:53:55       217928    753036    900364     46.15     14644    663164   1958064    100.37    750444    734080        16
06:53:56       129224    664332    989068     50.70     14644    663164   2041656    104.66    836760    734080        16
06:53:57       129224    664332    989068     50.70     14644    663164   2041656    104.66    836760    734080        16
06:53:58       129224    664332    989068     50.70     14644    663164   2041656    104.66    836760    734080        16
06:53:59       129224    664332    989068     50.70     14644    663164   2041656    104.66    836760    734080        16
06:54:00       129224    664332    989068     50.70     14644    663164   2041656    104.66    836760    734080        16
06:54:01       129224    664332    989068     50.70     14644    663164   2041656    104.66    836760    734080        16
06:54:02       129224    664332    989068     50.70     14644    663164   2041656    104.66    836760    734080        16
06:54:03       129224    664332    989068     50.70     14644    663164   2041656    104.66    836760    734080        16
06:54:04       129224    664332    989068     50.70     14644    663164   2041656    104.66    836760    734080        16
06:54:05       129224    664332    989068     50.70     14644    663164   2041656    104.66    836760    734080        16
06:54:06       129224    664332    989068     50.70     14644    663164   2041656    104.66    836760    734080        16
06:54:07       129224    664332    989068     50.70     14644    663164   2041656    104.66    836760    734080        16
06:54:08       129224    664332    989068     50.70     14644    663164   2041656    104.66    836760    734080        16
06:54:09       129224    664332    989064     50.70     14644    663168   2041656    104.66    836760    734080        20
06:54:10       129224    664332    989064     50.70     14644    663168   2041656    104.66    836760    734080        20
06:54:11       129224    664332    989064     50.70     14644    663168   2041720    104.66    836884    734080        20
06:54:12       129224    664332    989064     50.70     14644    663168   2041720    104.66    836884    734080        20
06:54:13       129224    664332    989064     50.70     14644    663168   2041720    104.66    836884    734080        20
06:54:14       129224    664332    989064     50.70     14644    663168   2041720    104.66    836884    734080        20
06:54:15       129224    664336    989064     50.70     14644    663168   2041720    104.66    837004    734084        20
06:54:16       129224    664336    989064     50.70     14644    663168   2041720    104.66    837004    734084        20
06:54:17       129224    664336    989040     50.70     14668    663168   2041768    104.66    837004    734084       104
06:54:18       129224    664336    989040     50.70     14668    663168   2041768    104.66    837004    734084       100
06:54:19       129224    664336    989040     50.70     14668    663168   2041768    104.66    837004    734084        88
06:54:20       129224    664336    989040     50.70     14668    663168   2041768    104.66    837004    734084        96
06:54:21       129224    664336    989040     50.70     14668    663168   2041768    104.66    837004    734084        96
06:54:22       129224    664336    989036     50.70     14668    663172   2041768    104.66    837004    734084       100
06:54:23       129224    664336    989036     50.70     14668    663172   2041768    104.66    837004    734084       100
06:54:24       129224    664336    989036     50.70     14668    663172   2041768    104.66    837004    734084       100
06:54:25       129224    664336    989036     50.70     14668    663172   2041768    104.66    837004    734084       100
06:54:26       129224    664336    989036     50.70     14668    663172   2041768    104.66    837004    734084       100
06:54:27       129224    664336    989036     50.70     14668    663172   2041768    104.66    837004    734084       100
06:54:28       129224    664336    989036     50.70     14668    663172   2041768    104.66    837004    734084       100
06:54:29       129224    664336    989032     50.70     14668    663176   2041768    104.66    837004    734084       104
06:54:30       129224    664360    989032     50.70     14668    663176   2041768    104.66    837104    734108       104
06:54:31       129224    664360    989032     50.70     14668    663176   2041768    104.66    837104    734108       104
06:54:32       129224    664360    989032     50.70     14668    663176   2041768    104.66    837104    734108       104
06:54:33       129224    664360    989032     50.70     14668    663176   2041768    104.66    837104    734108       104
06:54:34       129224    664360    989032     50.70     14668    663176   2041768    104.66    837104    734108       104
06:54:35       129224    664360    989032     50.70     14668    663176   2041768    104.66    837104    734108       104
06:54:36       129224    664360    989032     50.70     14668    663176   2041768    104.66    837104    734108       104
06:54:37       129224    664360    989032     50.70     14668    663176   2041768    104.66    837104    734108       104
06:54:38       129224    664360    989028     50.70     14668    663180   2041768    104.66    837104    734108       108
06:54:39       129224    664360    989028     50.70     14668    663180   2041768    104.66    837104    734108       108
06:54:40       129224    664360    989028     50.70     14668    663180   2041768    104.66    837104    734108       108
06:54:41       129224    664360    989028     50.70     14668    663180   2041768    104.66    837104    734108       108
06:54:42       129224    664360    989028     50.70     14668    663180   2041768    104.66    837104    734108       108
06:54:43       129224    664360    989028     50.70     14668    663180   2041768    104.66    837104    734108       108
06:54:44       129224    664360    989028     50.70     14668    663180   2041832    104.67    837104    734108       108
06:54:45       129224    664360    989028     50.70     14668    663180   2041832    104.67    837104    734108       108
06:54:46       129224    664360    989028     50.70     14668    663180   2041832    104.67    837104    734108       108
06:54:47       129224    664388    989004     50.70     14692    663180   2041832    104.67    837188    734136        24
06:54:48       129224    664396    989000     50.70     14692    663184   2041832    104.67    837188    734144        28
06:54:49       129000    664172    989224     50.71     14692    663184   2041832    104.67    837188    734144        28
06:54:50       129000    664172    989224     50.71     14692    663184   2041832    104.67    837188    734144        28
06:54:51       129000    664176    989224     50.71     14692    663184   2041832    104.67    837188    734148         8
06:54:52       129000    664176    989224     50.71     14692    663184   2041832    104.67    837188    734148        12
06:54:53       129000    664176    989224     50.71     14692    663184   2041832    104.67    837188    734148        12
06:54:54       129000    664176    989224     50.71     14692    663184   2041832    104.67    837188    734148        12
06:54:55       129000    664176    989220     50.71     14692    663188   2041832    104.67    837188    734148        16
06:54:56       129000    664176    989220     50.71     14692    663188   2041832    104.67    837188    734148        16
06:54:57       129000    664176    989220     50.71     14692    663188   2041832    104.67    837188    734148        16
06:54:58       129000    664176    989220     50.71     14692    663188   2041832    104.67    837188    734148        16
06:54:59       129000    664176    989220     50.71     14692    663188   2041832    104.67    837188    734148        16
06:55:00       129000    664176    989220     50.71     14692    663188   2041832    104.67    837188    734148        16
06:55:01       129000    664176    989220     50.71     14692    663188   2041832    104.67    837188    734148        16
06:55:02       129000    664176    989220     50.71     14692    663188   2041832    104.67    837188    734148        16
06:55:03       129000    664176    989220     50.71     14692    663188   2041832    104.67    837188    734148        16
06:55:04       129000    664176    989220     50.71     14692    663188   2041832    104.67    837188    734148        16
06:55:05       129000    664176    989220     50.71     14692    663188   2041832    104.67    837188    734148        16
06:55:06       129000    664176    989220     50.71     14692    663188   2041832    104.67    837188    734148        16
06:55:07       129000    664176    989220     50.71     14692    663188   2041832    104.67    837188    734148        16
06:55:08       129000    664176    989220     50.71     14692    663188   2041832    104.67    837188    734148        16
06:55:09       129000    664176    989216     50.71     14692    663192   2041832    104.67    837188    734148        20
06:55:10       129000    664176    989216     50.71     14692    663192   2041832    104.67    837188    734148        20
06:55:11       129000    664176    989216     50.71     14692    663192   2041832    104.67    837188    734148        20
06:55:12       129000    664176    989216     50.71     14692    663192   2041832    104.67    837188    734148        20
06:55:13       129000    664176    989216     50.71     14692    663192   2041832    104.67    837188    734148        20
06:55:14       129000    664176    989216     50.71     14692    663192   2041832    104.67    837188    734148        20
06:55:15       129000    664176    989216     50.71     14692    663192   2041832    104.67    837188    734148        20
06:55:16       129000    664176    989216     50.71     14692    663192   2041832    104.67    837188    734148        20
06:55:17       129000    664196    989180     50.71     14720    663200   2041896    104.67    837300    734168        68
06:55:18       129000    664196    989180     50.71     14720    663200   2041896    104.67    837300    734168        68
06:55:19       129000    664196    989180     50.71     14720    663200   2041896    104.67    837300    734168        68
06:55:20       129000    664196    989180     50.71     14720    663200   2041896    104.67    837300    734168        68
06:55:21       129000    664196    989180     50.71     14720    663200   2041896    104.67    837300    734168        68
06:55:22       129000    664220    989180     50.71     14720    663200   2041896    104.67    837308    734192        52
06:55:23       129000    664220    989180     50.71     14720    663200   2041896    104.67    837308    734192        60
06:55:24       129000    664220    989180     50.71     14720    663200   2041896    104.67    837308    734192        60
06:55:25       129000    664220    989180     50.71     14720    663200   2041896    104.67    837308    734192        60
06:55:26       129000    664220    989180     50.71     14720    663200   2041896    104.67    837308    734192        60
06:55:27       129000    664220    989180     50.71     14720    663200   2041896    104.67    837308    734192        60
06:55:28       129000    664220    989176     50.71     14720    663204   2041896    104.67    837308    734192        64
06:55:29       129000    664220    989172     50.71     14720    663208   2041896    104.67    837308    734192        68
06:55:30       129000    664220    989168     50.71     14720    663212   2041896    104.67    837308    734192        72

Average:       151710    686858    966534     49.55     14676    663180   2019347    103.51    814596    734119        49
