Linux 7.0.0-1008-aws (ip-172-31-31-224) 	08/07/26 	_x86_64_	(2 CPU)

06:53:48        IFACE   rxpck/s   txpck/s    rxkB/s    txkB/s   rxcmp/s   txcmp/s  rxmcst/s   %ifutil
06:53:49         ens5     45.00     48.00      4.11      6.30      0.00      0.00      0.00      0.00

06:53:49        IFACE   rxpck/s   txpck/s    rxkB/s    txkB/s   rxcmp/s   txcmp/s  rxmcst/s   %ifutil
06:53:50         ens5     14.00     12.00      1.03      1.87      0.00      0.00      0.00      0.00

06:53:50        IFACE   rxpck/s   txpck/s    rxkB/s    txkB/s   rxcmp/s   txcmp/s  rxmcst/s   %ifutil
06:53:51         ens5     10.00     10.00      0.51      2.11      0.00      0.00      0.00      0.00

06:53:51        IFACE   rxpck/s   txpck/s    rxkB/s    txkB/s   rxcmp/s   txcmp/s  rxmcst/s   %ifutil
06:53:52         ens5      7.00      7.00      0.36      1.52      0.00      0.00      0.00      0.00

06:53:52        IFACE   rxpck/s   txpck/s    rxkB/s    txkB/s   rxcmp/s   txcmp/s  rxmcst/s   %ifutil
06:53:53         ens5      3.00      3.00      0.15      0.66      0.00      0.00      0.00      0.00

06:53:53        IFACE   rxpck/s   txpck/s    rxkB/s    txkB/s   rxcmp/s   txcmp/s  rxmcst/s   %ifutil
06:53:54         ens5     11.00     11.00      0.56      2.30      0.00      0.00      0.00      0.00

06:53:54        IFACE   rxpck/s   txpck/s    rxkB/s    txkB/s   rxcmp/s   txcmp/s  rxmcst/s   %ifutil
06:53:55         ens5      5.00      5.00      0.25      1.10      0.00      0.00      0.00      0.00

06:53:55        IFACE   rxpck/s   txpck/s    rxkB/s    txkB/s   rxcmp/s   txcmp/s  rxmcst/s   %ifutil
06:53:56         ens5      5.00      5.00      0.25      1.05      0.00      0.00      0.00      0.00

06:53:56        IFACE   rxpck/s   txpck/s    rxkB/s    txkB/s   rxcmp/s   txcmp/s  rxmcst/s   %ifutil
06:53:57         ens5     70.00     72.00     13.73     47.27      0.00      0.00      0.00      0.00

06:53:57        IFACE   rxpck/s   txpck/s    rxkB/s    txkB/s   rxcmp/s   txcmp/s  rxmcst/s   %ifutil
06:53:58         ens5    142.00    141.00     25.28     84.16      0.00      0.00      0.00      0.00

06:53:58        IFACE   rxpck/s   txpck/s    rxkB/s    txkB/s   rxcmp/s   txcmp/s  rxmcst/s   %ifutil
06:53:59         ens5    149.00    142.00     27.22     85.66      0.00      0.00      0.00      0.00

06:53:59        IFACE   rxpck/s   txpck/s    rxkB/s    txkB/s   rxcmp/s   txcmp/s  rxmcst/s   %ifutil
06:54:00         ens5    132.00    131.00     24.58     78.01      0.00      0.00      0.00      0.00

06:54:00        IFACE   rxpck/s   txpck/s    rxkB/s    txkB/s   rxcmp/s   txcmp/s  rxmcst/s   %ifutil
06:54:01         ens5    102.00    103.00     19.48     62.28      0.00      0.00      0.00      0.00

06:54:01        IFACE   rxpck/s   txpck/s    rxkB/s    txkB/s   rxcmp/s   txcmp/s  rxmcst/s   %ifutil
06:54:02         ens5    111.00    108.00     21.53     64.07      0.00      0.00      0.00      0.00

06:54:02        IFACE   rxpck/s   txpck/s    rxkB/s    txkB/s   rxcmp/s   txcmp/s  rxmcst/s   %ifutil
06:54:03         ens5    147.00    143.00     27.12     85.73      0.00      0.00      0.00      0.00

06:54:03        IFACE   rxpck/s   txpck/s    rxkB/s    txkB/s   rxcmp/s   txcmp/s  rxmcst/s   %ifutil
06:54:04         ens5    150.00    143.00     27.28     85.73      0.00      0.00      0.00      0.00

06:54:04        IFACE   rxpck/s   txpck/s    rxkB/s    txkB/s   rxcmp/s   txcmp/s  rxmcst/s   %ifutil
06:54:05         ens5    148.00    141.00     25.56     84.15      0.00      0.00      0.00      0.00

06:54:05        IFACE   rxpck/s   txpck/s    rxkB/s    txkB/s   rxcmp/s   txcmp/s  rxmcst/s   %ifutil
06:54:06         ens5    146.00    143.00     27.07     85.73      0.00      0.00      0.00      0.00

06:54:06        IFACE   rxpck/s   txpck/s    rxkB/s    txkB/s   rxcmp/s   txcmp/s  rxmcst/s   %ifutil
06:54:07         ens5    147.00    143.00     27.16     85.75      0.00      0.00      0.00      0.00

06:54:07        IFACE   rxpck/s   txpck/s    rxkB/s    txkB/s   rxcmp/s   txcmp/s  rxmcst/s   %ifutil
06:54:08         ens5    150.00    143.00     27.29     85.77      0.00      0.00      0.00      0.00

06:54:08        IFACE   rxpck/s   txpck/s    rxkB/s    txkB/s   rxcmp/s   txcmp/s  rxmcst/s   %ifutil
06:54:09         ens5    149.00    143.00     27.24     85.76      0.00      0.00      0.00      0.00

06:54:09        IFACE   rxpck/s   txpck/s    rxkB/s    txkB/s   rxcmp/s   txcmp/s  rxmcst/s   %ifutil
06:54:10         ens5    147.00    144.00     27.13     85.83      0.00      0.00      0.00      0.00

06:54:10        IFACE   rxpck/s   txpck/s    rxkB/s    txkB/s   rxcmp/s   txcmp/s  rxmcst/s   %ifutil
06:54:11         ens5    146.00    142.00     27.08     85.69      0.00      0.00      0.00      0.00

06:54:11        IFACE   rxpck/s   txpck/s    rxkB/s    txkB/s   rxcmp/s   txcmp/s  rxmcst/s   %ifutil
06:54:12         ens5    148.00    144.00     27.18     85.83      0.00      0.00      0.00      0.00

06:54:12        IFACE   rxpck/s   txpck/s    rxkB/s    txkB/s   rxcmp/s   txcmp/s  rxmcst/s   %ifutil
06:54:13         ens5    147.00    143.00     27.13     85.77      0.00      0.00      0.00      0.00

06:54:13        IFACE   rxpck/s   txpck/s    rxkB/s    txkB/s   rxcmp/s   txcmp/s  rxmcst/s   %ifutil
06:54:14         ens5    147.00    144.00     27.16     85.85      0.00      0.00      0.00      0.00

06:54:14        IFACE   rxpck/s   txpck/s    rxkB/s    txkB/s   rxcmp/s   txcmp/s  rxmcst/s   %ifutil
06:54:15         ens5    149.00    143.00     27.24     85.76      0.00      0.00      0.00      0.00

06:54:15        IFACE   rxpck/s   txpck/s    rxkB/s    txkB/s   rxcmp/s   txcmp/s  rxmcst/s   %ifutil
06:54:16         ens5    144.00    143.00     26.98     85.77      0.00      0.00      0.00      0.00

06:54:16        IFACE   rxpck/s   txpck/s    rxkB/s    txkB/s   rxcmp/s   txcmp/s  rxmcst/s   %ifutil
06:54:17         ens5    146.00    143.00     27.08     85.77      0.00      0.00      0.00      0.00

06:54:17        IFACE   rxpck/s   txpck/s    rxkB/s    txkB/s   rxcmp/s   txcmp/s  rxmcst/s   %ifutil
06:54:18         ens5    145.00    143.00     27.04     85.77      0.00      0.00      0.00      0.00

06:54:18        IFACE   rxpck/s   txpck/s    rxkB/s    txkB/s   rxcmp/s   txcmp/s  rxmcst/s   %ifutil
06:54:19         ens5    148.00    143.00     27.18     85.77      0.00      0.00      0.00      0.00

06:54:19        IFACE   rxpck/s   txpck/s    rxkB/s    txkB/s   rxcmp/s   txcmp/s  rxmcst/s   %ifutil
06:54:20         ens5    143.00    141.00     26.91     85.62      0.00      0.00      0.00      0.00

06:54:20        IFACE   rxpck/s   txpck/s    rxkB/s    txkB/s   rxcmp/s   txcmp/s  rxmcst/s   %ifutil
06:54:21         ens5    145.00    136.00     26.87     79.84      0.00      0.00      0.00      0.00

06:54:21        IFACE   rxpck/s   txpck/s    rxkB/s    txkB/s   rxcmp/s   txcmp/s  rxmcst/s   %ifutil
06:54:22         ens5    151.00    150.00     27.50     91.69      0.00      0.00      0.00      0.00

06:54:22        IFACE   rxpck/s   txpck/s    rxkB/s    txkB/s   rxcmp/s   txcmp/s  rxmcst/s   %ifutil
06:54:23         ens5    140.00    136.00     26.61     79.84      0.00      0.00      0.00      0.00

06:54:23        IFACE   rxpck/s   txpck/s    rxkB/s    txkB/s   rxcmp/s   txcmp/s  rxmcst/s   %ifutil
06:54:24         ens5    149.00    143.00     27.24     85.76      0.00      0.00      0.00      0.00

06:54:24        IFACE   rxpck/s   txpck/s    rxkB/s    txkB/s   rxcmp/s   txcmp/s  rxmcst/s   %ifutil
06:54:25         ens5    143.00    140.00     25.33     84.12      0.00      0.00      0.00      0.00

06:54:25        IFACE   rxpck/s   txpck/s    rxkB/s    txkB/s   rxcmp/s   txcmp/s  rxmcst/s   %ifutil
06:54:26         ens5    148.00    142.00     27.18     85.69      0.00      0.00      0.00      0.00

06:54:26        IFACE   rxpck/s   txpck/s    rxkB/s    txkB/s   rxcmp/s   txcmp/s  rxmcst/s   %ifutil
06:54:27         ens5    150.00    143.00     27.29     85.76      0.00      0.00      0.00      0.00

06:54:27        IFACE   rxpck/s   txpck/s    rxkB/s    txkB/s   rxcmp/s   txcmp/s  rxmcst/s   %ifutil
06:54:28         ens5    148.00    143.00     27.18     85.77      0.00      0.00      0.00      0.00

06:54:28        IFACE   rxpck/s   txpck/s    rxkB/s    txkB/s   rxcmp/s   txcmp/s  rxmcst/s   %ifutil
06:54:29         ens5    146.00    144.00     27.09     85.82      0.00      0.00      0.00      0.00

06:54:29        IFACE   rxpck/s   txpck/s    rxkB/s    txkB/s   rxcmp/s   txcmp/s  rxmcst/s   %ifutil
06:54:30         ens5    151.00    143.00     27.32     85.77      0.00      0.00      0.00      0.00

06:54:30        IFACE   rxpck/s   txpck/s    rxkB/s    txkB/s   rxcmp/s   txcmp/s  rxmcst/s   %ifutil
06:54:31         ens5    141.00    142.00     26.84     85.70      0.00      0.00      0.00      0.00

06:54:31        IFACE   rxpck/s   txpck/s    rxkB/s    txkB/s   rxcmp/s   txcmp/s  rxmcst/s   %ifutil
06:54:32         ens5    144.00    136.00     26.82     79.84      0.00      0.00      0.00      0.00

06:54:32        IFACE   rxpck/s   txpck/s    rxkB/s    txkB/s   rxcmp/s   txcmp/s  rxmcst/s   %ifutil
06:54:33         ens5    147.00    143.00     27.13     85.77      0.00      0.00      0.00      0.00

06:54:33        IFACE   rxpck/s   txpck/s    rxkB/s    txkB/s   rxcmp/s   txcmp/s  rxmcst/s   %ifutil
06:54:34         ens5    144.00    140.00     25.38     84.12      0.00      0.00      0.00      0.00

06:54:34        IFACE   rxpck/s   txpck/s    rxkB/s    txkB/s   rxcmp/s   txcmp/s  rxmcst/s   %ifutil
06:54:35         ens5    146.00    144.00     27.06     85.81      0.00      0.00      0.00      0.00

06:54:35        IFACE   rxpck/s   txpck/s    rxkB/s    txkB/s   rxcmp/s   txcmp/s  rxmcst/s   %ifutil
06:54:36         ens5    144.00    142.00     26.97     85.69      0.00      0.00      0.00      0.00

06:54:36        IFACE   rxpck/s   txpck/s    rxkB/s    txkB/s   rxcmp/s   txcmp/s  rxmcst/s   %ifutil
06:54:37         ens5    148.00    143.00     27.18     85.77      0.00      0.00      0.00      0.00

06:54:37        IFACE   rxpck/s   txpck/s    rxkB/s    txkB/s   rxcmp/s   txcmp/s  rxmcst/s   %ifutil
06:54:38         ens5    146.00    143.00     27.08     85.76      0.00      0.00      0.00      0.00

06:54:38        IFACE   rxpck/s   txpck/s    rxkB/s    txkB/s   rxcmp/s   txcmp/s  rxmcst/s   %ifutil
06:54:39         ens5    146.00    144.00     27.08     85.83      0.00      0.00      0.00      0.00

06:54:39        IFACE   rxpck/s   txpck/s    rxkB/s    txkB/s   rxcmp/s   txcmp/s  rxmcst/s   %ifutil
06:54:40         ens5    144.00    143.00     26.98     85.77      0.00      0.00      0.00      0.00

06:54:40        IFACE   rxpck/s   txpck/s    rxkB/s    txkB/s   rxcmp/s   txcmp/s  rxmcst/s   %ifutil
06:54:41         ens5    142.00    142.00     26.90     85.68      0.00      0.00      0.00      0.00

06:54:41        IFACE   rxpck/s   txpck/s    rxkB/s    txkB/s   rxcmp/s   txcmp/s  rxmcst/s   %ifutil
06:54:42         ens5    149.00    134.00     27.07     78.26      0.00      0.00      0.00      0.00

06:54:42        IFACE   rxpck/s   txpck/s    rxkB/s    txkB/s   rxcmp/s   txcmp/s  rxmcst/s   %ifutil
06:54:43         ens5    146.00    145.00     27.08     87.34      0.00      0.00      0.00      0.00

06:54:43        IFACE   rxpck/s   txpck/s    rxkB/s    txkB/s   rxcmp/s   txcmp/s  rxmcst/s   %ifutil
06:54:44         ens5    141.00    140.00     25.23     84.12      0.00      0.00      0.00      0.00

06:54:44        IFACE   rxpck/s   txpck/s    rxkB/s    txkB/s   rxcmp/s   txcmp/s  rxmcst/s   %ifutil
06:54:45         ens5    147.00    143.00     27.13     85.76      0.00      0.00      0.00      0.00

06:54:45        IFACE   rxpck/s   txpck/s    rxkB/s    txkB/s   rxcmp/s   txcmp/s  rxmcst/s   %ifutil
06:54:46         ens5    148.00    142.00     27.18     85.69      0.00      0.00      0.00      0.00

06:54:46        IFACE   rxpck/s   txpck/s    rxkB/s    txkB/s   rxcmp/s   txcmp/s  rxmcst/s   %ifutil
06:54:47         ens5    149.00    144.00     27.26     85.85      0.00      0.00      0.00      0.00

06:54:47        IFACE   rxpck/s   txpck/s    rxkB/s    txkB/s   rxcmp/s   txcmp/s  rxmcst/s   %ifutil
06:54:48         ens5    145.00    143.00     27.03     85.77      0.00      0.00      0.00      0.00

06:54:48        IFACE   rxpck/s   txpck/s    rxkB/s    txkB/s   rxcmp/s   txcmp/s  rxmcst/s   %ifutil
06:54:49         ens5    147.00    143.00     27.13     85.76      0.00      0.00      0.00      0.00

06:54:49        IFACE   rxpck/s   txpck/s    rxkB/s    txkB/s   rxcmp/s   txcmp/s  rxmcst/s   %ifutil
06:54:50         ens5    147.00    143.00     27.13     85.76      0.00      0.00      0.00      0.00

06:54:50        IFACE   rxpck/s   txpck/s    rxkB/s    txkB/s   rxcmp/s   txcmp/s  rxmcst/s   %ifutil
06:54:51         ens5    137.00    134.00     26.45     79.69      0.00      0.00      0.00      0.00

06:54:51        IFACE   rxpck/s   txpck/s    rxkB/s    txkB/s   rxcmp/s   txcmp/s  rxmcst/s   %ifutil
06:54:52         ens5    135.00    138.00     24.90     83.96      0.00      0.00      0.00      0.00

06:54:52        IFACE   rxpck/s   txpck/s    rxkB/s    txkB/s   rxcmp/s   txcmp/s  rxmcst/s   %ifutil
06:54:53         ens5    151.00    145.00     27.36     85.92      0.00      0.00      0.00      0.00

06:54:53        IFACE   rxpck/s   txpck/s    rxkB/s    txkB/s   rxcmp/s   txcmp/s  rxmcst/s   %ifutil
06:54:54         ens5    140.00    131.00     24.99     78.04      0.00      0.00      0.00      0.00

06:54:54        IFACE   rxpck/s   txpck/s    rxkB/s    txkB/s   rxcmp/s   txcmp/s  rxmcst/s   %ifutil
06:54:55         ens5    149.00    144.00     27.24     85.83      0.00      0.00      0.00      0.00

06:54:55        IFACE   rxpck/s   txpck/s    rxkB/s    txkB/s   rxcmp/s   txcmp/s  rxmcst/s   %ifutil
06:54:56         ens5    147.00    142.00     27.13     85.69      0.00      0.00      0.00      0.00

06:54:56        IFACE   rxpck/s   txpck/s    rxkB/s    txkB/s   rxcmp/s   txcmp/s  rxmcst/s   %ifutil
06:54:57         ens5    146.00    143.00     27.08     85.76      0.00      0.00      0.00      0.00

06:54:57        IFACE   rxpck/s   txpck/s    rxkB/s    txkB/s   rxcmp/s   txcmp/s  rxmcst/s   %ifutil
06:54:58         ens5    148.00    143.00     27.18     85.76      0.00      0.00      0.00      0.00

06:54:58        IFACE   rxpck/s   txpck/s    rxkB/s    txkB/s   rxcmp/s   txcmp/s  rxmcst/s   %ifutil
06:54:59         ens5    148.00    143.00     27.18     85.77      0.00      0.00      0.00      0.00

06:54:59        IFACE   rxpck/s   txpck/s    rxkB/s    txkB/s   rxcmp/s   txcmp/s  rxmcst/s   %ifutil
06:55:00         ens5    135.00    130.00     24.74     77.97      0.00      0.00      0.00      0.00

06:55:00        IFACE   rxpck/s   txpck/s    rxkB/s    txkB/s   rxcmp/s   txcmp/s  rxmcst/s   %ifutil
06:55:01         ens5    115.00    115.00     21.92     70.02      0.00      0.00      0.00      0.00

06:55:01        IFACE   rxpck/s   txpck/s    rxkB/s    txkB/s   rxcmp/s   txcmp/s  rxmcst/s   %ifutil
06:55:02         ens5    141.00    132.00     25.06     78.12      0.00      0.00      0.00      0.00

06:55:02        IFACE   rxpck/s   txpck/s    rxkB/s    txkB/s   rxcmp/s   txcmp/s  rxmcst/s   %ifutil
06:55:03         ens5    145.00    142.00     27.03     85.70      0.00      0.00      0.00      0.00

06:55:03        IFACE   rxpck/s   txpck/s    rxkB/s    txkB/s   rxcmp/s   txcmp/s  rxmcst/s   %ifutil
06:55:04         ens5    144.00    133.00     25.21     78.20      0.00      0.00      0.00      0.00

06:55:04        IFACE   rxpck/s   txpck/s    rxkB/s    txkB/s   rxcmp/s   txcmp/s  rxmcst/s   %ifutil
06:55:05         ens5    148.00    142.00     27.18     85.69      0.00      0.00      0.00      0.00

06:55:05        IFACE   rxpck/s   txpck/s    rxkB/s    txkB/s   rxcmp/s   txcmp/s  rxmcst/s   %ifutil
06:55:06         ens5    148.00    143.00     27.18     85.76      0.00      0.00      0.00      0.00

06:55:06        IFACE   rxpck/s   txpck/s    rxkB/s    txkB/s   rxcmp/s   txcmp/s  rxmcst/s   %ifutil
06:55:07         ens5    150.00    143.00     27.29     85.77      0.00      0.00      0.00      0.00

06:55:07        IFACE   rxpck/s   txpck/s    rxkB/s    txkB/s   rxcmp/s   txcmp/s  rxmcst/s   %ifutil
06:55:08         ens5    148.00    144.00     27.18     85.83      0.00      0.00      0.00      0.00

06:55:08        IFACE   rxpck/s   txpck/s    rxkB/s    txkB/s   rxcmp/s   txcmp/s  rxmcst/s   %ifutil
06:55:09         ens5    147.00    143.00     27.13     85.77      0.00      0.00      0.00      0.00

06:55:09        IFACE   rxpck/s   txpck/s    rxkB/s    txkB/s   rxcmp/s   txcmp/s  rxmcst/s   %ifutil
06:55:10         ens5    147.00    143.00     27.15     85.77      0.00      0.00      0.00      0.00

06:55:10        IFACE   rxpck/s   txpck/s    rxkB/s    txkB/s   rxcmp/s   txcmp/s  rxmcst/s   %ifutil
06:55:11         ens5    146.00    144.00     27.08     85.83      0.00      0.00      0.00      0.00

06:55:11        IFACE   rxpck/s   txpck/s    rxkB/s    txkB/s   rxcmp/s   txcmp/s  rxmcst/s   %ifutil
06:55:12         ens5    143.00    141.00     26.91     85.61      0.00      0.00      0.00      0.00

06:55:12        IFACE   rxpck/s   txpck/s    rxkB/s    txkB/s   rxcmp/s   txcmp/s  rxmcst/s   %ifutil
06:55:13         ens5    141.00    133.00     25.06     78.19      0.00      0.00      0.00      0.00

06:55:13        IFACE   rxpck/s   txpck/s    rxkB/s    txkB/s   rxcmp/s   txcmp/s  rxmcst/s   %ifutil
06:55:14         ens5    145.00    142.00     27.02     85.69      0.00      0.00      0.00      0.00

06:55:14        IFACE   rxpck/s   txpck/s    rxkB/s    txkB/s   rxcmp/s   txcmp/s  rxmcst/s   %ifutil
06:55:15         ens5    149.00    145.00     27.28     85.90      0.00      0.00      0.00      0.00

06:55:15        IFACE   rxpck/s   txpck/s    rxkB/s    txkB/s   rxcmp/s   txcmp/s  rxmcst/s   %ifutil
06:55:16         ens5    148.00    143.00     27.18     85.77      0.00      0.00      0.00      0.00

06:55:16        IFACE   rxpck/s   txpck/s    rxkB/s    txkB/s   rxcmp/s   txcmp/s  rxmcst/s   %ifutil
06:55:17         ens5    146.00    143.00     27.08     85.76      0.00      0.00      0.00      0.00

06:55:17        IFACE   rxpck/s   txpck/s    rxkB/s    txkB/s   rxcmp/s   txcmp/s  rxmcst/s   %ifutil
06:55:18         ens5    147.00    142.00     27.13     85.70      0.00      0.00      0.00      0.00

06:55:18        IFACE   rxpck/s   txpck/s    rxkB/s    txkB/s   rxcmp/s   txcmp/s  rxmcst/s   %ifutil
06:55:19         ens5    151.00    144.00     27.36     85.85      0.00      0.00      0.00      0.00

06:55:19        IFACE   rxpck/s   txpck/s    rxkB/s    txkB/s   rxcmp/s   txcmp/s  rxmcst/s   %ifutil
06:55:20         ens5    149.00    143.00     27.24     85.76      0.00      0.00      0.00      0.00

06:55:20        IFACE   rxpck/s   txpck/s    rxkB/s    txkB/s   rxcmp/s   txcmp/s  rxmcst/s   %ifutil
06:55:21         ens5    145.00    143.00     27.04     85.77      0.00      0.00      0.00      0.00

06:55:21        IFACE   rxpck/s   txpck/s    rxkB/s    txkB/s   rxcmp/s   txcmp/s  rxmcst/s   %ifutil
06:55:22         ens5    142.00    141.00     26.86     85.62      0.00      0.00      0.00      0.00

06:55:22        IFACE   rxpck/s   txpck/s    rxkB/s    txkB/s   rxcmp/s   txcmp/s  rxmcst/s   %ifutil
06:55:23         ens5    152.00    145.00     27.41     85.92      0.00      0.00      0.00      0.00

06:55:23        IFACE   rxpck/s   txpck/s    rxkB/s    txkB/s   rxcmp/s   txcmp/s  rxmcst/s   %ifutil
06:55:24         ens5    146.00    143.00     27.08     85.76      0.00      0.00      0.00      0.00

06:55:24        IFACE   rxpck/s   txpck/s    rxkB/s    txkB/s   rxcmp/s   txcmp/s  rxmcst/s   %ifutil
06:55:25         ens5    142.00    141.00     26.86     85.61      0.00      0.00      0.00      0.00

06:55:25        IFACE   rxpck/s   txpck/s    rxkB/s    txkB/s   rxcmp/s   txcmp/s  rxmcst/s   %ifutil
06:55:26         ens5    144.00    136.00     26.82     79.84      0.00      0.00      0.00      0.00

06:55:26        IFACE   rxpck/s   txpck/s    rxkB/s    txkB/s   rxcmp/s   txcmp/s  rxmcst/s   %ifutil
06:55:27         ens5    145.00    140.00     25.43     84.12      0.00      0.00      0.00      0.00

06:55:27        IFACE   rxpck/s   txpck/s    rxkB/s    txkB/s   rxcmp/s   txcmp/s  rxmcst/s   %ifutil
06:55:28         ens5    146.00    143.00     27.08     85.76      0.00      0.00      0.00      0.00

06:55:28        IFACE   rxpck/s   txpck/s    rxkB/s    txkB/s   rxcmp/s   txcmp/s  rxmcst/s   %ifutil
06:55:29         ens5    148.00    143.00     27.18     85.77      0.00      0.00      0.00      0.00

06:55:29        IFACE   rxpck/s   txpck/s    rxkB/s    txkB/s   rxcmp/s   txcmp/s  rxmcst/s   %ifutil
06:55:30         ens5     52.00     51.00      9.79     31.12      0.00      0.00      0.00      0.00


Average:        IFACE   rxpck/s   txpck/s    rxkB/s    txkB/s   rxcmp/s   txcmp/s  rxmcst/s   %ifutil
Average:         ens5    132.66    128.90     24.32     76.83      0.00      0.00      0.00      0.00
