Linux 7.0.0-1010-aws (ip-172-31-31-224) 	08/11/26 	_x86_64_	(2 CPU)

07:06:47    kbmemfree   kbavail kbmemused  %memused kbbuffers  kbcached  kbcommit   %commit  kbactive   kbinact   kbdirty
07:06:48       787348   1285016    445916     22.86     14868    624752   1605916     82.32    361648    629832       240
07:06:49       723340   1221008    509924     26.14     14868    624752   1677140     85.97    431088    629832       240
07:06:50       642700   1140368    590564     30.27     14868    624752   1751644     89.79    507912    629832       240
07:06:51       554248   1051920    679012     34.81     14868    624756   1839468     94.29    592788    629836       244
07:06:52       481924    979596    751336     38.51     14868    624756   1918880     98.36    671056    629836       244
07:06:53       425476    923148    807784     41.41     14868    624756   1977200    101.35    730128    629836       244
07:06:54       328960    826632    904300     46.35     14868    624756   2069796    106.09    825780    629836       244
07:06:55       232192    729864   1001068     51.31     14868    624756   2161004    110.77    916176    629836       168
07:06:56       183808    681480   1049452     53.79     14868    624756   2210932    113.33    963328    629836       168
07:06:57       183808    681480   1049452     53.79     14868    624756   2210932    113.33    963328    629836       168
07:06:58       183584    681264   1049664     53.80     14868    624768   2210932    113.33    963372    629844       180
07:06:59       183584    681264   1049660     53.80     14868    624772   2210932    113.33    963372    629844       184
07:07:00       183584    681264   1049660     53.80     14868    624772   2210932    113.33    963372    629844       184
07:07:01       183584    681264   1049660     53.80     14868    624772   2210932    113.33    963372    629844       184
07:07:02       183584    681264   1049660     53.80     14868    624772   2211188    113.34    963372    629844       184
07:07:03       183584    681272   1049660     53.80     14868    624772   2211188    113.34    963612    629852       184
07:07:04       183584    681272   1049660     53.80     14868    624772   2211188    113.34    963612    629852       184
07:07:05       183584    681272   1049660     53.80     14868    624772   2211188    113.34    963620    629852       136
07:07:06       183584    681272   1049656     53.80     14868    624776   2211188    113.34    964116    629852       144
07:07:07       183584    681272   1049656     53.80     14868    624776   2211188    113.34    964116    629852       144
07:07:08       183584    681272   1049652     53.80     14868    624780   2211188    113.34    964116    629852       148
07:07:09       183584    681272   1049652     53.80     14868    624780   2211188    113.34    964116    629852       148
07:07:10       183584    681272   1049652     53.80     14868    624780   2211188    113.34    964116    629852        56
07:07:11       183584    681280   1049652     53.80     14868    624780   2211188    113.34    964172    629860        24
07:07:12       183584    681280   1049652     53.80     14868    624780   2211188    113.34    964172    629860        24
07:07:13       183584    681280   1049652     53.80     14868    624780   2211188    113.34    964088    629860        24
07:07:14       183584    681280   1049636     53.80     14868    624796   2211188    113.34    964068    629860        40
07:07:15       183584    681280   1049636     53.80     14868    624796   2211188    113.34    964068    629860        40

Average:       280297    777979    952950     48.85     14868    624769   2115117    108.42    868289    629846       158
