Linux 7.0.0-1010-aws (ip-172-31-31-224) 	08/11/26 	_x86_64_	(2 CPU)

07:06:47        IFACE   rxpck/s   txpck/s    rxkB/s    txkB/s   rxcmp/s   txcmp/s  rxmcst/s   %ifutil
07:06:48         ens5     44.00     43.00      3.82      5.74      0.00      0.00      0.00      0.00

07:06:48        IFACE   rxpck/s   txpck/s    rxkB/s    txkB/s   rxcmp/s   txcmp/s  rxmcst/s   %ifutil
07:06:49         ens5     53.00     45.00      4.53      5.51      0.00      0.00      0.00      0.00

07:06:49        IFACE   rxpck/s   txpck/s    rxkB/s    txkB/s   rxcmp/s   txcmp/s  rxmcst/s   %ifutil
07:06:50         ens5     34.00     30.00      2.66      4.21      0.00      0.00      0.00      0.00

07:06:50        IFACE   rxpck/s   txpck/s    rxkB/s    txkB/s   rxcmp/s   txcmp/s  rxmcst/s   %ifutil
07:06:51         ens5      8.00      7.00      0.41      1.48      0.00      0.00      0.00      0.00

07:06:51        IFACE   rxpck/s   txpck/s    rxkB/s    txkB/s   rxcmp/s   txcmp/s  rxmcst/s   %ifutil
07:06:52         ens5      6.00      5.00      0.30      1.10      0.00      0.00      0.00      0.00

07:06:52        IFACE   rxpck/s   txpck/s    rxkB/s    txkB/s   rxcmp/s   txcmp/s  rxmcst/s   %ifutil
07:06:53         ens5      9.00     10.00      0.47      2.08      0.00      0.00      0.00      0.00

07:06:53        IFACE   rxpck/s   txpck/s    rxkB/s    txkB/s   rxcmp/s   txcmp/s  rxmcst/s   %ifutil
07:06:54         ens5      6.00      5.00      0.30      1.08      0.00      0.00      0.00      0.00

07:06:54        IFACE   rxpck/s   txpck/s    rxkB/s    txkB/s   rxcmp/s   txcmp/s  rxmcst/s   %ifutil
07:06:55         ens5      4.00      4.00      0.20      0.88      0.00      0.00      0.00      0.00

07:06:55        IFACE   rxpck/s   txpck/s    rxkB/s    txkB/s   rxcmp/s   txcmp/s  rxmcst/s   %ifutil
07:06:56         ens5      3.00      3.00      0.15      0.61      0.00      0.00      0.00      0.00

07:06:56        IFACE   rxpck/s   txpck/s    rxkB/s    txkB/s   rxcmp/s   txcmp/s  rxmcst/s   %ifutil
07:06:57         ens5     15.00     13.00      0.89      6.96      0.00      0.00      0.00      0.00

07:06:57        IFACE   rxpck/s   txpck/s    rxkB/s    txkB/s   rxcmp/s   txcmp/s  rxmcst/s   %ifutil
07:06:58         ens5      0.00      0.00      0.00      0.00      0.00      0.00      0.00      0.00

07:06:58        IFACE   rxpck/s   txpck/s    rxkB/s    txkB/s   rxcmp/s   txcmp/s  rxmcst/s   %ifutil
07:06:59         ens5      0.00      0.00      0.00      0.00      0.00      0.00      0.00      0.00

07:06:59        IFACE   rxpck/s   txpck/s    rxkB/s    txkB/s   rxcmp/s   txcmp/s  rxmcst/s   %ifutil
07:07:00         ens5      1.00      1.00      0.07      0.09      0.00      0.00      0.00      0.00

07:07:00        IFACE   rxpck/s   txpck/s    rxkB/s    txkB/s   rxcmp/s   txcmp/s  rxmcst/s   %ifutil
07:07:01         ens5     63.00     54.00      3.81     19.75      0.00      0.00      0.00      0.00

07:07:01        IFACE   rxpck/s   txpck/s    rxkB/s    txkB/s   rxcmp/s   txcmp/s  rxmcst/s   %ifutil
07:07:02         ens5    267.00    242.00     16.36     89.64      0.00      0.00      0.00      0.00

07:07:02        IFACE   rxpck/s   txpck/s    rxkB/s    txkB/s   rxcmp/s   txcmp/s  rxmcst/s   %ifutil
07:07:03         ens5    329.00    294.00     20.06    107.45      0.00      0.00      0.00      0.00

07:07:03        IFACE   rxpck/s   txpck/s    rxkB/s    txkB/s   rxcmp/s   txcmp/s  rxmcst/s   %ifutil
07:07:04         ens5     55.00     48.00      3.34     17.55      0.00      0.00      0.00      0.00

07:07:04        IFACE   rxpck/s   txpck/s    rxkB/s    txkB/s   rxcmp/s   txcmp/s  rxmcst/s   %ifutil
07:07:05         ens5     53.00     48.00      3.25     17.56      0.00      0.00      0.00      0.00

07:07:05        IFACE   rxpck/s   txpck/s    rxkB/s    txkB/s   rxcmp/s   txcmp/s  rxmcst/s   %ifutil
07:07:06         ens5    213.00    184.00     12.93     67.82      0.00      0.00      0.00      0.00

07:07:06        IFACE   rxpck/s   txpck/s    rxkB/s    txkB/s   rxcmp/s   txcmp/s  rxmcst/s   %ifutil
07:07:07         ens5      8.00      7.00      0.45      2.24      0.00      0.00      0.00      0.00

07:07:07        IFACE   rxpck/s   txpck/s    rxkB/s    txkB/s   rxcmp/s   txcmp/s  rxmcst/s   %ifutil
07:07:08         ens5      0.00      0.00      0.00      0.00      0.00      0.00      0.00      0.00

07:07:08        IFACE   rxpck/s   txpck/s    rxkB/s    txkB/s   rxcmp/s   txcmp/s  rxmcst/s   %ifutil
07:07:09         ens5      0.00      0.00      0.00      0.00      0.00      0.00      0.00      0.00

07:07:09        IFACE   rxpck/s   txpck/s    rxkB/s    txkB/s   rxcmp/s   txcmp/s  rxmcst/s   %ifutil
07:07:10         ens5      0.00      0.00      0.00      0.00      0.00      0.00      0.00      0.00

07:07:10        IFACE   rxpck/s   txpck/s    rxkB/s    txkB/s   rxcmp/s   txcmp/s  rxmcst/s   %ifutil
07:07:11         ens5      0.00      0.00      0.00      0.00      0.00      0.00      0.00      0.00

07:07:11        IFACE   rxpck/s   txpck/s    rxkB/s    txkB/s   rxcmp/s   txcmp/s  rxmcst/s   %ifutil
07:07:12         ens5      0.00      0.00      0.00      0.00      0.00      0.00      0.00      0.00

07:07:12        IFACE   rxpck/s   txpck/s    rxkB/s    txkB/s   rxcmp/s   txcmp/s  rxmcst/s   %ifutil
07:07:13         ens5      0.00      0.00      0.00      0.00      0.00      0.00      0.00      0.00

07:07:13        IFACE   rxpck/s   txpck/s    rxkB/s    txkB/s   rxcmp/s   txcmp/s  rxmcst/s   %ifutil
07:07:14         ens5      0.00      0.00      0.00      0.00      0.00      0.00      0.00      0.00

07:07:14        IFACE   rxpck/s   txpck/s    rxkB/s    txkB/s   rxcmp/s   txcmp/s  rxmcst/s   %ifutil
07:07:15         ens5      0.00      0.00      0.00      0.00      0.00      0.00      0.00      0.00


Average:        IFACE   rxpck/s   txpck/s    rxkB/s    txkB/s   rxcmp/s   txcmp/s  rxmcst/s   %ifutil
Average:         ens5     41.81     37.24      2.64     12.56      0.00      0.00      0.00      0.00
