Linux 7.0.0-1010-aws (ip-172-31-20-134) 	08/11/26 	_x86_64_	(2 CPU)

17:02:08        CPU     %user     %nice   %system   %iowait    %steal     %idle
17:02:09        all      1.02      0.00      1.02      0.00      0.00     97.97
17:02:10        all      0.50      0.00      1.49      0.00      0.00     98.02
17:02:11        all      0.51      0.00      0.00      0.00      0.00     99.49
17:02:12        all      0.00      0.00      0.50      0.00      0.00     99.50
17:02:13        all      0.00      0.00      0.50      0.00      0.00     99.50
17:02:14        all      4.52      0.00      1.01      0.00      0.50     93.97
17:02:15        all      0.50      0.00      0.00      0.00      0.00     99.50
17:02:16        all      0.50      0.00      0.00      0.00      0.00     99.50
17:02:17        all      0.00      0.00      0.00      0.00      0.00    100.00
17:02:18        all      0.00      0.00      0.00      0.00      0.00    100.00
17:02:19        all      1.49      0.00      0.00      0.00      0.50     98.01
17:02:20        all      0.00      0.00      0.50      0.00      0.00     99.50
17:02:21        all      0.00      0.00      0.00      0.00      0.00    100.00
17:02:22        all      0.00      0.00      0.50      0.00      0.00     99.50
17:02:23        all      5.56      0.00      1.01      0.00      0.00     93.43
17:02:24        all     55.90      0.00      7.18      0.00      0.00     36.92
17:02:25        all     82.23      0.00     13.71      0.00      0.00      4.06
17:02:26        all     51.78      0.00      6.09      0.00      0.00     42.13
17:02:27        all      0.00      0.00      0.50      0.00      0.00     99.50
17:02:28        all      1.00      0.00      0.00      0.00      0.00     99.00
17:02:29        all      4.55      0.00      1.52      0.00      0.00     93.94
17:02:30        all      0.00      0.00      0.00      0.00      0.00    100.00
17:02:31        all      0.50      0.00      0.00      0.00      0.00     99.50
17:02:32        all      0.50      0.00      0.50      0.00      0.00     99.00
17:02:33        all      0.51      0.00      0.00      0.00      0.00     99.49
17:02:34        all      0.50      0.00      0.00      0.00      0.00     99.50
17:02:35        all      0.00      0.00      0.50      0.00      0.50     99.01
17:02:36        all      0.00      0.00      0.00      0.00      0.00    100.00
17:02:37        all      0.50      0.00      0.00      0.00      0.00     99.50

Average:        all      7.25      0.00      1.25      0.00      0.05     91.45
