Linux 7.0.0-1010-aws (ip-172-31-20-134) 	08/11/26 	_x86_64_	(2 CPU)

17:02:08    kbmemfree   kbavail kbmemused  %memused kbbuffers  kbcached  kbcommit   %commit  kbactive   kbinact   kbdirty
17:02:09        98880   1296460    397820     20.39     31332   1278008   1478184     75.77   1024984    583244       484
17:02:10        98880   1296460    397820     20.39     31332   1278008   1478184     75.77   1024984    583244       484
17:02:11        98880   1296460    397816     20.39     31332   1278012   1478184     75.77   1025068    583244       488
17:02:12        98880   1296460    397816     20.39     31332   1278012   1478184     75.77   1025108    583244       488
17:02:13        98880   1296460    397816     20.39     31332   1278012   1478184     75.77   1025108    583244       488
17:02:14        98880   1296472    397804     20.39     31332   1278024   1478184     75.77   1024808    583256       500
17:02:15        98880   1296472    397804     20.39     31332   1278024   1478184     75.77   1024808    583256       500
17:02:16        98880   1296472    397804     20.39     31332   1278024   1478184     75.77   1024808    583256       500
17:02:17        98880   1296472    397804     20.39     31332   1278024   1478184     75.77   1024808    583256       500
17:02:18        98880   1296472    397804     20.39     31332   1278024   1478184     75.77   1025648    583256       500
17:02:19        97620   1295220    399036     20.45     31332   1278052   1479504     75.84   1026964    583264       480
17:02:20        97620   1295220    399036     20.45     31332   1278052   1479504     75.84   1026964    583264       480
17:02:21        97620   1295220    399036     20.45     31332   1278052   1479504     75.84   1027048    583264       480
17:02:22        97620   1295220    399036     20.45     31332   1278052   1479504     75.84   1027088    583264       484
17:02:23        96108   1293708    400548     20.53     31332   1278052   1496772     76.72   1029692    583264       484
17:02:24        90948   1288852    405420     20.78     31332   1278332   1815892     93.08   1038040    583564       764
17:02:25        77356   1275748    417880     21.42     31356   1278852   2187448    112.13   1055016    584028      1288
17:02:26        75464   1274108    419564     21.51     31356   1279052   2188780    112.19   1053888    584276      1612
17:02:27        75464   1274108    419564     21.51     31356   1279052   2188780    112.19   1053888    584276      1476
17:02:28        75464   1274108    419560     21.51     31356   1279056   2188780    112.19   1053888    584276      1480
17:02:29        75564   1274244    419460     21.50     31356   1279056   2188780    112.19   1053388    584312      1480
17:02:30        75564   1274248    419448     21.50     31356   1279068   2188780    112.19   1053372    584316      1492
17:02:31        75564   1274248    419448     21.50     31356   1279068   2188780    112.19   1053372    584316      1492
17:02:32        75564   1274248    419448     21.50     31356   1279068   2188780    112.19   1053372    584316      1492
17:02:33        75532   1274216    419480     21.50     31356   1279068   2188776    112.19   1049760    584316      1492
17:02:34        75532   1274216    419476     21.50     31356   1279072   2188776    112.19   1049768    584316      1496
17:02:35        75532   1274216    419476     21.50     31356   1279072   2188776    112.19   1049768    584316      1496
17:02:36        75532   1274216    419476     21.50     31356   1279072   2188776    112.19   1049768    584316      1496
17:02:37        75532   1274216    419476     21.50     31356   1279072   2188776    112.19   1049768    584316      1496


Average:        87931   1286008    407999     20.91     31343   1278496   1809149     92.73   1038102    583727       945
