Linux 7.0.0-1010-aws (ip-172-31-20-134) 	08/11/26 	_x86_64_	(2 CPU)

17:02:08        IFACE   rxpck/s   txpck/s    rxkB/s    txkB/s   rxcmp/s   txcmp/s  rxmcst/s   %ifutil
17:02:09         ens5     56.00     48.00      4.51      5.28      0.00      0.00      0.00      0.00

17:02:09        IFACE   rxpck/s   txpck/s    rxkB/s    txkB/s   rxcmp/s   txcmp/s  rxmcst/s   %ifutil
17:02:10         ens5     51.00     42.00      4.49      4.61      0.00      0.00      0.00      0.00

17:02:10        IFACE   rxpck/s   txpck/s    rxkB/s    txkB/s   rxcmp/s   txcmp/s  rxmcst/s   %ifutil
17:02:11         ens5     21.00     17.00      1.78      1.83      0.00      0.00      0.00      0.00

17:02:11        IFACE   rxpck/s   txpck/s    rxkB/s    txkB/s   rxcmp/s   txcmp/s  rxmcst/s   %ifutil
17:02:12         ens5      0.00      0.00      0.00      0.00      0.00      0.00      0.00      0.00

17:02:12        IFACE   rxpck/s   txpck/s    rxkB/s    txkB/s   rxcmp/s   txcmp/s  rxmcst/s   %ifutil
17:02:13         ens5      0.00      0.00      0.00      0.00      0.00      0.00      0.00      0.00

17:02:13        IFACE   rxpck/s   txpck/s    rxkB/s    txkB/s   rxcmp/s   txcmp/s  rxmcst/s   %ifutil
17:02:14         ens5      0.00      0.00      0.00      0.00      0.00      0.00      0.00      0.00

17:02:14        IFACE   rxpck/s   txpck/s    rxkB/s    txkB/s   rxcmp/s   txcmp/s  rxmcst/s   %ifutil
17:02:15         ens5      0.00      0.00      0.00      0.00      0.00      0.00      0.00      0.00

17:02:15        IFACE   rxpck/s   txpck/s    rxkB/s    txkB/s   rxcmp/s   txcmp/s  rxmcst/s   %ifutil
17:02:16         ens5      0.00      0.00      0.00      0.00      0.00      0.00      0.00      0.00

17:02:16        IFACE   rxpck/s   txpck/s    rxkB/s    txkB/s   rxcmp/s   txcmp/s  rxmcst/s   %ifutil
17:02:17         ens5      0.00      0.00      0.00      0.00      0.00      0.00      0.00      0.00

17:02:17        IFACE   rxpck/s   txpck/s    rxkB/s    txkB/s   rxcmp/s   txcmp/s  rxmcst/s   %ifutil
17:02:18         ens5      0.00      0.00      0.00      0.00      0.00      0.00      0.00      0.00

17:02:18        IFACE   rxpck/s   txpck/s    rxkB/s    txkB/s   rxcmp/s   txcmp/s  rxmcst/s   %ifutil
17:02:19         ens5     33.00     36.00     22.35      2.82      0.00      0.00      0.00      0.00

17:02:19        IFACE   rxpck/s   txpck/s    rxkB/s    txkB/s   rxcmp/s   txcmp/s  rxmcst/s   %ifutil
17:02:20         ens5      1.00      1.00      0.03      0.04      0.00      0.00      0.00      0.00

17:02:20        IFACE   rxpck/s   txpck/s    rxkB/s    txkB/s   rxcmp/s   txcmp/s  rxmcst/s   %ifutil
17:02:21         ens5      0.00      0.00      0.00      0.00      0.00      0.00      0.00      0.00

17:02:21        IFACE   rxpck/s   txpck/s    rxkB/s    txkB/s   rxcmp/s   txcmp/s  rxmcst/s   %ifutil
17:02:22         ens5      0.00      0.00      0.00      0.00      0.00      0.00      0.00      0.00

17:02:22        IFACE   rxpck/s   txpck/s    rxkB/s    txkB/s   rxcmp/s   txcmp/s  rxmcst/s   %ifutil
17:02:23         ens5     48.00     54.00     19.10      5.24      0.00      0.00      0.00      0.00

17:02:23        IFACE   rxpck/s   txpck/s    rxkB/s    txkB/s   rxcmp/s   txcmp/s  rxmcst/s   %ifutil
17:02:24         ens5    508.00    530.00    199.30     50.00      0.00      0.00      0.00      0.00

17:02:24        IFACE   rxpck/s   txpck/s    rxkB/s    txkB/s   rxcmp/s   txcmp/s  rxmcst/s   %ifutil
17:02:25         ens5    719.00    725.00    284.81     66.78      0.00      0.00      0.00      0.00

17:02:25        IFACE   rxpck/s   txpck/s    rxkB/s    txkB/s   rxcmp/s   txcmp/s  rxmcst/s   %ifutil
17:02:26         ens5    194.00    346.00     79.65     38.35      0.00      0.00      0.00      0.00

17:02:26        IFACE   rxpck/s   txpck/s    rxkB/s    txkB/s   rxcmp/s   txcmp/s  rxmcst/s   %ifutil
17:02:27         ens5      0.00      0.00      0.00      0.00      0.00      0.00      0.00      0.00

17:02:27        IFACE   rxpck/s   txpck/s    rxkB/s    txkB/s   rxcmp/s   txcmp/s  rxmcst/s   %ifutil
17:02:28         ens5      0.00      0.00      0.00      0.00      0.00      0.00      0.00      0.00

17:02:28        IFACE   rxpck/s   txpck/s    rxkB/s    txkB/s   rxcmp/s   txcmp/s  rxmcst/s   %ifutil
17:02:29         ens5      0.00      1.00      0.00      0.06      0.00      0.00      0.00      0.00

17:02:29        IFACE   rxpck/s   txpck/s    rxkB/s    txkB/s   rxcmp/s   txcmp/s  rxmcst/s   %ifutil
17:02:30         ens5      0.00      0.00      0.00      0.00      0.00      0.00      0.00      0.00

17:02:30        IFACE   rxpck/s   txpck/s    rxkB/s    txkB/s   rxcmp/s   txcmp/s  rxmcst/s   %ifutil
17:02:31         ens5      0.00      0.00      0.00      0.00      0.00      0.00      0.00      0.00

17:02:31        IFACE   rxpck/s   txpck/s    rxkB/s    txkB/s   rxcmp/s   txcmp/s  rxmcst/s   %ifutil
17:02:32         ens5      0.00      0.00      0.00      0.00      0.00      0.00      0.00      0.00

17:02:32        IFACE   rxpck/s   txpck/s    rxkB/s    txkB/s   rxcmp/s   txcmp/s  rxmcst/s   %ifutil
17:02:33         ens5      0.00      1.00      0.00      0.11      0.00      0.00      0.00      0.00

17:02:33        IFACE   rxpck/s   txpck/s    rxkB/s    txkB/s   rxcmp/s   txcmp/s  rxmcst/s   %ifutil
17:02:34         ens5      0.00      0.00      0.00      0.00      0.00      0.00      0.00      0.00

17:02:34        IFACE   rxpck/s   txpck/s    rxkB/s    txkB/s   rxcmp/s   txcmp/s  rxmcst/s   %ifutil
17:02:35         ens5      1.00      1.00      0.07      0.09      0.00      0.00      0.00      0.00

17:02:35        IFACE   rxpck/s   txpck/s    rxkB/s    txkB/s   rxcmp/s   txcmp/s  rxmcst/s   %ifutil
17:02:36         ens5      0.00      0.00      0.00      0.00      0.00      0.00      0.00      0.00

17:02:36        IFACE   rxpck/s   txpck/s    rxkB/s    txkB/s   rxcmp/s   txcmp/s  rxmcst/s   %ifutil
17:02:37         ens5      0.00      0.00      0.00      0.00      0.00      0.00      0.00      0.00


Average:        IFACE   rxpck/s   txpck/s    rxkB/s    txkB/s   rxcmp/s   txcmp/s  rxmcst/s   %ifutil
Average:         ens5     56.28     62.14     21.24      6.04      0.00      0.00      0.00      0.00
