Linux 7.0.0-1010-aws (ip-172-31-31-224) 	08/11/26 	_x86_64_	(2 CPU)

06:55:07    kbmemfree   kbavail kbmemused  %memused kbbuffers  kbcached  kbcommit   %commit  kbactive   kbinact   kbdirty
06:55:08       709776   1310728    420688     21.56     16044    727068   1589112     81.46    381296    689724       276
06:55:09       653580   1254532    476884     24.44     16044    727068   1643536     84.25    439160    689724       276
06:55:10       557064   1158020    573396     29.39     16044    727072   1739032     89.14    534744    689728       280
06:55:11       500868   1101824    629592     32.27     16044    727072   1798376     92.18    593920    689728       280
06:55:12       420480   1021436    709980     36.39     16044    727072   1881628     96.45    678116    689728       280
06:55:13       331776    932732    798684     40.94     16044    727072   1969004    100.93    762808    689728       280
06:55:14       259704    860668    870748     44.63     16044    727080   2036312    104.38    828476    689736       288
06:55:15       235512    836480    894936     45.87     16044    727084   2065496    105.87    859732    689740       232
06:55:16        98424    699392   1032024     52.90     16044    727084   2202992    112.92    997884    689740       232
06:55:17        98424    699392   1032000     52.90     16068    727084   2202992    112.92    997904    689740       252
06:55:18        98424    699392   1032000     52.90     16068    727084   2202992    112.92    997904    689740       136
06:55:19        98424    699392   1032000     52.90     16068    727084   2202992    112.92    997904    689740       136
06:55:20        98424    699392   1031996     52.90     16068    727088   2202992    112.92    997904    689740       144
06:55:21        98424    699392   1031996     52.90     16068    727088   2202992    112.92    997904    689740       144
06:55:22        98424    699420   1031996     52.90     16068    727088   2202992    112.92    998496    689768       144
06:55:23        98424    699420   1031996     52.90     16068    727088   2202992    112.92    998496    689768       144
06:55:24        98360    699356   1032060     52.90     16068    727088   2202992    112.92    998496    689768       144
06:55:25        98360    699356   1032060     52.90     16068    727088   2202992    112.92    998496    689768       144
06:55:26        98360    699356   1032024     52.90     16068    727092   2202992    112.92    998496    689768       148
06:55:27        98360    699356   1032024     52.90     16068    727092   2202992    112.92    998496    689768       148
06:55:28        98360    699356   1032020     52.90     16068    727096   2202992    112.92    998496    689768       152
06:55:29        98360    699356   1032020     52.90     16068    727096   2202992    112.92    998664    689768       152

Average:       229378    830352    901051     46.19     16058    727083   2071108    106.16    866081    689746       201
