Linux 7.0.0-1010-aws (ip-172-31-20-134) 	08/11/26 	_x86_64_	(2 CPU)

19:03:00        CPU     %user     %nice   %system   %iowait    %steal     %idle
19:03:01        all      2.01      0.00      1.51      0.00      0.50     95.98
19:03:02        all      0.00      0.00      0.00      0.00      2.49     97.51
19:03:03        all      1.00      0.00      0.50      0.00      0.00     98.51
19:03:04        all      0.00      0.00      0.50      0.00      0.00     99.50
19:03:05        all      0.00      0.00      0.00      0.00      0.00    100.00
19:03:06        all      0.50      0.00      0.00      0.00      0.00     99.50
19:03:07        all      3.54      0.00      0.00      0.00      0.00     96.46
19:03:08        all      0.00      0.00      0.00      0.00      0.00    100.00
19:03:09        all      1.00      0.00      1.00      0.00      0.00     98.01
19:03:10        all      0.50      0.00      0.00      0.00      0.00     99.50
19:03:11        all      0.00      0.00      0.00      0.00      0.00    100.00
19:03:12        all      0.00      0.00      0.00      0.00      0.00    100.00
19:03:13        all      2.50      0.00      1.00      0.00      0.00     96.50
19:03:14        all     71.72      0.00     10.61      0.00      0.00     17.68
19:03:15        all     84.50      0.00     12.00      0.00      0.00      3.50
19:03:16        all     52.55      0.00      6.12      0.00      0.00     41.33
19:03:17        all      0.00      0.00      0.00      0.00      0.00    100.00
19:03:18        all      1.00      0.00      0.50      0.00      0.00     98.51
19:03:19        all      0.00      0.00      0.50      0.00      0.00     99.50
19:03:20        all      0.00      0.00      0.50      0.00      0.00     99.50
19:03:21        all      0.50      0.00      0.00      0.00      0.00     99.50
19:03:22        all      0.50      0.00      0.00      0.50      0.00     99.00


Average:        all     10.03      0.00      1.57      0.02      0.14     88.24
