Linux 7.0.0-1008-aws (ip-172-31-20-134) 	08/07/26 	_x86_64_	(2 CPU)

17:54:23        CPU     %user     %nice   %system   %iowait    %steal     %idle
17:54:24        all      2.01      0.00      1.01      0.00      0.00     96.98
17:54:25        all      0.00      0.00      0.00      0.00      0.00    100.00
17:54:26        all      0.50      0.00      0.00      0.00      0.00     99.50
17:54:27        all      0.00      0.00      0.00      0.00      0.00    100.00
17:54:28        all      0.00      0.00      0.50      0.00      0.00     99.50
17:54:29        all      6.03      0.00      1.01      0.00      0.00     92.96
17:54:30        all      1.51      0.00      0.50      0.00      0.50     97.49
17:54:31        all      4.55      0.00      1.01      0.00      0.00     94.44
17:54:32        all      3.54      0.00      1.01      0.51      0.00     94.95
17:54:33        all      3.52      0.00      2.01      0.00      0.00     94.47
17:54:34        all      3.03      0.00      1.01      0.00      0.00     95.96
17:54:35        all      3.06      0.00      1.02      0.00      0.00     95.92
17:54:36        all      3.52      0.00      1.01      0.00      0.00     95.48
17:54:37        all      3.05      0.00      1.02      0.00      0.00     95.94
17:54:38        all      3.03      0.00      1.01      0.00      0.00     95.96
17:54:39        all      2.55      0.00      0.51      0.00      0.00     96.94
17:54:40        all      3.50      0.00      1.00      0.00      0.50     95.00
17:54:41        all      3.05      0.00      1.52      0.00      0.00     95.43
17:54:42        all      3.02      0.00      1.51      0.00      0.00     95.48
17:54:43        all      3.03      0.00      1.01      0.00      0.51     95.45
17:54:44        all      8.08      0.00      2.53      0.00      0.00     89.39
17:54:45        all      3.52      0.00      1.51      0.00      0.00     94.97
17:54:46        all      3.06      0.00      1.02      0.00      0.00     95.92
17:54:47        all      2.53      0.00      1.52      0.00      0.00     95.96
17:54:48        all      3.03      0.00      1.01      0.00      0.00     95.96
17:54:49        all      3.06      0.00      1.02      0.00      0.00     95.92
17:54:50        all      3.05      0.00      0.51      0.00      0.51     95.94
17:54:51        all      3.90      0.00      1.95      0.00      3.41     90.73
17:54:52        all      3.29      0.00      1.41      0.00     14.08     81.22
17:54:53        all      2.91      0.00      1.46      0.00      6.31     89.32
17:54:54        all      3.02      0.00      1.51      0.50      0.00     94.97
17:54:55        all      3.05      0.00      1.02      0.00      0.00     95.94
17:54:56        all      2.54      0.00      1.52      0.00      0.00     95.94
17:54:57        all      3.54      0.00      0.51      0.00      0.00     95.96
17:54:58        all      3.05      0.00      1.52      0.00      0.00     95.43
17:54:59        all      9.05      0.00      2.01      0.00      0.00     88.94
17:55:00        all      2.54      0.00      0.51      0.00      1.02     95.94
17:55:01        all      2.53      0.00      1.01      0.00      0.51     95.96
17:55:02        all      3.00      0.00      2.00      0.50      0.50     94.00
17:55:03        all      3.55      0.00      1.02      0.00      0.00     95.43
17:55:04        all      2.55      0.00      0.51      0.00      0.00     96.94
17:55:05        all      3.52      0.00      1.51      0.00      0.00     94.97
17:55:06        all      3.52      0.00      1.51      0.00      0.00     94.97
17:55:07        all      3.57      0.00      0.00      0.00      0.00     96.43
17:55:08        all      1.99      0.00      1.49      0.00      0.00     96.52
17:55:09        all      0.00      0.00      0.00      0.00      0.00    100.00
17:55:10        all      1.00      0.00      0.00      0.00      0.00     99.00
17:55:11        all      0.00      0.00      0.50      0.00      0.00     99.50
17:55:12        all      0.00      0.00      0.00      0.00      0.00    100.00

Average:        all      2.88      0.00      1.02      0.03      0.60     95.48
