Linux 7.0.0-1008-aws (ip-172-31-20-134) 	08/07/26 	_x86_64_	(2 CPU)

17:54:23    kbmemfree   kbavail kbmemused  %memused kbbuffers  kbcached  kbcommit   %commit  kbactive   kbinact   kbdirty
17:54:24       130500   1301028    367800     18.85     22300   1240852   1644324     84.29    764300    775152       456
17:54:25       130500   1301028    367800     18.85     22300   1240852   1644324     84.29    764300    775152       456
17:54:26       130500   1301028    367800     18.85     22300   1240852   1644324     84.29    764300    775152       456
17:54:27       130500   1301028    367796     18.85     22300   1240856   1644324     84.29    764300    775152       464
17:54:28       130500   1301028    367796     18.85     22300   1240856   1644324     84.29    764300    775152       464
17:54:29       130500   1301044    367784     18.85     22300   1240868   1644324     84.29    764728    775168       388
17:54:30       130500   1301044    367784     18.85     22300   1240868   1644580     84.30    766240    775168       388
17:54:31       130500   1301128    367692     18.85     22300   1240960   1644580     84.30    767992    775252       480
17:54:32       130500   1301284    367520     18.84     22324   1241104   1644580     84.30    768172    775404       648
17:54:33       130500   1301536    367284     18.83     22324   1241332   1644580     84.30    769156    775648       656
17:54:34       129744   1300936    367864     18.86     22324   1241504   1648932     84.53    770472    775800       828
17:54:35       129744   1301160    367668     18.85     22324   1241700   1649188     84.54    769988    776024      1024
17:54:36       129492   1301040    367736     18.85     22324   1241876   1649188     84.54    769988    776148      1200
17:54:37       128988   1300756    368036     18.87     22324   1242072   1649188     84.54    770076    776360      1396
17:54:38       128736   1300676    368120     18.87     22324   1242240   1649188     84.54    770112    776532      1564
17:54:39       128484   1300576    368160     18.87     22324   1242440   1649188     84.54    770136    776672      1764
17:54:40       128232   1300568    368236     18.88     22324   1242612   1649188     84.54    770144    776912      1936
17:54:41       128232   1300680    368028     18.87     22324   1242812   1649188     84.54    769844    777016      2136
17:54:42       128232   1300920    367856     18.86     22324   1242984   1649188     84.54    769936    777256      2308
17:54:43       127980   1300828    367908     18.86     22324   1243180   1649188     84.54    769944    777412      2504
17:54:44       127728   1300832    367976     18.86     22324   1243356   1649188     84.54    769696    777660      2680
17:54:45       127728   1300964    367764     18.85     22324   1243564   1649188     84.54    769764    777788      2888
17:54:46       127476   1300960    367848     18.86     22324   1243732   1649188     84.54    769764    778036      3056
17:54:47       127224   1300904    367892     18.86     22324   1243932   1649188     84.54    769824    778224      3256
17:54:48       126972   1300860    367964     18.86     22324   1244108   1649188     84.54    770552    778428      3432
17:54:49       126468   1300564    368264     18.88     22324   1244304   1649188     84.54    770880    778628      3628
17:54:50       125964   1300236    368584     18.89     22324   1244488   1649188     84.54    770272    778804      3812
17:54:51       125712   1300084    368648     18.90     22324   1244672   1649188     84.54    770236    778900      3996
17:54:52       125712   1300324    368460     18.89     22324   1244852   1649188     84.54    770252    779132      4176
17:54:53       125460   1300196    368548     18.89     22324   1245008   1649188     84.54    770260    779248      4332
17:54:54       125208   1300180    368620     18.90     22324   1245188   1649188     84.54    770272    779484       524
17:54:55       124956   1300068    368684     18.90     22324   1245372   1649188     84.54    770340    779620       572
17:54:56       124956   1300268    368496     18.89     22324   1245552   1649188     84.54    770364    779812       744
17:54:57       124704   1300240    368552     18.89     22324   1245748   1649188     84.54    770384    780036       888
17:54:58       124452   1300148    368616     18.90     22324   1245932   1649188     84.54    770392    780192      1072
17:54:59       124200   1300144    368656     18.90     22324   1246136   1649188     84.54    770404    780432       904
17:55:00       124200   1300320    368480     18.89     22324   1246308   1649188     84.54    770412    780604      1076
17:55:01       123948   1300184    368552     18.89     22324   1246488   1649188     84.54    770420    780720      1256
17:55:02       123948   1300400    368392     18.88     22348   1246616   1649188     84.54    770436    780928      1464
17:55:03       122940   1299504    369224     18.93     22348   1246788   1649188     84.54    770956    781036      1620
17:55:04       122940   1299640    369028     18.92     22348   1246984   1649188     84.54    771060    781172      1816
17:55:05       122688   1299704    369096     18.92     22348   1247160   1649188     84.54    770468    781480      1992
17:55:06       122688   1299828    368900     18.91     22348   1247352   1649188     84.54    770200    781600      2184
17:55:07       122688   1300096    368704     18.90     22348   1247540   1649188     84.54    770284    781860      2372
17:55:08       122688   1300264    368516     18.89     22348   1247728   1649188     84.54    770364    782028      2560
17:55:09       122688   1300392    368404     18.88     22348   1247836   1649188     84.54    770364    782152      2668
17:55:10       122688   1300392    368404     18.88     22348   1247836   1649188     84.54    770364    782152      2668
17:55:11       122688   1300392    368404     18.88     22348   1247836   1649188     84.54    770364    782152      2668
17:55:12       122688   1300392    368400     18.88     22348   1247840   1649188     84.54    770364    782152      2672

Average:       126679   1300567    368219     18.88     22325   1244144   1648211     84.49    769350    778428      1806
