Linux 7.0.0-1008-aws (ip-172-31-20-134) 	08/07/26 	_x86_64_	(2 CPU)

17:54:23        IFACE   rxpck/s   txpck/s    rxkB/s    txkB/s   rxcmp/s   txcmp/s  rxmcst/s   %ifutil
17:54:24         ens5     44.00     34.00      4.06      4.42      0.00      0.00      0.00      0.00

17:54:24        IFACE   rxpck/s   txpck/s    rxkB/s    txkB/s   rxcmp/s   txcmp/s  rxmcst/s   %ifutil
17:54:25         ens5      6.00      4.00      0.69      0.64      0.00      0.00      0.00      0.00

17:54:25        IFACE   rxpck/s   txpck/s    rxkB/s    txkB/s   rxcmp/s   txcmp/s  rxmcst/s   %ifutil
17:54:26         ens5      0.00      0.00      0.00      0.00      0.00      0.00      0.00      0.00

17:54:26        IFACE   rxpck/s   txpck/s    rxkB/s    txkB/s   rxcmp/s   txcmp/s  rxmcst/s   %ifutil
17:54:27         ens5      1.00      1.00      0.05      0.06      0.00      0.00      0.00      0.00

17:54:27        IFACE   rxpck/s   txpck/s    rxkB/s    txkB/s   rxcmp/s   txcmp/s  rxmcst/s   %ifutil
17:54:28         ens5      0.00      0.00      0.00      0.00      0.00      0.00      0.00      0.00

17:54:28        IFACE   rxpck/s   txpck/s    rxkB/s    txkB/s   rxcmp/s   txcmp/s  rxmcst/s   %ifutil
17:54:29         ens5      0.00      0.00      0.00      0.00      0.00      0.00      0.00      0.00

17:54:29        IFACE   rxpck/s   txpck/s    rxkB/s    txkB/s   rxcmp/s   txcmp/s  rxmcst/s   %ifutil
17:54:30         ens5     45.00     59.00     23.39     45.61      0.00      0.00      0.00      0.00

17:54:30        IFACE   rxpck/s   txpck/s    rxkB/s    txkB/s   rxcmp/s   txcmp/s  rxmcst/s   %ifutil
17:54:31         ens5    110.00    143.00     52.66    112.90      0.00      0.00      0.00      0.00

17:54:31        IFACE   rxpck/s   txpck/s    rxkB/s    txkB/s   rxcmp/s   txcmp/s  rxmcst/s   %ifutil
17:54:32         ens5    113.00    149.00     53.91    114.70      0.00      0.00      0.00      0.00

17:54:32        IFACE   rxpck/s   txpck/s    rxkB/s    txkB/s   rxcmp/s   txcmp/s  rxmcst/s   %ifutil
17:54:33         ens5    108.00    141.00     52.20    112.41      0.00      0.00      0.00      0.00

17:54:33        IFACE   rxpck/s   txpck/s    rxkB/s    txkB/s   rxcmp/s   txcmp/s  rxmcst/s   %ifutil
17:54:34         ens5    109.00    140.00     52.58    112.54      0.00      0.00      0.00      0.00

17:54:34        IFACE   rxpck/s   txpck/s    rxkB/s    txkB/s   rxcmp/s   txcmp/s  rxmcst/s   %ifutil
17:54:35         ens5    106.00    140.00     50.81    111.46      0.00      0.00      0.00      0.00

17:54:35        IFACE   rxpck/s   txpck/s    rxkB/s    txkB/s   rxcmp/s   txcmp/s  rxmcst/s   %ifutil
17:54:36         ens5    108.00    141.00     52.23    112.47      0.00      0.00      0.00      0.00

17:54:36        IFACE   rxpck/s   txpck/s    rxkB/s    txkB/s   rxcmp/s   txcmp/s  rxmcst/s   %ifutil
17:54:37         ens5    107.00    137.00     52.16    109.60      0.00      0.00      0.00      0.00

17:54:37        IFACE   rxpck/s   txpck/s    rxkB/s    txkB/s   rxcmp/s   txcmp/s  rxmcst/s   %ifutil
17:54:38         ens5    109.00    139.00     52.65    112.41      0.00      0.00      0.00      0.00

17:54:38        IFACE   rxpck/s   txpck/s    rxkB/s    txkB/s   rxcmp/s   txcmp/s  rxmcst/s   %ifutil
17:54:39         ens5    111.00    145.00     53.29    113.76      0.00      0.00      0.00      0.00

17:54:39        IFACE   rxpck/s   txpck/s    rxkB/s    txkB/s   rxcmp/s   txcmp/s  rxmcst/s   %ifutil
17:54:40         ens5    110.00    148.00     52.92    113.87      0.00      0.00      0.00      0.00

17:54:40        IFACE   rxpck/s   txpck/s    rxkB/s    txkB/s   rxcmp/s   txcmp/s  rxmcst/s   %ifutil
17:54:41         ens5    105.00    137.00     50.44    110.79      0.00      0.00      0.00      0.00

17:54:41        IFACE   rxpck/s   txpck/s    rxkB/s    txkB/s   rxcmp/s   txcmp/s  rxmcst/s   %ifutil
17:54:42         ens5    108.00    140.00     52.27    112.27      0.00      0.00      0.00      0.00

17:54:42        IFACE   rxpck/s   txpck/s    rxkB/s    txkB/s   rxcmp/s   txcmp/s  rxmcst/s   %ifutil
17:54:43         ens5    108.00    139.00     52.30    112.18      0.00      0.00      0.00      0.00

17:54:43        IFACE   rxpck/s   txpck/s    rxkB/s    txkB/s   rxcmp/s   txcmp/s  rxmcst/s   %ifutil
17:54:44         ens5    107.00    139.00     52.21    109.91      0.00      0.00      0.00      0.00

17:54:44        IFACE   rxpck/s   txpck/s    rxkB/s    txkB/s   rxcmp/s   txcmp/s  rxmcst/s   %ifutil
17:54:45         ens5    108.00    143.00     52.25    112.76      0.00      0.00      0.00      0.00

17:54:45        IFACE   rxpck/s   txpck/s    rxkB/s    txkB/s   rxcmp/s   txcmp/s  rxmcst/s   %ifutil
17:54:46         ens5    109.00    141.00     52.67    112.71      0.00      0.00      0.00      0.00

17:54:46        IFACE   rxpck/s   txpck/s    rxkB/s    txkB/s   rxcmp/s   txcmp/s  rxmcst/s   %ifutil
17:54:47         ens5    110.00    145.00     52.71    113.26      0.00      0.00      0.00      0.00

17:54:47        IFACE   rxpck/s   txpck/s    rxkB/s    txkB/s   rxcmp/s   txcmp/s  rxmcst/s   %ifutil
17:54:48         ens5    108.00    144.00     51.50    112.52      0.00      0.00      0.00      0.00

17:54:48        IFACE   rxpck/s   txpck/s    rxkB/s    txkB/s   rxcmp/s   txcmp/s  rxmcst/s   %ifutil
17:54:49         ens5    109.00    144.00     52.69    113.17      0.00      0.00      0.00      0.00

17:54:49        IFACE   rxpck/s   txpck/s    rxkB/s    txkB/s   rxcmp/s   txcmp/s  rxmcst/s   %ifutil
17:54:50         ens5    108.00    143.00     52.28    112.79      0.00      0.00      0.00      0.00

17:54:50        IFACE   rxpck/s   txpck/s    rxkB/s    txkB/s   rxcmp/s   txcmp/s  rxmcst/s   %ifutil
17:54:51         ens5    107.00    138.00     51.05    109.01      0.00      0.00      0.00      0.00

17:54:51        IFACE   rxpck/s   txpck/s    rxkB/s    txkB/s   rxcmp/s   txcmp/s  rxmcst/s   %ifutil
17:54:52         ens5    101.00    122.00     46.48     94.75      0.00      0.00      0.00      0.00

17:54:52        IFACE   rxpck/s   txpck/s    rxkB/s    txkB/s   rxcmp/s   txcmp/s  rxmcst/s   %ifutil
17:54:53         ens5    105.00    139.00     50.98    108.75      0.00      0.00      0.00      0.00

17:54:53        IFACE   rxpck/s   txpck/s    rxkB/s    txkB/s   rxcmp/s   txcmp/s  rxmcst/s   %ifutil
17:54:54         ens5    108.00    139.00     51.46    111.55      0.00      0.00      0.00      0.00

17:54:54        IFACE   rxpck/s   txpck/s    rxkB/s    txkB/s   rxcmp/s   txcmp/s  rxmcst/s   %ifutil
17:54:55         ens5    113.00    137.00     54.24    109.83      0.00      0.00      0.00      0.00

17:54:55        IFACE   rxpck/s   txpck/s    rxkB/s    txkB/s   rxcmp/s   txcmp/s  rxmcst/s   %ifutil
17:54:56         ens5    113.00    138.00     53.77    112.26      0.00      0.00      0.00      0.00

17:54:56        IFACE   rxpck/s   txpck/s    rxkB/s    txkB/s   rxcmp/s   txcmp/s  rxmcst/s   %ifutil
17:54:57         ens5    114.00    143.00     54.33    113.02      0.00      0.00      0.00      0.00

17:54:57        IFACE   rxpck/s   txpck/s    rxkB/s    txkB/s   rxcmp/s   txcmp/s  rxmcst/s   %ifutil
17:54:58         ens5    107.00    141.00     51.12    111.39      0.00      0.00      0.00      0.00

17:54:58        IFACE   rxpck/s   txpck/s    rxkB/s    txkB/s   rxcmp/s   txcmp/s  rxmcst/s   %ifutil
17:54:59         ens5    112.00    140.00     53.66    110.51      0.00      0.00      0.00      0.00

17:54:59        IFACE   rxpck/s   txpck/s    rxkB/s    txkB/s   rxcmp/s   txcmp/s  rxmcst/s   %ifutil
17:55:00         ens5    106.00    129.00     50.70    104.15      0.00      0.00      0.00      0.00

17:55:00        IFACE   rxpck/s   txpck/s    rxkB/s    txkB/s   rxcmp/s   txcmp/s  rxmcst/s   %ifutil
17:55:01         ens5     87.00    110.00     41.64     87.54      0.00      0.00      0.00      0.00

17:55:01        IFACE   rxpck/s   txpck/s    rxkB/s    txkB/s   rxcmp/s   txcmp/s  rxmcst/s   %ifutil
17:55:02         ens5     97.00    126.00     46.17     97.25      0.00      0.00      0.00      0.00

17:55:02        IFACE   rxpck/s   txpck/s    rxkB/s    txkB/s   rxcmp/s   txcmp/s  rxmcst/s   %ifutil
17:55:03         ens5    113.00    144.00     53.75    113.12      0.00      0.00      0.00      0.00

17:55:03        IFACE   rxpck/s   txpck/s    rxkB/s    txkB/s   rxcmp/s   txcmp/s  rxmcst/s   %ifutil
17:55:04         ens5    109.00    137.00     51.81    111.02      0.00      0.00      0.00      0.00

17:55:04        IFACE   rxpck/s   txpck/s    rxkB/s    txkB/s   rxcmp/s   txcmp/s  rxmcst/s   %ifutil
17:55:05         ens5    111.00    140.00     53.59    110.27      0.00      0.00      0.00      0.00

17:55:05        IFACE   rxpck/s   txpck/s    rxkB/s    txkB/s   rxcmp/s   txcmp/s  rxmcst/s   %ifutil
17:55:06         ens5    110.00    139.00     52.97    112.18      0.00      0.00      0.00      0.00

17:55:06        IFACE   rxpck/s   txpck/s    rxkB/s    txkB/s   rxcmp/s   txcmp/s  rxmcst/s   %ifutil
17:55:07         ens5    111.00    145.00     53.31    113.55      0.00      0.00      0.00      0.00

17:55:07        IFACE   rxpck/s   txpck/s    rxkB/s    txkB/s   rxcmp/s   txcmp/s  rxmcst/s   %ifutil
17:55:08         ens5     70.00     87.00     33.62     70.55      0.00      0.00      0.00      0.00

17:55:08        IFACE   rxpck/s   txpck/s    rxkB/s    txkB/s   rxcmp/s   txcmp/s  rxmcst/s   %ifutil
17:55:09         ens5      0.00      0.00      0.00      0.00      0.00      0.00      0.00      0.00

17:55:09        IFACE   rxpck/s   txpck/s    rxkB/s    txkB/s   rxcmp/s   txcmp/s  rxmcst/s   %ifutil
17:55:10         ens5      0.00      0.00      0.00      0.00      0.00      0.00      0.00      0.00

17:55:10        IFACE   rxpck/s   txpck/s    rxkB/s    txkB/s   rxcmp/s   txcmp/s  rxmcst/s   %ifutil
17:55:11         ens5      0.00      0.00      0.00      0.00      0.00      0.00      0.00      0.00

17:55:11        IFACE   rxpck/s   txpck/s    rxkB/s    txkB/s   rxcmp/s   txcmp/s  rxmcst/s   %ifutil
17:55:12         ens5      2.00      2.00      0.10      0.13      0.00      0.00      0.00      0.00


Average:        IFACE   rxpck/s   txpck/s    rxkB/s    txkB/s   rxcmp/s   txcmp/s  rxmcst/s   %ifutil
Average:         ens5     84.96    108.82     40.40     85.72      0.00      0.00      0.00      0.00
