Linux 7.0.0-1010-aws (ip-172-31-20-134) 	08/11/26 	_x86_64_	(2 CPU)

17:10:51        CPU     %user     %nice   %system   %iowait    %steal     %idle
17:10:52        all      2.51      0.00      1.51      0.00      0.00     95.98
17:10:53        all      0.00      0.00      0.00      0.00      0.00    100.00
17:10:54        all      0.00      0.00      0.00      0.00      0.00    100.00
17:10:55        all      1.00      0.00      0.50      1.00      0.00     97.50
17:10:56        all      1.00      0.00      0.00      0.00      0.00     99.00
17:10:57        all      0.00      0.00      0.50      0.00      0.00     99.50
17:10:58        all      0.51      0.00      0.00      0.00      0.00     99.49
17:10:59        all     13.71      0.00      4.06      3.05      0.00     79.19
17:11:00        all     49.25      0.00      2.99      3.48      1.00     43.28
17:11:01        all      4.55      0.00      0.51      0.51      0.51     93.94
17:11:02        all      3.43      0.00      0.98      0.00      3.92     91.67
17:11:03        all     27.18      0.00      3.08      0.00      0.51     69.23
17:11:04        all     76.26      0.00     11.62      0.00      0.00     12.12
17:11:05        all     85.71      0.00     10.20      0.00      0.00      4.08
17:11:06        all     15.92      0.00      1.99      0.00      0.50     81.59
17:11:07        all      1.00      0.00      0.50      0.00      0.00     98.51
17:11:08        all      0.00      0.00      0.00      0.00      0.00    100.00
17:11:09        all      0.00      0.00      0.00      0.00      0.00    100.00
17:11:10        all      0.50      0.00      0.00      0.00      0.00     99.50
17:11:11        all      0.50      0.00      0.50      0.00      0.00     99.00
17:11:12        all      0.00      0.00      0.50      0.00      0.00     99.50
17:11:13        all      0.50      0.00      0.00      0.00      0.00     99.50
17:11:14        all      5.03      0.00      1.01      0.00      0.00     93.97

Average:        all     12.47      0.00      1.75      0.35      0.28     85.15
