Linux 7.0.0-1010-aws (ip-172-31-20-134) 	08/11/26 	_x86_64_	(2 CPU)

17:10:51        IFACE   rxpck/s   txpck/s    rxkB/s    txkB/s   rxcmp/s   txcmp/s  rxmcst/s   %ifutil
17:10:52         ens5     52.00     46.00      4.41      5.19      0.00      0.00      0.00      0.00

17:10:52        IFACE   rxpck/s   txpck/s    rxkB/s    txkB/s   rxcmp/s   txcmp/s  rxmcst/s   %ifutil
17:10:53         ens5     15.00     11.00      1.18      1.13      0.00      0.00      0.00      0.00

17:10:53        IFACE   rxpck/s   txpck/s    rxkB/s    txkB/s   rxcmp/s   txcmp/s  rxmcst/s   %ifutil
17:10:54         ens5      0.00      0.00      0.00      0.00      0.00      0.00      0.00      0.00

17:10:54        IFACE   rxpck/s   txpck/s    rxkB/s    txkB/s   rxcmp/s   txcmp/s  rxmcst/s   %ifutil
17:10:55         ens5      8.00      9.00      4.05      2.42      0.00      0.00      0.00      0.00

17:10:55        IFACE   rxpck/s   txpck/s    rxkB/s    txkB/s   rxcmp/s   txcmp/s  rxmcst/s   %ifutil
17:10:56         ens5      2.00      2.00      1.11      0.15      0.00      0.00      0.00      0.00

17:10:56        IFACE   rxpck/s   txpck/s    rxkB/s    txkB/s   rxcmp/s   txcmp/s  rxmcst/s   %ifutil
17:10:57         ens5      0.00      0.00      0.00      0.00      0.00      0.00      0.00      0.00

17:10:57        IFACE   rxpck/s   txpck/s    rxkB/s    txkB/s   rxcmp/s   txcmp/s  rxmcst/s   %ifutil
17:10:58         ens5     24.00     32.00     11.76      2.42      0.00      0.00      0.00      0.00

17:10:58        IFACE   rxpck/s   txpck/s    rxkB/s    txkB/s   rxcmp/s   txcmp/s  rxmcst/s   %ifutil
17:10:59         ens5     16.00     11.00     16.53      0.79      0.00      0.00      0.00      0.00

17:10:59        IFACE   rxpck/s   txpck/s    rxkB/s    txkB/s   rxcmp/s   txcmp/s  rxmcst/s   %ifutil
17:11:00         ens5      0.00      0.00      0.00      0.00      0.00      0.00      0.00      0.00

17:11:00        IFACE   rxpck/s   txpck/s    rxkB/s    txkB/s   rxcmp/s   txcmp/s  rxmcst/s   %ifutil
17:11:01         ens5      0.00      0.00      0.00      0.00      0.00      0.00      0.00      0.00

17:11:01        IFACE   rxpck/s   txpck/s    rxkB/s    txkB/s   rxcmp/s   txcmp/s  rxmcst/s   %ifutil
17:11:02         ens5     26.73     26.73     17.18      2.45      0.00      0.00      0.00      0.00

17:11:02        IFACE   rxpck/s   txpck/s    rxkB/s    txkB/s   rxcmp/s   txcmp/s  rxmcst/s   %ifutil
17:11:03         ens5    251.00    253.00    161.88     23.12      0.00      0.00      0.00      0.00

17:11:03        IFACE   rxpck/s   txpck/s    rxkB/s    txkB/s   rxcmp/s   txcmp/s  rxmcst/s   %ifutil
17:11:04         ens5    804.00    698.00    474.78     58.36      0.00      0.00      0.00      0.00

17:11:04        IFACE   rxpck/s   txpck/s    rxkB/s    txkB/s   rxcmp/s   txcmp/s  rxmcst/s   %ifutil
17:11:05         ens5    530.00    600.00    381.33     56.81      0.00      0.00      0.00      0.00

17:11:05        IFACE   rxpck/s   txpck/s    rxkB/s    txkB/s   rxcmp/s   txcmp/s  rxmcst/s   %ifutil
17:11:06         ens5     26.00     81.00     17.21     10.43      0.00      0.00      0.00      0.00

17:11:06        IFACE   rxpck/s   txpck/s    rxkB/s    txkB/s   rxcmp/s   txcmp/s  rxmcst/s   %ifutil
17:11:07         ens5      0.00      0.00      0.00      0.00      0.00      0.00      0.00      0.00

17:11:07        IFACE   rxpck/s   txpck/s    rxkB/s    txkB/s   rxcmp/s   txcmp/s  rxmcst/s   %ifutil
17:11:08         ens5      0.00      0.00      0.00      0.00      0.00      0.00      0.00      0.00

17:11:08        IFACE   rxpck/s   txpck/s    rxkB/s    txkB/s   rxcmp/s   txcmp/s  rxmcst/s   %ifutil
17:11:09         ens5      0.00      0.00      0.00      0.00      0.00      0.00      0.00      0.00

17:11:09        IFACE   rxpck/s   txpck/s    rxkB/s    txkB/s   rxcmp/s   txcmp/s  rxmcst/s   %ifutil
17:11:10         ens5      0.00      0.00      0.00      0.00      0.00      0.00      0.00      0.00

17:11:10        IFACE   rxpck/s   txpck/s    rxkB/s    txkB/s   rxcmp/s   txcmp/s  rxmcst/s   %ifutil
17:11:11         ens5      0.00      0.00      0.00      0.00      0.00      0.00      0.00      0.00

17:11:11        IFACE   rxpck/s   txpck/s    rxkB/s    txkB/s   rxcmp/s   txcmp/s  rxmcst/s   %ifutil
17:11:12         ens5      1.00      1.00      0.07      0.09      0.00      0.00      0.00      0.00

17:11:12        IFACE   rxpck/s   txpck/s    rxkB/s    txkB/s   rxcmp/s   txcmp/s  rxmcst/s   %ifutil
17:11:13         ens5      0.00      0.00      0.00      0.00      0.00      0.00      0.00      0.00

17:11:13        IFACE   rxpck/s   txpck/s    rxkB/s    txkB/s   rxcmp/s   txcmp/s  rxmcst/s   %ifutil
17:11:14         ens5      0.00      0.00      0.00      0.00      0.00      0.00      0.00      0.00


Average:        IFACE   rxpck/s   txpck/s    rxkB/s    txkB/s   rxcmp/s   txcmp/s  rxmcst/s   %ifutil
Average:         ens5     76.31     76.97     47.44      7.10      0.00      0.00      0.00      0.00
