Linux 7.0.0-1010-aws (ip-172-31-20-134) 	08/11/26 	_x86_64_	(2 CPU)

16:43:33        CPU     %user     %nice   %system   %iowait    %steal     %idle
16:43:34        all      2.50      0.00      1.50      0.00      0.00     96.00
16:43:35        all      0.00      0.00      0.50      0.00      0.00     99.50
16:43:36        all      0.00      0.00      0.00      0.00      0.50     99.50
16:43:37        all      0.50      0.00      0.50      0.00      0.00     99.00
16:43:38        all      0.50      0.00      0.00      0.00      0.00     99.50
16:43:39        all      1.01      0.00      0.00      0.00      0.50     98.49
16:43:40        all      0.00      0.00      1.00      0.00      0.00     99.00
16:43:41        all      0.50      0.00      0.00      0.00      0.00     99.50
16:43:42        all      0.00      0.00      0.00      0.00      0.00    100.00
16:43:43        all      9.05      0.00      2.51      0.00      0.00     88.44
16:43:44        all     60.62      0.00      6.74      0.00      0.00     32.64
16:43:45        all     67.86      0.00      7.14      0.00      0.00     25.00
16:43:46        all      8.54      0.00      1.01      0.00      0.00     90.45
16:43:47        all      0.00      0.00      0.50      0.00      0.00     99.50
16:43:48        all      0.00      0.00      0.00      0.00      0.00    100.00
16:43:49        all      0.50      0.00      0.00      0.00      0.00     99.50
16:43:50        all      0.00      0.00      0.00      0.00      0.50     99.50
16:43:51        all      0.50      0.00      0.50      0.00      0.00     99.00
16:43:52        all      0.50      0.00      0.00      0.00      0.00     99.50
16:43:53        all      0.00      0.00      0.50      0.00      0.00     99.50
16:43:54        all      0.51      0.00      0.00      0.00      0.00     99.49
16:43:55        all      0.50      0.00      0.00      0.00      0.00     99.50
16:43:56        all      0.50      0.00      0.00      0.00      0.00     99.50

Average:        all      6.58      0.00      0.96      0.00      0.07     92.39
