Linux 7.0.0-1010-aws (ip-172-31-20-134) 	08/11/26 	_x86_64_	(2 CPU)

16:43:33    kbmemfree   kbavail kbmemused  %memused kbbuffers  kbcached  kbcommit   %commit  kbactive   kbinact   kbdirty
16:43:34       161436   1327844    367824     18.85     33676   1245240   1469844     75.34    997136    550888       380
16:43:35       161436   1327844    367824     18.85     33676   1245240   1469844     75.34    997136    550888       380
16:43:36       161436   1327844    367824     18.85     33676   1245240   1469844     75.34    997136    550888       380
16:43:37       161436   1327844    367824     18.85     33676   1245240   1469844     75.34    997136    550888       380
16:43:38       161436   1327844    367824     18.85     33676   1245240   1469844     75.34    997136    550888       380
16:43:39       161184   1327592    368076     18.87     33676   1245240   1471024     75.40    999368    550888       380
16:43:40       161184   1327592    368024     18.86     33676   1245292   1471024     75.40    999368    550888       432
16:43:41       161184   1327592    368020     18.86     33676   1245296   1471024     75.40    999368    550888       436
16:43:42       161184   1327592    368020     18.86     33676   1245296   1471024     75.40    999368    550888       436
16:43:43       157668   1324136    371532     19.04     33676   1245300   1505148     77.15   1002304    550948       440
16:43:44       147108   1314176    381488     19.55     33676   1245888   1679892     86.11   1011560    551536      1028
16:43:45       137280   1305076    390564     20.02     33676   1246616   1785596     91.53   1014152    552256      1756
16:43:46       137280   1305224    390340     20.01     33676   1246832   1785596     91.53   1014236    552400      1972
16:43:47       137280   1305348    390268     20.00     33676   1246900   1785596     91.53   1014240    552520      2040
16:43:48       137280   1305372    390264     20.00     33676   1246904   1785596     91.53   1014836    552544      2044
16:43:49       137280   1305372    390264     20.00     33676   1246904   1785596     91.53   1014836    552544      2044
16:43:50       137280   1305372    390264     20.00     33676   1246904   1785596     91.53   1014836    552544      2044
16:43:51       137280   1305372    390260     20.00     33676   1246908   1785596     91.53   1014836    552544      2048
16:43:52       137280   1305372    390260     20.00     33676   1246908   1785596     91.53   1014836    552544      2048
16:43:53       137280   1305372    390260     20.00     33676   1246908   1785596     91.53   1014836    552544      2048
16:43:54       137280   1305412    390232     20.00     33700   1246912   1785596     91.53   1014952    552584      2108
16:43:55       137280   1305412    390232     20.00     33700   1246912   1785596     91.53   1014952    552584      2108
16:43:56       137280   1305412    390232     20.00     33700   1246912   1785596     91.53   1014952    552584      2108

Average:       148002   1315305    380336     19.50     33679   1246132   1645457     84.34   1007544    551768      1279
