Linux 7.0.0-1010-aws (ip-172-31-20-134) 	08/11/26 	_x86_64_	(2 CPU)

16:43:33        IFACE   rxpck/s   txpck/s    rxkB/s    txkB/s   rxcmp/s   txcmp/s  rxmcst/s   %ifutil
16:43:34         ens5     49.00     44.00      4.25      5.05      0.00      0.00      0.00      0.00

16:43:34        IFACE   rxpck/s   txpck/s    rxkB/s    txkB/s   rxcmp/s   txcmp/s  rxmcst/s   %ifutil
16:43:35         ens5     46.00     38.00      3.99      4.10      0.00      0.00      0.00      0.00

16:43:35        IFACE   rxpck/s   txpck/s    rxkB/s    txkB/s   rxcmp/s   txcmp/s  rxmcst/s   %ifutil
16:43:36         ens5     33.00     27.00      2.91      2.97      0.00      0.00      0.00      0.00

16:43:36        IFACE   rxpck/s   txpck/s    rxkB/s    txkB/s   rxcmp/s   txcmp/s  rxmcst/s   %ifutil
16:43:37         ens5      0.00      0.00      0.00      0.00      0.00      0.00      0.00      0.00

16:43:37        IFACE   rxpck/s   txpck/s    rxkB/s    txkB/s   rxcmp/s   txcmp/s  rxmcst/s   %ifutil
16:43:38         ens5      0.00      0.00      0.00      0.00      0.00      0.00      0.00      0.00

16:43:38        IFACE   rxpck/s   txpck/s    rxkB/s    txkB/s   rxcmp/s   txcmp/s  rxmcst/s   %ifutil
16:43:39         ens5     39.00     43.00     28.46     25.48      0.00      0.00      0.00      0.00

16:43:39        IFACE   rxpck/s   txpck/s    rxkB/s    txkB/s   rxcmp/s   txcmp/s  rxmcst/s   %ifutil
16:43:40         ens5      0.00      0.00      0.00      0.00      0.00      0.00      0.00      0.00

16:43:40        IFACE   rxpck/s   txpck/s    rxkB/s    txkB/s   rxcmp/s   txcmp/s  rxmcst/s   %ifutil
16:43:41         ens5      1.00      1.00      0.07      0.09      0.00      0.00      0.00      0.00

16:43:41        IFACE   rxpck/s   txpck/s    rxkB/s    txkB/s   rxcmp/s   txcmp/s  rxmcst/s   %ifutil
16:43:42         ens5      0.00      0.00      0.00      0.00      0.00      0.00      0.00      0.00

16:43:42        IFACE   rxpck/s   txpck/s    rxkB/s    txkB/s   rxcmp/s   txcmp/s  rxmcst/s   %ifutil
16:43:43         ens5     34.00     45.00     17.07     27.58      0.00      0.00      0.00      0.00

16:43:43        IFACE   rxpck/s   txpck/s    rxkB/s    txkB/s   rxcmp/s   txcmp/s  rxmcst/s   %ifutil
16:43:44         ens5    483.00    548.00    238.74    360.94      0.00      0.00      0.00      0.00

16:43:44        IFACE   rxpck/s   txpck/s    rxkB/s    txkB/s   rxcmp/s   txcmp/s  rxmcst/s   %ifutil
16:43:45         ens5    520.00    662.00    255.11    383.66      0.00      0.00      0.00      0.00

16:43:45        IFACE   rxpck/s   txpck/s    rxkB/s    txkB/s   rxcmp/s   txcmp/s  rxmcst/s   %ifutil
16:43:46         ens5     53.00     68.00     27.61     41.65      0.00      0.00      0.00      0.00

16:43:46        IFACE   rxpck/s   txpck/s    rxkB/s    txkB/s   rxcmp/s   txcmp/s  rxmcst/s   %ifutil
16:43:47         ens5      0.00      0.00      0.00      0.00      0.00      0.00      0.00      0.00

16:43:47        IFACE   rxpck/s   txpck/s    rxkB/s    txkB/s   rxcmp/s   txcmp/s  rxmcst/s   %ifutil
16:43:48         ens5      0.00      0.00      0.00      0.00      0.00      0.00      0.00      0.00

16:43:48        IFACE   rxpck/s   txpck/s    rxkB/s    txkB/s   rxcmp/s   txcmp/s  rxmcst/s   %ifutil
16:43:49         ens5      0.00      0.00      0.00      0.00      0.00      0.00      0.00      0.00

16:43:49        IFACE   rxpck/s   txpck/s    rxkB/s    txkB/s   rxcmp/s   txcmp/s  rxmcst/s   %ifutil
16:43:50         ens5      0.00      0.00      0.00      0.00      0.00      0.00      0.00      0.00

16:43:50        IFACE   rxpck/s   txpck/s    rxkB/s    txkB/s   rxcmp/s   txcmp/s  rxmcst/s   %ifutil
16:43:51         ens5      0.00      0.00      0.00      0.00      0.00      0.00      0.00      0.00

16:43:51        IFACE   rxpck/s   txpck/s    rxkB/s    txkB/s   rxcmp/s   txcmp/s  rxmcst/s   %ifutil
16:43:52         ens5      1.00      1.00      0.06      0.07      0.00      0.00      0.00      0.00

16:43:52        IFACE   rxpck/s   txpck/s    rxkB/s    txkB/s   rxcmp/s   txcmp/s  rxmcst/s   %ifutil
16:43:53         ens5      1.00      2.00      0.06      0.14      0.00      0.00      0.00      0.00

16:43:53        IFACE   rxpck/s   txpck/s    rxkB/s    txkB/s   rxcmp/s   txcmp/s  rxmcst/s   %ifutil
16:43:54         ens5      3.00      4.00      0.14      0.26      0.00      0.00      0.00      0.00

16:43:54        IFACE   rxpck/s   txpck/s    rxkB/s    txkB/s   rxcmp/s   txcmp/s  rxmcst/s   %ifutil
16:43:55         ens5      0.00      2.00      0.00      0.14      0.00      0.00      0.00      0.00

16:43:55        IFACE   rxpck/s   txpck/s    rxkB/s    txkB/s   rxcmp/s   txcmp/s  rxmcst/s   %ifutil
16:43:56         ens5      0.00      1.00      0.00      0.07      0.00      0.00      0.00      0.00



Average:        IFACE   rxpck/s   txpck/s    rxkB/s    txkB/s   rxcmp/s   txcmp/s  rxmcst/s   %ifutil
Average:         ens5     54.91     64.61     25.15     37.05      0.00      0.00      0.00      0.00
