Linux 7.0.0-1010-aws (ip-172-31-20-134) 	08/11/26 	_x86_64_	(2 CPU)

16:44:04        CPU     %user     %nice   %system   %iowait    %steal     %idle
16:44:05        all      2.01      0.00      1.01      0.00      0.50     96.48
16:44:06        all      0.50      0.00      0.50      0.00      0.00     99.00
16:44:07        all      0.00      0.00      0.00      0.00      0.00    100.00
16:44:08        all      0.51      0.00      0.00      0.00      0.00     99.49
16:44:09        all      1.00      0.00      0.50      0.00      0.00     98.50
16:44:10        all      0.00      0.00      0.00      0.00      0.00    100.00
16:44:11        all      1.00      0.00      0.50      0.00      0.00     98.50
16:44:12        all      0.00      0.00      0.00      0.00      0.00    100.00
16:44:13        all      0.50      0.00      0.50      0.00      0.00     99.00
16:44:14        all      4.57      0.00      1.52      0.00      0.00     93.91
16:44:15        all      1.49      0.00      0.50      0.00      0.00     98.01
16:44:16        all     16.16      0.00      2.02      0.00      0.51     81.31
16:44:17        all     59.09      0.00      6.06      0.00      0.00     34.85
16:44:18        all     67.01      0.00      8.25      0.00      0.00     24.74
16:44:19        all      1.01      0.00      0.00      0.00      0.00     98.99
16:44:20        all      0.50      0.00      0.50      0.00      0.00     99.00
16:44:21        all      0.00      0.00      0.00      0.00      0.00    100.00
16:44:22        all      0.00      0.00      1.00      0.00      0.00     99.00
16:44:23        all      0.50      0.00      0.00      0.00      0.00     99.50
16:44:24        all      0.50      0.00      0.00      0.00      0.50     99.00
16:44:25        all      0.00      0.00      0.00      1.01      0.00     98.99
16:44:26        all      0.50      0.00      1.00      0.00      0.00     98.51

Average:        all      7.04      0.00      1.07      0.05      0.07     91.78
