Linux 7.0.0-1010-aws (ip-172-31-20-134) 	08/11/26 	_x86_64_	(2 CPU)

16:44:04    kbmemfree   kbavail kbmemused  %memused kbbuffers  kbcached  kbcommit   %commit  kbactive   kbinact   kbdirty
16:44:05       156812   1324992    370640     19.00     33704   1246952   1469852     75.34    997112    552628      1876
16:44:06       156812   1324992    370640     19.00     33704   1246952   1469852     75.34    997132    552628      1840
16:44:07       156812   1324992    370640     19.00     33704   1246952   1469852     75.34    997132    552628       244
16:44:08       156812   1324992    370640     19.00     33704   1246952   1471264     75.41    998540    552628       172
16:44:09       156812   1325020    370588     19.00     33704   1247004   1471396     75.42    998964    552656       224
16:44:10       156812   1325020    370588     19.00     33704   1247004   1471396     75.42    999172    552656       224
16:44:11       156812   1325060    370552     18.99     33704   1247040   1471400     75.42    999420    552696       260
16:44:12       156308   1324576    371056     19.02     33704   1247040   1471404     75.42    999896    552716       260
16:44:13       156308   1324576    371032     19.02     33704   1247064   1471404     75.42    999896    552716       284
16:44:14       156308   1324600    371032     19.02     33704   1247064   1471404     75.42   1000164    552740       284
16:44:15       156056   1324376    371224     19.03     33736   1247080   1479780     75.85   1000676    552764       292
16:44:16       153284   1321728    373892     19.17     33736   1247184   1505784     77.18   1004184    552888       396
16:44:17       146996   1316060    379488     19.45     33736   1247856   1626932     83.39   1009144    553500      1068
16:44:18       140204   1310108    385464     19.76     33736   1248636   1779672     91.22   1013672    554328      1848
16:44:19       140204   1310108    385464     19.76     33736   1248636   1779672     91.22   1013672    554328      1848
16:44:20       140204   1310108    385460     19.76     33736   1248640   1779672     91.22   1013672    554328      1852
16:44:21       140204   1310108    385460     19.76     33736   1248640   1779672     91.22   1013672    554328      1852
16:44:22       140204   1310108    385456     19.76     33736   1248644   1779672     91.22   1013672    554328      1856
16:44:23       140204   1310108    385456     19.76     33736   1248644   1779672     91.22   1013672    554328      1856
16:44:24       140204   1310108    385456     19.76     33736   1248644   1779672     91.22   1013672    554328      1856
16:44:25       140204   1310124    385412     19.76     33760   1248660   1779672     91.22   1013712    554340      1860
16:44:26       140204   1310124    385412     19.76     33760   1248660   1779672     91.22   1013712    554340      1860

Average:       149308   1318272    377321     19.34     33724   1247725   1606308     82.34   1005662    553401      1096
