Linux 7.0.0-1010-aws (ip-172-31-20-134) 	08/11/26 	_x86_64_	(2 CPU)

16:44:04        IFACE   rxpck/s   txpck/s    rxkB/s    txkB/s   rxcmp/s   txcmp/s  rxmcst/s   %ifutil
16:44:05         ens5     54.00     52.00      4.51      5.60      0.00      0.00      0.00      0.00

16:44:05        IFACE   rxpck/s   txpck/s    rxkB/s    txkB/s   rxcmp/s   txcmp/s  rxmcst/s   %ifutil
16:44:06         ens5     41.00     33.00      3.49      3.53      0.00      0.00      0.00      0.00

16:44:06        IFACE   rxpck/s   txpck/s    rxkB/s    txkB/s   rxcmp/s   txcmp/s  rxmcst/s   %ifutil
16:44:07         ens5      0.00      0.00      0.00      0.00      0.00      0.00      0.00      0.00

16:44:07        IFACE   rxpck/s   txpck/s    rxkB/s    txkB/s   rxcmp/s   txcmp/s  rxmcst/s   %ifutil
16:44:08         ens5     19.00     24.00     14.38     16.53      0.00      0.00      0.00      0.00

16:44:08        IFACE   rxpck/s   txpck/s    rxkB/s    txkB/s   rxcmp/s   txcmp/s  rxmcst/s   %ifutil
16:44:09         ens5     15.00     18.00      9.70     15.93      0.00      0.00      0.00      0.00

16:44:09        IFACE   rxpck/s   txpck/s    rxkB/s    txkB/s   rxcmp/s   txcmp/s  rxmcst/s   %ifutil
16:44:10         ens5      1.00     13.00      0.56     15.56      0.00      0.00      0.00      0.00

16:44:10        IFACE   rxpck/s   txpck/s    rxkB/s    txkB/s   rxcmp/s   txcmp/s  rxmcst/s   %ifutil
16:44:11         ens5      2.00     13.00      0.65     15.59      0.00      0.00      0.00      0.00

16:44:11        IFACE   rxpck/s   txpck/s    rxkB/s    txkB/s   rxcmp/s   txcmp/s  rxmcst/s   %ifutil
16:44:12         ens5     12.00     18.00      8.27     13.66      0.00      0.00      0.00      0.00

16:44:12        IFACE   rxpck/s   txpck/s    rxkB/s    txkB/s   rxcmp/s   txcmp/s  rxmcst/s   %ifutil
16:44:13         ens5      0.00      0.00      0.00      0.00      0.00      0.00      0.00      0.00

16:44:13        IFACE   rxpck/s   txpck/s    rxkB/s    txkB/s   rxcmp/s   txcmp/s  rxmcst/s   %ifutil
16:44:14         ens5      1.00      1.00      0.07      0.09      0.00      0.00      0.00      0.00

16:44:14        IFACE   rxpck/s   txpck/s    rxkB/s    txkB/s   rxcmp/s   txcmp/s  rxmcst/s   %ifutil
16:44:15         ens5      5.00      7.00      2.67      4.41      0.00      0.00      0.00      0.00

16:44:15        IFACE   rxpck/s   txpck/s    rxkB/s    txkB/s   rxcmp/s   txcmp/s  rxmcst/s   %ifutil
16:44:16         ens5    105.00    145.00     54.53     91.86      0.00      0.00      0.00      0.00

16:44:16        IFACE   rxpck/s   txpck/s    rxkB/s    txkB/s   rxcmp/s   txcmp/s  rxmcst/s   %ifutil
16:44:17         ens5    436.63    538.61    223.76    344.35      0.00      0.00      0.00      0.00

16:44:17        IFACE   rxpck/s   txpck/s    rxkB/s    txkB/s   rxcmp/s   txcmp/s  rxmcst/s   %ifutil
16:44:18         ens5    475.00    579.00    236.23    355.85      0.00      0.00      0.00      0.00

16:44:18        IFACE   rxpck/s   txpck/s    rxkB/s    txkB/s   rxcmp/s   txcmp/s  rxmcst/s   %ifutil
16:44:19         ens5      5.00      7.00      2.67      4.40      0.00      0.00      0.00      0.00

16:44:19        IFACE   rxpck/s   txpck/s    rxkB/s    txkB/s   rxcmp/s   txcmp/s  rxmcst/s   %ifutil
16:44:20         ens5      0.00      0.00      0.00      0.00      0.00      0.00      0.00      0.00

16:44:20        IFACE   rxpck/s   txpck/s    rxkB/s    txkB/s   rxcmp/s   txcmp/s  rxmcst/s   %ifutil
16:44:21         ens5      0.00      0.00      0.00      0.00      0.00      0.00      0.00      0.00

16:44:21        IFACE   rxpck/s   txpck/s    rxkB/s    txkB/s   rxcmp/s   txcmp/s  rxmcst/s   %ifutil
16:44:22         ens5      0.00      0.00      0.00      0.00      0.00      0.00      0.00      0.00

16:44:22        IFACE   rxpck/s   txpck/s    rxkB/s    txkB/s   rxcmp/s   txcmp/s  rxmcst/s   %ifutil
16:44:23         ens5      0.00      0.00      0.00      0.00      0.00      0.00      0.00      0.00

16:44:23        IFACE   rxpck/s   txpck/s    rxkB/s    txkB/s   rxcmp/s   txcmp/s  rxmcst/s   %ifutil
16:44:24         ens5      0.00      1.00      0.00      0.07      0.00      0.00      0.00      0.00

16:44:24        IFACE   rxpck/s   txpck/s    rxkB/s    txkB/s   rxcmp/s   txcmp/s  rxmcst/s   %ifutil
16:44:25         ens5      0.00      1.00      0.00      0.07      0.00      0.00      0.00      0.00

16:44:25        IFACE   rxpck/s   txpck/s    rxkB/s    txkB/s   rxcmp/s   txcmp/s  rxmcst/s   %ifutil
16:44:26         ens5      0.00      1.00      0.00      0.07      0.00      0.00      0.00      0.00


Average:        IFACE   rxpck/s   txpck/s    rxkB/s    txkB/s   rxcmp/s   txcmp/s  rxmcst/s   %ifutil
Average:         ens5     53.43     66.20     25.61     40.48      0.00      0.00      0.00      0.00
