Linux 7.0.0-1010-aws (ip-172-31-31-224) 	08/11/26 	_x86_64_	(2 CPU)

06:52:33        CPU     %user     %nice   %system   %iowait    %steal     %idle
06:52:34        all     50.25      0.00      4.02      0.00      2.01     43.72
06:52:35        all     50.51      0.00      3.03      0.00      1.01     45.45
06:52:36        all     47.00      0.00      4.00      0.00      2.50     46.50
06:52:37        all     49.01      0.00      3.96      0.00      1.98     45.05
06:52:38        all     48.48      0.00      3.54      0.00      1.01     46.97
06:52:39        all     47.47      0.00      3.54      0.00      3.03     45.96
06:52:40        all     45.23      0.00      2.51      0.00      3.52     48.74
06:52:41        all     49.50      0.00      2.50      0.00      2.50     45.50
06:52:42        all     48.00      0.00      5.50      0.00      2.50     44.00
06:52:43        all      0.50      0.00      0.00      0.00      0.00     99.50
06:52:44        all      6.03      0.00      1.01      0.00      0.50     92.46
06:52:45        all      0.50      0.00      0.50      0.00      1.00     98.01
06:52:46        all      0.50      0.00      0.00      0.00      0.00     99.50
06:52:47        all      0.50      0.00      0.50      1.00      0.00     98.00
06:52:48        all      1.02      0.00      0.51      0.00      0.51     97.97
06:52:49        all      2.99      0.00      3.98      0.00      1.49     91.54
06:52:50        all      2.01      0.00      2.01      0.00      1.01     94.97
06:52:51        all      0.00      0.00      0.51      0.00      0.51     98.99
06:52:52        all      0.00      0.00      0.00      0.00      0.00    100.00
06:52:53        all      0.00      0.00      0.00      0.00      0.00    100.00
06:52:54        all      3.54      0.00      0.00      0.00      0.00     96.46
06:52:55        all      0.99      0.00      0.50      0.00      0.50     98.02
06:52:56        all      0.00      0.00      0.50      0.00      0.00     99.50
06:52:57        all      0.50      0.00      0.50      0.00      0.50     98.51
06:52:58        all      0.50      0.00      0.00      0.00      0.00     99.50
06:52:59        all      4.52      0.00      1.51      0.00      0.00     93.97
06:53:00        all      0.98      0.00      0.49      0.00      2.94     95.59

Average:        all     17.04      0.00      1.67      0.04      1.08     80.18
