Linux 7.0.0-1010-aws (ip-172-31-31-224) 	08/11/26 	_x86_64_	(2 CPU)

06:52:33    kbmemfree   kbavail kbmemused  %memused kbbuffers  kbcached  kbcommit   %commit  kbactive   kbinact   kbdirty
06:52:34       710504   1310484    420968     21.58     15904    726236   1597312     81.88    389248    689304       164
06:52:35       670436   1270420    461032     23.63     15904    726240   1643496     84.24    436804    689308       168
06:52:36       565856   1165840    565612     28.99     15904    726240   1747552     89.58    538732    689308       168
06:52:37       501596   1101580    629872     32.29     15904    726240   1802544     92.40    596692    689308       168
06:52:38       413144   1013128    718324     36.82     15904    726240   1881700     96.45    676784    689308       168
06:52:39       332504    932488    798964     40.95     15904    726240   1969012    100.93    763212    689308       168
06:52:40       308312    908296    823156     42.19     15904    726240   1998900    102.46    790540    689308       168
06:52:41       227924    827908    903544     46.31     15904    726240   2065760    105.89    859732    689308       168
06:52:42        90836    690820   1040632     53.34     15904    726240   2207088    113.13   1000968    689308       168
06:52:43        90836    690820   1040632     53.34     15904    726240   2207088    113.13   1000968    689308       168
06:52:44        90740    690724   1040716     53.35     15904    726252   2207088    113.13   1001068    689308       636
06:52:45        90740    690724   1040716     53.35     15904    726252   2207088    113.13   1001068    689308       636
06:52:46        90740    690724   1040712     53.35     15904    726256   2207088    113.13   1001068    689308       640
06:52:47        90740    690724   1040696     53.34     15928    726248   2207088    113.13   1001124    689308       724
06:52:48        90740    690748   1040688     53.34     15928    726256   2207088    113.13   1001128    689332       748
06:52:49        90804    690812   1040616     53.34     15928    726256   2207088    113.13   1001128    689332       748
06:52:50        90804    690812   1040596     53.34     15928    726260   2207088    113.13   1001128    689332       752
06:52:51        90804    690828   1040596     53.34     15928    726260   2207088    113.13   1001732    689348       752
06:52:52        90804    690828   1040596     53.34     15928    726260   2207088    113.13   1001732    689348       752
06:52:53        90804    690828   1040596     53.34     15928    726260   2207088    113.13   1001732    689348       752
06:52:54        90804    690828   1040592     53.34     15928    726264   2207088    113.13   1001732    689348       756
06:52:55        90804    690828   1040592     53.34     15928    726264   2207088    113.13   1001732    689348       756
06:52:56        90804    690828   1040588     53.34     15928    726268   2207088    113.13   1001732    689348       760
06:52:57        90804    690828   1040588     53.34     15928    726268   2207088    113.13   1001732    689348       760
06:52:58        90804    690828   1040588     53.34     15928    726268   2207088    113.13   1001732    689348       760
06:52:59        90740    690764   1040652     53.34     15928    726268   2207088    113.13   1001480    689348       760
06:53:00        90736    690772   1040644     53.34     15928    726280   2207088    113.13   1001568    689360       712


Average:       202043    802045    929389     47.64     15916    726253   2097813    107.53    891789    689326       521
