Linux 7.0.0-1010-aws (ip-172-31-20-134) 	08/11/26 	_x86_64_	(2 CPU)

16:35:29        CPU     %user     %nice   %system   %iowait    %steal     %idle
16:35:30        all      1.51      0.00      1.51      0.00      0.00     96.98
16:35:31        all      0.50      0.00      0.50      0.00      0.00     98.99
16:35:32        all      0.00      0.00      0.50      0.00      0.50     99.00
16:35:33        all      0.50      0.00      0.00      0.00      0.00     99.50
16:35:34        all      0.00      0.00      0.00      0.00      0.00    100.00
16:35:35        all      0.00      0.00      0.50      0.00      0.00     99.50
16:35:36        all      0.50      0.00      0.00      0.00      0.00     99.50
16:35:37        all      1.52      0.00      0.00      0.00      0.00     98.48
16:35:38        all      0.50      0.00      0.00      0.00      0.00     99.50
16:35:39        all      0.00      0.00      0.00      0.00      0.00    100.00
16:35:40        all      0.00      0.00      0.50      0.00      0.00     99.50
16:35:41        all     20.10      0.00      3.52      0.00      0.00     76.38
16:35:42        all     66.67      0.00      5.13      0.00      0.00     28.21
16:35:43        all     58.38      0.00      5.08      0.00      0.00     36.55
16:35:44        all     12.56      0.00      2.51      0.00      0.00     84.92
16:35:45        all      1.01      0.00      0.50      0.00      0.00     98.49
16:35:46        all      1.00      0.00      0.50      0.00      0.00     98.50
16:35:47        all      0.51      0.00      0.00      0.00      0.00     99.49
16:35:48        all      0.50      0.00      0.50      0.00      0.50     98.51
16:35:49        all      0.50      0.00      0.00      0.00      0.00     99.50
16:35:50        all      0.00      0.00      0.00      0.00      0.00    100.00
16:35:51        all      0.51      0.00      0.00      0.00      0.00     99.49
16:35:52        all      0.50      0.00      0.50      0.00      0.00     99.00
16:35:53        all      0.00      0.00      0.00      0.00      0.00    100.00

Average:        all      6.89      0.00      0.90      0.00      0.04     92.17
