Linux 7.0.0-1010-aws (ip-172-31-20-134) 	08/11/26 	_x86_64_	(2 CPU)

16:35:29    kbmemfree   kbavail kbmemused  %memused kbbuffers  kbcached  kbcommit   %commit  kbactive   kbinact   kbdirty
16:35:30       192136   1323456    372748     19.11     33172   1211180   1469672     75.33    996292    516948       304
16:35:31       192136   1323456    372744     19.11     33172   1211184   1469672     75.33    996292    516948       308
16:35:32       192136   1323456    372744     19.11     33172   1211184   1469672     75.33    996292    516948       308
16:35:33       192136   1323456    372744     19.11     33172   1211184   1469672     75.33    996964    516948       308
16:35:34       192136   1323460    372744     19.11     33172   1211184   1469672     75.33    997032    516952       308
16:35:35       192136   1323460    372744     19.11     33172   1211184   1469672     75.33    997032    516952       308
16:35:36       192136   1323460    372744     19.11     33172   1211184   1469672     75.33    997032    516952       308
16:35:37       191380   1322708    373496     19.14     33172   1211188   1483848     76.06    999728    516956       312
16:35:38       191128   1322520    373672     19.15     33172   1211256   1483848     76.06    999820    517016       380
16:35:39       191128   1322520    373672     19.15     33172   1211256   1483848     76.06    999820    517016       380
16:35:40       191128   1322520    373672     19.15     33172   1211256   1483848     76.06    999820    517016       380
16:35:41       187096   1318740    377536     19.35     33172   1211424   1518060     77.81   1004272    517268       548
16:35:42       181564   1314220    381960     19.58     33172   1212504   1577728     80.87   1007428    518264      1628
16:35:43       178288   1311828    384344     19.70     33172   1213368   1623596     83.22   1008908    519136      2492
16:35:44       177532   1311220    384952     19.73     33172   1213516   1623636     83.22   1009144    519284      2640
16:35:45       177532   1311344    384828     19.73     33172   1213636   1623640     83.23   1008828    519404      2708
16:35:46       177532   1311344    384816     19.73     33172   1213648   1623640     83.23   1008828    519404      2720
16:35:47       177532   1311344    384800     19.72     33172   1213664   1623640     83.23   1008828    519404      2740
16:35:48       177532   1311368    384788     19.72     33172   1213676   1623640     83.23   1009424    519428      2752
16:35:49       177532   1311368    384788     19.72     33172   1213676   1623640     83.23   1009424    519428      2752
16:35:50       177532   1311368    384784     19.72     33172   1213680   1623640     83.23   1009424    519428      2756
16:35:51       177532   1311368    384784     19.72     33172   1213680   1623640     83.23   1009424    519428      2672
16:35:52       177532   1311388    384780     19.72     33172   1213684   1623640     83.23   1009432    519448      2608
16:35:53       177532   1311388    384780     19.72     33172   1213684   1623640     83.23   1009432    519448      2608

Average:       184666   1317198    378986     19.43     33172   1212378   1549120     79.41   1003705    518143      1468
