Linux 7.0.0-1010-aws (ip-172-31-20-134) 	08/11/26 	_x86_64_	(2 CPU)

16:35:29        IFACE   rxpck/s   txpck/s    rxkB/s    txkB/s   rxcmp/s   txcmp/s  rxmcst/s   %ifutil
16:35:30         ens5     51.00     41.00      4.28      4.69      0.00      0.00      0.00      0.00

16:35:30        IFACE   rxpck/s   txpck/s    rxkB/s    txkB/s   rxcmp/s   txcmp/s  rxmcst/s   %ifutil
16:35:31         ens5     52.00     44.00      4.55      4.77      0.00      0.00      0.00      0.00

16:35:31        IFACE   rxpck/s   txpck/s    rxkB/s    txkB/s   rxcmp/s   txcmp/s  rxmcst/s   %ifutil
16:35:32         ens5     35.00     28.00      3.01      3.04      0.00      0.00      0.00      0.00

16:35:32        IFACE   rxpck/s   txpck/s    rxkB/s    txkB/s   rxcmp/s   txcmp/s  rxmcst/s   %ifutil
16:35:33         ens5      0.00      0.00      0.00      0.00      0.00      0.00      0.00      0.00

16:35:33        IFACE   rxpck/s   txpck/s    rxkB/s    txkB/s   rxcmp/s   txcmp/s  rxmcst/s   %ifutil
16:35:34         ens5      0.00      0.00      0.00      0.00      0.00      0.00      0.00      0.00

16:35:34        IFACE   rxpck/s   txpck/s    rxkB/s    txkB/s   rxcmp/s   txcmp/s  rxmcst/s   %ifutil
16:35:35         ens5      0.00      0.00      0.00      0.00      0.00      0.00      0.00      0.00

16:35:35        IFACE   rxpck/s   txpck/s    rxkB/s    txkB/s   rxcmp/s   txcmp/s  rxmcst/s   %ifutil
16:35:36         ens5      1.00      1.00      0.07      0.09      0.00      0.00      0.00      0.00

16:35:36        IFACE   rxpck/s   txpck/s    rxkB/s    txkB/s   rxcmp/s   txcmp/s  rxmcst/s   %ifutil
16:35:37         ens5     51.00     41.00     41.62     25.24      0.00      0.00      0.00      0.00

16:35:37        IFACE   rxpck/s   txpck/s    rxkB/s    txkB/s   rxcmp/s   txcmp/s  rxmcst/s   %ifutil
16:35:38         ens5      0.00      0.00      0.00      0.00      0.00      0.00      0.00      0.00

16:35:38        IFACE   rxpck/s   txpck/s    rxkB/s    txkB/s   rxcmp/s   txcmp/s  rxmcst/s   %ifutil
16:35:39         ens5      0.00      0.00      0.00      0.00      0.00      0.00      0.00      0.00

16:35:39        IFACE   rxpck/s   txpck/s    rxkB/s    txkB/s   rxcmp/s   txcmp/s  rxmcst/s   %ifutil
16:35:40         ens5      0.00      0.00      0.00      0.00      0.00      0.00      0.00      0.00

16:35:40        IFACE   rxpck/s   txpck/s    rxkB/s    txkB/s   rxcmp/s   txcmp/s  rxmcst/s   %ifutil
16:35:41         ens5    250.00    185.00    172.96    110.52      0.00      0.00      0.00      0.00

16:35:41        IFACE   rxpck/s   txpck/s    rxkB/s    txkB/s   rxcmp/s   txcmp/s  rxmcst/s   %ifutil
16:35:42         ens5    839.00    578.00    570.28    345.39      0.00      0.00      0.00      0.00

16:35:42        IFACE   rxpck/s   txpck/s    rxkB/s    txkB/s   rxcmp/s   txcmp/s  rxmcst/s   %ifutil
16:35:43         ens5    745.00    500.00    501.02    298.37      0.00      0.00      0.00      0.00

16:35:43        IFACE   rxpck/s   txpck/s    rxkB/s    txkB/s   rxcmp/s   txcmp/s  rxmcst/s   %ifutil
16:35:44         ens5     89.00     66.00     63.99     39.78      0.00      0.00      0.00      0.00

16:35:44        IFACE   rxpck/s   txpck/s    rxkB/s    txkB/s   rxcmp/s   txcmp/s  rxmcst/s   %ifutil
16:35:45         ens5     10.00      7.00      7.12      4.40      0.00      0.00      0.00      0.00

16:35:45        IFACE   rxpck/s   txpck/s    rxkB/s    txkB/s   rxcmp/s   txcmp/s  rxmcst/s   %ifutil
16:35:46         ens5     10.00      7.00      7.13      4.40      0.00      0.00      0.00      0.00

16:35:46        IFACE   rxpck/s   txpck/s    rxkB/s    txkB/s   rxcmp/s   txcmp/s  rxmcst/s   %ifutil
16:35:47         ens5     10.00      7.00      7.11      4.40      0.00      0.00      0.00      0.00

16:35:47        IFACE   rxpck/s   txpck/s    rxkB/s    txkB/s   rxcmp/s   txcmp/s  rxmcst/s   %ifutil
16:35:48         ens5      0.00      0.00      0.00      0.00      0.00      0.00      0.00      0.00

16:35:48        IFACE   rxpck/s   txpck/s    rxkB/s    txkB/s   rxcmp/s   txcmp/s  rxmcst/s   %ifutil
16:35:49         ens5      0.00      0.00      0.00      0.00      0.00      0.00      0.00      0.00

16:35:49        IFACE   rxpck/s   txpck/s    rxkB/s    txkB/s   rxcmp/s   txcmp/s  rxmcst/s   %ifutil
16:35:50         ens5      0.00      0.00      0.00      0.00      0.00      0.00      0.00      0.00

16:35:50        IFACE   rxpck/s   txpck/s    rxkB/s    txkB/s   rxcmp/s   txcmp/s  rxmcst/s   %ifutil
16:35:51         ens5      0.00      0.00      0.00      0.00      0.00      0.00      0.00      0.00

16:35:51        IFACE   rxpck/s   txpck/s    rxkB/s    txkB/s   rxcmp/s   txcmp/s  rxmcst/s   %ifutil
16:35:52         ens5      1.00      1.00      0.07      0.09      0.00      0.00      0.00      0.00

16:35:52        IFACE   rxpck/s   txpck/s    rxkB/s    txkB/s   rxcmp/s   txcmp/s  rxmcst/s   %ifutil
16:35:53         ens5      0.00      0.00      0.00      0.00      0.00      0.00      0.00      0.00


Average:        IFACE   rxpck/s   txpck/s    rxkB/s    txkB/s   rxcmp/s   txcmp/s  rxmcst/s   %ifutil
Average:         ens5     89.33     62.75     57.63     35.22      0.00      0.00      0.00      0.00
