Linux 7.0.0-1010-aws (ip-172-31-20-134) 	08/11/26 	_x86_64_	(2 CPU)

17:14:19    kbmemfree   kbavail kbmemused  %memused kbbuffers  kbcached  kbcommit   %commit  kbactive   kbinact   kbdirty
17:14:20       126944   1329192    364284     18.67     30800   1282708   1478508     75.79    994764    588216      3960
17:14:21       126944   1329192    364284     18.67     30800   1282708   1478508     75.79    994828    588216      3612
17:14:22       126944   1329192    364280     18.67     30800   1282712   1478508     75.79    994832    588216        28
17:14:23       126944   1329192    364280     18.67     30800   1282712   1478508     75.79    994832    588216        28
17:14:24       126944   1329192    364280     18.67     30800   1282712   1478508     75.79    994832    588216        28
17:14:25       126692   1328940    364504     18.68     30824   1282712   1478508     75.79    994832    588216       144
17:14:26       126692   1328940    364504     18.68     30824   1282712   1478508     75.79    994832    588216       144
17:14:27       125432   1327712    365704     18.75     30824   1282772   1479668     75.85    996164    588248       204
17:14:28       125432   1327712    365704     18.75     30824   1282772   1479668     75.85    996164    588248       204
17:14:29       124676   1327012    366452     18.78     30824   1282780   1479668     75.85    996608    588304       212
17:14:30       124676   1327012    366452     18.78     30824   1282780   1479668     75.85    996608    588304       212
17:14:31       123164   1325512    367908     18.86     30824   1282836   1479892     75.86    998208    588316       268
17:14:32       112640   1316136    377320     19.34     30824   1283936   1699772     87.13   1007416    589456      1368
17:14:33       102332   1307332    386032     19.79     30824   1285484   1865684     95.63   1015580    590932      2916
17:14:34        96992   1302832    390548     20.02     30824   1286280   1867392     95.72   1020388    591756      3712
17:14:35        96992   1302832    390548     20.02     30824   1286280   1867392     95.72   1020388    591756      3712
17:14:36        96992   1302832    390548     20.02     30824   1286280   1867392     95.72   1020388    591756      3712
17:14:37        96992   1302832    390544     20.02     30824   1286284   1867392     95.72   1020388    591756      3716
17:14:38        96992   1302832    390544     20.02     30824   1286284   1867392     95.72   1020388    591756      3716
17:14:39        96992   1302832    390544     20.02     30824   1286284   1867392     95.72   1020388    591756      3716
17:14:40        96992   1302832    390540     20.02     30824   1286288   1867392     95.72   1020388    591756      3720
17:14:41        96992   1302832    390540     20.02     30824   1286288   1867392     95.72   1020388    591756      3720
17:14:42        96992   1302832    390536     20.02     30824   1286292   1867392     95.72   1020388    591756      3724

Average:       113017   1316859    376560     19.30     30819   1284300   1657396     84.96   1006695    589788      2034
