Linux 7.0.0-1010-aws (ip-172-31-20-134) 	08/11/26 	_x86_64_	(2 CPU)

16:58:30    kbmemfree   kbavail kbmemused  %memused kbbuffers  kbcached  kbcommit   %commit  kbactive   kbinact   kbdirty
16:58:31       139212   1322700    371612     19.05     30624   1264824   1473972     75.55    994912    570372       392
16:58:32       139212   1322700    371612     19.05     30624   1264824   1473972     75.55    994912    570372       392
16:58:33       139212   1322700    371612     19.05     30624   1264824   1478324     75.78    995920    570372       392
16:58:34       139212   1322704    371612     19.05     30624   1264824   1478324     75.78    996024    570376       392
16:58:35       139212   1322704    371612     19.05     30624   1264824   1478324     75.78    996024    570376       392
16:58:36       139212   1322704    371612     19.05     30624   1264824   1478324     75.78    996024    570376       392
16:58:37       139212   1322704    371608     19.05     30624   1264828   1478324     75.78    996024    570376       396
16:58:38       139212   1322704    371608     19.05     30624   1264828   1478324     75.78    996024    570376       396
16:58:39       139212   1322704    371608     19.05     30624   1264828   1479564     75.84    997196    570376       396
16:58:40       139212   1322708    371576     19.05     30624   1264860   1479564     75.84    997260    570380       428
16:58:41       139212   1322708    371576     19.05     30624   1264860   1479564     75.84    997260    570380       428
16:58:42       139212   1322708    371572     19.05     30624   1264864   1479564     75.84    997260    570380       432
16:58:43       138960   1322512    371804     19.06     30624   1264884   1526940     78.27   1004316    570436       452
16:58:44       134952   1319180    375112     19.23     30624   1265560   1792096     91.86   1008352    571100      1128
16:58:45       134952   1319704    374596     19.20     30624   1266064   1792964     91.90   1010684    571616      1632
16:58:46       134952   1319876    374372     19.19     30624   1266280   1792964     91.90   1009180    571784      1848
16:58:47       134952   1319876    374332     19.19     30624   1266320   1792964     91.90   1009160    571784      1888
16:58:48       134952   1319960    374332     19.19     30624   1266320   1792964     91.90   1009664    571868      1888
16:58:49       134952   1319960    374332     19.19     30624   1266320   1792964     91.90   1009764    571868      1844
16:58:50       134952   1319960    374332     19.19     30624   1266320   1792964     91.90   1009764    571868      1844
16:58:51       134700   1319708    374572     19.20     30624   1266328   1792964     91.90   1009764    571868      1856
16:58:52       134700   1319708    374572     19.20     30624   1266328   1792964     91.90   1009764    571868      1856
16:58:53       134700   1319708    374572     19.20     30624   1266328   1792964     91.90   1009764    571868      1856
16:58:54       134700   1319708    374572     19.20     30624   1266328   1792964     91.90   1009764    571868      1856

Average:       137207   1321346    372947     19.12     30624   1265475   1624368     83.26   1002699    571013      1032
