Linux 7.0.0-1010-aws (ip-172-31-20-134) 	08/11/26 	_x86_64_	(2 CPU)

16:58:30        IFACE   rxpck/s   txpck/s    rxkB/s    txkB/s   rxcmp/s   txcmp/s  rxmcst/s   %ifutil
16:58:31         ens5     58.00     50.00      4.86      5.47      0.00      0.00      0.00      0.00

16:58:31        IFACE   rxpck/s   txpck/s    rxkB/s    txkB/s   rxcmp/s   txcmp/s  rxmcst/s   %ifutil
16:58:32         ens5      3.00      2.00      0.21      0.19      0.00      0.00      0.00      0.00

16:58:32        IFACE   rxpck/s   txpck/s    rxkB/s    txkB/s   rxcmp/s   txcmp/s  rxmcst/s   %ifutil
16:58:33         ens5      0.00      0.00      0.00      0.00      0.00      0.00      0.00      0.00

16:58:33        IFACE   rxpck/s   txpck/s    rxkB/s    txkB/s   rxcmp/s   txcmp/s  rxmcst/s   %ifutil
16:58:34         ens5      0.00      0.00      0.00      0.00      0.00      0.00      0.00      0.00

16:58:34        IFACE   rxpck/s   txpck/s    rxkB/s    txkB/s   rxcmp/s   txcmp/s  rxmcst/s   %ifutil
16:58:35         ens5      0.00      0.00      0.00      0.00      0.00      0.00      0.00      0.00

16:58:35        IFACE   rxpck/s   txpck/s    rxkB/s    txkB/s   rxcmp/s   txcmp/s  rxmcst/s   %ifutil
16:58:36         ens5      0.00      0.00      0.00      0.00      0.00      0.00      0.00      0.00

16:58:36        IFACE   rxpck/s   txpck/s    rxkB/s    txkB/s   rxcmp/s   txcmp/s  rxmcst/s   %ifutil
16:58:37         ens5      0.00      0.00      0.00      0.00      0.00      0.00      0.00      0.00

16:58:37        IFACE   rxpck/s   txpck/s    rxkB/s    txkB/s   rxcmp/s   txcmp/s  rxmcst/s   %ifutil
16:58:38         ens5      0.00      0.00      0.00      0.00      0.00      0.00      0.00      0.00

16:58:38        IFACE   rxpck/s   txpck/s    rxkB/s    txkB/s   rxcmp/s   txcmp/s  rxmcst/s   %ifutil
16:58:39         ens5     38.00     37.00     29.49      2.80      0.00      0.00      0.00      0.00

16:58:39        IFACE   rxpck/s   txpck/s    rxkB/s    txkB/s   rxcmp/s   txcmp/s  rxmcst/s   %ifutil
16:58:40         ens5      0.00      0.00      0.00      0.00      0.00      0.00      0.00      0.00

16:58:40        IFACE   rxpck/s   txpck/s    rxkB/s    txkB/s   rxcmp/s   txcmp/s  rxmcst/s   %ifutil
16:58:41         ens5      0.00      0.00      0.00      0.00      0.00      0.00      0.00      0.00

16:58:41        IFACE   rxpck/s   txpck/s    rxkB/s    txkB/s   rxcmp/s   txcmp/s  rxmcst/s   %ifutil
16:58:42         ens5      0.00      0.00      0.00      0.00      0.00      0.00      0.00      0.00

16:58:42        IFACE   rxpck/s   txpck/s    rxkB/s    txkB/s   rxcmp/s   txcmp/s  rxmcst/s   %ifutil
16:58:43         ens5    231.00    233.00    126.18     21.08      0.00      0.00      0.00      0.00

16:58:43        IFACE   rxpck/s   txpck/s    rxkB/s    txkB/s   rxcmp/s   txcmp/s  rxmcst/s   %ifutil
16:58:44         ens5    931.00    939.00    528.95     83.67      0.00      0.00      0.00      0.00

16:58:44        IFACE   rxpck/s   txpck/s    rxkB/s    txkB/s   rxcmp/s   txcmp/s  rxmcst/s   %ifutil
16:58:45         ens5    608.00    615.00    351.56     55.02      0.00      0.00      0.00      0.00

16:58:45        IFACE   rxpck/s   txpck/s    rxkB/s    txkB/s   rxcmp/s   txcmp/s  rxmcst/s   %ifutil
16:58:46         ens5     50.00     50.00     28.44      4.48      0.00      0.00      0.00      0.00

16:58:46        IFACE   rxpck/s   txpck/s    rxkB/s    txkB/s   rxcmp/s   txcmp/s  rxmcst/s   %ifutil
16:58:47         ens5      0.00      0.00      0.00      0.00      0.00      0.00      0.00      0.00

16:58:47        IFACE   rxpck/s   txpck/s    rxkB/s    txkB/s   rxcmp/s   txcmp/s  rxmcst/s   %ifutil
16:58:48         ens5      1.00      1.00      0.07      0.09      0.00      0.00      0.00      0.00

16:58:48        IFACE   rxpck/s   txpck/s    rxkB/s    txkB/s   rxcmp/s   txcmp/s  rxmcst/s   %ifutil
16:58:49         ens5      0.00      0.00      0.00      0.00      0.00      0.00      0.00      0.00

16:58:49        IFACE   rxpck/s   txpck/s    rxkB/s    txkB/s   rxcmp/s   txcmp/s  rxmcst/s   %ifutil
16:58:50         ens5      0.00      0.00      0.00      0.00      0.00      0.00      0.00      0.00

16:58:50        IFACE   rxpck/s   txpck/s    rxkB/s    txkB/s   rxcmp/s   txcmp/s  rxmcst/s   %ifutil
16:58:51         ens5      0.00      0.00      0.00      0.00      0.00      0.00      0.00      0.00

16:58:51        IFACE   rxpck/s   txpck/s    rxkB/s    txkB/s   rxcmp/s   txcmp/s  rxmcst/s   %ifutil
16:58:52         ens5      0.00      0.00      0.00      0.00      0.00      0.00      0.00      0.00

16:58:52        IFACE   rxpck/s   txpck/s    rxkB/s    txkB/s   rxcmp/s   txcmp/s  rxmcst/s   %ifutil
16:58:53         ens5      0.00      0.00      0.00      0.00      0.00      0.00      0.00      0.00

16:58:53        IFACE   rxpck/s   txpck/s    rxkB/s    txkB/s   rxcmp/s   txcmp/s  rxmcst/s   %ifutil
16:58:54         ens5      0.00      0.00      0.00      0.00      0.00      0.00      0.00      0.00


Average:        IFACE   rxpck/s   txpck/s    rxkB/s    txkB/s   rxcmp/s   txcmp/s  rxmcst/s   %ifutil
Average:         ens5     80.00     80.29     44.57      7.20      0.00      0.00      0.00      0.00
