Linux 7.0.0-1010-aws (ip-172-31-31-224) 	08/11/26 	_x86_64_	(2 CPU)

07:21:06        CPU     %user     %nice   %system   %iowait    %steal     %idle
07:21:07        all     51.27      0.00      4.57      0.00      1.02     43.15
07:21:08        all     49.50      0.00      3.00      0.00      1.50     46.00
07:21:09        all     48.24      0.00      4.52      0.00      1.51     45.73
07:21:10        all     46.77      0.00      4.48      0.00      2.49     46.27
07:21:11        all     46.97      0.00      3.03      0.00      3.03     46.97
07:21:12        all     49.75      0.00      3.02      0.00      1.01     46.23
07:21:13        all     48.76      0.00      4.48      0.00      1.49     45.27
07:21:14        all     50.00      0.00      4.95      0.50      3.47     41.09
07:21:15        all     21.50      0.00      2.50      0.00      0.50     75.50
07:21:16        all      0.00      0.00      0.00      0.00      0.00    100.00
07:21:17        all      1.00      0.00      0.00      0.50      0.50     98.00
07:21:18        all      0.00      0.00      0.00      0.00      0.00    100.00
07:21:19        all      0.00      0.00      0.50      0.00      0.50     99.00
07:21:20        all      0.99      0.00      0.50      0.00      0.50     98.02
07:21:21        all      0.00      0.00      0.00      0.00      0.51     99.49
07:21:22        all      3.06      0.00      2.04      0.00      0.51     94.39
07:21:23        all      5.56      0.00      3.03      0.00      1.52     89.90
07:21:24        all      0.99      0.00      0.99      0.00      0.99     97.03
07:21:25        all      0.00      0.00      0.00      0.00      0.00    100.00
07:21:26        all      0.50      0.00      0.50      0.00      0.50     98.51
07:21:27        all      0.00      0.00      0.00      0.00      0.00    100.00
07:21:28        all      0.50      0.00      0.50      0.00      0.00     99.01
07:21:29        all      5.08      0.00      1.02      0.00      0.00     93.91

Average:        all     18.74      0.00      1.90      0.04      0.94     78.38
