Linux 7.0.0-1010-aws (ip-172-31-31-224) 	08/11/26 	_x86_64_	(2 CPU)

07:21:06    kbmemfree   kbavail kbmemused  %memused kbbuffers  kbcached  kbcommit   %commit  kbactive   kbinact   kbdirty
07:21:07       755400   1280924    449932     23.06     15848    651628   1606376     82.34    377716    639368       652
07:21:08       683328   1208852    522004     26.76     15848    651628   1677760     86.00    448780    639368       652
07:21:09       610752   1136276    594580     30.48     15848    651628   1752200     89.82    523008    639368       652
07:21:10       522300   1047828    683028     35.01     15848    651632   1840024     94.32    613372    639372       656
07:21:11       449976    975504    755352     38.72     15848    651632   1907084     97.75    679256    639372       656
07:21:12       385464    910992    819864     42.02     15848    651632   1977748    101.38    748820    639372       656
07:21:13       280884    806412    924444     47.39     15848    651632   2074440    106.33    845340    639372       656
07:21:14       225192    750728    980128     50.24     15848    651640   2140752    109.73    913192    639380       664
07:21:15       152616    678152   1052700     53.96     15848    651644   2211800    113.37    984520    639380       668
07:21:16       152616    678152   1052700     53.96     15848    651644   2211800    113.37    984520    639380       668
07:21:17       152616    678156   1052676     53.96     15872    651644   2211800    113.37    984632    639384       684
07:21:18       152616    678180   1052676     53.96     15872    651644   2211800    113.37    984632    639408       540
07:21:19       152616    678180   1052676     53.96     15872    651644   2211800    113.37    984632    639408       540
07:21:20       152616    678180   1052672     53.96     15872    651648   2211800    113.37    984632    639408       544
07:21:21       152616    678184   1052672     53.96     15872    651648   2211800    113.37    984640    639412        36
07:21:22       152616    678184   1052672     53.96     15872    651648   2215896    113.58    985632    639412        36
07:21:23       152856    678424   1052432     53.95     15872    651648   2215896    113.58    985632    639412        36
07:21:24       152872    678440   1052416     53.95     15872    651648   2215896    113.58    985632    639412        36
07:21:25       152872    678440   1052416     53.95     15872    651648   2215896    113.58    985632    639412        36
07:21:26       152872    678440   1052408     53.94     15872    651656   2215896    113.58    985632    639412        44
07:21:27       152872    678440   1052408     53.94     15872    651656   2215896    113.58    985632    639412        44
07:21:28       152872    678440   1052408     53.94     15872    651656   2215896    113.58    985632    639412        44
07:21:29       152872    678440   1052408     53.94     15872    651656   2215896    113.58    985632    639412        44


Average:       269753    795302    935551     47.95     15862    651643   2095050    107.39    866380    639393       402
