Linux 7.0.0-1010-aws (ip-172-31-20-134) 	08/11/26 	_x86_64_	(2 CPU)

16:45:41    kbmemfree   kbavail kbmemused  %memused kbbuffers  kbcached  kbcommit   %commit  kbactive   kbinact   kbdirty
16:45:42       155976   1327812    367732     18.85     33840   1250416   1478436     75.78    997408    556216       288
16:45:43       154212   1326048    369488     18.94     33840   1250424   1478436     75.78    997240    556216       296
16:45:44       154212   1326048    369488     18.94     33840   1250424   1478436     75.78    997268    556216       296
16:45:45       154212   1326048    369488     18.94     33840   1250424   1478436     75.78    997268    556216       296
16:45:46       154212   1326060    369484     18.94     33840   1250428   1478436     75.78    997380    556228       300
16:45:47       154212   1326060    369484     18.94     33840   1250428   1478436     75.78    997380    556228       300
16:45:48       154212   1326060    369484     18.94     33840   1250428   1478436     75.78    998248    556228       300
16:45:49       152700   1324548    370996     19.02     33840   1250428   1479676     75.85   1000604    556228       300
16:45:50       152700   1324548    370928     19.01     33840   1250480   1479676     75.85   1000604    556228       352
16:45:51       152700   1324548    370924     19.01     33840   1250484   1479676     75.85   1000604    556228       356
16:45:52       152700   1324548    370924     19.01     33840   1250484   1479676     75.85   1000604    556228       356
16:45:53       151692   1323596    371932     19.06     33840   1250484   1488224     76.28   1001540    556284       356
16:45:54       141384   1313840    381668     19.56     33864   1251020   1634648     83.79   1009976    556828      1016
16:45:55       137604   1310716    384784     19.72     33864   1251668   1648220     84.49   1010608    557476      1664
16:45:56       137604   1310868    384608     19.71     33864   1251840   1648220     84.49   1010044    557624      1836
16:45:57       137604   1310984    384440     19.71     33864   1252000   1648220     84.49   1010056    557736      1996
16:45:58       137604   1311080    384416     19.70     33864   1252008   1648220     84.49   1009972    557824      2004
16:45:59       137604   1311080    384416     19.70     33864   1252008   1648220     84.49   1009972    557824      2004
16:46:00       137604   1311080    384416     19.70     33864   1252008   1648220     84.49   1009972    557824      2004
16:46:01       137604   1311080    384412     19.70     33864   1252012   1648220     84.49   1009972    557824      2008
16:46:02       137604   1311080    384408     19.70     33864   1252016   1648220     84.49   1009972    557824      2012
16:46:03       137604   1311084    384408     19.70     33864   1252016   1648220     84.49   1010588    557828      2012
16:46:04       137604   1311084    384408     19.70     33864   1252016   1648220     84.49   1010588    557828      2012
16:46:05       137604   1311084    384408     19.70     33864   1252016   1648220     84.49   1010588    557828      2012
16:46:06       137604   1311084    384404     19.70     33864   1252020   1648220     84.49   1010588    557828      2016


Average:       145455   1318083    377422     19.35     33852   1251199   1566771     80.31   1004762    556994      1136
