Linux 7.0.0-1008-aws (ip-172-31-20-134) 	08/07/26 	_x86_64_	(2 CPU)

18:01:17        CPU     %user     %nice   %system   %iowait    %steal     %idle
18:01:18        all      2.51      0.00      1.01      0.00      0.00     96.48
18:01:19        all      0.50      0.00      0.00      0.00      0.00     99.50
18:01:20        all      0.00      0.00      0.00      0.00      0.00    100.00
18:01:21        all      0.50      0.00      0.50      0.00      0.00     99.00
18:01:22        all      0.50      0.00      0.00      0.00      0.00     99.50
18:01:23        all      0.00      0.00      0.50      0.00      0.00     99.50
18:01:24        all      0.00      0.00      0.50      0.00      0.00     99.50
18:01:25        all      0.00      0.00      0.00      0.00      0.00    100.00
18:01:26        all      0.50      0.00      0.00      0.00      0.00     99.50
18:01:27        all      0.50      0.00      0.00      0.00      0.00     99.50
18:01:28        all      5.05      0.00      1.52      0.00      0.00     93.43
18:01:29        all      0.00      0.00      0.50      0.00      0.00     99.50
18:01:30        all      0.51      0.00      0.51      0.00      0.00     98.98
18:01:31        all      2.02      0.00      0.51      0.00      0.00     97.47
18:01:32        all      1.52      0.00      0.51      0.51      0.51     96.97
18:01:33        all      1.52      0.00      0.51      0.00      0.00     97.97
18:01:34        all      2.49      0.00      1.00      0.00      0.00     96.52
18:01:35        all      1.02      0.00      0.51      0.00      0.00     98.48
18:01:36        all      2.02      0.00      0.51      0.00      0.00     97.47
18:01:37        all      1.02      0.00      0.00      0.00      0.00     98.98
18:01:38        all      1.52      0.00      1.01      0.00      0.00     97.47
18:01:39        all      1.50      0.00      1.00      0.00      0.00     97.50
18:01:40        all      1.51      0.00      1.01      0.00      0.00     97.49
18:01:41        all      1.53      0.00      0.00      0.00      0.00     98.47
18:01:42        all      1.02      0.00      1.02      0.00      0.00     97.97
18:01:43        all      6.03      0.00      2.01      0.00      0.00     91.96
18:01:44        all      1.02      0.00      0.51      0.00      0.00     98.48
18:01:45        all      1.52      0.00      0.51      0.00      0.00     97.98
18:01:46        all      1.02      0.00      0.51      0.00      0.00     98.48
18:01:47        all      1.52      0.00      0.00      0.00      0.00     98.48
18:01:48        all      1.52      0.00      1.01      0.51      0.00     96.97
18:01:49        all      1.02      0.00      0.00      0.00      0.00     98.98
18:01:50        all      1.00      0.00      2.00      0.00      0.00     97.00
18:01:51        all      2.02      0.00      0.51      0.00      0.00     97.47
18:01:52        all      1.51      0.00      0.50      0.00      0.50     97.49
18:01:53        all      1.52      0.00      0.00      0.00      0.51     97.97
18:01:54        all      1.98      0.00      1.49      0.00      0.00     96.53
18:01:55        all      1.02      0.00      0.51      0.00      0.00     98.48
18:01:56        all      1.02      0.00      1.02      0.00      0.00     97.97
18:01:57        all      1.01      0.00      0.51      0.00      0.00     98.48
18:01:58        all      7.04      0.00      2.51      0.00      0.00     90.45
18:01:59        all      1.51      0.00      0.50      0.00      0.00     97.99
18:02:00        all      1.52      0.00      0.51      0.00      0.00     97.98
18:02:01        all      1.52      0.00      1.01      0.00      0.00     97.47
18:02:02        all      2.03      0.00      0.00      0.51      0.00     97.46
18:02:03        all      1.52      0.00      0.51      0.00      0.00     97.98
18:02:04        all      1.52      0.00      1.01      0.00      0.00     97.47
18:02:05        all      1.51      0.00      0.50      0.00      0.00     97.99
18:02:06        all      1.53      0.00      0.51      0.00      0.00     97.96
18:02:07        all      1.51      0.00      0.50      0.00      0.00     97.99
18:02:08        all      0.50      0.00      1.51      0.00      0.50     97.49
18:02:09        all      1.02      0.00      0.00      0.00      0.00     98.98
18:02:10        all      2.00      0.00      0.50      0.00      0.50     97.00
18:02:11        all      2.02      0.00      1.01      0.00      0.00     96.97
18:02:12        all      1.01      0.00      1.01      0.00      0.00     97.99
18:02:13        all      6.63      0.00      1.02      0.00      0.00     92.35
18:02:14        all      1.50      0.00      1.50      0.00      0.00     97.00
18:02:15        all      1.51      0.00      1.01      0.00      0.00     97.49
18:02:16        all      1.53      0.00      0.00      0.00      0.00     98.47
18:02:17        all      1.01      0.00      1.51      0.00      0.00     97.49
18:02:18        all      2.01      0.00      0.50      0.00      0.00     97.49
18:02:19        all      1.52      0.00      0.00      0.00      0.00     98.48
18:02:20        all      1.01      0.00      1.01      0.00      0.00     97.98
18:02:21        all      1.52      0.00      0.51      0.51      0.00     97.46
18:02:22        all      2.00      0.00      1.00      0.00      0.00     97.00
18:02:23        all      1.02      0.00      0.00      0.00      0.00     98.98
18:02:24        all      1.50      0.00      1.50      0.00      0.00     97.00
18:02:25        all      1.52      0.00      0.00      0.00      0.00     98.48
18:02:26        all      2.00      0.00      1.00      0.00      0.00     97.00
18:02:27        all      1.52      0.00      0.51      0.00      0.00     97.98
18:02:28        all      5.64      0.00      1.54      0.00      0.00     92.82
18:02:29        all      1.52      0.00      0.51      0.00      0.00     97.98
18:02:30        all      1.02      0.00      0.00      0.00      1.02     97.97
18:02:31        all      2.02      0.00      1.01      0.00      0.00     96.97
18:02:32        all      2.00      0.00      1.00      0.50      0.00     96.50
18:02:33        all      2.01      0.00      0.50      0.00      0.00     97.49
18:02:34        all      1.02      0.00      0.51      0.00      0.00     98.48
18:02:35        all      1.02      0.00      0.00      0.00      0.00     98.98
18:02:36        all      3.03      0.00      1.01      0.00      0.00     95.96
18:02:37        all      1.50      0.00      1.00      0.00      0.00     97.50
18:02:38        all      0.51      0.00      0.51      0.00      0.00     98.98
18:02:39        all      1.52      0.00      0.51      0.00      0.00     97.98
18:02:40        all      1.02      0.00      0.51      0.00      0.00     98.48
18:02:41        all      1.52      0.00      1.01      0.00      0.00     97.47
18:02:42        all      1.02      0.00      0.00      0.00      0.00     98.98
18:02:43        all      6.53      0.00      2.51      0.00      0.00     90.95
18:02:44        all      1.51      0.00      0.50      0.00      0.50     97.49
18:02:45        all      1.99      0.00      1.00      0.00      0.00     97.01
18:02:46        all      1.03      0.00      0.00      0.00      0.00     98.97
18:02:47        all      1.52      0.00      0.51      0.00      0.00     97.98
18:02:48        all      1.01      0.00      1.01      0.00      0.00     97.98
18:02:49        all      1.02      0.00      0.00      0.00      0.00     98.98
18:02:50        all      1.52      0.00      0.51      0.00      0.00     97.97
18:02:51        all      1.52      0.00      0.51      0.00      0.00     97.97
18:02:52        all      1.52      0.00      0.51      0.00      0.00     97.98
18:02:53        all      1.01      0.00      1.01      0.00      0.50     97.49
18:02:54        all      1.01      0.00      1.01      0.00      0.00     97.98
18:02:55        all      1.51      0.00      1.01      0.00      0.00     97.49
18:02:56        all      1.52      0.00      0.51      0.00      0.00     97.98
18:02:57        all      1.02      0.00      0.51      0.00      0.00     98.48
18:02:58        all      4.57      0.00      1.52      0.00      0.00     93.91
18:02:59        all      0.00      0.00      0.00      0.00      0.00    100.00
18:03:00        all      0.50      0.00      0.00      0.00      1.00     98.50

Average:        all      1.61      0.00      0.67      0.02      0.05     97.64
