Linux 7.0.0-1008-aws (ip-172-31-20-134) 	08/07/26 	_x86_64_	(2 CPU)

18:01:17        IFACE   rxpck/s   txpck/s    rxkB/s    txkB/s   rxcmp/s   txcmp/s  rxmcst/s   %ifutil
18:01:18         ens5     42.00     30.00      3.86      3.95      0.00      0.00      0.00      0.00

18:01:18        IFACE   rxpck/s   txpck/s    rxkB/s    txkB/s   rxcmp/s   txcmp/s  rxmcst/s   %ifutil
18:01:19         ens5     39.00     26.00      3.70      3.40      0.00      0.00      0.00      0.00

18:01:19        IFACE   rxpck/s   txpck/s    rxkB/s    txkB/s   rxcmp/s   txcmp/s  rxmcst/s   %ifutil
18:01:20         ens5      1.00      0.00      0.05      0.00      0.00      0.00      0.00      0.00

18:01:20        IFACE   rxpck/s   txpck/s    rxkB/s    txkB/s   rxcmp/s   txcmp/s  rxmcst/s   %ifutil
18:01:21         ens5      0.00      0.00      0.00      0.00      0.00      0.00      0.00      0.00

18:01:21        IFACE   rxpck/s   txpck/s    rxkB/s    txkB/s   rxcmp/s   txcmp/s  rxmcst/s   %ifutil
18:01:22         ens5      0.00      0.00      0.00      0.00      0.00      0.00      0.00      0.00

18:01:22        IFACE   rxpck/s   txpck/s    rxkB/s    txkB/s   rxcmp/s   txcmp/s  rxmcst/s   %ifutil
18:01:23         ens5      0.00      0.00      0.00      0.00      0.00      0.00      0.00      0.00

18:01:23        IFACE   rxpck/s   txpck/s    rxkB/s    txkB/s   rxcmp/s   txcmp/s  rxmcst/s   %ifutil
18:01:24         ens5      0.00      0.00      0.00      0.00      0.00      0.00      0.00      0.00

18:01:24        IFACE   rxpck/s   txpck/s    rxkB/s    txkB/s   rxcmp/s   txcmp/s  rxmcst/s   %ifutil
18:01:25         ens5      0.00      0.00      0.00      0.00      0.00      0.00      0.00      0.00

18:01:25        IFACE   rxpck/s   txpck/s    rxkB/s    txkB/s   rxcmp/s   txcmp/s  rxmcst/s   %ifutil
18:01:26         ens5      0.00      0.00      0.00      0.00      0.00      0.00      0.00      0.00

18:01:26        IFACE   rxpck/s   txpck/s    rxkB/s    txkB/s   rxcmp/s   txcmp/s  rxmcst/s   %ifutil
18:01:27         ens5      0.00      0.00      0.00      0.00      0.00      0.00      0.00      0.00

18:01:27        IFACE   rxpck/s   txpck/s    rxkB/s    txkB/s   rxcmp/s   txcmp/s  rxmcst/s   %ifutil
18:01:28         ens5      0.00      0.00      0.00      0.00      0.00      0.00      0.00      0.00

18:01:28        IFACE   rxpck/s   txpck/s    rxkB/s    txkB/s   rxcmp/s   txcmp/s  rxmcst/s   %ifutil
18:01:29         ens5      0.00      0.00      0.00      0.00      0.00      0.00      0.00      0.00

18:01:29        IFACE   rxpck/s   txpck/s    rxkB/s    txkB/s   rxcmp/s   txcmp/s  rxmcst/s   %ifutil
18:01:30         ens5    107.00    111.00     21.63     23.82      0.00      0.00      0.00      0.00

18:01:30        IFACE   rxpck/s   txpck/s    rxkB/s    txkB/s   rxcmp/s   txcmp/s  rxmcst/s   %ifutil
18:01:31         ens5    207.00    208.00     36.10     45.95      0.00      0.00      0.00      0.00

18:01:31        IFACE   rxpck/s   txpck/s    rxkB/s    txkB/s   rxcmp/s   txcmp/s  rxmcst/s   %ifutil
18:01:32         ens5    208.00    209.00     37.31     43.96      0.00      0.00      0.00      0.00

18:01:32        IFACE   rxpck/s   txpck/s    rxkB/s    txkB/s   rxcmp/s   txcmp/s  rxmcst/s   %ifutil
18:01:33         ens5    205.00    202.00     35.97     43.97      0.00      0.00      0.00      0.00

18:01:33        IFACE   rxpck/s   txpck/s    rxkB/s    txkB/s   rxcmp/s   txcmp/s  rxmcst/s   %ifutil
18:01:34         ens5    204.00    207.00     37.06     45.43      0.00      0.00      0.00      0.00

18:01:34        IFACE   rxpck/s   txpck/s    rxkB/s    txkB/s   rxcmp/s   txcmp/s  rxmcst/s   %ifutil
18:01:35         ens5    207.00    205.00     35.57     43.35      0.00      0.00      0.00      0.00

18:01:35        IFACE   rxpck/s   txpck/s    rxkB/s    txkB/s   rxcmp/s   txcmp/s  rxmcst/s   %ifutil
18:01:36         ens5    204.00    205.00     35.94     45.77      0.00      0.00      0.00      0.00

18:01:36        IFACE   rxpck/s   txpck/s    rxkB/s    txkB/s   rxcmp/s   txcmp/s  rxmcst/s   %ifutil
18:01:37         ens5    210.00    209.00     37.40     43.96      0.00      0.00      0.00      0.00

18:01:37        IFACE   rxpck/s   txpck/s    rxkB/s    txkB/s   rxcmp/s   txcmp/s  rxmcst/s   %ifutil
18:01:38         ens5    204.00    205.00     35.94     45.77      0.00      0.00      0.00      0.00

18:01:38        IFACE   rxpck/s   txpck/s    rxkB/s    txkB/s   rxcmp/s   txcmp/s  rxmcst/s   %ifutil
18:01:39         ens5    203.00    204.00     37.01     43.65      0.00      0.00      0.00      0.00

18:01:39        IFACE   rxpck/s   txpck/s    rxkB/s    txkB/s   rxcmp/s   txcmp/s  rxmcst/s   %ifutil
18:01:40         ens5    210.00    207.00     36.30     44.33      0.00      0.00      0.00      0.00

18:01:40        IFACE   rxpck/s   txpck/s    rxkB/s    txkB/s   rxcmp/s   txcmp/s  rxmcst/s   %ifutil
18:01:41         ens5    198.00    198.00     35.09     42.95      0.00      0.00      0.00      0.00

18:01:41        IFACE   rxpck/s   txpck/s    rxkB/s    txkB/s   rxcmp/s   txcmp/s  rxmcst/s   %ifutil
18:01:42         ens5    204.00    207.00     37.08     45.46      0.00      0.00      0.00      0.00

18:01:42        IFACE   rxpck/s   txpck/s    rxkB/s    txkB/s   rxcmp/s   txcmp/s  rxmcst/s   %ifutil
18:01:43         ens5    211.00    208.00     36.35     44.40      0.00      0.00      0.00      0.00

18:01:43        IFACE   rxpck/s   txpck/s    rxkB/s    txkB/s   rxcmp/s   txcmp/s  rxmcst/s   %ifutil
18:01:44         ens5    208.00    211.00     37.33     45.72      0.00      0.00      0.00      0.00

18:01:44        IFACE   rxpck/s   txpck/s    rxkB/s    txkB/s   rxcmp/s   txcmp/s  rxmcst/s   %ifutil
18:01:45         ens5    207.00    206.00     36.11     45.88      0.00      0.00      0.00      0.00

18:01:45        IFACE   rxpck/s   txpck/s    rxkB/s    txkB/s   rxcmp/s   txcmp/s  rxmcst/s   %ifutil
18:01:46         ens5    212.00    211.00     37.85     44.92      0.00      0.00      0.00      0.00

18:01:46        IFACE   rxpck/s   txpck/s    rxkB/s    txkB/s   rxcmp/s   txcmp/s  rxmcst/s   %ifutil
18:01:47         ens5    206.00    207.00     37.21     45.33      0.00      0.00      0.00      0.00

18:01:47        IFACE   rxpck/s   txpck/s    rxkB/s    txkB/s   rxcmp/s   txcmp/s  rxmcst/s   %ifutil
18:01:48         ens5    208.00    207.00     35.86     43.70      0.00      0.00      0.00      0.00

18:01:48        IFACE   rxpck/s   txpck/s    rxkB/s    txkB/s   rxcmp/s   txcmp/s  rxmcst/s   %ifutil
18:01:49         ens5    204.00    205.00     35.96     45.80      0.00      0.00      0.00      0.00

18:01:49        IFACE   rxpck/s   txpck/s    rxkB/s    txkB/s   rxcmp/s   txcmp/s  rxmcst/s   %ifutil
18:01:50         ens5    208.00    209.00     37.30     43.96      0.00      0.00      0.00      0.00

18:01:50        IFACE   rxpck/s   txpck/s    rxkB/s    txkB/s   rxcmp/s   txcmp/s  rxmcst/s   %ifutil
18:01:51         ens5    203.00    201.00     35.68     43.94      0.00      0.00      0.00      0.00

18:01:51        IFACE   rxpck/s   txpck/s    rxkB/s    txkB/s   rxcmp/s   txcmp/s  rxmcst/s   %ifutil
18:01:52         ens5    207.00    209.00     37.45     45.60      0.00      0.00      0.00      0.00

18:01:52        IFACE   rxpck/s   txpck/s    rxkB/s    txkB/s   rxcmp/s   txcmp/s  rxmcst/s   %ifutil
18:01:53         ens5    207.00    205.00     35.93     44.20      0.00      0.00      0.00      0.00

18:01:53        IFACE   rxpck/s   txpck/s    rxkB/s    txkB/s   rxcmp/s   txcmp/s  rxmcst/s   %ifutil
18:01:54         ens5    205.00    206.00     37.13     45.24      0.00      0.00      0.00      0.00

18:01:54        IFACE   rxpck/s   txpck/s    rxkB/s    txkB/s   rxcmp/s   txcmp/s  rxmcst/s   %ifutil
18:01:55         ens5    207.00    206.00     35.81     43.64      0.00      0.00      0.00      0.00

18:01:55        IFACE   rxpck/s   txpck/s    rxkB/s    txkB/s   rxcmp/s   txcmp/s  rxmcst/s   %ifutil
18:01:56         ens5    203.00    202.00     35.90     44.00      0.00      0.00      0.00      0.00

18:01:56        IFACE   rxpck/s   txpck/s    rxkB/s    txkB/s   rxcmp/s   txcmp/s  rxmcst/s   %ifutil
18:01:57         ens5    206.00    209.00     37.18     45.59      0.00      0.00      0.00      0.00

18:01:57        IFACE   rxpck/s   txpck/s    rxkB/s    txkB/s   rxcmp/s   txcmp/s  rxmcst/s   %ifutil
18:01:58         ens5    205.00    204.00     35.49     43.34      0.00      0.00      0.00      0.00

18:01:58        IFACE   rxpck/s   txpck/s    rxkB/s    txkB/s   rxcmp/s   txcmp/s  rxmcst/s   %ifutil
18:01:59         ens5    204.00    205.00     35.96     45.80      0.00      0.00      0.00      0.00

18:01:59        IFACE   rxpck/s   txpck/s    rxkB/s    txkB/s   rxcmp/s   txcmp/s  rxmcst/s   %ifutil
18:02:00         ens5    198.00    199.00     35.09     43.01      0.00      0.00      0.00      0.00

18:02:00        IFACE   rxpck/s   txpck/s    rxkB/s    txkB/s   rxcmp/s   txcmp/s  rxmcst/s   %ifutil
18:02:01         ens5    191.00    190.00     34.17     40.02      0.00      0.00      0.00      0.00

18:02:01        IFACE   rxpck/s   txpck/s    rxkB/s    txkB/s   rxcmp/s   txcmp/s  rxmcst/s   %ifutil
18:02:02         ens5    205.00    206.00     36.02     45.88      0.00      0.00      0.00      0.00

18:02:02        IFACE   rxpck/s   txpck/s    rxkB/s    txkB/s   rxcmp/s   txcmp/s  rxmcst/s   %ifutil
18:02:03         ens5    211.00    210.00     37.49     44.08      0.00      0.00      0.00      0.00

18:02:03        IFACE   rxpck/s   txpck/s    rxkB/s    txkB/s   rxcmp/s   txcmp/s  rxmcst/s   %ifutil
18:02:04         ens5    204.00    206.00     35.96     45.87      0.00      0.00      0.00      0.00

18:02:04        IFACE   rxpck/s   txpck/s    rxkB/s    txkB/s   rxcmp/s   txcmp/s  rxmcst/s   %ifutil
18:02:05         ens5    208.00    209.00     37.32     43.99      0.00      0.00      0.00      0.00

18:02:05        IFACE   rxpck/s   txpck/s    rxkB/s    txkB/s   rxcmp/s   txcmp/s  rxmcst/s   %ifutil
18:02:06         ens5    207.00    206.00     36.11     45.88      0.00      0.00      0.00      0.00

18:02:06        IFACE   rxpck/s   txpck/s    rxkB/s    txkB/s   rxcmp/s   txcmp/s  rxmcst/s   %ifutil
18:02:07         ens5    212.00    210.00     37.85     44.06      0.00      0.00      0.00      0.00

18:02:07        IFACE   rxpck/s   txpck/s    rxkB/s    txkB/s   rxcmp/s   txcmp/s  rxmcst/s   %ifutil
18:02:08         ens5    202.00    204.00     35.53     45.74      0.00      0.00      0.00      0.00

18:02:08        IFACE   rxpck/s   txpck/s    rxkB/s    txkB/s   rxcmp/s   txcmp/s  rxmcst/s   %ifutil
18:02:09         ens5    207.00    208.00     37.27     43.92      0.00      0.00      0.00      0.00

18:02:09        IFACE   rxpck/s   txpck/s    rxkB/s    txkB/s   rxcmp/s   txcmp/s  rxmcst/s   %ifutil
18:02:10         ens5    206.00    203.00     36.05     44.08      0.00      0.00      0.00      0.00

18:02:10        IFACE   rxpck/s   txpck/s    rxkB/s    txkB/s   rxcmp/s   txcmp/s  rxmcst/s   %ifutil
18:02:11         ens5    203.00    205.00     37.32     45.44      0.00      0.00      0.00      0.00

18:02:11        IFACE   rxpck/s   txpck/s    rxkB/s    txkB/s   rxcmp/s   txcmp/s  rxmcst/s   %ifutil
18:02:12         ens5    209.00    208.00     36.25     44.56      0.00      0.00      0.00      0.00

18:02:12        IFACE   rxpck/s   txpck/s    rxkB/s    txkB/s   rxcmp/s   txcmp/s  rxmcst/s   %ifutil
18:02:13         ens5    205.00    207.00     37.13     45.31      0.00      0.00      0.00      0.00

18:02:13        IFACE   rxpck/s   txpck/s    rxkB/s    txkB/s   rxcmp/s   txcmp/s  rxmcst/s   %ifutil
18:02:14         ens5    207.00    206.00     35.81     43.64      0.00      0.00      0.00      0.00

18:02:14        IFACE   rxpck/s   txpck/s    rxkB/s    txkB/s   rxcmp/s   txcmp/s  rxmcst/s   %ifutil
18:02:15         ens5    207.00    208.00     37.57     46.16      0.00      0.00      0.00      0.00

18:02:15        IFACE   rxpck/s   txpck/s    rxkB/s    txkB/s   rxcmp/s   txcmp/s  rxmcst/s   %ifutil
18:02:16         ens5    209.00    208.00     36.25     44.56      0.00      0.00      0.00      0.00

18:02:16        IFACE   rxpck/s   txpck/s    rxkB/s    txkB/s   rxcmp/s   txcmp/s  rxmcst/s   %ifutil
18:02:17         ens5    205.00    206.00     37.13     45.24      0.00      0.00      0.00      0.00

18:02:17        IFACE   rxpck/s   txpck/s    rxkB/s    txkB/s   rxcmp/s   txcmp/s  rxmcst/s   %ifutil
18:02:18         ens5    204.00    205.00     35.66     43.56      0.00      0.00      0.00      0.00

18:02:18        IFACE   rxpck/s   txpck/s    rxkB/s    txkB/s   rxcmp/s   txcmp/s  rxmcst/s   %ifutil
18:02:19         ens5    213.00    213.00     38.11     46.68      0.00      0.00      0.00      0.00

18:02:19        IFACE   rxpck/s   txpck/s    rxkB/s    txkB/s   rxcmp/s   txcmp/s  rxmcst/s   %ifutil
18:02:20         ens5    207.00    205.00     35.93     44.20      0.00      0.00      0.00      0.00

18:02:20        IFACE   rxpck/s   txpck/s    rxkB/s    txkB/s   rxcmp/s   txcmp/s  rxmcst/s   %ifutil
18:02:21         ens5    205.00    206.00     37.13     45.24      0.00      0.00      0.00      0.00

18:02:21        IFACE   rxpck/s   txpck/s    rxkB/s    txkB/s   rxcmp/s   txcmp/s  rxmcst/s   %ifutil
18:02:22         ens5    209.00    208.00     36.25     44.56      0.00      0.00      0.00      0.00

18:02:22        IFACE   rxpck/s   txpck/s    rxkB/s    txkB/s   rxcmp/s   txcmp/s  rxmcst/s   %ifutil
18:02:23         ens5    203.00    203.00     35.58     44.88      0.00      0.00      0.00      0.00

18:02:23        IFACE   rxpck/s   txpck/s    rxkB/s    txkB/s   rxcmp/s   txcmp/s  rxmcst/s   %ifutil
18:02:24         ens5    202.00    204.00     36.97     43.67      0.00      0.00      0.00      0.00

18:02:24        IFACE   rxpck/s   txpck/s    rxkB/s    txkB/s   rxcmp/s   txcmp/s  rxmcst/s   %ifutil
18:02:25         ens5    207.00    205.00     35.93     44.20      0.00      0.00      0.00      0.00

18:02:25        IFACE   rxpck/s   txpck/s    rxkB/s    txkB/s   rxcmp/s   txcmp/s  rxmcst/s   %ifutil
18:02:26         ens5    205.00    206.00     37.13     45.24      0.00      0.00      0.00      0.00

18:02:26        IFACE   rxpck/s   txpck/s    rxkB/s    txkB/s   rxcmp/s   txcmp/s  rxmcst/s   %ifutil
18:02:27         ens5    201.00    202.00     35.46     43.36      0.00      0.00      0.00      0.00

18:02:27        IFACE   rxpck/s   txpck/s    rxkB/s    txkB/s   rxcmp/s   txcmp/s  rxmcst/s   %ifutil
18:02:28         ens5    207.00    205.00     35.93     44.20      0.00      0.00      0.00      0.00

18:02:28        IFACE   rxpck/s   txpck/s    rxkB/s    txkB/s   rxcmp/s   txcmp/s  rxmcst/s   %ifutil
18:02:29         ens5    205.00    207.00     37.13     45.31      0.00      0.00      0.00      0.00

18:02:29        IFACE   rxpck/s   txpck/s    rxkB/s    txkB/s   rxcmp/s   txcmp/s  rxmcst/s   %ifutil
18:02:30         ens5    209.00    208.00     36.25     44.56      0.00      0.00      0.00      0.00

18:02:30        IFACE   rxpck/s   txpck/s    rxkB/s    txkB/s   rxcmp/s   txcmp/s  rxmcst/s   %ifutil
18:02:31         ens5    205.00    206.00     37.13     45.24      0.00      0.00      0.00      0.00

18:02:31        IFACE   rxpck/s   txpck/s    rxkB/s    txkB/s   rxcmp/s   txcmp/s  rxmcst/s   %ifutil
18:02:32         ens5    207.00    206.00     35.81     43.64      0.00      0.00      0.00      0.00

18:02:32        IFACE   rxpck/s   txpck/s    rxkB/s    txkB/s   rxcmp/s   txcmp/s  rxmcst/s   %ifutil
18:02:33         ens5    204.00    205.00     35.96     45.80      0.00      0.00      0.00      0.00

18:02:33        IFACE   rxpck/s   txpck/s    rxkB/s    txkB/s   rxcmp/s   txcmp/s  rxmcst/s   %ifutil
18:02:34         ens5    207.00    208.00     37.27     43.92      0.00      0.00      0.00      0.00

18:02:34        IFACE   rxpck/s   txpck/s    rxkB/s    txkB/s   rxcmp/s   txcmp/s  rxmcst/s   %ifutil
18:02:35         ens5    207.00    206.00     36.11     45.88      0.00      0.00      0.00      0.00

18:02:35        IFACE   rxpck/s   txpck/s    rxkB/s    txkB/s   rxcmp/s   txcmp/s  rxmcst/s   %ifutil
18:02:36         ens5    211.00    210.00     37.49     44.08      0.00      0.00      0.00      0.00

18:02:36        IFACE   rxpck/s   txpck/s    rxkB/s    txkB/s   rxcmp/s   txcmp/s  rxmcst/s   %ifutil
18:02:37         ens5    203.00    202.00     35.90     44.00      0.00      0.00      0.00      0.00

18:02:37        IFACE   rxpck/s   txpck/s    rxkB/s    txkB/s   rxcmp/s   txcmp/s  rxmcst/s   %ifutil
18:02:38         ens5    205.00    205.00     37.13     45.16      0.00      0.00      0.00      0.00

18:02:38        IFACE   rxpck/s   txpck/s    rxkB/s    txkB/s   rxcmp/s   txcmp/s  rxmcst/s   %ifutil
18:02:39         ens5    207.00    208.00     35.93     44.56      0.00      0.00      0.00      0.00

18:02:39        IFACE   rxpck/s   txpck/s    rxkB/s    txkB/s   rxcmp/s   txcmp/s  rxmcst/s   %ifutil
18:02:40         ens5    205.00    206.00     37.13     45.24      0.00      0.00      0.00      0.00

18:02:40        IFACE   rxpck/s   txpck/s    rxkB/s    txkB/s   rxcmp/s   txcmp/s  rxmcst/s   %ifutil
18:02:41         ens5    210.00    209.00     36.30     44.61      0.00      0.00      0.00      0.00

18:02:41        IFACE   rxpck/s   txpck/s    rxkB/s    txkB/s   rxcmp/s   txcmp/s  rxmcst/s   %ifutil
18:02:42         ens5    203.00    204.00     35.58     44.95      0.00      0.00      0.00      0.00

18:02:42        IFACE   rxpck/s   txpck/s    rxkB/s    txkB/s   rxcmp/s   txcmp/s  rxmcst/s   %ifutil
18:02:43         ens5    208.00    209.00     37.33     44.00      0.00      0.00      0.00      0.00

18:02:43        IFACE   rxpck/s   txpck/s    rxkB/s    txkB/s   rxcmp/s   txcmp/s  rxmcst/s   %ifutil
18:02:44         ens5    205.00    202.00     35.99     44.00      0.00      0.00      0.00      0.00

18:02:44        IFACE   rxpck/s   txpck/s    rxkB/s    txkB/s   rxcmp/s   txcmp/s  rxmcst/s   %ifutil
18:02:45         ens5    202.00    204.00     36.76     45.11      0.00      0.00      0.00      0.00

18:02:45        IFACE   rxpck/s   txpck/s    rxkB/s    txkB/s   rxcmp/s   txcmp/s  rxmcst/s   %ifutil
18:02:46         ens5    209.00    208.00     36.25     44.56      0.00      0.00      0.00      0.00

18:02:46        IFACE   rxpck/s   txpck/s    rxkB/s    txkB/s   rxcmp/s   txcmp/s  rxmcst/s   %ifutil
18:02:47         ens5    211.00    213.00     37.70     45.86      0.00      0.00      0.00      0.00

18:02:47        IFACE   rxpck/s   txpck/s    rxkB/s    txkB/s   rxcmp/s   txcmp/s  rxmcst/s   %ifutil
18:02:48         ens5    206.00    203.00     36.05     44.08      0.00      0.00      0.00      0.00

18:02:48        IFACE   rxpck/s   txpck/s    rxkB/s    txkB/s   rxcmp/s   txcmp/s  rxmcst/s   %ifutil
18:02:49         ens5    199.00    201.00     35.15     44.75      0.00      0.00      0.00      0.00

18:02:49        IFACE   rxpck/s   txpck/s    rxkB/s    txkB/s   rxcmp/s   txcmp/s  rxmcst/s   %ifutil
18:02:50         ens5    208.00    209.00     37.32     43.99      0.00      0.00      0.00      0.00

18:02:50        IFACE   rxpck/s   txpck/s    rxkB/s    txkB/s   rxcmp/s   txcmp/s  rxmcst/s   %ifutil
18:02:51         ens5    205.00    202.00     35.76     43.98      0.00      0.00      0.00      0.00

18:02:51        IFACE   rxpck/s   txpck/s    rxkB/s    txkB/s   rxcmp/s   txcmp/s  rxmcst/s   %ifutil
18:02:52         ens5    205.00    207.00     37.16     45.33      0.00      0.00      0.00      0.00

18:02:52        IFACE   rxpck/s   txpck/s    rxkB/s    txkB/s   rxcmp/s   txcmp/s  rxmcst/s   %ifutil
18:02:53         ens5    208.00    207.00     35.86     43.69      0.00      0.00      0.00      0.00

18:02:53        IFACE   rxpck/s   txpck/s    rxkB/s    txkB/s   rxcmp/s   txcmp/s  rxmcst/s   %ifutil
18:02:54         ens5    204.00    205.00     35.96     45.80      0.00      0.00      0.00      0.00

18:02:54        IFACE   rxpck/s   txpck/s    rxkB/s    txkB/s   rxcmp/s   txcmp/s  rxmcst/s   %ifutil
18:02:55         ens5    209.00    210.00     37.38     44.05      0.00      0.00      0.00      0.00

18:02:55        IFACE   rxpck/s   txpck/s    rxkB/s    txkB/s   rxcmp/s   txcmp/s  rxmcst/s   %ifutil
18:02:56         ens5    206.00    203.00     36.04     44.06      0.00      0.00      0.00      0.00

18:02:56        IFACE   rxpck/s   txpck/s    rxkB/s    txkB/s   rxcmp/s   txcmp/s  rxmcst/s   %ifutil
18:02:57         ens5    209.00    212.00     37.38     45.78      0.00      0.00      0.00      0.00

18:02:57        IFACE   rxpck/s   txpck/s    rxkB/s    txkB/s   rxcmp/s   txcmp/s  rxmcst/s   %ifutil
18:02:58         ens5     38.00     36.00      6.47      7.81      0.00      0.00      0.00      0.00

18:02:58        IFACE   rxpck/s   txpck/s    rxkB/s    txkB/s   rxcmp/s   txcmp/s  rxmcst/s   %ifutil
18:02:59         ens5      0.00      0.00      0.00      0.00      0.00      0.00      0.00      0.00

18:02:59        IFACE   rxpck/s   txpck/s    rxkB/s    txkB/s   rxcmp/s   txcmp/s  rxmcst/s   %ifutil
18:03:00         ens5      0.00      0.00      0.00      0.00      0.00      0.00      0.00      0.00


Average:        IFACE   rxpck/s   txpck/s    rxkB/s    txkB/s   rxcmp/s   txcmp/s  rxmcst/s   %ifutil
Average:         ens5    176.13    175.96     31.15     38.07      0.00      0.00      0.00      0.00
