Linux 7.0.0-1010-aws (ip-172-31-31-224) 	08/11/26 	_x86_64_	(2 CPU)

07:27:51        CPU     %user     %nice   %system   %iowait    %steal     %idle
07:27:52        all     50.75      0.00      5.03      0.00      0.50     43.72
07:27:53        all     48.24      0.00      4.02      0.00      2.51     45.23
07:27:54        all     46.73      0.00      3.52      0.00      3.52     46.23
07:27:55        all     47.50      0.00      3.50      0.00      2.50     46.50
07:27:56        all     48.02      0.00      3.96      0.00      1.49     46.53
07:27:57        all     49.75      0.00      2.54      0.00      1.02     46.70
07:27:58        all     50.25      0.00      5.03      0.50      1.01     43.22
07:27:59        all     52.00      0.00      6.00      0.00      1.50     40.50
07:28:00        all     19.23      0.00      0.96      0.00      5.29     74.52
07:28:01        all      0.00      0.00      0.00      0.00      6.25     93.75
07:28:02        all      0.00      0.00      0.46      0.00      9.26     90.28
07:28:03        all      0.95      0.00      0.47      0.00      4.74     93.84
07:28:04        all      0.00      0.00      0.00      0.00      2.00     98.00
07:28:05        all      1.00      0.00      0.00      0.00      0.50     98.50
07:28:06        all      0.00      0.00      0.50      0.00      0.50     99.00
07:28:07        all      0.00      0.00      0.00      0.00      0.00    100.00
07:28:08        all      1.00      0.00      0.50      0.00      0.50     98.01
07:28:09        all      2.99      0.00      2.49      0.00      2.49     92.04
07:28:10        all      5.47      0.00      3.48      0.00      4.98     86.07
07:28:11        all      1.49      0.00      1.49      0.00      1.00     96.02
07:28:12        all      0.00      0.00      0.00      0.00      0.50     99.50
07:28:13        all      0.00      0.00      0.50      0.00      0.00     99.50
07:28:14        all      5.56      0.00      1.01      0.00      0.51     92.93
07:28:15        all      0.50      0.00      0.00      0.00      0.50     99.00

Average:        all     17.82      0.00      1.88      0.02      2.25     78.03
