Linux 7.0.0-1010-aws (ip-172-31-31-224) 	08/11/26 	_x86_64_	(2 CPU)

07:27:51        IFACE   rxpck/s   txpck/s    rxkB/s    txkB/s   rxcmp/s   txcmp/s  rxmcst/s   %ifutil
07:27:52         ens5     53.00     50.00      4.38      6.29      0.00      0.00      0.00      0.00

07:27:52        IFACE   rxpck/s   txpck/s    rxkB/s    txkB/s   rxcmp/s   txcmp/s  rxmcst/s   %ifutil
07:27:53         ens5     55.00     49.00      4.52      5.66      0.00      0.00      0.00      0.00

07:27:53        IFACE   rxpck/s   txpck/s    rxkB/s    txkB/s   rxcmp/s   txcmp/s  rxmcst/s   %ifutil
07:27:54         ens5     12.00     12.00      0.89      1.95      0.00      0.00      0.00      0.00

07:27:54        IFACE   rxpck/s   txpck/s    rxkB/s    txkB/s   rxcmp/s   txcmp/s  rxmcst/s   %ifutil
07:27:55         ens5      9.00      8.00      0.46      1.52      0.00      0.00      0.00      0.00

07:27:55        IFACE   rxpck/s   txpck/s    rxkB/s    txkB/s   rxcmp/s   txcmp/s  rxmcst/s   %ifutil
07:27:56         ens5      5.00      5.00      0.25      1.10      0.00      0.00      0.00      0.00

07:27:56        IFACE   rxpck/s   txpck/s    rxkB/s    txkB/s   rxcmp/s   txcmp/s  rxmcst/s   %ifutil
07:27:57         ens5     10.00     10.00      0.51      2.11      0.00      0.00      0.00      0.00

07:27:57        IFACE   rxpck/s   txpck/s    rxkB/s    txkB/s   rxcmp/s   txcmp/s  rxmcst/s   %ifutil
07:27:58         ens5     15.00     15.00      2.24      3.67      0.00      0.00      0.00      0.00

07:27:58        IFACE   rxpck/s   txpck/s    rxkB/s    txkB/s   rxcmp/s   txcmp/s  rxmcst/s   %ifutil
07:27:59         ens5     16.00     13.00      0.90      1.45      0.00      0.00      0.00      0.00

07:27:59        IFACE   rxpck/s   txpck/s    rxkB/s    txkB/s   rxcmp/s   txcmp/s  rxmcst/s   %ifutil
07:28:00         ens5      4.00      3.00      0.20      0.61      0.00      0.00      0.00      0.00

07:28:00        IFACE   rxpck/s   txpck/s    rxkB/s    txkB/s   rxcmp/s   txcmp/s  rxmcst/s   %ifutil
07:28:01         ens5      0.00      0.00      0.00      0.00      0.00      0.00      0.00      0.00

07:28:01        IFACE   rxpck/s   txpck/s    rxkB/s    txkB/s   rxcmp/s   txcmp/s  rxmcst/s   %ifutil
07:28:02         ens5      0.99      0.99      0.07      0.09      0.00      0.00      0.00      0.00

07:28:02        IFACE   rxpck/s   txpck/s    rxkB/s    txkB/s   rxcmp/s   txcmp/s  rxmcst/s   %ifutil
07:28:03         ens5      1.00      1.00      0.21      0.22      0.00      0.00      0.00      0.00

07:28:03        IFACE   rxpck/s   txpck/s    rxkB/s    txkB/s   rxcmp/s   txcmp/s  rxmcst/s   %ifutil
07:28:04         ens5     28.00     30.00      4.62     21.80      0.00      0.00      0.00      0.00

07:28:04        IFACE   rxpck/s   txpck/s    rxkB/s    txkB/s   rxcmp/s   txcmp/s  rxmcst/s   %ifutil
07:28:05         ens5      0.00      0.00      0.00      0.00      0.00      0.00      0.00      0.00

07:28:05        IFACE   rxpck/s   txpck/s    rxkB/s    txkB/s   rxcmp/s   txcmp/s  rxmcst/s   %ifutil
07:28:06         ens5      0.00      0.00      0.00      0.00      0.00      0.00      0.00      0.00

07:28:06        IFACE   rxpck/s   txpck/s    rxkB/s    txkB/s   rxcmp/s   txcmp/s  rxmcst/s   %ifutil
07:28:07         ens5      0.00      0.00      0.00      0.00      0.00      0.00      0.00      0.00

07:28:07        IFACE   rxpck/s   txpck/s    rxkB/s    txkB/s   rxcmp/s   txcmp/s  rxmcst/s   %ifutil
07:28:08         ens5    120.00    126.00     23.83     75.67      0.00      0.00      0.00      0.00

07:28:08        IFACE   rxpck/s   txpck/s    rxkB/s    txkB/s   rxcmp/s   txcmp/s  rxmcst/s   %ifutil
07:28:09         ens5    658.00    667.00    125.66    389.29      0.00      0.00      0.00      0.00

07:28:09        IFACE   rxpck/s   txpck/s    rxkB/s    txkB/s   rxcmp/s   txcmp/s  rxmcst/s   %ifutil
07:28:10         ens5   1378.00   1413.00    253.85    803.93      0.00      0.00      0.00      0.00

07:28:10        IFACE   rxpck/s   txpck/s    rxkB/s    txkB/s   rxcmp/s   txcmp/s  rxmcst/s   %ifutil
07:28:11         ens5    205.00    209.00     38.83    121.89      0.00      0.00      0.00      0.00

07:28:11        IFACE   rxpck/s   txpck/s    rxkB/s    txkB/s   rxcmp/s   txcmp/s  rxmcst/s   %ifutil
07:28:12         ens5      0.00      0.00      0.00      0.00      0.00      0.00      0.00      0.00

07:28:12        IFACE   rxpck/s   txpck/s    rxkB/s    txkB/s   rxcmp/s   txcmp/s  rxmcst/s   %ifutil
07:28:13         ens5      0.00      0.00      0.00      0.00      0.00      0.00      0.00      0.00

07:28:13        IFACE   rxpck/s   txpck/s    rxkB/s    txkB/s   rxcmp/s   txcmp/s  rxmcst/s   %ifutil
07:28:14         ens5      0.00      0.00      0.00      0.00      0.00      0.00      0.00      0.00

07:28:14        IFACE   rxpck/s   txpck/s    rxkB/s    txkB/s   rxcmp/s   txcmp/s  rxmcst/s   %ifutil
07:28:15         ens5      0.00      0.00      0.00      0.00      0.00      0.00      0.00      0.00


Average:        IFACE   rxpck/s   txpck/s    rxkB/s    txkB/s   rxcmp/s   txcmp/s  rxmcst/s   %ifutil
Average:         ens5    107.04    108.79     19.22     59.86      0.00      0.00      0.00      0.00
