Linux 7.0.0-1010-aws (ip-172-31-20-134) 	08/11/26 	_x86_64_	(2 CPU)

16:50:56        CPU     %user     %nice   %system   %iowait    %steal     %idle
16:50:57        all      2.51      0.00      1.01      0.00      0.00     96.48
16:50:58        all      0.00      0.00      0.50      0.00      0.00     99.50
16:50:59        all      5.03      0.00      1.51      0.00      0.00     93.47
16:51:00        all      0.00      0.00      0.00      0.00      1.98     98.02
16:51:01        all      0.99      0.00      0.00      0.00      1.49     97.52
16:51:02        all      3.02      0.00      0.00      0.00      1.01     95.98
16:51:03        all      0.50      0.00      0.00      0.00      0.00     99.50
16:51:04        all      1.00      0.00      0.50      0.00      0.50     98.01
16:51:05        all      0.00      0.00      0.50      0.00      0.00     99.50
16:51:06        all      0.50      0.00      0.00      0.00      0.00     99.50
16:51:07        all      0.00      0.00      0.00      0.00      0.00    100.00
16:51:08        all      5.00      0.00      1.50      0.00      0.00     93.50
16:51:09        all     38.27      0.00      4.08      0.00      0.00     57.65
16:51:10        all     72.73      0.00      9.09      0.00      0.00     18.18
16:51:11        all     10.55      0.00      1.01      0.00      0.00     88.44
16:51:12        all      0.00      0.00      0.00      0.00      0.00    100.00
16:51:13        all      0.00      0.00      0.00      0.00      0.00    100.00
16:51:14        all      5.05      0.00      1.52      0.00      0.00     93.43
16:51:15        all      0.00      0.00      0.00      0.00      0.00    100.00
16:51:16        all      0.50      0.00      0.00      0.00      0.00     99.50
16:51:17        all      0.00      0.00      0.00      0.00      0.00    100.00
16:51:18        all      0.50      0.00      0.50      0.00      0.00     99.00
16:51:19        all      0.00      0.00      0.00      0.00      0.00    100.00
16:51:20        all      0.50      0.00      0.50      0.00      0.00     99.00
16:51:21        all      0.50      0.00      0.50      0.00      0.00     99.00

Average:        all      5.84      0.00      0.90      0.00      0.20     93.06
