Linux 7.0.0-1010-aws (ip-172-31-20-134) 	08/11/26 	_x86_64_	(2 CPU)

16:50:56    kbmemfree   kbavail kbmemused  %memused kbbuffers  kbcached  kbcommit   %commit  kbactive   kbinact   kbdirty
16:50:57       148676   1326632    368836     18.91     34188   1256080   1469740     75.34    997620    562088      1128
16:50:58       148676   1326644    368824     18.91     34192   1256088   1469740     75.34    997688    562100       616
16:50:59       148676   1326644    368816     18.90     34192   1256096   1469740     75.34    997416    562100       624
16:51:00       148676   1326644    368816     18.90     34192   1256096   1469740     75.34    997416    562100       624
16:51:01       148676   1326644    368816     18.90     34192   1256096   1469740     75.34    997500    562100       624
16:51:02       148676   1326652    368812     18.90     34192   1256100   1469740     75.34    997472    562108       628
16:51:03       148676   1326652    368812     18.90     34192   1256100   1469996     75.35    998144    562108       628
16:51:04       148676   1326660    368808     18.90     34192   1256104   1471236     75.41    999448    562116       632
16:51:05       148676   1326660    368788     18.90     34192   1256124   1471236     75.41    999448    562116       652
16:51:06       148676   1326660    368788     18.90     34192   1256124   1471236     75.41    999448    562116       652
16:51:07       148676   1326660    368788     18.90     34192   1256124   1471236     75.41    999448    562116       652
16:51:08       147428   1325432    370036     18.97     34192   1256124   1488360     76.29   1001908    562136       604
16:51:09       142892   1320956    374508     19.20     34192   1256188   1560764     80.00   1006860    562196       668
16:51:10       137372   1315628    379796     19.47     34192   1256388   1734652     88.92   1010496    562380       868
16:51:11       137372   1315764    379628     19.46     34192   1256556   1734944     88.93   1010860    562516      1036
16:51:12       137372   1315824    379592     19.46     34192   1256592   1734944     88.93   1010920    562576      1076
16:51:13       137372   1315824    379592     19.46     34192   1256592   1734944     88.93   1010920    562576      1076
16:51:14       137148   1315628    379804     19.47     34192   1256604   1734944     88.93   1010964    562604      1088
16:51:15       137148   1315628    379804     19.47     34192   1256604   1734944     88.93   1010964    562604      1088
16:51:16       137148   1315628    379804     19.47     34192   1256604   1734944     88.93   1010964    562604      1088
16:51:17       137148   1315628    379800     19.47     34192   1256608   1734944     88.93   1010964    562604      1092
16:51:18       136392   1314872    380556     19.51     34192   1256608   1734944     88.93   1011552    562604      1092
16:51:19       136392   1314872    380548     19.51     34192   1256612   1734944     88.93   1011584    562604      1096
16:51:20       136392   1314872    380548     19.51     34192   1256612   1734944     88.93   1011584    562604      1096
16:51:21       136392   1314872    380548     19.51     34192   1256612   1734944     88.93   1011584    562604      1096

Average:       142776   1320983    374459     19.19     34192   1256337   1601662     82.10   1004927    562335       861
