Linux 7.0.0-1010-aws (ip-172-31-31-224) 	08/11/26 	_x86_64_	(2 CPU)

06:50:24        CPU     %user     %nice   %system   %iowait    %steal     %idle
06:50:25        all     49.75      0.00      4.02      0.00      2.51     43.72
06:50:26        all     50.51      0.00      4.04      0.00      0.51     44.95
06:50:27        all     48.00      0.00      3.50      0.00      2.50     46.00
06:50:28        all     48.99      0.00      3.03      0.00      1.01     46.97
06:50:29        all     54.27      0.00      5.03      0.00      1.01     39.70
06:50:30        all     48.24      0.00      3.02      0.00      3.02     45.73
06:50:31        all     40.89      0.00      4.93      0.00      6.90     47.29
06:50:32        all     49.24      0.00      2.03      0.00      2.03     46.70
06:50:33        all     20.40      0.00      3.98      0.00      1.00     74.63
06:50:34        all      0.51      0.00      0.00      0.00      0.00     99.49
06:50:35        all      0.50      0.00      0.00      0.00      1.00     98.51
06:50:36        all      0.50      0.00      0.50      0.00      0.00     98.99
06:50:37        all      0.00      0.00      0.00      0.00      0.00    100.00
06:50:38        all      0.00      0.00      0.51      0.51      0.00     98.99
06:50:39        all      1.49      0.00      1.00      0.00      1.99     95.52
06:50:40        all      2.50      0.00      1.00      0.00      2.00     94.50
06:50:41        all      0.99      0.00      0.99      0.00      0.00     98.02
06:50:42        all      0.00      0.00      0.00      0.00      0.50     99.50
06:50:43        all      0.50      0.00      0.50      0.00      0.00     99.00
06:50:44        all      5.53      0.00      1.51      0.00      0.00     92.96
06:50:45        all      0.00      0.00      0.00      0.00      0.50     99.50
06:50:46        all      0.00      0.00      0.00      0.00      0.00    100.00
06:50:47        all      1.01      0.00      0.00      1.01      0.00     97.98
06:50:48        all      0.00      0.00      0.00      0.00      0.00    100.00
06:50:49        all      0.50      0.00      0.50      0.50      0.00     98.50

Average:        all     16.95      0.00      1.61      0.08      1.06     80.30
