Linux 7.0.0-1008-aws (ip-172-31-20-134) 	08/07/26 	_x86_64_	(2 CPU)

16:19:06        IFACE   rxpck/s   txpck/s    rxkB/s    txkB/s   rxcmp/s   txcmp/s  rxmcst/s   %ifutil
16:19:07         ens5     47.00     39.00      4.07      4.62      0.00      0.00      0.00      0.00

16:19:07        IFACE   rxpck/s   txpck/s    rxkB/s    txkB/s   rxcmp/s   txcmp/s  rxmcst/s   %ifutil
16:19:08         ens5     47.00     36.00      4.04      3.97      0.00      0.00      0.00      0.00

16:19:08        IFACE   rxpck/s   txpck/s    rxkB/s    txkB/s   rxcmp/s   txcmp/s  rxmcst/s   %ifutil
16:19:09         ens5     13.00     10.00      1.43      1.42      0.00      0.00      0.00      0.00

16:19:09        IFACE   rxpck/s   txpck/s    rxkB/s    txkB/s   rxcmp/s   txcmp/s  rxmcst/s   %ifutil
16:19:10         ens5      0.00      0.00      0.00      0.00      0.00      0.00      0.00      0.00

16:19:10        IFACE   rxpck/s   txpck/s    rxkB/s    txkB/s   rxcmp/s   txcmp/s  rxmcst/s   %ifutil
16:19:11         ens5    182.00    129.00    170.86     97.09      0.00      0.00      0.00      0.00

16:19:11        IFACE   rxpck/s   txpck/s    rxkB/s    txkB/s   rxcmp/s   txcmp/s  rxmcst/s   %ifutil
16:19:12         ens5    359.00    254.00    336.51    203.94      0.00      0.00      0.00      0.00

16:19:12        IFACE   rxpck/s   txpck/s    rxkB/s    txkB/s   rxcmp/s   txcmp/s  rxmcst/s   %ifutil
16:19:13         ens5    362.00    246.00    336.42    196.43      0.00      0.00      0.00      0.00

16:19:13        IFACE   rxpck/s   txpck/s    rxkB/s    txkB/s   rxcmp/s   txcmp/s  rxmcst/s   %ifutil
16:19:14         ens5    354.00    251.00    328.59    205.00      0.00      0.00      0.00      0.00

16:19:14        IFACE   rxpck/s   txpck/s    rxkB/s    txkB/s   rxcmp/s   txcmp/s  rxmcst/s   %ifutil
16:19:15         ens5    352.00    252.00    328.44    203.86      0.00      0.00      0.00      0.00

16:19:15        IFACE   rxpck/s   txpck/s    rxkB/s    txkB/s   rxcmp/s   txcmp/s  rxmcst/s   %ifutil
16:19:16         ens5    360.00    251.00    336.40    202.50      0.00      0.00      0.00      0.00

16:19:16        IFACE   rxpck/s   txpck/s    rxkB/s    txkB/s   rxcmp/s   txcmp/s  rxmcst/s   %ifutil
16:19:17         ens5    361.00    251.00    335.48    203.52      0.00      0.00      0.00      0.00

16:19:17        IFACE   rxpck/s   txpck/s    rxkB/s    txkB/s   rxcmp/s   txcmp/s  rxmcst/s   %ifutil
16:19:18         ens5    355.00    251.00    337.41    204.92      0.00      0.00      0.00      0.00

16:19:18        IFACE   rxpck/s   txpck/s    rxkB/s    txkB/s   rxcmp/s   txcmp/s  rxmcst/s   %ifutil
16:19:19         ens5    359.00    254.00    337.67    205.31      0.00      0.00      0.00      0.00

16:19:19        IFACE   rxpck/s   txpck/s    rxkB/s    txkB/s   rxcmp/s   txcmp/s  rxmcst/s   %ifutil
16:19:20         ens5    353.00    241.00    327.14    196.26      0.00      0.00      0.00      0.00

16:19:20        IFACE   rxpck/s   txpck/s    rxkB/s    txkB/s   rxcmp/s   txcmp/s  rxmcst/s   %ifutil
16:19:21         ens5    359.00    251.00    337.69    204.97      0.00      0.00      0.00      0.00

16:19:21        IFACE   rxpck/s   txpck/s    rxkB/s    txkB/s   rxcmp/s   txcmp/s  rxmcst/s   %ifutil
16:19:22         ens5    358.00    253.00    333.94    203.93      0.00      0.00      0.00      0.00

16:19:22        IFACE   rxpck/s   txpck/s    rxkB/s    txkB/s   rxcmp/s   txcmp/s  rxmcst/s   %ifutil
16:19:23         ens5    349.00    251.00    332.06    204.89      0.00      0.00      0.00      0.00

16:19:23        IFACE   rxpck/s   txpck/s    rxkB/s    txkB/s   rxcmp/s   txcmp/s  rxmcst/s   %ifutil
16:19:24         ens5    354.00    249.00    334.97    202.03      0.00      0.00      0.00      0.00

16:19:24        IFACE   rxpck/s   txpck/s    rxkB/s    txkB/s   rxcmp/s   txcmp/s  rxmcst/s   %ifutil
16:19:25         ens5    357.00    252.00    337.62    205.14      0.00      0.00      0.00      0.00

16:19:25        IFACE   rxpck/s   txpck/s    rxkB/s    txkB/s   rxcmp/s   txcmp/s  rxmcst/s   %ifutil
16:19:26         ens5    360.00    254.00    336.61    204.03      0.00      0.00      0.00      0.00

16:19:26        IFACE   rxpck/s   txpck/s    rxkB/s    txkB/s   rxcmp/s   txcmp/s  rxmcst/s   %ifutil
16:19:27         ens5    360.00    253.00    337.81    205.21      0.00      0.00      0.00      0.00

16:19:27        IFACE   rxpck/s   txpck/s    rxkB/s    txkB/s   rxcmp/s   txcmp/s  rxmcst/s   %ifutil
16:19:28         ens5    356.00    253.00    337.42    205.18      0.00      0.00      0.00      0.00

16:19:28        IFACE   rxpck/s   txpck/s    rxkB/s    txkB/s   rxcmp/s   txcmp/s  rxmcst/s   %ifutil
16:19:29         ens5    359.00    255.00    336.35    205.37      0.00      0.00      0.00      0.00

16:19:29        IFACE   rxpck/s   txpck/s    rxkB/s    txkB/s   rxcmp/s   txcmp/s  rxmcst/s   %ifutil
16:19:30         ens5    360.00    252.00    337.78    205.13      0.00      0.00      0.00      0.00

16:19:30        IFACE   rxpck/s   txpck/s    rxkB/s    txkB/s   rxcmp/s   txcmp/s  rxmcst/s   %ifutil
16:19:31         ens5    361.00    254.00    337.91    205.22      0.00      0.00      0.00      0.00

16:19:31        IFACE   rxpck/s   txpck/s    rxkB/s    txkB/s   rxcmp/s   txcmp/s  rxmcst/s   %ifutil
16:19:32         ens5    363.00    248.00    337.90    196.76      0.00      0.00      0.00      0.00

16:19:32        IFACE   rxpck/s   txpck/s    rxkB/s    txkB/s   rxcmp/s   txcmp/s  rxmcst/s   %ifutil
16:19:33         ens5    350.00    250.00    328.46    204.99      0.00      0.00      0.00      0.00

16:19:33        IFACE   rxpck/s   txpck/s    rxkB/s    txkB/s   rxcmp/s   txcmp/s  rxmcst/s   %ifutil
16:19:34         ens5    356.00    251.00    328.68    203.78      0.00      0.00      0.00      0.00

16:19:34        IFACE   rxpck/s   txpck/s    rxkB/s    txkB/s   rxcmp/s   txcmp/s  rxmcst/s   %ifutil
16:19:35         ens5    358.00    251.00    337.69    204.97      0.00      0.00      0.00      0.00

16:19:35        IFACE   rxpck/s   txpck/s    rxkB/s    txkB/s   rxcmp/s   txcmp/s  rxmcst/s   %ifutil
16:19:36         ens5    362.00    254.00    337.89    205.29      0.00      0.00      0.00      0.00

16:19:36        IFACE   rxpck/s   txpck/s    rxkB/s    txkB/s   rxcmp/s   txcmp/s  rxmcst/s   %ifutil
16:19:37         ens5    359.00    250.00    335.19    202.15      0.00      0.00      0.00      0.00

16:19:37        IFACE   rxpck/s   txpck/s    rxkB/s    txkB/s   rxcmp/s   txcmp/s  rxmcst/s   %ifutil
16:19:38         ens5    362.00    254.00    339.01    205.31      0.00      0.00      0.00      0.00

16:19:38        IFACE   rxpck/s   txpck/s    rxkB/s    txkB/s   rxcmp/s   txcmp/s  rxmcst/s   %ifutil
16:19:39         ens5    362.00    257.00    339.21    208.32      0.00      0.00      0.00      0.00

16:19:39        IFACE   rxpck/s   txpck/s    rxkB/s    txkB/s   rxcmp/s   txcmp/s  rxmcst/s   %ifutil
16:19:40         ens5    358.00    248.00    335.18    202.03      0.00      0.00      0.00      0.00

16:19:40        IFACE   rxpck/s   txpck/s    rxkB/s    txkB/s   rxcmp/s   txcmp/s  rxmcst/s   %ifutil
16:19:41         ens5    361.00    253.00    337.79    203.99      0.00      0.00      0.00      0.00

16:19:41        IFACE   rxpck/s   txpck/s    rxkB/s    txkB/s   rxcmp/s   txcmp/s  rxmcst/s   %ifutil
16:19:42         ens5    357.00    252.00    336.35    205.11      0.00      0.00      0.00      0.00

16:19:42        IFACE   rxpck/s   txpck/s    rxkB/s    txkB/s   rxcmp/s   txcmp/s  rxmcst/s   %ifutil
16:19:43         ens5    361.00    254.00    336.49    205.22      0.00      0.00      0.00      0.00

16:19:43        IFACE   rxpck/s   txpck/s    rxkB/s    txkB/s   rxcmp/s   txcmp/s  rxmcst/s   %ifutil
16:19:44         ens5    359.00    243.00    337.71    196.33      0.00      0.00      0.00      0.00

16:19:44        IFACE   rxpck/s   txpck/s    rxkB/s    txkB/s   rxcmp/s   txcmp/s  rxmcst/s   %ifutil
16:19:45         ens5    358.00    261.00    337.68    213.87      0.00      0.00      0.00      0.00

16:19:45        IFACE   rxpck/s   txpck/s    rxkB/s    txkB/s   rxcmp/s   txcmp/s  rxmcst/s   %ifutil
16:19:46         ens5    361.00    246.00    337.80    196.64      0.00      0.00      0.00      0.00

16:19:46        IFACE   rxpck/s   txpck/s    rxkB/s    txkB/s   rxcmp/s   txcmp/s  rxmcst/s   %ifutil
16:19:47         ens5    350.00    247.00    328.41    204.74      0.00      0.00      0.00      0.00

16:19:47        IFACE   rxpck/s   txpck/s    rxkB/s    txkB/s   rxcmp/s   txcmp/s  rxmcst/s   %ifutil
16:19:48         ens5    358.00    254.00    337.69    205.30      0.00      0.00      0.00      0.00

16:19:48        IFACE   rxpck/s   txpck/s    rxkB/s    txkB/s   rxcmp/s   txcmp/s  rxmcst/s   %ifutil
16:19:49         ens5    361.00    256.00    337.80    205.41      0.00      0.00      0.00      0.00

16:19:49        IFACE   rxpck/s   txpck/s    rxkB/s    txkB/s   rxcmp/s   txcmp/s  rxmcst/s   %ifutil
16:19:50         ens5    351.00    252.00    328.45    203.92      0.00      0.00      0.00      0.00

16:19:50        IFACE   rxpck/s   txpck/s    rxkB/s    txkB/s   rxcmp/s   txcmp/s  rxmcst/s   %ifutil
16:19:51         ens5    356.00    245.00    335.09    201.74      0.00      0.00      0.00      0.00

16:19:51        IFACE   rxpck/s   txpck/s    rxkB/s    txkB/s   rxcmp/s   txcmp/s  rxmcst/s   %ifutil
16:19:52         ens5    339.00    227.00    313.92    189.84      0.00      0.00      0.00      0.00

16:19:52        IFACE   rxpck/s   txpck/s    rxkB/s    txkB/s   rxcmp/s   txcmp/s  rxmcst/s   %ifutil
16:19:53         ens5    356.00    249.00    336.35    203.61      0.00      0.00      0.00      0.00

16:19:53        IFACE   rxpck/s   txpck/s    rxkB/s    txkB/s   rxcmp/s   txcmp/s  rxmcst/s   %ifutil
16:19:54         ens5    362.00    253.00    336.45    205.20      0.00      0.00      0.00      0.00

16:19:54        IFACE   rxpck/s   txpck/s    rxkB/s    txkB/s   rxcmp/s   txcmp/s  rxmcst/s   %ifutil
16:19:55         ens5    358.00    253.00    339.02    205.14      0.00      0.00      0.00      0.00

16:19:55        IFACE   rxpck/s   txpck/s    rxkB/s    txkB/s   rxcmp/s   txcmp/s  rxmcst/s   %ifutil
16:19:56         ens5    359.00    254.00    336.34    205.30      0.00      0.00      0.00      0.00

16:19:56        IFACE   rxpck/s   txpck/s    rxkB/s    txkB/s   rxcmp/s   txcmp/s  rxmcst/s   %ifutil
16:19:57         ens5    357.00    254.00    337.64    205.28      0.00      0.00      0.00      0.00

16:19:57        IFACE   rxpck/s   txpck/s    rxkB/s    txkB/s   rxcmp/s   txcmp/s  rxmcst/s   %ifutil
16:19:58         ens5    348.00    241.00    328.34    196.17      0.00      0.00      0.00      0.00

16:19:58        IFACE   rxpck/s   txpck/s    rxkB/s    txkB/s   rxcmp/s   txcmp/s  rxmcst/s   %ifutil
16:19:59         ens5    363.00    254.00    337.87    204.10      0.00      0.00      0.00      0.00

16:19:59        IFACE   rxpck/s   txpck/s    rxkB/s    txkB/s   rxcmp/s   txcmp/s  rxmcst/s   %ifutil
16:20:00         ens5    323.00    233.00    301.73    187.59      0.00      0.00      0.00      0.00

16:20:00        IFACE   rxpck/s   txpck/s    rxkB/s    txkB/s   rxcmp/s   txcmp/s  rxmcst/s   %ifutil
16:20:01         ens5    207.00    140.00    190.58    115.61      0.00      0.00      0.00      0.00

16:20:01        IFACE   rxpck/s   txpck/s    rxkB/s    txkB/s   rxcmp/s   txcmp/s  rxmcst/s   %ifutil
16:20:02         ens5    250.00    171.00    239.40    137.77      0.00      0.00      0.00      0.00

16:20:02        IFACE   rxpck/s   txpck/s    rxkB/s    txkB/s   rxcmp/s   txcmp/s  rxmcst/s   %ifutil
16:20:03         ens5    353.00    250.00    328.58    204.94      0.00      0.00      0.00      0.00

16:20:03        IFACE   rxpck/s   txpck/s    rxkB/s    txkB/s   rxcmp/s   txcmp/s  rxmcst/s   %ifutil
16:20:04         ens5    369.00    254.00    347.09    205.30      0.00      0.00      0.00      0.00

16:20:04        IFACE   rxpck/s   txpck/s    rxkB/s    txkB/s   rxcmp/s   txcmp/s  rxmcst/s   %ifutil
16:20:05         ens5    352.00    254.00    328.53    205.28      0.00      0.00      0.00      0.00

16:20:05        IFACE   rxpck/s   txpck/s    rxkB/s    txkB/s   rxcmp/s   txcmp/s  rxmcst/s   %ifutil
16:20:06         ens5    349.00    253.00    328.35    203.97      0.00      0.00      0.00      0.00

16:20:06        IFACE   rxpck/s   txpck/s    rxkB/s    txkB/s   rxcmp/s   txcmp/s  rxmcst/s   %ifutil
16:20:07         ens5    361.00    254.00    337.82    205.31      0.00      0.00      0.00      0.00

16:20:07        IFACE   rxpck/s   txpck/s    rxkB/s    txkB/s   rxcmp/s   txcmp/s  rxmcst/s   %ifutil
16:20:08         ens5    361.00    255.00    337.85    205.38      0.00      0.00      0.00      0.00

16:20:08        IFACE   rxpck/s   txpck/s    rxkB/s    txkB/s   rxcmp/s   txcmp/s  rxmcst/s   %ifutil
16:20:09         ens5    361.00    253.00    337.82    205.22      0.00      0.00      0.00      0.00

16:20:09        IFACE   rxpck/s   txpck/s    rxkB/s    txkB/s   rxcmp/s   txcmp/s  rxmcst/s   %ifutil
16:20:10         ens5    359.00    255.00    336.36    205.36      0.00      0.00      0.00      0.00

16:20:10        IFACE   rxpck/s   txpck/s    rxkB/s    txkB/s   rxcmp/s   txcmp/s  rxmcst/s   %ifutil
16:20:11         ens5    357.00    248.00    336.47    202.02      0.00      0.00      0.00      0.00

16:20:11        IFACE   rxpck/s   txpck/s    rxkB/s    txkB/s   rxcmp/s   txcmp/s  rxmcst/s   %ifutil
16:20:12         ens5    360.00    254.00    337.75    205.29      0.00      0.00      0.00      0.00

16:20:12        IFACE   rxpck/s   txpck/s    rxkB/s    txkB/s   rxcmp/s   txcmp/s  rxmcst/s   %ifutil
16:20:13         ens5    361.00    253.00    336.73    203.92      0.00      0.00      0.00      0.00

16:20:13        IFACE   rxpck/s   txpck/s    rxkB/s    txkB/s   rxcmp/s   txcmp/s  rxmcst/s   %ifutil
16:20:14         ens5    362.00    252.00    337.85    205.15      0.00      0.00      0.00      0.00

16:20:14        IFACE   rxpck/s   txpck/s    rxkB/s    txkB/s   rxcmp/s   txcmp/s  rxmcst/s   %ifutil
16:20:15         ens5    364.00    252.00    338.14    205.14      0.00      0.00      0.00      0.00

16:20:15        IFACE   rxpck/s   txpck/s    rxkB/s    txkB/s   rxcmp/s   txcmp/s  rxmcst/s   %ifutil
16:20:16         ens5    358.00    251.00    337.70    205.04      0.00      0.00      0.00      0.00

16:20:16        IFACE   rxpck/s   txpck/s    rxkB/s    txkB/s   rxcmp/s   txcmp/s  rxmcst/s   %ifutil
16:20:17         ens5    355.00    251.00    337.43    205.06      0.00      0.00      0.00      0.00

16:20:17        IFACE   rxpck/s   txpck/s    rxkB/s    txkB/s   rxcmp/s   txcmp/s  rxmcst/s   %ifutil
16:20:18         ens5    365.00    253.00    338.10    205.22      0.00      0.00      0.00      0.00

16:20:18        IFACE   rxpck/s   txpck/s    rxkB/s    txkB/s   rxcmp/s   txcmp/s  rxmcst/s   %ifutil
16:20:19         ens5    365.00    251.00    338.04    204.97      0.00      0.00      0.00      0.00

16:20:19        IFACE   rxpck/s   txpck/s    rxkB/s    txkB/s   rxcmp/s   txcmp/s  rxmcst/s   %ifutil
16:20:20         ens5    360.00    254.00    337.78    205.29      0.00      0.00      0.00      0.00

16:20:20        IFACE   rxpck/s   txpck/s    rxkB/s    txkB/s   rxcmp/s   txcmp/s  rxmcst/s   %ifutil
16:20:21         ens5    356.00    253.00    336.11    205.21      0.00      0.00      0.00      0.00

16:20:21        IFACE   rxpck/s   txpck/s    rxkB/s    txkB/s   rxcmp/s   txcmp/s  rxmcst/s   %ifutil
16:20:22         ens5    359.00    253.00    337.73    205.04      0.00      0.00      0.00      0.00

16:20:22        IFACE   rxpck/s   txpck/s    rxkB/s    txkB/s   rxcmp/s   txcmp/s  rxmcst/s   %ifutil
16:20:23         ens5    361.00    255.00    337.82    205.36      0.00      0.00      0.00      0.00

16:20:23        IFACE   rxpck/s   txpck/s    rxkB/s    txkB/s   rxcmp/s   txcmp/s  rxmcst/s   %ifutil
16:20:24         ens5    161.00    110.00    146.62     88.10      0.00      0.00      0.00      0.00

16:20:24        IFACE   rxpck/s   txpck/s    rxkB/s    txkB/s   rxcmp/s   txcmp/s  rxmcst/s   %ifutil
16:20:25         ens5      0.00      0.00      0.00      0.00      0.00      0.00      0.00      0.00


Average:        IFACE   rxpck/s   txpck/s    rxkB/s    txkB/s   rxcmp/s   txcmp/s  rxmcst/s   %ifutil
Average:         ens5    328.24    230.57    306.45    186.11      0.00      0.00      0.00      0.00
