Linux 7.0.0-1010-aws (ip-172-31-20-134) 	08/11/26 	_x86_64_	(2 CPU)

16:28:30        CPU     %user     %nice   %system   %iowait    %steal     %idle
16:28:31        all      1.52      0.00      2.02      0.00      0.00     96.46
16:28:32        all      0.00      0.00      0.50      0.00      0.00     99.50
16:28:33        all      0.50      0.00      0.50      0.00      0.00     99.00
16:28:34        all      0.50      0.00      0.50      0.00      0.00     99.00
16:28:35        all      0.00      0.00      0.00      0.00      0.00    100.00
16:28:36        all      0.00      0.00      0.00      0.00      0.00    100.00
16:28:37        all      0.50      0.00      0.00      0.00      0.00     99.50
16:28:38        all      0.50      0.00      0.50      0.00      0.00     99.00
16:28:39        all      1.02      0.00      0.51      0.00      0.00     98.48
16:28:40        all      0.50      0.00      0.00      0.00      0.00     99.50
16:28:41        all      0.00      0.00      0.50      0.00      0.00     99.50
16:28:42        all      0.50      0.00      0.00      0.00      0.00     99.50
16:28:43        all      4.02      0.00      1.01      0.00      0.00     94.97
16:28:44        all     62.44      0.00      7.61      0.00      0.00     29.95
16:28:45        all     85.64      0.00      9.74      0.00      0.00      4.62
16:28:46        all     67.84      0.00      8.04      0.00      0.00     24.12
16:28:47        all      0.00      0.00      0.00      0.00      0.00    100.00
16:28:48        all      0.50      0.00      0.00      0.00      0.00     99.50
16:28:49        all      0.00      0.00      0.00      0.00      0.00    100.00
16:28:50        all      0.50      0.00      0.50      0.00      0.50     98.51
16:28:51        all      0.00      0.00      0.50      0.00      0.00     99.50
16:28:52        all      0.50      0.00      0.00      0.00      0.00     99.50
16:28:53        all      0.50      0.00      0.00      0.00      0.00     99.50
16:28:54        all      0.00      0.00      0.00      0.00      0.00    100.00
16:28:55        all      1.00      0.00      0.50      0.50      0.00     98.00
16:28:56        all      0.50      0.00      0.00      0.00      0.00     99.50
16:28:57        all      0.50      0.00      0.50      0.00      0.00     99.00

Average:        all      8.41      0.00      1.23      0.02      0.02     90.32
