Linux 7.0.0-1010-aws (ip-172-31-20-134) 	08/11/26 	_x86_64_	(2 CPU)

16:28:30        IFACE   rxpck/s   txpck/s    rxkB/s    txkB/s   rxcmp/s   txcmp/s  rxmcst/s   %ifutil
16:28:31         ens5     53.00     42.00      4.57      4.89      0.00      0.00      0.00      0.00

16:28:31        IFACE   rxpck/s   txpck/s    rxkB/s    txkB/s   rxcmp/s   txcmp/s  rxmcst/s   %ifutil
16:28:32         ens5     47.00     40.00      4.11      4.30      0.00      0.00      0.00      0.00

16:28:32        IFACE   rxpck/s   txpck/s    rxkB/s    txkB/s   rxcmp/s   txcmp/s  rxmcst/s   %ifutil
16:28:33         ens5     11.00      8.00      0.89      0.84      0.00      0.00      0.00      0.00

16:28:33        IFACE   rxpck/s   txpck/s    rxkB/s    txkB/s   rxcmp/s   txcmp/s  rxmcst/s   %ifutil
16:28:34         ens5      0.00      0.00      0.00      0.00      0.00      0.00      0.00      0.00

16:28:34        IFACE   rxpck/s   txpck/s    rxkB/s    txkB/s   rxcmp/s   txcmp/s  rxmcst/s   %ifutil
16:28:35         ens5      1.00      1.00      0.07      0.09      0.00      0.00      0.00      0.00

16:28:35        IFACE   rxpck/s   txpck/s    rxkB/s    txkB/s   rxcmp/s   txcmp/s  rxmcst/s   %ifutil
16:28:36         ens5      0.00      0.00      0.00      0.00      0.00      0.00      0.00      0.00

16:28:36        IFACE   rxpck/s   txpck/s    rxkB/s    txkB/s   rxcmp/s   txcmp/s  rxmcst/s   %ifutil
16:28:37         ens5      0.00      0.00      0.00      0.00      0.00      0.00      0.00      0.00

16:28:37        IFACE   rxpck/s   txpck/s    rxkB/s    txkB/s   rxcmp/s   txcmp/s  rxmcst/s   %ifutil
16:28:38         ens5      0.00      0.00      0.00      0.00      0.00      0.00      0.00      0.00

16:28:38        IFACE   rxpck/s   txpck/s    rxkB/s    txkB/s   rxcmp/s   txcmp/s  rxmcst/s   %ifutil
16:28:39         ens5     42.00     41.00     32.51     25.26      0.00      0.00      0.00      0.00

16:28:39        IFACE   rxpck/s   txpck/s    rxkB/s    txkB/s   rxcmp/s   txcmp/s  rxmcst/s   %ifutil
16:28:40         ens5      0.00      0.00      0.00      0.00      0.00      0.00      0.00      0.00

16:28:40        IFACE   rxpck/s   txpck/s    rxkB/s    txkB/s   rxcmp/s   txcmp/s  rxmcst/s   %ifutil
16:28:41         ens5      0.00      0.00      0.00      0.00      0.00      0.00      0.00      0.00

16:28:41        IFACE   rxpck/s   txpck/s    rxkB/s    txkB/s   rxcmp/s   txcmp/s  rxmcst/s   %ifutil
16:28:42         ens5      0.00      0.00      0.00      0.00      0.00      0.00      0.00      0.00

16:28:42        IFACE   rxpck/s   txpck/s    rxkB/s    txkB/s   rxcmp/s   txcmp/s  rxmcst/s   %ifutil
16:28:43         ens5     30.00     31.00     15.24     20.47      0.00      0.00      0.00      0.00

16:28:43        IFACE   rxpck/s   txpck/s    rxkB/s    txkB/s   rxcmp/s   txcmp/s  rxmcst/s   %ifutil
16:28:44         ens5    426.00    375.00    217.90    240.12      0.00      0.00      0.00      0.00

16:28:44        IFACE   rxpck/s   txpck/s    rxkB/s    txkB/s   rxcmp/s   txcmp/s  rxmcst/s   %ifutil
16:28:45         ens5    889.00    657.00    443.21    422.62      0.00      0.00      0.00      0.00

16:28:45        IFACE   rxpck/s   txpck/s    rxkB/s    txkB/s   rxcmp/s   txcmp/s  rxmcst/s   %ifutil
16:28:46         ens5    198.00    346.00    108.71    143.43      0.00      0.00      0.00      0.00

16:28:46        IFACE   rxpck/s   txpck/s    rxkB/s    txkB/s   rxcmp/s   txcmp/s  rxmcst/s   %ifutil
16:28:47         ens5      0.00      0.00      0.00      0.00      0.00      0.00      0.00      0.00

16:28:47        IFACE   rxpck/s   txpck/s    rxkB/s    txkB/s   rxcmp/s   txcmp/s  rxmcst/s   %ifutil
16:28:48         ens5      0.00      0.00      0.00      0.00      0.00      0.00      0.00      0.00

16:28:48        IFACE   rxpck/s   txpck/s    rxkB/s    txkB/s   rxcmp/s   txcmp/s  rxmcst/s   %ifutil
16:28:49         ens5      0.00      0.00      0.00      0.00      0.00      0.00      0.00      0.00

16:28:49        IFACE   rxpck/s   txpck/s    rxkB/s    txkB/s   rxcmp/s   txcmp/s  rxmcst/s   %ifutil
16:28:50         ens5      0.00      0.00      0.00      0.00      0.00      0.00      0.00      0.00

16:28:50        IFACE   rxpck/s   txpck/s    rxkB/s    txkB/s   rxcmp/s   txcmp/s  rxmcst/s   %ifutil
16:28:51         ens5      1.00      1.00      0.07      0.09      0.00      0.00      0.00      0.00

16:28:51        IFACE   rxpck/s   txpck/s    rxkB/s    txkB/s   rxcmp/s   txcmp/s  rxmcst/s   %ifutil
16:28:52         ens5      0.00      0.00      0.00      0.00      0.00      0.00      0.00      0.00

16:28:52        IFACE   rxpck/s   txpck/s    rxkB/s    txkB/s   rxcmp/s   txcmp/s  rxmcst/s   %ifutil
16:28:53         ens5      0.00      0.00      0.00      0.00      0.00      0.00      0.00      0.00

16:28:53        IFACE   rxpck/s   txpck/s    rxkB/s    txkB/s   rxcmp/s   txcmp/s  rxmcst/s   %ifutil
16:28:54         ens5      0.00      0.00      0.00      0.00      0.00      0.00      0.00      0.00

16:28:54        IFACE   rxpck/s   txpck/s    rxkB/s    txkB/s   rxcmp/s   txcmp/s  rxmcst/s   %ifutil
16:28:55         ens5      0.00      0.00      0.00      0.00      0.00      0.00      0.00      0.00

16:28:55        IFACE   rxpck/s   txpck/s    rxkB/s    txkB/s   rxcmp/s   txcmp/s  rxmcst/s   %ifutil
16:28:56         ens5      0.00      0.00      0.00      0.00      0.00      0.00      0.00      0.00

16:28:56        IFACE   rxpck/s   txpck/s    rxkB/s    txkB/s   rxcmp/s   txcmp/s  rxmcst/s   %ifutil
16:28:57         ens5      0.00      0.00      0.00      0.00      0.00      0.00      0.00      0.00


Average:        IFACE   rxpck/s   txpck/s    rxkB/s    txkB/s   rxcmp/s   txcmp/s  rxmcst/s   %ifutil
Average:         ens5     62.89     57.11     30.64     31.93      0.00      0.00      0.00      0.00
