Linux 7.0.0-1010-aws (ip-172-31-20-134) 	08/11/26 	_x86_64_	(2 CPU)

17:00:19        CPU     %user     %nice   %system   %iowait    %steal     %idle
17:00:20        all      2.50      0.00      1.50      0.00      0.00     96.00
17:00:21        all      0.00      0.00      0.00      0.00      0.00    100.00
17:00:22        all      0.00      0.00      0.00      0.00      0.00    100.00
17:00:23        all      0.50      0.00      0.00      0.00      0.00     99.50
17:00:24        all      0.00      0.00      0.00      0.00      0.00    100.00
17:00:25        all      0.51      0.00      0.00      0.51      0.00     98.99
17:00:26        all      0.99      0.00      0.50      0.00      0.00     98.51
17:00:27        all      0.00      0.00      0.00      0.00      0.00    100.00
17:00:28        all      0.00      0.00      0.00      0.00      0.00    100.00
17:00:29        all      5.05      0.00      1.01      0.00      0.00     93.94
17:00:30        all      1.00      0.00      1.00      0.00      0.00     98.01
17:00:31        all      0.50      0.00      0.00      0.00      0.00     99.50
17:00:32        all      0.00      0.00      0.00      0.00      0.00    100.00
17:00:33        all      0.00      0.00      0.00      0.00      0.00    100.00
17:00:34        all      0.00      0.00      1.00      0.00      0.50     98.51
17:00:35        all     18.69      0.00      2.02      0.00      0.00     79.29
17:00:36        all     81.91      0.00     14.07      0.00      0.50      3.52
17:00:37        all     84.42      0.00     14.07      0.00      0.00      1.51
17:00:38        all      5.50      0.00      1.00      0.00      0.00     93.50
17:00:39        all      0.50      0.00      0.00      0.00      0.00     99.50
17:00:40        all      0.00      0.00      1.00      0.00      0.00     99.00
17:00:41        all      0.00      0.00      0.00      0.00      0.00    100.00
17:00:42        all      0.00      0.00      0.50      0.00      0.00     99.50
17:00:43        all      0.00      0.00      0.00      0.00      0.00    100.00
17:00:44        all      5.08      0.00      0.51      0.51      0.00     93.91
17:00:45        all      0.00      0.00      0.00      0.00      0.00    100.00
17:00:46        all      1.00      0.00      0.00      0.00      0.00     99.00
17:00:47        all      0.00      0.00      0.50      0.00      0.00     99.50

Average:        all      7.43      0.00      1.38      0.04      0.04     91.12
