Linux 7.0.0-1010-aws (ip-172-31-20-134) 	08/11/26 	_x86_64_	(2 CPU)

17:00:19    kbmemfree   kbavail kbmemused  %memused kbbuffers  kbcached  kbcommit   %commit  kbactive   kbinact   kbdirty
17:00:20       107196   1300332    393976     20.19     31188   1273768   1478448     75.78   1030140    579056       964
17:00:21       107196   1300332    393972     20.19     31188   1273772   1478448     75.78   1031256    579056       968
17:00:22       107196   1300332    393972     20.19     31188   1273772   1478448     75.78   1031256    579056       968
17:00:23       107196   1300332    393972     20.19     31188   1273772   1478448     75.78   1031256    579056       968
17:00:24       107196   1300332    393972     20.19     31188   1273772   1478448     75.78   1031256    579056       968
17:00:25       107196   1300356    393944     20.19     31212   1273772   1478448     75.78   1031292    579076       992
17:00:26       107196   1300356    393944     20.19     31212   1273772   1478448     75.78   1031292    579076       992
17:00:27       107196   1300356    393940     20.19     31212   1273776   1478448     75.78   1031292    579076       996
17:00:28       107196   1300356    393940     20.19     31212   1273776   1478448     75.78   1031292    579076       996
17:00:29       107196   1300368    393932     20.19     31212   1273784   1478448     75.78   1031532    579088      1004
17:00:30       105936   1299108    395192     20.26     31212   1273784   1479736     75.85   1032876    579088      1004
17:00:31       105684   1298888    395416     20.27     31212   1273812   1479736     75.85   1033236    579120      1032
17:00:32       105684   1298888    395416     20.27     31212   1273812   1479736     75.85   1033236    579120      1032
17:00:33       105684   1298888    395416     20.27     31212   1273812   1479736     75.85   1033992    579120      1032
17:00:34       105684   1298892    395416     20.27     31212   1273812   1479736     75.85   1034172    579124      1028
17:00:35       102156   1295372    398848     20.44     31212   1273908   1576144     80.79   1040908    579132      1124
17:00:36        90708   1284388    409732     21.00     31212   1274280   2059632    105.57   1051116    579592      1004
17:00:37        82860   1276828    417044     21.38     31212   1274644   2148616    110.13   1058376    579872      1368
17:00:38        82812   1276960    416888     21.37     31212   1274744   2148616    110.13   1054304    580044      1468
17:00:39        82812   1276960    416880     21.37     31212   1274752   2148616    110.13   1054252    580044      1476
17:00:40        82812   1276960    416880     21.37     31212   1274752   2148616    110.13   1054252    580044      1476
17:00:41        82560   1276720    417128     21.38     31212   1274756   2148616    110.13   1054468    580056      1440
17:00:42        82560   1276728    417128     21.38     31212   1274756   2148616    110.13   1054500    580064      1440
17:00:43        82560   1276728    417128     21.38     31212   1274756   2148616    110.13   1054500    580064      1440
17:00:44        82308   1276488    417372     21.39     31212   1274764   2148616    110.13   1054944    580076      1168
17:00:45        82308   1276488    417372     21.39     31212   1274764   2148616    110.13   1054944    580076      1168
17:00:46        82308   1276488    417372     21.39     31212   1274764   2148616    110.13   1055028    580076      1168
17:00:47        82308   1276488    417368     21.39     31212   1274768   2148616    110.13   1055068    580076      1172

Average:        96489   1290061    404056     20.71     31208   1274185   1766204     90.53   1042001    579481      1138
