Linux 7.0.0-1010-aws (ip-172-31-31-224) 	08/11/26 	_x86_64_	(2 CPU)

07:10:48    kbmemfree   kbavail kbmemused  %memused kbbuffers  kbcached  kbcommit   %commit  kbactive   kbinact   kbdirty
07:10:49       756184   1277724    453176     23.23     15192    648300   1601732     82.10    373944    637348       984
07:10:50       676048   1197592    533308     27.34     15192    648304   1685276     86.38    455204    637352       988
07:10:51       619600   1141144    589756     30.23     15192    648304   1743596     89.37    515348    637352       988
07:10:52       506704   1028248    702652     36.02     15192    648304   1865000     95.60    634352    637352       972
07:10:53       410440    931984    798916     40.95     15192    648304   1956592    100.29    725804    637352       972
07:10:54       362056    883600    847300     43.43     15192    648304   2003164    102.68    773520    637352       972
07:10:55       305860    827408    903492     46.31     15192    648308   2053412    105.25    825480    637356       976
07:10:56       169276    690824   1040076     53.31     15192    648308   2198916    112.71    967832    637356       976
07:10:57       169276    690824   1040076     53.31     15192    648308   2198916    112.71    967832    637356       976
07:10:58       169276    690824   1040076     53.31     15192    648308   2198916    112.71    967832    637356       976
07:10:59       169276    690832   1040068     53.31     15192    648316   2198916    112.71    967816    637364       984
07:11:00       169276    690832   1040064     53.31     15192    648320   2198916    112.71    967816    637364       932
07:11:01       169276    690832   1040064     53.31     15192    648320   2198916    112.71    967816    637364       932
07:11:02       169276    690832   1040064     53.31     15192    648320   2198916    112.71    967816    637364       932
07:11:03       169276    690832   1040064     53.31     15192    648320   2198916    112.71    967816    637364       932
07:11:04       169276    690832   1040064     53.31     15192    648320   2198916    112.71    967816    637364       932
07:11:05       169276    690832   1040060     53.31     15192    648324   2198980    112.72    967816    637364       940
07:11:06       169276    690840   1040060     53.31     15192    648324   2198980    112.72    968428    637372       940
07:11:07       169276    690840   1040060     53.31     15192    648324   2198980    112.72    968428    637372       940
07:11:08       169276    690840   1040056     53.31     15192    648328   2198980    112.72    968428    637372       944
07:11:09       169276    690840   1040056     53.31     15192    648328   2198980    112.72    968428    637372       944
07:11:10       169276    690840   1040052     53.31     15192    648332   2198980    112.72    968428    637372       948
07:11:11       169276    690840   1040052     53.31     15192    648332   2198980    112.72    968428    637372       948
07:11:12       169276    690840   1040052     53.31     15192    648332   2198980    112.72    968428    637372       948
07:11:13       169276    690840   1040052     53.31     15192    648332   2198980    112.72    968428    637372       948

Average:       267354    788909    941989     48.28     15192    648317   2099593    107.62    869171    637362       957
