Linux 7.0.0-1010-aws (ip-172-31-31-224) 	08/11/26 	_x86_64_	(2 CPU)

07:10:48        IFACE   rxpck/s   txpck/s    rxkB/s    txkB/s   rxcmp/s   txcmp/s  rxmcst/s   %ifutil
07:10:49         ens5     50.00     48.00      4.12      6.06      0.00      0.00      0.00      0.00

07:10:49        IFACE   rxpck/s   txpck/s    rxkB/s    txkB/s   rxcmp/s   txcmp/s  rxmcst/s   %ifutil
07:10:50         ens5     55.00     46.00      4.79      5.77      0.00      0.00      0.00      0.00

07:10:50        IFACE   rxpck/s   txpck/s    rxkB/s    txkB/s   rxcmp/s   txcmp/s  rxmcst/s   %ifutil
07:10:51         ens5     41.00     38.00      3.22      4.93      0.00      0.00      0.00      0.00

07:10:51        IFACE   rxpck/s   txpck/s    rxkB/s    txkB/s   rxcmp/s   txcmp/s  rxmcst/s   %ifutil
07:10:52         ens5      8.00      6.00      0.41      1.28      0.00      0.00      0.00      0.00

07:10:52        IFACE   rxpck/s   txpck/s    rxkB/s    txkB/s   rxcmp/s   txcmp/s  rxmcst/s   %ifutil
07:10:53         ens5      5.00      5.00      0.25      1.10      0.00      0.00      0.00      0.00

07:10:53        IFACE   rxpck/s   txpck/s    rxkB/s    txkB/s   rxcmp/s   txcmp/s  rxmcst/s   %ifutil
07:10:54         ens5     13.00     13.00      0.67      2.60      0.00      0.00      0.00      0.00

07:10:54        IFACE   rxpck/s   txpck/s    rxkB/s    txkB/s   rxcmp/s   txcmp/s  rxmcst/s   %ifutil
07:10:55         ens5      5.00      5.00      0.25      1.10      0.00      0.00      0.00      0.00

07:10:55        IFACE   rxpck/s   txpck/s    rxkB/s    txkB/s   rxcmp/s   txcmp/s  rxmcst/s   %ifutil
07:10:56         ens5      3.00      5.00      0.15      1.05      0.00      0.00      0.00      0.00

07:10:56        IFACE   rxpck/s   txpck/s    rxkB/s    txkB/s   rxcmp/s   txcmp/s  rxmcst/s   %ifutil
07:10:57         ens5      3.00      1.00      0.16      0.19      0.00      0.00      0.00      0.00

07:10:57        IFACE   rxpck/s   txpck/s    rxkB/s    txkB/s   rxcmp/s   txcmp/s  rxmcst/s   %ifutil
07:10:58         ens5     18.00     20.00      1.05     17.35      0.00      0.00      0.00      0.00

07:10:58        IFACE   rxpck/s   txpck/s    rxkB/s    txkB/s   rxcmp/s   txcmp/s  rxmcst/s   %ifutil
07:10:59         ens5      0.00      0.00      0.00      0.00      0.00      0.00      0.00      0.00

07:10:59        IFACE   rxpck/s   txpck/s    rxkB/s    txkB/s   rxcmp/s   txcmp/s  rxmcst/s   %ifutil
07:11:00         ens5      0.00      0.00      0.00      0.00      0.00      0.00      0.00      0.00

07:11:00        IFACE   rxpck/s   txpck/s    rxkB/s    txkB/s   rxcmp/s   txcmp/s  rxmcst/s   %ifutil
07:11:01         ens5      0.00      0.00      0.00      0.00      0.00      0.00      0.00      0.00

07:11:01        IFACE   rxpck/s   txpck/s    rxkB/s    txkB/s   rxcmp/s   txcmp/s  rxmcst/s   %ifutil
07:11:02         ens5     41.00     48.00      2.52     35.57      0.00      0.00      0.00      0.00

07:11:02        IFACE   rxpck/s   txpck/s    rxkB/s    txkB/s   rxcmp/s   txcmp/s  rxmcst/s   %ifutil
07:11:03         ens5    382.00    388.00     22.91    289.99      0.00      0.00      0.00      0.00

07:11:03        IFACE   rxpck/s   txpck/s    rxkB/s    txkB/s   rxcmp/s   txcmp/s  rxmcst/s   %ifutil
07:11:04         ens5    745.00    767.00     45.09    594.17      0.00      0.00      0.00      0.00

07:11:04        IFACE   rxpck/s   txpck/s    rxkB/s    txkB/s   rxcmp/s   txcmp/s  rxmcst/s   %ifutil
07:11:05         ens5    196.00    196.00     11.74    152.89      0.00      0.00      0.00      0.00

07:11:05        IFACE   rxpck/s   txpck/s    rxkB/s    txkB/s   rxcmp/s   txcmp/s  rxmcst/s   %ifutil
07:11:06         ens5      0.00      0.00      0.00      0.00      0.00      0.00      0.00      0.00

07:11:06        IFACE   rxpck/s   txpck/s    rxkB/s    txkB/s   rxcmp/s   txcmp/s  rxmcst/s   %ifutil
07:11:07         ens5      0.00      0.00      0.00      0.00      0.00      0.00      0.00      0.00

07:11:07        IFACE   rxpck/s   txpck/s    rxkB/s    txkB/s   rxcmp/s   txcmp/s  rxmcst/s   %ifutil
07:11:08         ens5      0.00      0.00      0.00      0.00      0.00      0.00      0.00      0.00

07:11:08        IFACE   rxpck/s   txpck/s    rxkB/s    txkB/s   rxcmp/s   txcmp/s  rxmcst/s   %ifutil
07:11:09         ens5      0.00      0.00      0.00      0.00      0.00      0.00      0.00      0.00

07:11:09        IFACE   rxpck/s   txpck/s    rxkB/s    txkB/s   rxcmp/s   txcmp/s  rxmcst/s   %ifutil
07:11:10         ens5      0.00      0.00      0.00      0.00      0.00      0.00      0.00      0.00

07:11:10        IFACE   rxpck/s   txpck/s    rxkB/s    txkB/s   rxcmp/s   txcmp/s  rxmcst/s   %ifutil
07:11:11         ens5      0.00      0.00      0.00      0.00      0.00      0.00      0.00      0.00

07:11:11        IFACE   rxpck/s   txpck/s    rxkB/s    txkB/s   rxcmp/s   txcmp/s  rxmcst/s   %ifutil
07:11:12         ens5      0.00      0.00      0.00      0.00      0.00      0.00      0.00      0.00

07:11:12        IFACE   rxpck/s   txpck/s    rxkB/s    txkB/s   rxcmp/s   txcmp/s  rxmcst/s   %ifutil
07:11:13         ens5      1.00      1.00      0.03      0.04      0.00      0.00      0.00      0.00


Average:        IFACE   rxpck/s   txpck/s    rxkB/s    txkB/s   rxcmp/s   txcmp/s  rxmcst/s   %ifutil
Average:         ens5     62.64     63.48      3.90     44.56      0.00      0.00      0.00      0.00
