Linux 7.0.0-1008-aws (ip-172-31-20-134) 	08/07/26 	_x86_64_	(2 CPU)

14:59:34        CPU     %user     %nice   %system   %iowait    %steal     %idle
14:59:35        all      2.50      0.00      1.00      0.00      0.00     96.50
14:59:36        all      0.00      0.00      0.00      0.00      0.00    100.00
14:59:37        all      0.50      0.00      0.50      0.00      0.00     99.00
14:59:38        all      0.00      0.00      0.50      0.00      0.00     99.50
14:59:39        all      0.00      0.00      0.00      0.00      0.00    100.00
14:59:40        all      0.50      0.00      0.00      0.00      0.00     99.50
14:59:41        all      1.01      0.00      0.00      0.00      0.00     98.99
14:59:42        all      0.00      0.00      0.00      0.00      0.00    100.00
14:59:43        all      0.00      0.00      0.00      0.00      0.00    100.00
14:59:44        all      6.53      0.00      2.01      0.00      0.00     91.46
14:59:45        all      5.08      0.00      1.02      0.00      0.00     93.91
14:59:46        all      5.08      0.00      1.02      0.00      0.00     93.91
14:59:47        all      5.58      0.00      0.51      0.00      0.00     93.91
14:59:48        all      5.08      0.00      1.02      0.00      0.00     93.91
14:59:49        all      5.56      0.00      1.01      0.00      0.00     93.43
14:59:50        all      4.57      0.00      1.02      0.00      0.51     93.91
14:59:51        all      6.06      0.00      0.51      0.00      1.01     92.42
14:59:52        all      6.34      0.00      0.98      0.00      8.78     83.90
14:59:53        all      5.94      0.00      0.99      0.00      3.47     89.60
14:59:54        all      5.58      0.00      0.51      0.00      0.51     93.40
14:59:55        all      5.05      0.00      1.01      0.00      0.00     93.94
14:59:56        all      6.03      0.00      1.01      0.00      0.00     92.96
14:59:57        all      5.03      0.00      1.51      0.00      0.00     93.47
14:59:58        all      5.08      0.00      1.02      0.00      0.00     93.91
14:59:59        all     12.12      0.00      1.52      0.00      0.00     86.36
15:00:00        all      4.98      0.00      1.49      0.00      3.48     90.05
15:00:01        all      5.45      0.00      1.49      0.00      4.46     88.61
15:00:02        all      4.93      0.00      0.99      0.99      2.96     90.15
15:00:03        all     13.20      0.00      2.54      5.08      0.00     79.19
15:00:04        all     13.20      0.00      3.55      4.57      0.00     78.68
15:00:05        all      5.10      0.00      0.00      0.00      0.00     94.90
15:00:06        all      5.08      0.00      1.02      0.00      0.00     93.91
15:00:07        all      5.08      0.00      1.02      0.00      0.00     93.91
15:00:08        all      4.57      0.00      1.02      0.51      0.00     93.91
15:00:09        all      5.10      0.00      0.00      0.51      0.00     94.39
15:00:10        all      5.53      0.00      1.51      0.00      0.00     92.96
15:00:11        all      5.08      0.00      0.51      0.00      0.51     93.91
15:00:12        all      5.53      0.00      1.01      0.00      0.00     93.47
15:00:13        all      5.10      0.00      0.51      0.00      0.00     94.39
15:00:14        all     10.66      0.00      2.03      0.00      0.00     87.31
15:00:15        all      5.10      0.00      0.00      0.00      0.00     94.90
15:00:16        all      5.58      0.00      0.51      0.00      0.00     93.91
15:00:17        all      5.05      0.00      1.01      0.00      0.00     93.94
15:00:18        all      5.56      0.00      0.51      0.00      0.51     93.43
15:00:19        all      5.08      0.00      1.02      0.00      0.00     93.91
15:00:20        all      5.53      0.00      0.50      0.00      0.00     93.97
15:00:21        all      5.10      0.00      0.51      0.00      0.00     94.39
15:00:22        all      5.56      0.00      1.01      0.00      0.00     93.43
15:00:23        all      5.08      0.00      0.51      0.00      0.00     94.42
15:00:24        all      5.05      0.00      1.52      0.00      0.00     93.43
15:00:25        all      5.53      0.00      1.01      0.00      0.00     93.47
15:00:26        all      5.58      0.00      1.02      0.00      0.00     93.40
15:00:27        all      4.57      0.00      0.51      0.00      0.00     94.92
15:00:28        all      5.56      0.00      1.01      0.00      0.00     93.43
15:00:29        all     10.66      0.00      2.03      0.00      0.00     87.31
15:00:30        all      5.56      0.00      1.01      0.00      0.00     93.43
15:00:31        all      5.58      0.00      1.02      0.00      0.00     93.40
15:00:32        all      5.61      0.00      0.51      0.00      0.00     93.88
15:00:33        all      5.58      0.00      1.02      0.00      0.00     93.40
15:00:34        all      5.00      0.00      1.00      0.00      0.50     93.50
15:00:35        all      5.10      0.00      0.51      0.00      0.00     94.39
15:00:36        all      5.10      0.00      0.51      0.00      0.00     94.39
15:00:37        all      5.53      0.00      1.01      0.00      0.00     93.47
15:00:38        all      5.08      0.00      1.52      0.00      0.00     93.40
15:00:39        all      5.05      0.00      0.51      0.51      0.00     93.94
15:00:40        all      5.05      0.00      1.01      0.00      0.51     93.43
15:00:41        all      5.53      0.00      1.01      0.00      0.00     93.47
15:00:42        all      5.05      0.00      1.01      0.00      0.00     93.94
15:00:43        all      4.62      0.00      1.03      0.00      0.00     94.36
15:00:44        all     11.11      0.00      2.53      0.00      0.00     86.36
15:00:45        all      4.55      0.00      1.01      0.00      0.00     94.44
15:00:46        all      5.58      0.00      0.51      0.00      0.00     93.91
15:00:47        all      5.58      0.00      1.02      0.00      0.00     93.40
15:00:48        all      5.03      0.00      1.01      0.00      0.00     93.97
15:00:49        all      5.08      0.00      1.02      0.00      0.00     93.91
15:00:50        all      5.03      0.00      1.51      0.00      0.00     93.47
15:00:51        all      5.13      0.00      0.51      0.00      0.00     94.36
15:00:52        all      5.10      0.00      1.02      0.00      0.00     93.88
15:00:53        all      4.55      0.00      1.01      0.00      0.00     94.44
15:00:54        all      5.58      0.00      0.00      0.00      0.00     94.42
15:00:55        all      5.03      0.00      1.01      0.50      0.00     93.47
15:00:56        all      5.61      0.00      0.51      0.00      0.00     93.88
15:00:57        all      5.05      0.00      1.01      0.00      0.00     93.94
15:00:58        all      5.56      0.00      0.51      0.00      0.00     93.94
15:00:59        all     10.61      0.00      2.02      0.00      0.51     86.87
15:01:00        all      4.50      0.00      1.00      0.00      0.50     94.00
15:01:01        all      5.03      0.00      1.51      0.00      0.00     93.47
15:01:02        all      5.08      0.00      1.02      0.51      0.00     93.40
15:01:03        all      5.08      0.00      1.02      0.00      0.00     93.91
15:01:04        all      6.03      0.00      1.01      0.50      0.00     92.46
15:01:05        all      4.59      0.00      0.51      0.00      0.00     94.90
15:01:06        all      5.58      0.00      1.02      0.00      0.00     93.40
15:01:07        all      4.06      0.00      0.51      0.00      0.51     94.92
15:01:08        all      5.58      0.00      0.51      0.00      0.00     93.91
15:01:09        all      5.08      0.00      0.51      0.00      0.00     94.42
15:01:10        all      5.05      0.00      1.52      0.00      0.51     92.93
15:01:11        all      9.09      0.00      0.51      0.00      0.00     90.40
15:01:12        all      5.05      0.00      1.01      0.00      0.00     93.94
15:01:13        all      5.13      0.00      0.00      0.00      0.00     94.87
15:01:14        all      9.09      0.00      2.53      0.00      0.51     87.88
15:01:15        all      5.58      0.00      0.51      0.00      0.00     93.91
15:01:16        all      5.05      0.00      1.01      0.00      0.00     93.94
15:01:17        all      4.57      0.00      1.52      0.00      0.00     93.91
15:01:18        all      5.56      0.00      1.01      0.00      0.00     93.43
15:01:19        all      5.03      0.00      1.01      0.00      0.00     93.97
15:01:20        all      5.13      0.00      0.00      0.00      0.00     94.87
15:01:21        all      5.03      0.00      1.51      0.00      0.00     93.47
15:01:22        all      5.08      0.00      0.51      0.00      0.00     94.42
15:01:23        all      5.08      0.00      1.02      0.00      0.00     93.91
15:01:24        all      5.10      0.00      0.51      0.00      0.00     94.39
15:01:25        all      4.57      0.00      0.51      0.00      0.00     94.92
15:01:26        all      6.06      0.00      1.01      0.00      0.00     92.93
15:01:27        all      4.57      0.00      0.51      0.00      0.00     94.92
15:01:28        all      5.58      0.00      1.02      0.00      0.00     93.40
15:01:29        all     10.20      0.00      1.53      0.00      0.51     87.76
15:01:30        all      5.56      0.00      1.01      0.00      0.00     93.43
15:01:31        all      5.08      0.00      0.51      0.00      0.00     94.42
15:01:32        all      5.58      0.00      1.02      0.51      0.00     92.89
15:01:33        all      5.53      0.00      2.01      0.00      0.00     92.46
15:01:34        all      5.05      0.00      1.01      0.00      0.00     93.94
15:01:35        all      5.58      0.00      0.00      0.00      0.00     94.42
15:01:36        all      5.08      0.00      1.02      0.00      0.00     93.91
15:01:37        all      5.53      0.00      1.01      0.00      0.00     93.47
15:01:38        all      4.59      0.00      0.51      0.00      0.00     94.90
15:01:39        all      5.03      0.00      1.01      0.00      0.50     93.47
15:01:40        all      5.56      0.00      0.51      0.00      0.00     93.94
15:01:41        all      5.61      0.00      0.51      0.00      0.00     93.88
15:01:42        all      5.50      0.00      1.50      0.00      0.00     93.00
15:01:43        all      4.59      0.00      0.51      0.00      0.00     94.90
15:01:44        all     10.71      0.00      1.53      0.00      0.00     87.76
15:01:45        all      4.55      0.00      1.01      0.51      0.00     93.94
15:01:46        all      5.56      0.00      1.01      0.00      0.00     93.43
15:01:47        all      4.57      0.00      1.02      0.00      0.00     94.42
15:01:48        all      5.58      0.00      0.51      0.00      0.00     93.91
15:01:49        all      5.05      0.00      1.52      0.00      0.00     93.43
15:01:50        all      5.10      0.00      0.00      0.00      0.00     94.90
15:01:51        all      5.56      0.00      1.01      0.00      0.51     92.93
15:01:52        all      4.08      0.00      0.51      0.00      0.00     95.41
15:01:53        all      0.00      0.00      0.50      0.00      0.00     99.50
15:01:54        all      0.50      0.00      0.00      0.00      0.00     99.50


Average:        all      5.29      0.00      0.91      0.10      0.23     93.47
