Linux 7.0.0-1008-aws (ip-172-31-20-134) 	08/07/26 	_x86_64_	(2 CPU)

14:59:34    kbmemfree   kbavail kbmemused  %memused kbbuffers  kbcached  kbcommit   %commit  kbactive   kbinact   kbdirty
14:59:35       287540   1274892    384572     19.71      6140   1087952   1627184     83.41    788860    582640       296
14:59:36       287540   1274892    384572     19.71      6140   1087952   1627184     83.41    788860    582640       296
14:59:37       287540   1274892    384568     19.71      6140   1087956   1627184     83.41    788860    582640       304
14:59:38       287540   1274892    384568     19.71      6140   1087956   1627184     83.41    788860    582640       304
14:59:39       287540   1274892    384568     19.71      6140   1087956   1627184     83.41    788860    582640       304
14:59:40       287540   1274892    384568     19.71      6140   1087956   1627184     83.41    788860    582640       304
14:59:41       287540   1274892    384568     19.71      6140   1087956   1627184     83.41    788860    582640       304
14:59:42       287540   1274892    384564     19.71      6140   1087960   1627184     83.41    788860    582640       308
14:59:43       287540   1274892    384564     19.71      6140   1087960   1627184     83.41    788860    582640       308
14:59:44       287540   1275084    384380     19.70      6140   1088144   1628588     83.48    790900    582656       316
14:59:45       287540   1275136    384328     19.70      6140   1088196   1629296     83.52    794404    582708       368
14:59:46       287540   1275268    384180     19.69      6140   1088336   1637892     83.96    794980    582836       508
14:59:47       287540   1275412    384036     19.69      6140   1088480   1638152     83.97    795248    582980       652
14:59:48       287540   1275488    383900     19.68      6140   1088608   1642248     84.18    795960    583052       780
14:59:49       287540   1275800    383652     19.67      6140   1088852   1642736     84.21    797548    583256       920
14:59:50       287540   1275944    383504     19.66      6140   1089000   1642776     84.21    798216    583400      1068
14:59:51       287540   1276084    383356     19.65      6140   1089140   1642872     84.22    797020    583536      1208
14:59:52       287540   1276108    383220     19.64      6140   1089276   1642896     84.22    797160    583560      1344
14:59:53       287540   1276268    383088     19.64      6140   1089404   1642936     84.22    797288    583720      1472
14:59:54       287540   1276504    382940     19.63      6140   1089552   1651264     84.65    797628    583956      1620
14:59:55       287540   1276628    382804     19.62      6140   1089680   1651296     84.65    797800    584076      1748
14:59:56       287540   1276764    382652     19.62      6140   1089832   1651296     84.65    797868    584212      1900
14:59:57       287540   1276868    382512     19.61      6140   1089968   1651296     84.65    797976    584312      2036
14:59:58       287540   1277008    382360     19.60      6140   1090112   1651432     84.65    798128    584448      2180
14:59:59       287540   1277212    382228     19.59      6140   1090244   1651632     84.67    798264    584652      2312
15:00:00       287540   1277256    382072     19.59      6140   1090396   1651648     84.67    798408    584696      2464
15:00:01       287540   1277444    381948     19.58      6140   1090520   1651648     84.67    798428    584884      2588
15:00:02       287540   1277644    381772     19.57      6172   1090652   1651648     84.67    798516    585076      2792
15:00:03       243096   1254972    404452     20.73      6600   1111976   1651648     84.67    832876    604340      2988
15:00:04       238528   1242024    417296     21.39      6832   1103264   1651648     84.67    846564    590976      3296
15:00:05       238528   1242160    417156     21.38      6832   1103396   1651836     84.68    846856    591108      3428
15:00:06       238528   1242580    416676     21.36      6832   1103876   1651836     84.68    847276    591240      3560
15:00:07       238276   1242388    416792     21.37      6832   1104008   1651836     84.68    847340    591300      3692
15:00:08       238024   1242408    416896     21.37      6840   1104140   1651848     84.68    848004    591508       728
15:00:09       238024   1242560    416736     21.36      6840   1104300   1651848     84.68    847848    591660       472
15:00:10       238024   1242708    416592     21.36      6840   1104440   1651848     84.68    847780    591804       576
15:00:11       237772   1242552    416696     21.36      6840   1104580   1651848     84.68    848060    591896       716
15:00:12       237520   1242496    416804     21.37      6840   1104724   1651872     84.68    848528    592092       860
15:00:13       237520   1242596    416660     21.36      6840   1104864   1651872     84.68    848632    592192      1000
15:00:14       236764   1242028    417264     21.39      6840   1105016   1651872     84.68    849436    592380      1152
15:00:15       236764   1242160    417112     21.38      6840   1105160   1651872     84.68    849460    592508      1296
15:00:16       236512   1242032    417232     21.39      6840   1105292   1651884     84.68    849544    592632      1428
15:00:17       236260   1241948    417328     21.39      6840   1105440   1651884     84.68    849628    592796      1576
15:00:18       234748   1240584    418696     21.46      6840   1105580   1651916     84.68    850144    592940      1716
15:00:19       234748   1240664    418552     21.46      6840   1105724   1651916     84.68    850188    593020      1860
15:00:20       234748   1240784    418408     21.45      6840   1105860   1651916     84.68    850196    593136      1996
15:00:21       233992   1240236    419032     21.48      6840   1105992   1656088     84.89    851036    593344      2128
15:00:22       233992   1240356    418872     21.47      6840   1106148   1656088     84.89    850416    593464      2284
15:00:23       233740   1240228    418992     21.48      6840   1106280   1656088     84.89    850416    593588      2416
15:00:24       233740   1240356    418836     21.47      6840   1106428   1656088     84.89    850500    593712      2564
15:00:25       233488   1240236    418948     21.48      6840   1106564   1656188     84.90    850424    593840      2700
15:00:26       233236   1240212    419060     21.48      6840   1106704   1656188     84.90    850568    594068      2840
15:00:27       233236   1240336    418912     21.47      6840   1106844   1656188     84.90    850572    594188      2980
15:00:28       232984   1240208    419020     21.48      6840   1106988   1656248     84.90    850572    594312      3124
15:00:29       232732   1240148    419124     21.48      6840   1107132   1656248     84.90    850700    594504      3268
15:00:30       232732   1240244    418980     21.48      6840   1107276   1656248     84.90    850708    594600      3412
15:00:31       232480   1240120    419084     21.48      6840   1107416   1656248     84.90    850708    594724      3552
15:00:32       232228   1240100    419160     21.49      6868   1107560   1656296     84.90    851188    594952      3720
15:00:33       231472   1239476    419768     21.52      6868   1107700   1656296     84.90    851880    595080      3596
15:00:34       231220   1239380    419880     21.52      6868   1107836   1656296     84.90    851924    595236      3696
15:00:35       230716   1239020    420240     21.54      6868   1107980   1656296     84.90    852696    595380      3840
15:00:36       230212   1238668    420580     21.56      6868   1108128   1656384     84.91    853040    595528      3988
15:00:37       229960   1238504    420688     21.57      6868   1108264   1656412     84.91    852216    595616      4124
15:00:38       229708   1238448    420792     21.57      6868   1108404   1656508     84.91    852344    595808      4216
15:00:39       229708   1238592    420636     21.56      6868   1108548   1656508     84.91    852428    595948         8
15:00:40       229456   1238460    420752     21.57      6868   1108684   1656508     84.91    852432    596068       156
15:00:41       229204   1238352    420848     21.57      6868   1108824   1656540     84.92    852540    596208       296
15:00:42       229204   1238512    420688     21.57      6868   1108976   1656540     84.92    852628    596368       452
15:00:43       228952   1238384    420800     21.57      6868   1109112   1656540     84.92    852628    596492       588
15:00:44       227944   1237540    421652     21.61      6868   1109268   1656528     84.92    852700    596656       744
15:00:45       227944   1237672    421516     21.61      6868   1109396   1656528     84.92    852820    596784       872
15:00:46       227692   1237576    421596     21.61      6868   1109548   1656524     84.92    853040    596936      1024
15:00:47       227440   1237464    421716     21.62      6868   1109680   1656524     84.92    853148    597076      1156
15:00:48       227188   1237360    421808     21.62      6868   1109832   1656524     84.92    853252    597220      1308
15:00:49       227188   1237440    421676     21.62      6868   1109964   1656524     84.92    853296    597300      1440
15:00:50       226432   1236900    422276     21.65      6868   1110116   1656524     84.92    854156    597516      1592
15:00:51       225928   1236532    422648     21.67      6868   1110248   1656536     84.92    854704    597652      1724
15:00:52       225928   1236636    422496     21.66      6868   1110392   1656536     84.92    854504    597752      1868
15:00:53       225676   1236512    422608     21.66      6868   1110528   1656536     84.92    854504    597876      2004
15:00:54       225424   1236448    422716     21.67      6868   1110672   1656536     84.92    854856    598064      2148
15:00:55       225172   1236360    422816     21.67      6876   1110808   1656540     84.92    855076    598224      2376
15:00:56       225172   1236484    422660     21.67      6876   1110956   1656540     84.92    855004    598348      2516
15:00:57       224920   1236356    422772     21.67      6876   1111092   1656556     84.92    855084    598472      2652
15:00:58       224920   1236480    422628     21.66      6876   1111236   1656556     84.92    855084    598596      2796
15:00:59       224164   1235916    423228     21.70      6876   1111384   1656556     84.92    854804    598784      2944
15:01:00       224164   1236008    423088     21.69      6876   1111516   1656556     84.92    854804    598872      3076
15:01:01       223912   1235888    423208     21.69      6876   1111648   1656556     84.92    855044    599004      3208
15:01:02       223912   1236012    423052     21.69      6900   1111776   1656556     84.92    855256    599124      3336
15:01:03       223408   1235720    423432     21.71      6900   1111900   1656572     84.92    855768    599336      3460
15:01:04       221108   1235640    423448     21.71      6924   1114100   1656572     84.92    856044    601528      3624
15:01:05       220856   1235520    423552     21.71      6924   1114248   1656572     84.92    856084    601660      3772
15:01:06       220100   1234956    424152     21.74      6924   1114396   1656764     84.93    856688    601848      3920
15:01:07       220100   1234984    424024     21.74      6924   1114524   1656764     84.93    856784    601876      4048
15:01:08       219848   1234784    424116     21.74      6924   1114668   1656752     84.93    856860    601924      4192
15:01:09       219596   1234740    424232     21.75      6924   1114804   1656752     84.93    856860    602132      4160
15:01:10       219596   1234896    424088     21.74      6924   1114944   1656748     84.93    856864    602284      4236
15:01:11       218588   1234136    424960     21.78      6924   1115080   1656748     84.93    857032    602532      4372
15:01:12       218588   1234284    424804     21.78      6924   1115228   1656748     84.93    857116    602676      4468
15:01:13       218336   1234156    424924     21.78      6924   1115356   1656688     84.92    857116    602800      4596
15:01:14       217580   1233580    425516     21.81      6924   1115520   1656688     84.92    857468    602948       168
15:01:15       217328   1233456    425620     21.82      6924   1115660   1656688     84.92    857468    603072       320
15:01:16       217076   1233368    425716     21.82      6924   1115816   1656688     84.92    857800    603236       476
15:01:17       216824   1233240    425840     21.83      6924   1115940   1656676     84.92    857648    603356       600
15:01:18       216824   1233364    425684     21.82      6924   1116088   1656672     84.92    857892    603476       748
15:01:19       216824   1233536    425544     21.81      6924   1116224   1656672     84.92    857968    603648       884
15:01:20       216068   1232924    426160     21.85      6924   1116364   1656696     84.92    858564    603792      1024
15:01:21       215816   1232808    426268     21.85      6924   1116500   1656696     84.92    859016    603924      1160
15:01:22       214808   1231952    427128     21.90      6924   1116648   1656796     84.93    859520    604076      1308
15:01:23       214808   1232092    426980     21.89      6924   1116792   1656832     84.93    859756    604212      1452
15:01:24       214556   1231956    427104     21.89      6924   1116920   1656832     84.93    859260    604328      1580
15:01:25       214556   1232080    426948     21.89      6924   1117068   1656832     84.93    859236    604448      1728
15:01:26       214052   1231744    427308     21.90      6924   1117208   1656832     84.93    859524    604616      1868
15:01:27       214052   1231852    427172     21.90      6924   1117344   1656832     84.93    859548    604724      2004
15:01:28       213548   1231536    427528     21.92      6924   1117484   1665368     85.37    859860    604908      2144
15:01:29       213044   1231184    427872     21.93      6924   1117636   1665612     85.38    860144    605060      2296
15:01:30       213044   1231268    427728     21.93      6924   1117772   1665688     85.39    860188    605140      2348
15:01:31       212288   1230704    428336     21.96      6924   1117920   1665688     85.39    860592    605332      2476
15:01:32       212288   1230832    428196     21.95      6960   1118020   1665728     85.39    860592    605456      2612
15:01:33       211532   1230276    428768     21.98      6960   1118196   1665728     85.39    861172    605652      2828
15:01:34       211532   1230400    428636     21.97      6960   1118328   1665728     85.39    861172    605776      2960
15:01:35       210524   1229560    429488     22.02      6960   1118480   1669960     85.60    861872    605944      3112
15:01:36       210020   1229196    429844     22.03      6960   1118620   1669960     85.60    862400    606080      3252
15:01:37       210020   1229324    429704     22.03      6960   1118760   1669960     85.60    862140    606208      3392
15:01:38       210020   1229544    429476     22.02      6960   1118984   1669960     85.60    862060    606424      3612
15:01:39       210020   1229668    429332     22.01      6960   1119128   1669960     85.60    862060    606548      3756
15:01:40       210020   1229868    429148     22.00      6960   1119304   1669960     85.60    862064    606744      3696
15:01:41       209768   1229616    429304     22.01      6960   1119400   1669968     85.60    862064    606744      3792
15:01:42       209516   1229552    429352     22.01      6960   1119592   1669968     85.60    862128    606928      3984
15:01:43       209264   1229360    429460     22.01      6960   1119732   1669976     85.61    862192    606984      4124
15:01:44       208256   1228592    430320     22.06      6960   1119880   1670004     85.61    862152    607224      4272
15:01:45       208256   1228676    430228     22.05      6960   1119972   1670004     85.61    862236    607308       332
15:01:46       208256   1228912    430084     22.05      6960   1120116   1670004     85.61    862284    607544       416
15:01:47       208256   1229080    429940     22.04      6960   1120252   1670004     85.61    862284    607708       552
15:01:48       208004   1228956    430040     22.04      6960   1120404   1670016     85.61    862904    607836       644
15:01:49       207752   1228796    430160     22.05      6960   1120532   1670016     85.61    862968    607928       772
15:01:50       207752   1228924    430008     22.04      6960   1120676   1670016     85.61    862852    608052       916
15:01:51       207248   1228548    430372     22.06      6960   1120816   1670036     85.61    862888    608180      1056
15:01:52       206492   1228000    430948     22.09      6960   1120988   1670112     85.61    863844    608384      1228
15:01:53       206492   1228000    430944     22.09      6960   1120992   1670112     85.61    863924    608384      1232
15:01:54       206492   1228000    430944     22.09      6960   1120992   1670112     85.61    863924    608384      1232

Average:       236043   1243842    415344     21.29      6742   1107627   1654846     84.83    843103    596471      2038
