Linux 7.0.0-1010-aws (ip-172-31-20-134) 	08/11/26 	_x86_64_	(2 CPU)

19:05:03    kbmemfree   kbavail kbmemused  %memused kbbuffers  kbcached  kbcommit   %commit  kbactive   kbinact   kbdirty
19:05:04       122816   1310972    380652     19.51     34700   1263308   1478592     75.79    756004    817612       456
19:05:05       122816   1310972    380652     19.51     34700   1263308   1478592     75.79    756004    817612       456
19:05:06       122816   1310972    380652     19.51     34700   1263308   1478592     75.79    756004    817612       456
19:05:07       122816   1310972    380648     19.51     34700   1263312   1478592     75.79    756004    817612       460
19:05:08       122816   1310972    380648     19.51     34700   1263312   1480028     75.86    757264    817612       460
19:05:09       122816   1310996    380620     19.51     34700   1263340   1480028     75.86    757468    817636       488
19:05:10       122816   1310996    380620     19.51     34700   1263340   1480028     75.86    757468    817636       488
19:05:11       122816   1310996    380620     19.51     34700   1263340   1480028     75.86    757468    817636       488
19:05:12       122816   1311012    380612     19.51     34700   1263348   1497092     76.74    760492    817652       496
19:05:13       109692   1298668    392948     20.14     34700   1264116   1780168     91.25    773724    818420      1264
19:05:14       106176   1295568    395948     20.30     34700   1264620   1975144    101.24    774200    818828      1768
19:05:15       106176   1295672    395932     20.29     34700   1264636   1975200    101.25    773328    818932      1784
19:05:16       106176   1295840    395676     20.28     34700   1264868   1975212    101.25    773364    819092      2016
19:05:17       106176   1295840    395644     20.28     34700   1264900   1975212    101.25    773364    819092      2048
19:05:18       106176   1295928    395644     20.28     34700   1264900   1975212    101.25    773280    819180      2048
19:05:19       106176   1295928    395644     20.28     34700   1264900   1975212    101.25    773280    819180      2048
19:05:20       106176   1295928    395644     20.28     34700   1264900   1975212    101.25    773364    819180      1872
19:05:21       106176   1295952    395640     20.28     34700   1264904   1975212    101.25    773328    819204      1836


Average:       114691   1303566    388025     19.89     34700   1264037   1717409     88.03    765300    818318      1163
