Linux 7.0.0-1010-aws (ip-172-31-20-134) 	08/11/26 	_x86_64_	(2 CPU)

19:05:03        IFACE   rxpck/s   txpck/s    rxkB/s    txkB/s   rxcmp/s   txcmp/s  rxmcst/s   %ifutil
19:05:04         ens5     48.00     42.00      4.05      4.86      0.00      0.00      0.00      0.00

19:05:04        IFACE   rxpck/s   txpck/s    rxkB/s    txkB/s   rxcmp/s   txcmp/s  rxmcst/s   %ifutil
19:05:05         ens5     47.00     38.00      4.18      4.24      0.00      0.00      0.00      0.00

19:05:05        IFACE   rxpck/s   txpck/s    rxkB/s    txkB/s   rxcmp/s   txcmp/s  rxmcst/s   %ifutil
19:05:06         ens5     10.00      8.00      0.86      0.87      0.00      0.00      0.00      0.00

19:05:06        IFACE   rxpck/s   txpck/s    rxkB/s    txkB/s   rxcmp/s   txcmp/s  rxmcst/s   %ifutil
19:05:07         ens5      0.00      0.00      0.00      0.00      0.00      0.00      0.00      0.00

19:05:07        IFACE   rxpck/s   txpck/s    rxkB/s    txkB/s   rxcmp/s   txcmp/s  rxmcst/s   %ifutil
19:05:08         ens5     43.00     47.00     20.63      9.31      0.00      0.00      0.00      0.00

19:05:08        IFACE   rxpck/s   txpck/s    rxkB/s    txkB/s   rxcmp/s   txcmp/s  rxmcst/s   %ifutil
19:05:09         ens5      0.00      0.00      0.00      0.00      0.00      0.00      0.00      0.00

19:05:09        IFACE   rxpck/s   txpck/s    rxkB/s    txkB/s   rxcmp/s   txcmp/s  rxmcst/s   %ifutil
19:05:10         ens5      0.00      0.00      0.00      0.00      0.00      0.00      0.00      0.00

19:05:10        IFACE   rxpck/s   txpck/s    rxkB/s    txkB/s   rxcmp/s   txcmp/s  rxmcst/s   %ifutil
19:05:11         ens5      0.00      0.00      0.00      0.00      0.00      0.00      0.00      0.00

19:05:11        IFACE   rxpck/s   txpck/s    rxkB/s    txkB/s   rxcmp/s   txcmp/s  rxmcst/s   %ifutil
19:05:12         ens5     90.00    114.00     36.08     23.60      0.00      0.00      0.00      0.00

19:05:12        IFACE   rxpck/s   txpck/s    rxkB/s    txkB/s   rxcmp/s   txcmp/s  rxmcst/s   %ifutil
19:05:13         ens5   1001.00   1181.00    346.01    245.96      0.00      0.00      0.00      0.00

19:05:13        IFACE   rxpck/s   txpck/s    rxkB/s    txkB/s   rxcmp/s   txcmp/s  rxmcst/s   %ifutil
19:05:14         ens5    628.00    917.00    216.67    167.05      0.00      0.00      0.00      0.00

19:05:14        IFACE   rxpck/s   txpck/s    rxkB/s    txkB/s   rxcmp/s   txcmp/s  rxmcst/s   %ifutil
19:05:15         ens5    319.00    405.00    110.19     80.32      0.00      0.00      0.00      0.00

19:05:15        IFACE   rxpck/s   txpck/s    rxkB/s    txkB/s   rxcmp/s   txcmp/s  rxmcst/s   %ifutil
19:05:16         ens5     44.00     56.00     15.21     11.32      0.00      0.00      0.00      0.00

19:05:16        IFACE   rxpck/s   txpck/s    rxkB/s    txkB/s   rxcmp/s   txcmp/s  rxmcst/s   %ifutil
19:05:17         ens5      0.00      0.00      0.00      0.00      0.00      0.00      0.00      0.00

19:05:17        IFACE   rxpck/s   txpck/s    rxkB/s    txkB/s   rxcmp/s   txcmp/s  rxmcst/s   %ifutil
19:05:18         ens5      0.00      0.00      0.00      0.00      0.00      0.00      0.00      0.00

19:05:18        IFACE   rxpck/s   txpck/s    rxkB/s    txkB/s   rxcmp/s   txcmp/s  rxmcst/s   %ifutil
19:05:19         ens5      0.00      0.00      0.00      0.00      0.00      0.00      0.00      0.00

19:05:19        IFACE   rxpck/s   txpck/s    rxkB/s    txkB/s   rxcmp/s   txcmp/s  rxmcst/s   %ifutil
19:05:20         ens5      0.00      0.00      0.00      0.00      0.00      0.00      0.00      0.00

19:05:20        IFACE   rxpck/s   txpck/s    rxkB/s    txkB/s   rxcmp/s   txcmp/s  rxmcst/s   %ifutil
19:05:21         ens5      0.00      0.00      0.00      0.00      0.00      0.00      0.00      0.00


Average:        IFACE   rxpck/s   txpck/s    rxkB/s    txkB/s   rxcmp/s   txcmp/s  rxmcst/s   %ifutil
Average:         ens5    123.82    155.91     41.86     30.40      0.00      0.00      0.00      0.00
