Linux 7.0.0-1010-aws (ip-172-31-31-224) 	08/11/26 	_x86_64_	(2 CPU)

07:21:33        CPU     %user     %nice   %system   %iowait    %steal     %idle
07:21:34        all     49.75      0.00      5.03      0.00      2.01     43.22
07:21:35        all     50.75      0.00      4.02      0.00      0.00     45.23
07:21:36        all     49.00      0.00      4.50      0.00      1.00     45.50
07:21:37        all     48.24      0.00      4.52      0.00      0.50     46.73
07:21:38        all     48.00      0.00      3.00      0.00      2.00     47.00
07:21:39        all     50.75      0.00      2.51      0.00      1.01     45.73
07:21:40        all     48.76      0.00      3.98      0.00      1.99     45.27
07:21:41        all     48.73      0.00      6.09      0.00      0.00     45.18
07:21:42        all      5.00      0.00      0.50      0.00      0.00     94.50
07:21:43        all      0.50      0.00      0.00      0.00      0.00     99.50
07:21:44        all      7.46      0.00      1.49      0.50      1.00     89.55
07:21:45        all      4.06      0.00      2.03      0.00      1.02     92.89
07:21:46        all      4.06      0.00      2.03      0.00      1.02     92.89
07:21:47        all      1.01      0.00      0.50      0.50      0.00     97.99
07:21:48        all      0.50      0.00      0.00      0.00      0.00     99.50
07:21:49        all      0.00      0.00      0.00      0.00      0.00    100.00
07:21:50        all      0.00      0.00      0.00      0.00      0.00    100.00
07:21:51        all      0.50      0.00      1.00      0.00      0.00     98.51
07:21:52        all      0.00      0.00      0.00      0.00      0.50     99.50
07:21:53        all      0.50      0.00      0.00      0.00      0.50     99.00
07:21:54        all      1.00      0.00      0.50      0.00      0.00     98.51
07:21:55        all      0.00      0.00      0.50      0.00      0.00     99.50
07:21:56        all      0.00      0.00      0.00      0.00      0.50     99.50

Average:        all     18.20      0.00      1.83      0.04      0.57     79.36
