Linux 7.0.0-1010-aws (ip-172-31-31-224) 	08/11/26 	_x86_64_	(2 CPU)

07:21:33    kbmemfree   kbavail kbmemused  %memused kbbuffers  kbcached  kbcommit   %commit  kbactive   kbinact   kbdirty
07:21:34       749396   1281944    448916     23.01     16304    658196   1602208     82.13    380772    639960       708
07:21:35       669260   1201808    529052     27.12     16304    658196   1677440     85.98    456040    639960       708
07:21:36       604748   1137296    593564     30.43     16304    658196   1752200     89.82    527720    639960       692
07:21:37       509240   1041788    689072     35.32     16304    658196   1844376     94.54    621476    639960       648
07:21:38       428852    961400    769460     39.44     16304    658196   1923788     98.61    698668    639960       648
07:21:39       388532    921084    809776     41.51     16304    658200   1966036    100.78    744300    639964       656
07:21:40       292016    824568    906292     46.46     16304    658200   2062080    105.70    838712    639964       656
07:21:41       154928    687480   1043380     53.48     16304    658200   2199192    112.73    974732    639964       656
07:21:42       154928    687480   1043380     53.48     16304    658200   2199192    112.73    974732    639964       656
07:21:43       154928    687480   1043380     53.48     16304    658200   2199192    112.73    974732    639964       656
07:21:44       154928    687480   1043368     53.48     16304    658212   2199192    112.73    974860    639964       668
07:21:45       154928    687480   1043368     53.48     16304    658212   2199192    112.73    974860    639964       668
07:21:46       155184    687748   1043112     53.47     16304    658212   2199192    112.73    974972    639976       668
07:21:47       155184    687764   1043088     53.47     16328    658212   2199252    112.73    975092    639992       776
07:21:48       155184    687764   1043088     53.47     16328    658212   2199252    112.73    975092    639992       776
07:21:49       155184    687764   1043084     53.47     16328    658216   2199252    112.73    975092    639992       780
07:21:50       155184    687764   1043084     53.47     16328    658216   2199252    112.73    975092    639992       780
07:21:51       155184    687764   1043084     53.47     16328    658216   2199252    112.73    975712    639992       780
07:21:52       155184    687764   1043084     53.47     16328    658216   2199252    112.73    975712    639992       780
07:21:53       155184    687764   1043084     53.47     16328    658216   2199252    112.73    975712    639992       780
07:21:54       155184    687764   1043080     53.47     16328    658220   2199252    112.73    975712    639992       784
07:21:55       155184    687764   1043076     53.47     16328    658224   2199252    112.73    975712    639992       788
07:21:56       155184    687764   1043076     53.47     16328    658224   2199252    112.73    975712    639992       788

Average:       266248    798812    932041     47.78     16314    658208   2087643    107.01    863966    639976       717
