Linux 7.0.0-1010-aws (ip-172-31-31-224) 	08/11/26 	_x86_64_	(2 CPU)

07:21:33        IFACE   rxpck/s   txpck/s    rxkB/s    txkB/s   rxcmp/s   txcmp/s  rxmcst/s   %ifutil
07:21:34         ens5     66.00     62.00      5.55      8.46      0.00      0.00      0.00      0.00

07:21:34        IFACE   rxpck/s   txpck/s    rxkB/s    txkB/s   rxcmp/s   txcmp/s  rxmcst/s   %ifutil
07:21:35         ens5     22.00     22.00      1.71      2.79      0.00      0.00      0.00      0.00

07:21:35        IFACE   rxpck/s   txpck/s    rxkB/s    txkB/s   rxcmp/s   txcmp/s  rxmcst/s   %ifutil
07:21:36         ens5      7.00      8.00      0.36      1.70      0.00      0.00      0.00      0.00

07:21:36        IFACE   rxpck/s   txpck/s    rxkB/s    txkB/s   rxcmp/s   txcmp/s  rxmcst/s   %ifutil
07:21:37         ens5      7.00      7.00      0.36      1.48      0.00      0.00      0.00      0.00

07:21:37        IFACE   rxpck/s   txpck/s    rxkB/s    txkB/s   rxcmp/s   txcmp/s  rxmcst/s   %ifutil
07:21:38         ens5      7.00      6.00      0.52      1.32      0.00      0.00      0.00      0.00

07:21:38        IFACE   rxpck/s   txpck/s    rxkB/s    txkB/s   rxcmp/s   txcmp/s  rxmcst/s   %ifutil
07:21:39         ens5      9.00     10.00      0.46      2.09      0.00      0.00      0.00      0.00

07:21:39        IFACE   rxpck/s   txpck/s    rxkB/s    txkB/s   rxcmp/s   txcmp/s  rxmcst/s   %ifutil
07:21:40         ens5     10.00      9.00      0.54      1.30      0.00      0.00      0.00      0.00

07:21:40        IFACE   rxpck/s   txpck/s    rxkB/s    txkB/s   rxcmp/s   txcmp/s  rxmcst/s   %ifutil
07:21:41         ens5      3.00      3.00      0.15      0.66      0.00      0.00      0.00      0.00

07:21:41        IFACE   rxpck/s   txpck/s    rxkB/s    txkB/s   rxcmp/s   txcmp/s  rxmcst/s   %ifutil
07:21:42         ens5      3.00      3.00      0.15      0.61      0.00      0.00      0.00      0.00

07:21:42        IFACE   rxpck/s   txpck/s    rxkB/s    txkB/s   rxcmp/s   txcmp/s  rxmcst/s   %ifutil
07:21:43         ens5      0.00      0.00      0.00      0.00      0.00      0.00      0.00      0.00

07:21:43        IFACE   rxpck/s   txpck/s    rxkB/s    txkB/s   rxcmp/s   txcmp/s  rxmcst/s   %ifutil
07:21:44         ens5    234.00    180.00     46.94     64.30      0.00      0.00      0.00      0.00

07:21:44        IFACE   rxpck/s   txpck/s    rxkB/s    txkB/s   rxcmp/s   txcmp/s  rxmcst/s   %ifutil
07:21:45         ens5    832.00    630.00    168.07    215.28      0.00      0.00      0.00      0.00

07:21:45        IFACE   rxpck/s   txpck/s    rxkB/s    txkB/s   rxcmp/s   txcmp/s  rxmcst/s   %ifutil
07:21:46         ens5   1059.00    803.00    207.35    270.29      0.00      0.00      0.00      0.00

07:21:46        IFACE   rxpck/s   txpck/s    rxkB/s    txkB/s   rxcmp/s   txcmp/s  rxmcst/s   %ifutil
07:21:47         ens5     78.00     57.00     14.65     18.73      0.00      0.00      0.00      0.00

07:21:47        IFACE   rxpck/s   txpck/s    rxkB/s    txkB/s   rxcmp/s   txcmp/s  rxmcst/s   %ifutil
07:21:48         ens5      0.00      0.00      0.00      0.00      0.00      0.00      0.00      0.00

07:21:48        IFACE   rxpck/s   txpck/s    rxkB/s    txkB/s   rxcmp/s   txcmp/s  rxmcst/s   %ifutil
07:21:49         ens5      0.00      0.00      0.00      0.00      0.00      0.00      0.00      0.00

07:21:49        IFACE   rxpck/s   txpck/s    rxkB/s    txkB/s   rxcmp/s   txcmp/s  rxmcst/s   %ifutil
07:21:50         ens5      1.00      1.00      0.07      0.09      0.00      0.00      0.00      0.00

07:21:50        IFACE   rxpck/s   txpck/s    rxkB/s    txkB/s   rxcmp/s   txcmp/s  rxmcst/s   %ifutil
07:21:51         ens5      0.00      0.00      0.00      0.00      0.00      0.00      0.00      0.00

07:21:51        IFACE   rxpck/s   txpck/s    rxkB/s    txkB/s   rxcmp/s   txcmp/s  rxmcst/s   %ifutil
07:21:52         ens5      0.00      0.00      0.00      0.00      0.00      0.00      0.00      0.00

07:21:52        IFACE   rxpck/s   txpck/s    rxkB/s    txkB/s   rxcmp/s   txcmp/s  rxmcst/s   %ifutil
07:21:53         ens5      0.00      0.00      0.00      0.00      0.00      0.00      0.00      0.00

07:21:53        IFACE   rxpck/s   txpck/s    rxkB/s    txkB/s   rxcmp/s   txcmp/s  rxmcst/s   %ifutil
07:21:54         ens5      0.00      0.00      0.00      0.00      0.00      0.00      0.00      0.00

07:21:54        IFACE   rxpck/s   txpck/s    rxkB/s    txkB/s   rxcmp/s   txcmp/s  rxmcst/s   %ifutil
07:21:55         ens5      0.00      0.00      0.00      0.00      0.00      0.00      0.00      0.00

07:21:55        IFACE   rxpck/s   txpck/s    rxkB/s    txkB/s   rxcmp/s   txcmp/s  rxmcst/s   %ifutil
07:21:56         ens5      0.00      0.00      0.00      0.00      0.00      0.00      0.00      0.00


Average:        IFACE   rxpck/s   txpck/s    rxkB/s    txkB/s   rxcmp/s   txcmp/s  rxmcst/s   %ifutil
Average:         ens5    101.65     78.30     19.43     25.61      0.00      0.00      0.00      0.00
