Linux 7.0.0-1008-aws (ip-172-31-20-134) 	08/07/26 	_x86_64_	(2 CPU)

16:58:32        IFACE   rxpck/s   txpck/s    rxkB/s    txkB/s   rxcmp/s   txcmp/s  rxmcst/s   %ifutil
16:58:33         ens5     39.00     29.00      3.70      4.00      0.00      0.00      0.00      0.00

16:58:33        IFACE   rxpck/s   txpck/s    rxkB/s    txkB/s   rxcmp/s   txcmp/s  rxmcst/s   %ifutil
16:58:34         ens5     28.00     17.00      2.62      2.29      0.00      0.00      0.00      0.00

16:58:34        IFACE   rxpck/s   txpck/s    rxkB/s    txkB/s   rxcmp/s   txcmp/s  rxmcst/s   %ifutil
16:58:35         ens5      0.00      0.00      0.00      0.00      0.00      0.00      0.00      0.00

16:58:35        IFACE   rxpck/s   txpck/s    rxkB/s    txkB/s   rxcmp/s   txcmp/s  rxmcst/s   %ifutil
16:58:36         ens5      0.00      0.00      0.00      0.00      0.00      0.00      0.00      0.00

16:58:36        IFACE   rxpck/s   txpck/s    rxkB/s    txkB/s   rxcmp/s   txcmp/s  rxmcst/s   %ifutil
16:58:37         ens5      0.00      0.00      0.00      0.00      0.00      0.00      0.00      0.00

16:58:37        IFACE   rxpck/s   txpck/s    rxkB/s    txkB/s   rxcmp/s   txcmp/s  rxmcst/s   %ifutil
16:58:38         ens5      0.00      0.00      0.00      0.00      0.00      0.00      0.00      0.00

16:58:38        IFACE   rxpck/s   txpck/s    rxkB/s    txkB/s   rxcmp/s   txcmp/s  rxmcst/s   %ifutil
16:58:39         ens5    143.00    149.00     45.23     33.30      0.00      0.00      0.00      0.00

16:58:39        IFACE   rxpck/s   txpck/s    rxkB/s    txkB/s   rxcmp/s   txcmp/s  rxmcst/s   %ifutil
16:58:40         ens5    204.00    207.00     44.81     49.21      0.00      0.00      0.00      0.00

16:58:40        IFACE   rxpck/s   txpck/s    rxkB/s    txkB/s   rxcmp/s   txcmp/s  rxmcst/s   %ifutil
16:58:41         ens5    208.00    206.00     43.10     47.74      0.00      0.00      0.00      0.00

16:58:41        IFACE   rxpck/s   txpck/s    rxkB/s    txkB/s   rxcmp/s   txcmp/s  rxmcst/s   %ifutil
16:58:42         ens5    202.00    203.00     42.63     48.34      0.00      0.00      0.00      0.00

16:58:42        IFACE   rxpck/s   txpck/s    rxkB/s    txkB/s   rxcmp/s   txcmp/s  rxmcst/s   %ifutil
16:58:43         ens5    210.00    209.00     45.17     47.77      0.00      0.00      0.00      0.00

16:58:43        IFACE   rxpck/s   txpck/s    rxkB/s    txkB/s   rxcmp/s   txcmp/s  rxmcst/s   %ifutil
16:58:44         ens5    204.00    205.00     43.06     49.26      0.00      0.00      0.00      0.00

16:58:44        IFACE   rxpck/s   txpck/s    rxkB/s    txkB/s   rxcmp/s   txcmp/s  rxmcst/s   %ifutil
16:58:45         ens5    207.00    208.00     45.02     47.70      0.00      0.00      0.00      0.00

16:58:45        IFACE   rxpck/s   txpck/s    rxkB/s    txkB/s   rxcmp/s   txcmp/s  rxmcst/s   %ifutil
16:58:46         ens5    203.00    201.00     42.78     47.40      0.00      0.00      0.00      0.00

16:58:46        IFACE   rxpck/s   txpck/s    rxkB/s    txkB/s   rxcmp/s   txcmp/s  rxmcst/s   %ifutil
16:58:47         ens5    202.00    203.00     42.63     48.34      0.00      0.00      0.00      0.00

16:58:47        IFACE   rxpck/s   txpck/s    rxkB/s    txkB/s   rxcmp/s   txcmp/s  rxmcst/s   %ifutil
16:58:48         ens5    207.00    208.00     45.04     47.73      0.00      0.00      0.00      0.00

16:58:48        IFACE   rxpck/s   txpck/s    rxkB/s    txkB/s   rxcmp/s   txcmp/s  rxmcst/s   %ifutil
16:58:49         ens5    207.00    206.00     43.24     49.37      0.00      0.00      0.00      0.00

16:58:49        IFACE   rxpck/s   txpck/s    rxkB/s    txkB/s   rxcmp/s   txcmp/s  rxmcst/s   %ifutil
16:58:50         ens5    207.00    208.00     45.05     47.75      0.00      0.00      0.00      0.00

16:58:50        IFACE   rxpck/s   txpck/s    rxkB/s    txkB/s   rxcmp/s   txcmp/s  rxmcst/s   %ifutil
16:58:51         ens5    203.00    201.00     42.81     47.44      0.00      0.00      0.00      0.00

16:58:51        IFACE   rxpck/s   txpck/s    rxkB/s    txkB/s   rxcmp/s   txcmp/s  rxmcst/s   %ifutil
16:58:52         ens5    205.00    206.00     44.27     48.74      0.00      0.00      0.00      0.00

16:58:52        IFACE   rxpck/s   txpck/s    rxkB/s    txkB/s   rxcmp/s   txcmp/s  rxmcst/s   %ifutil
16:58:53         ens5    205.00    206.00     43.50     47.46      0.00      0.00      0.00      0.00

16:58:53        IFACE   rxpck/s   txpck/s    rxkB/s    txkB/s   rxcmp/s   txcmp/s  rxmcst/s   %ifutil
16:58:54         ens5    206.00    203.00     43.18     47.58      0.00      0.00      0.00      0.00

16:58:54        IFACE   rxpck/s   txpck/s    rxkB/s    txkB/s   rxcmp/s   txcmp/s  rxmcst/s   %ifutil
16:58:55         ens5    204.00    207.00     44.86     49.29      0.00      0.00      0.00      0.00

16:58:55        IFACE   rxpck/s   txpck/s    rxkB/s    txkB/s   rxcmp/s   txcmp/s  rxmcst/s   %ifutil
16:58:56         ens5    207.00    205.00     43.06     47.70      0.00      0.00      0.00      0.00

16:58:56        IFACE   rxpck/s   txpck/s    rxkB/s    txkB/s   rxcmp/s   txcmp/s  rxmcst/s   %ifutil
16:58:57         ens5    203.00    204.00     42.73     48.47      0.00      0.00      0.00      0.00

16:58:57        IFACE   rxpck/s   txpck/s    rxkB/s    txkB/s   rxcmp/s   txcmp/s  rxmcst/s   %ifutil
16:58:58         ens5    208.00    209.00     45.11     47.82      0.00      0.00      0.00      0.00

16:58:58        IFACE   rxpck/s   txpck/s    rxkB/s    txkB/s   rxcmp/s   txcmp/s  rxmcst/s   %ifutil
16:58:59         ens5    209.00    208.00     44.79     49.66      0.00      0.00      0.00      0.00

16:58:59        IFACE   rxpck/s   txpck/s    rxkB/s    txkB/s   rxcmp/s   txcmp/s  rxmcst/s   %ifutil
16:59:00         ens5    200.00    201.00     43.20     47.14      0.00      0.00      0.00      0.00

16:59:00        IFACE   rxpck/s   txpck/s    rxkB/s    txkB/s   rxcmp/s   txcmp/s  rxmcst/s   %ifutil
16:59:01         ens5    202.00    202.00     42.48     46.71      0.00      0.00      0.00      0.00

16:59:01        IFACE   rxpck/s   txpck/s    rxkB/s    txkB/s   rxcmp/s   txcmp/s  rxmcst/s   %ifutil
16:59:02         ens5    154.00    153.00     31.94     36.93      0.00      0.00      0.00      0.00

16:59:02        IFACE   rxpck/s   txpck/s    rxkB/s    txkB/s   rxcmp/s   txcmp/s  rxmcst/s   %ifutil
16:59:03         ens5    213.00    214.00     49.82     49.97      0.00      0.00      0.00      0.00

16:59:03        IFACE   rxpck/s   txpck/s    rxkB/s    txkB/s   rxcmp/s   txcmp/s  rxmcst/s   %ifutil
16:59:04         ens5    206.00    203.00     42.68     46.78      0.00      0.00      0.00      0.00

16:59:04        IFACE   rxpck/s   txpck/s    rxkB/s    txkB/s   rxcmp/s   txcmp/s  rxmcst/s   %ifutil
16:59:05         ens5    203.00    205.00     43.04     49.30      0.00      0.00      0.00      0.00

16:59:05        IFACE   rxpck/s   txpck/s    rxkB/s    txkB/s   rxcmp/s   txcmp/s  rxmcst/s   %ifutil
16:59:06         ens5    207.00    208.00     45.05     47.75      0.00      0.00      0.00      0.00

16:59:06        IFACE   rxpck/s   txpck/s    rxkB/s    txkB/s   rxcmp/s   txcmp/s  rxmcst/s   %ifutil
16:59:07         ens5    206.00    203.00     43.18     47.58      0.00      0.00      0.00      0.00

16:59:07        IFACE   rxpck/s   txpck/s    rxkB/s    txkB/s   rxcmp/s   txcmp/s  rxmcst/s   %ifutil
16:59:08         ens5    204.00    207.00     44.86     49.29      0.00      0.00      0.00      0.00

16:59:08        IFACE   rxpck/s   txpck/s    rxkB/s    txkB/s   rxcmp/s   txcmp/s  rxmcst/s   %ifutil
16:59:09         ens5    203.00    203.00     42.54     46.78      0.00      0.00      0.00      0.00

16:59:09        IFACE   rxpck/s   txpck/s    rxkB/s    txkB/s   rxcmp/s   txcmp/s  rxmcst/s   %ifutil
16:59:10         ens5    206.00    205.00     43.18     49.30      0.00      0.00      0.00      0.00

16:59:10        IFACE   rxpck/s   txpck/s    rxkB/s    txkB/s   rxcmp/s   txcmp/s  rxmcst/s   %ifutil
16:59:11         ens5    203.00    204.00     44.80     47.49      0.00      0.00      0.00      0.00

16:59:11        IFACE   rxpck/s   txpck/s    rxkB/s    txkB/s   rxcmp/s   txcmp/s  rxmcst/s   %ifutil
16:59:12         ens5    207.00    205.00     43.06     47.70      0.00      0.00      0.00      0.00

16:59:12        IFACE   rxpck/s   txpck/s    rxkB/s    txkB/s   rxcmp/s   txcmp/s  rxmcst/s   %ifutil
16:59:13         ens5    203.00    202.00     42.73     46.74      0.00      0.00      0.00      0.00

16:59:13        IFACE   rxpck/s   txpck/s    rxkB/s    txkB/s   rxcmp/s   txcmp/s  rxmcst/s   %ifutil
16:59:14         ens5    203.00    206.00     44.80     49.22      0.00      0.00      0.00      0.00

16:59:14        IFACE   rxpck/s   txpck/s    rxkB/s    txkB/s   rxcmp/s   txcmp/s  rxmcst/s   %ifutil
16:59:15         ens5    205.00    203.00     42.63     46.78      0.00      0.00      0.00      0.00

16:59:15        IFACE   rxpck/s   txpck/s    rxkB/s    txkB/s   rxcmp/s   txcmp/s  rxmcst/s   %ifutil
16:59:16         ens5    204.00    205.00     43.09     49.30      0.00      0.00      0.00      0.00

16:59:16        IFACE   rxpck/s   txpck/s    rxkB/s    txkB/s   rxcmp/s   txcmp/s  rxmcst/s   %ifutil
16:59:17         ens5    205.00    206.00     44.90     47.60      0.00      0.00      0.00      0.00

16:59:17        IFACE   rxpck/s   txpck/s    rxkB/s    txkB/s   rxcmp/s   txcmp/s  rxmcst/s   %ifutil
16:59:18         ens5    208.00    206.00     42.78     46.94      0.00      0.00      0.00      0.00

16:59:18        IFACE   rxpck/s   txpck/s    rxkB/s    txkB/s   rxcmp/s   txcmp/s  rxmcst/s   %ifutil
16:59:19         ens5    204.00    205.00     43.09     49.30      0.00      0.00      0.00      0.00

16:59:19        IFACE   rxpck/s   txpck/s    rxkB/s    txkB/s   rxcmp/s   txcmp/s  rxmcst/s   %ifutil
16:59:20         ens5    205.00    206.00     44.90     47.61      0.00      0.00      0.00      0.00

16:59:20        IFACE   rxpck/s   txpck/s    rxkB/s    txkB/s   rxcmp/s   txcmp/s  rxmcst/s   %ifutil
16:59:21         ens5    207.00    205.00     43.06     47.70      0.00      0.00      0.00      0.00

16:59:21        IFACE   rxpck/s   txpck/s    rxkB/s    txkB/s   rxcmp/s   txcmp/s  rxmcst/s   %ifutil
16:59:22         ens5    201.00    200.00     42.60     46.59      0.00      0.00      0.00      0.00

16:59:22        IFACE   rxpck/s   txpck/s    rxkB/s    txkB/s   rxcmp/s   txcmp/s  rxmcst/s   %ifutil
16:59:23         ens5    203.00    205.00     43.92     48.64      0.00      0.00      0.00      0.00

16:59:23        IFACE   rxpck/s   txpck/s    rxkB/s    txkB/s   rxcmp/s   txcmp/s  rxmcst/s   %ifutil
16:59:24         ens5    212.00    210.00     44.40     48.52      0.00      0.00      0.00      0.00

16:59:24        IFACE   rxpck/s   txpck/s    rxkB/s    txkB/s   rxcmp/s   txcmp/s  rxmcst/s   %ifutil
16:59:25         ens5    204.00    207.00     44.86     49.29      0.00      0.00      0.00      0.00

16:59:25        IFACE   rxpck/s   txpck/s    rxkB/s    txkB/s   rxcmp/s   txcmp/s  rxmcst/s   %ifutil
16:59:26         ens5    202.00    202.00     42.48     46.71      0.00      0.00      0.00      0.00

16:59:26        IFACE   rxpck/s   txpck/s    rxkB/s    txkB/s   rxcmp/s   txcmp/s  rxmcst/s   %ifutil
16:59:27         ens5    203.00    201.00     42.81     47.44      0.00      0.00      0.00      0.00

16:59:27        IFACE   rxpck/s   txpck/s    rxkB/s    txkB/s   rxcmp/s   txcmp/s  rxmcst/s   %ifutil
16:59:28         ens5    205.00    206.00     44.27     48.74      0.00      0.00      0.00      0.00

16:59:28        IFACE   rxpck/s   txpck/s    rxkB/s    txkB/s   rxcmp/s   txcmp/s  rxmcst/s   %ifutil
16:59:29         ens5    208.00    207.00     43.67     47.55      0.00      0.00      0.00      0.00

16:59:29        IFACE   rxpck/s   txpck/s    rxkB/s    txkB/s   rxcmp/s   txcmp/s  rxmcst/s   %ifutil
16:59:30         ens5    203.00    202.00     43.04     47.51      0.00      0.00      0.00      0.00

16:59:30        IFACE   rxpck/s   txpck/s    rxkB/s    txkB/s   rxcmp/s   txcmp/s  rxmcst/s   %ifutil
16:59:31         ens5    202.00    204.00     43.89     48.60      0.00      0.00      0.00      0.00

16:59:31        IFACE   rxpck/s   txpck/s    rxkB/s    txkB/s   rxcmp/s   txcmp/s  rxmcst/s   %ifutil
16:59:32         ens5    204.00    205.00     43.45     47.39      0.00      0.00      0.00      0.00

16:59:32        IFACE   rxpck/s   txpck/s    rxkB/s    txkB/s   rxcmp/s   txcmp/s  rxmcst/s   %ifutil
16:59:33         ens5    207.00    204.00     43.23     47.64      0.00      0.00      0.00      0.00

16:59:33        IFACE   rxpck/s   txpck/s    rxkB/s    txkB/s   rxcmp/s   txcmp/s  rxmcst/s   %ifutil
16:59:34         ens5    204.00    207.00     44.86     49.29      0.00      0.00      0.00      0.00

16:59:34        IFACE   rxpck/s   txpck/s    rxkB/s    txkB/s   rxcmp/s   txcmp/s  rxmcst/s   %ifutil
16:59:35         ens5    208.00    206.00     43.11     47.75      0.00      0.00      0.00      0.00

16:59:35        IFACE   rxpck/s   txpck/s    rxkB/s    txkB/s   rxcmp/s   txcmp/s  rxmcst/s   %ifutil
16:59:36         ens5    207.00    208.00     44.37     48.84      0.00      0.00      0.00      0.00

16:59:36        IFACE   rxpck/s   txpck/s    rxkB/s    txkB/s   rxcmp/s   txcmp/s  rxmcst/s   %ifutil
16:59:37         ens5    208.00    209.00     43.66     47.62      0.00      0.00      0.00      0.00

16:59:37        IFACE   rxpck/s   txpck/s    rxkB/s    txkB/s   rxcmp/s   txcmp/s  rxmcst/s   %ifutil
16:59:38         ens5    210.00    209.00     43.39     49.52      0.00      0.00      0.00      0.00

16:59:38        IFACE   rxpck/s   txpck/s    rxkB/s    txkB/s   rxcmp/s   txcmp/s  rxmcst/s   %ifutil
16:59:39         ens5    203.00    204.00     44.80     47.49      0.00      0.00      0.00      0.00

16:59:39        IFACE   rxpck/s   txpck/s    rxkB/s    txkB/s   rxcmp/s   txcmp/s  rxmcst/s   %ifutil
16:59:40         ens5    203.00    203.00     42.53     46.76      0.00      0.00      0.00      0.00

16:59:40        IFACE   rxpck/s   txpck/s    rxkB/s    txkB/s   rxcmp/s   txcmp/s  rxmcst/s   %ifutil
16:59:41         ens5    207.00    204.00     43.23     47.63      0.00      0.00      0.00      0.00

16:59:41        IFACE   rxpck/s   txpck/s    rxkB/s    txkB/s   rxcmp/s   txcmp/s  rxmcst/s   %ifutil
16:59:42         ens5    203.00    205.00     43.94     48.65      0.00      0.00      0.00      0.00

16:59:42        IFACE   rxpck/s   txpck/s    rxkB/s    txkB/s   rxcmp/s   txcmp/s  rxmcst/s   %ifutil
16:59:43         ens5    210.00    209.00     44.08     48.44      0.00      0.00      0.00      0.00

16:59:43        IFACE   rxpck/s   txpck/s    rxkB/s    txkB/s   rxcmp/s   txcmp/s  rxmcst/s   %ifutil
16:59:44         ens5    202.00    203.00     42.66     48.38      0.00      0.00      0.00      0.00

16:59:44        IFACE   rxpck/s   txpck/s    rxkB/s    txkB/s   rxcmp/s   txcmp/s  rxmcst/s   %ifutil
16:59:45         ens5    209.00    210.00     45.15     47.87      0.00      0.00      0.00      0.00

16:59:45        IFACE   rxpck/s   txpck/s    rxkB/s    txkB/s   rxcmp/s   txcmp/s  rxmcst/s   %ifutil
16:59:46         ens5    210.00    207.00     43.41     47.82      0.00      0.00      0.00      0.00

16:59:46        IFACE   rxpck/s   txpck/s    rxkB/s    txkB/s   rxcmp/s   txcmp/s  rxmcst/s   %ifutil
16:59:47         ens5    203.00    205.00     43.94     48.65      0.00      0.00      0.00      0.00

16:59:47        IFACE   rxpck/s   txpck/s    rxkB/s    txkB/s   rxcmp/s   txcmp/s  rxmcst/s   %ifutil
16:59:48         ens5    207.00    206.00     43.59     47.47      0.00      0.00      0.00      0.00

16:59:48        IFACE   rxpck/s   txpck/s    rxkB/s    txkB/s   rxcmp/s   txcmp/s  rxmcst/s   %ifutil
16:59:49         ens5    207.00    208.00     43.24     49.47      0.00      0.00      0.00      0.00

16:59:49        IFACE   rxpck/s   txpck/s    rxkB/s    txkB/s   rxcmp/s   txcmp/s  rxmcst/s   %ifutil
16:59:50         ens5    202.00    202.00     43.88     46.86      0.00      0.00      0.00      0.00

16:59:50        IFACE   rxpck/s   txpck/s    rxkB/s    txkB/s   rxcmp/s   txcmp/s  rxmcst/s   %ifutil
16:59:51         ens5    207.00    206.00     43.59     47.47      0.00      0.00      0.00      0.00

16:59:51        IFACE   rxpck/s   txpck/s    rxkB/s    txkB/s   rxcmp/s   txcmp/s  rxmcst/s   %ifutil
16:59:52         ens5    200.00    202.00     42.33     46.64      0.00      0.00      0.00      0.00

16:59:52        IFACE   rxpck/s   txpck/s    rxkB/s    txkB/s   rxcmp/s   txcmp/s  rxmcst/s   %ifutil
16:59:53         ens5    195.00    194.00     42.03     45.71      0.00      0.00      0.00      0.00

16:59:53        IFACE   rxpck/s   txpck/s    rxkB/s    txkB/s   rxcmp/s   txcmp/s  rxmcst/s   %ifutil
16:59:54         ens5    204.00    205.00     42.58     47.35      0.00      0.00      0.00      0.00

16:59:54        IFACE   rxpck/s   txpck/s    rxkB/s    txkB/s   rxcmp/s   txcmp/s  rxmcst/s   %ifutil
16:59:55         ens5    203.00    201.00     42.81     47.44      0.00      0.00      0.00      0.00

16:59:55        IFACE   rxpck/s   txpck/s    rxkB/s    txkB/s   rxcmp/s   txcmp/s  rxmcst/s   %ifutil
16:59:56         ens5    202.00    203.00     42.66     48.38      0.00      0.00      0.00      0.00

16:59:56        IFACE   rxpck/s   txpck/s    rxkB/s    txkB/s   rxcmp/s   txcmp/s  rxmcst/s   %ifutil
16:59:57         ens5    204.00    205.00     44.85     47.54      0.00      0.00      0.00      0.00

16:59:57        IFACE   rxpck/s   txpck/s    rxkB/s    txkB/s   rxcmp/s   txcmp/s  rxmcst/s   %ifutil
16:59:58         ens5    206.00    204.00     42.68     46.83      0.00      0.00      0.00      0.00

16:59:58        IFACE   rxpck/s   txpck/s    rxkB/s    txkB/s   rxcmp/s   txcmp/s  rxmcst/s   %ifutil
16:59:59         ens5    203.00    202.00     43.04     47.51      0.00      0.00      0.00      0.00

16:59:59        IFACE   rxpck/s   txpck/s    rxkB/s    txkB/s   rxcmp/s   txcmp/s  rxmcst/s   %ifutil
17:00:00         ens5    192.00    193.00     41.36     45.32      0.00      0.00      0.00      0.00

17:00:00        IFACE   rxpck/s   txpck/s    rxkB/s    txkB/s   rxcmp/s   txcmp/s  rxmcst/s   %ifutil
17:00:01         ens5    191.00    192.00     40.97     45.56      0.00      0.00      0.00      0.00

17:00:01        IFACE   rxpck/s   txpck/s    rxkB/s    txkB/s   rxcmp/s   txcmp/s  rxmcst/s   %ifutil
17:00:02         ens5    121.00    119.00     24.96     27.36      0.00      0.00      0.00      0.00

17:00:02        IFACE   rxpck/s   txpck/s    rxkB/s    txkB/s   rxcmp/s   txcmp/s  rxmcst/s   %ifutil
17:00:03         ens5    145.00    144.00     30.76     33.78      0.00      0.00      0.00      0.00

17:00:03        IFACE   rxpck/s   txpck/s    rxkB/s    txkB/s   rxcmp/s   txcmp/s  rxmcst/s   %ifutil
17:00:04         ens5    188.00    189.00     40.48     44.58      0.00      0.00      0.00      0.00

17:00:04        IFACE   rxpck/s   txpck/s    rxkB/s    txkB/s   rxcmp/s   txcmp/s  rxmcst/s   %ifutil
17:00:05         ens5    194.00    193.00     40.34     44.33      0.00      0.00      0.00      0.00

17:00:05        IFACE   rxpck/s   txpck/s    rxkB/s    txkB/s   rxcmp/s   txcmp/s  rxmcst/s   %ifutil
17:00:06         ens5    187.00    188.00     40.43     44.51      0.00      0.00      0.00      0.00

17:00:06        IFACE   rxpck/s   txpck/s    rxkB/s    txkB/s   rxcmp/s   txcmp/s  rxmcst/s   %ifutil
17:00:07         ens5    193.00    192.00     40.29     44.27      0.00      0.00      0.00      0.00

17:00:07        IFACE   rxpck/s   txpck/s    rxkB/s    txkB/s   rxcmp/s   txcmp/s  rxmcst/s   %ifutil
17:00:08         ens5    202.00    201.00     42.65     46.64      0.00      0.00      0.00      0.00

17:00:08        IFACE   rxpck/s   txpck/s    rxkB/s    txkB/s   rxcmp/s   txcmp/s  rxmcst/s   %ifutil
17:00:09         ens5     30.00     31.00      6.81      7.32      0.00      0.00      0.00      0.00

17:00:09        IFACE   rxpck/s   txpck/s    rxkB/s    txkB/s   rxcmp/s   txcmp/s  rxmcst/s   %ifutil
17:00:10         ens5      0.00      0.00      0.00      0.00      0.00      0.00      0.00      0.00

17:00:10        IFACE   rxpck/s   txpck/s    rxkB/s    txkB/s   rxcmp/s   txcmp/s  rxmcst/s   %ifutil
17:00:11         ens5      0.00      0.00      0.00      0.00      0.00      0.00      0.00      0.00


Average:        IFACE   rxpck/s   txpck/s    rxkB/s    txkB/s   rxcmp/s   txcmp/s  rxmcst/s   %ifutil
Average:         ens5    183.87    183.71     39.21     42.93      0.00      0.00      0.00      0.00
