Linux 7.0.0-1010-aws (ip-172-31-31-224) 	08/11/26 	_x86_64_	(2 CPU)

09:01:57        CPU     %user     %nice   %system   %iowait    %steal     %idle
09:01:58        all     50.51      0.00      4.04      0.00      2.02     43.43
09:01:59        all     56.78      0.00      5.03      0.00      0.50     37.69
09:02:00        all     46.27      0.00      3.48      0.00      4.48     45.77
09:02:01        all     40.59      0.00      2.97      0.00     10.40     46.04
09:02:02        all     17.57      0.00      2.25      0.00     33.78     46.40
09:02:03        all     19.14      0.00      1.91      0.00     41.15     37.80
09:02:04        all     32.35      0.00      3.43      0.00     16.67     47.55
09:02:05        all     46.97      0.00      1.52      0.00      5.56     45.96
09:02:06        all     44.78      0.00      4.98      0.00      5.47     44.78
09:02:07        all     46.46      0.00      4.04      0.00      1.01     48.48
09:02:08        all     21.29      0.00      1.98      0.00      0.99     75.74
09:02:09        all      0.00      0.00      0.50      0.00      0.00     99.50
09:02:10        all      1.00      0.00      0.00      0.00      1.49     97.51
09:02:11        all      0.00      0.00      0.00      0.00      0.00    100.00
09:02:12        all      0.50      0.00      0.50      0.00      0.00     99.00
09:02:13        all      0.00      0.00      0.00      0.00      0.50     99.50
09:02:14        all      6.50      0.00      2.00      0.00      3.00     88.50
09:02:15        all      4.57      0.00      2.03      0.00      1.02     92.39
09:02:16        all      3.54      0.00      2.02      0.00      1.01     93.43
09:02:17        all      0.50      0.00      0.50      0.50      1.01     97.49
09:02:18        all      0.50      0.00      0.00      0.00      0.00     99.50
09:02:19        all      0.00      0.00      0.00      0.00      0.50     99.50
09:02:20        all      1.00      0.00      0.00      0.00      0.00     99.00
09:02:21        all      0.00      0.00      0.50      0.00      0.50     99.00
09:02:22        all      0.50      0.00      0.50      0.00      0.00     99.00

Average:        all     17.68      0.00      1.77      0.02      5.45     75.08
