Linux 7.0.0-1010-aws (ip-172-31-31-224) 	08/11/26 	_x86_64_	(2 CPU)

09:01:57        IFACE   rxpck/s   txpck/s    rxkB/s    txkB/s   rxcmp/s   txcmp/s  rxmcst/s   %ifutil
09:01:58         ens5     62.00     60.00      4.91      7.01      0.00      0.00      0.00      0.00

09:01:58        IFACE   rxpck/s   txpck/s    rxkB/s    txkB/s   rxcmp/s   txcmp/s  rxmcst/s   %ifutil
09:01:59         ens5     59.00     56.00      4.79      6.18      0.00      0.00      0.00      0.00

09:01:59        IFACE   rxpck/s   txpck/s    rxkB/s    txkB/s   rxcmp/s   txcmp/s  rxmcst/s   %ifutil
09:02:00         ens5     25.00     26.00      1.97      3.28      0.00      0.00      0.00      0.00

09:02:00        IFACE   rxpck/s   txpck/s    rxkB/s    txkB/s   rxcmp/s   txcmp/s  rxmcst/s   %ifutil
09:02:01         ens5      7.00      7.00      0.36      1.46      0.00      0.00      0.00      0.00

09:02:01        IFACE   rxpck/s   txpck/s    rxkB/s    txkB/s   rxcmp/s   txcmp/s  rxmcst/s   %ifutil
09:02:02         ens5      1.90      1.90      0.10      0.42      0.00      0.00      0.00      0.00

09:02:02        IFACE   rxpck/s   txpck/s    rxkB/s    txkB/s   rxcmp/s   txcmp/s  rxmcst/s   %ifutil
09:02:03         ens5      2.00      2.00      0.10      0.44      0.00      0.00      0.00      0.00

09:02:03        IFACE   rxpck/s   txpck/s    rxkB/s    txkB/s   rxcmp/s   txcmp/s  rxmcst/s   %ifutil
09:02:04         ens5      3.00      3.00      0.15      0.66      0.00      0.00      0.00      0.00

09:02:04        IFACE   rxpck/s   txpck/s    rxkB/s    txkB/s   rxcmp/s   txcmp/s  rxmcst/s   %ifutil
09:02:05         ens5      8.00      8.00      0.41      1.66      0.00      0.00      0.00      0.00

09:02:05        IFACE   rxpck/s   txpck/s    rxkB/s    txkB/s   rxcmp/s   txcmp/s  rxmcst/s   %ifutil
09:02:06         ens5      5.00      5.00      0.25      1.08      0.00      0.00      0.00      0.00

09:02:06        IFACE   rxpck/s   txpck/s    rxkB/s    txkB/s   rxcmp/s   txcmp/s  rxmcst/s   %ifutil
09:02:07         ens5      6.00      6.00      0.33      1.19      0.00      0.00      0.00      0.00

09:02:07        IFACE   rxpck/s   txpck/s    rxkB/s    txkB/s   rxcmp/s   txcmp/s  rxmcst/s   %ifutil
09:02:08         ens5      3.00      3.00      0.15      0.61      0.00      0.00      0.00      0.00

09:02:08        IFACE   rxpck/s   txpck/s    rxkB/s    txkB/s   rxcmp/s   txcmp/s  rxmcst/s   %ifutil
09:02:09         ens5      0.00      0.00      0.00      0.00      0.00      0.00      0.00      0.00

09:02:09        IFACE   rxpck/s   txpck/s    rxkB/s    txkB/s   rxcmp/s   txcmp/s  rxmcst/s   %ifutil
09:02:10         ens5     26.00     23.00      4.55     12.58      0.00      0.00      0.00      0.00

09:02:10        IFACE   rxpck/s   txpck/s    rxkB/s    txkB/s   rxcmp/s   txcmp/s  rxmcst/s   %ifutil
09:02:11         ens5      0.00      0.00      0.00      0.00      0.00      0.00      0.00      0.00

09:02:11        IFACE   rxpck/s   txpck/s    rxkB/s    txkB/s   rxcmp/s   txcmp/s  rxmcst/s   %ifutil
09:02:12         ens5      0.00      0.00      0.00      0.00      0.00      0.00      0.00      0.00

09:02:12        IFACE   rxpck/s   txpck/s    rxkB/s    txkB/s   rxcmp/s   txcmp/s  rxmcst/s   %ifutil
09:02:13         ens5      0.00      0.00      0.00      0.00      0.00      0.00      0.00      0.00

09:02:13        IFACE   rxpck/s   txpck/s    rxkB/s    txkB/s   rxcmp/s   txcmp/s  rxmcst/s   %ifutil
09:02:14         ens5    229.00    179.00     43.85     74.91      0.00      0.00      0.00      0.00

09:02:14        IFACE   rxpck/s   txpck/s    rxkB/s    txkB/s   rxcmp/s   txcmp/s  rxmcst/s   %ifutil
09:02:15         ens5   1174.00    913.00    225.05    386.95      0.00      0.00      0.00      0.00

09:02:15        IFACE   rxpck/s   txpck/s    rxkB/s    txkB/s   rxcmp/s   txcmp/s  rxmcst/s   %ifutil
09:02:16         ens5    975.00    711.00    170.52    302.82      0.00      0.00      0.00      0.00

09:02:16        IFACE   rxpck/s   txpck/s    rxkB/s    txkB/s   rxcmp/s   txcmp/s  rxmcst/s   %ifutil
09:02:17         ens5     68.00     53.00     10.99     22.96      0.00      0.00      0.00      0.00

09:02:17        IFACE   rxpck/s   txpck/s    rxkB/s    txkB/s   rxcmp/s   txcmp/s  rxmcst/s   %ifutil
09:02:18         ens5     14.00     13.00      2.50      4.38      0.00      0.00      0.00      0.00

09:02:18        IFACE   rxpck/s   txpck/s    rxkB/s    txkB/s   rxcmp/s   txcmp/s  rxmcst/s   %ifutil
09:02:19         ens5      0.00      0.00      0.00      0.00      0.00      0.00      0.00      0.00

09:02:19        IFACE   rxpck/s   txpck/s    rxkB/s    txkB/s   rxcmp/s   txcmp/s  rxmcst/s   %ifutil
09:02:20         ens5      0.00      0.00      0.00      0.00      0.00      0.00      0.00      0.00

09:02:20        IFACE   rxpck/s   txpck/s    rxkB/s    txkB/s   rxcmp/s   txcmp/s  rxmcst/s   %ifutil
09:02:21         ens5      0.00      0.00      0.00      0.00      0.00      0.00      0.00      0.00

09:02:21        IFACE   rxpck/s   txpck/s    rxkB/s    txkB/s   rxcmp/s   txcmp/s  rxmcst/s   %ifutil
09:02:22         ens5      0.00      0.00      0.00      0.00      0.00      0.00      0.00      0.00


Average:        IFACE   rxpck/s   txpck/s    rxkB/s    txkB/s   rxcmp/s   txcmp/s  rxmcst/s   %ifutil
Average:         ens5    106.51     82.63     18.80     33.08      0.00      0.00      0.00      0.00
