Linux 7.0.0-1008-aws (ip-172-31-20-134) 	08/07/26 	_x86_64_	(2 CPU)

16:09:13        CPU     %user     %nice   %system   %iowait    %steal     %idle
16:09:14        all      3.50      0.00      2.00      0.00      0.00     94.50
16:09:15        all      0.00      0.00      0.00      0.00      0.00    100.00
16:09:16        all      0.50      0.00      0.00      0.00      0.00     99.50
16:09:17        all      0.00      0.00      0.00      0.00      0.00    100.00
16:09:18        all      0.50      0.00      0.50      0.00      0.00     99.00
16:09:19        all      0.00      0.00      0.00      0.00      0.00    100.00
16:09:20        all      0.50      0.00      0.50      0.00      0.00     99.00
16:09:21        all      9.74      0.00      1.54      0.00      0.00     88.72
16:09:22        all     11.11      0.00      1.01      0.00      0.00     87.88
16:09:23        all      9.69      0.00      1.53      0.00      0.00     88.78
16:09:24        all     10.61      0.00      1.52      0.00      0.00     87.88
16:09:25        all     10.61      0.00      2.02      0.00      0.00     87.37
16:09:26        all     11.22      0.00      1.02      0.00      0.00     87.76
16:09:27        all     10.15      0.00      1.52      0.00      0.00     88.32
16:09:28        all     15.74      0.00      3.05      0.00      0.00     81.22
16:09:29        all     10.61      0.00      1.52      0.00      0.00     87.88
16:09:30        all     10.66      0.00      1.02      0.00      1.02     87.31
16:09:31        all     10.10      0.00      2.53      0.00      0.00     87.37
16:09:32        all     11.17      0.00      1.52      0.51      0.00     86.80
16:09:33        all     10.61      0.00      2.02      0.00      0.00     87.37
16:09:34        all      9.64      0.00      2.03      0.00      0.51     87.82
16:09:35        all     10.66      0.00      1.52      0.00      0.00     87.82
16:09:36        all     11.22      0.00      1.02      0.00      0.00     87.76
16:09:37        all      9.69      0.00      1.53      0.00      0.00     88.78
16:09:38        all     10.31      0.00      0.52      0.00      0.00     89.18
16:09:39        all     10.10      0.00      1.52      0.00      0.00     88.38
16:09:40        all     10.55      0.00      2.51      0.00      0.00     86.93
16:09:41        all     11.28      0.00      0.51      0.00      0.00     88.21
16:09:42        all     10.71      0.00      0.51      0.00      0.00     88.78
16:09:43        all     15.15      0.00      3.54      0.00      0.00     81.31
16:09:44        all     10.20      0.00      1.53      0.00      0.00     88.27
16:09:45        all      9.64      0.00      2.03      0.00      0.00     88.32
16:09:46        all     11.11      0.00      1.01      0.51      0.51     86.87
16:09:47        all     10.15      0.00      1.52      0.00      0.00     88.32
16:09:48        all     10.77      0.00      1.03      0.00      0.00     88.21
16:09:49        all     11.06      0.00      2.01      0.00      0.00     86.93
16:09:50        all     10.26      0.00      1.03      0.00      0.00     88.72
16:09:51        all     11.94      0.00      2.49      0.00      2.49     83.08
16:09:52        all     11.71      0.00      1.46      0.00     10.73     76.10
16:09:53        all     11.00      0.00      1.50      0.00      3.50     84.00
16:09:54        all     10.61      0.00      1.52      0.00      0.00     87.88
16:09:55        all      9.64      0.00      2.03      0.00      0.00     88.32
16:09:56        all     10.71      0.00      1.53      0.00      0.00     87.76
16:09:57        all     10.61      0.00      1.52      0.00      0.00     87.88
16:09:58        all     16.33      0.00      2.55      0.00      0.00     81.12
16:09:59        all      9.74      0.00      1.54      0.00      0.00     88.72
16:10:00        all     10.50      0.00      1.50      0.00      1.50     86.50
16:10:01        all      8.00      0.00      1.00      0.00      3.00     88.00
16:10:02        all      9.00      0.00      2.00      1.00      0.50     87.50
16:10:03        all     11.22      0.00      2.04      0.00      0.51     86.22
16:10:04        all     10.55      0.00      1.51      0.00      0.00     87.94
16:10:05        all      9.74      0.00      1.54      0.00      0.00     88.72
16:10:06        all     10.20      0.00      1.53      0.00      0.00     88.27
16:10:07        all     10.15      0.00      1.52      0.00      0.00     88.32
16:10:08        all     10.61      0.00      1.01      0.00      0.51     87.88
16:10:09        all     10.66      0.00      1.52      0.00      0.00     87.82
16:10:10        all     10.26      0.00      1.03      0.00      0.00     88.72
16:10:11        all     10.15      0.00      2.03      0.00      0.00     87.82
16:10:12        all     10.26      0.00      1.03      0.00      0.00     88.72
16:10:13        all     16.24      0.00      2.54      0.00      0.00     81.22
16:10:14        all     10.00      0.00      2.50      0.00      0.50     87.00
16:10:15        all     10.20      0.00      1.53      0.00      0.00     88.27
16:10:16        all     10.26      0.00      1.03      0.00      0.00     88.72
16:10:17        all      2.51      0.00      0.50      0.00      0.00     96.98
16:10:18        all      0.50      0.00      1.00      0.00      0.00     98.51
16:10:19        all      0.00      0.00      0.00      0.00      0.00    100.00


Average:        all      9.27      0.00      1.43      0.03      0.39     88.87
