Linux 7.0.0-1008-aws (ip-172-31-20-134) 	08/07/26 	_x86_64_	(2 CPU)

16:09:13    kbmemfree   kbavail kbmemused  %memused kbbuffers  kbcached  kbcommit   %commit  kbactive   kbinact   kbdirty
16:09:14       155784   1269220    389192     19.95     11548   1207572   1627388     83.42    828104    667404       480
16:09:15       155784   1269220    389192     19.95     11548   1207572   1627388     83.42    828104    667404       480
16:09:16       155784   1269220    389188     19.95     11548   1207576   1627388     83.42    828104    667404       488
16:09:17       155784   1269220    389188     19.95     11548   1207576   1627388     83.42    828104    667404       488
16:09:18       155784   1269224    389188     19.95     11548   1207576   1627388     83.42    828968    667408       488
16:09:19       155784   1269224    389188     19.95     11548   1207576   1627388     83.42    828968    667408       488
16:09:20       155784   1269224    389188     19.95     11548   1207576   1627388     83.42    828968    667408       488
16:09:21       155280   1268900    389440     19.96     11548   1207820   1642164     84.18    833836    667584       732
16:09:22       155280   1269260    389148     19.95     11548   1208108   1642308     84.19    834596    667940      1020
16:09:23       154776   1268956    389372     19.96     11548   1208380   1650764     84.62    835516    668136      1292
16:09:24       154272   1268716    389596     19.97     11548   1208656   1650872     84.63    835748    668400      1568
16:09:25       154020   1268732    389564     19.97     11548   1208928   1650944     84.63    835860    668660      1840
16:09:26       153768   1268768    389528     19.97     11548   1209208   1650948     84.63    835948    668944      2120
16:09:27       153516   1268844    389500     19.97     11548   1209484   1650948     84.63    835992    669272      2396
16:09:28       153264   1268812    389456     19.96     11548   1209772   1650984     84.63    835952    669488      2684
16:09:29       153264   1269148    389180     19.95     11548   1210040   1651112     84.64    835992    669820      2952
16:09:30       152760   1268920    389408     19.96     11548   1210312   1651136     84.64    836092    670092      3224
16:09:31       152508   1268872    389368     19.96     11548   1210596   1651136     84.64    836140    670292      3508
16:09:32       151752   1268516    389824     19.98     11572   1210868   1651192     84.64    836616    670692      3812
16:09:33       151248   1268312    390048     19.99     11572   1211140   1651192     84.64    837084    670988      3944
16:09:34       150744   1268088    390272     20.01     11572   1211416   1651192     84.64    837100    671264      4220
16:09:35       150744   1268372    389984     19.99     11572   1211692   1651192     84.64    837296    671544      4496
16:09:36       150744   1268648    389700     19.98     11572   1211968   1651196     84.64    837108    671816      4556
16:09:37       150744   1268860    389420     19.96     11572   1212244   1651244     84.65    837148    672024      4832
16:09:38       150492   1268860    389388     19.96     11572   1212520   1651244     84.65    837148    672272      5108
16:09:39       150240   1268964    389364     19.96     11572   1212792   1651244     84.65    837164    672628      5380
16:09:40       149736   1268688    389584     19.97     11572   1213068   1651244     84.65    837560    672852      5656
16:09:41       149484   1268780    389544     19.97     11572   1213352   1651244     84.65    837436    673192      5940
16:09:42       149232   1268764    389520     19.97     11572   1213624   1651268     84.65    837452    673424      6212
16:09:43       148480   1268356    389972     19.99     11572   1213912   1651268     84.65    837656    673764      6500
16:09:44       148480   1268592    389692     19.98     11572   1214184   1651268     84.65    837672    673996      6772
16:09:45       148228   1268572    389656     19.97     11572   1214460   1651280     84.65    837696    674220      7048
16:09:46       147976   1268688    389628     19.97     11572   1214736   1651292     84.65    837792    674588      7184
16:09:47       147472   1268428    389844     19.98     11572   1215016   1651372     84.65    837872    674828      7412
16:09:48       147220   1268480    389812     19.98     11572   1215296   1651372     84.65    838564    675128      7696
16:09:49       146968   1268456    389784     19.98     11572   1215568   1651396     84.65    839392    675352       256
16:09:50       146716   1268420    389760     19.98     11572   1215840   1651396     84.65    838604    675568       540
16:09:51       146464   1268516    389724     19.98     11572   1216120   1651408     84.65    838632    675912       820
16:09:52       146212   1268484    389692     19.98     11572   1216396   1651412     84.65    838664    676128      1096
16:09:53       146212   1268796    389432     19.96     11572   1216652   1651460     84.66    838728    676436      1352
16:09:54       145960   1268768    389404     19.96     11572   1216924   1651460     84.66    838756    676656      1624
16:09:55       145960   1269132    389116     19.95     11572   1217200   1651460     84.66    838768    677016      1900
16:09:56       145960   1269380    388832     19.93     11572   1217480   1651460     84.66    838772    677260      2180
16:09:57       145960   1269624    388552     19.92     11572   1217752   1651460     84.66    838780    677500      2452
16:09:58       144700   1268748    389524     19.97     11572   1218028   1651460     84.66    838692    677880      2728
16:09:59       144700   1269024    389240     19.95     11572   1218308   1651460     84.66    838864    678152      3008
16:10:00       144448   1269052    389208     19.95     11572   1218584   1651460     84.66    839064    678428      3284
16:10:01       144448   1269052    389188     19.95     11572   1218604   1651460     84.66    839064    678428      3304
16:10:02       144196   1269036    389212     19.95     11596   1218804   1651460     84.66    839080    678664      3592
16:10:03       141172   1266600    391648     20.08     11596   1219384   1655556     84.87    839800    679124      4296
16:10:04       140164   1265768    392380     20.11     11596   1219652   1655600     84.87    839980    679284      4564
16:10:05       140164   1266048    392100     20.10     11596   1219928   1655600     84.87    839996    679560      4840
16:10:06       140164   1266300    391812     20.08     11596   1220204   1655600     84.87    839996    679808      5116
16:10:07       140164   1266648    391528     20.07     11596   1220480   1655600     84.87    839772    680152      5392
16:10:08       140164   1266892    391256     20.06     11596   1220748   1655600     84.87    839780    680392      5660
16:10:09       140164   1267136    390968     20.04     11596   1221028   1655600     84.87    839788    680632      5940
16:10:10       140164   1267500    390692     20.03     11596   1221300   1655604     84.87    839796    680996      6212
16:10:11       140164   1267740    390408     20.01     11596   1221576   1655604     84.87    839808    681232      6488
16:10:12       139660   1267524    390636     20.02     11596   1221848   1655604     84.87    840020    681516      6760
16:10:13       138652   1266876    391348     20.06     11596   1222136   1655604     84.87    839908    681872      7048
16:10:14       138652   1267116    391060     20.05     11596   1222412   1655604     84.87    839920    682108      7324
16:10:15       138652   1267344    390756     20.03     11612   1222688   1655604     84.87    840012    682328      7372
16:10:16       138652   1267712    390464     20.02     11612   1222972   1655604     84.87    840020    682692      7656
16:10:17       138652   1267712    390440     20.01     11612   1222996   1655604     84.87    840020    682692      7680
16:10:18       138652   1267820    390396     20.01     11612   1223040   1655604     84.87    840532    682800      7724
16:10:19       138652   1267820    390396     20.01     11612   1223040   1655604     84.87    840532    682800      7340

Average:       147543   1268386    389880     19.99     11573   1214914   1649572     84.56    837135    674683      3925
