Linux 7.0.0-1008-aws (ip-172-31-20-134) 	08/07/26 	_x86_64_	(2 CPU)

16:09:13        IFACE   rxpck/s   txpck/s    rxkB/s    txkB/s   rxcmp/s   txcmp/s  rxmcst/s   %ifutil
16:09:14         ens5     49.00     38.00      4.25      4.68      0.00      0.00      0.00      0.00

16:09:14        IFACE   rxpck/s   txpck/s    rxkB/s    txkB/s   rxcmp/s   txcmp/s  rxmcst/s   %ifutil
16:09:15         ens5     46.00     40.00      4.13      4.37      0.00      0.00      0.00      0.00

16:09:15        IFACE   rxpck/s   txpck/s    rxkB/s    txkB/s   rxcmp/s   txcmp/s  rxmcst/s   %ifutil
16:09:16         ens5     42.00     34.00      3.64      3.70      0.00      0.00      0.00      0.00

16:09:16        IFACE   rxpck/s   txpck/s    rxkB/s    txkB/s   rxcmp/s   txcmp/s  rxmcst/s   %ifutil
16:09:17         ens5      0.00      0.00      0.00      0.00      0.00      0.00      0.00      0.00

16:09:17        IFACE   rxpck/s   txpck/s    rxkB/s    txkB/s   rxcmp/s   txcmp/s  rxmcst/s   %ifutil
16:09:18         ens5      0.00      0.00      0.00      0.00      0.00      0.00      0.00      0.00

16:09:18        IFACE   rxpck/s   txpck/s    rxkB/s    txkB/s   rxcmp/s   txcmp/s  rxmcst/s   %ifutil
16:09:19         ens5      1.00      1.00      0.05      0.06      0.00      0.00      0.00      0.00

16:09:19        IFACE   rxpck/s   txpck/s    rxkB/s    txkB/s   rxcmp/s   txcmp/s  rxmcst/s   %ifutil
16:09:20         ens5      0.00      0.00      0.00      0.00      0.00      0.00      0.00      0.00

16:09:20        IFACE   rxpck/s   txpck/s    rxkB/s    txkB/s   rxcmp/s   txcmp/s  rxmcst/s   %ifutil
16:09:21         ens5    176.00    160.00    139.79    124.37      0.00      0.00      0.00      0.00

16:09:21        IFACE   rxpck/s   txpck/s    rxkB/s    txkB/s   rxcmp/s   txcmp/s  rxmcst/s   %ifutil
16:09:22         ens5    164.00    145.00    131.29    121.58      0.00      0.00      0.00      0.00

16:09:22        IFACE   rxpck/s   txpck/s    rxkB/s    txkB/s   rxcmp/s   txcmp/s  rxmcst/s   %ifutil
16:09:23         ens5    167.00    148.00    131.79    121.87      0.00      0.00      0.00      0.00

16:09:23        IFACE   rxpck/s   txpck/s    rxkB/s    txkB/s   rxcmp/s   txcmp/s  rxmcst/s   %ifutil
16:09:24         ens5    163.00    144.00    130.94    121.19      0.00      0.00      0.00      0.00

16:09:24        IFACE   rxpck/s   txpck/s    rxkB/s    txkB/s   rxcmp/s   txcmp/s  rxmcst/s   %ifutil
16:09:25         ens5    165.00    145.00    132.55    122.54      0.00      0.00      0.00      0.00

16:09:25        IFACE   rxpck/s   txpck/s    rxkB/s    txkB/s   rxcmp/s   txcmp/s  rxmcst/s   %ifutil
16:09:26         ens5    164.00    149.00    133.27    124.20      0.00      0.00      0.00      0.00

16:09:26        IFACE   rxpck/s   txpck/s    rxkB/s    txkB/s   rxcmp/s   txcmp/s  rxmcst/s   %ifutil
16:09:27         ens5    166.00    145.00    132.01    121.63      0.00      0.00      0.00      0.00

16:09:27        IFACE   rxpck/s   txpck/s    rxkB/s    txkB/s   rxcmp/s   txcmp/s  rxmcst/s   %ifutil
16:09:28         ens5    163.00    140.00    128.78    117.83      0.00      0.00      0.00      0.00

16:09:28        IFACE   rxpck/s   txpck/s    rxkB/s    txkB/s   rxcmp/s   txcmp/s  rxmcst/s   %ifutil
16:09:29         ens5    167.00    149.00    134.34    124.77      0.00      0.00      0.00      0.00

16:09:29        IFACE   rxpck/s   txpck/s    rxkB/s    txkB/s   rxcmp/s   txcmp/s  rxmcst/s   %ifutil
16:09:30         ens5    168.00    148.00    134.42    123.74      0.00      0.00      0.00      0.00

16:09:30        IFACE   rxpck/s   txpck/s    rxkB/s    txkB/s   rxcmp/s   txcmp/s  rxmcst/s   %ifutil
16:09:31         ens5    157.00    141.00    127.29    118.73      0.00      0.00      0.00      0.00

16:09:31        IFACE   rxpck/s   txpck/s    rxkB/s    txkB/s   rxcmp/s   txcmp/s  rxmcst/s   %ifutil
16:09:32         ens5    166.00    149.00    131.46    122.00      0.00      0.00      0.00      0.00

16:09:32        IFACE   rxpck/s   txpck/s    rxkB/s    txkB/s   rxcmp/s   txcmp/s  rxmcst/s   %ifutil
16:09:33         ens5    170.00    145.00    135.12    122.55      0.00      0.00      0.00      0.00

16:09:33        IFACE   rxpck/s   txpck/s    rxkB/s    txkB/s   rxcmp/s   txcmp/s  rxmcst/s   %ifutil
16:09:34         ens5    164.00    146.00    131.35    122.05      0.00      0.00      0.00      0.00

16:09:34        IFACE   rxpck/s   txpck/s    rxkB/s    txkB/s   rxcmp/s   txcmp/s  rxmcst/s   %ifutil
16:09:35         ens5    162.00    143.00    130.72    120.91      0.00      0.00      0.00      0.00

16:09:35        IFACE   rxpck/s   txpck/s    rxkB/s    txkB/s   rxcmp/s   txcmp/s  rxmcst/s   %ifutil
16:09:36         ens5    163.00    144.00    130.75    121.04      0.00      0.00      0.00      0.00

16:09:36        IFACE   rxpck/s   txpck/s    rxkB/s    txkB/s   rxcmp/s   txcmp/s  rxmcst/s   %ifutil
16:09:37         ens5    163.00    145.00    130.71    121.11      0.00      0.00      0.00      0.00

16:09:37        IFACE   rxpck/s   txpck/s    rxkB/s    txkB/s   rxcmp/s   txcmp/s  rxmcst/s   %ifutil
16:09:38         ens5    163.00    145.00    131.91    122.35      0.00      0.00      0.00      0.00

16:09:38        IFACE   rxpck/s   txpck/s    rxkB/s    txkB/s   rxcmp/s   txcmp/s  rxmcst/s   %ifutil
16:09:39         ens5    163.00    144.00    131.86    121.02      0.00      0.00      0.00      0.00

16:09:39        IFACE   rxpck/s   txpck/s    rxkB/s    txkB/s   rxcmp/s   txcmp/s  rxmcst/s   %ifutil
16:09:40         ens5    163.00    148.00    132.12    124.16      0.00      0.00      0.00      0.00

16:09:40        IFACE   rxpck/s   txpck/s    rxkB/s    txkB/s   rxcmp/s   txcmp/s  rxmcst/s   %ifutil
16:09:41         ens5    168.00    148.00    134.43    123.69      0.00      0.00      0.00      0.00

16:09:41        IFACE   rxpck/s   txpck/s    rxkB/s    txkB/s   rxcmp/s   txcmp/s  rxmcst/s   %ifutil
16:09:42         ens5    162.00    144.00    130.71    121.07      0.00      0.00      0.00      0.00

16:09:42        IFACE   rxpck/s   txpck/s    rxkB/s    txkB/s   rxcmp/s   txcmp/s  rxmcst/s   %ifutil
16:09:43         ens5    163.00    146.00    131.04    121.50      0.00      0.00      0.00      0.00

16:09:43        IFACE   rxpck/s   txpck/s    rxkB/s    txkB/s   rxcmp/s   txcmp/s  rxmcst/s   %ifutil
16:09:44         ens5    161.00    145.00    130.62    121.09      0.00      0.00      0.00      0.00

16:09:44        IFACE   rxpck/s   txpck/s    rxkB/s    txkB/s   rxcmp/s   txcmp/s  rxmcst/s   %ifutil
16:09:45         ens5    164.00    145.00    131.93    122.33      0.00      0.00      0.00      0.00

16:09:45        IFACE   rxpck/s   txpck/s    rxkB/s    txkB/s   rxcmp/s   txcmp/s  rxmcst/s   %ifutil
16:09:46         ens5    164.00    148.00    133.22    124.13      0.00      0.00      0.00      0.00

16:09:46        IFACE   rxpck/s   txpck/s    rxkB/s    txkB/s   rxcmp/s   txcmp/s  rxmcst/s   %ifutil
16:09:47         ens5    163.00    145.00    131.02    121.40      0.00      0.00      0.00      0.00

16:09:47        IFACE   rxpck/s   txpck/s    rxkB/s    txkB/s   rxcmp/s   txcmp/s  rxmcst/s   %ifutil
16:09:48         ens5    169.00    148.00    134.49    123.74      0.00      0.00      0.00      0.00

16:09:48        IFACE   rxpck/s   txpck/s    rxkB/s    txkB/s   rxcmp/s   txcmp/s  rxmcst/s   %ifutil
16:09:49         ens5    163.00    148.00    131.30    121.94      0.00      0.00      0.00      0.00

16:09:49        IFACE   rxpck/s   txpck/s    rxkB/s    txkB/s   rxcmp/s   txcmp/s  rxmcst/s   %ifutil
16:09:50         ens5    164.00    142.00    131.95    121.89      0.00      0.00      0.00      0.00

16:09:50        IFACE   rxpck/s   txpck/s    rxkB/s    txkB/s   rxcmp/s   txcmp/s  rxmcst/s   %ifutil
16:09:51         ens5    166.00    148.00    132.06    122.56      0.00      0.00      0.00      0.00

16:09:51        IFACE   rxpck/s   txpck/s    rxkB/s    txkB/s   rxcmp/s   txcmp/s  rxmcst/s   %ifutil
16:09:52         ens5    155.00    137.00    123.52    114.01      0.00      0.00      0.00      0.00

16:09:52        IFACE   rxpck/s   txpck/s    rxkB/s    txkB/s   rxcmp/s   txcmp/s  rxmcst/s   %ifutil
16:09:53         ens5    159.41    140.59    127.34    117.89      0.00      0.00      0.00      0.00

16:09:53        IFACE   rxpck/s   txpck/s    rxkB/s    txkB/s   rxcmp/s   txcmp/s  rxmcst/s   %ifutil
16:09:54         ens5    164.00    146.00    131.10    121.50      0.00      0.00      0.00      0.00

16:09:54        IFACE   rxpck/s   txpck/s    rxkB/s    txkB/s   rxcmp/s   txcmp/s  rxmcst/s   %ifutil
16:09:55         ens5    170.00    147.00    135.13    122.82      0.00      0.00      0.00      0.00

16:09:55        IFACE   rxpck/s   txpck/s    rxkB/s    txkB/s   rxcmp/s   txcmp/s  rxmcst/s   %ifutil
16:09:56         ens5    163.00    144.00    131.06    121.84      0.00      0.00      0.00      0.00

16:09:56        IFACE   rxpck/s   txpck/s    rxkB/s    txkB/s   rxcmp/s   txcmp/s  rxmcst/s   %ifutil
16:09:57         ens5    165.00    145.00    131.46    121.66      0.00      0.00      0.00      0.00

16:09:57        IFACE   rxpck/s   txpck/s    rxkB/s    txkB/s   rxcmp/s   txcmp/s  rxmcst/s   %ifutil
16:09:58         ens5    163.00    146.00    130.98    121.48      0.00      0.00      0.00      0.00

16:09:58        IFACE   rxpck/s   txpck/s    rxkB/s    txkB/s   rxcmp/s   txcmp/s  rxmcst/s   %ifutil
16:09:59         ens5    163.00    145.00    131.89    122.26      0.00      0.00      0.00      0.00

16:09:59        IFACE   rxpck/s   txpck/s    rxkB/s    txkB/s   rxcmp/s   txcmp/s  rxmcst/s   %ifutil
16:10:00         ens5    152.00    135.00    122.25    113.02      0.00      0.00      0.00      0.00

16:10:00        IFACE   rxpck/s   txpck/s    rxkB/s    txkB/s   rxcmp/s   txcmp/s  rxmcst/s   %ifutil
16:10:01         ens5    121.00    112.00     96.86     91.99      0.00      0.00      0.00      0.00

16:10:01        IFACE   rxpck/s   txpck/s    rxkB/s    txkB/s   rxcmp/s   txcmp/s  rxmcst/s   %ifutil
16:10:02         ens5    125.00    108.00     99.28     89.79      0.00      0.00      0.00      0.00

16:10:02        IFACE   rxpck/s   txpck/s    rxkB/s    txkB/s   rxcmp/s   txcmp/s  rxmcst/s   %ifutil
16:10:03         ens5    161.00    143.00    130.66    120.93      0.00      0.00      0.00      0.00

16:10:03        IFACE   rxpck/s   txpck/s    rxkB/s    txkB/s   rxcmp/s   txcmp/s  rxmcst/s   %ifutil
16:10:04         ens5    165.00    147.00    131.14    121.55      0.00      0.00      0.00      0.00

16:10:04        IFACE   rxpck/s   txpck/s    rxkB/s    txkB/s   rxcmp/s   txcmp/s  rxmcst/s   %ifutil
16:10:05         ens5    164.00    148.00    131.39    121.95      0.00      0.00      0.00      0.00

16:10:05        IFACE   rxpck/s   txpck/s    rxkB/s    txkB/s   rxcmp/s   txcmp/s  rxmcst/s   %ifutil
16:10:06         ens5    162.00    144.00    130.90    120.46      0.00      0.00      0.00      0.00

16:10:06        IFACE   rxpck/s   txpck/s    rxkB/s    txkB/s   rxcmp/s   txcmp/s  rxmcst/s   %ifutil
16:10:07         ens5    163.00    145.00    131.05    122.22      0.00      0.00      0.00      0.00

16:10:07        IFACE   rxpck/s   txpck/s    rxkB/s    txkB/s   rxcmp/s   txcmp/s  rxmcst/s   %ifutil
16:10:08         ens5    163.00    146.00    131.07    121.53      0.00      0.00      0.00      0.00

16:10:08        IFACE   rxpck/s   txpck/s    rxkB/s    txkB/s   rxcmp/s   txcmp/s  rxmcst/s   %ifutil
16:10:09         ens5    163.00    145.00    131.04    121.44      0.00      0.00      0.00      0.00

16:10:09        IFACE   rxpck/s   txpck/s    rxkB/s    txkB/s   rxcmp/s   txcmp/s  rxmcst/s   %ifutil
16:10:10         ens5    163.00    144.00    130.78    120.99      0.00      0.00      0.00      0.00

16:10:10        IFACE   rxpck/s   txpck/s    rxkB/s    txkB/s   rxcmp/s   txcmp/s  rxmcst/s   %ifutil
16:10:11         ens5    162.00    145.00    130.65    121.11      0.00      0.00      0.00      0.00

16:10:11        IFACE   rxpck/s   txpck/s    rxkB/s    txkB/s   rxcmp/s   txcmp/s  rxmcst/s   %ifutil
16:10:12         ens5    161.00    144.00    130.66    121.05      0.00      0.00      0.00      0.00

16:10:12        IFACE   rxpck/s   txpck/s    rxkB/s    txkB/s   rxcmp/s   txcmp/s  rxmcst/s   %ifutil
16:10:13         ens5    165.00    147.00    131.96    122.44      0.00      0.00      0.00      0.00

16:10:13        IFACE   rxpck/s   txpck/s    rxkB/s    txkB/s   rxcmp/s   txcmp/s  rxmcst/s   %ifutil
16:10:14         ens5    165.00    151.00    133.59    124.68      0.00      0.00      0.00      0.00

16:10:14        IFACE   rxpck/s   txpck/s    rxkB/s    txkB/s   rxcmp/s   txcmp/s  rxmcst/s   %ifutil
16:10:15         ens5    162.00    144.00    130.68    121.04      0.00      0.00      0.00      0.00

16:10:15        IFACE   rxpck/s   txpck/s    rxkB/s    txkB/s   rxcmp/s   txcmp/s  rxmcst/s   %ifutil
16:10:16         ens5    163.00    144.00    131.00    121.24      0.00      0.00      0.00      0.00

16:10:16        IFACE   rxpck/s   txpck/s    rxkB/s    txkB/s   rxcmp/s   txcmp/s  rxmcst/s   %ifutil
16:10:17         ens5     33.00     27.00     25.25     22.50      0.00      0.00      0.00      0.00

16:10:17        IFACE   rxpck/s   txpck/s    rxkB/s    txkB/s   rxcmp/s   txcmp/s  rxmcst/s   %ifutil
16:10:18         ens5      0.00      0.00      0.00      0.00      0.00      0.00      0.00      0.00

16:10:18        IFACE   rxpck/s   txpck/s    rxkB/s    txkB/s   rxcmp/s   txcmp/s  rxmcst/s   %ifutil
16:10:19         ens5      0.00      0.00      0.00      0.00      0.00      0.00      0.00      0.00


Average:        IFACE   rxpck/s   txpck/s    rxkB/s    txkB/s   rxcmp/s   txcmp/s  rxmcst/s   %ifutil
Average:         ens5    140.27    124.44    111.06    102.75      0.00      0.00      0.00      0.00
